INFO: --anc-grad: per-subtree descendant→ancestor gradient flow enabled (Wk/Wv get full gradient instead of own-edge-only)
AGPT CUDA Training Engine
  Model: d=64 heads=4 layers=2 ff=256 vocab=65 seq=128 head_dim=16
  Loaded 108481 weight floats (423.8 KB)
  No optimizer state in checkpoint; starting cold
Loading radix trie from /tmp/gutenberg_5m_baseline_d16_radix...
  Radix trie: 7073694 nodes, 34623339 total edge chars, 17 endpoint depths
  Radix loaded: 11884367 counts entries, 63118178 ancestor char entries
  d_split: 4570307/7073694 nodes have a mass=1 ancestor (mean depth 10.48)
  lr-schedule: warmup-cosine (peak=0.003, warmup_epochs=1)
  optimizer: rmsprop (lr=0.003)
  curriculum: flat (d=max each epoch)
  max edge_len: 15, max ancestor chars: 15, max KV per node: 30, max endpoint depth: 16
  mass=1 compaction: 29783005 / 34623339 chars are mass=1 (86.0%); cache holds 4840334 positions
  loop points: 160826 (mass>1 leaves; 6.4% of 2503386 mass>1 nodes)
  KV cache: 2478.3 MB unified memory (bf16 compact)
  GPU memory: 3105.0 MB used, 5081.8 MB free, 8186.8 MB total
  65 root-child subtrees: sizes min=3 max=1116592 avg=108826.0 (total=7073693 radix nodes)
  anc-grad: max_n_subtree_compact_chars=785090, 2 layers x 3 buffers x 200.98 MB + 19.36 MB lookup = 1237.82 MB total
Epoch 1: loss=2.957898  (22.44 sec, 65 subtrees, 730 chunks, 34623339 nodes)
  residual top-10 (subtree_mass × max(avg_loss − 2.958, 0)):
    rc   rootID   mass      avg_loss     score 
    1    138709   8244278   4.2382       10554813.0
    0    1        824077    4.9753       1662460.5
    6    1317879  754528    3.7899       627739.9
    5    1263676  342947    3.8154       294079.5
    8    1439897  392288    3.1715       83802.3
    2    1255301  46307     4.0432       50257.0
    7    1422321  79638     3.3669       32575.2
    13   1520469  67330     3.2820       21821.4
    16   1544473  24477     3.8132       20935.5
    15   1539367  34390     3.4924       18379.9
    top-10: 23.7% of mass, 99.5% of excess-loss
Epoch 2: loss=2.452154  (22.26 sec, 65 subtrees, 730 chunks, 34623339 nodes)
  residual top-10 (subtree_mass × max(avg_loss − 2.452, 0)):
    rc   rootID   mass      avg_loss     score 
    1    138709   8244278   2.5730       995931.8
    6    1317879  754528    3.3527       679452.8
    5    1263676  342947    3.8967       495414.5
    8    1439897  392288    2.9108       179913.2
    39   1660971  2741100   2.4943       115582.2
    0    1        824077    2.5641       92228.4
    7    1422321  79638     3.3701       73103.7
    13   1520469  67330     2.6879       15875.8
    11   1500886  77582     2.6431       14816.7
    12   1513476  42580     2.7220       11491.6
    top-10: 29.8% of mass, 97.0% of excess-loss
Epoch 3: loss=2.309280  (22.23 sec, 65 subtrees, 730 chunks, 34623339 nodes)
  residual top-10 (subtree_mass × max(avg_loss − 2.309, 0)):
    rc   rootID   mass      avg_loss     score 
    6    1317879  754528    2.7739       350554.7
    5    1263676  342947    3.2957       338289.4
    39   1660971  2741100   2.3828       201622.8
    1    138709   8244278   2.3200       88013.5
    8    1439897  392288    2.4976       73860.6
    7    1422321  79638     2.6269       25292.4
    40   2098840  473230    2.3383       13712.6
    41   2178351  766679    2.3234       10852.3
    13   1520469  67330     2.4631       10359.7
    11   1500886  77582     2.4119       7961.7
    top-10: 30.6% of mass, 94.2% of excess-loss
Epoch 4: loss=2.212263  (22.23 sec, 65 subtrees, 730 chunks, 34623339 nodes)
  residual top-10 (subtree_mass × max(avg_loss − 2.212, 0)):
    rc   rootID   mass      avg_loss     score 
    5    1263676  342947    2.8894       232205.5
    6    1317879  754528    2.5151       228499.7
    39   1660971  2741100   2.2806       187203.9
    1    138709   8244278   2.2220       80462.9
    8    1439897  392288    2.3724       62803.6
    7    1422321  79638     2.4184       16419.0
    13   1520469  67330     2.3529       9467.0
    11   1500886  77582     2.2881       5886.3
    15   1539367  34390     2.3788       5727.2
    12   1513476  42580     2.3456       5678.8
    top-10: 28.0% of mass, 93.8% of excess-loss
Epoch 5: loss=2.142436  (22.24 sec, 65 subtrees, 730 chunks, 34623339 nodes)
  residual top-10 (subtree_mass × max(avg_loss − 2.142, 0)):
    rc   rootID   mass      avg_loss     score 
    5    1263676  342947    2.7586       211315.2
    6    1317879  754528    2.3897       186588.0
    39   1660971  2741100   2.2049       171321.3
    1    138709   8244278   2.1624       164388.2
    8    1439897  392288    2.2663       48591.3
    7    1422321  79638     2.3029       12775.1
    13   1520469  67330     2.2546       7554.0
    40   2098840  473230    2.1552       6035.9
    2    1255301  46307     2.2674       5786.2
    11   1500886  77582     2.2079       5079.1
    top-10: 29.0% of mass, 94.8% of excess-loss
Epoch 6: loss=2.090118  (22.24 sec, 65 subtrees, 730 chunks, 34623339 nodes)
  residual top-10 (subtree_mass × max(avg_loss − 2.090, 0)):
    rc   rootID   mass      avg_loss     score 
    5    1263676  342947    2.5904       171567.4
    6    1317879  754528    2.3175       171544.1
    39   1660971  2741100   2.1328       117116.3
    1    138709   8244278   2.1028       104208.4
    8    1439897  392288    2.2128       48135.9
    7    1422321  79638     2.2507       12787.5
    13   1520469  67330     2.1923       6880.4
    2    1255301  46307     2.2087       5490.3
    32   1636047  78207     2.1513       4784.0
    15   1539367  34390     2.2141       4263.6
    top-10: 28.0% of mass, 95.2% of excess-loss
Epoch 7: loss=2.049058  (22.24 sec, 65 subtrees, 730 chunks, 34623339 nodes)
  residual top-10 (subtree_mass × max(avg_loss − 2.049, 0)):
    rc   rootID   mass      avg_loss     score 
    1    138709   8244278   2.0659       138878.7
    6    1317879  754528    2.1867       103878.5
    5    1263676  342947    2.3236       94149.8
    39   1660971  2741100   2.0815       88996.4
    8    1439897  392288    2.1360       34111.5
    7    1422321  79638     2.1706       9682.9
    13   1520469  67330     2.1311       5523.7
    44   3229301  724285    2.0562       5165.6
    2    1255301  46307     2.1603       5151.3
    32   1636047  78207     2.1053       4400.0
    top-10: 29.6% of mass, 94.5% of excess-loss
Epoch 8: loss=2.026044  (22.23 sec, 65 subtrees, 730 chunks, 34623339 nodes)
  residual top-10 (subtree_mass × max(avg_loss − 2.026, 0)):
    rc   rootID   mass      avg_loss     score 
    6    1317879  754528    2.1218       72218.8
    5    1263676  342947    2.2148       64733.1
    39   1660971  2741100   2.0461       55009.7
    1    138709   8244278   2.0322       51098.6
    8    1439897  392288    2.0852       23225.3
    47   3809957  2279927   2.0321       13835.1
    44   3229301  724285    2.0386       9082.1
    7    1422321  79638     2.1227       7694.4
    2    1255301  46307     2.1261       4631.6
    13   1520469  67330     2.0938       4559.7
    top-10: 34.4% of mass, 92.5% of excess-loss
Epoch 9: loss=2.013341  (22.22 sec, 65 subtrees, 730 chunks, 34623339 nodes)
  residual top-10 (subtree_mass × max(avg_loss − 2.013, 0)):
    rc   rootID   mass      avg_loss     score 
    1    138709   8244278   2.0193       49013.7
    6    1317879  754528    2.0611       36048.8
    39   1660971  2741100   2.0244       30320.6
    5    1263676  342947    2.0811       23242.9
    47   3809957  2279927   2.0226       21104.0
    8    1439897  392288    2.0456       12644.2
    44   3229301  724285    2.0274       10195.9
    7    1422321  79638     2.0772       5082.2
    52   4575546  2450327   2.0152       4673.4
    2    1255301  46307     2.1082       4391.2
    top-10: 39.6% of mass, 87.7% of excess-loss
Epoch 10: loss=2.009696  (22.21 sec, 65 subtrees, 730 chunks, 34623339 nodes)
  residual top-10 (subtree_mass × max(avg_loss − 2.010, 0)):
    rc   rootID   mass      avg_loss     score 
    1    138709   8244278   2.0148       42276.2
    47   3809957  2279927   2.0201       23761.8
    6    1317879  754528    2.0409       23580.7
    39   1660971  2741100   2.0154       15662.9
    5    1263676  342947    2.0518       14428.1
    52   4575546  2450327   2.0142       11158.3
    44   3229301  724285    2.0231       9672.8
    8    1439897  392288    2.0330       9149.5
    61   6828350  809921    2.0164       5451.4
    58   6141841  3228512   2.0114       5345.9
    top-10: 48.2% of mass, 83.1% of excess-loss
Saved to rnd/per-fire-norm/gutenberg/seed1_on/run.model
Done.
  Appended optimizer state to rnd/per-fire-norm/gutenberg/seed1_on/run.model (adam_t=650)
