AGPT CUDA Training Engine
  Model: d=64 heads=4 layers=2 ff=256 vocab=65 seq=32 head_dim=16
  Loaded 108481 weight floats (423.8 KB)
  No optimizer state in checkpoint; starting cold
Loading radix trie from /tmp/shake_baseline_d16_radix...
  Radix trie: 1607928 nodes, 9313896 total edge chars, 17 endpoint depths
  Radix loaded: 2697118 counts entries, 12276596 ancestor char entries
  d_split: 1062377/1607928 nodes have a mass=1 ancestor (mean depth 9.21)
  lr-schedule: warmup-cosine (peak=0.003, warmup_epochs=1)
  optimizer: rmsprop (lr=0.003)
  entropy lambda: 1.000 (branching-endpoint icing enabled)
  curriculum: flat (d=max each epoch)
  max edge_len: 16, max ancestor chars: 15, max KV per node: 31, max endpoint depth: 16
  mass=1 compaction: 8275783 / 9313896 chars are mass=1 (88.9%); cache holds 1038113 positions
  loop points: 18684 (mass>1 leaves; 3.4% of 545550 mass>1 nodes)
  KV cache: 531.5 MB unified memory (bf16 compact)
  GPU memory: 2851.3 MB used, 5335.5 MB free, 8186.8 MB total
  65 root-child subtrees: sizes min=1 max=246583 avg=24737.3 (total=1607927 radix nodes)
Epoch 1: loss=3.476270  (5.67 sec, 65 subtrees, 225 chunks, 9313896 nodes)
  residual top-10 (subtree_mass × max(avg_loss − 3.476, 0)):
    rc   rootID   mass      avg_loss     score 
    1    50944    1479765   4.6594       1750754.0
    0    1        297533    5.3903       569489.9
    40   574911   82726     6.3713       239496.6
    41   591555   114034    5.5397       235300.0
    42   614321   234101    3.9882       119843.3
    44   798168   118584    4.1752       82884.0
    6    309644   167551    3.7293       42394.1
    10   349444   84126     3.7876       26190.1
    5    300532   44208     4.0384       24849.8
    8    341198   57485     3.6586       10480.3
    top-10: 31.2% of mass, 99.1% of excess-loss
Epoch 2: loss=2.544874  (5.55 sec, 65 subtrees, 225 chunks, 9313896 nodes)
  residual top-10 (subtree_mass × max(avg_loss − 2.545, 0)):
    rc   rootID   mass      avg_loss     score 
    1    50944    1479765   2.6099       96237.3
    44   798168   118584    3.0022       54231.8
    6    309644   167551    2.8555       52047.3
    59   1500853  192300    2.7857       46313.9
    2    297527   13758     4.6879       29484.0
    58   1402652  543420    2.5949       27211.1
    5    300532   44208     3.0996       24521.3
    54   1241689  76537     2.8535       23618.0
    10   349444   84126     2.7496       17222.9
    8    341198   57485     2.8216       15908.9
    top-10: 32.3% of mass, 93.6% of excess-loss
Epoch 3: loss=2.390781  (5.55 sec, 65 subtrees, 225 chunks, 9313896 nodes)
  residual top-10 (subtree_mass × max(avg_loss − 2.391, 0)):
    rc   rootID   mass      avg_loss     score 
    59   1500853  192300    2.9225       102243.5
    58   1402652  543420    2.4642       39918.9
    1    50944    1479765   2.4106       29320.3
    54   1241689  76537     2.6144       17115.6
    6    309644   167551    2.4717       13557.6
    5    300532   44208     2.6251       10356.8
    2    297527   13758     3.0407       8941.7
    60   1539801  58095     2.5316       8179.5
    61   1551260  134045    2.4419       6854.3
    10   349444   84126     2.4684       6526.1
    top-10: 32.5% of mass, 92.3% of excess-loss
Epoch 4: loss=2.346809  (5.56 sec, 65 subtrees, 225 chunks, 9313896 nodes)
  residual top-10 (subtree_mass × max(avg_loss − 2.347, 0)):
    rc   rootID   mass      avg_loss     score 
    59   1500853  192300    3.4064       203757.3
    58   1402652  543420    2.4707       67337.8
    61   1551260  134045    2.5144       22465.2
    60   1539801  58095     2.7287       22188.4
    10   349444   84126     2.4873       11817.9
    54   1241689  76537     2.4803       10218.1
    5    300532   44208     2.5723       9969.5
    6    309644   167551    2.4046       9688.9
    2    297527   13758     2.9640       8491.4
    63   1577668  160299    2.3801       5343.7
    top-10: 17.1% of mass, 98.1% of excess-loss
Epoch 5: loss=2.294588  (5.55 sec, 65 subtrees, 225 chunks, 9313896 nodes)
  residual top-10 (subtree_mass × max(avg_loss − 2.295, 0)):
    rc   rootID   mass      avg_loss     score 
    1    50944    1479765   2.3415       69476.4
    44   798168   118584    2.6130       37760.1
    46   840714   415269    2.3550       25099.1
    0    1        297533    2.3563       18370.2
    59   1500853  192300    2.3747       15398.2
    6    309644   167551    2.3748       13445.2
    45   821318   94570     2.3952       9519.2
    5    300532   44208     2.4796       8177.4
    2    297527   13758     2.7460       6210.9
    10   349444   84126     2.3641       5848.5
    top-10: 33.8% of mass, 96.1% of excess-loss
Epoch 6: loss=2.241119  (5.56 sec, 65 subtrees, 225 chunks, 9313896 nodes)
  residual top-10 (subtree_mass × max(avg_loss − 2.241, 0)):
    rc   rootID   mass      avg_loss     score 
    59   1500853  192300    2.6077       70501.2
    58   1402652  543420    2.2989       31419.4
    6    309644   167551    2.3339       15552.6
    5    300532   44208     2.4687       10060.5
    44   798168   118584    2.3194       9278.4
    10   349444   84126     2.3487       9051.3
    54   1241689  76537     2.3557       8771.4
    2    297527   13758     2.8081       7800.0
    60   1539801  58095     2.3477       6190.1
    8    341198   57485     2.2967       3197.2
    top-10: 15.8% of mass, 93.4% of excess-loss
Epoch 7: loss=2.210123  (5.56 sec, 65 subtrees, 225 chunks, 9313896 nodes)
  residual top-10 (subtree_mass × max(avg_loss − 2.210, 0)):
    rc   rootID   mass      avg_loss     score 
    59   1500853  192300    2.4998       55701.5
    54   1241689  76537     2.4748       20257.7
    44   798168   118584    2.3230       13380.1
    6    309644   167551    2.2846       12475.3
    58   1402652  543420    2.2284       9932.0
    5    300532   44208     2.4060       8661.3
    49   982783   50950     2.3400       6616.2
    10   349444   84126     2.2797       5854.0
    2    297527   13758     2.5956       5302.9
    8    341198   57485     2.2642       3109.3
    top-10: 15.7% of mass, 96.1% of excess-loss
Epoch 8: loss=2.199970  (5.55 sec, 65 subtrees, 225 chunks, 9313896 nodes)
  residual top-10 (subtree_mass × max(avg_loss − 2.200, 0)):
    rc   rootID   mass      avg_loss     score 
    58   1402652  543420    2.3512       82179.7
    59   1500853  192300    2.5700       71166.2
    54   1241689  76537     2.8366       48725.1
    57   1329804  377747    2.2410       15494.8
    6    309644   167551    2.2760       12740.4
    56   1258453  358000    2.2328       11753.8
    5    300532   44208     2.4144       9478.8
    2    297527   13758     2.5656       5029.8
    44   798168   118584    2.2287       3407.1
    8    341198   57485     2.2420       2418.2
    top-10: 22.7% of mass, 98.5% of excess-loss
Epoch 9: loss=2.157152  (5.55 sec, 65 subtrees, 225 chunks, 9313896 nodes)
  residual top-10 (subtree_mass × max(avg_loss − 2.157, 0)):
    rc   rootID   mass      avg_loss     score 
    59   1500853  192300    2.8543       134058.1
    58   1402652  543420    2.2534       52298.2
    6    309644   167551    2.2264       11605.3
    60   1539801  58095     2.3142       9123.8
    61   1551260  134045    2.2215       8619.7
    5    300532   44208     2.3330       7775.5
    54   1241689  76537     2.2244       5144.5
    2    297527   13758     2.4804       4447.1
    44   798168   118584    2.1771       2368.9
    8    341198   57485     2.1895       1858.8
    top-10: 16.4% of mass, 98.4% of excess-loss
Epoch 10: loss=2.136429  (5.56 sec, 65 subtrees, 225 chunks, 9313896 nodes)
  residual top-10 (subtree_mass × max(avg_loss − 2.136, 0)):
    rc   rootID   mass      avg_loss     score 
    58   1402652  543420    2.3879       136645.1
    59   1500853  192300    2.8098       129484.5
    6    309644   167551    2.1902       9002.0
    5    300532   44208     2.2961       7058.7
    60   1539801  58095     2.2511       6663.2
    61   1551260  134045    2.1819       6095.9
    2    297527   13758     2.4076       3731.4
    10   349444   84126     2.1491       1064.6
    63   1577668  160299    2.1423       945.6 
    54   1241689  76537     2.1478       869.1 
    top-10: 17.1% of mass, 99.1% of excess-loss
Epoch 11: loss=2.105255  (5.55 sec, 65 subtrees, 225 chunks, 9313896 nodes)
  residual top-10 (subtree_mass × max(avg_loss − 2.105, 0)):
    rc   rootID   mass      avg_loss     score 
    59   1500853  192300    2.6532       105371.4
    58   1402652  543420    2.1582       28774.6
    1    50944    1479765   2.1179       18739.0
    61   1551260  134045    2.2027       13057.1
    6    309644   167551    2.1825       12942.4
    60   1539801  58095     2.3241       12714.5
    5    300532   44208     2.2648       7051.4
    0    1        297533    2.1257       6069.2
    54   1241689  76537     2.1756       5380.9
    2    297527   13758     2.3590       3490.7
    top-10: 35.0% of mass, 97.6% of excess-loss
Epoch 12: loss=2.095100  (5.56 sec, 65 subtrees, 225 chunks, 9313896 nodes)
  residual top-10 (subtree_mass × max(avg_loss − 2.095, 0)):
    rc   rootID   mass      avg_loss     score 
    59   1500853  192300    2.7100       118244.6
    6    309644   167551    2.2153       20131.5
    5    300532   44208     2.3344       10579.2
    58   1402652  543420    2.1138       10172.5
    60   1539801  58095     2.2621       9699.1
    61   1551260  134045    2.1548       8006.6
    10   349444   84126     2.1775       6935.9
    39   493671   419607    2.1095       6031.9
    2    297527   13758     2.4264       4558.4
    8    341198   57485     2.1663       4095.6
    top-10: 19.9% of mass, 94.1% of excess-loss
Epoch 13: loss=2.071007  (5.55 sec, 65 subtrees, 225 chunks, 9313896 nodes)
  residual top-10 (subtree_mass × max(avg_loss − 2.071, 0)):
    rc   rootID   mass      avg_loss     score 
    59   1500853  192300    2.4802       78691.2
    58   1402652  543420    2.2064       73595.2
    6    309644   167551    2.1520       13575.0
    5    300532   44208     2.2599       8351.8
    1    50944    1479765   2.0751       6001.8
    60   1539801  58095     2.1488       4517.6
    2    297527   13758     2.3742       4171.4
    0    1        297533    2.0834       3692.1
    54   1241689  76537     2.1192       3684.8
    44   798168   118584    2.0939       2720.2
    top-10: 34.8% of mass, 96.6% of excess-loss
Epoch 14: loss=2.070028  (5.55 sec, 65 subtrees, 225 chunks, 9313896 nodes)
  residual top-10 (subtree_mass × max(avg_loss − 2.070, 0)):
    rc   rootID   mass      avg_loss     score 
    59   1500853  192300    3.0252       183685.7
    58   1402652  543420    2.2571       101662.2
    60   1539801  58095     2.3429       15852.6
    61   1551260  134045    2.1583       11831.3
    6    309644   167551    2.1226       8805.1
    5    300532   44208     2.2256       6879.4
    54   1241689  76537     2.1446       5708.0
    2    297527   13758     2.3359       3657.6
    63   1577668  160299    2.0910       3355.9
    44   798168   118584    2.0836       1606.4
    top-10: 17.5% of mass, 99.8% of excess-loss
Epoch 15: loss=2.022440  (5.55 sec, 65 subtrees, 225 chunks, 9313896 nodes)
  residual top-10 (subtree_mass × max(avg_loss − 2.022, 0)):
    rc   rootID   mass      avg_loss     score 
    1    50944    1479765   2.0625       59255.3
    59   1500853  192300    2.2366       41188.7
    0    1        297533    2.0858       18839.0
    6    309644   167551    2.1209       16497.6
    39   493671   419607    2.0424       8379.5
    5    300532   44208     2.2107       8321.7
    10   349444   84126     2.0942       6040.9
    2    297527   13758     2.2599       3267.3
    60   1539801  58095     2.0653       2492.8
    8    341198   57485     2.0650       2444.7
    top-10: 32.7% of mass, 94.8% of excess-loss
Epoch 16: loss=2.033441  (5.55 sec, 65 subtrees, 225 chunks, 9313896 nodes)
  residual top-10 (subtree_mass × max(avg_loss − 2.033, 0)):
    rc   rootID   mass      avg_loss     score 
    59   1500853  192300    2.8858       163913.4
    58   1402652  543420    2.2470       116048.9
    60   1539801  58095     2.2976       15343.6
    61   1551260  134045    2.1423       14598.2
    54   1241689  76537     2.1919       12131.7
    6    309644   167551    2.0716       6397.6
    5    300532   44208     2.1728       6161.4
    2    297527   13758     2.2887       3512.1
    44   798168   118584    2.0598       3124.3
    63   1577668  160299    2.0529       3118.6
    top-10: 17.5% of mass, 99.9% of excess-loss
Epoch 17: loss=1.987842  (5.55 sec, 65 subtrees, 225 chunks, 9313896 nodes)
  residual top-10 (subtree_mass × max(avg_loss − 1.988, 0)):
    rc   rootID   mass      avg_loss     score 
    1    50944    1479765   2.0225       51296.2
    59   1500853  192300    2.2002       40829.9
    6    309644   167551    2.0902       17143.2
    0    1        297533    2.0389       15185.6
    5    300532   44208     2.1949       9153.2
    58   1402652  543420    2.0026       8046.6
    39   493671   419607    1.9997       4985.5
    60   1539801  58095     2.0652       4492.1
    44   798168   118584    2.0186       3646.0
    2    297527   13758     2.1752       2577.0
    top-10: 38.8% of mass, 96.2% of excess-loss
Epoch 18: loss=1.986731  (5.55 sec, 65 subtrees, 225 chunks, 9313896 nodes)
  residual top-10 (subtree_mass × max(avg_loss − 1.987, 0)):
    rc   rootID   mass      avg_loss     score 
    59   1500853  192300    2.8209       160406.6
    58   1402652  543420    2.0743       47612.9
    61   1551260  134045    2.0885       13635.3
    60   1539801  58095     2.1715       10734.2
    6    309644   167551    2.0444       9658.9
    5    300532   44208     2.1476       7112.1
    63   1577668  160299    2.0271       6464.3
    54   1241689  76537     2.0375       3884.0
    2    297527   13758     2.2052       3005.6
    44   798168   118584    1.9935       807.9 
    top-10: 17.5% of mass, 99.7% of excess-loss
Epoch 19: loss=1.962622  (5.55 sec, 65 subtrees, 225 chunks, 9313896 nodes)
  residual top-10 (subtree_mass × max(avg_loss − 1.963, 0)):
    rc   rootID   mass      avg_loss     score 
    59   1500853  192300    2.3137       67519.2
    1    50944    1479765   1.9976       51726.3
    6    309644   167551    2.0596       16255.3
    0    1        297533    2.0151       15615.3
    58   1402652  543420    1.9813       10156.5
    5    300532   44208     2.1470       8153.1
    60   1539801  58095     2.0347       4187.8
    2    297527   13758     2.1792       2980.0
    39   493671   419607    1.9695       2866.0
    54   1241689  76537     1.9835       1600.5
    top-10: 38.3% of mass, 97.6% of excess-loss
Epoch 20: loss=1.940508  (5.55 sec, 65 subtrees, 225 chunks, 9313896 nodes)
  residual top-10 (subtree_mass × max(avg_loss − 1.941, 0)):
    rc   rootID   mass      avg_loss     score 
    59   1500853  192300    2.3100       71062.1
    58   1402652  543420    1.9888       26257.7
    6    309644   167551    2.0176       12920.7
    60   1539801  58095     2.1135       10049.7
    61   1551260  134045    2.0044       8565.6
    5    300532   44208     2.0953       6842.3
    54   1241689  76537     2.0281       6702.3
    0    1        297533    1.9524       3526.2
    2    297527   13758     2.1629       3059.3
    1    50944    1479765   1.9419       2133.1
    top-10: 35.0% of mass, 98.2% of excess-loss
Epoch 21: loss=1.944927  (5.55 sec, 65 subtrees, 225 chunks, 9313896 nodes)
  residual top-10 (subtree_mass × max(avg_loss − 1.945, 0)):
    rc   rootID   mass      avg_loss     score 
    59   1500853  192300    2.6887       143018.5
    58   1402652  543420    1.9963       27919.4
    61   1551260  134045    2.1426       26501.4
    60   1539801  58095     2.2984       20532.9
    63   1577668  160299    2.0124       10821.5
    6    309644   167551    2.0029       9721.3
    5    300532   44208     2.0795       5950.4
    54   1241689  76537     1.9876       3264.0
    2    297527   13758     2.1437       2735.2
    7    338414   10559     1.9885       460.1 
    top-10: 16.3% of mass, 99.9% of excess-loss
Epoch 22: loss=1.925846  (5.55 sec, 65 subtrees, 225 chunks, 9313896 nodes)
  residual top-10 (subtree_mass × max(avg_loss − 1.926, 0)):
    rc   rootID   mass      avg_loss     score 
    59   1500853  192300    2.2352       59495.4
    1    50944    1479765   1.9607       51579.7
    0    1        297533    1.9892       18853.6
    6    309644   167551    2.0283       17165.2
    58   1402652  543420    1.9421       8822.2
    5    300532   44208     2.1193       8551.8
    60   1539801  58095     1.9810       3205.9
    2    297527   13758     2.0804       2126.2
    8    341198   57485     1.9562       1743.7
    39   493671   419607    1.9285       1128.1
    top-10: 38.1% of mass, 98.3% of excess-loss
Epoch 23: loss=1.902379  (5.55 sec, 65 subtrees, 225 chunks, 9313896 nodes)
  residual top-10 (subtree_mass × max(avg_loss − 1.902, 0)):
    rc   rootID   mass      avg_loss     score 
    59   1500853  192300    2.2109       59323.6
    58   1402652  543420    1.9306       15333.5
    6    309644   167551    1.9741       12010.5
    61   1551260  134045    1.9763       9902.2
    60   1539801  58095     2.0491       8522.9
    1    50944    1479765   1.9073       7297.2
    5    300532   44208     2.0387       6025.5
    0    1        297533    1.9143       3539.7
    39   493671   419607    1.9106       3436.8
    63   1577668  160299    1.9235       3389.0
    top-10: 40.7% of mass, 94.4% of excess-loss
Epoch 24: loss=1.896697  (5.55 sec, 65 subtrees, 225 chunks, 9313896 nodes)
  residual top-10 (subtree_mass × max(avg_loss − 1.897, 0)):
    rc   rootID   mass      avg_loss     score 
    59   1500853  192300    2.2268       63473.6
    1    50944    1479765   1.9153       27534.7
    6    309644   167551    1.9894       15525.9
    58   1402652  543420    1.9143       9584.4
    0    1        297533    1.9269       8976.7
    5    300532   44208     2.0619       7302.4
    44   798168   118584    1.9489       6186.2
    60   1539801  58095     1.9660       4027.6
    54   1241689  76537     1.9391       3247.2
    2    297527   13758     2.0953       2732.3
    top-10: 34.8% of mass, 96.5% of excess-loss
Epoch 25: loss=1.866409  (5.55 sec, 65 subtrees, 225 chunks, 9313896 nodes)
  residual top-10 (subtree_mass × max(avg_loss − 1.866, 0)):
    rc   rootID   mass      avg_loss     score 
    1    50944    1479765   1.8834       25147.2
    59   1500853  192300    1.9585       17716.4
    6    309644   167551    1.9502       14034.0
    0    1        297533    1.8937       8121.4
    39   493671   419607    1.8834       7122.6
    5    300532   44208     2.0106       6373.3
    58   1402652  543420    1.8728       3478.0
    44   798168   118584    1.8936       3219.2
    54   1241689  76537     1.9046       2922.7
    2    297527   13758     2.0500       2525.9
    top-10: 39.0% of mass, 93.8% of excess-loss
Epoch 26: loss=1.883397  (5.55 sec, 65 subtrees, 225 chunks, 9313896 nodes)
  residual top-10 (subtree_mass × max(avg_loss − 1.883, 0)):
    rc   rootID   mass      avg_loss     score 
    6    309644   167551    2.0977       35904.5
    59   1500853  192300    2.0586       33695.5
    5    300532   44208     2.2207       14913.3
    39   493671   419607    1.9176       14364.9
    10   349444   84126     1.9485       5476.6
    8    341198   57485     1.9705       5009.6
    60   1539801  58095     1.9684       4940.3
    13   372685   55068     1.9506       3698.3
    2    297527   13758     2.0734       2614.3
    44   798168   118584    1.9021       2221.2
    top-10: 14.1% of mass, 91.0% of excess-loss
Epoch 27: loss=1.854692  (5.55 sec, 65 subtrees, 225 chunks, 9313896 nodes)
  residual top-10 (subtree_mass × max(avg_loss − 1.855, 0)):
    rc   rootID   mass      avg_loss     score 
    59   1500853  192300    2.0109       30033.6
    1    50944    1479765   1.8648       14901.1
    6    309644   167551    1.9399       14269.8
    58   1402652  543420    1.8723       9572.5
    5    300532   44208     2.0006       6448.8
    39   493671   419607    1.8683       5700.9
    0    1        297533    1.8731       5463.1
    60   1539801  58095     1.9477       5402.6
    44   798168   118584    1.8788       2862.2
    61   1551260  134045    1.8739       2574.5
    top-10: 40.2% of mass, 93.7% of excess-loss
Epoch 28: loss=1.843777  (5.55 sec, 65 subtrees, 225 chunks, 9313896 nodes)
  residual top-10 (subtree_mass × max(avg_loss − 1.844, 0)):
    rc   rootID   mass      avg_loss     score 
    59   1500853  192300    1.9804       26264.8
    1    50944    1479765   1.8567       19092.0
    6    309644   167551    1.9282       14138.3
    0    1        297533    1.8660       6608.4
    39   493671   419607    1.8590       6370.6
    5    300532   44208     1.9826       6135.7
    58   1402652  543420    1.8541       5582.6
    44   798168   118584    1.8746       3658.2
    60   1539801  58095     1.9034       3466.3
    2    297527   13758     1.9911       2027.2
    top-10: 38.8% of mass, 93.4% of excess-loss
Epoch 29: loss=1.829786  (5.55 sec, 65 subtrees, 225 chunks, 9313896 nodes)
  residual top-10 (subtree_mass × max(avg_loss − 1.830, 0)):
    rc   rootID   mass      avg_loss     score 
    59   1500853  192300    1.9286       18998.8
    1    50944    1479765   1.8415       17373.1
    6    309644   167551    1.9085       13182.0
    39   493671   419607    1.8481       7682.0
    0    1        297533    1.8479       5376.8
    5    300532   44208     1.9503       5326.9
    58   1402652  543420    1.8371       3972.0
    46   840714   415269    1.8362       2679.3
    44   798168   118584    1.8504       2444.5
    2    297527   13758     2.0002       2344.1
    top-10: 42.9% of mass, 92.1% of excess-loss
Epoch 30: loss=1.821815  (5.56 sec, 65 subtrees, 225 chunks, 9313896 nodes)
  residual top-10 (subtree_mass × max(avg_loss − 1.822, 0)):
    rc   rootID   mass      avg_loss     score 
    59   1500853  192300    1.9709       28675.7
    1    50944    1479765   1.8309       13436.7
    6    309644   167551    1.8994       13002.9
    58   1402652  543420    1.8388       9205.8
    39   493671   419607    1.8361       5982.7
    5    300532   44208     1.9474       5554.0
    0    1        297533    1.8372       4573.5
    46   840714   415269    1.8277       2427.3
    44   798168   118584    1.8418       2365.1
    2    297527   13758     1.9804       2181.9
    top-10: 42.9% of mass, 95.2% of excess-loss
Epoch 31: loss=1.809442  (5.55 sec, 65 subtrees, 225 chunks, 9313896 nodes)
  residual top-10 (subtree_mass × max(avg_loss − 1.809, 0)):
    rc   rootID   mass      avg_loss     score 
    1    50944    1479765   1.8227       19662.9
    6    309644   167551    1.8903       13541.1
    39   493671   419607    1.8284       7961.0
    59   1500853  192300    1.8428       6406.2
    0    1        297533    1.8286       5688.4
    5    300532   44208     1.9275       5217.8
    46   840714   415269    1.8217       5102.5
    44   798168   118584    1.8421       3870.6
    58   1402652  543420    1.8134       2138.0
    40   574911   82726     1.8346       2078.4
    top-10: 43.7% of mass, 93.9% of excess-loss
Epoch 32: loss=1.807758  (5.55 sec, 65 subtrees, 225 chunks, 9313896 nodes)
  residual top-10 (subtree_mass × max(avg_loss − 1.808, 0)):
    rc   rootID   mass      avg_loss     score 
    6    309644   167551    1.9281       20170.8
    1    50944    1479765   1.8172       14004.3
    59   1500853  192300    1.8581       9685.2
    5    300532   44208     2.0116       9010.4
    39   493671   419607    1.8275       8285.2
    0    1        297533    1.8223       4332.7
    58   1402652  543420    1.8142       3486.4
    46   840714   415269    1.8160       3414.7
    44   798168   118584    1.8281       2406.3
    40   574911   82726     1.8327       2060.6
    top-10: 43.7% of mass, 91.5% of excess-loss
Epoch 33: loss=1.797765  (5.55 sec, 65 subtrees, 225 chunks, 9313896 nodes)
  residual top-10 (subtree_mass × max(avg_loss − 1.798, 0)):
    rc   rootID   mass      avg_loss     score 
    1    50944    1479765   1.8101       18314.2
    59   1500853  192300    1.8635       12647.5
    6    309644   167551    1.8713       12327.6
    39   493671   419607    1.8150       7217.0
    0    1        297533    1.8166       5598.9
    58   1402652  543420    1.8071       5066.9
    5    300532   44208     1.9001       4523.3
    46   840714   415269    1.8081       4290.9
    44   798168   118584    1.8150       2046.6
    40   574911   82726     1.8202       1854.6
    top-10: 43.7% of mass, 95.8% of excess-loss
Epoch 34: loss=1.790273  (5.55 sec, 65 subtrees, 225 chunks, 9313896 nodes)
  residual top-10 (subtree_mass × max(avg_loss − 1.790, 0)):
    rc   rootID   mass      avg_loss     score 
    1    50944    1479765   1.8038       19966.6
    6    309644   167551    1.8611       11870.7
    59   1500853  192300    1.8280       7258.8
    39   493671   419607    1.8075       7228.5
    0    1        297533    1.8090       5575.5
    46   840714   415269    1.8030       5302.4
    58   1402652  543420    1.8000       5270.3
    5    300532   44208     1.8842       4152.6
    44   798168   118584    1.8066       1932.2
    40   574911   82726     1.8123       1824.2
    top-10: 43.7% of mass, 95.6% of excess-loss
Epoch 35: loss=1.785256  (5.55 sec, 65 subtrees, 225 chunks, 9313896 nodes)
  residual top-10 (subtree_mass × max(avg_loss − 1.785, 0)):
    rc   rootID   mass      avg_loss     score 
    1    50944    1479765   1.7978       18538.0
    6    309644   167551    1.8518       11147.5
    58   1402652  543420    1.8013       8709.5
    39   493671   419607    1.8017       6900.3
    59   1500853  192300    1.8130       5337.6
    46   840714   415269    1.7979       5260.0
    0    1        297533    1.8028       5233.3
    5    300532   44208     1.8716       3817.2
    44   798168   118584    1.8009       1856.6
    40   574911   82726     1.8068       1785.4
    top-10: 43.7% of mass, 96.1% of excess-loss
Epoch 36: loss=1.780644  (5.55 sec, 65 subtrees, 225 chunks, 9313896 nodes)
  residual top-10 (subtree_mass × max(avg_loss − 1.781, 0)):
    rc   rootID   mass      avg_loss     score 
    1    50944    1479765   1.7940       19789.2
    6    309644   167551    1.8671       14479.7
    39   493671   419607    1.7990       7711.0
    46   840714   415269    1.7949       5899.7
    0    1        297533    1.7987       5361.3
    5    300532   44208     1.8857       4645.0
    58   1402652  543420    1.7854       2609.7
    40   574911   82726     1.8039       1922.7
    44   798168   118584    1.7954       1745.4
    2    297527   13758     1.8477       922.8 
    top-10: 41.7% of mass, 94.1% of excess-loss
Epoch 37: loss=1.774850  (5.54 sec, 65 subtrees, 225 chunks, 9313896 nodes)
  residual top-10 (subtree_mass × max(avg_loss − 1.775, 0)):
    rc   rootID   mass      avg_loss     score 
    1    50944    1479765   1.7887       20530.5
    6    309644   167551    1.8457       11874.7
    39   493671   419607    1.7932       7687.4
    46   840714   415269    1.7904       6459.4
    0    1        297533    1.7935       5543.2
    5    300532   44208     1.8604       3782.9
    58   1402652  543420    1.7803       2951.9
    44   798168   118584    1.7896       1751.0
    40   574911   82726     1.7957       1722.4
    42   614321   234101    1.7795       1080.4
    top-10: 44.2% of mass, 95.4% of excess-loss
Epoch 38: loss=1.769952  (5.55 sec, 65 subtrees, 225 chunks, 9313896 nodes)
  residual top-10 (subtree_mass × max(avg_loss − 1.770, 0)):
    rc   rootID   mass      avg_loss     score 
    1    50944    1479765   1.7848       21910.0
    6    309644   167551    1.8298       10021.0
    46   840714   415269    1.7863       6768.6
    39   493671   419607    1.7858       6632.8
    0    1        297533    1.7895       5815.0
    58   1402652  543420    1.7760       3285.0
    5    300532   44208     1.8361       2924.2
    44   798168   118584    1.7859       1892.3
    40   574911   82726     1.7893       1602.5
    42   614321   234101    1.7743       1017.1
    top-10: 44.2% of mass, 95.9% of excess-loss
Epoch 39: loss=1.766335  (5.54 sec, 65 subtrees, 225 chunks, 9313896 nodes)
  residual top-10 (subtree_mass × max(avg_loss − 1.766, 0)):
    rc   rootID   mass      avg_loss     score 
    1    50944    1479765   1.7812       21954.0
    6    309644   167551    1.8232       9528.3
    46   840714   415269    1.7832       7023.8
    39   493671   419607    1.7813       6260.6
    0    1        297533    1.7860       5851.2
    58   1402652  543420    1.7723       3259.4
    5    300532   44208     1.8285       2747.0
    44   798168   118584    1.7812       1758.2
    40   574911   82726     1.7850       1542.3
    42   614321   234101    1.7709       1066.3
    top-10: 44.2% of mass, 95.3% of excess-loss
Epoch 40: loss=1.763332  (5.55 sec, 65 subtrees, 225 chunks, 9313896 nodes)
  residual top-10 (subtree_mass × max(avg_loss − 1.763, 0)):
    rc   rootID   mass      avg_loss     score 
    1    50944    1479765   1.7781       21901.5
    6    309644   167551    1.8163       8877.6
    46   840714   415269    1.7804       7076.4
    39   493671   419607    1.7771       5785.7
    0    1        297533    1.7828       5783.6
    58   1402652  543420    1.7698       3499.6
    5    300532   44208     1.8184       2435.5
    44   798168   118584    1.7774       1673.4
    40   574911   82726     1.7817       1518.6
    42   614321   234101    1.7682       1131.8
    top-10: 44.2% of mass, 95.1% of excess-loss
Epoch 41: loss=1.760904  (5.55 sec, 65 subtrees, 225 chunks, 9313896 nodes)
  residual top-10 (subtree_mass × max(avg_loss − 1.761, 0)):
    rc   rootID   mass      avg_loss     score 
    1    50944    1479765   1.7755       21632.6
    6    309644   167551    1.8107       8345.9
    46   840714   415269    1.7782       7183.9
    0    1        297533    1.7802       5748.0
    39   493671   419607    1.7735       5274.3
    58   1402652  543420    1.7676       3641.3
    5    300532   44208     1.8111       2220.5
    44   798168   118584    1.7748       1653.3
    40   574911   82726     1.7788       1482.7
    42   614321   234101    1.7660       1193.4
    top-10: 44.2% of mass, 94.7% of excess-loss
Epoch 42: loss=1.758772  (5.55 sec, 65 subtrees, 225 chunks, 9313896 nodes)
  residual top-10 (subtree_mass × max(avg_loss − 1.759, 0)):
    rc   rootID   mass      avg_loss     score 
    1    50944    1479765   1.7734       21710.8
    6    309644   167551    1.8054       7810.6
    46   840714   415269    1.7761       7194.0
    0    1        297533    1.7780       5724.8
    39   493671   419607    1.7700       4709.5
    58   1402652  543420    1.7659       3861.9
    5    300532   44208     1.8048       2036.7
    44   798168   118584    1.7725       1632.4
    40   574911   82726     1.7762       1440.0
    42   614321   234101    1.7639       1207.5
    top-10: 44.2% of mass, 94.1% of excess-loss
Epoch 43: loss=1.757081  (5.55 sec, 65 subtrees, 225 chunks, 9313896 nodes)
  residual top-10 (subtree_mass × max(avg_loss − 1.757, 0)):
    rc   rootID   mass      avg_loss     score 
    1    50944    1479765   1.7717       21693.2
    46   840714   415269    1.7748       7344.4
    6    309644   167551    1.8007       7313.3
    0    1        297533    1.7758       5571.5
    39   493671   419607    1.7670       4170.7
    58   1402652  543420    1.7646       4102.5
    5    300532   44208     1.7990       1852.6
    44   798168   118584    1.7708       1625.9
    40   574911   82726     1.7744       1431.8
    42   614321   234101    1.7625       1257.4
    top-10: 44.2% of mass, 93.8% of excess-loss
Epoch 44: loss=1.755847  (5.55 sec, 65 subtrees, 225 chunks, 9313896 nodes)
  residual top-10 (subtree_mass × max(avg_loss − 1.756, 0)):
    rc   rootID   mass      avg_loss     score 
    1    50944    1479765   1.7705       21647.0
    46   840714   415269    1.7737       7398.4
    6    309644   167551    1.7974       6966.9
    0    1        297533    1.7744       5507.3
    58   1402652  543420    1.7636       4213.6
    39   493671   419607    1.7644       3593.9
    5    300532   44208     1.7959       1770.9
    44   798168   118584    1.7697       1638.2
    40   574911   82726     1.7731       1431.4
    42   614321   234101    1.7612       1260.5
    top-10: 44.2% of mass, 93.5% of excess-loss
Epoch 45: loss=1.754857  (5.55 sec, 65 subtrees, 225 chunks, 9313896 nodes)
  residual top-10 (subtree_mass × max(avg_loss − 1.755, 0)):
    rc   rootID   mass      avg_loss     score 
    1    50944    1479765   1.7694       21565.6
    46   840714   415269    1.7727       7427.5
    6    309644   167551    1.7949       6705.4
    0    1        297533    1.7729       5363.7
    58   1402652  543420    1.7629       4386.2
    39   493671   419607    1.7621       3040.7
    5    300532   44208     1.7934       1705.6
    44   798168   118584    1.7686       1624.2
    40   574911   82726     1.7715       1376.7
    42   614321   234101    1.7600       1208.1
    top-10: 44.2% of mass, 93.1% of excess-loss
Epoch 46: loss=1.754176  (5.54 sec, 65 subtrees, 225 chunks, 9313896 nodes)
  residual top-10 (subtree_mass × max(avg_loss − 1.754, 0)):
    rc   rootID   mass      avg_loss     score 
    1    50944    1479765   1.7688       21621.2
    46   840714   415269    1.7723       7533.2
    6    309644   167551    1.7929       6483.2
    0    1        297533    1.7716       5176.3
    58   1402652  543420    1.7626       4567.9
    39   493671   419607    1.7603       2585.3
    5    300532   44208     1.7922       1681.5
    44   798168   118584    1.7679       1625.9
    40   574911   82726     1.7703       1336.7
    42   614321   234101    1.7593       1207.0
    top-10: 44.2% of mass, 92.9% of excess-loss
Epoch 47: loss=1.753661  (5.54 sec, 65 subtrees, 225 chunks, 9313896 nodes)
  residual top-10 (subtree_mass × max(avg_loss − 1.754, 0)):
    rc   rootID   mass      avg_loss     score 
    1    50944    1479765   1.7684       21759.1
    46   840714   415269    1.7718       7551.9
    6    309644   167551    1.7914       6324.7
    0    1        297533    1.7706       5036.3
    58   1402652  543420    1.7623       4686.7
    39   493671   419607    1.7588       2137.6
    5    300532   44208     1.7913       1664.6
    44   798168   118584    1.7674       1628.8
    40   574911   82726     1.7693       1296.4
    52   1074317  367799    1.7569       1195.4
    top-10: 45.8% of mass, 92.6% of excess-loss
Epoch 48: loss=1.753386  (5.55 sec, 65 subtrees, 225 chunks, 9313896 nodes)
  residual top-10 (subtree_mass × max(avg_loss − 1.753, 0)):
    rc   rootID   mass      avg_loss     score 
    1    50944    1479765   1.7682       21881.2
    46   840714   415269    1.7715       7524.9
    6    309644   167551    1.7906       6229.9
    0    1        297533    1.7697       4867.9
    58   1402652  543420    1.7622       4816.6
    39   493671   419607    1.7578       1869.2
    5    300532   44208     1.7908       1656.0
    44   798168   118584    1.7670       1616.2
    40   574911   82726     1.7685       1254.1
    57   1329804  377747    1.7567       1251.1
    top-10: 45.9% of mass, 92.5% of excess-loss
Epoch 49: loss=1.753228  (5.54 sec, 65 subtrees, 225 chunks, 9313896 nodes)
  residual top-10 (subtree_mass × max(avg_loss − 1.753, 0)):
    rc   rootID   mass      avg_loss     score 
    1    50944    1479765   1.7682       22097.3
    46   840714   415269    1.7713       7518.4
    6    309644   167551    1.7903       6217.7
    58   1402652  543420    1.7622       4884.0
    0    1        297533    1.7691       4733.0
    39   493671   419607    1.7573       1712.2
    5    300532   44208     1.7904       1643.8
    44   798168   118584    1.7668       1614.2
    57   1329804  377747    1.7568       1332.9
    52   1074317  367799    1.7566       1247.2
    top-10: 49.2% of mass, 92.6% of excess-loss
Epoch 50: loss=1.753137  (5.55 sec, 65 subtrees, 225 chunks, 9313896 nodes)
  residual top-10 (subtree_mass × max(avg_loss − 1.753, 0)):
    rc   rootID   mass      avg_loss     score 
    1    50944    1479765   1.7682       22252.4
    46   840714   415269    1.7712       7498.6
    6    309644   167551    1.7901       6192.8
    58   1402652  543420    1.7622       4929.3
    0    1        297533    1.7688       4672.9
    5    300532   44208     1.7907       1662.0
    39   493671   419607    1.7570       1622.6
    44   798168   118584    1.7667       1608.6
    57   1329804  377747    1.7567       1331.1
    52   1074317  367799    1.7566       1261.4
    top-10: 49.2% of mass, 92.7% of excess-loss
Saved to /home/trans/Projects/agpt/rnd/per-rc-adam-v1/models_no_mw/baseline_seed300.model
Done.
  Appended optimizer state to /home/trans/Projects/agpt/rnd/per-rc-adam-v1/models_no_mw/baseline_seed300.model (adam_t=3250)
