Vocab source: /home/trans/Projects/agpt/data/input.txt → 65 unique chars
Test file: /home/trans/Projects/agpt/data/input.txt (1115394 bytes)
Auto-detected architecture from checkpoint: d_model=64, n_heads=4, n_layers=2, d_ff=256 (ckpt seq_len=32, eval seq_len=16)
Model loaded: /home/trans/Projects/agpt/rnd/per-rc-adam-v1/models_no_mw/baseline_seed200.model (d_model=64, n_layers=2, vocab=65, seq_len=16)
Tokens: 1115394
  204/4096 (1011.4/s, ETA 4s)
  408/4096 (1092.0/s, ETA 3s)
  612/4096 (1053.3/s, ETA 3s)
  816/4096 (1030.3/s, ETA 3s)
  1020/4096 (1060.4/s, ETA 3s)
  1224/4096 (1051.8/s, ETA 3s)
  1428/4096 (1060.3/s, ETA 3s)
  1632/4096 (1078.2/s, ETA 2s)
  1836/4096 (1107.6/s, ETA 2s)
  2040/4096 (1136.7/s, ETA 2s)
  2244/4096 (1150.0/s, ETA 2s)
  2448/4096 (1161.4/s, ETA 1s)
  2652/4096 (1161.5/s, ETA 1s)
  2856/4096 (1179.7/s, ETA 1s)
  3060/4096 (1178.5/s, ETA 1s)
  3264/4096 (1194.7/s, ETA 1s)
  3468/4096 (1207.5/s, ETA 1s)
  3672/4096 (1202.0/s, ETA 0s)
  3876/4096 (1213.7/s, ETA 0s)
  4080/4096 (1215.0/s, ETA 0s)

Positions scored:  4096
Mean per-token NLL: 1.713451 nats
Perplexity:         5.5481
Bits per character: 2.4720 bpc
Elapsed:            3.4s (1218.5 pos/sec)
