Vocab source: /home/trans/Projects/agpt/data/input.txt → 65 unique chars
Test file: /home/trans/Projects/agpt/data/input.txt (1115394 bytes)
Auto-detected architecture from checkpoint: d_model=64, n_heads=4, n_layers=2, d_ff=256 (ckpt seq_len=32, eval seq_len=16)
Model loaded: /home/trans/Projects/agpt/rnd/per-rc-adam-v1/models_no_mw/per_rc_seed100.model (d_model=64, n_layers=2, vocab=65, seq_len=16)
Tokens: 1115394
  204/4096 (1423.2/s, ETA 3s)
  408/4096 (1367.8/s, ETA 3s)
  612/4096 (1368.0/s, ETA 3s)
  816/4096 (1399.1/s, ETA 2s)
  1020/4096 (1414.9/s, ETA 2s)
  1224/4096 (1288.6/s, ETA 2s)
  1428/4096 (1314.5/s, ETA 2s)
  1632/4096 (1330.9/s, ETA 2s)
  1836/4096 (1310.2/s, ETA 2s)
  2040/4096 (1290.2/s, ETA 2s)
  2244/4096 (1293.4/s, ETA 1s)
  2448/4096 (1304.5/s, ETA 1s)
  2652/4096 (1296.4/s, ETA 1s)
  2856/4096 (1294.4/s, ETA 1s)
  3060/4096 (1292.1/s, ETA 1s)
  3264/4096 (1298.0/s, ETA 1s)
  3468/4096 (1293.2/s, ETA 0s)
  3672/4096 (1302.7/s, ETA 0s)
  3876/4096 (1308.8/s, ETA 0s)
  4080/4096 (1290.6/s, ETA 0s)

Positions scored:  4096
Mean per-token NLL: 1.918095 nats
Perplexity:         6.8080
Bits per character: 2.7672 bpc
Elapsed:            3.2s (1294.4 pos/sec)
