Vocab source: /home/trans/Projects/agpt/data/input.txt → 65 unique chars
Test file: /home/trans/Projects/agpt/data/input.txt (1115394 bytes)
Auto-detected architecture from checkpoint: d_model=64, n_heads=4, n_layers=2, d_ff=256 (ckpt seq_len=32, eval seq_len=16)
Model loaded: /home/trans/Projects/agpt/rnd/per-rc-adam-v1/models_no_mw/per_rc_seed200.model (d_model=64, n_layers=2, vocab=65, seq_len=16)
Tokens: 1115394
  204/4096 (990.8/s, ETA 4s)
  408/4096 (959.9/s, ETA 4s)
  612/4096 (988.3/s, ETA 4s)
  816/4096 (1005.0/s, ETA 3s)
  1020/4096 (1023.4/s, ETA 3s)
  1224/4096 (1020.3/s, ETA 3s)
  1428/4096 (1024.3/s, ETA 3s)
  1632/4096 (1054.4/s, ETA 2s)
  1836/4096 (1082.1/s, ETA 2s)
  2040/4096 (1097.4/s, ETA 2s)
  2244/4096 (1111.5/s, ETA 2s)
  2448/4096 (1136.1/s, ETA 1s)
  2652/4096 (1140.1/s, ETA 1s)
  2856/4096 (1160.4/s, ETA 1s)
  3060/4096 (1178.7/s, ETA 1s)
  3264/4096 (1188.2/s, ETA 1s)
  3468/4096 (1195.1/s, ETA 1s)
  3672/4096 (1204.6/s, ETA 0s)
  3876/4096 (1195.5/s, ETA 0s)
  4080/4096 (1191.7/s, ETA 0s)

Positions scored:  4096
Mean per-token NLL: 1.887591 nats
Perplexity:         6.6034
Bits per character: 2.7232 bpc
Elapsed:            3.4s (1195.3 pos/sec)
