AGPT CUDA Training Engine
  Model: d=64 heads=4 layers=2 ff=256 vocab=65 seq=128 head_dim=16
  Loaded 108481 weight floats (423.8 KB)
  No optimizer state in checkpoint; starting cold
Loading radix trie from /tmp/shake_baseline_d16_radix...
  Radix trie: 1607928 nodes, 9313896 total edge chars, 17 endpoint depths
  Radix loaded: 2697118 counts entries, 12276596 ancestor char entries
  d_split: 1062377/1607928 nodes have a mass=1 ancestor (mean depth 9.21)
  lr-schedule: warmup-cosine (peak=0.003, warmup_epochs=1)
  optimizer: rmsprop (lr=0.003)
  curriculum: flat (d=max each epoch)
  max edge_len: 16, max ancestor chars: 15, max KV per node: 31, max endpoint depth: 16
  mass=1 compaction: 8275783 / 9313896 chars are mass=1 (88.9%); cache holds 1038113 positions
  loop points: 18684 (mass>1 leaves; 3.4% of 545550 mass>1 nodes)
  KV cache: 531.5 MB unified memory (bf16 compact)
  GPU memory: 2851.3 MB used, 5335.5 MB free, 8186.8 MB total
  65 root-child subtrees: sizes min=1 max=246583 avg=24737.3 (total=1607927 radix nodes)
Epoch 1: loss=11.661632  (5.95 sec, 65 subtrees, 225 chunks, 9313896 nodes)
  residual top-10 (subtree_mass × max(avg_loss − 11.662, 0)):
    rc   rootID   mass      avg_loss     score 
    1    50944    1479765   14.8675      4743974.4
    0    1        297533    17.4068      1709387.6
    43   660187   735168    13.1662      1106094.7
    40   574911   82726     18.8773      596921.9
    41   591555   114034    15.4375      430576.8
    44   798168   118584    15.0234      398650.9
    42   614321   234101    12.7154      246678.9
    5    300532   44208     12.7695      48976.8
    6    309644   167551    11.9463      47703.8
    45   821318   94570     12.0213      34018.1
    top-10: 39.2% of mass, 99.2% of excess-loss
Epoch 2: loss=8.672153  (5.52 sec, 65 subtrees, 225 chunks, 9313896 nodes)
  residual top-10 (subtree_mass × max(avg_loss − 8.672, 0)):
    rc   rootID   mass      avg_loss     score 
    1    50944    1479765   9.0441       550397.6
    58   1402652  543420    9.4558       425857.1
    6    309644   167551    10.0147      224943.7
    5    300532   44208     12.1536      153906.8
    54   1241689  76537     10.4888      139044.3
    59   1500853  192300    9.3454       129462.8
    2    297527   13758     15.9350      99922.5
    57   1329804  377747    8.9249       95461.6
    8    341198   57485     10.0094      76871.6
    0    1        297533    8.8925       65560.3
    top-10: 37.8% of mass, 96.5% of excess-loss
Epoch 3: loss=8.064089  (5.54 sec, 65 subtrees, 225 chunks, 9313896 nodes)
  residual top-10 (subtree_mass × max(avg_loss − 8.064, 0)):
    rc   rootID   mass      avg_loss     score 
    1    50944    1479765   8.4175       523014.1
    59   1500853  192300    8.6599       114572.9
    6    309644   167551    8.6970       106050.0
    0    1        297533    8.3261       77951.9
    8    341198   57485     8.9556       51248.9
    5    300532   44208     8.9289       38231.1
    2    297527   13758     9.5520       20470.2
    58   1402652  543420    8.0985       18689.0
    13   372685   55068     8.2397       9669.4
    10   349444   84126     8.1414       6502.0
    top-10: 34.1% of mass, 97.4% of excess-loss
Epoch 4: loss=7.757841  (5.54 sec, 65 subtrees, 225 chunks, 9313896 nodes)
  residual top-10 (subtree_mass × max(avg_loss − 7.758, 0)):
    rc   rootID   mass      avg_loss     score 
    1    50944    1479765   8.0143       379456.9
    59   1500853  192300    8.3086       105912.9
    6    309644   167551    8.2771       87006.3
    0    1        297533    7.9895       68919.3
    58   1402652  543420    7.8766       64521.4
    8    341198   57485     8.4209       38118.6
    5    300532   44208     8.4861       32194.9
    2    297527   13758     9.1458       19095.4
    13   372685   55068     7.8849       6994.5
    15   387980   25230     7.9189       4064.4
    top-10: 33.5% of mass, 98.5% of excess-loss
Epoch 5: loss=7.553012  (5.55 sec, 65 subtrees, 225 chunks, 9313896 nodes)
  residual top-10 (subtree_mass × max(avg_loss − 7.553, 0)):
    rc   rootID   mass      avg_loss     score 
    1    50944    1479765   7.8006       366404.4
    6    309644   167551    8.0529       83761.8
    0    1        297533    7.8000       73486.7
    59   1500853  192300    7.8719       61316.2
    8    341198   57485     8.2158       38101.3
    5    300532   44208     8.2033       28746.9
    58   1402652  543420    7.5831       16351.1
    2    297527   13758     8.6526       15128.2
    13   372685   55068     7.7219       9299.0
    10   349444   84126     7.6361       6989.5
    top-10: 34.1% of mass, 97.0% of excess-loss
Epoch 6: loss=7.381648  (5.55 sec, 65 subtrees, 225 chunks, 9313896 nodes)
  residual top-10 (subtree_mass × max(avg_loss − 7.382, 0)):
    rc   rootID   mass      avg_loss     score 
    1    50944    1479765   7.6078       334689.1
    0    1        297533    7.6212       71269.4
    6    309644   167551    7.7556       62662.6
    8    341198   57485     7.8918       29328.8
    5    300532   44208     7.7554       16521.2
    58   1402652  543420    7.4096       15204.6
    2    297527   13758     8.1296       10290.6
    13   372685   55068     7.5465       9078.1
    46   840714   415269    7.4034       9049.4
    10   349444   84126     7.4496       5718.9
    top-10: 36.7% of mass, 95.3% of excess-loss
Epoch 7: loss=7.258547  (5.56 sec, 65 subtrees, 225 chunks, 9313896 nodes)
  residual top-10 (subtree_mass × max(avg_loss − 7.259, 0)):
    rc   rootID   mass      avg_loss     score 
    1    50944    1479765   7.4672       308755.1
    0    1        297533    7.4797       65786.7
    6    309644   167551    7.5388       46964.1
    8    341198   57485     7.7105       25978.9
    46   840714   415269    7.3041       18911.3
    13   372685   55068     7.4452       10281.3
    5    300532   44208     7.4176       7029.4
    10   349444   84126     7.3357       6488.5
    2    297527   13758     7.5966       4651.4
    15   387980   25230     7.4378       4521.5
    top-10: 30.7% of mass, 93.4% of excess-loss
Epoch 8: loss=7.185837  (5.56 sec, 65 subtrees, 225 chunks, 9313896 nodes)
  residual top-10 (subtree_mass × max(avg_loss − 7.186, 0)):
    rc   rootID   mass      avg_loss     score 
    1    50944    1479765   7.3710       274040.5
    0    1        297533    7.3926       61521.5
    6    309644   167551    7.3747       31641.6
    46   840714   415269    7.2403       22596.1
    8    341198   57485     7.5259       19547.9
    58   1402652  543420    7.2094       12799.0
    13   372685   55068     7.3461       8822.7
    32   470512   50448     7.2621       3845.5
    15   387980   25230     7.3376       3829.1
    30   457660   31233     7.3045       3707.4
    top-10: 36.3% of mass, 93.6% of excess-loss
Epoch 9: loss=7.150399  (5.57 sec, 65 subtrees, 225 chunks, 9313896 nodes)
  residual top-10 (subtree_mass × max(avg_loss − 7.150, 0)):
    rc   rootID   mass      avg_loss     score 
    1    50944    1479765   7.3180       247979.3
    0    1        297533    7.3408       56647.2
    46   840714   415269    7.2103       24872.8
    6    309644   167551    7.2900       23392.0
    58   1402652  543420    7.1863       19534.7
    8    341198   57485     7.4364       16442.9
    13   372685   55068     7.2934       7873.1
    30   457660   31233     7.2853       4214.4
    32   470512   50448     7.2304       4034.6
    33   480616   21503     7.3250       3753.9
    top-10: 36.3% of mass, 93.9% of excess-loss
Epoch 10: loss=7.139550  (5.56 sec, 65 subtrees, 225 chunks, 9313896 nodes)
  residual top-10 (subtree_mass × max(avg_loss − 7.140, 0)):
    rc   rootID   mass      avg_loss     score 
    1    50944    1479765   7.2971       233141.5
    0    1        297533    7.3194       53498.1
    46   840714   415269    7.2010       25501.5
    58   1402652  543420    7.1822       23189.4
    6    309644   167551    7.2663       21240.0
    8    341198   57485     7.4031       15150.8
    13   372685   55068     7.2754       7481.0
    30   457660   31233     7.2878       4629.5
    32   470512   50448     7.2247       4297.1
    33   480616   21503     7.3340       4181.2
    top-10: 36.3% of mass, 93.6% of excess-loss
Saved to rnd/depth-weight/matrix/depth-sqrt_none_s2/run.model
Done.
  Appended optimizer state to rnd/depth-weight/matrix/depth-sqrt_none_s2/run.model (adam_t=650)
