AGPT CUDA Training Engine
  Model: d=64 heads=4 layers=2 ff=256 vocab=65 seq=128 head_dim=16
  Loaded 108481 weight floats (423.8 KB)
  No optimizer state in checkpoint; starting cold
Loading radix trie from /tmp/shake_baseline_d16_radix...
  Radix trie: 1607928 nodes, 9313896 total edge chars, 17 endpoint depths
  Radix loaded: 2697118 counts entries, 12276596 ancestor char entries
  d_split: 1062377/1607928 nodes have a mass=1 ancestor (mean depth 9.21)
  lr-schedule: warmup-cosine (peak=0.003, warmup_epochs=1)
  optimizer: rmsprop (lr=0.003)
  curriculum: flat (d=max each epoch)
  max edge_len: 16, max ancestor chars: 15, max KV per node: 31, max endpoint depth: 16
  mass=1 compaction: 8275783 / 9313896 chars are mass=1 (88.9%); cache holds 1038113 positions
  loop points: 18684 (mass>1 leaves; 3.4% of 545550 mass>1 nodes)
  KV cache: 531.5 MB unified memory (bf16 compact)
  GPU memory: 2851.3 MB used, 5335.5 MB free, 8186.8 MB total
  65 root-child subtrees: sizes min=1 max=246583 avg=24737.3 (total=1607927 radix nodes)
Epoch 1: loss=2.996908  (5.64 sec, 65 subtrees, 225 chunks, 9313896 nodes)
  residual top-10 (subtree_mass × max(avg_loss − 2.997, 0)):
    rc   rootID   mass      avg_loss     score 
    1    50944    1479765   4.2795       1897969.5
    0    1        297533    5.0475       610125.4
    10   349444   84126     3.8698       73432.1
    6    309644   167551    3.4008       67669.5
    5    300532   44208     4.0963       48601.9
    8    341198   57485     3.3447       19990.5
    2    297527   13758     3.9667       13342.6
    30   457660   31233     3.2944       9290.7
    7    338414   10559     3.5211       5535.1
    12   369639   16107     3.2880       4688.8
    top-10: 25.6% of mass, 99.6% of excess-loss
Epoch 2: loss=2.512396  (5.54 sec, 65 subtrees, 225 chunks, 9313896 nodes)
  residual top-10 (subtree_mass × max(avg_loss − 2.512, 0)):
    rc   rootID   mass      avg_loss     score 
    1    50944    1479765   2.6378       185526.0
    10   349444   84126     4.3059       150879.2
    6    309644   167551    3.2959       131269.4
    5    300532   44208     4.5378       89537.1
    8    341198   57485     2.9310       24060.7
    39   493671   419607    2.5541       17500.7
    11   364300   27722     3.0667       15366.5
    0    1        297533    2.5596       14047.7
    13   372685   55068     2.7586       13558.8
    12   369639   16107     2.9645       7282.1
    top-10: 30.8% of mass, 95.7% of excess-loss
Epoch 3: loss=2.351204  (5.54 sec, 65 subtrees, 225 chunks, 9313896 nodes)
  residual top-10 (subtree_mass × max(avg_loss − 2.351, 0)):
    rc   rootID   mass      avg_loss     score 
    1    50944    1479765   2.4039       77920.3
    6    309644   167551    2.6742       54117.7
    5    300532   44208     3.2667       40471.5
    39   493671   419607    2.4296       32897.7
    10   349444   84126     2.6226       22829.9
    8    341198   57485     2.4983       8453.8
    0    1        297533    2.3723       6290.4
    12   369639   16107     2.6684       5108.9
    13   372685   55068     2.4246       4043.5
    7    338414   10559     2.5865       2485.0
    top-10: 30.6% of mass, 96.4% of excess-loss
Epoch 4: loss=2.283731  (5.54 sec, 65 subtrees, 225 chunks, 9313896 nodes)
  residual top-10 (subtree_mass × max(avg_loss − 2.284, 0)):
    rc   rootID   mass      avg_loss     score 
    6    309644   167551    2.6128       55137.5
    1    50944    1479765   2.3107       39916.7
    39   493671   419607    2.3585       31382.6
    5    300532   44208     2.9872       31098.0
    10   349444   84126     2.5194       19826.2
    8    341198   57485     2.4457       9309.5
    12   369639   16107     2.5284       3941.4
    13   372685   55068     2.3547       3908.2
    7    338414   10559     2.5324       2625.4
    40   574911   82726     2.3142       2519.2
    top-10: 28.1% of mass, 97.4% of excess-loss
Epoch 5: loss=2.223148  (5.54 sec, 65 subtrees, 225 chunks, 9313896 nodes)
  residual top-10 (subtree_mass × max(avg_loss − 2.223, 0)):
    rc   rootID   mass      avg_loss     score 
    6    309644   167551    2.4175       32567.0
    39   493671   419607    2.2926       29122.6
    5    300532   44208     2.7271       22278.8
    1    50944    1479765   2.2331       14705.4
    10   349444   84126     2.3647       11910.2
    8    341198   57485     2.3147       5263.1
    12   369639   16107     2.4362       3430.9
    13   372685   55068     2.2725       2717.7
    40   574911   82726     2.2557       2689.6
    7    338414   10559     2.4017       1885.7
    top-10: 28.1% of mass, 96.7% of excess-loss
Epoch 6: loss=2.176393  (5.55 sec, 65 subtrees, 225 chunks, 9313896 nodes)
  residual top-10 (subtree_mass × max(avg_loss − 2.176, 0)):
    rc   rootID   mass      avg_loss     score 
    1    50944    1479765   2.1948       27174.7
    6    309644   167551    2.3151       23247.3
    39   493671   419607    2.2283       21800.8
    5    300532   44208     2.6069       19034.0
    8    341198   57485     2.2382       3555.3
    10   349444   84126     2.2077       2637.6
    40   574911   82726     2.2068       2519.3
    44   798168   118584    2.1902       1633.5
    46   840714   415269    2.1802       1578.1
    7    338414   10559     2.3204       1520.4
    top-10: 33.5% of mass, 97.1% of excess-loss
Epoch 7: loss=2.138519  (5.55 sec, 65 subtrees, 225 chunks, 9313896 nodes)
  residual top-10 (subtree_mass × max(avg_loss − 2.139, 0)):
    rc   rootID   mass      avg_loss     score 
    1    50944    1479765   2.1553       24813.3
    39   493671   419607    2.1834       18836.8
    6    309644   167551    2.2030       10799.1
    5    300532   44208     2.3438       9073.4
    46   840714   415269    2.1488       4273.5
    40   574911   82726     2.1692       2537.6
    44   798168   118584    2.1584       2353.6
    42   614321   234101    2.1465       1878.1
    47   915694   343840    2.1436       1748.2
    8    341198   57485     2.1680       1694.5
    top-10: 39.1% of mass, 97.5% of excess-loss
Epoch 8: loss=2.117399  (5.55 sec, 65 subtrees, 225 chunks, 9313896 nodes)
  residual top-10 (subtree_mass × max(avg_loss − 2.117, 0)):
    rc   rootID   mass      avg_loss     score 
    1    50944    1479765   2.1295       17921.3
    39   493671   419607    2.1516       14346.9
    6    309644   167551    2.1554       6372.3
    5    300532   44208     2.2594       6276.3
    46   840714   415269    2.1322       6159.7
    47   915694   343840    2.1273       3392.2
    44   798168   118584    2.1413       2830.5
    40   574911   82726     2.1473       2472.8
    42   614321   234101    2.1272       2290.2
    57   1329804  377747    2.1219       1708.8
    top-10: 42.8% of mass, 94.7% of excess-loss
Epoch 9: loss=2.107145  (5.55 sec, 65 subtrees, 225 chunks, 9313896 nodes)
  residual top-10 (subtree_mass × max(avg_loss − 2.107, 0)):
    rc   rootID   mass      avg_loss     score 
    1    50944    1479765   2.1162       13361.4
    39   493671   419607    2.1295       9388.2
    46   840714   415269    2.1266       8098.4
    47   915694   343840    2.1215       4939.9
    57   1329804  377747    2.1187       4371.4
    58   1402652  543420    2.1135       3436.3
    43   660187   735168    2.1118       3432.2
    44   798168   118584    2.1347       3269.6
    5    300532   44208     2.1718       2858.3
    42   614321   234101    2.1184       2625.6
    top-10: 54.8% of mass, 90.0% of excess-loss
Epoch 10: loss=2.103508  (5.56 sec, 65 subtrees, 225 chunks, 9313896 nodes)
  residual top-10 (subtree_mass × max(avg_loss − 2.104, 0)):
    rc   rootID   mass      avg_loss     score 
    1    50944    1479765   2.1134       14637.4
    46   840714   415269    2.1228       8029.7
    58   1402652  543420    2.1157       6609.7
    57   1329804  377747    2.1208       6522.0
    47   915694   343840    2.1186       5179.9
    39   493671   419607    2.1130       3999.7
    52   1074317  367799    2.1134       3637.4
    44   798168   118584    2.1286       2976.1
    5    300532   44208     2.1522       2153.0
    53   1145421  504725    2.1071       1792.2
    top-10: 53.7% of mass, 89.0% of excess-loss
Saved to rnd/per-fire-norm/shakespeare/seed2_off/run.model
Done.
  Appended optimizer state to rnd/per-fire-norm/shakespeare/seed2_off/run.model (adam_t=650)
