AGPT CUDA Training Engine
  Model: d=64 heads=4 layers=2 ff=256 vocab=65 seq=128 head_dim=16
  Loaded 108481 weight floats (423.8 KB)
  No optimizer state in checkpoint; starting cold
Loading radix trie from /tmp/shake_baseline_d16_radix...
  Radix trie: 1607928 nodes, 9313896 total edge chars, 17 endpoint depths
  Radix loaded: 2697118 counts entries, 12276596 ancestor char entries
  d_split: 1062377/1607928 nodes have a mass=1 ancestor (mean depth 9.21)
  lr-schedule: warmup-cosine (peak=0.003, warmup_epochs=1)
  optimizer: rmsprop (lr=0.003)
  curriculum: flat (d=max each epoch)
  max edge_len: 16, max ancestor chars: 15, max KV per node: 31, max endpoint depth: 16
  mass=1 compaction: 8275783 / 9313896 chars are mass=1 (88.9%); cache holds 1038113 positions
  loop points: 18684 (mass>1 leaves; 3.4% of 545550 mass>1 nodes)
  KV cache: 531.5 MB unified memory (bf16 compact)
  GPU memory: 2851.0 MB used, 5335.8 MB free, 8186.8 MB total
  65 root-child subtrees: sizes min=1 max=246583 avg=24737.3 (total=1607927 radix nodes)
Epoch 1: loss=29.450953  (6.15 sec, 65 subtrees, 225 chunks, 9313896 nodes)
  residual top-10 (subtree_mass × max(avg_loss − 29.451, 0)):
    rc   rootID   mass      avg_loss     score 
    1    50944    1479765   33.2434      5611976.9
    44   798168   118584    32.6673      381403.5
    0    1        297533    30.6886      368233.7
    39   493671   419607    29.9275      199966.7
    6    309644   167551    30.4851      173267.4
    8    341198   57485     31.6520      126526.8
    54   1241689  76537     30.5802      86429.6
    40   574911   82726     30.4245      80540.4
    5    300532   44208     30.4170      42706.6
    15   387980   25230     31.0065      39246.3
    top-10: 32.2% of mass, 97.3% of excess-loss
Epoch 2: loss=33.864941  (5.74 sec, 65 subtrees, 225 chunks, 9313896 nodes)
  residual top-10 (subtree_mass × max(avg_loss − 33.865, 0)):
    rc   rootID   mass      avg_loss     score 
    1    50944    1479765   50.1587      24110901.6
    6    309644   167551    46.3610      2093729.7
    5    300532   44208     53.8209      882211.6
    2    297527   13758     58.8669      343976.6
    8    341198   57485     39.3418      314835.8
    10   349444   84126     36.7858      245720.1
    13   372685   55068     35.0408      64754.8
    15   387980   25230     35.7068      46469.4
    7    338414   10559     36.4918      27736.5
    17   395702   37639     34.4789      23107.2
    top-10: 23.0% of mass, 99.9% of excess-loss
Epoch 3: loss=35.098743  (5.73 sec, 65 subtrees, 225 chunks, 9313896 nodes)
  residual top-10 (subtree_mass × max(avg_loss − 35.099, 0)):
    rc   rootID   mass      avg_loss     score 
    1    50944    1479765   51.4288      24164577.2
    6    309644   167551    43.7887      1456018.6
    5    300532   44208     44.9561      435775.0
    10   349444   84126     39.8754      401839.7
    8    341198   57485     41.1424      347416.9
    13   372685   55068     38.7639      201833.4
    21   413181   87608     37.3906      200783.5
    2    297527   13758     46.2217      153029.4
    17   395702   37639     38.6319      132984.0
    15   387980   25230     39.5032      111125.3
    top-10: 23.9% of mass, 97.8% of excess-loss
Epoch 4: loss=30.545977  (5.74 sec, 65 subtrees, 225 chunks, 9313896 nodes)
  residual top-10 (subtree_mass × max(avg_loss − 30.546, 0)):
    rc   rootID   mass      avg_loss     score 
    1    50944    1479765   34.5961      5993195.9
    6    309644   167551    38.4192      1319161.9
    5    300532   44208     39.3483      389133.7
    0    1        297533    31.6016      314072.1
    8    341198   57485     35.1124      262501.8
    10   349444   84126     32.6213      174587.7
    2    297527   13758     41.1136      145389.1
    13   372685   55068     32.0870      84860.7
    15   387980   25230     32.6969      54269.0
    17   395702   37639     31.7719      46142.2
    top-10: 26.3% of mass, 98.4% of excess-loss
Epoch 5: loss=29.141966  (5.68 sec, 65 subtrees, 225 chunks, 9313896 nodes)
  residual top-10 (subtree_mass × max(avg_loss − 29.142, 0)):
    rc   rootID   mass      avg_loss     score 
    1    50944    1479765   31.5796      3607172.0
    0    1        297533    30.0403      267273.6
    6    309644   167551    30.4259      215127.4
    8    341198   57485     30.9699      105079.2
    15   387980   25230     30.3180      29671.6
    13   372685   55068     29.6147      26032.1
    10   349444   84126     29.4452      25507.2
    17   395702   37639     29.5850      16675.6
    33   480616   21503     29.7254      12545.8
    5    300532   44208     29.3947      11173.7
    top-10: 26.4% of mass, 99.2% of excess-loss
Epoch 6: loss=28.524994  (5.67 sec, 65 subtrees, 225 chunks, 9313896 nodes)
  residual top-10 (subtree_mass × max(avg_loss − 28.525, 0)):
    rc   rootID   mass      avg_loss     score 
    1    50944    1479765   30.3326      2674825.7
    0    1        297533    29.3024      231309.8
    6    309644   167551    29.4318      151938.4
    8    341198   57485     29.9793      83601.1
    46   840714   415269    28.6548      53905.3
    58   1402652  543420    28.6214      52408.4
    15   387980   25230     29.5689      26337.6
    13   372685   55068     28.8495      17868.2
    33   480616   21503     29.1490      13418.7
    17   395702   37639     28.8448      12037.4
    top-10: 36.1% of mass, 99.1% of excess-loss
Epoch 7: loss=28.236729  (5.65 sec, 65 subtrees, 225 chunks, 9313896 nodes)
  residual top-10 (subtree_mass × max(avg_loss − 28.237, 0)):
    rc   rootID   mass      avg_loss     score 
    1    50944    1479765   29.7969      2308670.3
    0    1        297533    28.8432      180457.0
    6    309644   167551    29.1018      144940.1
    58   1402652  543420    28.4069      92482.6
    46   840714   415269    28.4167      74753.6
    8    341198   57485     29.4952      72342.7
    15   387980   25230     29.2158      24702.3
    13   372685   55068     28.5152      15335.0
    33   480616   21503     28.8919      14087.7
    30   457660   31233     28.5794      10702.6
    top-10: 36.0% of mass, 99.1% of excess-loss
Epoch 8: loss=28.020504  (5.63 sec, 65 subtrees, 225 chunks, 9313896 nodes)
  residual top-10 (subtree_mass × max(avg_loss − 28.021, 0)):
    rc   rootID   mass      avg_loss     score 
    1    50944    1479765   29.4038      2046910.6
    0    1        297533    28.6227      179168.4
    58   1402652  543420    28.2593      129766.8
    6    309644   167551    28.6390      103627.1
    46   840714   415269    28.2484      94655.0
    8    341198   57485     29.0231      57636.2
    15   387980   25230     28.8898      21932.9
    33   480616   21503     28.6326      13162.0
    13   372685   55068     28.2198      10976.5
    30   457660   31233     28.2934      8524.0
    top-10: 36.0% of mass, 99.5% of excess-loss
Epoch 9: loss=27.929609  (5.67 sec, 65 subtrees, 225 chunks, 9313896 nodes)
  residual top-10 (subtree_mass × max(avg_loss − 27.930, 0)):
    rc   rootID   mass      avg_loss     score 
    1    50944    1479765   29.2059      1888581.0
    0    1        297533    28.4399      151825.1
    58   1402652  543420    28.2072      150832.6
    46   840714   415269    28.1806      104225.1
    6    309644   167551    28.5011      95749.8
    8    341198   57485     28.8332      51940.4
    15   387980   25230     28.7681      21154.5
    33   480616   21503     28.5609      13574.5
    13   372685   55068     28.1032      9558.6
    30   457660   31233     28.2131      8854.4
    top-10: 36.0% of mass, 99.5% of excess-loss
Epoch 10: loss=27.904121  (5.64 sec, 65 subtrees, 225 chunks, 9313896 nodes)
  residual top-10 (subtree_mass × max(avg_loss − 27.904, 0)):
    rc   rootID   mass      avg_loss     score 
    1    50944    1479765   29.1365      1823681.2
    58   1402652  543420    28.1998      160652.6
    0    1        297533    28.3536      133734.9
    46   840714   415269    28.1643      108047.6
    6    309644   167551    28.4568      92598.7
    8    341198   57485     28.7666      49579.0
    15   387980   25230     28.7244      20695.4
    33   480616   21503     28.5466      13815.9
    13   372685   55068     28.0731      9303.6
    30   457660   31233     28.2018      9296.0
    top-10: 36.0% of mass, 99.4% of excess-loss
Saved to rnd/depth-weight/shakespeare/seed1_depth-linear-fireWnorm/run.model
Done.
  Appended optimizer state to rnd/depth-weight/shakespeare/seed1_depth-linear-fireWnorm/run.model (adam_t=650)
