AGPT CUDA Training Engine
  Model: d=64 heads=4 layers=2 ff=256 vocab=65 seq=128 head_dim=16
  Loaded 108481 weight floats (423.8 KB)
  No optimizer state in checkpoint; starting cold
Loading radix trie from /tmp/shake_baseline_d16_radix...
  Radix trie: 1607928 nodes, 9313896 total edge chars, 17 endpoint depths
  Radix loaded: 2697118 counts entries, 12276596 ancestor char entries
  d_split: 1062377/1607928 nodes have a mass=1 ancestor (mean depth 9.21)
  lr-schedule: warmup-cosine (peak=0.003, warmup_epochs=1)
  optimizer: rmsprop (lr=0.003)
  curriculum: flat (d=max each epoch)
  max edge_len: 16, max ancestor chars: 15, max KV per node: 31, max endpoint depth: 16
  mass=1 compaction: 8275783 / 9313896 chars are mass=1 (88.9%); cache holds 1038113 positions
  loop points: 18684 (mass>1 leaves; 3.4% of 545550 mass>1 nodes)
  KV cache: 531.5 MB unified memory (bf16 compact)
  GPU memory: 2851.0 MB used, 5335.8 MB free, 8186.8 MB total
  65 root-child subtrees: sizes min=1 max=246583 avg=24737.3 (total=1607927 radix nodes)
Epoch 1: loss=1.334123  (6.14 sec, 65 subtrees, 225 chunks, 9313896 nodes)
  residual top-10 (subtree_mass × max(avg_loss − 1.334, 0)):
    rc   rootID   mass      avg_loss     score 
    1    50944    1479765   1.6361       446817.0
    0    1        297533    1.9461       182091.3
    43   660187   735168    1.5053       125873.2
    40   574911   82726     2.2890       78994.0
    47   915694   343840    1.5397       70699.3
    41   591555   114034    1.7705       49758.0
    44   798168   118584    1.6912       42347.6
    42   614321   234101    1.4443       25782.9
    45   821318   94570     1.4475       10724.5
    5    300532   44208     1.5131       7910.5
    top-10: 41.2% of mass, 99.1% of excess-loss
Epoch 2: loss=0.998346  (5.99 sec, 65 subtrees, 225 chunks, 9313896 nodes)
  residual top-10 (subtree_mass × max(avg_loss − 0.998, 0)):
    rc   rootID   mass      avg_loss     score 
    56   1258453  358000    1.0813       29709.4
    59   1500853  192300    1.1192       23240.5
    6    309644   167551    1.1239       21043.1
    54   1241689  76537     1.2620       20176.4
    5    300532   44208     1.3971       17627.5
    2    297527   13758     1.8333       11487.9
    8    341198   57485     1.1106       6453.0
    49   982783   50950     1.0758       3947.9
    53   1145421  504725    1.0015       1601.2
    7    338414   10559     1.1383       1477.5
    top-10: 17.2% of mass, 97.9% of excess-loss
Epoch 3: loss=0.926010  (5.95 sec, 65 subtrees, 225 chunks, 9313896 nodes)
  residual top-10 (subtree_mass × max(avg_loss − 0.926, 0)):
    rc   rootID   mass      avg_loss     score 
    59   1500853  192300    1.0449       22854.4
    58   1402652  543420    0.9487       12338.4
    5    300532   44208     1.0331       4734.8
    6    309644   167551    0.9527       4472.4
    39   493671   419607    0.9349       3728.7
    8    341198   57485     0.9771       2937.0
    2    297527   13758     1.1168       2624.6
    54   1241689  76537     0.9541       2151.8
    0    1        297533    0.9326       1956.6
    60   1539801  58095     0.9487       1320.4
    top-10: 21.8% of mass, 93.1% of excess-loss
Epoch 4: loss=0.889865  (6.01 sec, 65 subtrees, 225 chunks, 9313896 nodes)
  residual top-10 (subtree_mass × max(avg_loss − 0.890, 0)):
    rc   rootID   mass      avg_loss     score 
    59   1500853  192300    0.9766       16682.8
    6    309644   167551    0.9168       4510.0
    5    300532   44208     0.9907       4456.1
    8    341198   57485     0.9503       3473.8
    39   493671   419607    0.8976       3260.7
    2    297527   13758     1.0753       2550.9
    0    1        297533    0.8967       2040.8
    44   798168   118584    0.9031       1564.3
    12   369639   16107     0.9485       943.9 
    7    338414   10559     0.9705       851.4 
    top-10: 15.6% of mass, 91.1% of excess-loss
Epoch 5: loss=0.868961  (5.94 sec, 65 subtrees, 225 chunks, 9313896 nodes)
  residual top-10 (subtree_mass × max(avg_loss − 0.869, 0)):
    rc   rootID   mass      avg_loss     score 
    59   1500853  192300    0.9548       16506.6
    5    300532   44208     0.9609       4066.1
    6    309644   167551    0.8915       3784.7
    8    341198   57485     0.9182       2828.6
    39   493671   419607    0.8744       2279.9
    2    297527   13758     1.0328       2254.5
    44   798168   118584    0.8875       2201.9
    0    1        297533    0.8741       1527.8
    60   1539801  58095     0.8873       1066.2
    54   1241689  76537     0.8824       1026.9
    top-10: 16.8% of mass, 90.6% of excess-loss
Epoch 6: loss=0.846531  (5.98 sec, 65 subtrees, 225 chunks, 9313896 nodes)
  residual top-10 (subtree_mass × max(avg_loss − 0.847, 0)):
    rc   rootID   mass      avg_loss     score 
    39   493671   419607    0.8553       3700.1
    0    1        297533    0.8567       3036.7
    5    300532   44208     0.9097       2793.3
    6    309644   167551    0.8618       2565.6
    8    341198   57485     0.8806       1957.3
    2    297527   13758     0.9533       1469.5
    44   798168   118584    0.8573       1277.0
    42   614321   234101    0.8520       1273.5
    59   1500853  192300    0.8515       961.1 
    45   821318   94570     0.8543       738.6 
    top-10: 19.1% of mass, 80.1% of excess-loss
Epoch 7: loss=0.833456  (6.01 sec, 65 subtrees, 225 chunks, 9313896 nodes)
  residual top-10 (subtree_mass × max(avg_loss − 0.833, 0)):
    rc   rootID   mass      avg_loss     score 
    39   493671   419607    0.8404       2915.8
    5    300532   44208     0.8881       2417.5
    59   1500853  192300    0.8447       2165.5
    0    1        297533    0.8390       1639.7
    8    341198   57485     0.8619       1636.5
    6    309644   167551    0.8429       1590.6
    2    297527   13758     0.9285       1308.2
    44   798168   118584    0.8436       1205.0
    42   614321   234101    0.8386       1192.7
    52   1074317  367799    0.8363       1055.0
    top-10: 22.2% of mass, 73.4% of excess-loss
Epoch 8: loss=0.826060  (6.05 sec, 65 subtrees, 225 chunks, 9313896 nodes)
  residual top-10 (subtree_mass × max(avg_loss − 0.826, 0)):
    rc   rootID   mass      avg_loss     score 
    39   493671   419607    0.8321       2538.7
    52   1074317  367799    0.8310       1833.3
    5    300532   44208     0.8602       1507.3
    0    1        297533    0.8307       1367.9
    42   614321   234101    0.8317       1329.9
    47   915694   343840    0.8297       1235.0
    44   798168   118584    0.8360       1183.4
    8    341198   57485     0.8436       1006.2
    50   993056   244544    0.8299       941.8 
    59   1500853  192300    0.8306       866.9 
    top-10: 27.0% of mass, 68.3% of excess-loss
Epoch 9: loss=0.822218  (5.98 sec, 65 subtrees, 225 chunks, 9313896 nodes)
  residual top-10 (subtree_mass × max(avg_loss − 0.822, 0)):
    rc   rootID   mass      avg_loss     score 
    52   1074317  367799    0.8280       2125.9
    39   493671   419607    0.8267       1861.3
    47   915694   343840    0.8261       1346.4
    5    300532   44208     0.8510       1273.4
    42   614321   234101    0.8275       1235.5
    59   1500853  192300    0.8285       1203.4
    44   798168   118584    0.8321       1173.4
    50   993056   244544    0.8263       998.4 
    45   821318   94570     0.8311       836.9 
    0    1        297533    0.8250       827.0 
    top-10: 27.4% of mass, 64.7% of excess-loss
Epoch 10: loss=0.821229  (5.96 sec, 65 subtrees, 225 chunks, 9313896 nodes)
  residual top-10 (subtree_mass × max(avg_loss − 0.821, 0)):
    rc   rootID   mass      avg_loss     score 
    52   1074317  367799    0.8273       2251.2
    39   493671   419607    0.8249       1532.9
    47   915694   343840    0.8253       1384.1
    59   1500853  192300    0.8282       1336.0
    5    300532   44208     0.8490       1226.3
    42   614321   234101    0.8263       1184.3
    44   798168   118584    0.8311       1165.9
    50   993056   244544    0.8256       1069.0
    56   1258453  358000    0.8238       933.4 
    45   821318   94570     0.8301       840.7 
    top-10: 28.1% of mass, 63.3% of excess-loss
Saved to rnd/depth-weight/matrix/depth-inv-log_none_s2/run.model
Done.
  Appended optimizer state to rnd/depth-weight/matrix/depth-inv-log_none_s2/run.model (adam_t=650)
