AGPT CUDA Trainer V2
  mode: train-epoch
  model: d=64 heads=4 layers=2 ff=256 vocab=65 seq=128 head_dim=16
  trie: 1607928 radix nodes, 9313896 edge chars, 17 endpoint depths
  config: epochs=10 lr=0.003000 schedule=warmup-cosine warmup_epochs=1 partition_depth=1 chunk_queries=50000 accumulate=false
  anc-grad: enabled (descendant->ancestor scatter into Wk/Wv)
  cache contract: K=post-RoPE compact_slot_indexed=true
  pd=1 plan: 65 root-child training units, 1607927 node-visits, 9313896 query positions,
             1038113 compact chars, ~225 chunks/epoch at chunk_queries=50000
  largest-by-query unit: rc=50944 nodes=246583 queries=1265315 compact_chars=158106 depth=16 est_chunks=26
  largest-by-compact unit: rc=50944 nodes=246583 queries=1265315 compact_chars=158106 depth=16 est_chunks=26
  largest unit chunk preview:
    chunk 0: node_range=[0,38234) nodes=38234 queries=50000 compact_chars=50000
    chunk 1: node_range=[38234,66960) nodes=28726 queries=50000 compact_chars=50000
    chunk 2: node_range=[66960,81941) nodes=14981 queries=49997 compact_chars=41664
  first chunk metadata: N=38234 T_q=50000 T_kv=264906 T_anc=214906 max_kv_len=9
  runtime contract:
    cache: compact_chars=1038113 layers=2 d_model=64 total=531.5 MB (post-RoPE K, managed=true)
    chunk: query_cap=50000 node_cap=38234 kv_cap=285545 max_kv_len=16 total=1050.3 MB
    params+grads: 0.9 MB  optimizer: 0.9 MB  combined-estimate: 1583.5 MB
  runtime objects: instantiated successfully
  chunk upload: first chunk uploaded successfully
  train-epoch: epochs=10 units=65 accumulate=true optimizer=stateful RMSProp
  train-epoch: epoch 1/10
    unit 1/65 rc=1 chunks=5 trained_queries=248592 mean_loss=2.544521 lr=4.61538e-05 step=stateful RMSProp step applied
    unit 2/65 rc=50944 chunks=26 trained_queries=1265315 mean_loss=2.700632 lr=9.23077e-05 step=stateful RMSProp step applied
    unit 3/65 rc=297527 chunks=1 trained_queries=19135 mean_loss=2.725235 lr=0.000138462 step=stateful RMSProp step applied
    unit 4/65 rc=300526 chunks=1 trained_queries=16 mean_loss=2.659052 lr=0.000184615 step=stateful RMSProp step applied
    unit 5/65 rc=300527 chunks=1 trained_queries=41 mean_loss=3.584716 lr=0.000230769 step=stateful RMSProp step applied
    unit 6/65 rc=300532 chunks=2 trained_queries=57603 mean_loss=2.640242 lr=0.000276923 step=stateful RMSProp step applied
    unit 7/65 rc=309644 chunks=4 trained_queries=153896 mean_loss=2.518214 lr=0.000323077 step=stateful RMSProp step applied
    unit 8/65 rc=338414 chunks=1 trained_queries=20361 mean_loss=2.641772 lr=0.000369231 step=stateful RMSProp step applied
    unit 9/65 rc=341198 chunks=1 trained_queries=37121 mean_loss=2.593045 lr=0.000415385 step=stateful RMSProp step applied
    unit 10/65 rc=349443 chunks=1 trained_queries=16 mean_loss=4.694355 lr=0.000461538 step=stateful RMSProp step applied
    unit 11/65 rc=349444 chunks=2 trained_queries=79335 mean_loss=2.548094 lr=0.000507692 step=stateful RMSProp step applied
    unit 12/65 rc=364300 chunks=1 trained_queries=31681 mean_loss=2.450233 lr=0.000553846 step=stateful RMSProp step applied
    unit 13/65 rc=369639 chunks=1 trained_queries=16802 mean_loss=2.585885 lr=0.0006 step=stateful RMSProp step applied
    unit 14/65 rc=372685 chunks=2 trained_queries=60358 mean_loss=2.474842 lr=0.000646154 step=stateful RMSProp step applied
    unit 15/65 rc=384066 chunks=1 trained_queries=20515 mean_loss=2.455176 lr=0.000692308 step=stateful RMSProp step applied
    unit 16/65 rc=387980 chunks=1 trained_queries=24039 mean_loss=2.448111 lr=0.000738462 step=stateful RMSProp step applied
    unit 17/65 rc=393192 chunks=1 trained_queries=13927 mean_loss=2.436584 lr=0.000784615 step=stateful RMSProp step applied
    unit 18/65 rc=395702 chunks=1 trained_queries=39049 mean_loss=2.409237 lr=0.000830769 step=stateful RMSProp step applied
    unit 19/65 rc=403670 chunks=1 trained_queries=12371 mean_loss=2.444893 lr=0.000876923 step=stateful RMSProp step applied
    unit 20/65 rc=406003 chunks=1 trained_queries=14425 mean_loss=2.437892 lr=0.000923077 step=stateful RMSProp step applied
    unit 21/65 rc=409004 chunks=1 trained_queries=22209 mean_loss=2.426096 lr=0.000969231 step=stateful RMSProp step applied
    unit 22/65 rc=413181 chunks=2 trained_queries=85392 mean_loss=2.397916 lr=0.00101538 step=stateful RMSProp step applied
    unit 23/65 rc=429612 chunks=1 trained_queries=2388 mean_loss=2.521306 lr=0.00106154 step=stateful RMSProp step applied
    unit 24/65 rc=430059 chunks=1 trained_queries=6910 mean_loss=2.409492 lr=0.00110769 step=stateful RMSProp step applied
    unit 25/65 rc=431468 chunks=1 trained_queries=27536 mean_loss=2.390388 lr=0.00115385 step=stateful RMSProp step applied
    unit 26/65 rc=436920 chunks=1 trained_queries=20922 mean_loss=2.391184 lr=0.0012 step=stateful RMSProp step applied
    unit 27/65 rc=440946 chunks=1 trained_queries=33835 mean_loss=2.351145 lr=0.00124615 step=stateful RMSProp step applied
    unit 28/65 rc=447521 chunks=1 trained_queries=41580 mean_loss=2.372646 lr=0.00129231 step=stateful RMSProp step applied
    unit 29/65 rc=455318 chunks=1 trained_queries=11281 mean_loss=2.367314 lr=0.00133846 step=stateful RMSProp step applied
    unit 30/65 rc=457596 chunks=1 trained_queries=368 mean_loss=2.428129 lr=0.00138462 step=stateful RMSProp step applied
    unit 31/65 rc=457660 chunks=1 trained_queries=33586 mean_loss=2.514889 lr=0.00143077 step=stateful RMSProp step applied
    unit 32/65 rc=464280 chunks=1 trained_queries=34526 mean_loss=2.436301 lr=0.00147692 step=stateful RMSProp step applied
    unit 33/65 rc=470512 chunks=2 trained_queries=56078 mean_loss=2.392380 lr=0.00152308 step=stateful RMSProp step applied
    unit 34/65 rc=480616 chunks=1 trained_queries=19413 mean_loss=2.336820 lr=0.00156923 step=stateful RMSProp step applied
    unit 35/65 rc=484674 chunks=1 trained_queries=5304 mean_loss=2.374921 lr=0.00161538 step=stateful RMSProp step applied
    unit 36/65 rc=485758 chunks=1 trained_queries=26869 mean_loss=2.373857 lr=0.00166154 step=stateful RMSProp step applied
    unit 37/65 rc=490864 chunks=1 trained_queries=944 mean_loss=2.328586 lr=0.00170769 step=stateful RMSProp step applied
    unit 38/65 rc=491028 chunks=1 trained_queries=13312 mean_loss=2.444593 lr=0.00175385 step=stateful RMSProp step applied
    unit 39/65 rc=493390 chunks=1 trained_queries=1500 mean_loss=2.273812 lr=0.0018 step=stateful RMSProp step applied
    unit 40/65 rc=493671 chunks=10 trained_queries=499895 mean_loss=2.543953 lr=0.00184615 step=stateful RMSProp step applied
    unit 41/65 rc=574911 chunks=3 trained_queries=103409 mean_loss=2.458851 lr=0.00189231 step=stateful RMSProp step applied
    unit 42/65 rc=591555 chunks=3 trained_queries=142219 mean_loss=2.417096 lr=0.00193846 step=stateful RMSProp step applied
    unit 43/65 rc=614321 chunks=6 trained_queries=280413 mean_loss=2.421697 lr=0.00198462 step=stateful RMSProp step applied
    unit 44/65 rc=660187 chunks=17 trained_queries=823962 mean_loss=2.428137 lr=0.00203077 step=stateful RMSProp step applied
    unit 45/65 rc=798168 chunks=3 trained_queries=141231 mean_loss=2.468099 lr=0.00207692 step=stateful RMSProp step applied
    unit 46/65 rc=821318 chunks=3 trained_queries=126165 mean_loss=2.404157 lr=0.00212308 step=stateful RMSProp step applied
    unit 47/65 rc=840714 chunks=9 trained_queries=429033 mean_loss=2.402175 lr=0.00216923 step=stateful RMSProp step applied
    unit 48/65 rc=915694 chunks=9 trained_queries=408105 mean_loss=2.398086 lr=0.00221538 step=stateful RMSProp step applied
    unit 49/65 rc=981868 chunks=1 trained_queries=6093 mean_loss=2.377514 lr=0.00226154 step=stateful RMSProp step applied
    unit 50/65 rc=982783 chunks=2 trained_queries=66629 mean_loss=2.439896 lr=0.00230769 step=stateful RMSProp step applied
    unit 51/65 rc=993056 chunks=7 trained_queries=308363 mean_loss=2.450274 lr=0.00235385 step=stateful RMSProp step applied
    unit 52/65 rc=1041804 chunks=4 trained_queries=199126 mean_loss=2.414769 lr=0.0024 step=stateful RMSProp step applied
    unit 53/65 rc=1074317 chunks=9 trained_queries=433526 mean_loss=2.418068 lr=0.00244615 step=stateful RMSProp step applied
    unit 54/65 rc=1145421 chunks=12 trained_queries=579167 mean_loss=2.388297 lr=0.00249231 step=stateful RMSProp step applied
    unit 55/65 rc=1241689 chunks=3 trained_queries=101120 mean_loss=2.379014 lr=0.00253846 step=stateful RMSProp step applied
    unit 56/65 rc=1257579 chunks=1 trained_queries=5491 mean_loss=2.334570 lr=0.00258462 step=stateful RMSProp step applied
    unit 57/65 rc=1258453 chunks=9 trained_queries=446222 mean_loss=2.410384 lr=0.00263077 step=stateful RMSProp step applied
    unit 58/65 rc=1329804 chunks=9 trained_queries=441016 mean_loss=2.379804 lr=0.00267692 step=stateful RMSProp step applied
    unit 59/65 rc=1402652 chunks=12 trained_queries=560431 mean_loss=2.367592 lr=0.00272308 step=stateful RMSProp step applied
    unit 60/65 rc=1500853 chunks=5 trained_queries=245522 mean_loss=2.373322 lr=0.00276923 step=stateful RMSProp step applied
    unit 61/65 rc=1539801 chunks=2 trained_queries=71112 mean_loss=2.372237 lr=0.00281538 step=stateful RMSProp step applied
    unit 62/65 rc=1551260 chunks=4 trained_queries=154732 mean_loss=2.407827 lr=0.00286154 step=stateful RMSProp step applied
    unit 63/65 rc=1576860 chunks=1 trained_queries=5479 mean_loss=2.343745 lr=0.00290769 step=stateful RMSProp step applied
    unit 64/65 rc=1577668 chunks=4 trained_queries=173110 mean_loss=2.409854 lr=0.00295385 step=stateful RMSProp step applied
    unit 65/65 rc=1607401 chunks=1 trained_queries=3774 mean_loss=2.333683 lr=0.003 step=stateful RMSProp step applied
  train-epoch: epoch 1 summary trained_queries=9313896 mean_loss=2.464752
  train-epoch: epoch 2/10
    unit 1/65 rc=1 chunks=5 trained_queries=248592 mean_loss=2.451635 lr=0.003 step=stateful RMSProp step applied
    unit 2/65 rc=50944 chunks=26 trained_queries=1265315 mean_loss=2.532828 lr=0.00299998 step=stateful RMSProp step applied
    unit 3/65 rc=297527 chunks=1 trained_queries=19135 mean_loss=2.491387 lr=0.00299991 step=stateful RMSProp step applied
    unit 4/65 rc=300526 chunks=1 trained_queries=16 mean_loss=2.546501 lr=0.00299981 step=stateful RMSProp step applied
    unit 5/65 rc=300527 chunks=1 trained_queries=41 mean_loss=3.792566 lr=0.00299965 step=stateful RMSProp step applied
    unit 6/65 rc=300532 chunks=2 trained_queries=57603 mean_loss=3.641551 lr=0.00299946 step=stateful RMSProp step applied
    unit 7/65 rc=309644 chunks=4 trained_queries=153896 mean_loss=2.940468 lr=0.00299922 step=stateful RMSProp step applied
    unit 8/65 rc=338414 chunks=1 trained_queries=20361 mean_loss=2.808482 lr=0.00299894 step=stateful RMSProp step applied
    unit 9/65 rc=341198 chunks=1 trained_queries=37121 mean_loss=2.741724 lr=0.00299862 step=stateful RMSProp step applied
    unit 10/65 rc=349443 chunks=1 trained_queries=16 mean_loss=3.975446 lr=0.00299825 step=stateful RMSProp step applied
    unit 11/65 rc=349444 chunks=2 trained_queries=79335 mean_loss=3.689304 lr=0.00299784 step=stateful RMSProp step applied
    unit 12/65 rc=364300 chunks=1 trained_queries=31681 mean_loss=2.788356 lr=0.00299738 step=stateful RMSProp step applied
    unit 13/65 rc=369639 chunks=1 trained_queries=16802 mean_loss=2.813849 lr=0.00299689 step=stateful RMSProp step applied
    unit 14/65 rc=372685 chunks=2 trained_queries=60358 mean_loss=2.595887 lr=0.00299635 step=stateful RMSProp step applied
    unit 15/65 rc=384066 chunks=1 trained_queries=20515 mean_loss=2.552102 lr=0.00299576 step=stateful RMSProp step applied
    unit 16/65 rc=387980 chunks=1 trained_queries=24039 mean_loss=2.536632 lr=0.00299514 step=stateful RMSProp step applied
    unit 17/65 rc=393192 chunks=1 trained_queries=13927 mean_loss=2.501298 lr=0.00299447 step=stateful RMSProp step applied
    unit 18/65 rc=395702 chunks=1 trained_queries=39049 mean_loss=2.462368 lr=0.00299375 step=stateful RMSProp step applied
    unit 19/65 rc=403670 chunks=1 trained_queries=12371 mean_loss=2.479789 lr=0.002993 step=stateful RMSProp step applied
    unit 20/65 rc=406003 chunks=1 trained_queries=14425 mean_loss=2.465971 lr=0.0029922 step=stateful RMSProp step applied
    unit 21/65 rc=409004 chunks=1 trained_queries=22209 mean_loss=2.466319 lr=0.00299136 step=stateful RMSProp step applied
    unit 22/65 rc=413181 chunks=2 trained_queries=85392 mean_loss=2.432931 lr=0.00299047 step=stateful RMSProp step applied
    unit 23/65 rc=429612 chunks=1 trained_queries=2388 mean_loss=2.527545 lr=0.00298954 step=stateful RMSProp step applied
    unit 24/65 rc=430059 chunks=1 trained_queries=6910 mean_loss=2.420841 lr=0.00298857 step=stateful RMSProp step applied
    unit 25/65 rc=431468 chunks=1 trained_queries=27536 mean_loss=2.383441 lr=0.00298756 step=stateful RMSProp step applied
    unit 26/65 rc=436920 chunks=1 trained_queries=20922 mean_loss=2.395552 lr=0.0029865 step=stateful RMSProp step applied
    unit 27/65 rc=440946 chunks=1 trained_queries=33835 mean_loss=2.349621 lr=0.0029854 step=stateful RMSProp step applied
    unit 28/65 rc=447521 chunks=1 trained_queries=41580 mean_loss=2.368129 lr=0.00298426 step=stateful RMSProp step applied
    unit 29/65 rc=455318 chunks=1 trained_queries=11281 mean_loss=2.354565 lr=0.00298307 step=stateful RMSProp step applied
    unit 30/65 rc=457596 chunks=1 trained_queries=368 mean_loss=2.439157 lr=0.00298185 step=stateful RMSProp step applied
    unit 31/65 rc=457660 chunks=1 trained_queries=33586 mean_loss=2.459201 lr=0.00298058 step=stateful RMSProp step applied
    unit 32/65 rc=464280 chunks=1 trained_queries=34526 mean_loss=2.381606 lr=0.00297926 step=stateful RMSProp step applied
    unit 33/65 rc=470512 chunks=2 trained_queries=56078 mean_loss=2.364304 lr=0.00297791 step=stateful RMSProp step applied
    unit 34/65 rc=480616 chunks=1 trained_queries=19413 mean_loss=2.323223 lr=0.00297651 step=stateful RMSProp step applied
    unit 35/65 rc=484674 chunks=1 trained_queries=5304 mean_loss=2.328651 lr=0.00297507 step=stateful RMSProp step applied
    unit 36/65 rc=485758 chunks=1 trained_queries=26869 mean_loss=2.353140 lr=0.00297358 step=stateful RMSProp step applied
    unit 37/65 rc=490864 chunks=1 trained_queries=944 mean_loss=2.270746 lr=0.00297206 step=stateful RMSProp step applied
    unit 38/65 rc=491028 chunks=1 trained_queries=13312 mean_loss=2.400558 lr=0.00297049 step=stateful RMSProp step applied
    unit 39/65 rc=493390 chunks=1 trained_queries=1500 mean_loss=2.218343 lr=0.00296887 step=stateful RMSProp step applied
    unit 40/65 rc=493671 chunks=10 trained_queries=499895 mean_loss=2.510813 lr=0.00296722 step=stateful RMSProp step applied
    unit 41/65 rc=574911 chunks=3 trained_queries=103409 mean_loss=2.434286 lr=0.00296553 step=stateful RMSProp step applied
    unit 42/65 rc=591555 chunks=3 trained_queries=142219 mean_loss=2.393170 lr=0.00296379 step=stateful RMSProp step applied
    unit 43/65 rc=614321 chunks=6 trained_queries=280413 mean_loss=2.391611 lr=0.00296201 step=stateful RMSProp step applied
    unit 44/65 rc=660187 chunks=17 trained_queries=823962 mean_loss=2.378955 lr=0.00296018 step=stateful RMSProp step applied
    unit 45/65 rc=798168 chunks=3 trained_queries=141231 mean_loss=2.397070 lr=0.00295832 step=stateful RMSProp step applied
    unit 46/65 rc=821318 chunks=3 trained_queries=126165 mean_loss=2.371040 lr=0.00295641 step=stateful RMSProp step applied
    unit 47/65 rc=840714 chunks=9 trained_queries=429033 mean_loss=2.374025 lr=0.00295446 step=stateful RMSProp step applied
    unit 48/65 rc=915694 chunks=9 trained_queries=408105 mean_loss=2.381833 lr=0.00295247 step=stateful RMSProp step applied
    unit 49/65 rc=981868 chunks=1 trained_queries=6093 mean_loss=2.320992 lr=0.00295044 step=stateful RMSProp step applied
    unit 50/65 rc=982783 chunks=2 trained_queries=66629 mean_loss=2.366082 lr=0.00294837 step=stateful RMSProp step applied
    unit 51/65 rc=993056 chunks=7 trained_queries=308363 mean_loss=2.359210 lr=0.00294625 step=stateful RMSProp step applied
    unit 52/65 rc=1041804 chunks=4 trained_queries=199126 mean_loss=2.350794 lr=0.00294409 step=stateful RMSProp step applied
    unit 53/65 rc=1074317 chunks=9 trained_queries=433526 mean_loss=2.358678 lr=0.00294189 step=stateful RMSProp step applied
    unit 54/65 rc=1145421 chunks=12 trained_queries=579167 mean_loss=2.350860 lr=0.00293965 step=stateful RMSProp step applied
    unit 55/65 rc=1241689 chunks=3 trained_queries=101120 mean_loss=2.336495 lr=0.00293737 step=stateful RMSProp step applied
    unit 56/65 rc=1257579 chunks=1 trained_queries=5491 mean_loss=2.294050 lr=0.00293504 step=stateful RMSProp step applied
    unit 57/65 rc=1258453 chunks=9 trained_queries=446222 mean_loss=2.344899 lr=0.00293268 step=stateful RMSProp step applied
    unit 58/65 rc=1329804 chunks=9 trained_queries=441016 mean_loss=2.330403 lr=0.00293027 step=stateful RMSProp step applied
    unit 59/65 rc=1402652 chunks=12 trained_queries=560431 mean_loss=2.326815 lr=0.00292782 step=stateful RMSProp step applied
    unit 60/65 rc=1500853 chunks=5 trained_queries=245522 mean_loss=2.329374 lr=0.00292533 step=stateful RMSProp step applied
    unit 61/65 rc=1539801 chunks=2 trained_queries=71112 mean_loss=2.317535 lr=0.0029228 step=stateful RMSProp step applied
    unit 62/65 rc=1551260 chunks=4 trained_queries=154732 mean_loss=2.322911 lr=0.00292023 step=stateful RMSProp step applied
    unit 63/65 rc=1576860 chunks=1 trained_queries=5479 mean_loss=2.293471 lr=0.00291762 step=stateful RMSProp step applied
    unit 64/65 rc=1577668 chunks=4 trained_queries=173110 mean_loss=2.351283 lr=0.00291497 step=stateful RMSProp step applied
    unit 65/65 rc=1607401 chunks=1 trained_queries=3774 mean_loss=2.262758 lr=0.00291227 step=stateful RMSProp step applied
  train-epoch: epoch 2 summary trained_queries=9313896 mean_loss=2.431853
  train-epoch: epoch 3/10
    unit 1/65 rc=1 chunks=5 trained_queries=248592 mean_loss=2.316368 lr=0.00290954 step=stateful RMSProp step applied
    unit 2/65 rc=50944 chunks=26 trained_queries=1265315 mean_loss=2.332563 lr=0.00290676 step=stateful RMSProp step applied
    unit 3/65 rc=297527 chunks=1 trained_queries=19135 mean_loss=2.346448 lr=0.00290395 step=stateful RMSProp step applied
    unit 4/65 rc=300526 chunks=1 trained_queries=16 mean_loss=1.974554 lr=0.00290109 step=stateful RMSProp step applied
    unit 5/65 rc=300527 chunks=1 trained_queries=41 mean_loss=2.899069 lr=0.00289819 step=stateful RMSProp step applied
    unit 6/65 rc=300532 chunks=2 trained_queries=57603 mean_loss=3.054059 lr=0.00289526 step=stateful RMSProp step applied
    unit 7/65 rc=309644 chunks=4 trained_queries=153896 mean_loss=2.555958 lr=0.00289228 step=stateful RMSProp step applied
    unit 8/65 rc=338414 chunks=1 trained_queries=20361 mean_loss=2.549340 lr=0.00288926 step=stateful RMSProp step applied
    unit 9/65 rc=341198 chunks=1 trained_queries=37121 mean_loss=2.486341 lr=0.0028862 step=stateful RMSProp step applied
    unit 10/65 rc=349443 chunks=1 trained_queries=16 mean_loss=2.978909 lr=0.00288311 step=stateful RMSProp step applied
    unit 11/65 rc=349444 chunks=2 trained_queries=79335 mean_loss=2.575580 lr=0.00287997 step=stateful RMSProp step applied
    unit 12/65 rc=364300 chunks=1 trained_queries=31681 mean_loss=2.415768 lr=0.00287679 step=stateful RMSProp step applied
    unit 13/65 rc=369639 chunks=1 trained_queries=16802 mean_loss=2.646717 lr=0.00287357 step=stateful RMSProp step applied
    unit 14/65 rc=372685 chunks=2 trained_queries=60358 mean_loss=2.427346 lr=0.00287032 step=stateful RMSProp step applied
    unit 15/65 rc=384066 chunks=1 trained_queries=20515 mean_loss=2.389634 lr=0.00286702 step=stateful RMSProp step applied
    unit 16/65 rc=387980 chunks=1 trained_queries=24039 mean_loss=2.392016 lr=0.00286369 step=stateful RMSProp step applied
    unit 17/65 rc=393192 chunks=1 trained_queries=13927 mean_loss=2.376725 lr=0.00286031 step=stateful RMSProp step applied
    unit 18/65 rc=395702 chunks=1 trained_queries=39049 mean_loss=2.335329 lr=0.0028569 step=stateful RMSProp step applied
    unit 19/65 rc=403670 chunks=1 trained_queries=12371 mean_loss=2.355064 lr=0.00285344 step=stateful RMSProp step applied
    unit 20/65 rc=406003 chunks=1 trained_queries=14425 mean_loss=2.352046 lr=0.00284995 step=stateful RMSProp step applied
    unit 21/65 rc=409004 chunks=1 trained_queries=22209 mean_loss=2.354601 lr=0.00284642 step=stateful RMSProp step applied
    unit 22/65 rc=413181 chunks=2 trained_queries=85392 mean_loss=2.324440 lr=0.00284285 step=stateful RMSProp step applied
    unit 23/65 rc=429612 chunks=1 trained_queries=2388 mean_loss=2.462802 lr=0.00283924 step=stateful RMSProp step applied
    unit 24/65 rc=430059 chunks=1 trained_queries=6910 mean_loss=2.320101 lr=0.00283559 step=stateful RMSProp step applied
    unit 25/65 rc=431468 chunks=1 trained_queries=27536 mean_loss=2.294008 lr=0.00283191 step=stateful RMSProp step applied
    unit 26/65 rc=436920 chunks=1 trained_queries=20922 mean_loss=2.302967 lr=0.00282818 step=stateful RMSProp step applied
    unit 27/65 rc=440946 chunks=1 trained_queries=33835 mean_loss=2.269799 lr=0.00282442 step=stateful RMSProp step applied
    unit 28/65 rc=447521 chunks=1 trained_queries=41580 mean_loss=2.297020 lr=0.00282062 step=stateful RMSProp step applied
    unit 29/65 rc=455318 chunks=1 trained_queries=11281 mean_loss=2.284527 lr=0.00281678 step=stateful RMSProp step applied
    unit 30/65 rc=457596 chunks=1 trained_queries=368 mean_loss=2.364320 lr=0.0028129 step=stateful RMSProp step applied
    unit 31/65 rc=457660 chunks=1 trained_queries=33586 mean_loss=2.332330 lr=0.00280899 step=stateful RMSProp step applied
    unit 32/65 rc=464280 chunks=1 trained_queries=34526 mean_loss=2.289239 lr=0.00280504 step=stateful RMSProp step applied
    unit 33/65 rc=470512 chunks=2 trained_queries=56078 mean_loss=2.284559 lr=0.00280105 step=stateful RMSProp step applied
    unit 34/65 rc=480616 chunks=1 trained_queries=19413 mean_loss=2.243425 lr=0.00279702 step=stateful RMSProp step applied
    unit 35/65 rc=484674 chunks=1 trained_queries=5304 mean_loss=2.274324 lr=0.00279295 step=stateful RMSProp step applied
    unit 36/65 rc=485758 chunks=1 trained_queries=26869 mean_loss=2.277816 lr=0.00278885 step=stateful RMSProp step applied
    unit 37/65 rc=490864 chunks=1 trained_queries=944 mean_loss=2.206702 lr=0.00278471 step=stateful RMSProp step applied
    unit 38/65 rc=491028 chunks=1 trained_queries=13312 mean_loss=2.296602 lr=0.00278054 step=stateful RMSProp step applied
    unit 39/65 rc=493390 chunks=1 trained_queries=1500 mean_loss=2.144289 lr=0.00277632 step=stateful RMSProp step applied
    unit 40/65 rc=493671 chunks=10 trained_queries=499895 mean_loss=2.409339 lr=0.00277207 step=stateful RMSProp step applied
    unit 41/65 rc=574911 chunks=3 trained_queries=103409 mean_loss=2.369909 lr=0.00276778 step=stateful RMSProp step applied
    unit 42/65 rc=591555 chunks=3 trained_queries=142219 mean_loss=2.337924 lr=0.00276346 step=stateful RMSProp step applied
    unit 43/65 rc=614321 chunks=6 trained_queries=280413 mean_loss=2.336166 lr=0.0027591 step=stateful RMSProp step applied
    unit 44/65 rc=660187 chunks=17 trained_queries=823962 mean_loss=2.335499 lr=0.00275471 step=stateful RMSProp step applied
    unit 45/65 rc=798168 chunks=3 trained_queries=141231 mean_loss=2.357277 lr=0.00275027 step=stateful RMSProp step applied
    unit 46/65 rc=821318 chunks=3 trained_queries=126165 mean_loss=2.328905 lr=0.0027458 step=stateful RMSProp step applied
    unit 47/65 rc=840714 chunks=9 trained_queries=429033 mean_loss=2.325169 lr=0.0027413 step=stateful RMSProp step applied
    unit 48/65 rc=915694 chunks=9 trained_queries=408105 mean_loss=2.332520 lr=0.00273676 step=stateful RMSProp step applied
    unit 49/65 rc=981868 chunks=1 trained_queries=6093 mean_loss=2.272951 lr=0.00273218 step=stateful RMSProp step applied
    unit 50/65 rc=982783 chunks=2 trained_queries=66629 mean_loss=2.326221 lr=0.00272757 step=stateful RMSProp step applied
    unit 51/65 rc=993056 chunks=7 trained_queries=308363 mean_loss=2.323670 lr=0.00272293 step=stateful RMSProp step applied
    unit 52/65 rc=1041804 chunks=4 trained_queries=199126 mean_loss=2.308460 lr=0.00271824 step=stateful RMSProp step applied
    unit 53/65 rc=1074317 chunks=9 trained_queries=433526 mean_loss=2.305786 lr=0.00271353 step=stateful RMSProp step applied
    unit 54/65 rc=1145421 chunks=12 trained_queries=579167 mean_loss=2.296540 lr=0.00270877 step=stateful RMSProp step applied
    unit 55/65 rc=1241689 chunks=3 trained_queries=101120 mean_loss=2.282875 lr=0.00270399 step=stateful RMSProp step applied
    unit 56/65 rc=1257579 chunks=1 trained_queries=5491 mean_loss=2.240515 lr=0.00269916 step=stateful RMSProp step applied
    unit 57/65 rc=1258453 chunks=9 trained_queries=446222 mean_loss=2.282995 lr=0.00269431 step=stateful RMSProp step applied
    unit 58/65 rc=1329804 chunks=9 trained_queries=441016 mean_loss=2.279054 lr=0.00268942 step=stateful RMSProp step applied
    unit 59/65 rc=1402652 chunks=12 trained_queries=560431 mean_loss=2.275276 lr=0.00268449 step=stateful RMSProp step applied
    unit 60/65 rc=1500853 chunks=5 trained_queries=245522 mean_loss=2.273916 lr=0.00267953 step=stateful RMSProp step applied
    unit 61/65 rc=1539801 chunks=2 trained_queries=71112 mean_loss=2.260667 lr=0.00267454 step=stateful RMSProp step applied
    unit 62/65 rc=1551260 chunks=4 trained_queries=154732 mean_loss=2.269766 lr=0.00266951 step=stateful RMSProp step applied
    unit 63/65 rc=1576860 chunks=1 trained_queries=5479 mean_loss=2.237363 lr=0.00266445 step=stateful RMSProp step applied
    unit 64/65 rc=1577668 chunks=4 trained_queries=173110 mean_loss=2.301116 lr=0.00265936 step=stateful RMSProp step applied
    unit 65/65 rc=1607401 chunks=1 trained_queries=3774 mean_loss=2.232561 lr=0.00265423 step=stateful RMSProp step applied
  train-epoch: epoch 3 summary trained_queries=9313896 mean_loss=2.331629
  train-epoch: epoch 4/10
    unit 1/65 rc=1 chunks=5 trained_queries=248592 mean_loss=2.285766 lr=0.00264907 step=stateful RMSProp step applied
    unit 2/65 rc=50944 chunks=26 trained_queries=1265315 mean_loss=2.293156 lr=0.00264387 step=stateful RMSProp step applied
    unit 3/65 rc=297527 chunks=1 trained_queries=19135 mean_loss=2.292858 lr=0.00263864 step=stateful RMSProp step applied
    unit 4/65 rc=300526 chunks=1 trained_queries=16 mean_loss=1.650597 lr=0.00263338 step=stateful RMSProp step applied
    unit 5/65 rc=300527 chunks=1 trained_queries=41 mean_loss=2.545144 lr=0.00262809 step=stateful RMSProp step applied
    unit 6/65 rc=300532 chunks=2 trained_queries=57603 mean_loss=2.840597 lr=0.00262277 step=stateful RMSProp step applied
    unit 7/65 rc=309644 chunks=4 trained_queries=153896 mean_loss=2.506659 lr=0.00261741 step=stateful RMSProp step applied
    unit 8/65 rc=338414 chunks=1 trained_queries=20361 mean_loss=2.484174 lr=0.00261202 step=stateful RMSProp step applied
    unit 9/65 rc=341198 chunks=1 trained_queries=37121 mean_loss=2.377102 lr=0.0026066 step=stateful RMSProp step applied
    unit 10/65 rc=349443 chunks=1 trained_queries=16 mean_loss=2.046686 lr=0.00260114 step=stateful RMSProp step applied
    unit 11/65 rc=349444 chunks=2 trained_queries=79335 mean_loss=2.384996 lr=0.00259566 step=stateful RMSProp step applied
    unit 12/65 rc=364300 chunks=1 trained_queries=31681 mean_loss=2.295017 lr=0.00259014 step=stateful RMSProp step applied
    unit 13/65 rc=369639 chunks=1 trained_queries=16802 mean_loss=2.407597 lr=0.00258459 step=stateful RMSProp step applied
    unit 14/65 rc=372685 chunks=2 trained_queries=60358 mean_loss=2.294692 lr=0.00257901 step=stateful RMSProp step applied
    unit 15/65 rc=384066 chunks=1 trained_queries=20515 mean_loss=2.261480 lr=0.0025734 step=stateful RMSProp step applied
    unit 16/65 rc=387980 chunks=1 trained_queries=24039 mean_loss=2.244305 lr=0.00256776 step=stateful RMSProp step applied
    unit 17/65 rc=393192 chunks=1 trained_queries=13927 mean_loss=2.251450 lr=0.00256208 step=stateful RMSProp step applied
    unit 18/65 rc=395702 chunks=1 trained_queries=39049 mean_loss=2.205443 lr=0.00255638 step=stateful RMSProp step applied
    unit 19/65 rc=403670 chunks=1 trained_queries=12371 mean_loss=2.250082 lr=0.00255065 step=stateful RMSProp step applied
    unit 20/65 rc=406003 chunks=1 trained_queries=14425 mean_loss=2.231816 lr=0.00254488 step=stateful RMSProp step applied
    unit 21/65 rc=409004 chunks=1 trained_queries=22209 mean_loss=2.254809 lr=0.00253909 step=stateful RMSProp step applied
    unit 22/65 rc=413181 chunks=2 trained_queries=85392 mean_loss=2.220723 lr=0.00253326 step=stateful RMSProp step applied
    unit 23/65 rc=429612 chunks=1 trained_queries=2388 mean_loss=2.357950 lr=0.00252741 step=stateful RMSProp step applied
    unit 24/65 rc=430059 chunks=1 trained_queries=6910 mean_loss=2.207850 lr=0.00252152 step=stateful RMSProp step applied
    unit 25/65 rc=431468 chunks=1 trained_queries=27536 mean_loss=2.191957 lr=0.00251561 step=stateful RMSProp step applied
    unit 26/65 rc=436920 chunks=1 trained_queries=20922 mean_loss=2.213106 lr=0.00250967 step=stateful RMSProp step applied
    unit 27/65 rc=440946 chunks=1 trained_queries=33835 mean_loss=2.176680 lr=0.0025037 step=stateful RMSProp step applied
    unit 28/65 rc=447521 chunks=1 trained_queries=41580 mean_loss=2.207440 lr=0.0024977 step=stateful RMSProp step applied
    unit 29/65 rc=455318 chunks=1 trained_queries=11281 mean_loss=2.191735 lr=0.00249167 step=stateful RMSProp step applied
    unit 30/65 rc=457596 chunks=1 trained_queries=368 mean_loss=2.237957 lr=0.00248561 step=stateful RMSProp step applied
    unit 31/65 rc=457660 chunks=1 trained_queries=33586 mean_loss=2.241773 lr=0.00247952 step=stateful RMSProp step applied
    unit 32/65 rc=464280 chunks=1 trained_queries=34526 mean_loss=2.218212 lr=0.00247341 step=stateful RMSProp step applied
    unit 33/65 rc=470512 chunks=2 trained_queries=56078 mean_loss=2.223175 lr=0.00246726 step=stateful RMSProp step applied
    unit 34/65 rc=480616 chunks=1 trained_queries=19413 mean_loss=2.157947 lr=0.00246109 step=stateful RMSProp step applied
    unit 35/65 rc=484674 chunks=1 trained_queries=5304 mean_loss=2.186987 lr=0.00245489 step=stateful RMSProp step applied
    unit 36/65 rc=485758 chunks=1 trained_queries=26869 mean_loss=2.211967 lr=0.00244867 step=stateful RMSProp step applied
    unit 37/65 rc=490864 chunks=1 trained_queries=944 mean_loss=2.106010 lr=0.00244241 step=stateful RMSProp step applied
    unit 38/65 rc=491028 chunks=1 trained_queries=13312 mean_loss=2.238586 lr=0.00243613 step=stateful RMSProp step applied
    unit 39/65 rc=493390 chunks=1 trained_queries=1500 mean_loss=2.087410 lr=0.00242983 step=stateful RMSProp step applied
    unit 40/65 rc=493671 chunks=10 trained_queries=499895 mean_loss=2.328452 lr=0.00242349 step=stateful RMSProp step applied
    unit 41/65 rc=574911 chunks=3 trained_queries=103409 mean_loss=2.293220 lr=0.00241713 step=stateful RMSProp step applied
    unit 42/65 rc=591555 chunks=3 trained_queries=142219 mean_loss=2.258071 lr=0.00241074 step=stateful RMSProp step applied
    unit 43/65 rc=614321 chunks=6 trained_queries=280413 mean_loss=2.257475 lr=0.00240433 step=stateful RMSProp step applied
    unit 44/65 rc=660187 chunks=17 trained_queries=823962 mean_loss=2.249508 lr=0.00239789 step=stateful RMSProp step applied
    unit 45/65 rc=798168 chunks=3 trained_queries=141231 mean_loss=2.269244 lr=0.00239142 step=stateful RMSProp step applied
    unit 46/65 rc=821318 chunks=3 trained_queries=126165 mean_loss=2.242402 lr=0.00238493 step=stateful RMSProp step applied
    unit 47/65 rc=840714 chunks=9 trained_queries=429033 mean_loss=2.243245 lr=0.00237842 step=stateful RMSProp step applied
    unit 48/65 rc=915694 chunks=9 trained_queries=408105 mean_loss=2.247576 lr=0.00237187 step=stateful RMSProp step applied
    unit 49/65 rc=981868 chunks=1 trained_queries=6093 mean_loss=2.178733 lr=0.00236531 step=stateful RMSProp step applied
    unit 50/65 rc=982783 chunks=2 trained_queries=66629 mean_loss=2.240685 lr=0.00235871 step=stateful RMSProp step applied
    unit 51/65 rc=993056 chunks=7 trained_queries=308363 mean_loss=2.243326 lr=0.0023521 step=stateful RMSProp step applied
    unit 52/65 rc=1041804 chunks=4 trained_queries=199126 mean_loss=2.239154 lr=0.00234546 step=stateful RMSProp step applied
    unit 53/65 rc=1074317 chunks=9 trained_queries=433526 mean_loss=2.241916 lr=0.00233879 step=stateful RMSProp step applied
    unit 54/65 rc=1145421 chunks=12 trained_queries=579167 mean_loss=2.233431 lr=0.0023321 step=stateful RMSProp step applied
    unit 55/65 rc=1241689 chunks=3 trained_queries=101120 mean_loss=2.215591 lr=0.00232538 step=stateful RMSProp step applied
    unit 56/65 rc=1257579 chunks=1 trained_queries=5491 mean_loss=2.171741 lr=0.00231865 step=stateful RMSProp step applied
    unit 57/65 rc=1258453 chunks=9 trained_queries=446222 mean_loss=2.222453 lr=0.00231189 step=stateful RMSProp step applied
    unit 58/65 rc=1329804 chunks=9 trained_queries=441016 mean_loss=2.223129 lr=0.0023051 step=stateful RMSProp step applied
    unit 59/65 rc=1402652 chunks=12 trained_queries=560431 mean_loss=2.222895 lr=0.00229829 step=stateful RMSProp step applied
    unit 60/65 rc=1500853 chunks=5 trained_queries=245522 mean_loss=2.221717 lr=0.00229146 step=stateful RMSProp step applied
    unit 61/65 rc=1539801 chunks=2 trained_queries=71112 mean_loss=2.203169 lr=0.00228461 step=stateful RMSProp step applied
    unit 62/65 rc=1551260 chunks=4 trained_queries=154732 mean_loss=2.208513 lr=0.00227773 step=stateful RMSProp step applied
    unit 63/65 rc=1576860 chunks=1 trained_queries=5479 mean_loss=2.178788 lr=0.00227083 step=stateful RMSProp step applied
    unit 64/65 rc=1577668 chunks=4 trained_queries=173110 mean_loss=2.225796 lr=0.00226391 step=stateful RMSProp step applied
    unit 65/65 rc=1607401 chunks=1 trained_queries=3774 mean_loss=2.146567 lr=0.00225697 step=stateful RMSProp step applied
  train-epoch: epoch 4 summary trained_queries=9313896 mean_loss=2.261572
  train-epoch: epoch 5/10
    unit 1/65 rc=1 chunks=5 trained_queries=248592 mean_loss=2.198426 lr=0.00225 step=stateful RMSProp step applied
    unit 2/65 rc=50944 chunks=26 trained_queries=1265315 mean_loss=2.223762 lr=0.00224301 step=stateful RMSProp step applied
    unit 3/65 rc=297527 chunks=1 trained_queries=19135 mean_loss=2.235302 lr=0.002236 step=stateful RMSProp step applied
    unit 4/65 rc=300526 chunks=1 trained_queries=16 mean_loss=1.436531 lr=0.00222898 step=stateful RMSProp step applied
    unit 5/65 rc=300527 chunks=1 trained_queries=41 mean_loss=2.251515 lr=0.00222192 step=stateful RMSProp step applied
    unit 6/65 rc=300532 chunks=2 trained_queries=57603 mean_loss=2.613878 lr=0.00221485 step=stateful RMSProp step applied
    unit 7/65 rc=309644 chunks=4 trained_queries=153896 mean_loss=2.352609 lr=0.00220776 step=stateful RMSProp step applied
    unit 8/65 rc=338414 chunks=1 trained_queries=20361 mean_loss=2.352377 lr=0.00220065 step=stateful RMSProp step applied
    unit 9/65 rc=341198 chunks=1 trained_queries=37121 mean_loss=2.259753 lr=0.00219352 step=stateful RMSProp step applied
    unit 10/65 rc=349443 chunks=1 trained_queries=16 mean_loss=1.543086 lr=0.00218636 step=stateful RMSProp step applied
    unit 11/65 rc=349444 chunks=2 trained_queries=79335 mean_loss=2.386893 lr=0.00217919 step=stateful RMSProp step applied
    unit 12/65 rc=364300 chunks=1 trained_queries=31681 mean_loss=2.270572 lr=0.002172 step=stateful RMSProp step applied
    unit 13/65 rc=369639 chunks=1 trained_queries=16802 mean_loss=2.371865 lr=0.00216479 step=stateful RMSProp step applied
    unit 14/65 rc=372685 chunks=2 trained_queries=60358 mean_loss=2.252172 lr=0.00215756 step=stateful RMSProp step applied
    unit 15/65 rc=384066 chunks=1 trained_queries=20515 mean_loss=2.216687 lr=0.00215031 step=stateful RMSProp step applied
    unit 16/65 rc=387980 chunks=1 trained_queries=24039 mean_loss=2.193240 lr=0.00214304 step=stateful RMSProp step applied
    unit 17/65 rc=393192 chunks=1 trained_queries=13927 mean_loss=2.197388 lr=0.00213575 step=stateful RMSProp step applied
    unit 18/65 rc=395702 chunks=1 trained_queries=39049 mean_loss=2.147729 lr=0.00212845 step=stateful RMSProp step applied
    unit 19/65 rc=403670 chunks=1 trained_queries=12371 mean_loss=2.195540 lr=0.00212112 step=stateful RMSProp step applied
    unit 20/65 rc=406003 chunks=1 trained_queries=14425 mean_loss=2.183381 lr=0.00211378 step=stateful RMSProp step applied
    unit 21/65 rc=409004 chunks=1 trained_queries=22209 mean_loss=2.200121 lr=0.00210642 step=stateful RMSProp step applied
    unit 22/65 rc=413181 chunks=2 trained_queries=85392 mean_loss=2.173587 lr=0.00209905 step=stateful RMSProp step applied
    unit 23/65 rc=429612 chunks=1 trained_queries=2388 mean_loss=2.305088 lr=0.00209165 step=stateful RMSProp step applied
    unit 24/65 rc=430059 chunks=1 trained_queries=6910 mean_loss=2.140413 lr=0.00208424 step=stateful RMSProp step applied
    unit 25/65 rc=431468 chunks=1 trained_queries=27536 mean_loss=2.130637 lr=0.00207681 step=stateful RMSProp step applied
    unit 26/65 rc=436920 chunks=1 trained_queries=20922 mean_loss=2.145357 lr=0.00206937 step=stateful RMSProp step applied
    unit 27/65 rc=440946 chunks=1 trained_queries=33835 mean_loss=2.107550 lr=0.00206191 step=stateful RMSProp step applied
    unit 28/65 rc=447521 chunks=1 trained_queries=41580 mean_loss=2.148692 lr=0.00205443 step=stateful RMSProp step applied
    unit 29/65 rc=455318 chunks=1 trained_queries=11281 mean_loss=2.135511 lr=0.00204694 step=stateful RMSProp step applied
    unit 30/65 rc=457596 chunks=1 trained_queries=368 mean_loss=2.167753 lr=0.00203943 step=stateful RMSProp step applied
    unit 31/65 rc=457660 chunks=1 trained_queries=33586 mean_loss=2.165197 lr=0.00203191 step=stateful RMSProp step applied
    unit 32/65 rc=464280 chunks=1 trained_queries=34526 mean_loss=2.149218 lr=0.00202437 step=stateful RMSProp step applied
    unit 33/65 rc=470512 chunks=2 trained_queries=56078 mean_loss=2.164789 lr=0.00201681 step=stateful RMSProp step applied
    unit 34/65 rc=480616 chunks=1 trained_queries=19413 mean_loss=2.097935 lr=0.00200924 step=stateful RMSProp step applied
    unit 35/65 rc=484674 chunks=1 trained_queries=5304 mean_loss=2.126926 lr=0.00200166 step=stateful RMSProp step applied
    unit 36/65 rc=485758 chunks=1 trained_queries=26869 mean_loss=2.151410 lr=0.00199406 step=stateful RMSProp step applied
    unit 37/65 rc=490864 chunks=1 trained_queries=944 mean_loss=2.040045 lr=0.00198645 step=stateful RMSProp step applied
    unit 38/65 rc=491028 chunks=1 trained_queries=13312 mean_loss=2.175281 lr=0.00197882 step=stateful RMSProp step applied
    unit 39/65 rc=493390 chunks=1 trained_queries=1500 mean_loss=2.017373 lr=0.00197118 step=stateful RMSProp step applied
    unit 40/65 rc=493671 chunks=10 trained_queries=499895 mean_loss=2.297802 lr=0.00196353 step=stateful RMSProp step applied
    unit 41/65 rc=574911 chunks=3 trained_queries=103409 mean_loss=2.267976 lr=0.00195586 step=stateful RMSProp step applied
    unit 42/65 rc=591555 chunks=3 trained_queries=142219 mean_loss=2.225209 lr=0.00194818 step=stateful RMSProp step applied
    unit 43/65 rc=614321 chunks=6 trained_queries=280413 mean_loss=2.222520 lr=0.00194048 step=stateful RMSProp step applied
    unit 44/65 rc=660187 chunks=17 trained_queries=823962 mean_loss=2.213443 lr=0.00193278 step=stateful RMSProp step applied
    unit 45/65 rc=798168 chunks=3 trained_queries=141231 mean_loss=2.233047 lr=0.00192506 step=stateful RMSProp step applied
    unit 46/65 rc=821318 chunks=3 trained_queries=126165 mean_loss=2.207084 lr=0.00191733 step=stateful RMSProp step applied
    unit 47/65 rc=840714 chunks=9 trained_queries=429033 mean_loss=2.208268 lr=0.00190958 step=stateful RMSProp step applied
    unit 48/65 rc=915694 chunks=9 trained_queries=408105 mean_loss=2.208741 lr=0.00190183 step=stateful RMSProp step applied
    unit 49/65 rc=981868 chunks=1 trained_queries=6093 mean_loss=2.137564 lr=0.00189406 step=stateful RMSProp step applied
    unit 50/65 rc=982783 chunks=2 trained_queries=66629 mean_loss=2.192259 lr=0.00188628 step=stateful RMSProp step applied
    unit 51/65 rc=993056 chunks=7 trained_queries=308363 mean_loss=2.186800 lr=0.00187849 step=stateful RMSProp step applied
    unit 52/65 rc=1041804 chunks=4 trained_queries=199126 mean_loss=2.185736 lr=0.00187069 step=stateful RMSProp step applied
    unit 53/65 rc=1074317 chunks=9 trained_queries=433526 mean_loss=2.191993 lr=0.00186288 step=stateful RMSProp step applied
    unit 54/65 rc=1145421 chunks=12 trained_queries=579167 mean_loss=2.187888 lr=0.00185506 step=stateful RMSProp step applied
    unit 55/65 rc=1241689 chunks=3 trained_queries=101120 mean_loss=2.172123 lr=0.00184723 step=stateful RMSProp step applied
    unit 56/65 rc=1257579 chunks=1 trained_queries=5491 mean_loss=2.127442 lr=0.00183939 step=stateful RMSProp step applied
    unit 57/65 rc=1258453 chunks=9 trained_queries=446222 mean_loss=2.182212 lr=0.00183154 step=stateful RMSProp step applied
    unit 58/65 rc=1329804 chunks=9 trained_queries=441016 mean_loss=2.181557 lr=0.00182368 step=stateful RMSProp step applied
    unit 59/65 rc=1402652 chunks=12 trained_queries=560431 mean_loss=2.182525 lr=0.00181581 step=stateful RMSProp step applied
    unit 60/65 rc=1500853 chunks=5 trained_queries=245522 mean_loss=2.177571 lr=0.00180793 step=stateful RMSProp step applied
    unit 61/65 rc=1539801 chunks=2 trained_queries=71112 mean_loss=2.165353 lr=0.00180004 step=stateful RMSProp step applied
    unit 62/65 rc=1551260 chunks=4 trained_queries=154732 mean_loss=2.173106 lr=0.00179214 step=stateful RMSProp step applied
    unit 63/65 rc=1576860 chunks=1 trained_queries=5479 mean_loss=2.152082 lr=0.00178424 step=stateful RMSProp step applied
    unit 64/65 rc=1577668 chunks=4 trained_queries=173110 mean_loss=2.189448 lr=0.00177632 step=stateful RMSProp step applied
    unit 65/65 rc=1607401 chunks=1 trained_queries=3774 mean_loss=2.106485 lr=0.0017684 step=stateful RMSProp step applied
  train-epoch: epoch 5 summary trained_queries=9313896 mean_loss=2.211887
  train-epoch: epoch 6/10
    unit 1/65 rc=1 chunks=5 trained_queries=248592 mean_loss=2.156411 lr=0.00176047 step=stateful RMSProp step applied
    unit 2/65 rc=50944 chunks=26 trained_queries=1265315 mean_loss=2.183478 lr=0.00175254 step=stateful RMSProp step applied
    unit 3/65 rc=297527 chunks=1 trained_queries=19135 mean_loss=2.186540 lr=0.00174459 step=stateful RMSProp step applied
    unit 4/65 rc=300526 chunks=1 trained_queries=16 mean_loss=1.436299 lr=0.00173664 step=stateful RMSProp step applied
    unit 5/65 rc=300527 chunks=1 trained_queries=41 mean_loss=1.906255 lr=0.00172868 step=stateful RMSProp step applied
    unit 6/65 rc=300532 chunks=2 trained_queries=57603 mean_loss=2.535354 lr=0.00172072 step=stateful RMSProp step applied
    unit 7/65 rc=309644 chunks=4 trained_queries=153896 mean_loss=2.312658 lr=0.00171275 step=stateful RMSProp step applied
    unit 8/65 rc=338414 chunks=1 trained_queries=20361 mean_loss=2.326875 lr=0.00170477 step=stateful RMSProp step applied
    unit 9/65 rc=341198 chunks=1 trained_queries=37121 mean_loss=2.232647 lr=0.00169679 step=stateful RMSProp step applied
    unit 10/65 rc=349443 chunks=1 trained_queries=16 mean_loss=1.042086 lr=0.0016888 step=stateful RMSProp step applied
    unit 11/65 rc=349444 chunks=2 trained_queries=79335 mean_loss=2.199212 lr=0.0016808 step=stateful RMSProp step applied
    unit 12/65 rc=364300 chunks=1 trained_queries=31681 mean_loss=2.168241 lr=0.00167281 step=stateful RMSProp step applied
    unit 13/65 rc=369639 chunks=1 trained_queries=16802 mean_loss=2.236930 lr=0.0016648 step=stateful RMSProp step applied
    unit 14/65 rc=372685 chunks=2 trained_queries=60358 mean_loss=2.173561 lr=0.00165679 step=stateful RMSProp step applied
    unit 15/65 rc=384066 chunks=1 trained_queries=20515 mean_loss=2.145957 lr=0.00164878 step=stateful RMSProp step applied
    unit 16/65 rc=387980 chunks=1 trained_queries=24039 mean_loss=2.118002 lr=0.00164076 step=stateful RMSProp step applied
    unit 17/65 rc=393192 chunks=1 trained_queries=13927 mean_loss=2.133504 lr=0.00163274 step=stateful RMSProp step applied
    unit 18/65 rc=395702 chunks=1 trained_queries=39049 mean_loss=2.085737 lr=0.00162471 step=stateful RMSProp step applied
    unit 19/65 rc=403670 chunks=1 trained_queries=12371 mean_loss=2.135285 lr=0.00161668 step=stateful RMSProp step applied
    unit 20/65 rc=406003 chunks=1 trained_queries=14425 mean_loss=2.128752 lr=0.00160865 step=stateful RMSProp step applied
    unit 21/65 rc=409004 chunks=1 trained_queries=22209 mean_loss=2.151716 lr=0.00160062 step=stateful RMSProp step applied
    unit 22/65 rc=413181 chunks=2 trained_queries=85392 mean_loss=2.118430 lr=0.00159258 step=stateful RMSProp step applied
    unit 23/65 rc=429612 chunks=1 trained_queries=2388 mean_loss=2.249040 lr=0.00158454 step=stateful RMSProp step applied
    unit 24/65 rc=430059 chunks=1 trained_queries=6910 mean_loss=2.082705 lr=0.00157649 step=stateful RMSProp step applied
    unit 25/65 rc=431468 chunks=1 trained_queries=27536 mean_loss=2.076890 lr=0.00156845 step=stateful RMSProp step applied
    unit 26/65 rc=436920 chunks=1 trained_queries=20922 mean_loss=2.096231 lr=0.0015604 step=stateful RMSProp step applied
    unit 27/65 rc=440946 chunks=1 trained_queries=33835 mean_loss=2.061512 lr=0.00155235 step=stateful RMSProp step applied
    unit 28/65 rc=447521 chunks=1 trained_queries=41580 mean_loss=2.111248 lr=0.0015443 step=stateful RMSProp step applied
    unit 29/65 rc=455318 chunks=1 trained_queries=11281 mean_loss=2.091796 lr=0.00153625 step=stateful RMSProp step applied
    unit 30/65 rc=457596 chunks=1 trained_queries=368 mean_loss=2.094573 lr=0.00152819 step=stateful RMSProp step applied
    unit 31/65 rc=457660 chunks=1 trained_queries=33586 mean_loss=2.112145 lr=0.00152014 step=stateful RMSProp step applied
    unit 32/65 rc=464280 chunks=1 trained_queries=34526 mean_loss=2.111717 lr=0.00151208 step=stateful RMSProp step applied
    unit 33/65 rc=470512 chunks=2 trained_queries=56078 mean_loss=2.128228 lr=0.00150403 step=stateful RMSProp step applied
    unit 34/65 rc=480616 chunks=1 trained_queries=19413 mean_loss=2.062028 lr=0.00149597 step=stateful RMSProp step applied
    unit 35/65 rc=484674 chunks=1 trained_queries=5304 mean_loss=2.080741 lr=0.00148792 step=stateful RMSProp step applied
    unit 36/65 rc=485758 chunks=1 trained_queries=26869 mean_loss=2.124594 lr=0.00147986 step=stateful RMSProp step applied
    unit 37/65 rc=490864 chunks=1 trained_queries=944 mean_loss=1.980531 lr=0.00147181 step=stateful RMSProp step applied
    unit 38/65 rc=491028 chunks=1 trained_queries=13312 mean_loss=2.108951 lr=0.00146375 step=stateful RMSProp step applied
    unit 39/65 rc=493390 chunks=1 trained_queries=1500 mean_loss=1.975828 lr=0.0014557 step=stateful RMSProp step applied
    unit 40/65 rc=493671 chunks=10 trained_queries=499895 mean_loss=2.221942 lr=0.00144765 step=stateful RMSProp step applied
    unit 41/65 rc=574911 chunks=3 trained_queries=103409 mean_loss=2.202131 lr=0.0014396 step=stateful RMSProp step applied
    unit 42/65 rc=591555 chunks=3 trained_queries=142219 mean_loss=2.169933 lr=0.00143155 step=stateful RMSProp step applied
    unit 43/65 rc=614321 chunks=6 trained_queries=280413 mean_loss=2.176943 lr=0.00142351 step=stateful RMSProp step applied
    unit 44/65 rc=660187 chunks=17 trained_queries=823962 mean_loss=2.166950 lr=0.00141546 step=stateful RMSProp step applied
    unit 45/65 rc=798168 chunks=3 trained_queries=141231 mean_loss=2.189258 lr=0.00140742 step=stateful RMSProp step applied
    unit 46/65 rc=821318 chunks=3 trained_queries=126165 mean_loss=2.163799 lr=0.00139938 step=stateful RMSProp step applied
    unit 47/65 rc=840714 chunks=9 trained_queries=429033 mean_loss=2.167571 lr=0.00139135 step=stateful RMSProp step applied
    unit 48/65 rc=915694 chunks=9 trained_queries=408105 mean_loss=2.169617 lr=0.00138332 step=stateful RMSProp step applied
    unit 49/65 rc=981868 chunks=1 trained_queries=6093 mean_loss=2.096998 lr=0.00137529 step=stateful RMSProp step applied
    unit 50/65 rc=982783 chunks=2 trained_queries=66629 mean_loss=2.152446 lr=0.00136726 step=stateful RMSProp step applied
    unit 51/65 rc=993056 chunks=7 trained_queries=308363 mean_loss=2.149124 lr=0.00135924 step=stateful RMSProp step applied
    unit 52/65 rc=1041804 chunks=4 trained_queries=199126 mean_loss=2.154662 lr=0.00135122 step=stateful RMSProp step applied
    unit 53/65 rc=1074317 chunks=9 trained_queries=433526 mean_loss=2.156727 lr=0.00134321 step=stateful RMSProp step applied
    unit 54/65 rc=1145421 chunks=12 trained_queries=579167 mean_loss=2.151282 lr=0.0013352 step=stateful RMSProp step applied
    unit 55/65 rc=1241689 chunks=3 trained_queries=101120 mean_loss=2.134662 lr=0.00132719 step=stateful RMSProp step applied
    unit 56/65 rc=1257579 chunks=1 trained_queries=5491 mean_loss=2.094718 lr=0.00131919 step=stateful RMSProp step applied
    unit 57/65 rc=1258453 chunks=9 trained_queries=446222 mean_loss=2.144062 lr=0.0013112 step=stateful RMSProp step applied
    unit 58/65 rc=1329804 chunks=9 trained_queries=441016 mean_loss=2.146899 lr=0.00130321 step=stateful RMSProp step applied
    unit 59/65 rc=1402652 chunks=12 trained_queries=560431 mean_loss=2.149772 lr=0.00129523 step=stateful RMSProp step applied
    unit 60/65 rc=1500853 chunks=5 trained_queries=245522 mean_loss=2.141911 lr=0.00128725 step=stateful RMSProp step applied
    unit 61/65 rc=1539801 chunks=2 trained_queries=71112 mean_loss=2.129504 lr=0.00127928 step=stateful RMSProp step applied
    unit 62/65 rc=1551260 chunks=4 trained_queries=154732 mean_loss=2.135854 lr=0.00127132 step=stateful RMSProp step applied
    unit 63/65 rc=1576860 chunks=1 trained_queries=5479 mean_loss=2.122193 lr=0.00126336 step=stateful RMSProp step applied
    unit 64/65 rc=1577668 chunks=4 trained_queries=173110 mean_loss=2.150844 lr=0.00125541 step=stateful RMSProp step applied
    unit 65/65 rc=1607401 chunks=1 trained_queries=3774 mean_loss=2.066843 lr=0.00124746 step=stateful RMSProp step applied
  train-epoch: epoch 6 summary trained_queries=9313896 mean_loss=2.167576
  train-epoch: epoch 7/10
    unit 1/65 rc=1 chunks=5 trained_queries=248592 mean_loss=2.120327 lr=0.00123953 step=stateful RMSProp step applied
    unit 2/65 rc=50944 chunks=26 trained_queries=1265315 mean_loss=2.147534 lr=0.0012316 step=stateful RMSProp step applied
    unit 3/65 rc=297527 chunks=1 trained_queries=19135 mean_loss=2.160866 lr=0.00122368 step=stateful RMSProp step applied
    unit 4/65 rc=300526 chunks=1 trained_queries=16 mean_loss=1.082642 lr=0.00121576 step=stateful RMSProp step applied
    unit 5/65 rc=300527 chunks=1 trained_queries=41 mean_loss=1.806032 lr=0.00120786 step=stateful RMSProp step applied
    unit 6/65 rc=300532 chunks=2 trained_queries=57603 mean_loss=2.343657 lr=0.00119996 step=stateful RMSProp step applied
    unit 7/65 rc=309644 chunks=4 trained_queries=153896 mean_loss=2.226625 lr=0.00119207 step=stateful RMSProp step applied
    unit 8/65 rc=338414 chunks=1 trained_queries=20361 mean_loss=2.255063 lr=0.00118419 step=stateful RMSProp step applied
    unit 9/65 rc=341198 chunks=1 trained_queries=37121 mean_loss=2.159602 lr=0.00117632 step=stateful RMSProp step applied
    unit 10/65 rc=349443 chunks=1 trained_queries=16 mean_loss=0.710382 lr=0.00116846 step=stateful RMSProp step applied
    unit 11/65 rc=349444 chunks=2 trained_queries=79335 mean_loss=2.131797 lr=0.00116061 step=stateful RMSProp step applied
    unit 12/65 rc=364300 chunks=1 trained_queries=31681 mean_loss=2.113653 lr=0.00115277 step=stateful RMSProp step applied
    unit 13/65 rc=369639 chunks=1 trained_queries=16802 mean_loss=2.161577 lr=0.00114494 step=stateful RMSProp step applied
    unit 14/65 rc=372685 chunks=2 trained_queries=60358 mean_loss=2.128825 lr=0.00113712 step=stateful RMSProp step applied
    unit 15/65 rc=384066 chunks=1 trained_queries=20515 mean_loss=2.103731 lr=0.00112931 step=stateful RMSProp step applied
    unit 16/65 rc=387980 chunks=1 trained_queries=24039 mean_loss=2.068536 lr=0.00112151 step=stateful RMSProp step applied
    unit 17/65 rc=393192 chunks=1 trained_queries=13927 mean_loss=2.092814 lr=0.00111372 step=stateful RMSProp step applied
    unit 18/65 rc=395702 chunks=1 trained_queries=39049 mean_loss=2.042226 lr=0.00110594 step=stateful RMSProp step applied
    unit 19/65 rc=403670 chunks=1 trained_queries=12371 mean_loss=2.098780 lr=0.00109817 step=stateful RMSProp step applied
    unit 20/65 rc=406003 chunks=1 trained_queries=14425 mean_loss=2.079324 lr=0.00109042 step=stateful RMSProp step applied
    unit 21/65 rc=409004 chunks=1 trained_queries=22209 mean_loss=2.111628 lr=0.00108267 step=stateful RMSProp step applied
    unit 22/65 rc=413181 chunks=2 trained_queries=85392 mean_loss=2.083942 lr=0.00107494 step=stateful RMSProp step applied
    unit 23/65 rc=429612 chunks=1 trained_queries=2388 mean_loss=2.196140 lr=0.00106722 step=stateful RMSProp step applied
    unit 24/65 rc=430059 chunks=1 trained_queries=6910 mean_loss=2.046996 lr=0.00105952 step=stateful RMSProp step applied
    unit 25/65 rc=431468 chunks=1 trained_queries=27536 mean_loss=2.038830 lr=0.00105182 step=stateful RMSProp step applied
    unit 26/65 rc=436920 chunks=1 trained_queries=20922 mean_loss=2.061305 lr=0.00104414 step=stateful RMSProp step applied
    unit 27/65 rc=440946 chunks=1 trained_queries=33835 mean_loss=2.026235 lr=0.00103647 step=stateful RMSProp step applied
    unit 28/65 rc=447521 chunks=1 trained_queries=41580 mean_loss=2.075516 lr=0.00102882 step=stateful RMSProp step applied
    unit 29/65 rc=455318 chunks=1 trained_queries=11281 mean_loss=2.048176 lr=0.00102118 step=stateful RMSProp step applied
    unit 30/65 rc=457596 chunks=1 trained_queries=368 mean_loss=2.065449 lr=0.00101355 step=stateful RMSProp step applied
    unit 31/65 rc=457660 chunks=1 trained_queries=33586 mean_loss=2.064016 lr=0.00100594 step=stateful RMSProp step applied
    unit 32/65 rc=464280 chunks=1 trained_queries=34526 mean_loss=2.073675 lr=0.00099834 step=stateful RMSProp step applied
    unit 33/65 rc=470512 chunks=2 trained_queries=56078 mean_loss=2.095651 lr=0.000990756 step=stateful RMSProp step applied
    unit 34/65 rc=480616 chunks=1 trained_queries=19413 mean_loss=2.027344 lr=0.000983187 step=stateful RMSProp step applied
    unit 35/65 rc=484674 chunks=1 trained_queries=5304 mean_loss=2.048324 lr=0.000975632 step=stateful RMSProp step applied
    unit 36/65 rc=485758 chunks=1 trained_queries=26869 mean_loss=2.087921 lr=0.000968093 step=stateful RMSProp step applied
    unit 37/65 rc=490864 chunks=1 trained_queries=944 mean_loss=1.922592 lr=0.000960568 step=stateful RMSProp step applied
    unit 38/65 rc=491028 chunks=1 trained_queries=13312 mean_loss=2.071791 lr=0.00095306 step=stateful RMSProp step applied
    unit 39/65 rc=493390 chunks=1 trained_queries=1500 mean_loss=1.920357 lr=0.000945567 step=stateful RMSProp step applied
    unit 40/65 rc=493671 chunks=10 trained_queries=499895 mean_loss=2.179338 lr=0.00093809 step=stateful RMSProp step applied
    unit 41/65 rc=574911 chunks=3 trained_queries=103409 mean_loss=2.166123 lr=0.000930629 step=stateful RMSProp step applied
    unit 42/65 rc=591555 chunks=3 trained_queries=142219 mean_loss=2.137217 lr=0.000923185 step=stateful RMSProp step applied
    unit 43/65 rc=614321 chunks=6 trained_queries=280413 mean_loss=2.148409 lr=0.000915757 step=stateful RMSProp step applied
    unit 44/65 rc=660187 chunks=17 trained_queries=823962 mean_loss=2.137680 lr=0.000908347 step=stateful RMSProp step applied
    unit 45/65 rc=798168 chunks=3 trained_queries=141231 mean_loss=2.160754 lr=0.000900953 step=stateful RMSProp step applied
    unit 46/65 rc=821318 chunks=3 trained_queries=126165 mean_loss=2.133692 lr=0.000893577 step=stateful RMSProp step applied
    unit 47/65 rc=840714 chunks=9 trained_queries=429033 mean_loss=2.140884 lr=0.000886218 step=stateful RMSProp step applied
    unit 48/65 rc=915694 chunks=9 trained_queries=408105 mean_loss=2.142785 lr=0.000878876 step=stateful RMSProp step applied
    unit 49/65 rc=981868 chunks=1 trained_queries=6093 mean_loss=2.067072 lr=0.000871553 step=stateful RMSProp step applied
    unit 50/65 rc=982783 chunks=2 trained_queries=66629 mean_loss=2.128976 lr=0.000864248 step=stateful RMSProp step applied
    unit 51/65 rc=993056 chunks=7 trained_queries=308363 mean_loss=2.124509 lr=0.000856961 step=stateful RMSProp step applied
    unit 52/65 rc=1041804 chunks=4 trained_queries=199126 mean_loss=2.130506 lr=0.000849693 step=stateful RMSProp step applied
    unit 53/65 rc=1074317 chunks=9 trained_queries=433526 mean_loss=2.132796 lr=0.000842443 step=stateful RMSProp step applied
    unit 54/65 rc=1145421 chunks=12 trained_queries=579167 mean_loss=2.126305 lr=0.000835213 step=stateful RMSProp step applied
    unit 55/65 rc=1241689 chunks=3 trained_queries=101120 mean_loss=2.111922 lr=0.000828001 step=stateful RMSProp step applied
    unit 56/65 rc=1257579 chunks=1 trained_queries=5491 mean_loss=2.070313 lr=0.000820809 step=stateful RMSProp step applied
    unit 57/65 rc=1258453 chunks=9 trained_queries=446222 mean_loss=2.118539 lr=0.000813637 step=stateful RMSProp step applied
    unit 58/65 rc=1329804 chunks=9 trained_queries=441016 mean_loss=2.124595 lr=0.000806484 step=stateful RMSProp step applied
    unit 59/65 rc=1402652 chunks=12 trained_queries=560431 mean_loss=2.125476 lr=0.000799351 step=stateful RMSProp step applied
    unit 60/65 rc=1500853 chunks=5 trained_queries=245522 mean_loss=2.120465 lr=0.000792239 step=stateful RMSProp step applied
    unit 61/65 rc=1539801 chunks=2 trained_queries=71112 mean_loss=2.106639 lr=0.000785147 step=stateful RMSProp step applied
    unit 62/65 rc=1551260 chunks=4 trained_queries=154732 mean_loss=2.111255 lr=0.000778075 step=stateful RMSProp step applied
    unit 63/65 rc=1576860 chunks=1 trained_queries=5479 mean_loss=2.097427 lr=0.000771025 step=stateful RMSProp step applied
    unit 64/65 rc=1577668 chunks=4 trained_queries=173110 mean_loss=2.125238 lr=0.000763995 step=stateful RMSProp step applied
    unit 65/65 rc=1607401 chunks=1 trained_queries=3774 mean_loss=2.035284 lr=0.000756987 step=stateful RMSProp step applied
  train-epoch: epoch 7 summary trained_queries=9313896 mean_loss=2.135366
  train-epoch: epoch 8/10
    unit 1/65 rc=1 chunks=5 trained_queries=248592 mean_loss=2.089653 lr=0.00075 step=stateful RMSProp step applied
    unit 2/65 rc=50944 chunks=26 trained_queries=1265315 mean_loss=2.125668 lr=0.000743034 step=stateful RMSProp step applied
    unit 3/65 rc=297527 chunks=1 trained_queries=19135 mean_loss=2.129576 lr=0.000736091 step=stateful RMSProp step applied
    unit 4/65 rc=300526 chunks=1 trained_queries=16 mean_loss=1.006283 lr=0.00072917 step=stateful RMSProp step applied
    unit 5/65 rc=300527 chunks=1 trained_queries=41 mean_loss=1.536806 lr=0.00072227 step=stateful RMSProp step applied
    unit 6/65 rc=300532 chunks=2 trained_queries=57603 mean_loss=2.212988 lr=0.000715394 step=stateful RMSProp step applied
    unit 7/65 rc=309644 chunks=4 trained_queries=153896 mean_loss=2.140941 lr=0.00070854 step=stateful RMSProp step applied
    unit 8/65 rc=338414 chunks=1 trained_queries=20361 mean_loss=2.189370 lr=0.000701708 step=stateful RMSProp step applied
    unit 9/65 rc=341198 chunks=1 trained_queries=37121 mean_loss=2.095208 lr=0.0006949 step=stateful RMSProp step applied
    unit 10/65 rc=349443 chunks=1 trained_queries=16 mean_loss=0.556462 lr=0.000688115 step=stateful RMSProp step applied
    unit 11/65 rc=349444 chunks=2 trained_queries=79335 mean_loss=2.068739 lr=0.000681353 step=stateful RMSProp step applied
    unit 12/65 rc=364300 chunks=1 trained_queries=31681 mean_loss=2.071275 lr=0.000674615 step=stateful RMSProp step applied
    unit 13/65 rc=369639 chunks=1 trained_queries=16802 mean_loss=2.096858 lr=0.000667901 step=stateful RMSProp step applied
    unit 14/65 rc=372685 chunks=2 trained_queries=60358 mean_loss=2.082907 lr=0.000661211 step=stateful RMSProp step applied
    unit 15/65 rc=384066 chunks=1 trained_queries=20515 mean_loss=2.064568 lr=0.000654545 step=stateful RMSProp step applied
    unit 16/65 rc=387980 chunks=1 trained_queries=24039 mean_loss=2.026070 lr=0.000647903 step=stateful RMSProp step applied
    unit 17/65 rc=393192 chunks=1 trained_queries=13927 mean_loss=2.051016 lr=0.000641286 step=stateful RMSProp step applied
    unit 18/65 rc=395702 chunks=1 trained_queries=39049 mean_loss=2.000148 lr=0.000634693 step=stateful RMSProp step applied
    unit 19/65 rc=403670 chunks=1 trained_queries=12371 mean_loss=2.061831 lr=0.000628126 step=stateful RMSProp step applied
    unit 20/65 rc=406003 chunks=1 trained_queries=14425 mean_loss=2.045304 lr=0.000621584 step=stateful RMSProp step applied
    unit 21/65 rc=409004 chunks=1 trained_queries=22209 mean_loss=2.077495 lr=0.000615067 step=stateful RMSProp step applied
    unit 22/65 rc=413181 chunks=2 trained_queries=85392 mean_loss=2.047964 lr=0.000608575 step=stateful RMSProp step applied
    unit 23/65 rc=429612 chunks=1 trained_queries=2388 mean_loss=2.169937 lr=0.00060211 step=stateful RMSProp step applied
    unit 24/65 rc=430059 chunks=1 trained_queries=6910 mean_loss=2.010023 lr=0.00059567 step=stateful RMSProp step applied
    unit 25/65 rc=431468 chunks=1 trained_queries=27536 mean_loss=2.006426 lr=0.000589256 step=stateful RMSProp step applied
    unit 26/65 rc=436920 chunks=1 trained_queries=20922 mean_loss=2.029859 lr=0.000582869 step=stateful RMSProp step applied
    unit 27/65 rc=440946 chunks=1 trained_queries=33835 mean_loss=1.992898 lr=0.000576508 step=stateful RMSProp step applied
    unit 28/65 rc=447521 chunks=1 trained_queries=41580 mean_loss=2.046039 lr=0.000570173 step=stateful RMSProp step applied
    unit 29/65 rc=455318 chunks=1 trained_queries=11281 mean_loss=2.019109 lr=0.000563866 step=stateful RMSProp step applied
    unit 30/65 rc=457596 chunks=1 trained_queries=368 mean_loss=2.000487 lr=0.000557585 step=stateful RMSProp step applied
    unit 31/65 rc=457660 chunks=1 trained_queries=33586 mean_loss=2.021693 lr=0.000551332 step=stateful RMSProp step applied
    unit 32/65 rc=464280 chunks=1 trained_queries=34526 mean_loss=2.046201 lr=0.000545106 step=stateful RMSProp step applied
    unit 33/65 rc=470512 chunks=2 trained_queries=56078 mean_loss=2.071177 lr=0.000538907 step=stateful RMSProp step applied
    unit 34/65 rc=480616 chunks=1 trained_queries=19413 mean_loss=2.001440 lr=0.000532736 step=stateful RMSProp step applied
    unit 35/65 rc=484674 chunks=1 trained_queries=5304 mean_loss=2.020061 lr=0.000526594 step=stateful RMSProp step applied
    unit 36/65 rc=485758 chunks=1 trained_queries=26869 mean_loss=2.059483 lr=0.000520479 step=stateful RMSProp step applied
    unit 37/65 rc=490864 chunks=1 trained_queries=944 mean_loss=1.887532 lr=0.000514392 step=stateful RMSProp step applied
    unit 38/65 rc=491028 chunks=1 trained_queries=13312 mean_loss=2.036735 lr=0.000508334 step=stateful RMSProp step applied
    unit 39/65 rc=493390 chunks=1 trained_queries=1500 mean_loss=1.892492 lr=0.000502305 step=stateful RMSProp step applied
    unit 40/65 rc=493671 chunks=10 trained_queries=499895 mean_loss=2.143219 lr=0.000496304 step=stateful RMSProp step applied
    unit 41/65 rc=574911 chunks=3 trained_queries=103409 mean_loss=2.139687 lr=0.000490332 step=stateful RMSProp step applied
    unit 42/65 rc=591555 chunks=3 trained_queries=142219 mean_loss=2.115749 lr=0.00048439 step=stateful RMSProp step applied
    unit 43/65 rc=614321 chunks=6 trained_queries=280413 mean_loss=2.126153 lr=0.000478476 step=stateful RMSProp step applied
    unit 44/65 rc=660187 chunks=17 trained_queries=823962 mean_loss=2.116711 lr=0.000472592 step=stateful RMSProp step applied
    unit 45/65 rc=798168 chunks=3 trained_queries=141231 mean_loss=2.142002 lr=0.000466738 step=stateful RMSProp step applied
    unit 46/65 rc=821318 chunks=3 trained_queries=126165 mean_loss=2.114452 lr=0.000460913 step=stateful RMSProp step applied
    unit 47/65 rc=840714 chunks=9 trained_queries=429033 mean_loss=2.123218 lr=0.000455119 step=stateful RMSProp step applied
    unit 48/65 rc=915694 chunks=9 trained_queries=408105 mean_loss=2.124814 lr=0.000449354 step=stateful RMSProp step applied
    unit 49/65 rc=981868 chunks=1 trained_queries=6093 mean_loss=2.047957 lr=0.00044362 step=stateful RMSProp step applied
    unit 50/65 rc=982783 chunks=2 trained_queries=66629 mean_loss=2.107648 lr=0.000437917 step=stateful RMSProp step applied
    unit 51/65 rc=993056 chunks=7 trained_queries=308363 mean_loss=2.107401 lr=0.000432244 step=stateful RMSProp step applied
    unit 52/65 rc=1041804 chunks=4 trained_queries=199126 mean_loss=2.115035 lr=0.000426602 step=stateful RMSProp step applied
    unit 53/65 rc=1074317 chunks=9 trained_queries=433526 mean_loss=2.116704 lr=0.00042099 step=stateful RMSProp step applied
    unit 54/65 rc=1145421 chunks=12 trained_queries=579167 mean_loss=2.111342 lr=0.00041541 step=stateful RMSProp step applied
    unit 55/65 rc=1241689 chunks=3 trained_queries=101120 mean_loss=2.095508 lr=0.000409861 step=stateful RMSProp step applied
    unit 56/65 rc=1257579 chunks=1 trained_queries=5491 mean_loss=2.056483 lr=0.000404344 step=stateful RMSProp step applied
    unit 57/65 rc=1258453 chunks=9 trained_queries=446222 mean_loss=2.102882 lr=0.000398858 step=stateful RMSProp step applied
    unit 58/65 rc=1329804 chunks=9 trained_queries=441016 mean_loss=2.110417 lr=0.000393404 step=stateful RMSProp step applied
    unit 59/65 rc=1402652 chunks=12 trained_queries=560431 mean_loss=2.112052 lr=0.000387982 step=stateful RMSProp step applied
    unit 60/65 rc=1500853 chunks=5 trained_queries=245522 mean_loss=2.106445 lr=0.000382592 step=stateful RMSProp step applied
    unit 61/65 rc=1539801 chunks=2 trained_queries=71112 mean_loss=2.094723 lr=0.000377234 step=stateful RMSProp step applied
    unit 62/65 rc=1551260 chunks=4 trained_queries=154732 mean_loss=2.098146 lr=0.000371908 step=stateful RMSProp step applied
    unit 63/65 rc=1576860 chunks=1 trained_queries=5479 mean_loss=2.082691 lr=0.000366615 step=stateful RMSProp step applied
    unit 64/65 rc=1577668 chunks=4 trained_queries=173110 mean_loss=2.109660 lr=0.000361355 step=stateful RMSProp step applied
    unit 65/65 rc=1607401 chunks=1 trained_queries=3774 mean_loss=2.015596 lr=0.000356128 step=stateful RMSProp step applied
  train-epoch: epoch 8 summary trained_queries=9313896 mean_loss=2.112367
  train-epoch: epoch 9/10
    unit 1/65 rc=1 chunks=5 trained_queries=248592 mean_loss=2.071213 lr=0.000350933 step=stateful RMSProp step applied
    unit 2/65 rc=50944 chunks=26 trained_queries=1265315 mean_loss=2.113735 lr=0.000345772 step=stateful RMSProp step applied
    unit 3/65 rc=297527 chunks=1 trained_queries=19135 mean_loss=2.111114 lr=0.000340644 step=stateful RMSProp step applied
    unit 4/65 rc=300526 chunks=1 trained_queries=16 mean_loss=0.832260 lr=0.000335549 step=stateful RMSProp step applied
    unit 5/65 rc=300527 chunks=1 trained_queries=41 mean_loss=1.376022 lr=0.000330488 step=stateful RMSProp step applied
    unit 6/65 rc=300532 chunks=2 trained_queries=57603 mean_loss=2.161864 lr=0.000325461 step=stateful RMSProp step applied
    unit 7/65 rc=309644 chunks=4 trained_queries=153896 mean_loss=2.106343 lr=0.000320468 step=stateful RMSProp step applied
    unit 8/65 rc=338414 chunks=1 trained_queries=20361 mean_loss=2.159397 lr=0.000315508 step=stateful RMSProp step applied
    unit 9/65 rc=341198 chunks=1 trained_queries=37121 mean_loss=2.066057 lr=0.000310583 step=stateful RMSProp step applied
    unit 10/65 rc=349443 chunks=1 trained_queries=16 mean_loss=0.432921 lr=0.000305692 step=stateful RMSProp step applied
    unit 11/65 rc=349444 chunks=2 trained_queries=79335 mean_loss=2.038242 lr=0.000300836 step=stateful RMSProp step applied
    unit 12/65 rc=364300 chunks=1 trained_queries=31681 mean_loss=2.052223 lr=0.000296014 step=stateful RMSProp step applied
    unit 13/65 rc=369639 chunks=1 trained_queries=16802 mean_loss=2.068310 lr=0.000291227 step=stateful RMSProp step applied
    unit 14/65 rc=372685 chunks=2 trained_queries=60358 mean_loss=2.060828 lr=0.000286474 step=stateful RMSProp step applied
    unit 15/65 rc=384066 chunks=1 trained_queries=20515 mean_loss=2.044813 lr=0.000281757 step=stateful RMSProp step applied
    unit 16/65 rc=387980 chunks=1 trained_queries=24039 mean_loss=2.001809 lr=0.000277075 step=stateful RMSProp step applied
    unit 17/65 rc=393192 chunks=1 trained_queries=13927 mean_loss=2.032812 lr=0.000272428 step=stateful RMSProp step applied
    unit 18/65 rc=395702 chunks=1 trained_queries=39049 mean_loss=1.979740 lr=0.000267817 step=stateful RMSProp step applied
    unit 19/65 rc=403670 chunks=1 trained_queries=12371 mean_loss=2.045376 lr=0.000263241 step=stateful RMSProp step applied
    unit 20/65 rc=406003 chunks=1 trained_queries=14425 mean_loss=2.026645 lr=0.0002587 step=stateful RMSProp step applied
    unit 21/65 rc=409004 chunks=1 trained_queries=22209 mean_loss=2.062145 lr=0.000254196 step=stateful RMSProp step applied
    unit 22/65 rc=413181 chunks=2 trained_queries=85392 mean_loss=2.032434 lr=0.000249727 step=stateful RMSProp step applied
    unit 23/65 rc=429612 chunks=1 trained_queries=2388 mean_loss=2.145184 lr=0.000245295 step=stateful RMSProp step applied
    unit 24/65 rc=430059 chunks=1 trained_queries=6910 mean_loss=1.992729 lr=0.000240898 step=stateful RMSProp step applied
    unit 25/65 rc=431468 chunks=1 trained_queries=27536 mean_loss=1.992390 lr=0.000236538 step=stateful RMSProp step applied
    unit 26/65 rc=436920 chunks=1 trained_queries=20922 mean_loss=2.016087 lr=0.000232215 step=stateful RMSProp step applied
    unit 27/65 rc=440946 chunks=1 trained_queries=33835 mean_loss=1.981959 lr=0.000227928 step=stateful RMSProp step applied
    unit 28/65 rc=447521 chunks=1 trained_queries=41580 mean_loss=2.035886 lr=0.000223677 step=stateful RMSProp step applied
    unit 29/65 rc=455318 chunks=1 trained_queries=11281 mean_loss=2.007073 lr=0.000219464 step=stateful RMSProp step applied
    unit 30/65 rc=457596 chunks=1 trained_queries=368 mean_loss=1.962419 lr=0.000215287 step=stateful RMSProp step applied
    unit 31/65 rc=457660 chunks=1 trained_queries=33586 mean_loss=2.001855 lr=0.000211148 step=stateful RMSProp step applied
    unit 32/65 rc=464280 chunks=1 trained_queries=34526 mean_loss=2.029732 lr=0.000207045 step=stateful RMSProp step applied
    unit 33/65 rc=470512 chunks=2 trained_queries=56078 mean_loss=2.058311 lr=0.00020298 step=stateful RMSProp step applied
    unit 34/65 rc=480616 chunks=1 trained_queries=19413 mean_loss=1.991742 lr=0.000198953 step=stateful RMSProp step applied
    unit 35/65 rc=484674 chunks=1 trained_queries=5304 mean_loss=2.008418 lr=0.000194963 step=stateful RMSProp step applied
    unit 36/65 rc=485758 chunks=1 trained_queries=26869 mean_loss=2.049548 lr=0.00019101 step=stateful RMSProp step applied
    unit 37/65 rc=490864 chunks=1 trained_queries=944 mean_loss=1.872982 lr=0.000187095 step=stateful RMSProp step applied
    unit 38/65 rc=491028 chunks=1 trained_queries=13312 mean_loss=2.025138 lr=0.000183218 step=stateful RMSProp step applied
    unit 39/65 rc=493390 chunks=1 trained_queries=1500 mean_loss=1.880477 lr=0.000179379 step=stateful RMSProp step applied
    unit 40/65 rc=493671 chunks=10 trained_queries=499895 mean_loss=2.120951 lr=0.000175579 step=stateful RMSProp step applied
    unit 41/65 rc=574911 chunks=3 trained_queries=103409 mean_loss=2.123316 lr=0.000171816 step=stateful RMSProp step applied
    unit 42/65 rc=591555 chunks=3 trained_queries=142219 mean_loss=2.101080 lr=0.000168092 step=stateful RMSProp step applied
    unit 43/65 rc=614321 chunks=6 trained_queries=280413 mean_loss=2.115214 lr=0.000164406 step=stateful RMSProp step applied
    unit 44/65 rc=660187 chunks=17 trained_queries=823962 mean_loss=2.106935 lr=0.000160758 step=stateful RMSProp step applied
    unit 45/65 rc=798168 chunks=3 trained_queries=141231 mean_loss=2.133298 lr=0.000157149 step=stateful RMSProp step applied
    unit 46/65 rc=821318 chunks=3 trained_queries=126165 mean_loss=2.106195 lr=0.000153579 step=stateful RMSProp step applied
    unit 47/65 rc=840714 chunks=9 trained_queries=429033 mean_loss=2.117043 lr=0.000150048 step=stateful RMSProp step applied
    unit 48/65 rc=915694 chunks=9 trained_queries=408105 mean_loss=2.118583 lr=0.000146556 step=stateful RMSProp step applied
    unit 49/65 rc=981868 chunks=1 trained_queries=6093 mean_loss=2.037838 lr=0.000143103 step=stateful RMSProp step applied
    unit 50/65 rc=982783 chunks=2 trained_queries=66629 mean_loss=2.101665 lr=0.000139688 step=stateful RMSProp step applied
    unit 51/65 rc=993056 chunks=7 trained_queries=308363 mean_loss=2.102712 lr=0.000136314 step=stateful RMSProp step applied
    unit 52/65 rc=1041804 chunks=4 trained_queries=199126 mean_loss=2.110238 lr=0.000132978 step=stateful RMSProp step applied
    unit 53/65 rc=1074317 chunks=9 trained_queries=433526 mean_loss=2.112574 lr=0.000129682 step=stateful RMSProp step applied
    unit 54/65 rc=1145421 chunks=12 trained_queries=579167 mean_loss=2.107343 lr=0.000126425 step=stateful RMSProp step applied
    unit 55/65 rc=1241689 chunks=3 trained_queries=101120 mean_loss=2.091993 lr=0.000123208 step=stateful RMSProp step applied
    unit 56/65 rc=1257579 chunks=1 trained_queries=5491 mean_loss=2.051402 lr=0.000120031 step=stateful RMSProp step applied
    unit 57/65 rc=1258453 chunks=9 trained_queries=446222 mean_loss=2.099313 lr=0.000116893 step=stateful RMSProp step applied
    unit 58/65 rc=1329804 chunks=9 trained_queries=441016 mean_loss=2.107910 lr=0.000113796 step=stateful RMSProp step applied
    unit 59/65 rc=1402652 chunks=12 trained_queries=560431 mean_loss=2.109826 lr=0.000110738 step=stateful RMSProp step applied
    unit 60/65 rc=1500853 chunks=5 trained_queries=245522 mean_loss=2.104595 lr=0.00010772 step=stateful RMSProp step applied
    unit 61/65 rc=1539801 chunks=2 trained_queries=71112 mean_loss=2.093167 lr=0.000104743 step=stateful RMSProp step applied
    unit 62/65 rc=1551260 chunks=4 trained_queries=154732 mean_loss=2.096451 lr=0.000101806 step=stateful RMSProp step applied
    unit 63/65 rc=1576860 chunks=1 trained_queries=5479 mean_loss=2.081401 lr=9.8909e-05 step=stateful RMSProp step applied
    unit 64/65 rc=1577668 chunks=4 trained_queries=173110 mean_loss=2.107068 lr=9.60524e-05 step=stateful RMSProp step applied
    unit 65/65 rc=1607401 chunks=1 trained_queries=3774 mean_loss=2.010437 lr=9.32364e-05 step=stateful RMSProp step applied
  train-epoch: epoch 9 summary trained_queries=9313896 mean_loss=2.102750
  train-epoch: epoch 10/10
    unit 1/65 rc=1 chunks=5 trained_queries=248592 mean_loss=2.062548 lr=9.0461e-05 step=stateful RMSProp step applied
    unit 2/65 rc=50944 chunks=26 trained_queries=1265315 mean_loss=2.112758 lr=8.77263e-05 step=stateful RMSProp step applied
    unit 3/65 rc=297527 chunks=1 trained_queries=19135 mean_loss=2.103411 lr=8.50322e-05 step=stateful RMSProp step applied
    unit 4/65 rc=300526 chunks=1 trained_queries=16 mean_loss=0.746936 lr=8.2379e-05 step=stateful RMSProp step applied
    unit 5/65 rc=300527 chunks=1 trained_queries=41 mean_loss=1.289379 lr=7.97668e-05 step=stateful RMSProp step applied
    unit 6/65 rc=300532 chunks=2 trained_queries=57603 mean_loss=2.148522 lr=7.71953e-05 step=stateful RMSProp step applied
    unit 7/65 rc=309644 chunks=4 trained_queries=153896 mean_loss=2.093348 lr=7.4665e-05 step=stateful RMSProp step applied
    unit 8/65 rc=338414 chunks=1 trained_queries=20361 mean_loss=2.150284 lr=7.21757e-05 step=stateful RMSProp step applied
    unit 9/65 rc=341198 chunks=1 trained_queries=37121 mean_loss=2.052126 lr=6.97277e-05 step=stateful RMSProp step applied
    unit 10/65 rc=349443 chunks=1 trained_queries=16 mean_loss=0.387442 lr=6.73208e-05 step=stateful RMSProp step applied
    unit 11/65 rc=349444 chunks=2 trained_queries=79335 mean_loss=2.027435 lr=6.49553e-05 step=stateful RMSProp step applied
    unit 12/65 rc=364300 chunks=1 trained_queries=31681 mean_loss=2.044825 lr=6.26312e-05 step=stateful RMSProp step applied
    unit 13/65 rc=369639 chunks=1 trained_queries=16802 mean_loss=2.057120 lr=6.03485e-05 step=stateful RMSProp step applied
    unit 14/65 rc=372685 chunks=2 trained_queries=60358 mean_loss=2.052078 lr=5.81075e-05 step=stateful RMSProp step applied
    unit 15/65 rc=384066 chunks=1 trained_queries=20515 mean_loss=2.036053 lr=5.59079e-05 step=stateful RMSProp step applied
    unit 16/65 rc=387980 chunks=1 trained_queries=24039 mean_loss=1.992146 lr=5.375e-05 step=stateful RMSProp step applied
    unit 17/65 rc=393192 chunks=1 trained_queries=13927 mean_loss=2.025321 lr=5.16337e-05 step=stateful RMSProp step applied
    unit 18/65 rc=395702 chunks=1 trained_queries=39049 mean_loss=1.972610 lr=4.95594e-05 step=stateful RMSProp step applied
    unit 19/65 rc=403670 chunks=1 trained_queries=12371 mean_loss=2.040014 lr=4.75267e-05 step=stateful RMSProp step applied
    unit 20/65 rc=406003 chunks=1 trained_queries=14425 mean_loss=2.018728 lr=4.5536e-05 step=stateful RMSProp step applied
    unit 21/65 rc=409004 chunks=1 trained_queries=22209 mean_loss=2.056488 lr=4.35872e-05 step=stateful RMSProp step applied
    unit 22/65 rc=413181 chunks=2 trained_queries=85392 mean_loss=2.027176 lr=4.16805e-05 step=stateful RMSProp step applied
    unit 23/65 rc=429612 chunks=1 trained_queries=2388 mean_loss=2.136308 lr=3.98158e-05 step=stateful RMSProp step applied
    unit 24/65 rc=430059 chunks=1 trained_queries=6910 mean_loss=1.988626 lr=3.79931e-05 step=stateful RMSProp step applied
    unit 25/65 rc=431468 chunks=1 trained_queries=27536 mean_loss=1.988455 lr=3.62128e-05 step=stateful RMSProp step applied
    unit 26/65 rc=436920 chunks=1 trained_queries=20922 mean_loss=2.012823 lr=3.44745e-05 step=stateful RMSProp step applied
    unit 27/65 rc=440946 chunks=1 trained_queries=33835 mean_loss=1.980126 lr=3.27786e-05 step=stateful RMSProp step applied
    unit 28/65 rc=447521 chunks=1 trained_queries=41580 mean_loss=2.034281 lr=3.1125e-05 step=stateful RMSProp step applied
    unit 29/65 rc=455318 chunks=1 trained_queries=11281 mean_loss=2.004399 lr=2.95137e-05 step=stateful RMSProp step applied
    unit 30/65 rc=457596 chunks=1 trained_queries=368 mean_loss=1.951112 lr=2.79448e-05 step=stateful RMSProp step applied
    unit 31/65 rc=457660 chunks=1 trained_queries=33586 mean_loss=1.999571 lr=2.64183e-05 step=stateful RMSProp step applied
    unit 32/65 rc=464280 chunks=1 trained_queries=34526 mean_loss=2.026998 lr=2.49344e-05 step=stateful RMSProp step applied
    unit 33/65 rc=470512 chunks=2 trained_queries=56078 mean_loss=2.054826 lr=2.3493e-05 step=stateful RMSProp step applied
    unit 34/65 rc=480616 chunks=1 trained_queries=19413 mean_loss=1.992338 lr=2.20942e-05 step=stateful RMSProp step applied
    unit 35/65 rc=484674 chunks=1 trained_queries=5304 mean_loss=2.006058 lr=2.0738e-05 step=stateful RMSProp step applied
    unit 36/65 rc=485758 chunks=1 trained_queries=26869 mean_loss=2.046394 lr=1.94246e-05 step=stateful RMSProp step applied
    unit 37/65 rc=490864 chunks=1 trained_queries=944 mean_loss=1.867280 lr=1.81538e-05 step=stateful RMSProp step applied
    unit 38/65 rc=491028 chunks=1 trained_queries=13312 mean_loss=2.025225 lr=1.69257e-05 step=stateful RMSProp step applied
    unit 39/65 rc=493390 chunks=1 trained_queries=1500 mean_loss=1.882186 lr=1.57404e-05 step=stateful RMSProp step applied
    unit 40/65 rc=493671 chunks=10 trained_queries=499895 mean_loss=2.109664 lr=1.45978e-05 step=stateful RMSProp step applied
    unit 41/65 rc=574911 chunks=3 trained_queries=103409 mean_loss=2.112818 lr=1.34982e-05 step=stateful RMSProp step applied
    unit 42/65 rc=591555 chunks=3 trained_queries=142219 mean_loss=2.093022 lr=1.24414e-05 step=stateful RMSProp step applied
    unit 43/65 rc=614321 chunks=6 trained_queries=280413 mean_loss=2.108537 lr=1.14276e-05 step=stateful RMSProp step applied
    unit 44/65 rc=660187 chunks=17 trained_queries=823962 mean_loss=2.101086 lr=1.04566e-05 step=stateful RMSProp step applied
    unit 45/65 rc=798168 chunks=3 trained_queries=141231 mean_loss=2.127926 lr=9.52855e-06 step=stateful RMSProp step applied
    unit 46/65 rc=821318 chunks=3 trained_queries=126165 mean_loss=2.101718 lr=8.64351e-06 step=stateful RMSProp step applied
    unit 47/65 rc=840714 chunks=9 trained_queries=429033 mean_loss=2.113530 lr=7.80147e-06 step=stateful RMSProp step applied
    unit 48/65 rc=915694 chunks=9 trained_queries=408105 mean_loss=2.115308 lr=7.00253e-06 step=stateful RMSProp step applied
    unit 49/65 rc=981868 chunks=1 trained_queries=6093 mean_loss=2.033218 lr=6.2466e-06 step=stateful RMSProp step applied
    unit 50/65 rc=982783 chunks=2 trained_queries=66629 mean_loss=2.099140 lr=5.53376e-06 step=stateful RMSProp step applied
    unit 51/65 rc=993056 chunks=7 trained_queries=308363 mean_loss=2.100673 lr=4.86401e-06 step=stateful RMSProp step applied
    unit 52/65 rc=1041804 chunks=4 trained_queries=199126 mean_loss=2.108423 lr=4.23744e-06 step=stateful RMSProp step applied
    unit 53/65 rc=1074317 chunks=9 trained_queries=433526 mean_loss=2.111721 lr=3.65388e-06 step=stateful RMSProp step applied
    unit 54/65 rc=1145421 chunks=12 trained_queries=579167 mean_loss=2.106759 lr=3.1136e-06 step=stateful RMSProp step applied
    unit 55/65 rc=1241689 chunks=3 trained_queries=101120 mean_loss=2.091153 lr=2.61641e-06 step=stateful RMSProp step applied
    unit 56/65 rc=1257579 chunks=1 trained_queries=5491 mean_loss=2.048742 lr=2.1624e-06 step=stateful RMSProp step applied
    unit 57/65 rc=1258453 chunks=9 trained_queries=446222 mean_loss=2.099469 lr=1.75166e-06 step=stateful RMSProp step applied
    unit 58/65 rc=1329804 chunks=9 trained_queries=441016 mean_loss=2.108250 lr=1.38411e-06 step=stateful RMSProp step applied
    unit 59/65 rc=1402652 chunks=12 trained_queries=560431 mean_loss=2.110719 lr=1.05974e-06 step=stateful RMSProp step applied
    unit 60/65 rc=1500853 chunks=5 trained_queries=245522 mean_loss=2.105719 lr=7.78556e-07 step=stateful RMSProp step applied
    unit 61/65 rc=1539801 chunks=2 trained_queries=71112 mean_loss=2.094900 lr=5.40733e-07 step=stateful RMSProp step applied
    unit 62/65 rc=1551260 chunks=4 trained_queries=154732 mean_loss=2.097715 lr=3.46094e-07 step=stateful RMSProp step applied
    unit 63/65 rc=1576860 chunks=1 trained_queries=5479 mean_loss=2.082634 lr=1.94639e-07 step=stateful RMSProp step applied
    unit 64/65 rc=1577668 chunks=4 trained_queries=173110 mean_loss=2.108869 lr=8.65459e-08 step=stateful RMSProp step applied
    unit 65/65 rc=1607401 chunks=1 trained_queries=3774 mean_loss=2.008510 lr=2.16365e-08 step=stateful RMSProp step applied
  train-epoch: epoch 10 summary trained_queries=9313896 mean_loss=2.099495
  train-epoch: saving final weights to rnd/cudax-anc-grad-parity/shakespeare/seed1_on/run.model
  train-epoch: saved final weights to rnd/cudax-anc-grad-parity/shakespeare/seed1_on/run.model
  chunk upload: freed successfully
  runtime objects: freed successfully
  status: v2 currently validates file formats, plans baseline pd=1 execution,
          and exercises the full-depth chunk upload/cache/forward/loss path,
          plus output-head/final-LN backward, train-epoch/train-small accumulation, and one-step SGD/RMSProp/multi-step/save-reload sanity modes when requested.
