AGPT CUDA Training Engine
  Model: d=64 heads=4 layers=2 ff=256 vocab=65 seq=128 head_dim=16
  Loaded 108481 weight floats (423.8 KB)
  No optimizer state in checkpoint; starting cold
Loading radix trie from /tmp/shake_baseline_d16_radix...
  Radix trie: 1607928 nodes, 9313896 total edge chars, 17 endpoint depths
  Radix loaded: 2697118 counts entries, 12276596 ancestor char entries
  d_split: 1062377/1607928 nodes have a mass=1 ancestor (mean depth 9.21)
  lr-schedule: warmup-cosine (peak=0.003, warmup_epochs=1)
  optimizer: rmsprop (lr=0.003)
  mass weighting: sqrt (head-of-edge count restores corpus-frequency exposure)
  curriculum: flat (d=max each epoch)
  max edge_len: 16, max ancestor chars: 15, max KV per node: 31, max endpoint depth: 16
  mass=1 compaction: 8275783 / 9313896 chars are mass=1 (88.9%); cache holds 1038113 positions
  loop points: 18684 (mass>1 leaves; 3.4% of 545550 mass>1 nodes)
  KV cache: 531.5 MB unified memory (bf16 compact)
  GPU memory: 2851.0 MB used, 5335.8 MB free, 8186.8 MB total
  65 root-child subtrees: sizes min=1 max=246583 avg=24737.3 (total=1607927 radix nodes)
Epoch 1: loss=3.838773  (5.77 sec, 65 subtrees, 225 chunks, 9313896 nodes)
  residual top-10 (subtree_mass × max(avg_loss − 3.839, 0)):
    rc   rootID   mass      avg_loss     score 
    1    50944    1479765   5.1315       1912957.2
    0    1        297533    6.2791       726086.3
    43   660187   735168    4.2948       335227.6
    6    309644   167551    4.3760       90012.1
    8    341198   57485     5.1549       75656.5
    44   798168   118584    4.4601       73675.2
    40   574911   82726     4.4293       48849.0
    10   349444   84126     4.2237       32383.7
    5    300532   44208     4.5509       31481.9
    17   395702   37639     4.4063       21362.8
    top-10: 36.1% of mass, 95.8% of excess-loss
Epoch 2: loss=3.938207  (5.53 sec, 65 subtrees, 225 chunks, 9313896 nodes)
  residual top-10 (subtree_mass × max(avg_loss − 3.938, 0)):
    rc   rootID   mass      avg_loss     score 
    1    50944    1479765   6.9679       4483245.3
    6    309644   167551    5.2648       222264.7
    8    341198   57485     5.7063       101639.4
    5    300532   44208     5.7583       80461.4
    10   349444   84126     4.7098       64912.6
    2    297527   13758     6.4042       33927.3
    13   372685   55068     4.5072       31332.2
    17   395702   37639     4.4950       20955.3
    12   369639   16107     5.0739       18291.9
    44   798168   118584    4.0889       17865.8
    top-10: 24.1% of mass, 98.0% of excess-loss
Epoch 3: loss=3.558744  (5.54 sec, 65 subtrees, 225 chunks, 9313896 nodes)
  residual top-10 (subtree_mass × max(avg_loss − 3.559, 0)):
    rc   rootID   mass      avg_loss     score 
    1    50944    1479765   4.2558       1031441.1
    6    309644   167551    5.3758       304443.0
    8    341198   57485     5.5095       112141.8
    10   349444   84126     4.7042       96361.1
    5    300532   44208     5.6663       93172.6
    21   413181   87608     4.1733       53839.6
    13   372685   55068     4.4477       48953.8
    2    297527   13758     6.1761       36008.9
    17   395702   37639     4.3826       31008.5
    39   493671   419607    3.6282       29134.8
    top-10: 28.5% of mass, 87.0% of excess-loss
Epoch 4: loss=3.287147  (5.55 sec, 65 subtrees, 225 chunks, 9313896 nodes)
  residual top-10 (subtree_mass × max(avg_loss − 3.287, 0)):
    rc   rootID   mass      avg_loss     score 
    6    309644   167551    4.7048       237527.0
    1    50944    1479765   3.4372       222113.2
    8    341198   57485     4.9122       93416.5
    39   493671   419607    3.5012       89804.7
    10   349444   84126     4.2496       80968.1
    5    300532   44208     4.8647       69741.9
    21   413181   87608     3.9021       53876.7
    13   372685   55068     4.1131       45483.2
    17   395702   37639     4.0952       30415.4
    2    297527   13758     5.1777       26010.8
    top-10: 28.5% of mass, 74.5% of excess-loss
Epoch 5: loss=2.974544  (5.55 sec, 65 subtrees, 225 chunks, 9313896 nodes)
  residual top-10 (subtree_mass × max(avg_loss − 2.975, 0)):
    rc   rootID   mass      avg_loss     score 
    1    50944    1479765   3.1497       259214.2
    0    1        297533    3.2513       82341.4
    8    341198   57485     3.6513       38904.0
    6    309644   167551    3.1363       27102.8
    5    300532   44208     3.1713       8699.5
    17   395702   37639     3.2021       8565.5
    21   413181   87608     3.0558       7117.0
    15   387980   25230     3.2517       6992.8
    12   369639   16107     3.3995       6845.6
    13   372685   55068     3.0943       6593.3
    top-10: 26.4% of mass, 86.5% of excess-loss
Epoch 6: loss=2.888698  (5.56 sec, 65 subtrees, 225 chunks, 9313896 nodes)
  residual top-10 (subtree_mass × max(avg_loss − 2.889, 0)):
    rc   rootID   mass      avg_loss     score 
    1    50944    1479765   3.0034       169694.6
    0    1        297533    3.1253       70398.6
    8    341198   57485     3.4808       34038.8
    6    309644   167551    2.9566       11370.5
    17   395702   37639     3.0969       7836.1
    21   413181   87608     2.9662       6793.0
    15   387980   25230     3.1509       6615.0
    12   369639   16107     3.2690       6125.3
    13   372685   55068     2.9965       5938.1
    30   457660   31233     3.0596       5339.1
    top-10: 26.2% of mass, 83.6% of excess-loss
Epoch 7: loss=2.842775  (5.56 sec, 65 subtrees, 225 chunks, 9313896 nodes)
  residual top-10 (subtree_mass × max(avg_loss − 2.843, 0)):
    rc   rootID   mass      avg_loss     score 
    1    50944    1479765   2.9363       138468.1
    0    1        297533    3.0608       64874.0
    8    341198   57485     3.4018       32135.0
    17   395702   37639     3.0367       7297.8
    6    309644   167551    2.8815       6491.8
    21   413181   87608     2.9141       6249.5
    15   387980   25230     3.0866       6151.3
    12   369639   16107     3.2015       5778.5
    13   372685   55068     2.9373       5206.9
    30   457660   31233     3.0089       5189.0
    top-10: 26.2% of mass, 82.6% of excess-loss
Epoch 8: loss=2.810778  (5.56 sec, 65 subtrees, 225 chunks, 9313896 nodes)
  residual top-10 (subtree_mass × max(avg_loss − 2.811, 0)):
    rc   rootID   mass      avg_loss     score 
    1    50944    1479765   2.8875       113520.1
    0    1        297533    3.0180       61656.3
    8    341198   57485     3.3317       29947.8
    17   395702   37639     2.9923       6831.0
    15   387980   25230     3.0444       5893.5
    21   413181   87608     2.8747       5602.0
    12   369639   16107     3.1445       5375.5
    30   457660   31233     2.9750       5130.3
    33   480616   21503     3.0337       4793.4
    13   372685   55068     2.8937       4565.8
    top-10: 24.5% of mass, 82.2% of excess-loss
Epoch 9: loss=2.796480  (5.96 sec, 65 subtrees, 225 chunks, 9313896 nodes)
  residual top-10 (subtree_mass × max(avg_loss − 2.796, 0)):
    rc   rootID   mass      avg_loss     score 
    1    50944    1479765   2.8607       95089.5
    0    1        297533    2.9885       57144.3
    8    341198   57485     3.3064       29310.7
    17   395702   37639     2.9732       6653.3
    15   387980   25230     3.0256       5780.4
    21   413181   87608     2.8586       5443.4
    12   369639   16107     3.1240       5275.8
    30   457660   31233     2.9625       5183.8
    33   480616   21503     3.0194       4793.2
    13   372685   55068     2.8770       4433.7
    top-10: 24.5% of mass, 81.1% of excess-loss
Epoch 10: loss=2.791661  (5.67 sec, 65 subtrees, 225 chunks, 9313896 nodes)
  residual top-10 (subtree_mass × max(avg_loss − 2.792, 0)):
    rc   rootID   mass      avg_loss     score 
    1    50944    1479765   2.8482       83609.3
    0    1        297533    2.9762       54919.3
    8    341198   57485     3.2956       28970.4
    17   395702   37639     2.9673       6611.1
    15   387980   25230     3.0205       5774.2
    21   413181   87608     2.8536       5422.3
    12   369639   16107     3.1180       5256.4
    30   457660   31233     2.9565       5147.8
    33   480616   21503     3.0164       4832.9
    23   430059   9140      3.2727       4396.9
    top-10: 24.0% of mass, 80.0% of excess-loss
Saved to rnd/depth-weight/matrix/mass-sqrt_weight_s3/run.model
Done.
  Appended optimizer state to rnd/depth-weight/matrix/mass-sqrt_weight_s3/run.model (adam_t=650)
