AGPT CUDA Training Engine
  Model: d=64 heads=4 layers=2 ff=256 vocab=65 seq=128 head_dim=16
  Loaded 108481 weight floats (423.8 KB)
  No optimizer state in checkpoint; starting cold
Loading radix trie from /tmp/shake_baseline_d16_radix...
  Radix trie: 1607928 nodes, 9313896 total edge chars, 17 endpoint depths
  Radix loaded: 2697118 counts entries, 12276596 ancestor char entries
  d_split: 1062377/1607928 nodes have a mass=1 ancestor (mean depth 9.21)
  lr-schedule: warmup-cosine (peak=0.003, warmup_epochs=1)
  optimizer: rmsprop (lr=0.003)
  mass weighting: ? (head-of-edge count restores corpus-frequency exposure)
  curriculum: flat (d=max each epoch)
  max edge_len: 16, max ancestor chars: 15, max KV per node: 31, max endpoint depth: 16
  mass=1 compaction: 8275783 / 9313896 chars are mass=1 (88.9%); cache holds 1038113 positions
  loop points: 18684 (mass>1 leaves; 3.4% of 545550 mass>1 nodes)
  KV cache: 531.5 MB unified memory (bf16 compact)
  GPU memory: 2851.0 MB used, 5335.8 MB free, 8186.8 MB total
  65 root-child subtrees: sizes min=1 max=246583 avg=24737.3 (total=1607927 radix nodes)
Epoch 1: loss=1.408734  (5.99 sec, 65 subtrees, 225 chunks, 9313896 nodes)
  residual top-10 (subtree_mass × max(avg_loss − 1.409, 0)):
    rc   rootID   mass      avg_loss     score 
    1    50944    1479765   2.0076       886195.8
    0    1        297533    2.3209       271406.2
    6    309644   167551    1.5938       31004.8
    5    300532   44208     1.9536       24088.9
    2    297527   13758     1.8386       5914.8
    10   349444   84126     1.4662       4838.2
    8    341198   57485     1.4809       4146.4
    7    338414   10559     1.6713       2772.0
    39   493671   419607    1.4152       2728.0
    11   364300   27722     1.4909       2277.8
    top-10: 30.3% of mass, 99.8% of excess-loss
Epoch 2: loss=1.154698  (5.78 sec, 65 subtrees, 225 chunks, 9313896 nodes)
  residual top-10 (subtree_mass × max(avg_loss − 1.155, 0)):
    rc   rootID   mass      avg_loss     score 
    6    309644   167551    1.5815       71512.0
    1    50944    1479765   1.1850       44819.8
    5    300532   44208     2.1486       43938.6
    39   493671   419607    1.1986       18405.1
    10   349444   84126     1.2551       8449.1
    8    341198   57485     1.3015       8440.4
    7    338414   10559     1.4796       3430.6
    13   372685   55068     1.2112       3109.2
    11   364300   27722     1.2523       2704.4
    2    297527   13758     1.2259       979.6 
    top-10: 27.4% of mass, 98.7% of excess-loss
Epoch 3: loss=1.091991  (5.75 sec, 65 subtrees, 225 chunks, 9313896 nodes)
  residual top-10 (subtree_mass × max(avg_loss − 1.092, 0)):
    rc   rootID   mass      avg_loss     score 
    6    309644   167551    1.2790       31339.1
    5    300532   44208     1.6604       25127.1
    39   493671   419607    1.1345       17854.4
    1    50944    1479765   1.1023       15260.4
    8    341198   57485     1.1514       3415.9
    10   349444   84126     1.1131       1776.1
    7    338414   10559     1.2413       1576.8
    40   574911   82726     1.1040       997.0 
    11   364300   27722     1.1237       878.0 
    13   372685   55068     1.1028       596.7 
    top-10: 28.2% of mass, 99.4% of excess-loss
Epoch 4: loss=1.051268  (5.78 sec, 65 subtrees, 225 chunks, 9313896 nodes)
  residual top-10 (subtree_mass × max(avg_loss − 1.051, 0)):
    rc   rootID   mass      avg_loss     score 
    6    309644   167551    1.1706       19999.5
    5    300532   44208     1.4550       17848.0
    39   493671   419607    1.0900       16241.6
    1    50944    1479765   1.0550       5553.9
    7    338414   10559     1.1823       1383.4
    40   574911   82726     1.0674       1336.2
    8    341198   57485     1.0679       954.3 
    42   614321   234101    1.0553       938.4 
    44   798168   118584    1.0592       938.0 
    10   349444   84126     1.0608       798.3 
    top-10: 31.4% of mass, 96.0% of excess-loss
Epoch 5: loss=1.029348  (5.76 sec, 65 subtrees, 225 chunks, 9313896 nodes)
  residual top-10 (subtree_mass × max(avg_loss − 1.029, 0)):
    rc   rootID   mass      avg_loss     score 
    6    309644   167551    1.1493       20091.2
    39   493671   419607    1.0707       17344.0
    5    300532   44208     1.4001       16388.4
    40   574911   82726     1.0486       1593.3
    7    338414   10559     1.1646       1428.3
    44   798168   118584    1.0404       1312.7
    42   614321   234101    1.0346       1238.2
    13   372685   55068     1.0501       1145.2
    47   915694   343840    1.0326       1104.2
    10   349444   84126     1.0423       1093.5
    top-10: 18.1% of mass, 96.2% of excess-loss
Epoch 6: loss=1.006443  (5.76 sec, 65 subtrees, 225 chunks, 9313896 nodes)
  residual top-10 (subtree_mass × max(avg_loss − 1.006, 0)):
    rc   rootID   mass      avg_loss     score 
    39   493671   419607    1.0487       17746.0
    6    309644   167551    1.0723       11041.1
    5    300532   44208     1.2050       8778.2
    40   574911   82726     1.0299       1944.0
    43   660187   735168    1.0090       1902.8
    47   915694   343840    1.0119       1888.4
    42   614321   234101    1.0140       1759.2
    46   840714   415269    1.0106       1709.7
    44   798168   118584    1.0197       1577.7
    41   591555   114034    1.0155       1038.3
    top-10: 31.1% of mass, 96.7% of excess-loss
Epoch 7: loss=0.987447  (5.82 sec, 65 subtrees, 225 chunks, 9313896 nodes)
  residual top-10 (subtree_mass × max(avg_loss − 0.987, 0)):
    rc   rootID   mass      avg_loss     score 
    39   493671   419607    1.0182       12884.9
    6    309644   167551    1.0211       5633.6
    5    300532   44208     1.1032       5115.8
    47   915694   343840    0.9957       2836.5
    46   840714   415269    0.9937       2586.3
    43   660187   735168    0.9907       2427.2
    44   798168   118584    1.0025       1781.7
    42   614321   234101    0.9950       1778.6
    40   574911   82726     1.0064       1570.6
    52   1074317  367799    0.9898       857.0 
    top-10: 34.1% of mass, 91.5% of excess-loss
Epoch 8: loss=0.978382  (5.81 sec, 65 subtrees, 225 chunks, 9313896 nodes)
  residual top-10 (subtree_mass × max(avg_loss − 0.978, 0)):
    rc   rootID   mass      avg_loss     score 
    39   493671   419607    1.0038       10644.8
    43   660187   735168    0.9836       3819.1
    47   915694   343840    0.9892       3716.3
    46   840714   415269    0.9873       3712.5
    5    300532   44208     1.0482       3086.0
    6    309644   167551    0.9960       2949.1
    42   614321   234101    0.9878       2201.6
    52   1074317  367799    0.9841       2106.2
    44   798168   118584    0.9957       2059.3
    57   1329804  377747    0.9829       1699.6
    top-10: 37.5% of mass, 83.6% of excess-loss
Epoch 9: loss=0.973328  (5.80 sec, 65 subtrees, 225 chunks, 9313896 nodes)
  residual top-10 (subtree_mass × max(avg_loss − 0.973, 0)):
    rc   rootID   mass      avg_loss     score 
    39   493671   419607    0.9912       7514.5
    47   915694   343840    0.9860       4342.9
    43   660187   735168    0.9792       4331.6
    46   840714   415269    0.9837       4309.8
    52   1074317  367799    0.9817       3084.7
    57   1329804  377747    0.9806       2736.3
    58   1402652  543420    0.9777       2370.8
    42   614321   234101    0.9828       2218.9
    44   798168   118584    0.9920       2217.1
    50   993056   244544    0.9808       1818.5
    top-10: 44.2% of mass, 77.5% of excess-loss
Epoch 10: loss=0.971460  (5.82 sec, 65 subtrees, 225 chunks, 9313896 nodes)
  residual top-10 (subtree_mass × max(avg_loss − 0.971, 0)):
    rc   rootID   mass      avg_loss     score 
    39   493671   419607    0.9836       5073.5
    47   915694   343840    0.9845       4494.1
    46   840714   415269    0.9822       4456.0
    58   1402652  543420    0.9784       3757.1
    52   1074317  367799    0.9816       3724.0
    57   1329804  377747    0.9810       3621.5
    43   660187   735168    0.9761       3433.6
    53   1145421  504725    0.9764       2507.9
    44   798168   118584    0.9894       2123.5
    50   993056   244544    0.9801       2114.8
    top-10: 47.3% of mass, 75.4% of excess-loss
Saved to rnd/depth-weight/shakespeare/seed2_mass-inv-linear/run.model
Done.
  Appended optimizer state to rnd/depth-weight/shakespeare/seed2_mass-inv-linear/run.model (adam_t=650)
