AGPT CUDA Training Engine
  Model: d=64 heads=4 layers=2 ff=256 vocab=65 seq=128 head_dim=16
  Loaded 108481 weight floats (423.8 KB)
  No optimizer state in checkpoint; starting cold
Loading radix trie from /tmp/shake_baseline_d16_radix...
  Radix trie: 1607928 nodes, 9313896 total edge chars, 17 endpoint depths
  Radix loaded: 2697118 counts entries, 12276596 ancestor char entries
  d_split: 1062377/1607928 nodes have a mass=1 ancestor (mean depth 9.21)
  lr-schedule: warmup-cosine (peak=0.003, warmup_epochs=1)
  optimizer: rmsprop (lr=0.003)
  mass weighting: ? (head-of-edge count restores corpus-frequency exposure)
  curriculum: flat (d=max each epoch)
  max edge_len: 16, max ancestor chars: 15, max KV per node: 31, max endpoint depth: 16
  mass=1 compaction: 8275783 / 9313896 chars are mass=1 (88.9%); cache holds 1038113 positions
  loop points: 18684 (mass>1 leaves; 3.4% of 545550 mass>1 nodes)
  KV cache: 531.5 MB unified memory (bf16 compact)
  GPU memory: 2851.3 MB used, 5335.5 MB free, 8186.8 MB total
  65 root-child subtrees: sizes min=1 max=246583 avg=24737.3 (total=1607927 radix nodes)
Epoch 1: loss=3.057563  (6.00 sec, 65 subtrees, 225 chunks, 9313896 nodes)
  residual top-10 (subtree_mass × max(avg_loss − 3.058, 0)):
    rc   rootID   mass      avg_loss     score 
    1    50944    1479765   3.9265       1285769.9
    0    1        297533    4.5087       431755.3
    43   660187   735168    3.5846       387477.4
    47   915694   343840    3.8880       285539.1
    40   574911   82726     4.8269       146368.9
    41   591555   114034    3.8129       86138.0
    44   798168   118584    3.7236       78976.3
    42   614321   234101    3.3731       73878.6
    6    309644   167551    3.1900       22197.0
    5    300532   44208     3.4882       19039.7
    top-10: 42.1% of mass, 98.9% of excess-loss
Epoch 2: loss=2.189187  (5.53 sec, 65 subtrees, 225 chunks, 9313896 nodes)
  residual top-10 (subtree_mass × max(avg_loss − 2.189, 0)):
    rc   rootID   mass      avg_loss     score 
    56   1258453  358000    2.3622       61945.2
    6    309644   167551    2.4804       48798.2
    54   1241689  76537     2.6515       35380.8
    59   1500853  192300    2.3424       29464.0
    1    50944    1479765   2.2077       27379.1
    5    300532   44208     2.7254       23706.0
    2    297527   13758     3.2570       14690.7
    8    341198   57485     2.3567       9630.9
    49   982783   50950     2.2874       5005.4
    53   1145421  504725    2.1950       2933.0
    top-10: 34.3% of mass, 97.5% of excess-loss
Epoch 3: loss=2.052992  (5.55 sec, 65 subtrees, 225 chunks, 9313896 nodes)
  residual top-10 (subtree_mass × max(avg_loss − 2.053, 0)):
    rc   rootID   mass      avg_loss     score 
    59   1500853  192300    2.2526       38387.0
    1    50944    1479765   2.0718       27759.0
    6    309644   167551    2.1852       22148.5
    5    300532   44208     2.3504       13146.0
    39   493671   419607    2.0813       11889.1
    2    297527   13758     2.5821       7278.9
    8    341198   57485     2.1393       4963.5
    44   798168   118584    2.0712       2164.3
    40   574911   82726     2.0722       1589.3
    7    338414   10559     2.1800       1340.6
    top-10: 30.1% of mass, 98.6% of excess-loss
Epoch 4: loss=1.990646  (5.54 sec, 65 subtrees, 225 chunks, 9313896 nodes)
  residual top-10 (subtree_mass × max(avg_loss − 1.991, 0)):
    rc   rootID   mass      avg_loss     score 
    59   1500853  192300    2.2002       40296.1
    6    309644   167551    2.1393       24912.5
    5    300532   44208     2.3434       15595.1
    1    50944    1479765   1.9981       11034.0
    58   1402652  543420    2.0085       9719.9
    2    297527   13758     2.6597       9204.5
    54   1241689  76537     2.0548       4910.8
    44   798168   118584    2.0279       4415.6
    39   493671   419607    2.0002       4006.7
    8    341198   57485     2.0590       3930.2
    top-10: 36.2% of mass, 97.2% of excess-loss
Epoch 5: loss=1.942723  (5.55 sec, 65 subtrees, 225 chunks, 9313896 nodes)
  residual top-10 (subtree_mass × max(avg_loss − 1.943, 0)):
    rc   rootID   mass      avg_loss     score 
    59   1500853  192300    2.2336       55934.9
    58   1402652  543420    1.9876       24381.5
    6    309644   167551    2.0163       12319.6
    5    300532   44208     2.1277       8177.8
    2    297527   13758     2.2698       4499.5
    61   1551260  134045    1.9709       3774.1
    44   798168   118584    1.9721       3478.0
    60   1539801  58095     2.0012       3395.1
    54   1241689  76537     1.9726       2288.8
    39   493671   419607    1.9475       1988.7
    top-10: 20.6% of mass, 98.2% of excess-loss
Epoch 6: loss=1.896183  (5.55 sec, 65 subtrees, 225 chunks, 9313896 nodes)
  residual top-10 (subtree_mass × max(avg_loss − 1.896, 0)):
    rc   rootID   mass      avg_loss     score 
    1    50944    1479765   1.9092       19308.4
    59   1500853  192300    1.9512       10582.0
    39   493671   419607    1.9120       6622.0
    6    309644   167551    1.9353       6560.2
    5    300532   44208     1.9979       4496.3
    44   798168   118584    1.9250       3411.3
    2    297527   13758     2.0854       2603.7
    0    1        297533    1.9046       2516.4
    54   1241689  76537     1.9271       2367.4
    40   574911   82726     1.9048       712.0 
    top-10: 33.6% of mass, 98.2% of excess-loss
Epoch 7: loss=1.861959  (5.55 sec, 65 subtrees, 225 chunks, 9313896 nodes)
  residual top-10 (subtree_mass × max(avg_loss − 1.862, 0)):
    rc   rootID   mass      avg_loss     score 
    39   493671   419607    1.8811       8028.5
    6    309644   167551    1.8999       6358.6
    1    50944    1479765   1.8655       5203.8
    5    300532   44208     1.9483       3818.7
    44   798168   118584    1.8854       2780.4
    46   840714   415269    1.8672       2193.3
    2    297527   13758     2.0076       2003.1
    47   915694   343840    1.8675       1897.0
    42   614321   234101    1.8688       1591.6
    40   574911   82726     1.8754       1109.7
    top-10: 38.6% of mass, 93.3% of excess-loss
Epoch 8: loss=1.842915  (5.56 sec, 65 subtrees, 225 chunks, 9313896 nodes)
  residual top-10 (subtree_mass × max(avg_loss − 1.843, 0)):
    rc   rootID   mass      avg_loss     score 
    39   493671   419607    1.8580       6334.6
    46   840714   415269    1.8518       3696.1
    6    309644   167551    1.8602       2888.6
    47   915694   343840    1.8512       2835.9
    44   798168   118584    1.8648       2590.0
    5    300532   44208     1.8964       2366.3
    52   1074317  367799    1.8483       1964.2
    42   614321   234101    1.8490       1435.8
    2    297527   13758     1.9250       1129.2
    40   574911   82726     1.8546       970.0 
    top-10: 25.7% of mass, 88.0% of excess-loss
Epoch 9: loss=1.834118  (5.56 sec, 65 subtrees, 225 chunks, 9313896 nodes)
  residual top-10 (subtree_mass × max(avg_loss − 1.834, 0)):
    rc   rootID   mass      avg_loss     score 
    39   493671   419607    1.8457       4843.2
    46   840714   415269    1.8442       4181.3
    47   915694   343840    1.8433       3153.5
    52   1074317  367799    1.8415       2710.5
    44   798168   118584    1.8559       2577.7
    58   1402652  543420    1.8380       2098.2
    5    300532   44208     1.8740       1761.3
    42   614321   234101    1.8401       1407.8
    6    309644   167551    1.8403       1039.5
    57   1329804  377747    1.8367       972.5 
    top-10: 35.3% of mass, 80.8% of excess-loss
Epoch 10: loss=1.831612  (5.56 sec, 65 subtrees, 225 chunks, 9313896 nodes)
  residual top-10 (subtree_mass × max(avg_loss − 1.832, 0)):
    rc   rootID   mass      avg_loss     score 
    46   840714   415269    1.8419       4292.2
    39   493671   419607    1.8412       4010.8
    47   915694   343840    1.8410       3229.3
    52   1074317  367799    1.8401       3111.3
    58   1402652  543420    1.8369       2868.7
    44   798168   118584    1.8530       2540.9
    5    300532   44208     1.8690       1651.8
    57   1329804  377747    1.8357       1530.0
    42   614321   234101    1.8369       1238.1
    59   1500853  192300    1.8376       1160.4
    top-10: 35.6% of mass, 79.8% of excess-loss
Saved to rnd/depth-weight/matrix/mass-inv-log_none_s3/run.model
Done.
  Appended optimizer state to rnd/depth-weight/matrix/mass-inv-log_none_s3/run.model (adam_t=650)
