AGPT CUDA Training Engine
  Model: d=64 heads=4 layers=2 ff=256 vocab=65 seq=128 head_dim=16
  Loaded 108481 weight floats (423.8 KB)
  No optimizer state in checkpoint; starting cold
Loading radix trie from /tmp/shake_baseline_d16_radix...
  Radix trie: 1607928 nodes, 9313896 total edge chars, 17 endpoint depths
  Radix loaded: 2697118 counts entries, 12276596 ancestor char entries
  d_split: 1062377/1607928 nodes have a mass=1 ancestor (mean depth 9.21)
  lr-schedule: warmup-cosine (peak=0.003, warmup_epochs=1)
  optimizer: rmsprop (lr=0.003)
  mass weighting: ? (head-of-edge count restores corpus-frequency exposure)
  curriculum: flat (d=max each epoch)
  max edge_len: 16, max ancestor chars: 15, max KV per node: 31, max endpoint depth: 16
  mass=1 compaction: 8275783 / 9313896 chars are mass=1 (88.9%); cache holds 1038113 positions
  loop points: 18684 (mass>1 leaves; 3.4% of 545550 mass>1 nodes)
  KV cache: 531.5 MB unified memory (bf16 compact)
  GPU memory: 2851.3 MB used, 5335.5 MB free, 8186.8 MB total
  65 root-child subtrees: sizes min=1 max=246583 avg=24737.3 (total=1607927 radix nodes)
Epoch 1: loss=1.604817  (5.65 sec, 65 subtrees, 225 chunks, 9313896 nodes)
  residual top-10 (subtree_mass × max(avg_loss − 1.605, 0)):
    rc   rootID   mass      avg_loss     score 
    1    50944    1479765   2.1082       744824.0
    0    1        297533    2.4057       238287.0
    43   660187   735168    1.8238       161011.1
    44   798168   118584    1.9418       39963.2
    6    309644   167551    1.8007       32812.5
    40   574911   82726     1.9456       28192.4
    5    300532   44208     1.9507       15288.9
    41   591555   114034    1.7101       12008.4
    42   614321   234101    1.6401       8269.0
    10   349444   84126     1.6935       7464.7
    top-10: 39.1% of mass, 97.8% of excess-loss
Epoch 2: loss=1.711355  (5.52 sec, 65 subtrees, 225 chunks, 9313896 nodes)
  residual top-10 (subtree_mass × max(avg_loss − 1.711, 0)):
    rc   rootID   mass      avg_loss     score 
    1    50944    1479765   3.4444       2564444.6
    6    309644   167551    2.0384       54794.6
    5    300532   44208     2.3171       26780.5
    10   349444   84126     1.8160       8803.6
    2    297527   13758     2.3274       8475.3
    8    341198   57485     1.7914       4603.5
    7    338414   10559     1.9862       2902.0
    13   372685   55068     1.7492       2084.4
    11   364300   27722     1.7793       1883.2
    12   369639   16107     1.7361       398.0 
    top-10: 22.8% of mass, 100.0% of excess-loss
Epoch 3: loss=1.428256  (5.53 sec, 65 subtrees, 225 chunks, 9313896 nodes)
  residual top-10 (subtree_mass × max(avg_loss − 1.428, 0)):
    rc   rootID   mass      avg_loss     score 
    1    50944    1479765   1.6581       340159.9
    6    309644   167551    2.0947       111657.5
    5    300532   44208     2.2671       37082.4
    39   493671   419607    1.5061       32650.4
    10   349444   84126     1.7888       30332.0
    8    341198   57485     1.8022       21498.4
    13   372685   55068     1.6937       14617.0
    2    297527   13758     2.3946       13294.3
    21   413181   87608     1.5652       11996.9
    11   364300   27722     1.7383       8595.7
    top-10: 28.3% of mass, 92.9% of excess-loss
Epoch 4: loss=1.351205  (5.53 sec, 65 subtrees, 225 chunks, 9313896 nodes)
  residual top-10 (subtree_mass × max(avg_loss − 1.351, 0)):
    rc   rootID   mass      avg_loss     score 
    1    50944    1479765   1.5060       229104.7
    6    309644   167551    1.8967       91398.2
    5    300532   44208     2.0537       31054.3
    10   349444   84126     1.6329       23693.8
    39   493671   419607    1.4018       21230.2
    8    341198   57485     1.6176       15315.1
    13   372685   55068     1.5596       11478.0
    2    297527   13758     2.1239       10630.6
    21   413181   87608     1.4422       7967.6
    11   364300   27722     1.6055       7049.1
    top-10: 28.3% of mass, 93.4% of excess-loss
Epoch 5: loss=1.229568  (5.55 sec, 65 subtrees, 225 chunks, 9313896 nodes)
  residual top-10 (subtree_mass × max(avg_loss − 1.230, 0)):
    rc   rootID   mass      avg_loss     score 
    1    50944    1479765   1.2736       65163.4
    39   493671   419607    1.2425       5426.7
    5    300532   44208     1.2932       2814.6
    6    309644   167551    1.2394       1646.4
    47   915694   343840    1.2338       1468.7
    44   798168   118584    1.2371       895.5 
    40   574911   82726     1.2395       825.6 
    42   614321   234101    1.2329       779.7 
    2    297527   13758     1.2781       667.6 
    7    338414   10559     1.2695       422.0 
    top-10: 33.9% of mass, 99.1% of excess-loss
Epoch 6: loss=1.198885  (5.55 sec, 65 subtrees, 225 chunks, 9313896 nodes)
  residual top-10 (subtree_mass × max(avg_loss − 1.199, 0)):
    rc   rootID   mass      avg_loss     score 
    1    50944    1479765   1.2175       27478.1
    39   493671   419607    1.2150       6751.5
    47   915694   343840    1.2077       3038.6
    5    300532   44208     1.2526       2375.0
    43   660187   735168    1.2010       1558.1
    42   614321   234101    1.2054       1518.6
    44   798168   118584    1.2114       1481.9
    50   993056   244544    1.2034       1106.2
    40   574911   82726     1.2122       1101.5
    59   1500853  192300    1.2029       763.0 
    top-10: 45.3% of mass, 93.3% of excess-loss
Epoch 7: loss=1.179231  (5.55 sec, 65 subtrees, 225 chunks, 9313896 nodes)
  residual top-10 (subtree_mass × max(avg_loss − 1.179, 0)):
    rc   rootID   mass      avg_loss     score 
    1    50944    1479765   1.1922       19250.4
    39   493671   419607    1.1943       6316.8
    47   915694   343840    1.1896       3558.6
    43   660187   735168    1.1832       2930.3
    42   614321   234101    1.1871       1833.9
    44   798168   118584    1.1933       1673.9
    5    300532   44208     1.2153       1593.4
    50   993056   244544    1.1855       1536.9
    59   1500853  192300    1.1863       1356.7
    40   574911   82726     1.1928       1122.7
    top-10: 45.3% of mass, 87.9% of excess-loss
Epoch 8: loss=1.163183  (5.56 sec, 65 subtrees, 225 chunks, 9313896 nodes)
  residual top-10 (subtree_mass × max(avg_loss − 1.163, 0)):
    rc   rootID   mass      avg_loss     score 
    39   493671   419607    1.1772       5867.0
    1    50944    1479765   1.1669       5508.2
    47   915694   343840    1.1758       4333.5
    43   660187   735168    1.1679       3455.3
    53   1145421  504725    1.1677       2297.6
    50   993056   244544    1.1722       2197.0
    59   1500853  192300    1.1745       2177.3
    52   1074317  367799    1.1688       2070.6
    56   1258453  358000    1.1688       2016.8
    42   614321   234101    1.1715       1954.8
    top-10: 56.8% of mass, 73.9% of excess-loss
Epoch 9: loss=1.156559  (5.55 sec, 65 subtrees, 225 chunks, 9313896 nodes)
  residual top-10 (subtree_mass × max(avg_loss − 1.157, 0)):
    rc   rootID   mass      avg_loss     score 
    39   493671   419607    1.1698       5575.7
    47   915694   343840    1.1707       4876.5
    43   660187   735168    1.1620       3997.4
    53   1145421  504725    1.1630       3265.5
    56   1258453  358000    1.1643       2779.9
    52   1074317  367799    1.1639       2695.7
    59   1500853  192300    1.1703       2643.0
    50   993056   244544    1.1671       2585.8
    57   1329804  377747    1.1630       2425.5
    44   798168   118584    1.1743       2104.3
    top-10: 42.6% of mass, 72.1% of excess-loss
Epoch 10: loss=1.154662  (5.56 sec, 65 subtrees, 225 chunks, 9313896 nodes)
  residual top-10 (subtree_mass × max(avg_loss − 1.155, 0)):
    rc   rootID   mass      avg_loss     score 
    39   493671   419607    1.1678       5526.3
    47   915694   343840    1.1695       5100.2
    43   660187   735168    1.1605       4258.9
    53   1145421  504725    1.1620       3711.6
    56   1258453  358000    1.1633       3105.7
    52   1074317  367799    1.1628       2995.6
    59   1500853  192300    1.1697       2884.5
    57   1329804  377747    1.1622       2858.1
    50   993056   244544    1.1659       2760.2
    44   798168   118584    1.1732       2196.5
    top-10: 42.6% of mass, 71.1% of excess-loss
Saved to rnd/depth-weight/matrix/mass-inv-linear_weight_s3/run.model
Done.
  Appended optimizer state to rnd/depth-weight/matrix/mass-inv-linear_weight_s3/run.model (adam_t=650)
