INFO: --anc-grad: per-subtree descendant→ancestor gradient flow enabled (Wk/Wv get full gradient instead of own-edge-only)
AGPT CUDA Training Engine
  Model: d=64 heads=4 layers=2 ff=256 vocab=65 seq=128 head_dim=16
  Loaded 108481 weight floats (423.8 KB)
  No optimizer state in checkpoint; starting cold
Loading radix trie from /tmp/gutenberg_5m_baseline_d16_radix...
  Radix trie: 7073694 nodes, 34623339 total edge chars, 17 endpoint depths
  Radix loaded: 11884367 counts entries, 63118178 ancestor char entries
  d_split: 4570307/7073694 nodes have a mass=1 ancestor (mean depth 10.48)
  lr-schedule: warmup-cosine (peak=0.003, warmup_epochs=1)
  optimizer: rmsprop (lr=0.003)
  curriculum: flat (d=max each epoch)
  max edge_len: 15, max ancestor chars: 15, max KV per node: 30, max endpoint depth: 16
  mass=1 compaction: 29783005 / 34623339 chars are mass=1 (86.0%); cache holds 4840334 positions
  loop points: 160826 (mass>1 leaves; 6.4% of 2503386 mass>1 nodes)
  KV cache: 2478.3 MB unified memory (bf16 compact)
  GPU memory: 3105.0 MB used, 5081.8 MB free, 8186.8 MB total
  65 root-child subtrees: sizes min=3 max=1116592 avg=108826.0 (total=7073693 radix nodes)
  anc-grad: max_n_subtree_compact_chars=785090, 2 layers x 3 buffers x 200.98 MB + 19.36 MB lookup = 1237.82 MB total
Epoch 1: loss=2.613507  (23.19 sec, 65 subtrees, 730 chunks, 34623339 nodes)
  residual top-10 (subtree_mass × max(avg_loss − 2.614, 0)):
    rc   rootID   mass      avg_loss     score 
    43   2546378  4367096   2.9822       1610185.6
    42   2302712  1539203   3.1013       750756.8
    40   2098840  473230    3.9259       621061.8
    41   2178351  766679    3.3837       590522.0
    44   3229301  724285    3.3209       512329.4
    45   3347168  678815    2.8945       190715.6
    47   3809957  2279927   2.6889       171990.8
    46   3463254  2317775   2.6375       55515.3
    49   4172773  263541    2.7253       29453.1
    17   1549239  26766     2.8915       7441.2
    top-10: 29.5% of mass, 99.8% of excess-loss
Epoch 2: loss=2.422585  (22.95 sec, 65 subtrees, 730 chunks, 34623339 nodes)
  residual top-10 (subtree_mass × max(avg_loss − 2.423, 0)):
    rc   rootID   mass      avg_loss     score 
    58   6141841  3228512   2.6012       576785.0
    59   6621526  905338    2.9165       447138.1
    44   3229301  724285    2.8534       312042.5
    5    1263676  342947    2.6639       82742.6
    61   6828350  809921    2.5169       76410.5
    50   4218803  1289869   2.4767       69738.0
    49   4172773  263541    2.6132       50233.3
    45   3347168  678815    2.4945       48833.8
    60   6774952  316779    2.5706       46882.4
    54   5381749  526964    2.4648       22244.5
    top-10: 19.9% of mass, 93.2% of excess-loss
Epoch 3: loss=2.321168  (23.33 sec, 65 subtrees, 730 chunks, 34623339 nodes)
  residual top-10 (subtree_mass × max(avg_loss − 2.321, 0)):
    rc   rootID   mass      avg_loss     score 
    1    138709   8244278   2.3836       514704.6
    44   3229301  724285    2.4888       121399.8
    59   6621526  905338    2.4428       110119.0
    0    1        824077    2.4022       66743.0
    5    1263676  342947    2.4531       45238.9
    6    1317879  754528    2.3762       41550.9
    8    1439897  392288    2.3800       23075.7
    49   4172773  263541    2.3725       13530.7
    45   3347168  678815    2.3406       13194.4
    17   1549239  26766     2.7502       11483.7
    top-10: 28.9% of mass, 89.9% of excess-loss
Epoch 4: loss=2.267412  (22.94 sec, 65 subtrees, 730 chunks, 34623339 nodes)
  residual top-10 (subtree_mass × max(avg_loss − 2.267, 0)):
    rc   rootID   mass      avg_loss     score 
    59   6621526  905338    2.4303       147462.0
    54   5381749  526964    2.5109       128307.4
    53   4965123  2594188   2.3164       127114.0
    58   6141841  3228512   2.2921       79744.6
    56   5475765  1903021   2.3049       71380.8
    49   4172773  263541    2.5164       65619.3
    44   3229301  724285    2.3470       57655.4
    50   4218803  1289869   2.3101       55072.2
    5    1263676  342947    2.3613       32209.5
    47   3809957  2279927   2.2786       25607.7
    top-10: 30.8% of mass, 89.4% of excess-loss
Epoch 5: loss=2.195432  (22.94 sec, 65 subtrees, 730 chunks, 34623339 nodes)
  residual top-10 (subtree_mass × max(avg_loss − 2.195, 0)):
    rc   rootID   mass      avg_loss     score 
    1    138709   8244278   2.2291       277182.0
    5    1263676  342947    2.3270       45134.4
    6    1317879  754528    2.2512       42045.4
    59   6621526  905338    2.2337       34684.8
    8    1439897  392288    2.2666       27909.4
    44   3229301  724285    2.2303       25240.9
    39   1660971  2741100   2.2032       21281.8
    0    1        824077    2.2155       16540.4
    17   1549239  26766     2.6209       11387.5
    32   1636047  78207     2.3231       9982.8
    top-10: 33.0% of mass, 83.4% of excess-loss
Epoch 6: loss=2.140610  (22.98 sec, 65 subtrees, 730 chunks, 34623339 nodes)
  residual top-10 (subtree_mass × max(avg_loss − 2.141, 0)):
    rc   rootID   mass      avg_loss     score 
    59   6621526  905338    2.2429       92644.3
    1    138709   8244278   2.1509       84607.7
    58   6141841  3228512   2.1511       33805.6
    5    1263676  342947    2.2352       32439.0
    54   5381749  526964    2.1995       31011.4
    6    1317879  754528    2.1780       28219.3
    8    1439897  392288    2.1941       20972.2
    17   1549239  26766     2.5559       11116.2
    32   1636047  78207     2.2622       9505.8
    13   1520469  67330     2.2734       8941.3
    top-10: 32.0% of mass, 81.5% of excess-loss
Epoch 7: loss=2.094114  (22.93 sec, 65 subtrees, 730 chunks, 34623339 nodes)
  residual top-10 (subtree_mass × max(avg_loss − 2.094, 0)):
    rc   rootID   mass      avg_loss     score 
    1    138709   8244278   2.1117       144794.8
    6    1317879  754528    2.1323       28790.4
    5    1263676  342947    2.1702       26095.8
    8    1439897  392288    2.1536       23317.6
    47   3809957  2279927   2.1013       16341.8
    39   1660971  2741100   2.0987       12676.3
    17   1549239  26766     2.5151       11268.1
    32   1636047  78207     2.2308       10691.8
    13   1520469  67330     2.2372       9630.6
    15   1539367  34390     2.3210       7803.1
    top-10: 32.8% of mass, 77.8% of excess-loss
Epoch 8: loss=2.071508  (22.94 sec, 65 subtrees, 730 chunks, 34623339 nodes)
  residual top-10 (subtree_mass × max(avg_loss − 2.072, 0)):
    rc   rootID   mass      avg_loss     score 
    1    138709   8244278   2.0815       82040.4
    6    1317879  754528    2.1073       27041.7
    5    1263676  342947    2.1475       26049.4
    8    1439897  392288    2.1274       21935.0
    47   3809957  2279927   2.0794       18052.2
    17   1549239  26766     2.4833       11021.9
    32   1636047  78207     2.2087       10732.9
    13   1520469  67330     2.2124       9484.5
    15   1539367  34390     2.2936       7636.1
    28   1618406  47896     2.2138       6817.0
    top-10: 26.9% of mass, 74.8% of excess-loss
Epoch 9: loss=2.061473  (22.94 sec, 65 subtrees, 730 chunks, 34623339 nodes)
  residual top-10 (subtree_mass × max(avg_loss − 2.061, 0)):
    rc   rootID   mass      avg_loss     score 
    1    138709   8244278   2.0664       40695.2
    6    1317879  754528    2.0925       23396.2
    5    1263676  342947    2.1238       21363.4
    8    1439897  392288    2.1141       20635.7
    47   3809957  2279927   2.0704       20248.1
    17   1549239  26766     2.4656       10817.8
    32   1636047  78207     2.1994       10784.4
    13   1520469  67330     2.1998       9316.3
    15   1539367  34390     2.2798       7507.1
    28   1618406  47896     2.2049       6867.7
    top-10: 26.9% of mass, 70.6% of excess-loss
Epoch 10: loss=2.058834  (22.96 sec, 65 subtrees, 730 chunks, 34623339 nodes)
  residual top-10 (subtree_mass × max(avg_loss − 2.059, 0)):
    rc   rootID   mass      avg_loss     score 
    6    1317879  754528    2.0882       22187.8
    1    138709   8244278   2.0615       21882.3
    47   3809957  2279927   2.0681       21109.0
    5    1263676  342947    2.1187       20518.2
    8    1439897  392288    2.1101       20116.6
    32   1636047  78207     2.1977       10861.5
    17   1549239  26766     2.4588       10706.5
    13   1520469  67330     2.1953       9185.8
    15   1539367  34390     2.2756       7454.0
    28   1618406  47896     2.2029       6900.1
    top-10: 26.9% of mass, 67.2% of excess-loss
Saved to rnd/per-fire-norm/raw-no-scale/gutenberg/seed1_on/run.model
Done.
  Appended optimizer state to rnd/per-fire-norm/raw-no-scale/gutenberg/seed1_on/run.model (adam_t=650)
