AGPT CUDA Training Engine
  Model: d=64 heads=4 layers=2 ff=256 vocab=65 seq=128 head_dim=16
  Loaded 108481 weight floats (423.8 KB)
  No optimizer state in checkpoint; starting cold
Loading radix trie from /tmp/gutenberg_5m_baseline_d16_radix...
  Radix trie: 7073694 nodes, 34623339 total edge chars, 17 endpoint depths
  Radix loaded: 11884367 counts entries, 63118178 ancestor char entries
  d_split: 4570307/7073694 nodes have a mass=1 ancestor (mean depth 10.48)
  lr-schedule: warmup-cosine (peak=0.003, warmup_epochs=1)
  optimizer: rmsprop (lr=0.003)
  curriculum: flat (d=max each epoch)
  max edge_len: 15, max ancestor chars: 15, max KV per node: 30, max endpoint depth: 16
  mass=1 compaction: 29783005 / 34623339 chars are mass=1 (86.0%); cache holds 4840334 positions
  loop points: 160826 (mass>1 leaves; 6.4% of 2503386 mass>1 nodes)
  KV cache: 2478.3 MB unified memory (bf16 compact)
  GPU memory: 3105.0 MB used, 5081.8 MB free, 8186.8 MB total
  65 root-child subtrees: sizes min=3 max=1116592 avg=108826.0 (total=7073693 radix nodes)
Epoch 1: loss=3.372968  (22.56 sec, 65 subtrees, 730 chunks, 34623339 nodes)
  residual top-10 (subtree_mass × max(avg_loss − 3.373, 0)):
    rc   rootID   mass      avg_loss     score 
    1    138709   8244278   4.2258       7030633.7
    43   2546378  4367096   3.9155       2369504.5
    44   3229301  724285    5.3454       1428624.4
    0    1        824077    4.9894       1332038.1
    41   2178351  766679    4.8615       1141234.9
    40   2098840  473230    5.5680       1038765.2
    42   2302712  1539203   3.7088       516953.0
    45   3347168  678815    3.6176       166054.0
    5    1263676  342947    3.6379       90858.1
    2    1255301  46307     3.7717       18464.1
    top-10: 39.5% of mass, 99.8% of excess-loss
Epoch 2: loss=2.565675  (22.28 sec, 65 subtrees, 730 chunks, 34623339 nodes)
  residual top-10 (subtree_mass × max(avg_loss − 2.566, 0)):
    rc   rootID   mass      avg_loss     score 
    59   6621526  905338    3.2423       612564.3
    58   6141841  3228512   2.7488       591264.8
    54   5381749  526964    2.8367       142805.2
    1    138709   8244278   2.5787       107437.6
    56   5475765  1903021   2.6057       76091.3
    61   6828350  809921    2.6324       54013.8
    5    1263676  342947    2.7179       52199.8
    60   6774952  316779    2.7296       51929.7
    2    1255301  46307     2.9949       19873.9
    6    1317879  754528    2.5902       18521.7
    top-10: 37.5% of mass, 95.0% of excess-loss
Epoch 3: loss=2.392495  (22.21 sec, 65 subtrees, 730 chunks, 34623339 nodes)
  residual top-10 (subtree_mass × max(avg_loss − 2.392, 0)):
    rc   rootID   mass      avg_loss     score 
    1    138709   8244278   2.4585       543779.4
    59   6621526  905338    2.6645       246227.3
    6    1317879  754528    2.4697       58225.9
    0    1        824077    2.4617       56992.3
    5    1263676  342947    2.5240       45105.7
    54   5381749  526964    2.4635       37403.0
    39   1660971  2741100   2.4056       36054.6
    8    1439897  392288    2.4737       31861.4
    2    1255301  46307     2.6455       11714.2
    17   1549239  26766     2.8295       11697.4
    top-10: 32.5% of mass, 91.4% of excess-loss
Epoch 4: loss=2.304617  (22.24 sec, 65 subtrees, 730 chunks, 34623339 nodes)
  residual top-10 (subtree_mass × max(avg_loss − 2.305, 0)):
    rc   rootID   mass      avg_loss     score 
    59   6621526  905338    2.4777       156702.8
    1    138709   8244278   2.3213       137686.1
    54   5381749  526964    2.5061       106165.2
    44   3229301  724285    2.4352       94605.5
    5    1263676  342947    2.4241       40988.1
    6    1317879  754528    2.3448       30329.9
    58   6141841  3228512   2.3127       25943.0
    56   5475765  1903021   2.3157       21092.7
    8    1439897  392288    2.3560       20152.1
    17   1549239  26766     2.6915       10356.1
    top-10: 37.4% of mass, 88.5% of excess-loss
Epoch 5: loss=2.237034  (22.26 sec, 65 subtrees, 730 chunks, 34623339 nodes)
  residual top-10 (subtree_mass × max(avg_loss − 2.237, 0)):
    rc   rootID   mass      avg_loss     score 
    59   6621526  905338    2.3720       122191.1
    1    138709   8244278   2.2441       58070.1
    49   4172773  263541    2.4519       56633.3
    58   6141841  3228512   2.2539       54370.5
    5    1263676  342947    2.3611       42554.3
    47   3809957  2279927   2.2544       39615.2
    6    1317879  754528    2.2819       33844.9
    50   4218803  1289869   2.2605       30235.1
    54   5381749  526964    2.2849       25205.6
    8    1439897  392288    2.2916       21407.5
    top-10: 40.0% of mass, 80.8% of excess-loss
Epoch 6: loss=2.181954  (22.21 sec, 65 subtrees, 730 chunks, 34623339 nodes)
  residual top-10 (subtree_mass × max(avg_loss − 2.182, 0)):
    rc   rootID   mass      avg_loss     score 
    1    138709   8244278   2.1966       120403.1
    59   6621526  905338    2.2507       62252.8
    5    1263676  342947    2.2897       36954.5
    6    1317879  754528    2.2236       31394.0
    8    1439897  392288    2.2392       22454.0
    39   1660971  2741100   2.1882       17048.1
    54   5381749  526964    2.2122       15953.4
    44   3229301  724285    2.1961       10241.9
    17   1549239  26766     2.5545       9970.3
    32   1636047  78207     2.2929       8679.2
    top-10: 32.3% of mass, 80.2% of excess-loss
Epoch 7: loss=2.141766  (22.14 sec, 65 subtrees, 730 chunks, 34623339 nodes)
  residual top-10 (subtree_mass × max(avg_loss − 2.142, 0)):
    rc   rootID   mass      avg_loss     score 
    1    138709   8244278   2.1529       91852.7
    6    1317879  754528    2.1874       34432.6
    5    1263676  342947    2.2379       32981.7
    39   1660971  2741100   2.1506       24331.0
    8    1439897  392288    2.2026       23860.7
    59   6621526  905338    2.1554       12351.7
    17   1549239  26766     2.5047       9713.8
    32   1636047  78207     2.2568       8996.4
    13   1520469  67330     2.2626       8137.1
    44   3229301  724285    2.1527       7904.3
    top-10: 31.3% of mass, 77.7% of excess-loss
Epoch 8: loss=2.119791  (21.64 sec, 65 subtrees, 730 chunks, 34623339 nodes)
  residual top-10 (subtree_mass × max(avg_loss − 2.120, 0)):
    rc   rootID   mass      avg_loss     score 
    1    138709   8244278   2.1270       59313.8
    6    1317879  754528    2.1588       29447.6
    5    1263676  342947    2.1918       24690.8
    8    1439897  392288    2.1789       23169.5
    39   1660971  2741100   2.1269       19415.5
    47   3809957  2279927   2.1251       12152.9
    17   1549239  26766     2.4831       9725.5
    32   1636047  78207     2.2380       9246.4
    13   1520469  67330     2.2402       8109.2
    15   1539367  34390     2.3214       6933.5
    top-10: 32.8% of mass, 74.1% of excess-loss
Epoch 9: loss=2.109805  (21.87 sec, 65 subtrees, 730 chunks, 34623339 nodes)
  residual top-10 (subtree_mass × max(avg_loss − 2.110, 0)):
    rc   rootID   mass      avg_loss     score 
    6    1317879  754528    2.1414       23807.7
    1    138709   8244278   2.1125       22199.9
    8    1439897  392288    2.1654       21812.8
    5    1263676  342947    2.1698       20575.2
    47   3809957  2279927   2.1166       15430.1
    17   1549239  26766     2.4679       9586.0
    32   1636047  78207     2.2297       9379.8
    13   1520469  67330     2.2267       7873.0
    15   1539367  34390     2.3075       6799.9
    39   1660971  2741100   2.1122       6594.6
    top-10: 32.8% of mass, 67.9% of excess-loss
Epoch 10: loss=2.107207  (21.89 sec, 65 subtrees, 730 chunks, 34623339 nodes)
  residual top-10 (subtree_mass × max(avg_loss − 2.107, 0)):
    rc   rootID   mass      avg_loss     score 
    6    1317879  754528    2.1367       22236.5
    8    1439897  392288    2.1613       21212.7
    5    1263676  342947    2.1626       19001.7
    47   3809957  2279927   2.1145       16708.9
    32   1636047  78207     2.2294       9555.7
    17   1549239  26766     2.4620       9496.2
    13   1520469  67330     2.2228       7782.5
    15   1539367  34390     2.3038       6761.7
    28   1618406  47896     2.2431       6509.3
    2    1255301  46307     2.2323       5792.3
    top-10: 8.9% of mass, 66.2% of excess-loss
Saved to rnd/per-fire-norm/exp1-ln-emb-rescaled/gutenberg/seed2_off/run.model
Done.
  Appended optimizer state to rnd/per-fire-norm/exp1-ln-emb-rescaled/gutenberg/seed2_off/run.model (adam_t=650)
