AGPT CUDA Training Engine
  Model: d=64 heads=4 layers=2 ff=256 vocab=65 seq=128 head_dim=16
  Loaded 108481 weight floats (423.8 KB)
  No optimizer state in checkpoint; starting cold
Loading radix trie from /tmp/shake_baseline_d16_radix...
  Radix trie: 1607928 nodes, 9313896 total edge chars, 17 endpoint depths
  Radix loaded: 2697118 counts entries, 12276596 ancestor char entries
  d_split: 1062377/1607928 nodes have a mass=1 ancestor (mean depth 9.21)
  lr-schedule: warmup-cosine (peak=0.003, warmup_epochs=1)
  optimizer: rmsprop (lr=0.003)
  mass weighting: log (head-of-edge count restores corpus-frequency exposure)
  curriculum: flat (d=max each epoch)
  max edge_len: 16, max ancestor chars: 15, max KV per node: 31, max endpoint depth: 16
  mass=1 compaction: 8275783 / 9313896 chars are mass=1 (88.9%); cache holds 1038113 positions
  loop points: 18684 (mass>1 leaves; 3.4% of 545550 mass>1 nodes)
  KV cache: 531.5 MB unified memory (bf16 compact)
  GPU memory: 2851.3 MB used, 5335.5 MB free, 8186.8 MB total
  65 root-child subtrees: sizes min=1 max=246583 avg=24737.3 (total=1607927 radix nodes)
Epoch 1: loss=2.770397  (5.64 sec, 65 subtrees, 225 chunks, 9313896 nodes)
  residual top-10 (subtree_mass × max(avg_loss − 2.770, 0)):
    rc   rootID   mass      avg_loss     score 
    1    50944    1479765   3.5933       1217756.1
    0    1        297533    4.3733       476910.4
    43   660187   735168    3.1353       268268.4
    40   574911   82726     4.1195       111608.7
    44   798168   118584    3.6724       106963.4
    42   614321   234101    3.1458       87872.3
    41   591555   114034    3.4931       82415.5
    8    341198   57485     3.3272       32009.4
    6    309644   167551    2.9247       25845.8
    45   821318   94570     2.9992       21635.6
    top-10: 39.3% of mass, 98.4% of excess-loss
Epoch 2: loss=2.022025  (5.53 sec, 65 subtrees, 225 chunks, 9313896 nodes)
  residual top-10 (subtree_mass × max(avg_loss − 2.022, 0)):
    rc   rootID   mass      avg_loss     score 
    1    50944    1479765   2.1097       129724.9
    0    1        297533    2.2116       56406.6
    6    309644   167551    2.3181       49612.2
    54   1241689  76537     2.5448       40011.2
    8    341198   57485     2.6841       38060.5
    56   1258453  358000    2.0844       22343.3
    5    300532   44208     2.5081       21489.2
    2    297527   13758     2.9102       12219.2
    10   349444   84126     2.1460       10432.1
    13   372685   55068     2.1745       8395.0
    top-10: 30.6% of mass, 85.1% of excess-loss
Epoch 3: loss=1.851261  (5.53 sec, 65 subtrees, 225 chunks, 9313896 nodes)
  residual top-10 (subtree_mass × max(avg_loss − 1.851, 0)):
    rc   rootID   mass      avg_loss     score 
    1    50944    1479765   1.9320       119466.4
    0    1        297533    2.0345       54510.7
    6    309644   167551    2.0234       28836.0
    8    341198   57485     2.2917       25318.8
    59   1500853  192300    1.9153       12310.5
    5    300532   44208     2.0722       9768.1
    2    297527   13758     2.3253       6522.2
    10   349444   84126     1.9219       5939.3
    13   372685   55068     1.9381       4781.0
    12   369639   16107     2.1402       4653.3
    top-10: 28.0% of mass, 85.0% of excess-loss
Epoch 4: loss=1.789842  (5.54 sec, 65 subtrees, 225 chunks, 9313896 nodes)
  residual top-10 (subtree_mass × max(avg_loss − 1.790, 0)):
    rc   rootID   mass      avg_loss     score 
    1    50944    1479765   1.8453       82108.2
    0    1        297533    1.9445       46025.1
    6    309644   167551    1.9712       30385.3
    8    341198   57485     2.1713       21926.9
    59   1500853  192300    1.8917       19586.3
    5    300532   44208     2.0445       11259.8
    2    297527   13758     2.3406       7577.7
    13   372685   55068     1.8815       5049.0
    10   349444   84126     1.8478       4874.9
    17   395702   37639     1.9060       4373.3
    top-10: 28.3% of mass, 82.9% of excess-loss
Epoch 5: loss=1.768990  (5.54 sec, 65 subtrees, 225 chunks, 9313896 nodes)
  residual top-10 (subtree_mass × max(avg_loss − 1.769, 0)):
    rc   rootID   mass      avg_loss     score 
    58   1402652  543420    1.8914       66528.4
    59   1500853  192300    2.0771       59252.6
    0    1        297533    1.8867       35011.9
    1    50944    1479765   1.7837       21746.8
    8    341198   57485     2.0931       18631.1
    6    309644   167551    1.8652       16126.5
    54   1241689  76537     1.9051       10419.7
    57   1329804  377747    1.7838       5610.7
    2    297527   13758     2.1171       4789.2
    5    300532   44208     1.8691       4425.2
    top-10: 37.8% of mass, 84.9% of excess-loss
Epoch 6: loss=1.708202  (5.55 sec, 65 subtrees, 225 chunks, 9313896 nodes)
  residual top-10 (subtree_mass × max(avg_loss − 1.708, 0)):
    rc   rootID   mass      avg_loss     score 
    1    50944    1479765   1.7636       82017.7
    0    1        297533    1.8677       47454.3
    8    341198   57485     2.0546       19913.9
    6    309644   167551    1.7852       12898.3
    13   372685   55068     1.7994       5020.0
    10   349444   84126     1.7643       4721.6
    17   395702   37639     1.8271       4474.6
    21   413181   87608     1.7567       4249.5
    15   387980   25230     1.8619       3878.1
    12   369639   16107     1.9405       3741.0
    top-10: 26.8% of mass, 81.0% of excess-loss
Epoch 7: loss=1.677369  (5.55 sec, 65 subtrees, 225 chunks, 9313896 nodes)
  residual top-10 (subtree_mass × max(avg_loss − 1.677, 0)):
    rc   rootID   mass      avg_loss     score 
    1    50944    1479765   1.7195       62303.3
    0    1        297533    1.8193       42214.9
    8    341198   57485     1.9804       17418.9
    6    309644   167551    1.7317       9108.7
    13   372685   55068     1.7594       4515.8
    17   395702   37639     1.7900       4240.1
    21   413181   87608     1.7207       3797.1
    15   387980   25230     1.8203       3607.3
    10   349444   84126     1.7199       3577.7
    12   369639   16107     1.8907       3436.0
    top-10: 26.8% of mass, 78.9% of excess-loss
Epoch 8: loss=1.661820  (5.55 sec, 65 subtrees, 225 chunks, 9313896 nodes)
  residual top-10 (subtree_mass × max(avg_loss − 1.662, 0)):
    rc   rootID   mass      avg_loss     score 
    1    50944    1479765   1.6996       55940.3
    0    1        297533    1.7973       40299.3
    8    341198   57485     1.9448       16269.1
    6    309644   167551    1.7038       7040.4
    13   372685   55068     1.7371       4144.6
    17   395702   37639     1.7705       4090.6
    21   413181   87608     1.7039       3688.2
    15   387980   25230     1.8013       3519.5
    10   349444   84126     1.7009       3285.6
    30   457660   31233     1.7666       3272.9
    top-10: 27.0% of mass, 77.8% of excess-loss
Epoch 9: loss=1.654883  (5.55 sec, 65 subtrees, 225 chunks, 9313896 nodes)
  residual top-10 (subtree_mass × max(avg_loss − 1.655, 0)):
    rc   rootID   mass      avg_loss     score 
    1    50944    1479765   1.6891       50562.2
    0    1        297533    1.7848       38650.1
    8    341198   57485     1.9238       15458.8
    6    309644   167551    1.6878       5522.7
    17   395702   37639     1.7634       4084.7
    13   372685   55068     1.7266       3951.1
    21   413181   87608     1.6983       3799.5
    30   457660   31233     1.7660       3470.5
    15   387980   25230     1.7900       3409.4
    12   369639   16107     1.8543       3212.1
    top-10: 26.2% of mass, 76.6% of excess-loss
Epoch 10: loss=1.652922  (5.56 sec, 65 subtrees, 225 chunks, 9313896 nodes)
  residual top-10 (subtree_mass × max(avg_loss − 1.653, 0)):
    rc   rootID   mass      avg_loss     score 
    1    50944    1479765   1.6856       48304.8
    0    1        297533    1.7792       37567.7
    8    341198   57485     1.9159       15115.8
    6    309644   167551    1.6831       5059.4
    17   395702   37639     1.7618       4097.3
    21   413181   87608     1.6973       3892.3
    13   372685   55068     1.7231       3865.6
    30   457660   31233     1.7707       3678.2
    15   387980   25230     1.7887       3424.4
    12   369639   16107     1.8509       3188.2
    top-10: 26.2% of mass, 75.8% of excess-loss
Saved to rnd/depth-weight/matrix/mass-log_none_s3/run.model
Done.
  Appended optimizer state to rnd/depth-weight/matrix/mass-log_none_s3/run.model (adam_t=650)
