Vocab source: /home/trans/Projects/agpt/data/input.txt → 65 unique chars
Test file: /home/trans/Projects/agpt/data/input.txt (1115394 bytes)
Auto-detected architecture from checkpoint: d_model=64, n_heads=4, n_layers=2, d_ff=256 (ckpt seq_len=128, eval seq_len=16)
Model loaded: /home/trans/Projects/agpt/rnd/streaming-agpt-v1/models/baseline.model (d_model=64, n_layers=2, vocab=65, seq_len=16)
Tokens: 1115394
  204/4096 (1342.7/s, ETA 3s)
  408/4096 (1258.0/s, ETA 3s)
  612/4096 (1225.7/s, ETA 3s)
  816/4096 (1187.0/s, ETA 3s)
  1020/4096 (1224.1/s, ETA 3s)
  1224/4096 (1164.7/s, ETA 2s)
  1428/4096 (1177.5/s, ETA 2s)
  1632/4096 (1184.1/s, ETA 2s)
  1836/4096 (1200.6/s, ETA 2s)
  2040/4096 (1221.7/s, ETA 2s)
  2244/4096 (1242.1/s, ETA 1s)
  2448/4096 (1236.2/s, ETA 1s)
  2652/4096 (1212.3/s, ETA 1s)
  2856/4096 (1231.0/s, ETA 1s)
  3060/4096 (1236.6/s, ETA 1s)
  3264/4096 (1232.8/s, ETA 1s)
  3468/4096 (1232.9/s, ETA 1s)
  3672/4096 (1240.8/s, ETA 0s)
  3876/4096 (1252.5/s, ETA 0s)
  4080/4096 (1255.4/s, ETA 0s)

Positions scored:  4096
Mean per-token NLL: 1.667921 nats
Perplexity:         5.3011
Bits per character: 2.4063 bpc
Elapsed:            3.3s (1259.2 pos/sec)
