Vocab source: /home/trans/Projects/agpt/data/input.txt → 65 unique chars
Test file: /home/trans/Projects/agpt/data/input.txt (1115394 bytes)
Auto-detected architecture from checkpoint: d_model=64, n_heads=4, n_layers=2, d_ff=256 (ckpt seq_len=128, eval seq_len=16)
Model loaded: /home/trans/Projects/agpt/rnd/streaming-agpt-v1/models/baseline_500.model (d_model=64, n_layers=2, vocab=65, seq_len=16)
Tokens: 1115394
  204/4096 (1001.7/s, ETA 4s)
  408/4096 (1179.9/s, ETA 3s)
  612/4096 (1163.6/s, ETA 3s)
  816/4096 (1152.6/s, ETA 3s)
  1020/4096 (1169.2/s, ETA 3s)
  1224/4096 (1124.5/s, ETA 3s)
  1428/4096 (1100.0/s, ETA 2s)
  1632/4096 (1136.1/s, ETA 2s)
  1836/4096 (1157.8/s, ETA 2s)
  2040/4096 (1154.3/s, ETA 2s)
  2244/4096 (1139.7/s, ETA 2s)
  2448/4096 (1151.8/s, ETA 1s)
  2652/4096 (1160.9/s, ETA 1s)
  2856/4096 (1179.3/s, ETA 1s)
  3060/4096 (1193.6/s, ETA 1s)
  3264/4096 (1193.9/s, ETA 1s)
  3468/4096 (1190.8/s, ETA 1s)
  3672/4096 (1181.0/s, ETA 0s)
  3876/4096 (1183.8/s, ETA 0s)
  4080/4096 (1178.8/s, ETA 0s)

Positions scored:  4096
Mean per-token NLL: 1.448780 nats
Perplexity:         4.2579
Bits per character: 2.0901 bpc
Elapsed:            3.5s (1182.1 pos/sec)
