AGPT CUDA Training Engine
  Model: d=64 heads=4 layers=2 ff=256 vocab=65 seq=128 head_dim=16
  Loaded 108481 weight floats (423.8 KB)
  Loaded optimizer state from checkpoint (adam_t=10080)
  LR schedule horizon: 200 total SE (override; this call runs 10 SE)
Loading radix trie from /tmp/shake_85pct_n20_se10_d16_radix...
  Radix trie: 1366242 nodes, 8016974 total edge chars, 17 endpoint depths
  Radix loaded: 2291528 counts entries, 10280505 ancestor char entries
  d_split: 903270/1366242 nodes have a mass=1 ancestor (mean depth 9.10)
  lr-schedule: warmup-cosine (peak=0.003, warmup_epochs=1)
  optimizer: rmsprop (lr=0.003)
  entropy lambda: 1.000 (branching-endpoint icing enabled)
  mass weighting: log (head-of-edge count restores corpus-frequency exposure)
  curriculum: flat (d=max each epoch)
  max edge_len: 16, max ancestor chars: 15, max KV per node: 31, max endpoint depth: 16
  mass=1 compaction: 7134140 / 8016974 chars are mass=1 (89.0%); cache holds 882834 positions
  loop points: 15413 (mass>1 leaves; 3.3% of 462971 mass>1 nodes)
  KV cache: 452.0 MB unified memory (bf16 compact)
  GPU memory: 2836.6 MB used, 5350.2 MB free, 8186.8 MB total
  65 root-child subtrees: sizes min=1 max=210164 avg=21019.1 (total=1366241 radix nodes)
Epoch 1: loss=1.518051  (5.12 sec, 65 subtrees, 199 chunks, 8016974 nodes)
  residual top-10 (subtree_mass × max(avg_loss − 1.518, 0)):
    rc   rootID   mass      avg_loss     score 
    6    262700   139286    1.5851       9337.9
    39   415880   348661    1.5404       7785.2
    46   712008   350929    1.5340       5599.8
    1    42315    1243668   1.5223       5231.4
    40   484348   70009     1.5839       4611.8
    44   675352   100868    1.5591       4138.8
    59   1275164  161842    1.5405       3639.6
    5    254964   36885     1.6154       3591.2
    41   498621   95994     1.5551       3555.4
    54   1053762  65062     1.5670       3185.5
    top-10: 36.3% of mass, 82.3% of excess-loss
Epoch 2: loss=1.516554  (4.95 sec, 65 subtrees, 199 chunks, 8016973 nodes)
  residual top-10 (subtree_mass × max(avg_loss − 1.517, 0)):
    rc   rootID   mass      avg_loss     score 
    6    262700   139286    1.5831       9270.3
    39   415880   348661    1.5390       7822.4
    46   712008   350929    1.5330       5765.4
    40   484348   70009     1.5833       4672.1
    44   675352   100868    1.5574       4118.4
    1    42315    1243668   1.5195       3654.3
    41   498621   95994     1.5537       3564.2
    5    254964   36885     1.6112       3489.7
    54   1053762  65062     1.5640       3089.3
    59   1275164  161842    1.5351       3004.2
    top-10: 36.3% of mass, 81.4% of excess-loss
Epoch 3: loss=1.514190  (4.95 sec, 65 subtrees, 199 chunks, 8016974 nodes)
  residual top-10 (subtree_mass × max(avg_loss − 1.514, 0)):
    rc   rootID   mass      avg_loss     score 
    6    262700   139286    1.5779       8876.5
    39   415880   348661    1.5352       7328.1
    46   712008   350929    1.5316       6094.0
    1    42315    1243668   1.5181       4867.3
    40   484348   70009     1.5800       4606.2
    44   675352   100868    1.5561       4226.8
    41   498621   95994     1.5507       3501.3
    5    254964   36885     1.6042       3320.9
    54   1053762  65062     1.5620       3111.7
    59   1275164  161842    1.5317       2839.9
    top-10: 36.3% of mass, 80.4% of excess-loss
Epoch 4: loss=1.513702  (4.96 sec, 65 subtrees, 199 chunks, 8016974 nodes)
  residual top-10 (subtree_mass × max(avg_loss − 1.514, 0)):
    rc   rootID   mass      avg_loss     score 
    6    262700   139286    1.5784       9010.4
    39   415880   348661    1.5350       7432.5
    46   712008   350929    1.5311       6111.1
    40   484348   70009     1.5797       4618.8
    44   675352   100868    1.5537       4032.3
    1    42315    1243668   1.5167       3712.7
    41   498621   95994     1.5508       3558.6
    5    254964   36885     1.6055       3386.6
    54   1053762  65062     1.5625       3173.3
    61   1318201  111824    1.5389       2823.3
    top-10: 35.6% of mass, 80.4% of excess-loss
Epoch 5: loss=1.512395  (4.95 sec, 65 subtrees, 199 chunks, 8016974 nodes)
  residual top-10 (subtree_mass × max(avg_loss − 1.512, 0)):
    rc   rootID   mass      avg_loss     score 
    6    262700   139286    1.5744       8636.8
    39   415880   348661    1.5329       7165.0
    46   712008   350929    1.5302       6236.2
    40   484348   70009     1.5787       4642.2
    1    42315    1243668   1.5159       4415.3
    44   675352   100868    1.5525       4045.3
    41   498621   95994     1.5499       3596.0
    5    254964   36885     1.6007       3256.7
    54   1053762  65062     1.5602       3111.3
    59   1275164  161842    1.5307       2957.8
    top-10: 36.3% of mass, 79.4% of excess-loss
Epoch 6: loss=1.511709  (5.00 sec, 65 subtrees, 199 chunks, 8016974 nodes)
  residual top-10 (subtree_mass × max(avg_loss − 1.512, 0)):
    rc   rootID   mass      avg_loss     score 
    6    262700   139286    1.5705       8192.8
    39   415880   348661    1.5321       7112.4
    46   712008   350929    1.5293       6182.3
    40   484348   70009     1.5779       4637.4
    1    42315    1243668   1.5153       4438.9
    44   675352   100868    1.5516       4024.1
    41   498621   95994     1.5495       3626.5
    54   1053762  65062     1.5591       3085.9
    5    254964   36885     1.5933       3008.2
    61   1318201  111824    1.5366       2783.1
    top-10: 35.6% of mass, 79.3% of excess-loss
Epoch 7: loss=1.510516  (5.01 sec, 65 subtrees, 199 chunks, 8016974 nodes)
  residual top-10 (subtree_mass × max(avg_loss − 1.511, 0)):
    rc   rootID   mass      avg_loss     score 
    6    262700   139286    1.5701       8299.9
    39   415880   348661    1.5302       6861.6
    46   712008   350929    1.5287       6377.7
    1    42315    1243668   1.5142       4622.6
    40   484348   70009     1.5764       4612.9
    44   675352   100868    1.5515       4137.1
    41   498621   95994     1.5484       3635.7
    5    254964   36885     1.5950       3115.3
    54   1053762  65062     1.5583       3108.8
    61   1318201  111824    1.5368       2935.0
    top-10: 35.6% of mass, 79.6% of excess-loss
Epoch 8: loss=1.509893  (4.99 sec, 65 subtrees, 199 chunks, 8016974 nodes)
  residual top-10 (subtree_mass × max(avg_loss − 1.510, 0)):
    rc   rootID   mass      avg_loss     score 
    6    262700   139286    1.5660       7809.3
    39   415880   348661    1.5299       6976.2
    46   712008   350929    1.5280       6344.5
    40   484348   70009     1.5767       4679.7
    1    42315    1243668   1.5132       4130.8
    44   675352   100868    1.5501       4059.4
    41   498621   95994     1.5475       3614.6
    54   1053762  65062     1.5582       3140.5
    5    254964   36885     1.5879       2878.9
    61   1318201  111824    1.5355       2865.5
    top-10: 35.6% of mass, 78.2% of excess-loss
Epoch 9: loss=1.509102  (4.99 sec, 65 subtrees, 199 chunks, 8016974 nodes)
  residual top-10 (subtree_mass × max(avg_loss − 1.509, 0)):
    rc   rootID   mass      avg_loss     score 
    6    262700   139286    1.5645       7711.0
    39   415880   348661    1.5278       6506.1
    46   712008   350929    1.5275       6462.1
    40   484348   70009     1.5751       4620.6
    1    42315    1243668   1.5126       4367.5
    44   675352   100868    1.5493       4052.4
    41   498621   95994     1.5469       3627.3
    54   1053762  65062     1.5583       3199.9
    61   1318201  111824    1.5353       2924.4
    5    254964   36885     1.5877       2899.5
    top-10: 35.6% of mass, 77.6% of excess-loss
Epoch 10: loss=1.508525  (4.99 sec, 65 subtrees, 199 chunks, 8016974 nodes)
  residual top-10 (subtree_mass × max(avg_loss − 1.509, 0)):
    rc   rootID   mass      avg_loss     score 
    6    262700   139286    1.5632       7614.1
    39   415880   348661    1.5274       6573.2
    46   712008   350929    1.5272       6555.6
    40   484348   70009     1.5750       4653.4
    1    42315    1243668   1.5121       4394.8
    44   675352   100868    1.5485       4036.9
    41   498621   95994     1.5467       3667.3
    54   1053762  65062     1.5570       3155.6
    61   1318201  111824    1.5344       2889.8
    5    254964   36885     1.5859       2852.1
    top-10: 35.6% of mass, 78.1% of excess-loss
Saved to /home/trans/Projects/agpt/rnd/streaming-agpt-v1/models/cadence_n20_se10_stage17.model
Done.
  Appended optimizer state to /home/trans/Projects/agpt/rnd/streaming-agpt-v1/models/cadence_n20_se10_stage17.model (adam_t=10730)
