AGPT CUDA Training Engine
  Model: d=64 heads=4 layers=2 ff=256 vocab=65 seq=128 head_dim=16
  Loaded 108481 weight floats (423.8 KB)
  Loaded optimizer state from checkpoint (adam_t=5080)
  LR schedule horizon: 100 total SE (override; this call runs 20 SE)
Loading radix trie from /tmp/shake_100pct_n5_d16_radix...
  Radix trie: 1607928 nodes, 9313896 total edge chars, 17 endpoint depths
  Radix loaded: 2697118 counts entries, 12276596 ancestor char entries
  d_split: 1062377/1607928 nodes have a mass=1 ancestor (mean depth 9.21)
  lr-schedule: warmup-cosine (peak=0.003, warmup_epochs=1)
  optimizer: rmsprop (lr=0.003)
  entropy lambda: 1.000 (branching-endpoint icing enabled)
  mass weighting: log (head-of-edge count restores corpus-frequency exposure)
  curriculum: flat (d=max each epoch)
  max edge_len: 16, max ancestor chars: 15, max KV per node: 31, max endpoint depth: 16
  mass=1 compaction: 8275783 / 9313896 chars are mass=1 (88.9%); cache holds 1038113 positions
  loop points: 18684 (mass>1 leaves; 3.4% of 545550 mass>1 nodes)
  KV cache: 531.5 MB unified memory (bf16 compact)
  GPU memory: 2851.3 MB used, 5335.5 MB free, 8186.8 MB total
  65 root-child subtrees: sizes min=1 max=246583 avg=24737.3 (total=1607927 radix nodes)
Epoch 1: loss=1.617620  (6.46 sec, 65 subtrees, 225 chunks, 9313896 nodes)
  residual top-10 (subtree_mass × max(avg_loss − 1.618, 0)):
    rc   rootID   mass      avg_loss     score 
    1    50944    1479765   1.6357       26686.8
    6    309644   167551    1.6805       10534.4
    39   493671   419607    1.6408       9718.6
    46   840714   415269    1.6304       5288.9
    40   574911   82726     1.6727       4560.7
    5    300532   44208     1.7168       4385.3
    44   798168   118584    1.6540       4308.2
    41   591555   114034    1.6453       3154.0
    54   1241689  76537     1.6538       2770.6
    7    338414   10559     1.7067       940.8 
    top-10: 34.1% of mass, 91.4% of excess-loss
Epoch 2: loss=1.607914  (5.92 sec, 65 subtrees, 225 chunks, 9313896 nodes)
  residual top-10 (subtree_mass × max(avg_loss − 1.608, 0)):
    rc   rootID   mass      avg_loss     score 
    1    50944    1479765   1.6159       11767.6
    6    309644   167551    1.6702       10430.5
    39   493671   419607    1.6283       8533.9
    46   840714   415269    1.6235       6489.8
    40   574911   82726     1.6640       4638.9
    44   798168   118584    1.6447       4368.1
    5    300532   44208     1.6958       3887.1
    41   591555   114034    1.6360       3200.8
    54   1241689  76537     1.6478       3055.6
    59   1500853  192300    1.6166       1663.8
    top-10: 36.2% of mass, 86.5% of excess-loss
Epoch 3: loss=1.602795  (5.78 sec, 65 subtrees, 225 chunks, 9313896 nodes)
  residual top-10 (subtree_mass × max(avg_loss − 1.603, 0)):
    rc   rootID   mass      avg_loss     score 
    1    50944    1479765   1.6105       11452.5
    6    309644   167551    1.6609       9729.6
    39   493671   419607    1.6214       7811.2
    46   840714   415269    1.6199       7116.3
    40   574911   82726     1.6582       4586.4
    44   798168   118584    1.6409       4518.7
    5    300532   44208     1.6818       3490.7
    41   591555   114034    1.6309       3205.4
    54   1241689  76537     1.6427       3056.6
    61   1551260  134045    1.6147       1599.8
    top-10: 35.5% of mass, 86.0% of excess-loss
Epoch 4: loss=1.599637  (5.78 sec, 65 subtrees, 225 chunks, 9313896 nodes)
  residual top-10 (subtree_mass × max(avg_loss − 1.600, 0)):
    rc   rootID   mass      avg_loss     score 
    1    50944    1479765   1.6068       10583.5
    6    309644   167551    1.6564       9511.7
    39   493671   419607    1.6176       7518.9
    46   840714   415269    1.6164       6963.3
    40   574911   82726     1.6553       4607.9
    44   798168   118584    1.6372       4458.0
    5    300532   44208     1.6771       3426.3
    41   591555   114034    1.6280       3239.4
    54   1241689  76537     1.6402       3101.5
    61   1551260  134045    1.6120       1660.3
    top-10: 35.5% of mass, 85.3% of excess-loss
Epoch 5: loss=1.597545  (5.79 sec, 65 subtrees, 225 chunks, 9313896 nodes)
  residual top-10 (subtree_mass × max(avg_loss − 1.598, 0)):
    rc   rootID   mass      avg_loss     score 
    1    50944    1479765   1.6044       10165.1
    6    309644   167551    1.6525       9211.0
    39   493671   419607    1.6148       7260.7
    46   840714   415269    1.6144       7000.7
    40   574911   82726     1.6537       4643.8
    44   798168   118584    1.6338       4301.4
    41   591555   114034    1.6267       3323.4
    5    300532   44208     1.6718       3281.3
    54   1241689  76537     1.6377       3073.9
    61   1551260  134045    1.6105       1732.4
    top-10: 35.5% of mass, 84.5% of excess-loss
Epoch 6: loss=1.595279  (5.79 sec, 65 subtrees, 225 chunks, 9313896 nodes)
  residual top-10 (subtree_mass × max(avg_loss − 1.595, 0)):
    rc   rootID   mass      avg_loss     score 
    1    50944    1479765   1.6023       10402.1
    6    309644   167551    1.6477       8776.1
    46   840714   415269    1.6130       7351.5
    39   493671   419607    1.6108       6505.6
    40   574911   82726     1.6508       4597.1
    44   798168   118584    1.6323       4387.7
    41   591555   114034    1.6240       3277.9
    54   1241689  76537     1.6362       3129.9
    5    300532   44208     1.6654       3098.0
    61   1551260  134045    1.6091       1846.4
    top-10: 35.5% of mass, 84.1% of excess-loss
Epoch 7: loss=1.593516  (5.80 sec, 65 subtrees, 225 chunks, 9313896 nodes)
  residual top-10 (subtree_mass × max(avg_loss − 1.594, 0)):
    rc   rootID   mass      avg_loss     score 
    1    50944    1479765   1.6007       10643.8
    6    309644   167551    1.6449       8604.8
    46   840714   415269    1.6110       7275.2
    39   493671   419607    1.6084       6260.1
    40   574911   82726     1.6485       4545.6
    44   798168   118584    1.6304       4379.3
    41   591555   114034    1.6229       3354.2
    54   1241689  76537     1.6347       3149.8
    5    300532   44208     1.6612       2992.4
    61   1551260  134045    1.6075       1869.9
    top-10: 35.5% of mass, 83.8% of excess-loss
Epoch 8: loss=1.592210  (5.79 sec, 65 subtrees, 225 chunks, 9313896 nodes)
  residual top-10 (subtree_mass × max(avg_loss − 1.592, 0)):
    rc   rootID   mass      avg_loss     score 
    1    50944    1479765   1.5992       10372.5
    6    309644   167551    1.6415       8264.3
    46   840714   415269    1.6101       7441.9
    39   493671   419607    1.6061       5847.2
    44   798168   118584    1.6305       4545.7
    40   574911   82726     1.6469       4526.4
    41   591555   114034    1.6208       3258.9
    54   1241689  76537     1.6342       3215.6
    5    300532   44208     1.6599       2992.5
    61   1551260  134045    1.6069       1968.3
    top-10: 35.5% of mass, 83.0% of excess-loss
Epoch 9: loss=1.591013  (5.79 sec, 65 subtrees, 225 chunks, 9313896 nodes)
  residual top-10 (subtree_mass × max(avg_loss − 1.591, 0)):
    rc   rootID   mass      avg_loss     score 
    1    50944    1479765   1.5979       10179.2
    6    309644   167551    1.6391       8062.5
    46   840714   415269    1.6091       7521.4
    39   493671   419607    1.6040       5438.0
    40   574911   82726     1.6458       4534.0
    44   798168   118584    1.6271       4277.5
    41   591555   114034    1.6202       3330.1
    54   1241689  76537     1.6323       3158.3
    5    300532   44208     1.6572       2925.8
    61   1551260  134045    1.6058       1987.0
    top-10: 35.5% of mass, 81.7% of excess-loss
Epoch 10: loss=1.590043  (5.79 sec, 65 subtrees, 225 chunks, 9313896 nodes)
  residual top-10 (subtree_mass × max(avg_loss − 1.590, 0)):
    rc   rootID   mass      avg_loss     score 
    1    50944    1479765   1.5970       10276.8
    6    309644   167551    1.6367       7813.9
    46   840714   415269    1.6081       7517.3
    39   493671   419607    1.6022       5084.9
    40   574911   82726     1.6454       4577.8
    44   798168   118584    1.6267       4350.1
    41   591555   114034    1.6192       3329.1
    54   1241689  76537     1.6315       3172.1
    5    300532   44208     1.6538       2818.7
    61   1551260  134045    1.6056       2090.3
    top-10: 35.5% of mass, 81.6% of excess-loss
Epoch 11: loss=1.589180  (5.79 sec, 65 subtrees, 225 chunks, 9313896 nodes)
  residual top-10 (subtree_mass × max(avg_loss − 1.589, 0)):
    rc   rootID   mass      avg_loss     score 
    1    50944    1479765   1.5961       10263.0
    46   840714   415269    1.6075       7612.9
    6    309644   167551    1.6343       7562.9
    39   493671   419607    1.6006       4799.9
    40   574911   82726     1.6439       4527.0
    44   798168   118584    1.6252       4268.8
    41   591555   114034    1.6176       3238.3
    54   1241689  76537     1.6311       3210.1
    5    300532   44208     1.6527       2806.1
    61   1551260  134045    1.6050       2127.3
    top-10: 35.5% of mass, 80.8% of excess-loss
Epoch 12: loss=1.588523  (5.79 sec, 65 subtrees, 225 chunks, 9313896 nodes)
  residual top-10 (subtree_mass × max(avg_loss − 1.589, 0)):
    rc   rootID   mass      avg_loss     score 
    1    50944    1479765   1.5958       10824.2
    46   840714   415269    1.6069       7623.0
    6    309644   167551    1.6329       7432.2
    40   574911   82726     1.6433       4532.1
    39   493671   419607    1.5991       4448.1
    44   798168   118584    1.6250       4324.1
    54   1241689  76537     1.6310       3251.5
    41   591555   114034    1.6168       3224.8
    5    300532   44208     1.6509       2756.3
    61   1551260  134045    1.6047       2163.0
    top-10: 35.5% of mass, 81.2% of excess-loss
Epoch 13: loss=1.587922  (5.79 sec, 65 subtrees, 225 chunks, 9313896 nodes)
  residual top-10 (subtree_mass × max(avg_loss − 1.588, 0)):
    rc   rootID   mass      avg_loss     score 
    1    50944    1479765   1.5950       10477.4
    46   840714   415269    1.6062       7595.9
    6    309644   167551    1.6315       7309.3
    40   574911   82726     1.6425       4512.8
    44   798168   118584    1.6249       4389.6
    39   493671   419607    1.5979       4170.5
    41   591555   114034    1.6166       3269.4
    54   1241689  76537     1.6306       3262.7
    5    300532   44208     1.6498       2736.5
    61   1551260  134045    1.6035       2083.7
    top-10: 35.5% of mass, 80.3% of excess-loss
Epoch 14: loss=1.587379  (5.79 sec, 65 subtrees, 225 chunks, 9313896 nodes)
  residual top-10 (subtree_mass × max(avg_loss − 1.587, 0)):
    rc   rootID   mass      avg_loss     score 
    1    50944    1479765   1.5946       10687.1
    46   840714   415269    1.6060       7735.4
    6    309644   167551    1.6301       7159.1
    40   574911   82726     1.6424       4551.1
    44   798168   118584    1.6234       4271.2
    39   493671   419607    1.5965       3844.3
    41   591555   114034    1.6165       3317.8
    54   1241689  76537     1.6305       3298.7
    5    300532   44208     1.6482       2689.8
    61   1551260  134045    1.6030       2092.1
    top-10: 35.5% of mass, 79.8% of excess-loss
Epoch 15: loss=1.587133  (5.80 sec, 65 subtrees, 225 chunks, 9313896 nodes)
  residual top-10 (subtree_mass × max(avg_loss − 1.587, 0)):
    rc   rootID   mass      avg_loss     score 
    1    50944    1479765   1.5942       10513.2
    46   840714   415269    1.6057       7693.6
    6    309644   167551    1.6296       7110.1
    40   574911   82726     1.6408       4440.0
    44   798168   118584    1.6238       4351.4
    39   493671   419607    1.5958       3621.9
    54   1241689  76537     1.6302       3294.7
    41   591555   114034    1.6156       3245.2
    5    300532   44208     1.6472       2655.6
    61   1551260  134045    1.6032       2159.3
    top-10: 35.5% of mass, 79.2% of excess-loss
Epoch 16: loss=1.586881  (5.79 sec, 65 subtrees, 225 chunks, 9313896 nodes)
  residual top-10 (subtree_mass × max(avg_loss − 1.587, 0)):
    rc   rootID   mass      avg_loss     score 
    1    50944    1479765   1.5942       10771.1
    46   840714   415269    1.6056       7772.4
    6    309644   167551    1.6285       6970.3
    40   574911   82726     1.6408       4456.9
    44   798168   118584    1.6231       4298.0
    39   493671   419607    1.5949       3358.0
    54   1241689  76537     1.6296       3271.1
    41   591555   114034    1.6146       3166.0
    5    300532   44208     1.6480       2703.2
    61   1551260  134045    1.6031       2174.9
    top-10: 35.5% of mass, 79.2% of excess-loss
Epoch 17: loss=1.586643  (5.78 sec, 65 subtrees, 225 chunks, 9313895 nodes)
  residual top-10 (subtree_mass × max(avg_loss − 1.587, 0)):
    rc   rootID   mass      avg_loss     score 
    1    50944    1479765   1.5941       11039.1
    46   840714   415269    1.6054       7804.0
    6    309644   167551    1.6278       6896.3
    40   574911   82726     1.6402       4427.0
    44   798168   118584    1.6233       4351.5
    54   1241689  76537     1.6296       3287.1
    39   493671   419607    1.5943       3212.7
    41   591555   114034    1.6143       3156.9
    5    300532   44208     1.6469       2665.4
    61   1551260  134045    1.6026       2137.3
    top-10: 35.5% of mass, 79.1% of excess-loss
Epoch 18: loss=1.586351  (5.79 sec, 65 subtrees, 225 chunks, 9313896 nodes)
  residual top-10 (subtree_mass × max(avg_loss − 1.586, 0)):
    rc   rootID   mass      avg_loss     score 
    1    50944    1479765   1.5939       11154.2
    46   840714   415269    1.6053       7849.9
    6    309644   167551    1.6273       6861.1
    40   574911   82726     1.6392       4372.8
    44   798168   118584    1.6230       4350.7
    54   1241689  76537     1.6301       3345.3
    41   591555   114034    1.6129       3022.2
    39   493671   419607    1.5934       2950.0
    5    300532   44208     1.6465       2658.0
    61   1551260  134045    1.6026       2178.7
    top-10: 35.5% of mass, 78.8% of excess-loss
Epoch 19: loss=1.586245  (5.79 sec, 65 subtrees, 225 chunks, 9313896 nodes)
  residual top-10 (subtree_mass × max(avg_loss − 1.586, 0)):
    rc   rootID   mass      avg_loss     score 
    1    50944    1479765   1.5937       11000.8
    46   840714   415269    1.6049       7764.9
    6    309644   167551    1.6271       6849.6
    40   574911   82726     1.6393       4392.7
    44   798168   118584    1.6225       4297.2
    54   1241689  76537     1.6294       3302.7
    41   591555   114034    1.6144       3205.5
    39   493671   419607    1.5929       2806.3
    5    300532   44208     1.6466       2666.5
    61   1551260  134045    1.6023       2153.0
    top-10: 35.5% of mass, 78.4% of excess-loss
Epoch 20: loss=1.586221  (5.80 sec, 65 subtrees, 225 chunks, 9313896 nodes)
  residual top-10 (subtree_mass × max(avg_loss − 1.586, 0)):
    rc   rootID   mass      avg_loss     score 
    1    50944    1479765   1.5939       11386.8
    46   840714   415269    1.6050       7783.4
    6    309644   167551    1.6277       6948.2
    40   574911   82726     1.6387       4337.5
    44   798168   118584    1.6225       4298.5
    54   1241689  76537     1.6297       3330.6
    41   591555   114034    1.6132       3079.4
    39   493671   419607    1.5928       2745.1
    5    300532   44208     1.6459       2637.4
    61   1551260  134045    1.6031       2268.8
    top-10: 35.5% of mass, 78.6% of excess-loss
Saved to /home/trans/Projects/agpt/rnd/streaming-agpt-v1/models/cadence_n5_stage5.model
Done.
  Appended optimizer state to /home/trans/Projects/agpt/rnd/streaming-agpt-v1/models/cadence_n5_stage5.model (adam_t=6380)
