AGPT CUDA Training Engine
  Model: d=64 heads=4 layers=2 ff=256 vocab=65 seq=128 head_dim=16
  Loaded 108481 weight floats (423.8 KB)
  Loaded optimizer state from checkpoint (adam_t=6015)
  LR schedule horizon: 100 total SE (override; this call runs 5 SE)
Loading radix trie from /tmp/shake_100pct_n20_d16_radix...
  Radix trie: 1607928 nodes, 9313896 total edge chars, 17 endpoint depths
  Radix loaded: 2697118 counts entries, 12276596 ancestor char entries
  d_split: 1062377/1607928 nodes have a mass=1 ancestor (mean depth 9.21)
  lr-schedule: warmup-cosine (peak=0.003, warmup_epochs=1)
  optimizer: rmsprop (lr=0.003)
  entropy lambda: 1.000 (branching-endpoint icing enabled)
  mass weighting: log (head-of-edge count restores corpus-frequency exposure)
  curriculum: flat (d=max each epoch)
  max edge_len: 16, max ancestor chars: 15, max KV per node: 31, max endpoint depth: 16
  mass=1 compaction: 8275783 / 9313896 chars are mass=1 (88.9%); cache holds 1038113 positions
  loop points: 18684 (mass>1 leaves; 3.4% of 545550 mass>1 nodes)
  KV cache: 531.5 MB unified memory (bf16 compact)
  GPU memory: 2851.3 MB used, 5335.5 MB free, 8186.8 MB total
  65 root-child subtrees: sizes min=1 max=246583 avg=24737.3 (total=1607927 radix nodes)
Epoch 1: loss=1.574058  (6.28 sec, 65 subtrees, 225 chunks, 9313896 nodes)
  residual top-10 (subtree_mass × max(avg_loss − 1.574, 0)):
    rc   rootID   mass      avg_loss     score 
    1    50944    1479765   1.5820       11723.5
    46   840714   415269    1.5895       6421.9
    6    309644   167551    1.6063       5406.0
    40   574911   82726     1.6280       4465.1
    44   798168   118584    1.6101       4277.1
    39   493671   419607    1.5836       3991.9
    54   1241689  76537     1.6181       3368.0
    41   591555   114034    1.6021       3197.8
    5    300532   44208     1.6382       2836.9
    59   1500853  192300    1.5847       2054.3
    top-10: 36.2% of mass, 78.6% of excess-loss
Epoch 2: loss=1.572720  (5.82 sec, 65 subtrees, 225 chunks, 9313896 nodes)
  residual top-10 (subtree_mass × max(avg_loss − 1.573, 0)):
    rc   rootID   mass      avg_loss     score 
    1    50944    1479765   1.5806       11587.0
    46   840714   415269    1.5884       6490.9
    6    309644   167551    1.6054       5478.0
    40   574911   82726     1.6268       4471.0
    44   798168   118584    1.6097       4385.6
    39   493671   419607    1.5816       3732.7
    54   1241689  76537     1.6168       3372.3
    41   591555   114034    1.6000       3113.4
    5    300532   44208     1.6346       2733.6
    59   1500853  192300    1.5838       2126.6
    top-10: 36.2% of mass, 77.4% of excess-loss
Epoch 3: loss=1.572121  (5.82 sec, 65 subtrees, 225 chunks, 9313896 nodes)
  residual top-10 (subtree_mass × max(avg_loss − 1.572, 0)):
    rc   rootID   mass      avg_loss     score 
    1    50944    1479765   1.5797       11245.3
    46   840714   415269    1.5879       6564.2
    6    309644   167551    1.6044       5407.8
    40   574911   82726     1.6252       4388.3
    44   798168   118584    1.6088       4353.1
    39   493671   419607    1.5806       3566.2
    54   1241689  76537     1.6167       3414.5
    41   591555   114034    1.5998       3161.8
    5    300532   44208     1.6337       2721.9
    59   1500853  192300    1.5833       2157.8
    top-10: 36.2% of mass, 76.9% of excess-loss
Epoch 4: loss=1.571750  (5.90 sec, 65 subtrees, 225 chunks, 9313896 nodes)
  residual top-10 (subtree_mass × max(avg_loss − 1.572, 0)):
    rc   rootID   mass      avg_loss     score 
    1    50944    1479765   1.5794       11295.9
    46   840714   415269    1.5876       6568.4
    6    309644   167551    1.6041       5416.7
    40   574911   82726     1.6251       4415.1
    44   798168   118584    1.6079       4287.1
    54   1241689  76537     1.6169       3457.9
    39   493671   419607    1.5797       3324.8
    41   591555   114034    1.5994       3157.5
    5    300532   44208     1.6350       2795.9
    59   1500853  192300    1.5831       2190.0
    top-10: 36.2% of mass, 77.0% of excess-loss
Epoch 5: loss=1.571448  (5.86 sec, 65 subtrees, 225 chunks, 9313896 nodes)
  residual top-10 (subtree_mass × max(avg_loss − 1.571, 0)):
    rc   rootID   mass      avg_loss     score 
    1    50944    1479765   1.5792       11502.2
    46   840714   415269    1.5874       6643.6
    6    309644   167551    1.6040       5460.5
    40   574911   82726     1.6256       4478.8
    44   798168   118584    1.6090       4450.1
    54   1241689  76537     1.6165       3444.5
    39   493671   419607    1.5791       3194.7
    41   591555   114034    1.5985       3081.4
    5    300532   44208     1.6327       2708.6
    59   1500853  192300    1.5828       2183.3
    top-10: 36.2% of mass, 76.9% of excess-loss
Saved to /home/trans/Projects/agpt/rnd/streaming-agpt-v1/models/cadence_n20_stage20.model
Done.
  Appended optimizer state to /home/trans/Projects/agpt/rnd/streaming-agpt-v1/models/cadence_n20_stage20.model (adam_t=6340)
