[radix-corpus] corpus: /tmp/shake_88pct_n50.txt (981546 tokens, vocab=65)
[radix-corpus] max_depth=16, output=/tmp/shake_88pct_n50_d16_radix
[radix-corpus] subtree char=0 (34723 positions): emitted 43827 radix nodes  (cum total 43828, max_ep_depth=16, 0.0s)
[radix-corpus] subtree char=1 (149769 positions): emitted 217572 radix nodes  (cum total 261400, max_ep_depth=16, 0.4s)
[radix-corpus] subtree char=2 (1875 positions): emitted 2556 radix nodes  (cum total 263956, max_ep_depth=16, 0.4s)
[radix-corpus] subtree char=3 (1 positions): emitted 1 radix nodes  (cum total 263957, max_ep_depth=16, 0.4s)
[radix-corpus] subtree char=4 (3 positions): emitted 5 radix nodes  (cum total 263962, max_ep_depth=16, 0.4s)
[radix-corpus] subtree char=5 (5432 positions): emitted 7995 radix nodes  (cum total 271957, max_ep_depth=16, 0.4s)
[radix-corpus] subtree char=6 (17243 positions): emitted 25020 radix nodes  (cum total 296977, max_ep_depth=16, 0.4s)
[radix-corpus] subtree char=7 (1678 positions): emitted 2449 radix nodes  (cum total 299426, max_ep_depth=16, 0.4s)
[radix-corpus] subtree char=8 (6805 positions): emitted 6995 radix nodes  (cum total 306421, max_ep_depth=16, 0.4s)
[radix-corpus] subtree char=9 (27 positions): emitted 1 radix nodes  (cum total 306422, max_ep_depth=16, 0.4s)
[radix-corpus] subtree char=10 (8825 positions): emitted 12752 radix nodes  (cum total 319174, max_ep_depth=16, 0.4s)
[radix-corpus] subtree char=11 (3172 positions): emitted 4687 radix nodes  (cum total 323861, max_ep_depth=16, 0.4s)
[radix-corpus] subtree char=12 (2105 positions): emitted 2579 radix nodes  (cum total 326440, max_ep_depth=16, 0.4s)
[radix-corpus] subtree char=13 (6496 positions): emitted 9457 radix nodes  (cum total 335897, max_ep_depth=16, 0.4s)
[radix-corpus] subtree char=14 (2349 positions): emitted 3347 radix nodes  (cum total 339244, max_ep_depth=16, 0.4s)
[radix-corpus] subtree char=15 (3431 positions): emitted 4668 radix nodes  (cum total 343912, max_ep_depth=16, 0.4s)
[radix-corpus] subtree char=16 (1935 positions): emitted 2285 radix nodes  (cum total 346197, max_ep_depth=16, 0.4s)
[radix-corpus] subtree char=17 (5478 positions): emitted 7194 radix nodes  (cum total 353391, max_ep_depth=16, 0.4s)
[radix-corpus] subtree char=18 (1665 positions): emitted 2135 radix nodes  (cum total 355526, max_ep_depth=16, 0.4s)
[radix-corpus] subtree char=19 (2123 positions): emitted 2588 radix nodes  (cum total 358114, max_ep_depth=16, 0.4s)
[radix-corpus] subtree char=20 (2552 positions): emitted 3453 radix nodes  (cum total 361567, max_ep_depth=16, 0.4s)
[radix-corpus] subtree char=21 (10020 positions): emitted 13840 radix nodes  (cum total 375407, max_ep_depth=16, 0.5s)
[radix-corpus] subtree char=22 (311 positions): emitted 434 radix nodes  (cum total 375841, max_ep_depth=16, 0.5s)
[radix-corpus] subtree char=23 (1397 positions): emitted 1148 radix nodes  (cum total 376989, max_ep_depth=16, 0.5s)
[radix-corpus] subtree char=24 (3559 positions): emitted 5005 radix nodes  (cum total 381994, max_ep_depth=16, 0.5s)
[radix-corpus] subtree char=25 (2554 positions): emitted 3606 radix nodes  (cum total 385600, max_ep_depth=16, 0.5s)
[radix-corpus] subtree char=26 (4288 positions): emitted 5450 radix nodes  (cum total 391050, max_ep_depth=16, 0.5s)
[radix-corpus] subtree char=27 (4389 positions): emitted 6219 radix nodes  (cum total 397269, max_ep_depth=16, 0.5s)
[radix-corpus] subtree char=28 (1145 positions): emitted 1611 radix nodes  (cum total 398880, max_ep_depth=16, 0.5s)
[radix-corpus] subtree char=29 (230 positions): emitted 62 radix nodes  (cum total 398942, max_ep_depth=16, 0.5s)
[radix-corpus] subtree char=30 (4117 positions): emitted 5523 radix nodes  (cum total 404465, max_ep_depth=16, 0.5s)
[radix-corpus] subtree char=31 (3964 positions): emitted 5453 radix nodes  (cum total 409918, max_ep_depth=16, 0.5s)
[radix-corpus] subtree char=32 (5791 positions): emitted 8345 radix nodes  (cum total 418263, max_ep_depth=16, 0.5s)
[radix-corpus] subtree char=33 (2997 positions): emitted 3598 radix nodes  (cum total 421861, max_ep_depth=16, 0.5s)
[radix-corpus] subtree char=34 (738 positions): emitted 1012 radix nodes  (cum total 422873, max_ep_depth=16, 0.5s)
[radix-corpus] subtree char=35 (3173 positions): emitted 4589 radix nodes  (cum total 427462, max_ep_depth=16, 0.5s)
[radix-corpus] subtree char=36 (111 positions): emitted 163 radix nodes  (cum total 427625, max_ep_depth=16, 0.5s)
[radix-corpus] subtree char=37 (1629 positions): emitted 2241 radix nodes  (cum total 429866, max_ep_depth=16, 0.5s)
[radix-corpus] subtree char=38 (161 positions): emitted 225 radix nodes  (cum total 430091, max_ep_depth=16, 0.5s)
[radix-corpus] subtree char=39 (48522 positions): emitted 70994 radix nodes  (cum total 501085, max_ep_depth=16, 0.6s)
[radix-corpus] subtree char=40 (10038 positions): emitted 14773 radix nodes  (cum total 515858, max_ep_depth=16, 0.6s)
[radix-corpus] subtree char=41 (13826 positions): emitted 20131 radix nodes  (cum total 535989, max_ep_depth=16, 0.6s)
[radix-corpus] subtree char=42 (27899 positions): emitted 40766 radix nodes  (cum total 576755, max_ep_depth=16, 0.7s)
[radix-corpus] subtree char=43 (83670 positions): emitted 122063 radix nodes  (cum total 698818, max_ep_depth=16, 0.8s)
[radix-corpus] subtree char=44 (14002 positions): emitted 20585 radix nodes  (cum total 719403, max_ep_depth=16, 0.8s)
[radix-corpus] subtree char=45 (11843 positions): emitted 17215 radix nodes  (cum total 736618, max_ep_depth=16, 0.8s)
[radix-corpus] subtree char=46 (45453 positions): emitted 66473 radix nodes  (cum total 803091, max_ep_depth=16, 0.9s)
[radix-corpus] subtree char=47 (40025 positions): emitted 58172 radix nodes  (cum total 861263, max_ep_depth=16, 1.0s)
[radix-corpus] subtree char=48 (579 positions): emitted 840 radix nodes  (cum total 862103, max_ep_depth=16, 1.0s)
[radix-corpus] subtree char=49 (6254 positions): emitted 9050 radix nodes  (cum total 871153, max_ep_depth=16, 1.0s)
[radix-corpus] subtree char=50 (29527 positions): emitted 43162 radix nodes  (cum total 914315, max_ep_depth=16, 1.0s)
[radix-corpus] subtree char=51 (19523 positions): emitted 28530 radix nodes  (cum total 942845, max_ep_depth=16, 1.0s)
[radix-corpus] subtree char=52 (42838 positions): emitted 62759 radix nodes  (cum total 1005604, max_ep_depth=16, 1.1s)
[radix-corpus] subtree char=53 (58175 positions): emitted 85130 radix nodes  (cum total 1090734, max_ep_depth=16, 1.2s)
[radix-corpus] subtree char=54 (9636 positions): emitted 14194 radix nodes  (cum total 1104928, max_ep_depth=16, 1.2s)
[radix-corpus] subtree char=55 (552 positions): emitted 797 radix nodes  (cum total 1105725, max_ep_depth=16, 1.2s)
[radix-corpus] subtree char=56 (43295 positions): emitted 63151 radix nodes  (cum total 1168876, max_ep_depth=16, 1.2s)
[radix-corpus] subtree char=57 (43815 positions): emitted 64219 radix nodes  (cum total 1233095, max_ep_depth=16, 1.3s)
[radix-corpus] subtree char=58 (59149 positions): emitted 86703 radix nodes  (cum total 1319798, max_ep_depth=16, 1.3s)
[radix-corpus] subtree char=59 (23518 positions): emitted 34419 radix nodes  (cum total 1354217, max_ep_depth=16, 1.3s)
[radix-corpus] subtree char=60 (6932 positions): emitted 10203 radix nodes  (cum total 1364420, max_ep_depth=16, 1.4s)
[radix-corpus] subtree char=61 (15412 positions): emitted 22451 radix nodes  (cum total 1386871, max_ep_depth=16, 1.4s)
[radix-corpus] subtree char=62 (473 positions): emitted 725 radix nodes  (cum total 1387596, max_ep_depth=16, 1.4s)
[radix-corpus] subtree char=63 (18010 positions): emitted 26170 radix nodes  (cum total 1413766, max_ep_depth=16, 1.4s)
[radix-corpus] subtree char=64 (319 positions): emitted 472 radix nodes  (cum total 1414238, max_ep_depth=16, 1.4s)
[radix-corpus] done: 1414238 radix nodes, 8275156 total edge chars, 17 endpoint depths, 1.38s
  radix_count:        1414238
  total_edge_chars:   8275156
  max_endpoint_depth: 16
