[radix-corpus] corpus: /tmp/shake_30pct_n50.txt (334618 tokens, vocab=65)
[radix-corpus] max_depth=16, output=/tmp/shake_30pct_n50_d16_radix
[radix-corpus] subtree char=0 (12210 positions): emitted 14922 radix nodes  (cum total 14923, max_ep_depth=16, 0.0s)
[radix-corpus] subtree char=1 (50194 positions): emitted 73349 radix nodes  (cum total 88272, max_ep_depth=16, 0.1s)
[radix-corpus] subtree char=2 (656 positions): emitted 857 radix nodes  (cum total 89129, max_ep_depth=16, 0.1s)
[radix-corpus] subtree char=4 (2 positions): emitted 3 radix nodes  (cum total 89132, max_ep_depth=16, 0.1s)
[radix-corpus] subtree char=5 (1848 positions): emitted 2710 radix nodes  (cum total 91842, max_ep_depth=16, 0.1s)
[radix-corpus] subtree char=6 (5846 positions): emitted 8524 radix nodes  (cum total 100366, max_ep_depth=16, 0.1s)
[radix-corpus] subtree char=7 (586 positions): emitted 831 radix nodes  (cum total 101197, max_ep_depth=16, 0.1s)
[radix-corpus] subtree char=8 (2359 positions): emitted 2199 radix nodes  (cum total 103396, max_ep_depth=16, 0.1s)
[radix-corpus] subtree char=10 (3107 positions): emitted 4533 radix nodes  (cum total 107929, max_ep_depth=16, 0.1s)
[radix-corpus] subtree char=11 (983 positions): emitted 1472 radix nodes  (cum total 109401, max_ep_depth=16, 0.1s)
[radix-corpus] subtree char=12 (678 positions): emitted 781 radix nodes  (cum total 110182, max_ep_depth=16, 0.1s)
[radix-corpus] subtree char=13 (2204 positions): emitted 3219 radix nodes  (cum total 113401, max_ep_depth=16, 0.1s)
[radix-corpus] subtree char=14 (859 positions): emitted 1221 radix nodes  (cum total 114622, max_ep_depth=16, 0.1s)
[radix-corpus] subtree char=15 (1492 positions): emitted 1959 radix nodes  (cum total 116581, max_ep_depth=16, 0.1s)
[radix-corpus] subtree char=16 (577 positions): emitted 753 radix nodes  (cum total 117334, max_ep_depth=16, 0.1s)
[radix-corpus] subtree char=17 (1731 positions): emitted 2231 radix nodes  (cum total 119565, max_ep_depth=16, 0.1s)
[radix-corpus] subtree char=18 (579 positions): emitted 694 radix nodes  (cum total 120259, max_ep_depth=16, 0.1s)
[radix-corpus] subtree char=19 (874 positions): emitted 1031 radix nodes  (cum total 121290, max_ep_depth=16, 0.1s)
[radix-corpus] subtree char=20 (1039 positions): emitted 1447 radix nodes  (cum total 122737, max_ep_depth=16, 0.1s)
[radix-corpus] subtree char=21 (3922 positions): emitted 5450 radix nodes  (cum total 128187, max_ep_depth=16, 0.1s)
[radix-corpus] subtree char=22 (42 positions): emitted 59 radix nodes  (cum total 128246, max_ep_depth=16, 0.1s)
[radix-corpus] subtree char=23 (398 positions): emitted 342 radix nodes  (cum total 128588, max_ep_depth=16, 0.1s)
[radix-corpus] subtree char=24 (996 positions): emitted 1381 radix nodes  (cum total 129969, max_ep_depth=16, 0.1s)
[radix-corpus] subtree char=25 (1060 positions): emitted 1490 radix nodes  (cum total 131459, max_ep_depth=16, 0.1s)
[radix-corpus] subtree char=26 (1666 positions): emitted 2120 radix nodes  (cum total 133579, max_ep_depth=16, 0.1s)
[radix-corpus] subtree char=27 (1215 positions): emitted 1740 radix nodes  (cum total 135319, max_ep_depth=16, 0.1s)
[radix-corpus] subtree char=28 (185 positions): emitted 255 radix nodes  (cum total 135574, max_ep_depth=16, 0.1s)
[radix-corpus] subtree char=29 (133 positions): emitted 7 radix nodes  (cum total 135581, max_ep_depth=16, 0.1s)
[radix-corpus] subtree char=30 (1546 positions): emitted 2114 radix nodes  (cum total 137695, max_ep_depth=16, 0.1s)
[radix-corpus] subtree char=31 (1879 positions): emitted 2575 radix nodes  (cum total 140270, max_ep_depth=16, 0.1s)
[radix-corpus] subtree char=32 (2100 positions): emitted 3017 radix nodes  (cum total 143287, max_ep_depth=16, 0.1s)
[radix-corpus] subtree char=33 (1442 positions): emitted 1837 radix nodes  (cum total 145124, max_ep_depth=16, 0.1s)
[radix-corpus] subtree char=34 (201 positions): emitted 292 radix nodes  (cum total 145416, max_ep_depth=16, 0.1s)
[radix-corpus] subtree char=35 (1010 positions): emitted 1482 radix nodes  (cum total 146898, max_ep_depth=16, 0.1s)
[radix-corpus] subtree char=36 (1 positions): emitted 1 radix nodes  (cum total 146899, max_ep_depth=16, 0.1s)
[radix-corpus] subtree char=37 (549 positions): emitted 800 radix nodes  (cum total 147699, max_ep_depth=16, 0.1s)
[radix-corpus] subtree char=38 (101 positions): emitted 140 radix nodes  (cum total 147839, max_ep_depth=16, 0.1s)
[radix-corpus] subtree char=39 (16151 positions): emitted 23622 radix nodes  (cum total 171461, max_ep_depth=16, 0.1s)
[radix-corpus] subtree char=40 (3382 positions): emitted 4977 radix nodes  (cum total 176438, max_ep_depth=16, 0.1s)
[radix-corpus] subtree char=41 (4972 positions): emitted 7245 radix nodes  (cum total 183683, max_ep_depth=16, 0.1s)
[radix-corpus] subtree char=42 (9751 positions): emitted 14195 radix nodes  (cum total 197878, max_ep_depth=16, 0.1s)
[radix-corpus] subtree char=43 (28669 positions): emitted 41793 radix nodes  (cum total 239671, max_ep_depth=16, 0.1s)
[radix-corpus] subtree char=44 (4555 positions): emitted 6684 radix nodes  (cum total 246355, max_ep_depth=16, 0.1s)
[radix-corpus] subtree char=45 (3919 positions): emitted 5692 radix nodes  (cum total 252047, max_ep_depth=16, 0.1s)
[radix-corpus] subtree char=46 (15292 positions): emitted 22377 radix nodes  (cum total 274424, max_ep_depth=16, 0.1s)
[radix-corpus] subtree char=47 (13632 positions): emitted 19713 radix nodes  (cum total 294137, max_ep_depth=16, 0.1s)
[radix-corpus] subtree char=48 (169 positions): emitted 248 radix nodes  (cum total 294385, max_ep_depth=16, 0.1s)
[radix-corpus] subtree char=49 (1941 positions): emitted 2804 radix nodes  (cum total 297189, max_ep_depth=16, 0.1s)
[radix-corpus] subtree char=50 (9982 positions): emitted 14521 radix nodes  (cum total 311710, max_ep_depth=16, 0.2s)
[radix-corpus] subtree char=51 (6688 positions): emitted 9738 radix nodes  (cum total 321448, max_ep_depth=16, 0.2s)
[radix-corpus] subtree char=52 (14373 positions): emitted 21062 radix nodes  (cum total 342510, max_ep_depth=16, 0.2s)
[radix-corpus] subtree char=53 (19905 positions): emitted 29054 radix nodes  (cum total 371564, max_ep_depth=16, 0.2s)
[radix-corpus] subtree char=54 (3269 positions): emitted 4861 radix nodes  (cum total 376425, max_ep_depth=16, 0.2s)
[radix-corpus] subtree char=55 (175 positions): emitted 251 radix nodes  (cum total 376676, max_ep_depth=16, 0.2s)
[radix-corpus] subtree char=56 (14877 positions): emitted 21611 radix nodes  (cum total 398287, max_ep_depth=16, 0.2s)
[radix-corpus] subtree char=57 (14613 positions): emitted 21327 radix nodes  (cum total 419614, max_ep_depth=16, 0.2s)
[radix-corpus] subtree char=58 (19833 positions): emitted 29016 radix nodes  (cum total 448630, max_ep_depth=16, 0.2s)
[radix-corpus] subtree char=59 (8221 positions): emitted 11995 radix nodes  (cum total 460625, max_ep_depth=16, 0.2s)
[radix-corpus] subtree char=60 (2425 positions): emitted 3539 radix nodes  (cum total 464164, max_ep_depth=16, 0.2s)
[radix-corpus] subtree char=61 (5009 positions): emitted 7281 radix nodes  (cum total 471445, max_ep_depth=16, 0.2s)
[radix-corpus] subtree char=62 (140 positions): emitted 212 radix nodes  (cum total 471657, max_ep_depth=16, 0.2s)
[radix-corpus] subtree char=63 (6221 positions): emitted 9025 radix nodes  (cum total 480682, max_ep_depth=16, 0.2s)
[radix-corpus] subtree char=64 (184 positions): emitted 277 radix nodes  (cum total 480959, max_ep_depth=16, 0.2s)
[radix-corpus] done: 480959 radix nodes, 3039567 total edge chars, 17 endpoint depths, 0.23s
  radix_count:        480959
  total_edge_chars:   3039567
  max_endpoint_depth: 16
