AGPT CUDA Training Engine
  Model: d=64 heads=4 layers=2 ff=256 vocab=65 seq=128 head_dim=16
  Loaded 108481 weight floats (423.8 KB)
  Loaded optimizer state from checkpoint (adam_t=5686)
  LR schedule horizon: 100 total SE (override; this call runs 2 SE)
Loading radix trie from /tmp/shake_92pct_n50_d16_radix...
  Radix trie: 1479069 nodes, 8623557 total edge chars, 17 endpoint depths
  Radix loaded: 2480699 counts entries, 11209974 ancestor char entries
  d_split: 977486/1479069 nodes have a mass=1 ancestor (mean depth 9.16)
  lr-schedule: warmup-cosine (peak=0.003, warmup_epochs=1)
  optimizer: rmsprop (lr=0.003)
  entropy lambda: 1.000 (branching-endpoint icing enabled)
  mass weighting: log (head-of-edge count restores corpus-frequency exposure)
  curriculum: flat (d=max each epoch)
  max edge_len: 16, max ancestor chars: 15, max KV per node: 31, max endpoint depth: 16
  mass=1 compaction: 7667596 / 8623557 chars are mass=1 (88.9%); cache holds 955961 positions
  loop points: 16874 (mass>1 leaves; 3.4% of 501582 mass>1 nodes)
  KV cache: 489.5 MB unified memory (bf16 compact)
  GPU memory: 2840.8 MB used, 5346.0 MB free, 8186.8 MB total
  65 root-child subtrees: sizes min=1 max=227516 avg=22754.9 (total=1479068 radix nodes)
Epoch 1: loss=1.627971  (5.55 sec, 65 subtrees, 213 chunks, 8623557 nodes)
  residual top-10 (subtree_mass × max(avg_loss − 1.628, 0)):
    rc   rootID   mass      avg_loss     score 
    1    46049    1355593   1.6360       10865.9
    46   771316   380274    1.6431       5761.0
    6    284616   152234    1.6653       5681.6
    39   451227   381961    1.6413       5092.7
    40   525739   75905     1.6845       4288.6
    44   731888   109095    1.6620       3715.1
    41   541110   104667    1.6540       2729.6
    54   1141228  70482     1.6628       2457.0
    5    276231   40245     1.6883       2429.1
    58   1289842  496852    1.6316       1827.7
    top-10: 40.3% of mass, 76.5% of excess-loss
Epoch 2: loss=1.626489  (5.55 sec, 65 subtrees, 213 chunks, 8623557 nodes)
  residual top-10 (subtree_mass × max(avg_loss − 1.626, 0)):
    rc   rootID   mass      avg_loss     score 
    1    46049    1355593   1.6342       10513.8
    46   771316   380274    1.6420       5887.2
    6    284616   152234    1.6626       5491.0
    39   451227   381961    1.6391       4817.2
    40   525739   75905     1.6828       4276.0
    44   731888   109095    1.6604       3702.1
    41   541110   104667    1.6521       2675.5
    54   1141228  70482     1.6623       2527.0
    5    276231   40245     1.6845       2335.1
    58   1289842  496852    1.6304       1964.3
    top-10: 40.3% of mass, 75.6% of excess-loss
Saved to /home/trans/Projects/agpt/rnd/streaming-agpt-v1/models/cadence_n50_stage46.model
Done.
  Appended optimizer state to /home/trans/Projects/agpt/rnd/streaming-agpt-v1/models/cadence_n50_stage46.model (adam_t=5816)
