Vocab source: /home/trans/Projects/agpt/data/input.txt → 65 unique chars
Test file: /home/trans/Projects/agpt/data/input.txt (1115394 bytes)
Auto-detected architecture from checkpoint: d_model=64, n_heads=4, n_layers=2, d_ff=256 (ckpt seq_len=128, eval seq_len=16)
Model loaded: /home/trans/Projects/agpt/rnd/streaming-agpt-v1/models/cadence_n10_stage10.model (d_model=64, n_layers=2, vocab=65, seq_len=16)
Tokens: 1115394
  204/4096 (715.2/s, ETA 5s)
  408/4096 (713.5/s, ETA 5s)
  612/4096 (787.4/s, ETA 4s)
  816/4096 (819.3/s, ETA 4s)
  1020/4096 (853.1/s, ETA 4s)
  1224/4096 (860.1/s, ETA 3s)
  1428/4096 (865.3/s, ETA 3s)
  1632/4096 (889.1/s, ETA 3s)
  1836/4096 (918.5/s, ETA 2s)
  2040/4096 (945.8/s, ETA 2s)
  2244/4096 (960.5/s, ETA 2s)
  2448/4096 (981.2/s, ETA 2s)
  2652/4096 (982.8/s, ETA 1s)
  2856/4096 (996.5/s, ETA 1s)
  3060/4096 (997.2/s, ETA 1s)
  3264/4096 (1008.5/s, ETA 1s)
  3468/4096 (1013.4/s, ETA 1s)
  3672/4096 (1024.7/s, ETA 0s)
  3876/4096 (1030.7/s, ETA 0s)
  4080/4096 (1027.9/s, ETA 0s)

Positions scored:  4096
Mean per-token NLL: 1.508152 nats
Perplexity:         4.5184
Bits per character: 2.1758 bpc
Elapsed:            4.0s (1031.1 pos/sec)
