[radix-corpus] corpus: /tmp/shake_86pct_n50.txt (959238 tokens, vocab=65)
[radix-corpus] max_depth=16, output=/tmp/shake_86pct_n50_d16_radix
[radix-corpus] subtree char=0 (33949 positions): emitted 42839 radix nodes  (cum total 42840, max_ep_depth=16, 0.0s)
[radix-corpus] subtree char=1 (146324 positions): emitted 212592 radix nodes  (cum total 255432, max_ep_depth=16, 0.2s)
[radix-corpus] subtree char=2 (1846 positions): emitted 2515 radix nodes  (cum total 257947, max_ep_depth=16, 0.2s)
[radix-corpus] subtree char=3 (1 positions): emitted 1 radix nodes  (cum total 257948, max_ep_depth=16, 0.2s)
[radix-corpus] subtree char=4 (3 positions): emitted 5 radix nodes  (cum total 257953, max_ep_depth=16, 0.2s)
[radix-corpus] subtree char=5 (5300 positions): emitted 7809 radix nodes  (cum total 265762, max_ep_depth=16, 0.3s)
[radix-corpus] subtree char=6 (16895 positions): emitted 24543 radix nodes  (cum total 290305, max_ep_depth=16, 0.3s)
[radix-corpus] subtree char=7 (1646 positions): emitted 2408 radix nodes  (cum total 292713, max_ep_depth=16, 0.3s)
[radix-corpus] subtree char=8 (6637 positions): emitted 6801 radix nodes  (cum total 299514, max_ep_depth=16, 0.3s)
[radix-corpus] subtree char=9 (27 positions): emitted 1 radix nodes  (cum total 299515, max_ep_depth=16, 0.3s)
[radix-corpus] subtree char=10 (8623 positions): emitted 12483 radix nodes  (cum total 311998, max_ep_depth=16, 0.3s)
[radix-corpus] subtree char=11 (3106 positions): emitted 4590 radix nodes  (cum total 316588, max_ep_depth=16, 0.3s)
[radix-corpus] subtree char=12 (2060 positions): emitted 2521 radix nodes  (cum total 319109, max_ep_depth=16, 0.3s)
[radix-corpus] subtree char=13 (6339 positions): emitted 9220 radix nodes  (cum total 328329, max_ep_depth=16, 0.3s)
[radix-corpus] subtree char=14 (2315 positions): emitted 3297 radix nodes  (cum total 331626, max_ep_depth=16, 0.3s)
[radix-corpus] subtree char=15 (3381 positions): emitted 4601 radix nodes  (cum total 336227, max_ep_depth=16, 0.3s)
[radix-corpus] subtree char=16 (1911 positions): emitted 2279 radix nodes  (cum total 338506, max_ep_depth=16, 0.3s)
[radix-corpus] subtree char=17 (5418 positions): emitted 7127 radix nodes  (cum total 345633, max_ep_depth=16, 0.3s)
[radix-corpus] subtree char=18 (1633 positions): emitted 2099 radix nodes  (cum total 347732, max_ep_depth=16, 0.3s)
[radix-corpus] subtree char=19 (2106 positions): emitted 2562 radix nodes  (cum total 350294, max_ep_depth=16, 0.3s)
[radix-corpus] subtree char=20 (2517 positions): emitted 3396 radix nodes  (cum total 353690, max_ep_depth=16, 0.3s)
[radix-corpus] subtree char=21 (9820 positions): emitted 13562 radix nodes  (cum total 367252, max_ep_depth=16, 0.3s)
[radix-corpus] subtree char=22 (307 positions): emitted 427 radix nodes  (cum total 367679, max_ep_depth=16, 0.3s)
[radix-corpus] subtree char=23 (1375 positions): emitted 1137 radix nodes  (cum total 368816, max_ep_depth=16, 0.3s)
[radix-corpus] subtree char=24 (3484 positions): emitted 4894 radix nodes  (cum total 373710, max_ep_depth=16, 0.3s)
[radix-corpus] subtree char=25 (2515 positions): emitted 3545 radix nodes  (cum total 377255, max_ep_depth=16, 0.3s)
[radix-corpus] subtree char=26 (4220 positions): emitted 5358 radix nodes  (cum total 382613, max_ep_depth=16, 0.3s)
[radix-corpus] subtree char=27 (4327 positions): emitted 6126 radix nodes  (cum total 388739, max_ep_depth=16, 0.3s)
[radix-corpus] subtree char=28 (1113 positions): emitted 1568 radix nodes  (cum total 390307, max_ep_depth=16, 0.3s)
[radix-corpus] subtree char=29 (230 positions): emitted 62 radix nodes  (cum total 390369, max_ep_depth=16, 0.3s)
[radix-corpus] subtree char=30 (4094 positions): emitted 5488 radix nodes  (cum total 395857, max_ep_depth=16, 0.3s)
[radix-corpus] subtree char=31 (3867 positions): emitted 5323 radix nodes  (cum total 401180, max_ep_depth=16, 0.3s)
[radix-corpus] subtree char=32 (5676 positions): emitted 8187 radix nodes  (cum total 409367, max_ep_depth=16, 0.3s)
[radix-corpus] subtree char=33 (2964 positions): emitted 3577 radix nodes  (cum total 412944, max_ep_depth=16, 0.3s)
[radix-corpus] subtree char=34 (715 positions): emitted 988 radix nodes  (cum total 413932, max_ep_depth=16, 0.3s)
[radix-corpus] subtree char=35 (3114 positions): emitted 4516 radix nodes  (cum total 418448, max_ep_depth=16, 0.3s)
[radix-corpus] subtree char=36 (111 positions): emitted 163 radix nodes  (cum total 418611, max_ep_depth=16, 0.3s)
[radix-corpus] subtree char=37 (1593 positions): emitted 2187 radix nodes  (cum total 420798, max_ep_depth=16, 0.3s)
[radix-corpus] subtree char=38 (161 positions): emitted 225 radix nodes  (cum total 421023, max_ep_depth=16, 0.3s)
[radix-corpus] subtree char=39 (47315 positions): emitted 69217 radix nodes  (cum total 490240, max_ep_depth=16, 0.4s)
[radix-corpus] subtree char=40 (9805 positions): emitted 14424 radix nodes  (cum total 504664, max_ep_depth=16, 0.4s)
[radix-corpus] subtree char=41 (13503 positions): emitted 19657 radix nodes  (cum total 524321, max_ep_depth=16, 0.4s)
[radix-corpus] subtree char=42 (27143 positions): emitted 39649 radix nodes  (cum total 563970, max_ep_depth=16, 0.4s)
[radix-corpus] subtree char=43 (81806 positions): emitted 119359 radix nodes  (cum total 683329, max_ep_depth=16, 0.6s)
[radix-corpus] subtree char=44 (13710 positions): emitted 20165 radix nodes  (cum total 703494, max_ep_depth=16, 0.6s)
[radix-corpus] subtree char=45 (11593 positions): emitted 16844 radix nodes  (cum total 720338, max_ep_depth=16, 0.6s)
[radix-corpus] subtree char=46 (44447 positions): emitted 64999 radix nodes  (cum total 785337, max_ep_depth=16, 0.6s)
[radix-corpus] subtree char=47 (39124 positions): emitted 56846 radix nodes  (cum total 842183, max_ep_depth=16, 0.7s)
[radix-corpus] subtree char=48 (568 positions): emitted 824 radix nodes  (cum total 843007, max_ep_depth=16, 0.7s)
[radix-corpus] subtree char=49 (6110 positions): emitted 8837 radix nodes  (cum total 851844, max_ep_depth=16, 0.7s)
[radix-corpus] subtree char=50 (28770 positions): emitted 42083 radix nodes  (cum total 893927, max_ep_depth=16, 0.7s)
[radix-corpus] subtree char=51 (19011 positions): emitted 27785 radix nodes  (cum total 921712, max_ep_depth=16, 0.7s)
[radix-corpus] subtree char=52 (41870 positions): emitted 61335 radix nodes  (cum total 983047, max_ep_depth=16, 0.7s)
[radix-corpus] subtree char=53 (56777 positions): emitted 83117 radix nodes  (cum total 1066164, max_ep_depth=16, 0.8s)
[radix-corpus] subtree char=54 (9396 positions): emitted 13867 radix nodes  (cum total 1080031, max_ep_depth=16, 0.8s)
[radix-corpus] subtree char=55 (541 positions): emitted 782 radix nodes  (cum total 1080813, max_ep_depth=16, 0.8s)
[radix-corpus] subtree char=56 (42232 positions): emitted 61600 radix nodes  (cum total 1142413, max_ep_depth=16, 0.9s)
[radix-corpus] subtree char=57 (42815 positions): emitted 62765 radix nodes  (cum total 1205178, max_ep_depth=16, 0.9s)
[radix-corpus] subtree char=58 (57883 positions): emitted 84846 radix nodes  (cum total 1290024, max_ep_depth=16, 0.9s)
[radix-corpus] subtree char=59 (22943 positions): emitted 33586 radix nodes  (cum total 1323610, max_ep_depth=16, 1.0s)
[radix-corpus] subtree char=60 (6759 positions): emitted 9944 radix nodes  (cum total 1333554, max_ep_depth=16, 1.0s)
[radix-corpus] subtree char=61 (15074 positions): emitted 21941 radix nodes  (cum total 1355495, max_ep_depth=16, 1.0s)
[radix-corpus] subtree char=62 (467 positions): emitted 714 radix nodes  (cum total 1356209, max_ep_depth=16, 1.0s)
[radix-corpus] subtree char=63 (17541 positions): emitted 25487 radix nodes  (cum total 1381696, max_ep_depth=16, 1.0s)
[radix-corpus] subtree char=64 (312 positions): emitted 461 radix nodes  (cum total 1382157, max_ep_depth=16, 1.0s)
[radix-corpus] done: 1382157 radix nodes, 8099567 total edge chars, 17 endpoint depths, 0.99s
  radix_count:        1382157
  total_edge_chars:   8099567
  max_endpoint_depth: 16
