AGPT CUDA Training Engine
  Model: d=64 heads=4 layers=2 ff=256 vocab=65 seq=128 head_dim=16
  Loaded 108481 weight floats (423.8 KB)
  Loaded optimizer state from checkpoint (adam_t=2342)
  LR schedule horizon: 100 total SE (override; this call runs 2 SE)
Loading radix trie from /tmp/shake_40pct_n50_d16_radix...
  Radix trie: 639957 nodes, 3962507 total edge chars, 17 endpoint depths
  Radix loaded: 1073204 counts entries, 4506628 ancestor char entries
  d_split: 422466/639957 nodes have a mass=1 ancestor (mean depth 8.62)
  lr-schedule: warmup-cosine (peak=0.003, warmup_epochs=1)
  optimizer: rmsprop (lr=0.003)
  entropy lambda: 1.000 (branching-endpoint icing enabled)
  mass weighting: log (head-of-edge count restores corpus-frequency exposure)
  curriculum: flat (d=max each epoch)
  max edge_len: 15, max ancestor chars: 15, max KV per node: 30, max endpoint depth: 16
  mass=1 compaction: 3540650 / 3962507 chars are mass=1 (89.4%); cache holds 421857 positions
  loop points: 7621 (mass>1 leaves; 3.5% of 217490 mass>1 nodes)
  KV cache: 216.0 MB unified memory (bf16 compact)
  GPU memory: 2740.1 MB used, 5446.7 MB free, 8186.8 MB total
  63 root-child subtrees: sizes min=3 max=98513 avg=10158.0 (total=639956 radix nodes)
Epoch 1: loss=1.746573  (2.52 sec, 63 subtrees, 122 chunks, 3962507 nodes)
  residual top-10 (subtree_mass × max(avg_loss − 1.747, 0)):
    rc   rootID   mass      avg_loss     score 
    37   194986   150820    1.8329       13015.7
    57   597515   71254     1.8792       9448.8
    5    122082   59596     1.8468       5971.1
    38   226569   29851     1.8896       4269.6
    42   316789   43288     1.8403       4058.4
    58   613131   21722     1.9176       3714.9
    1    19001    545903    1.7520       2960.5
    4    118548   15676     1.9163       2660.3
    52   494229   28647     1.8176       2034.2
    59   617736   47326     1.7818       1666.9
    top-10: 32.0% of mass, 91.4% of excess-loss
Epoch 2: loss=1.728156  (2.49 sec, 63 subtrees, 122 chunks, 3962507 nodes)
  residual top-10 (subtree_mass × max(avg_loss − 1.728, 0)):
    rc   rootID   mass      avg_loss     score 
    57   597515   71254     1.8939       11809.0
    37   194986   150820    1.7788       7641.6
    5    122082   59596     1.8403       6685.3
    58   613131   21722     1.9575       4982.8
    42   316789   43288     1.8221       4064.6
    38   226569   29851     1.8512       3673.6
    4    118548   15676     1.9071       2804.4
    59   617736   47326     1.7829       2589.3
    52   494229   28647     1.7956       1931.2
    45   363844   127194    1.7433       1925.4
    top-10: 18.8% of mass, 91.1% of excess-loss
Saved to /home/trans/Projects/agpt/rnd/streaming-agpt-v1/models/cadence_n50_stage20.model
Done.
  Appended optimizer state to /home/trans/Projects/agpt/rnd/streaming-agpt-v1/models/cadence_n50_stage20.model (adam_t=2468)
