AGPT CUDA Training Engine
  Model: d=64 heads=4 layers=2 ff=256 vocab=65 seq=128 head_dim=16
  Loaded 108481 weight floats (423.8 KB)
  Loaded optimizer state from checkpoint (adam_t=4210)
  LR schedule horizon: 500 total SE (override; this call runs 10 SE)
Loading radix trie from /tmp/shake_16pct_n50_se10_d16_radix...
  Radix trie: 259695 nodes, 1713663 total edge chars, 17 endpoint depths
  Radix loaded: 435127 counts entries, 1670266 ancestor char entries
  d_split: 172052/259695 nodes have a mass=1 ancestor (mean depth 7.99)
  lr-schedule: warmup-cosine (peak=0.003, warmup_epochs=1)
  optimizer: rmsprop (lr=0.003)
  entropy lambda: 1.000 (branching-endpoint icing enabled)
  mass weighting: log (head-of-edge count restores corpus-frequency exposure)
  curriculum: flat (d=max each epoch)
  max edge_len: 15, max ancestor chars: 15, max KV per node: 30, max endpoint depth: 16
  mass=1 compaction: 1550350 / 1713663 chars are mass=1 (90.5%); cache holds 163313 positions
  loop points: 2357 (mass>1 leaves; 2.7% of 87642 mass>1 nodes)
  KV cache: 83.6 MB unified memory (bf16 compact)
  GPU memory: 2712.9 MB used, 5474.0 MB free, 8186.8 MB total
  62 root-child subtrees: sizes min=3 max=39135 avg=4188.6 (total=259694 radix nodes)
Epoch 1: loss=1.848133  (1.09 sec, 62 subtrees, 80 chunks, 1713663 nodes)
  residual top-10 (subtree_mass × max(avg_loss − 1.848, 0)):
    rc   rootID   mass      avg_loss     score 
    36   79604    56383     2.2240       21193.3
    28   72580    3399      4.6215       9426.8
    29   73456    7649      2.9889       8725.8
    30   75211    6736      2.7199       5871.9
    37   92490    10958     2.3024       4978.1
    40   106022   104115    1.8931       4685.6
    31   76754    6744      2.4349       3957.4
    38   95150    16583     2.0597       3508.2
    56   241934   28508     1.9567       3095.1
    39   99069    29627     1.9509       3046.0
    top-10: 23.0% of mass, 95.1% of excess-loss
Epoch 2: loss=1.726177  (1.02 sec, 62 subtrees, 80 chunks, 1713663 nodes)
  residual top-10 (subtree_mass × max(avg_loss − 1.726, 0)):
    rc   rootID   mass      avg_loss     score 
    36   79604    56383     1.9168       10748.2
    1    8788     198654    1.7527       5259.6
    56   241934   28508     1.7788       1499.9
    37   92490    10958     1.8552       1413.9
    51   199981   11100     1.8120       952.5 
    4    48401    6658      1.8692       952.3 
    5    50023    21417     1.7664       861.5 
    39   99069    29627     1.7545       839.4 
    43   135289   57890     1.7374       651.2 
    28   72580    3399      1.9094       622.8 
    top-10: 36.1% of mass, 93.8% of excess-loss
Epoch 3: loss=1.693184  (1.02 sec, 62 subtrees, 80 chunks, 1713663 nodes)
  residual top-10 (subtree_mass × max(avg_loss − 1.693, 0)):
    rc   rootID   mass      avg_loss     score 
    36   79604    56383     1.8668       9789.5
    56   241934   28508     1.8050       3188.9
    37   92490    10958     1.8300       1499.3
    1    8788     198654    1.7001       1383.1
    51   199981   11100     1.8080       1274.2
    4    48401    6658      1.8325       927.5 
    43   135289   57890     1.7061       748.4 
    39   99069    29627     1.7158       668.7 
    41   128996   14639     1.7296       533.2 
    38   95150    16583     1.7226       487.9 
    top-10: 36.6% of mass, 95.0% of excess-loss
Epoch 4: loss=1.698624  (1.02 sec, 62 subtrees, 80 chunks, 1713663 nodes)
  residual top-10 (subtree_mass × max(avg_loss − 1.699, 0)):
    rc   rootID   mass      avg_loss     score 
    36   79604    56383     1.8726       9807.9
    56   241934   28508     2.0053       8743.2
    5    50023    21417     1.7982       2132.9
    37   92490    10958     1.8797       1983.7
    51   199981   11100     1.8048       1179.0
    4    48401    6658      1.8706       1144.8
    41   128996   14639     1.7735       1096.1
    43   135289   57890     1.7148       938.3 
    57   248731   8765      1.7953       847.5 
    55   226055   74867     1.7092       791.1 
    top-10: 24.7% of mass, 95.8% of excess-loss
Epoch 5: loss=1.700851  (1.02 sec, 62 subtrees, 80 chunks, 1713663 nodes)
  residual top-10 (subtree_mass × max(avg_loss − 1.701, 0)):
    rc   rootID   mass      avg_loss     score 
    36   79604    56383     1.9183       12262.8
    56   241934   28508     1.9182       6197.5
    51   199981   11100     1.9569       2842.0
    37   92490    10958     1.8966       2144.5
    55   226055   74867     1.7186       1327.5
    39   99069    29627     1.7335       966.6 
    38   95150    16583     1.7552       900.6 
    54   214179   52269     1.7145       713.4 
    41   128996   14639     1.7391       559.2 
    43   135289   57890     1.7071       361.1 
    top-10: 30.0% of mass, 97.1% of excess-loss
Epoch 6: loss=1.664152  (1.02 sec, 62 subtrees, 80 chunks, 1713663 nodes)
  residual top-10 (subtree_mass × max(avg_loss − 1.664, 0)):
    rc   rootID   mass      avg_loss     score 
    36   79604    56383     1.7973       7507.7
    1    8788     198654    1.6905       5234.6
    56   241934   28508     1.7836       3404.0
    37   92490    10958     1.7833       1305.2
    43   135289   57890     1.6814       997.2 
    51   199981   11100     1.7461       909.8 
    4    48401    6658      1.7694       700.9 
    41   128996   14639     1.7085       649.0 
    38   95150    16583     1.7004       601.3 
    39   99069    29627     1.6838       582.5 
    top-10: 36.6% of mass, 93.5% of excess-loss
Epoch 7: loss=1.670137  (1.02 sec, 62 subtrees, 80 chunks, 1713663 nodes)
  residual top-10 (subtree_mass × max(avg_loss − 1.670, 0)):
    rc   rootID   mass      avg_loss     score 
    56   241934   28508     1.9837       8938.2
    36   79604    56383     1.8244       8697.1
    4    48401    6658      1.9400       1796.5
    51   199981   11100     1.8116       1570.4
    37   92490    10958     1.8010       1433.6
    41   128996   14639     1.7665       1410.1
    5    50023    21417     1.7264       1205.1
    57   248731   8765      1.7762       929.3 
    55   226055   74867     1.6824       917.3 
    38   95150    16583     1.7056       588.8 
    top-10: 21.2% of mass, 95.3% of excess-loss
Epoch 8: loss=1.657400  (1.02 sec, 62 subtrees, 80 chunks, 1713663 nodes)
  residual top-10 (subtree_mass × max(avg_loss − 1.657, 0)):
    rc   rootID   mass      avg_loss     score 
    36   79604    56383     1.7682       6245.9
    56   241934   28508     1.8576       5706.5
    51   199981   11100     1.9368       3101.8
    55   226055   74867     1.6876       2264.2
    5    50023    21417     1.7444       1863.6
    4    48401    6658      1.8955       1585.4
    53   202836   48239     1.6860       1381.3
    37   92490    10958     1.7441       950.1 
    54   214179   52269     1.6752       932.1 
    41   128996   14639     1.6869       432.4 
    top-10: 27.6% of mass, 96.7% of excess-loss
Epoch 9: loss=1.650960  (1.02 sec, 62 subtrees, 80 chunks, 1713663 nodes)
  residual top-10 (subtree_mass × max(avg_loss − 1.651, 0)):
    rc   rootID   mass      avg_loss     score 
    56   241934   28508     1.9812       9413.2
    36   79604    56383     1.7683       6616.0
    55   226055   74867     1.6792       2111.1
    51   199981   11100     1.8028       1685.5
    37   92490    10958     1.7587       1180.1
    57   248731   8765      1.7504       872.0 
    1    8788     198654    1.6551       830.4 
    41   128996   14639     1.6970       674.1 
    43   135289   57890     1.6623       657.6 
    4    48401    6658      1.7264       502.0 
    top-10: 39.8% of mass, 95.3% of excess-loss
Epoch 10: loss=1.727614  (1.02 sec, 62 subtrees, 80 chunks, 1713663 nodes)
  residual top-10 (subtree_mass × max(avg_loss − 1.728, 0)):
    rc   rootID   mass      avg_loss     score 
    36   79604    56383     2.1246       22385.3
    56   241934   28508     2.1492       12017.2
    37   92490    10958     2.5097       8570.4
    38   95150    16583     2.0621       5546.1
    41   128996   14639     2.0547       4787.8
    39   99069    29627     1.8192       2712.5
    55   226055   74867     1.7559       2117.6
    28   72580    3399      1.9094       618.0 
    57   248731   8765      1.7893       540.5 
    30   75211    6736      1.7495       147.3 
    top-10: 21.3% of mass, 99.6% of excess-loss
Saved to /home/trans/Projects/agpt/rnd/streaming-agpt-v1/models/cadence_n50_se10_stage8.model
Done.
  Appended optimizer state to /home/trans/Projects/agpt/rnd/streaming-agpt-v1/models/cadence_n50_se10_stage8.model (adam_t=4830)
