AGPT CUDA Training Engine
  Model: d=64 heads=4 layers=2 ff=256 vocab=65 seq=128 head_dim=16
  Loaded 108481 weight floats (423.8 KB)
  Loaded optimizer state from checkpoint (adam_t=2470)
  LR schedule horizon: 100 total SE (override; this call runs 5 SE)
Loading radix trie from /tmp/shake_45pct_n20_d16_radix...
  Radix trie: 721807 nodes, 4445934 total edge chars, 17 endpoint depths
  Radix loaded: 1210317 counts entries, 5119301 ancestor char entries
  d_split: 476874/721807 nodes have a mass=1 ancestor (mean depth 8.67)
  lr-schedule: warmup-cosine (peak=0.003, warmup_epochs=1)
  optimizer: rmsprop (lr=0.003)
  entropy lambda: 1.000 (branching-endpoint icing enabled)
  mass weighting: log (head-of-edge count restores corpus-frequency exposure)
  curriculum: flat (d=max each epoch)
  max edge_len: 15, max ancestor chars: 15, max KV per node: 30, max endpoint depth: 16
  mass=1 compaction: 3973698 / 4445934 chars are mass=1 (89.4%); cache holds 472236 positions
  loop points: 8250 (mass>1 leaves; 3.4% of 244932 mass>1 nodes)
  KV cache: 241.8 MB unified memory (bf16 compact)
  GPU memory: 2746.4 MB used, 5440.4 MB free, 8186.8 MB total
  63 root-child subtrees: sizes min=3 max=111220 avg=11457.2 (total=721806 radix nodes)
Epoch 1: loss=1.697666  (3.07 sec, 63 subtrees, 130 chunks, 4445934 nodes)
  residual top-10 (subtree_mass × max(avg_loss − 1.698, 0)):
    rc   rootID   mass      avg_loss     score 
    57   673976   80537     2.3811       55043.9
    56   630056   226981    1.8186       27457.4
    58   691480   24962     2.1064       10202.1
    59   696720   54352     1.8830       10071.5
    52   557627   32222     1.8934       6306.1
    5    138370   68358     1.7531       3789.4
    38   256362   33751     1.7819       2842.9
    4    134336   18041     1.8391       2551.1
    42   357519   49238     1.7407       2120.7
    61   708168   66510     1.7283       2040.8
    top-10: 18.2% of mass, 97.4% of excess-loss
Epoch 2: loss=1.700760  (2.92 sec, 63 subtrees, 130 chunks, 4445934 nodes)
  residual top-10 (subtree_mass × max(avg_loss − 1.701, 0)):
    rc   rootID   mass      avg_loss     score 
    57   673976   80537     2.6251       74441.1
    56   630056   226981    1.8181       26633.4
    58   691480   24962     2.3337       15800.7
    59   696720   54352     1.9696       14613.2
    61   708168   66510     1.7799       5266.2
    52   557627   32222     1.8579       5063.3
    5    138370   68358     1.7523       3520.4
    4    134336   18041     1.8074       1924.7
    38   256362   33751     1.7366       1208.8
    2    133083   5534      1.7293       158.1 
    top-10: 17.0% of mass, 99.9% of excess-loss
Epoch 3: loss=1.656196  (2.99 sec, 63 subtrees, 130 chunks, 4445934 nodes)
  residual top-10 (subtree_mass × max(avg_loss − 1.656, 0)):
    rc   rootID   mass      avg_loss     score 
    1    21863    621794    1.6993       26809.7
    57   673976   80537     1.8914       18944.1
    0    1        123815    1.7159       7394.5
    5    138370   68358     1.7531       6622.2
    37   220395   172792    1.6915       6103.6
    58   691480   24962     1.8007       3607.3
    59   696720   54352     1.7159       3246.0
    4    134336   18041     1.8038       2662.1
    38   256362   33751     1.7230       2256.0
    56   630056   226981    1.6654       2096.5
    top-10: 39.5% of mass, 95.9% of excess-loss
Epoch 4: loss=1.633067  (2.87 sec, 63 subtrees, 130 chunks, 4445934 nodes)
  residual top-10 (subtree_mass × max(avg_loss − 1.633, 0)):
    rc   rootID   mass      avg_loss     score 
    57   673976   80537     1.8950       21095.6
    37   220395   172792    1.6761       7433.8
    5    138370   68358     1.7182       5817.5
    58   691480   24962     1.8441       5268.2
    59   696720   54352     1.7067       4003.6
    56   630056   226981    1.6495       3736.1
    42   357519   49238     1.6977       3181.9
    38   256362   33751     1.7157       2788.9
    4    134336   18041     1.7796       2642.7
    52   557627   32222     1.6933       1940.5
    top-10: 21.1% of mass, 95.9% of excess-loss
Epoch 5: loss=1.632835  (2.81 sec, 63 subtrees, 130 chunks, 4445934 nodes)
  residual top-10 (subtree_mass × max(avg_loss − 1.633, 0)):
    rc   rootID   mass      avg_loss     score 
    57   673976   80537     2.0887       36711.9
    56   630056   226981    1.6756       9707.2
    37   220395   172792    1.6713       6643.0
    59   696720   54352     1.7306       5311.7
    58   691480   24962     1.8373       5103.2
    5    138370   68358     1.7033       4814.9
    38   256362   33751     1.7165       2824.0
    42   357519   49238     1.6826       2449.9
    4    134336   18041     1.7615       2320.7
    52   557627   32222     1.7039       2288.9
    top-10: 21.1% of mass, 98.1% of excess-loss
Saved to /home/trans/Projects/agpt/rnd/streaming-agpt-v1/models/cadence_n20_stage9.model
Done.
  Appended optimizer state to /home/trans/Projects/agpt/rnd/streaming-agpt-v1/models/cadence_n20_stage9.model (adam_t=2785)
