[radix-corpus] corpus: /tmp/shake_75pct_n20.txt (836545 tokens, vocab=65)
[radix-corpus] max_depth=16, output=/tmp/shake_75pct_n20_d16_radix
[radix-corpus] subtree char=0 (29293 positions): emitted 36826 radix nodes  (cum total 36827, max_ep_depth=16, 0.0s)
[radix-corpus] subtree char=1 (127665 positions): emitted 185650 radix nodes  (cum total 222477, max_ep_depth=16, 0.3s)
[radix-corpus] subtree char=2 (1669 positions): emitted 2260 radix nodes  (cum total 224737, max_ep_depth=16, 0.3s)
[radix-corpus] subtree char=3 (1 positions): emitted 1 radix nodes  (cum total 224738, max_ep_depth=16, 0.3s)
[radix-corpus] subtree char=4 (3 positions): emitted 5 radix nodes  (cum total 224743, max_ep_depth=16, 0.3s)
[radix-corpus] subtree char=5 (4780 positions): emitted 7043 radix nodes  (cum total 231786, max_ep_depth=16, 0.3s)
[radix-corpus] subtree char=6 (14868 positions): emitted 21651 radix nodes  (cum total 253437, max_ep_depth=16, 0.3s)
[radix-corpus] subtree char=7 (1467 positions): emitted 2148 radix nodes  (cum total 255585, max_ep_depth=16, 0.3s)
[radix-corpus] subtree char=8 (5625 positions): emitted 5683 radix nodes  (cum total 261268, max_ep_depth=16, 0.3s)
[radix-corpus] subtree char=9 (27 positions): emitted 1 radix nodes  (cum total 261269, max_ep_depth=16, 0.3s)
[radix-corpus] subtree char=10 (7372 positions): emitted 10690 radix nodes  (cum total 271959, max_ep_depth=16, 0.3s)
[radix-corpus] subtree char=11 (2661 positions): emitted 3940 radix nodes  (cum total 275899, max_ep_depth=16, 0.3s)
[radix-corpus] subtree char=12 (1744 positions): emitted 2144 radix nodes  (cum total 278043, max_ep_depth=16, 0.3s)
[radix-corpus] subtree char=13 (5384 positions): emitted 7830 radix nodes  (cum total 285873, max_ep_depth=16, 0.3s)
[radix-corpus] subtree char=14 (1980 positions): emitted 2814 radix nodes  (cum total 288687, max_ep_depth=16, 0.3s)
[radix-corpus] subtree char=15 (2847 positions): emitted 3837 radix nodes  (cum total 292524, max_ep_depth=16, 0.3s)
[radix-corpus] subtree char=16 (1624 positions): emitted 2111 radix nodes  (cum total 294635, max_ep_depth=16, 0.3s)
[radix-corpus] subtree char=17 (4541 positions): emitted 5971 radix nodes  (cum total 300606, max_ep_depth=16, 0.3s)
[radix-corpus] subtree char=18 (1485 positions): emitted 1903 radix nodes  (cum total 302509, max_ep_depth=16, 0.3s)
[radix-corpus] subtree char=19 (1946 positions): emitted 2331 radix nodes  (cum total 304840, max_ep_depth=16, 0.3s)
[radix-corpus] subtree char=20 (2324 positions): emitted 3116 radix nodes  (cum total 307956, max_ep_depth=16, 0.3s)
[radix-corpus] subtree char=21 (8400 positions): emitted 11560 radix nodes  (cum total 319516, max_ep_depth=16, 0.3s)
[radix-corpus] subtree char=22 (281 positions): emitted 385 radix nodes  (cum total 319901, max_ep_depth=16, 0.3s)
[radix-corpus] subtree char=23 (1189 positions): emitted 1037 radix nodes  (cum total 320938, max_ep_depth=16, 0.3s)
[radix-corpus] subtree char=24 (2753 positions): emitted 3834 radix nodes  (cum total 324772, max_ep_depth=16, 0.3s)
[radix-corpus] subtree char=25 (2279 positions): emitted 3237 radix nodes  (cum total 328009, max_ep_depth=16, 0.3s)
[radix-corpus] subtree char=26 (3595 positions): emitted 4441 radix nodes  (cum total 332450, max_ep_depth=16, 0.3s)
[radix-corpus] subtree char=27 (3622 positions): emitted 5106 radix nodes  (cum total 337556, max_ep_depth=16, 0.3s)
[radix-corpus] subtree char=28 (814 positions): emitted 1151 radix nodes  (cum total 338707, max_ep_depth=16, 0.3s)
[radix-corpus] subtree char=29 (227 positions): emitted 57 radix nodes  (cum total 338764, max_ep_depth=16, 0.3s)
[radix-corpus] subtree char=30 (3958 positions): emitted 5304 radix nodes  (cum total 344068, max_ep_depth=16, 0.3s)
[radix-corpus] subtree char=31 (3356 positions): emitted 4614 radix nodes  (cum total 348682, max_ep_depth=16, 0.4s)
[radix-corpus] subtree char=32 (5020 positions): emitted 7233 radix nodes  (cum total 355915, max_ep_depth=16, 0.4s)
[radix-corpus] subtree char=33 (2522 positions): emitted 3168 radix nodes  (cum total 359083, max_ep_depth=16, 0.4s)
[radix-corpus] subtree char=34 (506 positions): emitted 731 radix nodes  (cum total 359814, max_ep_depth=16, 0.4s)
[radix-corpus] subtree char=35 (2819 positions): emitted 4090 radix nodes  (cum total 363904, max_ep_depth=16, 0.4s)
[radix-corpus] subtree char=36 (106 positions): emitted 156 radix nodes  (cum total 364060, max_ep_depth=16, 0.4s)
[radix-corpus] subtree char=37 (1449 positions): emitted 1975 radix nodes  (cum total 366035, max_ep_depth=16, 0.4s)
[radix-corpus] subtree char=38 (161 positions): emitted 225 radix nodes  (cum total 366260, max_ep_depth=16, 0.4s)
[radix-corpus] subtree char=39 (41374 positions): emitted 60472 radix nodes  (cum total 426732, max_ep_depth=16, 0.4s)
[radix-corpus] subtree char=40 (8571 positions): emitted 12620 radix nodes  (cum total 439352, max_ep_depth=16, 0.4s)
[radix-corpus] subtree char=41 (11834 positions): emitted 17216 radix nodes  (cum total 456568, max_ep_depth=16, 0.4s)
[radix-corpus] subtree char=42 (23925 positions): emitted 34991 radix nodes  (cum total 491559, max_ep_depth=16, 0.5s)
[radix-corpus] subtree char=43 (71521 positions): emitted 104425 radix nodes  (cum total 595984, max_ep_depth=16, 0.6s)
[radix-corpus] subtree char=44 (11922 positions): emitted 17535 radix nodes  (cum total 613519, max_ep_depth=16, 0.6s)
[radix-corpus] subtree char=45 (10334 positions): emitted 15024 radix nodes  (cum total 628543, max_ep_depth=16, 0.6s)
[radix-corpus] subtree char=46 (39116 positions): emitted 57239 radix nodes  (cum total 685782, max_ep_depth=16, 0.7s)
[radix-corpus] subtree char=47 (33897 positions): emitted 49265 radix nodes  (cum total 735047, max_ep_depth=16, 0.7s)
[radix-corpus] subtree char=48 (484 positions): emitted 708 radix nodes  (cum total 735755, max_ep_depth=16, 0.7s)
[radix-corpus] subtree char=49 (5362 positions): emitted 7754 radix nodes  (cum total 743509, max_ep_depth=16, 0.7s)
[radix-corpus] subtree char=50 (25338 positions): emitted 37034 radix nodes  (cum total 780543, max_ep_depth=16, 0.8s)
[radix-corpus] subtree char=51 (16624 positions): emitted 24262 radix nodes  (cum total 804805, max_ep_depth=16, 0.8s)
[radix-corpus] subtree char=52 (36675 positions): emitted 53720 radix nodes  (cum total 858525, max_ep_depth=16, 0.8s)
[radix-corpus] subtree char=53 (49232 positions): emitted 72050 radix nodes  (cum total 930575, max_ep_depth=16, 0.9s)
[radix-corpus] subtree char=54 (8077 positions): emitted 11910 radix nodes  (cum total 942485, max_ep_depth=16, 0.9s)
[radix-corpus] subtree char=55 (489 positions): emitted 700 radix nodes  (cum total 943185, max_ep_depth=16, 0.9s)
[radix-corpus] subtree char=56 (36854 positions): emitted 53710 radix nodes  (cum total 996895, max_ep_depth=16, 0.9s)
[radix-corpus] subtree char=57 (37469 positions): emitted 54932 radix nodes  (cum total 1051827, max_ep_depth=16, 0.9s)
[radix-corpus] subtree char=58 (50392 positions): emitted 73867 radix nodes  (cum total 1125694, max_ep_depth=16, 1.0s)
[radix-corpus] subtree char=59 (19818 positions): emitted 28988 radix nodes  (cum total 1154682, max_ep_depth=16, 1.1s)
[radix-corpus] subtree char=60 (5781 positions): emitted 8509 radix nodes  (cum total 1163191, max_ep_depth=16, 1.1s)
[radix-corpus] subtree char=61 (13161 positions): emitted 19126 radix nodes  (cum total 1182317, max_ep_depth=16, 1.1s)
[radix-corpus] subtree char=62 (401 positions): emitted 611 radix nodes  (cum total 1182928, max_ep_depth=16, 1.1s)
[radix-corpus] subtree char=63 (15236 positions): emitted 22136 radix nodes  (cum total 1205064, max_ep_depth=16, 1.1s)
[radix-corpus] subtree char=64 (295 positions): emitted 435 radix nodes  (cum total 1205499, max_ep_depth=16, 1.1s)
[radix-corpus] done: 1205499 radix nodes, 7145461 total edge chars, 17 endpoint depths, 1.08s
  radix_count:        1205499
  total_edge_chars:   7145461
  max_endpoint_depth: 16
