AGPT CUDA Training Engine
  Model: d=64 heads=4 layers=2 ff=256 vocab=65 seq=128 head_dim=16
  Loaded 108481 weight floats (423.8 KB)
  Loaded optimizer state from checkpoint (adam_t=30380)
  LR schedule horizon: 500 total SE (override; this call runs 10 SE)
Loading radix trie from /tmp/shake_98pct_n50_se10_d16_radix...
  Radix trie: 1575287 nodes, 9134025 total edge chars, 17 endpoint depths
  Radix loaded: 2642367 counts entries, 12013985 ancestor char entries
  d_split: 1040668/1575287 nodes have a mass=1 ancestor (mean depth 9.20)
  lr-schedule: warmup-cosine (peak=0.003, warmup_epochs=1)
  optimizer: rmsprop (lr=0.003)
  entropy lambda: 1.000 (branching-endpoint icing enabled)
  mass weighting: log (head-of-edge count restores corpus-frequency exposure)
  curriculum: flat (d=max each epoch)
  max edge_len: 16, max ancestor chars: 15, max KV per node: 31, max endpoint depth: 16
  mass=1 compaction: 8114714 / 9134025 chars are mass=1 (88.8%); cache holds 1019311 positions
  loop points: 18422 (mass>1 leaves; 3.4% of 534618 mass>1 nodes)
  KV cache: 521.9 MB unified memory (bf16 compact)
  GPU memory: 2851.3 MB used, 5335.5 MB free, 8186.8 MB total
  65 root-child subtrees: sizes min=1 max=241903 avg=24235.2 (total=1575286 radix nodes)
Epoch 1: loss=1.492783  (5.97 sec, 65 subtrees, 222 chunks, 9134025 nodes)
  residual top-10 (subtree_mass × max(avg_loss − 1.493, 0)):
    rc   rootID   mass      avg_loss     score 
    1    49538    1450046   1.5008       11653.8
    46   822935   406166    1.5081       6225.5
    6    303230   164417    1.5304       6179.4
    39   482549   410847    1.5059       5383.7
    40   562200   81112     1.5484       4508.2
    41   578537   111923    1.5268       3806.5
    44   781242   116270    1.5251       3756.3
    54   1215992  74863     1.5353       3182.3
    61   1519620  131359    1.5170       3180.0
    59   1470097  188660    1.5064       2572.7
    top-10: 37.3% of mass, 76.9% of excess-loss
Epoch 2: loss=1.492574  (5.72 sec, 65 subtrees, 222 chunks, 9134025 nodes)
  residual top-10 (subtree_mass × max(avg_loss − 1.493, 0)):
    rc   rootID   mass      avg_loss     score 
    1    49538    1450046   1.5007       11746.4
    46   822935   406166    1.5081       6293.1
    6    303230   164417    1.5298       6123.5
    39   482549   410847    1.5057       5373.2
    40   562200   81112     1.5489       4570.1
    41   578537   111923    1.5261       3756.3
    44   781242   116270    1.5241       3671.0
    54   1215992  74863     1.5354       3205.1
    61   1519620  131359    1.5167       3168.5
    59   1470097  188660    1.5064       2600.5
    top-10: 37.3% of mass, 76.8% of excess-loss
Epoch 3: loss=1.492445  (5.70 sec, 65 subtrees, 222 chunks, 9134025 nodes)
  residual top-10 (subtree_mass × max(avg_loss − 1.492, 0)):
    rc   rootID   mass      avg_loss     score 
    1    49538    1450046   1.5005       11682.7
    46   822935   406166    1.5078       6256.8
    6    303230   164417    1.5299       6164.8
    39   482549   410847    1.5054       5314.2
    40   562200   81112     1.5483       4527.8
    41   578537   111923    1.5265       3813.5
    44   781242   116270    1.5240       3663.8
    54   1215992  74863     1.5359       3254.9
    61   1519620  131359    1.5172       3246.1
    59   1470097  188660    1.5063       2615.9
    top-10: 37.3% of mass, 76.8% of excess-loss
Epoch 4: loss=1.492296  (5.71 sec, 65 subtrees, 222 chunks, 9134025 nodes)
  residual top-10 (subtree_mass × max(avg_loss − 1.492, 0)):
    rc   rootID   mass      avg_loss     score 
    1    49538    1450046   1.5002       11508.3
    46   822935   406166    1.5074       6140.6
    6    303230   164417    1.5295       6125.1
    39   482549   410847    1.5047       5106.9
    40   562200   81112     1.5486       4564.4
    41   578537   111923    1.5261       3783.8
    44   781242   116270    1.5241       3696.7
    54   1215992  74863     1.5361       3280.5
    61   1519620  131359    1.5173       3277.9
    59   1470097  188660    1.5059       2557.2
    top-10: 37.3% of mass, 76.4% of excess-loss
Epoch 5: loss=1.492117  (5.71 sec, 65 subtrees, 222 chunks, 9134025 nodes)
  residual top-10 (subtree_mass × max(avg_loss − 1.492, 0)):
    rc   rootID   mass      avg_loss     score 
    1    49538    1450046   1.5001       11543.7
    46   822935   406166    1.5074       6193.1
    6    303230   164417    1.5291       6075.3
    39   482549   410847    1.5048       5198.1
    40   562200   81112     1.5485       4571.7
    41   578537   111923    1.5260       3787.6
    44   781242   116270    1.5237       3676.5
    54   1215992  74863     1.5355       3247.3
    61   1519620  131359    1.5167       3230.6
    59   1470097  188660    1.5058       2580.5
    top-10: 37.3% of mass, 76.5% of excess-loss
Epoch 6: loss=1.491980  (5.70 sec, 65 subtrees, 222 chunks, 9134025 nodes)
  residual top-10 (subtree_mass × max(avg_loss − 1.492, 0)):
    rc   rootID   mass      avg_loss     score 
    1    49538    1450046   1.5000       11584.7
    46   822935   406166    1.5074       6282.4
    6    303230   164417    1.5290       6089.7
    39   482549   410847    1.5047       5207.6
    40   562200   81112     1.5482       4562.6
    41   578537   111923    1.5262       3829.4
    44   781242   116270    1.5245       3783.4
    61   1519620  131359    1.5166       3236.7
    54   1215992  74863     1.5349       3214.5
    59   1470097  188660    1.5056       2562.4
    top-10: 37.3% of mass, 76.8% of excess-loss
Epoch 7: loss=1.491870  (5.71 sec, 65 subtrees, 222 chunks, 9134025 nodes)
  residual top-10 (subtree_mass × max(avg_loss − 1.492, 0)):
    rc   rootID   mass      avg_loss     score 
    1    49538    1450046   1.4999       11679.7
    46   822935   406166    1.5073       6248.0
    6    303230   164417    1.5287       6060.8
    39   482549   410847    1.5043       5103.2
    40   562200   81112     1.5475       4511.8
    41   578537   111923    1.5256       3773.1
    44   781242   116270    1.5239       3720.9
    54   1215992  74863     1.5352       3240.6
    61   1519620  131359    1.5163       3207.9
    59   1470097  188660    1.5054       2547.4
    top-10: 37.3% of mass, 76.4% of excess-loss
Epoch 8: loss=1.491766  (5.70 sec, 65 subtrees, 222 chunks, 9134025 nodes)
  residual top-10 (subtree_mass × max(avg_loss − 1.492, 0)):
    rc   rootID   mass      avg_loss     score 
    1    49538    1450046   1.4996       11423.6
    46   822935   406166    1.5070       6195.2
    6    303230   164417    1.5284       6022.5
    39   482549   410847    1.5042       5125.9
    40   562200   81112     1.5472       4498.9
    41   578537   111923    1.5252       3746.7
    44   781242   116270    1.5234       3682.7
    61   1519620  131359    1.5164       3236.7
    54   1215992  74863     1.5349       3226.7
    59   1470097  188660    1.5058       2657.1
    top-10: 37.3% of mass, 76.1% of excess-loss
Epoch 9: loss=1.491678  (5.70 sec, 65 subtrees, 222 chunks, 9134025 nodes)
  residual top-10 (subtree_mass × max(avg_loss − 1.492, 0)):
    rc   rootID   mass      avg_loss     score 
    1    49538    1450046   1.4997       11627.8
    46   822935   406166    1.5070       6227.9
    6    303230   164417    1.5281       5983.7
    39   482549   410847    1.5039       5012.1
    40   562200   81112     1.5480       4566.9
    41   578537   111923    1.5254       3776.5
    44   781242   116270    1.5235       3704.1
    61   1519620  131359    1.5168       3298.6
    54   1215992  74863     1.5355       3284.2
    59   1470097  188660    1.5054       2585.1
    top-10: 37.3% of mass, 76.6% of excess-loss
Epoch 10: loss=1.491622  (5.72 sec, 65 subtrees, 222 chunks, 9134025 nodes)
  residual top-10 (subtree_mass × max(avg_loss − 1.492, 0)):
    rc   rootID   mass      avg_loss     score 
    1    49538    1450046   1.4996       11635.1
    46   822935   406166    1.5075       6439.5
    6    303230   164417    1.5281       5991.6
    39   482549   410847    1.5037       4971.0
    40   562200   81112     1.5474       4522.6
    41   578537   111923    1.5251       3751.7
    44   781242   116270    1.5232       3677.3
    54   1215992  74863     1.5345       3207.6
    61   1519620  131359    1.5158       3179.4
    59   1470097  188660    1.5056       2634.2
    top-10: 37.3% of mass, 76.3% of excess-loss
Saved to /home/trans/Projects/agpt/rnd/streaming-agpt-v1/models/cadence_n50_se10_stage49.model
Done.
  Appended optimizer state to /home/trans/Projects/agpt/rnd/streaming-agpt-v1/models/cadence_n50_se10_stage49.model (adam_t=31030)
