AGPT CUDA Training Engine
  Model: d=64 heads=4 layers=2 ff=256 vocab=65 seq=128 head_dim=16
  Loaded 108481 weight floats (423.8 KB)
  Loaded optimizer state from checkpoint (adam_t=22580)
  LR schedule horizon: 500 total SE (override; this call runs 10 SE)
Loading radix trie from /tmp/shake_74pct_n50_se10_d16_radix...
  Radix trie: 1189416 nodes, 7055107 total edge chars, 17 endpoint depths
  Radix loaded: 1994738 counts entries, 8838483 ancestor char entries
  d_split: 786204/1189416 nodes have a mass=1 ancestor (mean depth 9.01)
  lr-schedule: warmup-cosine (peak=0.003, warmup_epochs=1)
  optimizer: rmsprop (lr=0.003)
  entropy lambda: 1.000 (branching-endpoint icing enabled)
  mass weighting: log (head-of-edge count restores corpus-frequency exposure)
  curriculum: flat (d=max each epoch)
  max edge_len: 16, max ancestor chars: 15, max KV per node: 31, max endpoint depth: 16
  mass=1 compaction: 6282700 / 7055107 chars are mass=1 (89.1%); cache holds 772407 positions
  loop points: 13462 (mass>1 leaves; 3.3% of 403211 mass>1 nodes)
  KV cache: 395.5 MB unified memory (bf16 compact)
  GPU memory: 2824.0 MB used, 5362.8 MB free, 8186.8 MB total
  65 root-child subtrees: sizes min=1 max=183172 avg=18298.7 (total=1189415 radix nodes)
Epoch 1: loss=1.520603  (4.57 sec, 65 subtrees, 183 chunks, 7055107 nodes)
  residual top-10 (subtree_mass × max(avg_loss − 1.521, 0)):
    rc   rootID   mass      avg_loss     score 
    59   1110642  137726    1.8229       41634.4
    58   1037807  393284    1.5783       22672.1
    54   918247   54900     1.9079       21264.2
    6    228777   121008    1.5849       7777.8
    53   847198   362157    1.5411       7439.2
    60   1139274  41493     1.6694       6174.3
    61   1147680  96123     1.5688       4637.4
    57   983651   273341    1.5358       4148.7
    5    221807   32823     1.6346       3741.8
    44   588470   86230     1.5505       2579.5
    top-10: 25.8% of mass, 95.7% of excess-loss
Epoch 2: loss=1.497356  (4.40 sec, 65 subtrees, 183 chunks, 7055107 nodes)
  residual top-10 (subtree_mass × max(avg_loss − 1.497, 0)):
    rc   rootID   mass      avg_loss     score 
    6    228777   121008    1.6003       12459.3
    39   362103   300051    1.5216       7289.1
    59   1110642  137726    1.5489       7092.6
    54   918247   54900     1.6134       6368.2
    5    221807   32823     1.6478       4938.5
    40   421738   59868     1.5548       3436.2
    44   588470   86230     1.5360       3334.4
    52   794240   266991    1.5090       3105.6
    46   620525   303453    1.5055       2480.5
    41   434186   82831     1.5231       2131.6
    top-10: 23.3% of mass, 88.2% of excess-loss
Epoch 3: loss=1.493495  (4.41 sec, 65 subtrees, 183 chunks, 7055107 nodes)
  residual top-10 (subtree_mass × max(avg_loss − 1.493, 0)):
    rc   rootID   mass      avg_loss     score 
    6    228777   121008    1.5979       12638.9
    39   362103   300051    1.5195       7798.0
    59   1110642  137726    1.5410       6548.0
    5    221807   32823     1.6459       5002.2
    54   918247   54900     1.5846       4999.9
    40   421738   59868     1.5535       3589.6
    44   588470   86230     1.5339       3482.9
    46   620525   303453    1.5046       3376.6
    52   794240   266991    1.5052       3125.1
    41   434186   82831     1.5220       2357.9
    top-10: 23.3% of mass, 86.1% of excess-loss
Epoch 4: loss=1.490952  (4.41 sec, 65 subtrees, 183 chunks, 7055107 nodes)
  residual top-10 (subtree_mass × max(avg_loss − 1.491, 0)):
    rc   rootID   mass      avg_loss     score 
    6    228777   121008    1.5754       10213.2
    39   362103   300051    1.5160       7519.6
    59   1110642  137726    1.5427       7130.2
    54   918247   54900     1.5929       5598.3
    5    221807   32823     1.6179       4167.5
    44   588470   86230     1.5336       3680.7
    40   421738   59868     1.5495       3504.6
    52   794240   266991    1.5034       3332.2
    46   620525   303453    1.5016       3239.6
    61   1147680  96123     1.5150       2308.8
    top-10: 23.5% of mass, 83.9% of excess-loss
Epoch 5: loss=1.489676  (4.42 sec, 65 subtrees, 183 chunks, 7055107 nodes)
  residual top-10 (subtree_mass × max(avg_loss − 1.490, 0)):
    rc   rootID   mass      avg_loss     score 
    6    228777   121008    1.5733       10119.5
    59   1110642  137726    1.5486       8117.7
    39   362103   300051    1.5155       7754.9
    54   918247   54900     1.5923       5635.6
    5    221807   32823     1.6127       4039.2
    40   421738   59868     1.5502       3623.9
    44   588470   86230     1.5303       3503.6
    46   620525   303453    1.5009       3404.4
    52   794240   266991    1.5008       2966.0
    61   1147680  96123     1.5140       2335.1
    top-10: 23.5% of mass, 84.2% of excess-loss
Epoch 6: loss=1.487359  (4.39 sec, 65 subtrees, 183 chunks, 7055107 nodes)
  residual top-10 (subtree_mass × max(avg_loss − 1.487, 0)):
    rc   rootID   mass      avg_loss     score 
    6    228777   121008    1.5707       10090.2
    39   362103   300051    1.5141       8011.9
    59   1110642  137726    1.5218       4739.3
    54   918247   54900     1.5701       4543.0
    5    221807   32823     1.6113       4069.1
    46   620525   303453    1.5005       3985.0
    44   588470   86230     1.5315       3803.9
    40   421738   59868     1.5474       3594.3
    52   794240   266991    1.5003       3459.0
    41   434186   82831     1.5164       2404.0
    top-10: 23.3% of mass, 82.7% of excess-loss
Epoch 7: loss=1.487568  (4.39 sec, 65 subtrees, 183 chunks, 7055107 nodes)
  residual top-10 (subtree_mass × max(avg_loss − 1.488, 0)):
    rc   rootID   mass      avg_loss     score 
    6    228777   121008    1.5755       10636.1
    39   362103   300051    1.5127       7527.8
    59   1110642  137726    1.5374       6864.5
    54   918247   54900     1.5818       5173.1
    5    221807   32823     1.6168       4242.8
    44   588470   86230     1.5341       4014.8
    46   620525   303453    1.4996       3664.9
    40   421738   59868     1.5472       3569.4
    52   794240   266991    1.4987       2963.4
    61   1147680  96123     1.5134       2482.7
    top-10: 23.5% of mass, 84.2% of excess-loss
Epoch 8: loss=1.485701  (4.39 sec, 65 subtrees, 183 chunks, 7055107 nodes)
  residual top-10 (subtree_mass × max(avg_loss − 1.486, 0)):
    rc   rootID   mass      avg_loss     score 
    6    228777   121008    1.5691       10094.9
    39   362103   300051    1.5120       7890.6
    54   918247   54900     1.5704       4651.6
    59   1110642  137726    1.5177       4404.5
    5    221807   32823     1.6101       4083.8
    44   588470   86230     1.5321       4004.0
    46   620525   303453    1.4984       3854.5
    40   421738   59868     1.5460       3611.4
    52   794240   266991    1.4982       3345.9
    41   434186   82831     1.5150       2428.7
    top-10: 23.3% of mass, 82.8% of excess-loss
Epoch 9: loss=1.485374  (4.41 sec, 65 subtrees, 183 chunks, 7055107 nodes)
  residual top-10 (subtree_mass × max(avg_loss − 1.485, 0)):
    rc   rootID   mass      avg_loss     score 
    6    228777   121008    1.5734       10647.7
    39   362103   300051    1.5113       7766.6
    59   1110642  137726    1.5265       5664.3
    54   918247   54900     1.5668       4471.4
    5    221807   32823     1.6124       4171.0
    44   588470   86230     1.5311       3945.6
    46   620525   303453    1.4978       3770.7
    40   421738   59868     1.5470       3691.8
    52   794240   266991    1.4962       2888.1
    61   1147680  96123     1.5114       2501.6
    top-10: 23.5% of mass, 83.2% of excess-loss
Epoch 10: loss=1.485764  (4.41 sec, 65 subtrees, 183 chunks, 7055107 nodes)
  residual top-10 (subtree_mass × max(avg_loss − 1.486, 0)):
    rc   rootID   mass      avg_loss     score 
    6    228777   121008    1.5703       10224.4
    39   362103   300051    1.5110       7558.0
    59   1110642  137726    1.5339       6630.2
    54   918247   54900     1.5778       5052.1
    44   588470   86230     1.5335       4115.2
    5    221807   32823     1.6108       4103.4
    40   421738   59868     1.5466       3640.9
    46   620525   303453    1.4974       3541.3
    52   794240   266991    1.4968       2959.7
    61   1147680  96123     1.5121       2530.1
    top-10: 23.5% of mass, 83.0% of excess-loss
Saved to /home/trans/Projects/agpt/rnd/streaming-agpt-v1/models/cadence_n50_se10_stage37.model
Done.
  Appended optimizer state to /home/trans/Projects/agpt/rnd/streaming-agpt-v1/models/cadence_n50_se10_stage37.model (adam_t=23230)
