AGPT CUDA Training Engine
  Model: d=64 heads=4 layers=2 ff=256 vocab=65 seq=128 head_dim=16
  Loaded 108481 weight floats (423.8 KB)
  Loaded optimizer state from checkpoint (adam_t=3420)
  LR schedule horizon: 100 total SE (override; this call runs 5 SE)
Loading radix trie from /tmp/shake_60pct_n20_d16_radix...
  Radix trie: 963028 nodes, 5787686 total edge chars, 17 endpoint depths
  Radix loaded: 1614902 counts entries, 7043068 ancestor char entries
  d_split: 635954/963028 nodes have a mass=1 ancestor (mean depth 8.89)
  lr-schedule: warmup-cosine (peak=0.003, warmup_epochs=1)
  optimizer: rmsprop (lr=0.003)
  entropy lambda: 1.000 (branching-endpoint icing enabled)
  mass weighting: log (head-of-edge count restores corpus-frequency exposure)
  curriculum: flat (d=max each epoch)
  max edge_len: 16, max ancestor chars: 15, max KV per node: 31, max endpoint depth: 16
  mass=1 compaction: 5154420 / 5787686 chars are mass=1 (89.1%); cache holds 633266 positions
  loop points: 11243 (mass>1 leaves; 3.4% of 327073 mass>1 nodes)
  KV cache: 324.2 MB unified memory (bf16 compact)
  GPU memory: 2813.5 MB used, 5373.3 MB free, 8186.8 MB total
  64 root-child subtrees: sizes min=1 max=148586 avg=15047.3 (total=963027 radix nodes)
Epoch 1: loss=1.606797  (3.69 sec, 64 subtrees, 156 chunks, 5787686 nodes)
  residual top-10 (subtree_mass × max(avg_loss − 1.607, 0)):
    rc   rootID   mass      avg_loss     score 
    58   899287   109515    1.9945       42463.5
    57   840486   312347    1.6413       10781.4
    60   929348   76040     1.7395       10091.7
    59   922462   33413     1.9015       9845.7
    53   744281   42893     1.7510       6184.3
    5    184920   95961     1.6680       5877.5
    38   294114   238833    1.6260       4582.9
    39   342398   46781     1.6709       2996.6
    43   477273   68221     1.6471       2752.9
    4    179457   25322     1.7130       2688.3
    top-10: 21.3% of mass, 97.0% of excess-loss
Epoch 2: loss=1.585346  (3.73 sec, 64 subtrees, 156 chunks, 5787686 nodes)
  residual top-10 (subtree_mass × max(avg_loss − 1.585, 0)):
    rc   rootID   mass      avg_loss     score 
    58   899287   109515    1.6811       10491.7
    38   294114   238833    1.6198       8225.6
    1    29012    853141    1.5948       8086.9
    5    184920   95961     1.6593       7096.2
    43   477273   68221     1.6380       3589.3
    39   342398   46781     1.6597       3478.7
    53   744281   42893     1.6539       2940.8
    4    179457   25322     1.6978       2848.5
    59   922462   33413     1.6572       2401.7
    45   503205   240495    1.5949       2292.3
    top-10: 35.5% of mass, 89.6% of excess-loss
Epoch 3: loss=1.577863  (3.59 sec, 64 subtrees, 156 chunks, 5787686 nodes)
  residual top-10 (subtree_mass × max(avg_loss − 1.578, 0)):
    rc   rootID   mass      avg_loss     score 
    58   899287   109515    1.6757       10711.6
    38   294114   238833    1.6107       7833.5
    5    184920   95961     1.6468       6617.0
    53   744281   42893     1.6941       4985.4
    39   342398   46781     1.6583       3763.0
    43   477273   68221     1.6276       3391.2
    59   922462   33413     1.6784       3360.4
    60   929348   76040     1.6180       3051.2
    4    179457   25322     1.6847       2704.4
    45   503205   240495    1.5885       2554.8
    top-10: 19.8% of mass, 89.9% of excess-loss
Epoch 4: loss=1.574365  (3.67 sec, 64 subtrees, 156 chunks, 5787686 nodes)
  residual top-10 (subtree_mass × max(avg_loss − 1.574, 0)):
    rc   rootID   mass      avg_loss     score 
    58   899287   109515    1.7102       14880.9
    38   294114   238833    1.6052       7358.6
    5    184920   95961     1.6426       6548.8
    53   744281   42893     1.6912       5009.3
    43   477273   68221     1.6284       3684.9
    39   342398   46781     1.6528       3668.4
    59   922462   33413     1.6774       3443.0
    60   929348   76040     1.6113       2812.0
    4    179457   25322     1.6776       2614.8
    57   840486   312347    1.5821       2401.4
    top-10: 21.3% of mass, 91.2% of excess-loss
Epoch 5: loss=1.568717  (3.61 sec, 64 subtrees, 156 chunks, 5787686 nodes)
  residual top-10 (subtree_mass × max(avg_loss − 1.569, 0)):
    rc   rootID   mass      avg_loss     score 
    58   899287   109515    1.6643       10463.5
    38   294114   238833    1.6010       7714.5
    5    184920   95961     1.6366       6513.8
    53   744281   42893     1.6897       5188.9
    43   477273   68221     1.6336       4424.8
    39   342398   46781     1.6486       3736.3
    59   922462   33413     1.6531       2820.7
    45   503205   240495    1.5804       2799.6
    4    179457   25322     1.6714       2600.3
    60   929348   76040     1.5966       2123.1
    top-10: 19.8% of mass, 90.3% of excess-loss
Saved to /home/trans/Projects/agpt/rnd/streaming-agpt-v1/models/cadence_n20_stage12.model
Done.
  Appended optimizer state to /home/trans/Projects/agpt/rnd/streaming-agpt-v1/models/cadence_n20_stage12.model (adam_t=3740)
