AGPT CUDA Training Engine
  Model: d=64 heads=4 layers=2 ff=256 vocab=65 seq=128 head_dim=16
  Loaded 108481 weight floats (423.8 KB)
  Loaded optimizer state from checkpoint (adam_t=5166)
  LR schedule horizon: 100 total SE (override; this call runs 2 SE)
Loading radix trie from /tmp/shake_84pct_n50_d16_radix...
  Radix trie: 1350445 nodes, 7932760 total edge chars, 17 endpoint depths
  Radix loaded: 2264952 counts entries, 10148822 ancestor char entries
  d_split: 892838/1350445 nodes have a mass=1 ancestor (mean depth 9.09)
  lr-schedule: warmup-cosine (peak=0.003, warmup_epochs=1)
  optimizer: rmsprop (lr=0.003)
  entropy lambda: 1.000 (branching-endpoint icing enabled)
  mass weighting: log (head-of-edge count restores corpus-frequency exposure)
  curriculum: flat (d=max each epoch)
  max edge_len: 16, max ancestor chars: 15, max KV per node: 31, max endpoint depth: 16
  mass=1 compaction: 7060280 / 7932760 chars are mass=1 (89.0%); cache holds 872480 positions
  loop points: 15179 (mass>1 leaves; 3.3% of 457606 mass>1 nodes)
  KV cache: 446.7 MB unified memory (bf16 compact)
  GPU memory: 2836.6 MB used, 5350.2 MB free, 8186.8 MB total
  65 root-child subtrees: sizes min=1 max=207742 avg=20776.1 (total=1350444 radix nodes)
Epoch 1: loss=1.622663  (5.35 sec, 65 subtrees, 198 chunks, 7932760 nodes)
  residual top-10 (subtree_mass × max(avg_loss − 1.623, 0)):
    rc   rootID   mass      avg_loss     score 
    6    259694   137686    1.6792       7789.5
    1    41824    1227939   1.6286       7349.0
    39   410991   344422    1.6428       6935.6
    46   703730   346778    1.6389       5615.0
    40   478698   69096     1.6821       4108.4
    44   667480   99661     1.6616       3876.1
    5    252030   36470     1.6961       2678.0
    41   492807   94747     1.6499       2578.0
    54   1041677  64155     1.6600       2396.6
    61   1302905  110668    1.6382       1714.6
    top-10: 35.6% of mass, 79.6% of excess-loss
Epoch 2: loss=1.620451  (5.09 sec, 65 subtrees, 198 chunks, 7932760 nodes)
  residual top-10 (subtree_mass × max(avg_loss − 1.620, 0)):
    rc   rootID   mass      avg_loss     score 
    1    41824    1227939   1.6267       7622.1
    6    259694   137686    1.6732       7268.3
    39   410991   344422    1.6395       6554.5
    46   703730   346778    1.6372       5798.4
    40   478698   69096     1.6800       4112.2
    44   667480   99661     1.6590       3838.6
    41   492807   94747     1.6474       2556.9
    5    252030   36470     1.6879       2459.4
    54   1041677  64155     1.6578       2397.6
    59   1260454  159425    1.6311       1692.2
    top-10: 36.3% of mass, 78.5% of excess-loss
Saved to /home/trans/Projects/agpt/rnd/streaming-agpt-v1/models/cadence_n50_stage42.model
Done.
  Appended optimizer state to /home/trans/Projects/agpt/rnd/streaming-agpt-v1/models/cadence_n50_stage42.model (adam_t=5296)
