Vocab source: /home/trans/Projects/agpt/data/input.txt → 65 unique chars
Test file: /home/trans/Projects/agpt/data/input.txt (1115394 bytes)
Auto-detected architecture from checkpoint: d_model=64, n_heads=4, n_layers=2, d_ff=256 (ckpt seq_len=128, eval seq_len=16)
Model loaded: /home/trans/Projects/agpt/rnd/streaming-agpt-v1/models/cadence_n5_stage5.model (d_model=64, n_layers=2, vocab=65, seq_len=16)
Tokens: 1115394
  204/4096 (1436.6/s, ETA 3s)
  408/4096 (1474.1/s, ETA 3s)
  612/4096 (1417.1/s, ETA 2s)
  816/4096 (1407.6/s, ETA 2s)
  1020/4096 (1415.2/s, ETA 2s)
  1224/4096 (1391.0/s, ETA 2s)
  1428/4096 (1401.3/s, ETA 2s)
  1632/4096 (1403.3/s, ETA 2s)
  1836/4096 (1405.5/s, ETA 2s)
  2040/4096 (1419.1/s, ETA 1s)
  2244/4096 (1419.0/s, ETA 1s)
  2448/4096 (1383.4/s, ETA 1s)
  2652/4096 (1335.5/s, ETA 1s)
  2856/4096 (1312.8/s, ETA 1s)
  3060/4096 (1294.2/s, ETA 1s)
  3264/4096 (1286.7/s, ETA 1s)
  3468/4096 (1256.7/s, ETA 0s)
  3672/4096 (1267.9/s, ETA 0s)
  3876/4096 (1273.1/s, ETA 0s)
  4080/4096 (1262.6/s, ETA 0s)

Positions scored:  4096
Mean per-token NLL: 1.498175 nats
Perplexity:         4.4735
Bits per character: 2.1614 bpc
Elapsed:            3.2s (1266.3 pos/sec)
