[radix-corpus] corpus: /tmp/shake_8pct_n50.txt (89231 tokens, vocab=65)
[radix-corpus] max_depth=16, output=/tmp/shake_8pct_n50_d16_radix
[radix-corpus] subtree char=0 (3473 positions): emitted 4593 radix nodes  (cum total 4594, max_ep_depth=16, 0.0s)
[radix-corpus] subtree char=1 (13151 positions): emitted 19468 radix nodes  (cum total 24062, max_ep_depth=16, 0.0s)
[radix-corpus] subtree char=2 (171 positions): emitted 243 radix nodes  (cum total 24305, max_ep_depth=16, 0.0s)
[radix-corpus] subtree char=4 (2 positions): emitted 3 radix nodes  (cum total 24308, max_ep_depth=16, 0.0s)
[radix-corpus] subtree char=5 (573 positions): emitted 845 radix nodes  (cum total 25153, max_ep_depth=16, 0.0s)
[radix-corpus] subtree char=6 (1485 positions): emitted 2185 radix nodes  (cum total 27338, max_ep_depth=16, 0.0s)
[radix-corpus] subtree char=7 (180 positions): emitted 258 radix nodes  (cum total 27596, max_ep_depth=16, 0.0s)
[radix-corpus] subtree char=8 (677 positions): emitted 756 radix nodes  (cum total 28352, max_ep_depth=16, 0.0s)
[radix-corpus] subtree char=10 (912 positions): emitted 1349 radix nodes  (cum total 29701, max_ep_depth=16, 0.0s)
[radix-corpus] subtree char=11 (246 positions): emitted 370 radix nodes  (cum total 30071, max_ep_depth=16, 0.0s)
[radix-corpus] subtree char=12 (174 positions): emitted 222 radix nodes  (cum total 30293, max_ep_depth=16, 0.0s)
[radix-corpus] subtree char=13 (496 positions): emitted 722 radix nodes  (cum total 31015, max_ep_depth=16, 0.0s)
[radix-corpus] subtree char=14 (160 positions): emitted 238 radix nodes  (cum total 31253, max_ep_depth=16, 0.0s)
[radix-corpus] subtree char=15 (430 positions): emitted 584 radix nodes  (cum total 31837, max_ep_depth=16, 0.0s)
[radix-corpus] subtree char=16 (35 positions): emitted 49 radix nodes  (cum total 31886, max_ep_depth=16, 0.0s)
[radix-corpus] subtree char=17 (241 positions): emitted 351 radix nodes  (cum total 32237, max_ep_depth=16, 0.0s)
[radix-corpus] subtree char=18 (139 positions): emitted 148 radix nodes  (cum total 32385, max_ep_depth=16, 0.0s)
[radix-corpus] subtree char=19 (44 positions): emitted 66 radix nodes  (cum total 32451, max_ep_depth=16, 0.0s)
[radix-corpus] subtree char=20 (157 positions): emitted 238 radix nodes  (cum total 32689, max_ep_depth=16, 0.0s)
[radix-corpus] subtree char=21 (1063 positions): emitted 1553 radix nodes  (cum total 34242, max_ep_depth=16, 0.0s)
[radix-corpus] subtree char=22 (10 positions): emitted 18 radix nodes  (cum total 34260, max_ep_depth=16, 0.0s)
[radix-corpus] subtree char=23 (4 positions): emitted 7 radix nodes  (cum total 34267, max_ep_depth=16, 0.0s)
[radix-corpus] subtree char=24 (237 positions): emitted 349 radix nodes  (cum total 34616, max_ep_depth=16, 0.0s)
[radix-corpus] subtree char=25 (363 positions): emitted 517 radix nodes  (cum total 35133, max_ep_depth=16, 0.0s)
[radix-corpus] subtree char=26 (504 positions): emitted 747 radix nodes  (cum total 35880, max_ep_depth=16, 0.0s)
[radix-corpus] subtree char=27 (358 positions): emitted 502 radix nodes  (cum total 36382, max_ep_depth=16, 0.0s)
[radix-corpus] subtree char=28 (41 positions): emitted 65 radix nodes  (cum total 36447, max_ep_depth=16, 0.0s)
[radix-corpus] subtree char=29 (1 positions): emitted 1 radix nodes  (cum total 36448, max_ep_depth=16, 0.0s)
[radix-corpus] subtree char=30 (304 positions): emitted 432 radix nodes  (cum total 36880, max_ep_depth=16, 0.0s)
[radix-corpus] subtree char=31 (641 positions): emitted 930 radix nodes  (cum total 37810, max_ep_depth=16, 0.0s)
[radix-corpus] subtree char=32 (532 positions): emitted 785 radix nodes  (cum total 38595, max_ep_depth=16, 0.0s)
[radix-corpus] subtree char=33 (556 positions): emitted 834 radix nodes  (cum total 39429, max_ep_depth=16, 0.0s)
[radix-corpus] subtree char=34 (88 positions): emitted 122 radix nodes  (cum total 39551, max_ep_depth=16, 0.0s)
[radix-corpus] subtree char=35 (293 positions): emitted 428 radix nodes  (cum total 39979, max_ep_depth=16, 0.0s)
[radix-corpus] subtree char=37 (102 positions): emitted 149 radix nodes  (cum total 40128, max_ep_depth=16, 0.0s)
[radix-corpus] subtree char=39 (4215 positions): emitted 6228 radix nodes  (cum total 46356, max_ep_depth=16, 0.0s)
[radix-corpus] subtree char=40 (908 positions): emitted 1332 radix nodes  (cum total 47688, max_ep_depth=16, 0.0s)
[radix-corpus] subtree char=41 (1369 positions): emitted 2007 radix nodes  (cum total 49695, max_ep_depth=16, 0.0s)
[radix-corpus] subtree char=42 (2288 positions): emitted 3361 radix nodes  (cum total 53056, max_ep_depth=16, 0.0s)
[radix-corpus] subtree char=43 (7888 positions): emitted 11530 radix nodes  (cum total 64586, max_ep_depth=16, 0.0s)
[radix-corpus] subtree char=44 (1144 positions): emitted 1675 radix nodes  (cum total 66261, max_ep_depth=16, 0.0s)
[radix-corpus] subtree char=45 (956 positions): emitted 1409 radix nodes  (cum total 67670, max_ep_depth=16, 0.0s)
[radix-corpus] subtree char=46 (4155 positions): emitted 6087 radix nodes  (cum total 73757, max_ep_depth=16, 0.0s)
[radix-corpus] subtree char=47 (3859 positions): emitted 5607 radix nodes  (cum total 79364, max_ep_depth=16, 0.1s)
[radix-corpus] subtree char=48 (23 positions): emitted 37 radix nodes  (cum total 79401, max_ep_depth=16, 0.1s)
[radix-corpus] subtree char=49 (479 positions): emitted 706 radix nodes  (cum total 80107, max_ep_depth=16, 0.1s)
[radix-corpus] subtree char=50 (2562 positions): emitted 3770 radix nodes  (cum total 83877, max_ep_depth=16, 0.1s)
[radix-corpus] subtree char=51 (1641 positions): emitted 2425 radix nodes  (cum total 86302, max_ep_depth=16, 0.1s)
[radix-corpus] subtree char=52 (3816 positions): emitted 5598 radix nodes  (cum total 91900, max_ep_depth=16, 0.1s)
[radix-corpus] subtree char=53 (5470 positions): emitted 8023 radix nodes  (cum total 99923, max_ep_depth=16, 0.1s)
[radix-corpus] subtree char=54 (978 positions): emitted 1464 radix nodes  (cum total 101387, max_ep_depth=16, 0.1s)
[radix-corpus] subtree char=55 (32 positions): emitted 48 radix nodes  (cum total 101435, max_ep_depth=16, 0.1s)
[radix-corpus] subtree char=56 (3898 positions): emitted 5680 radix nodes  (cum total 107115, max_ep_depth=16, 0.1s)
[radix-corpus] subtree char=57 (4077 positions): emitted 5974 radix nodes  (cum total 113089, max_ep_depth=16, 0.1s)
[radix-corpus] subtree char=58 (5499 positions): emitted 8025 radix nodes  (cum total 121114, max_ep_depth=16, 0.1s)
[radix-corpus] subtree char=59 (2459 positions): emitted 3613 radix nodes  (cum total 124727, max_ep_depth=16, 0.1s)
[radix-corpus] subtree char=60 (660 positions): emitted 966 radix nodes  (cum total 125693, max_ep_depth=16, 0.1s)
[radix-corpus] subtree char=61 (1385 positions): emitted 2035 radix nodes  (cum total 127728, max_ep_depth=16, 0.1s)
[radix-corpus] subtree char=62 (23 positions): emitted 34 radix nodes  (cum total 127762, max_ep_depth=16, 0.1s)
[radix-corpus] subtree char=63 (1512 positions): emitted 2238 radix nodes  (cum total 130000, max_ep_depth=16, 0.1s)
[radix-corpus] subtree char=64 (92 positions): emitted 145 radix nodes  (cum total 130145, max_ep_depth=16, 0.1s)
[radix-corpus] done: 130145 radix nodes, 903917 total edge chars, 17 endpoint depths, 0.07s
  radix_count:        130145
  total_edge_chars:   903917
  max_endpoint_depth: 16
