AGPT CUDA Training Engine
  Model: d=64 heads=4 layers=2 ff=256 vocab=65 seq=128 head_dim=16
  Loaded 108481 weight floats (423.8 KB)
  Loaded optimizer state from checkpoint (adam_t=905)
  LR schedule horizon: 100 total SE (override; this call runs 5 SE)
Loading radix trie from /tmp/shake_20pct_n20_d16_radix...
  Radix trie: 323253 nodes, 2104480 total edge chars, 17 endpoint depths
  Radix loaded: 541919 counts entries, 2124456 ancestor char entries
  d_split: 214185/323253 nodes have a mass=1 ancestor (mean depth 8.13)
  lr-schedule: warmup-cosine (peak=0.003, warmup_epochs=1)
  optimizer: rmsprop (lr=0.003)
  entropy lambda: 1.000 (branching-endpoint icing enabled)
  mass weighting: log (head-of-edge count restores corpus-frequency exposure)
  curriculum: flat (d=max each epoch)
  max edge_len: 15, max ancestor chars: 15, max KV per node: 30, max endpoint depth: 16
  mass=1 compaction: 1899088 / 2104480 chars are mass=1 (90.2%); cache holds 205392 positions
  loop points: 3113 (mass>1 leaves; 2.9% of 109067 mass>1 nodes)
  KV cache: 105.2 MB unified memory (bf16 compact)
  GPU memory: 2721.3 MB used, 5465.6 MB free, 8186.8 MB total
  62 root-child subtrees: sizes min=3 max=49107 avg=5213.7 (total=323252 radix nodes)
Epoch 1: loss=1.959690  (1.35 sec, 62 subtrees, 85 chunks, 2104480 nodes)
  residual top-10 (subtree_mass × max(avg_loss − 1.960, 0)):
    rc   rootID   mass      avg_loss     score 
    36   99068    71330     2.1470       13361.5
    28   90561    4637      3.5220       7244.6
    29   91774    8703      2.4096       3915.3
    56   301061   36335     2.0666       3883.8
    37   115069   14005     2.1722       2976.6
    57   309503   10888     2.1422       1986.8
    30   93759    8490      2.1840       1904.3
    31   95681    7404      2.1972       1758.8
    4    60291    8076      2.1584       1604.7
    41   160961   18718     2.0286       1290.7
    top-10: 12.6% of mass, 86.7% of excess-loss
Epoch 2: loss=1.906818  (1.27 sec, 62 subtrees, 85 chunks, 2104480 nodes)
  residual top-10 (subtree_mass × max(avg_loss − 1.907, 0)):
    rc   rootID   mass      avg_loss     score 
    36   99068    71330     2.0676       11465.9
    56   301061   36335     2.1948       10465.5
    37   115069   14005     2.1436       3315.5
    57   309503   10888     2.2003       3195.2
    41   160961   18718     2.0086       1906.1
    4    60291    8076      2.1347       1840.4
    5    62229    28080     1.9681       1720.1
    1    10559    254131    1.9128       1520.1
    58   311963   22734     1.9601       1210.3
    38   118408   21231     1.9580       1087.3
    top-10: 32.5% of mass, 95.3% of excess-loss
Epoch 3: loss=1.840584  (1.30 sec, 62 subtrees, 85 chunks, 2104480 nodes)
  residual top-10 (subtree_mass × max(avg_loss − 1.841, 0)):
    rc   rootID   mass      avg_loss     score 
    1    10559    254131    1.8923       13152.9
    36   99068    71330     1.9470       7594.1
    37   115069   14005     2.0260       2596.7
    5    62229    28080     1.9103       1956.6
    56   301061   36335     1.8913       1844.0
    41   160961   18718     1.9263       1604.6
    4    60291    8076      2.0199       1447.9
    57   309503   10888     1.9647       1351.1
    28   90561    4637      2.0783       1102.5
    39   123287   40145     1.8544       553.8 
    top-10: 32.5% of mass, 94.8% of excess-loss
Epoch 4: loss=1.830173  (1.30 sec, 62 subtrees, 85 chunks, 2104480 nodes)
  residual top-10 (subtree_mass × max(avg_loss − 1.830, 0)):
    rc   rootID   mass      avg_loss     score 
    56   301061   36335     2.0483       7926.8
    36   99068    71330     1.9321       7270.5
    5    62229    28080     1.9423       3149.9
    57   309503   10888     2.1184       3138.5
    37   115069   14005     2.0023       2410.9
    4    60291    8076      2.0999       2178.6
    1    10559    254131    1.8386       2142.9
    41   160961   18718     1.9067       1432.2
    2    59666    2611      2.3030       1234.4
    58   311963   22734     1.8781       1088.6
    top-10: 31.2% of mass, 94.5% of excess-loss
Epoch 5: loss=1.813938  (1.35 sec, 62 subtrees, 85 chunks, 2104480 nodes)
  residual top-10 (subtree_mass × max(avg_loss − 1.814, 0)):
    rc   rootID   mass      avg_loss     score 
    56   301061   36335     2.0386       8163.3
    36   99068    71330     1.9207       7618.4
    37   115069   14005     2.0620       3474.8
    57   309503   10888     2.1169       3298.3
    1    10559    254131    1.8247       2723.9
    5    62229    28080     1.8818       1905.1
    41   160961   18718     1.8875       1376.0
    4    60291    8076      1.9793       1335.3
    28   90561    4637      2.0564       1124.2
    38   118408   21231     1.8568       909.0 
    top-10: 31.3% of mass, 93.0% of excess-loss
Saved to /home/trans/Projects/agpt/rnd/streaming-agpt-v1/models/cadence_n20_stage4.model
Done.
  Appended optimizer state to /home/trans/Projects/agpt/rnd/streaming-agpt-v1/models/cadence_n20_stage4.model (adam_t=1215)
