[radix-corpus] corpus: /tmp/shake_82pct_n50.txt (914623 tokens, vocab=65)
[radix-corpus] max_depth=16, output=/tmp/shake_82pct_n50_d16_radix
[radix-corpus] subtree char=0 (32283 positions): emitted 40805 radix nodes  (cum total 40806, max_ep_depth=16, 0.0s)
[radix-corpus] subtree char=1 (139608 positions): emitted 202994 radix nodes  (cum total 243800, max_ep_depth=16, 0.2s)
[radix-corpus] subtree char=2 (1768 positions): emitted 2417 radix nodes  (cum total 246217, max_ep_depth=16, 0.2s)
[radix-corpus] subtree char=3 (1 positions): emitted 1 radix nodes  (cum total 246218, max_ep_depth=16, 0.2s)
[radix-corpus] subtree char=4 (3 positions): emitted 5 radix nodes  (cum total 246223, max_ep_depth=16, 0.2s)
[radix-corpus] subtree char=5 (5121 positions): emitted 7545 radix nodes  (cum total 253768, max_ep_depth=16, 0.2s)
[radix-corpus] subtree char=6 (16201 positions): emitted 23565 radix nodes  (cum total 277333, max_ep_depth=16, 0.2s)
[radix-corpus] subtree char=7 (1586 positions): emitted 2321 radix nodes  (cum total 279654, max_ep_depth=16, 0.2s)
[radix-corpus] subtree char=8 (6270 positions): emitted 6424 radix nodes  (cum total 286078, max_ep_depth=16, 0.2s)
[radix-corpus] subtree char=9 (27 positions): emitted 1 radix nodes  (cum total 286079, max_ep_depth=16, 0.2s)
[radix-corpus] subtree char=10 (8176 positions): emitted 11827 radix nodes  (cum total 297906, max_ep_depth=16, 0.3s)
[radix-corpus] subtree char=11 (2942 positions): emitted 4350 radix nodes  (cum total 302256, max_ep_depth=16, 0.3s)
[radix-corpus] subtree char=12 (1963 positions): emitted 2421 radix nodes  (cum total 304677, max_ep_depth=16, 0.3s)
[radix-corpus] subtree char=13 (6009 positions): emitted 8756 radix nodes  (cum total 313433, max_ep_depth=16, 0.3s)
[radix-corpus] subtree char=14 (2196 positions): emitted 3127 radix nodes  (cum total 316560, max_ep_depth=16, 0.3s)
[radix-corpus] subtree char=15 (3147 positions): emitted 4266 radix nodes  (cum total 320826, max_ep_depth=16, 0.3s)
[radix-corpus] subtree char=16 (1771 positions): emitted 2241 radix nodes  (cum total 323067, max_ep_depth=16, 0.3s)
[radix-corpus] subtree char=17 (5066 positions): emitted 6707 radix nodes  (cum total 329774, max_ep_depth=16, 0.3s)
[radix-corpus] subtree char=18 (1586 positions): emitted 2036 radix nodes  (cum total 331810, max_ep_depth=16, 0.3s)
[radix-corpus] subtree char=19 (2069 positions): emitted 2505 radix nodes  (cum total 334315, max_ep_depth=16, 0.3s)
[radix-corpus] subtree char=20 (2442 positions): emitted 3294 radix nodes  (cum total 337609, max_ep_depth=16, 0.3s)
[radix-corpus] subtree char=21 (9239 positions): emitted 12758 radix nodes  (cum total 350367, max_ep_depth=16, 0.3s)
[radix-corpus] subtree char=22 (302 positions): emitted 420 radix nodes  (cum total 350787, max_ep_depth=16, 0.3s)
[radix-corpus] subtree char=23 (1255 positions): emitted 1094 radix nodes  (cum total 351881, max_ep_depth=16, 0.3s)
[radix-corpus] subtree char=24 (3305 positions): emitted 4634 radix nodes  (cum total 356515, max_ep_depth=16, 0.3s)
[radix-corpus] subtree char=25 (2426 positions): emitted 3422 radix nodes  (cum total 359937, max_ep_depth=16, 0.3s)
[radix-corpus] subtree char=26 (3890 positions): emitted 4890 radix nodes  (cum total 364827, max_ep_depth=16, 0.3s)
[radix-corpus] subtree char=27 (4077 positions): emitted 5761 radix nodes  (cum total 370588, max_ep_depth=16, 0.3s)
[radix-corpus] subtree char=28 (1010 positions): emitted 1415 radix nodes  (cum total 372003, max_ep_depth=16, 0.3s)
[radix-corpus] subtree char=29 (229 positions): emitted 60 radix nodes  (cum total 372063, max_ep_depth=16, 0.3s)
[radix-corpus] subtree char=30 (4011 positions): emitted 5374 radix nodes  (cum total 377437, max_ep_depth=16, 0.3s)
[radix-corpus] subtree char=31 (3718 positions): emitted 5101 radix nodes  (cum total 382538, max_ep_depth=16, 0.3s)
[radix-corpus] subtree char=32 (5405 positions): emitted 7792 radix nodes  (cum total 390330, max_ep_depth=16, 0.3s)
[radix-corpus] subtree char=33 (2778 positions): emitted 3462 radix nodes  (cum total 393792, max_ep_depth=16, 0.3s)
[radix-corpus] subtree char=34 (592 positions): emitted 847 radix nodes  (cum total 394639, max_ep_depth=16, 0.3s)
[radix-corpus] subtree char=35 (3033 positions): emitted 4407 radix nodes  (cum total 399046, max_ep_depth=16, 0.3s)
[radix-corpus] subtree char=36 (111 positions): emitted 163 radix nodes  (cum total 399209, max_ep_depth=16, 0.3s)
[radix-corpus] subtree char=37 (1553 positions): emitted 2127 radix nodes  (cum total 401336, max_ep_depth=16, 0.3s)
[radix-corpus] subtree char=38 (161 positions): emitted 225 radix nodes  (cum total 401561, max_ep_depth=16, 0.3s)
[radix-corpus] subtree char=39 (45166 positions): emitted 66071 radix nodes  (cum total 467632, max_ep_depth=16, 0.4s)
[radix-corpus] subtree char=40 (9373 positions): emitted 13794 radix nodes  (cum total 481426, max_ep_depth=16, 0.4s)
[radix-corpus] subtree char=41 (12844 positions): emitted 18706 radix nodes  (cum total 500132, max_ep_depth=16, 0.4s)
[radix-corpus] subtree char=42 (25922 positions): emitted 37895 radix nodes  (cum total 538027, max_ep_depth=16, 0.4s)
[radix-corpus] subtree char=43 (78097 positions): emitted 114021 radix nodes  (cum total 652048, max_ep_depth=16, 0.5s)
[radix-corpus] subtree char=44 (13079 positions): emitted 19226 radix nodes  (cum total 671274, max_ep_depth=16, 0.5s)
[radix-corpus] subtree char=45 (11115 positions): emitted 16171 radix nodes  (cum total 687445, max_ep_depth=16, 0.5s)
[radix-corpus] subtree char=46 (42542 positions): emitted 62264 radix nodes  (cum total 749709, max_ep_depth=16, 0.5s)
[radix-corpus] subtree char=47 (37180 positions): emitted 54021 radix nodes  (cum total 803730, max_ep_depth=16, 0.6s)
[radix-corpus] subtree char=48 (527 positions): emitted 772 radix nodes  (cum total 804502, max_ep_depth=16, 0.6s)
[radix-corpus] subtree char=49 (5827 positions): emitted 8436 radix nodes  (cum total 812938, max_ep_depth=16, 0.6s)
[radix-corpus] subtree char=50 (27571 positions): emitted 40337 radix nodes  (cum total 853275, max_ep_depth=16, 0.6s)
[radix-corpus] subtree char=51 (18089 positions): emitted 26445 radix nodes  (cum total 879720, max_ep_depth=16, 0.6s)
[radix-corpus] subtree char=52 (39965 positions): emitted 58558 radix nodes  (cum total 938278, max_ep_depth=16, 0.7s)
[radix-corpus] subtree char=53 (54077 positions): emitted 79150 radix nodes  (cum total 1017428, max_ep_depth=16, 0.7s)
[radix-corpus] subtree char=54 (8942 positions): emitted 13206 radix nodes  (cum total 1030634, max_ep_depth=16, 0.7s)
[radix-corpus] subtree char=55 (522 positions): emitted 752 radix nodes  (cum total 1031386, max_ep_depth=16, 0.7s)
[radix-corpus] subtree char=56 (40220 positions): emitted 58638 radix nodes  (cum total 1090024, max_ep_depth=16, 0.7s)
[radix-corpus] subtree char=57 (40865 positions): emitted 59945 radix nodes  (cum total 1149969, max_ep_depth=16, 0.8s)
[radix-corpus] subtree char=58 (55290 positions): emitted 81082 radix nodes  (cum total 1231051, max_ep_depth=16, 0.9s)
[radix-corpus] subtree char=59 (21803 positions): emitted 31932 radix nodes  (cum total 1262983, max_ep_depth=16, 0.9s)
[radix-corpus] subtree char=60 (6401 positions): emitted 9425 radix nodes  (cum total 1272408, max_ep_depth=16, 0.9s)
[radix-corpus] subtree char=61 (14430 positions): emitted 21011 radix nodes  (cum total 1293419, max_ep_depth=16, 0.9s)
[radix-corpus] subtree char=62 (440 positions): emitted 668 radix nodes  (cum total 1294087, max_ep_depth=16, 0.9s)
[radix-corpus] subtree char=63 (16702 positions): emitted 24293 radix nodes  (cum total 1318380, max_ep_depth=16, 0.9s)
[radix-corpus] subtree char=64 (304 positions): emitted 449 radix nodes  (cum total 1318829, max_ep_depth=16, 0.9s)
[radix-corpus] done: 1318829 radix nodes, 7760357 total edge chars, 17 endpoint depths, 0.91s
  radix_count:        1318829
  total_edge_chars:   7760357
  max_endpoint_depth: 16
