AGPT CUDA Training Engine
  Model: d=64 heads=4 layers=2 ff=256 vocab=65 seq=128 head_dim=16
  Loaded 108481 weight floats (423.8 KB)
  Loaded optimizer state from checkpoint (adam_t=5570)
  LR schedule horizon: 200 total SE (override; this call runs 10 SE)
Loading radix trie from /tmp/shake_50pct_n20_se10_d16_radix...
  Radix trie: 803121 nodes, 4907729 total edge chars, 17 endpoint depths
  Radix loaded: 1346509 counts entries, 5751893 ancestor char entries
  d_split: 530573/803121 nodes have a mass=1 ancestor (mean depth 8.74)
  lr-schedule: warmup-cosine (peak=0.003, warmup_epochs=1)
  optimizer: rmsprop (lr=0.003)
  entropy lambda: 1.000 (branching-endpoint icing enabled)
  mass weighting: log (head-of-edge count restores corpus-frequency exposure)
  curriculum: flat (d=max each epoch)
  max edge_len: 15, max ancestor chars: 15, max KV per node: 30, max endpoint depth: 16
  mass=1 compaction: 4383423 / 4907729 chars are mass=1 (89.3%); cache holds 524306 positions
  loop points: 9066 (mass>1 leaves; 3.3% of 272547 mass>1 nodes)
  KV cache: 268.4 MB unified memory (bf16 compact)
  GPU memory: 2750.3 MB used, 5436.5 MB free, 8186.8 MB total
  63 root-child subtrees: sizes min=3 max=123834 avg=12747.9 (total=803120 radix nodes)
Epoch 1: loss=1.618578  (3.10 sec, 63 subtrees, 140 chunks, 4907729 nodes)
  residual top-10 (subtree_mass × max(avg_loss − 1.619, 0)):
    rc   rootID   mass      avg_loss     score 
    57   749696   91098     1.9695       31969.6
    42   398214   54424     2.1034       26384.0
    56   700770   255256    1.6623       11149.1
    52   620778   35632     1.9164       10613.8
    5    154401   78691     1.7055       6838.0
    38   285778   38576     1.7244       4080.3
    58   769285   28109     1.7445       3540.7
    4    149809   20764     1.7884       3526.3
    43   409509   46102     1.6930       3432.4
    37   245502   195308    1.6355       3303.3
    top-10: 20.9% of mass, 94.4% of excess-loss
Epoch 2: loss=1.589167  (3.01 sec, 63 subtrees, 140 chunks, 4907729 nodes)
  residual top-10 (subtree_mass × max(avg_loss − 1.589, 0)):
    rc   rootID   mass      avg_loss     score 
    57   749696   91098     1.7990       19114.8
    56   700770   255256    1.6451       14279.8
    42   398214   54424     1.7418       8306.5
    37   245502   195308    1.6269       7364.1
    5    154401   78691     1.6668       6110.7
    52   620778   35632     1.7108       4333.8
    38   285778   38576     1.6685       3059.2
    4    149809   20764     1.7002       2306.2
    59   775143   60954     1.6266       2283.4
    58   769285   28109     1.6644       2114.4
    top-10: 21.2% of mass, 96.8% of excess-loss
Epoch 3: loss=1.586332  (3.02 sec, 63 subtrees, 140 chunks, 4907729 nodes)
  residual top-10 (subtree_mass × max(avg_loss − 1.586, 0)):
    rc   rootID   mass      avg_loss     score 
    57   749696   91098     1.8857       27273.2
    42   398214   54424     1.7635       9642.4
    37   245502   195308    1.6214       6854.8
    52   620778   35632     1.7410       5511.2
    5    154401   78691     1.6500       5006.9
    58   769285   28109     1.7370       4235.7
    56   700770   255256    1.6011       3779.7
    59   775143   60954     1.6450       3576.1
    38   285778   38576     1.6756       3442.3
    4    149809   20764     1.6879       2109.3
    top-10: 21.2% of mass, 97.8% of excess-loss
Epoch 4: loss=1.579358  (3.02 sec, 63 subtrees, 140 chunks, 4907729 nodes)
  residual top-10 (subtree_mass × max(avg_loss − 1.579, 0)):
    rc   rootID   mass      avg_loss     score 
    57   749696   91098     1.8376       23522.8
    5    154401   78691     1.6795       7878.2
    42   398214   54424     1.7176       7522.8
    37   245502   195308    1.6175       7450.2
    58   769285   28109     1.7975       6132.8
    59   775143   60954     1.6561       4678.3
    52   620778   35632     1.6929       4044.0
    38   285778   38576     1.6694       3475.0
    4    149809   20764     1.7258       3040.5
    56   700770   255256    1.5901       2753.5
    top-10: 21.2% of mass, 97.2% of excess-loss
Epoch 5: loss=1.564764  (3.01 sec, 63 subtrees, 140 chunks, 4907729 nodes)
  residual top-10 (subtree_mass × max(avg_loss − 1.565, 0)):
    rc   rootID   mass      avg_loss     score 
    57   749696   91098     1.6764       10173.3
    42   398214   54424     1.7203       8463.9
    37   245502   195308    1.6077       8382.5
    5    154401   78691     1.6400       5916.8
    52   620778   35632     1.7236       5661.2
    38   285778   38576     1.6565       3537.3
    4    149809   20764     1.6774       2339.5
    58   769285   28109     1.6355       1987.8
    44   419580   195315    1.5744       1875.2
    39   294114   53743     1.5948       1612.7
    top-10: 19.6% of mass, 94.7% of excess-loss
Epoch 6: loss=1.572506  (3.01 sec, 63 subtrees, 140 chunks, 4907729 nodes)
  residual top-10 (subtree_mass × max(avg_loss − 1.573, 0)):
    rc   rootID   mass      avg_loss     score 
    57   749696   91098     1.8361       24015.6
    42   398214   54424     1.7533       9837.3
    52   620778   35632     1.7651       6861.3
    37   245502   195308    1.6056       6469.1
    5    154401   78691     1.6437       5599.8
    56   700770   255256    1.5910       4720.5
    59   775143   60954     1.6454       4444.1
    58   769285   28109     1.7030       3667.0
    38   285778   38576     1.6646       3552.1
    4    149809   20764     1.6904       2447.2
    top-10: 21.2% of mass, 94.1% of excess-loss
Epoch 7: loss=1.575020  (3.02 sec, 63 subtrees, 140 chunks, 4907729 nodes)
  residual top-10 (subtree_mass × max(avg_loss − 1.575, 0)):
    rc   rootID   mass      avg_loss     score 
    57   749696   91098     1.7578       16650.7
    42   398214   54424     1.7297       8419.7
    37   245502   195308    1.6176       8313.9
    5    154401   78691     1.6511       5986.7
    52   620778   35632     1.6942       4245.5
    58   769285   28109     1.7241       4191.4
    38   285778   38576     1.6748       3850.6
    59   775143   60954     1.6285       3257.7
    4    149809   20764     1.6812       2205.3
    39   294114   53743     1.6048       1603.0
    top-10: 16.3% of mass, 93.8% of excess-loss
Epoch 8: loss=1.561986  (3.02 sec, 63 subtrees, 140 chunks, 4907729 nodes)
  residual top-10 (subtree_mass × max(avg_loss − 1.562, 0)):
    rc   rootID   mass      avg_loss     score 
    57   749696   91098     1.6944       12066.5
    37   245502   195308    1.6068       8756.9
    42   398214   54424     1.6957       7274.9
    5    154401   78691     1.6443       6475.6
    52   620778   35632     1.6732       3964.4
    38   285778   38576     1.6570       3664.8
    4    149809   20764     1.6854       2561.8
    56   700770   255256    1.5709       2285.4
    58   769285   28109     1.6338       2019.5
    44   419580   195315    1.5720       1950.1
    top-10: 24.6% of mass, 91.1% of excess-loss
Epoch 9: loss=1.565441  (3.02 sec, 63 subtrees, 140 chunks, 4907729 nodes)
  residual top-10 (subtree_mass × max(avg_loss − 1.565, 0)):
    rc   rootID   mass      avg_loss     score 
    57   749696   91098     1.8153       22761.1
    42   398214   54424     1.7031       7493.4
    37   245502   195308    1.6025       7238.5
    5    154401   78691     1.6371       5639.3
    58   769285   28109     1.7503       5194.9
    59   775143   60954     1.6469       4964.0
    52   620778   35632     1.6939       4577.9
    38   285778   38576     1.6639       3798.6
    56   700770   255256    1.5788       3416.9
    4    149809   20764     1.6739       2252.4
    top-10: 21.2% of mass, 95.8% of excess-loss
Epoch 10: loss=1.585005  (3.02 sec, 63 subtrees, 140 chunks, 4907729 nodes)
  residual top-10 (subtree_mass × max(avg_loss − 1.585, 0)):
    rc   rootID   mass      avg_loss     score 
    57   749696   91098     2.1390       50469.2
    56   700770   255256    1.6726       22358.4
    59   775143   60954     1.7390       9385.4
    58   769285   28109     1.9072       9057.7
    42   398214   54424     1.6976       6125.9
    52   620778   35632     1.7434       5643.9
    5    154401   78691     1.6269       3295.4
    37   245502   195308    1.6002       2960.7
    38   285778   38576     1.6526       2608.7
    55   664579   176575    1.5995       2552.3
    top-10: 25.1% of mass, 97.1% of excess-loss
Saved to /home/trans/Projects/agpt/rnd/streaming-agpt-v1/models/cadence_n20_se10_stage10.model
Done.
  Appended optimizer state to /home/trans/Projects/agpt/rnd/streaming-agpt-v1/models/cadence_n20_se10_stage10.model (adam_t=6200)
