[radix-corpus] corpus: /tmp/shake_25pct_n20.txt (278848 tokens, vocab=65)
[radix-corpus] max_depth=16, output=/tmp/shake_25pct_n20_d16_radix
[radix-corpus] subtree char=0 (10347 positions): emitted 12876 radix nodes  (cum total 12877, max_ep_depth=16, 0.0s)
[radix-corpus] subtree char=1 (41745 positions): emitted 61348 radix nodes  (cum total 74225, max_ep_depth=16, 0.0s)
[radix-corpus] subtree char=2 (565 positions): emitted 743 radix nodes  (cum total 74968, max_ep_depth=16, 0.0s)
[radix-corpus] subtree char=4 (2 positions): emitted 3 radix nodes  (cum total 74971, max_ep_depth=16, 0.0s)
[radix-corpus] subtree char=5 (1589 positions): emitted 2334 radix nodes  (cum total 77305, max_ep_depth=16, 0.1s)
[radix-corpus] subtree char=6 (4892 positions): emitted 7154 radix nodes  (cum total 84459, max_ep_depth=16, 0.1s)
[radix-corpus] subtree char=7 (477 positions): emitted 680 radix nodes  (cum total 85139, max_ep_depth=16, 0.1s)
[radix-corpus] subtree char=8 (2008 positions): emitted 1924 radix nodes  (cum total 87063, max_ep_depth=16, 0.1s)
[radix-corpus] subtree char=10 (2656 positions): emitted 3893 radix nodes  (cum total 90956, max_ep_depth=16, 0.1s)
[radix-corpus] subtree char=11 (827 positions): emitted 1239 radix nodes  (cum total 92195, max_ep_depth=16, 0.1s)
[radix-corpus] subtree char=12 (564 positions): emitted 666 radix nodes  (cum total 92861, max_ep_depth=16, 0.1s)
[radix-corpus] subtree char=13 (1786 positions): emitted 2625 radix nodes  (cum total 95486, max_ep_depth=16, 0.1s)
[radix-corpus] subtree char=14 (682 positions): emitted 976 radix nodes  (cum total 96462, max_ep_depth=16, 0.1s)
[radix-corpus] subtree char=15 (1265 positions): emitted 1690 radix nodes  (cum total 98152, max_ep_depth=16, 0.1s)
[radix-corpus] subtree char=16 (368 positions): emitted 486 radix nodes  (cum total 98638, max_ep_depth=16, 0.1s)
[radix-corpus] subtree char=17 (1403 positions): emitted 1917 radix nodes  (cum total 100555, max_ep_depth=16, 0.1s)
[radix-corpus] subtree char=18 (468 positions): emitted 536 radix nodes  (cum total 101091, max_ep_depth=16, 0.1s)
[radix-corpus] subtree char=19 (629 positions): emitted 824 radix nodes  (cum total 101915, max_ep_depth=16, 0.1s)
[radix-corpus] subtree char=20 (714 positions): emitted 1032 radix nodes  (cum total 102947, max_ep_depth=16, 0.1s)
[radix-corpus] subtree char=21 (2962 positions): emitted 4260 radix nodes  (cum total 107207, max_ep_depth=16, 0.1s)
[radix-corpus] subtree char=22 (26 positions): emitted 42 radix nodes  (cum total 107249, max_ep_depth=16, 0.1s)
[radix-corpus] subtree char=23 (231 positions): emitted 269 radix nodes  (cum total 107518, max_ep_depth=16, 0.1s)
[radix-corpus] subtree char=24 (828 positions): emitted 1153 radix nodes  (cum total 108671, max_ep_depth=16, 0.1s)
[radix-corpus] subtree char=25 (919 positions): emitted 1299 radix nodes  (cum total 109970, max_ep_depth=16, 0.1s)
[radix-corpus] subtree char=26 (1357 positions): emitted 1895 radix nodes  (cum total 111865, max_ep_depth=16, 0.1s)
[radix-corpus] subtree char=27 (1025 positions): emitted 1465 radix nodes  (cum total 113330, max_ep_depth=16, 0.1s)
[radix-corpus] subtree char=28 (160 positions): emitted 216 radix nodes  (cum total 113546, max_ep_depth=16, 0.1s)
[radix-corpus] subtree char=29 (83 positions): emitted 7 radix nodes  (cum total 113553, max_ep_depth=16, 0.1s)
[radix-corpus] subtree char=30 (1143 positions): emitted 1631 radix nodes  (cum total 115184, max_ep_depth=16, 0.1s)
[radix-corpus] subtree char=31 (1692 positions): emitted 2316 radix nodes  (cum total 117500, max_ep_depth=16, 0.1s)
[radix-corpus] subtree char=32 (1749 positions): emitted 2533 radix nodes  (cum total 120033, max_ep_depth=16, 0.1s)
[radix-corpus] subtree char=33 (1330 positions): emitted 1767 radix nodes  (cum total 121800, max_ep_depth=16, 0.1s)
[radix-corpus] subtree char=34 (193 positions): emitted 279 radix nodes  (cum total 122079, max_ep_depth=16, 0.1s)
[radix-corpus] subtree char=35 (871 positions): emitted 1281 radix nodes  (cum total 123360, max_ep_depth=16, 0.1s)
[radix-corpus] subtree char=37 (454 positions): emitted 669 radix nodes  (cum total 124029, max_ep_depth=16, 0.1s)
[radix-corpus] subtree char=38 (51 positions): emitted 76 radix nodes  (cum total 124105, max_ep_depth=16, 0.1s)
[radix-corpus] subtree char=39 (13403 positions): emitted 19708 radix nodes  (cum total 143813, max_ep_depth=16, 0.1s)
[radix-corpus] subtree char=40 (2792 positions): emitted 4116 radix nodes  (cum total 147929, max_ep_depth=16, 0.1s)
[radix-corpus] subtree char=41 (4185 positions): emitted 6091 radix nodes  (cum total 154020, max_ep_depth=16, 0.1s)
[radix-corpus] subtree char=42 (8023 positions): emitted 11726 radix nodes  (cum total 165746, max_ep_depth=16, 0.1s)
[radix-corpus] subtree char=43 (24148 positions): emitted 35317 radix nodes  (cum total 201063, max_ep_depth=16, 0.1s)
[radix-corpus] subtree char=44 (3642 positions): emitted 5368 radix nodes  (cum total 206431, max_ep_depth=16, 0.1s)
[radix-corpus] subtree char=45 (3181 positions): emitted 4644 radix nodes  (cum total 211075, max_ep_depth=16, 0.1s)
[radix-corpus] subtree char=46 (12762 positions): emitted 18721 radix nodes  (cum total 229796, max_ep_depth=16, 0.1s)
[radix-corpus] subtree char=47 (11438 positions): emitted 16546 radix nodes  (cum total 246342, max_ep_depth=16, 0.1s)
[radix-corpus] subtree char=48 (135 positions): emitted 205 radix nodes  (cum total 246547, max_ep_depth=16, 0.1s)
[radix-corpus] subtree char=49 (1645 positions): emitted 2397 radix nodes  (cum total 248944, max_ep_depth=16, 0.1s)
[radix-corpus] subtree char=50 (8235 positions): emitted 12013 radix nodes  (cum total 260957, max_ep_depth=16, 0.1s)
[radix-corpus] subtree char=51 (5529 positions): emitted 8081 radix nodes  (cum total 269038, max_ep_depth=16, 0.1s)
[radix-corpus] subtree char=52 (12047 positions): emitted 17647 radix nodes  (cum total 286685, max_ep_depth=16, 0.1s)
[radix-corpus] subtree char=53 (16710 positions): emitted 24436 radix nodes  (cum total 311121, max_ep_depth=16, 0.2s)
[radix-corpus] subtree char=54 (2781 positions): emitted 4159 radix nodes  (cum total 315280, max_ep_depth=16, 0.2s)
[radix-corpus] subtree char=55 (139 positions): emitted 202 radix nodes  (cum total 315482, max_ep_depth=16, 0.2s)
[radix-corpus] subtree char=56 (12312 positions): emitted 17915 radix nodes  (cum total 333397, max_ep_depth=16, 0.2s)
[radix-corpus] subtree char=57 (12230 positions): emitted 17889 radix nodes  (cum total 351286, max_ep_depth=16, 0.2s)
[radix-corpus] subtree char=58 (16616 positions): emitted 24344 radix nodes  (cum total 375630, max_ep_depth=16, 0.2s)
[radix-corpus] subtree char=59 (7065 positions): emitted 10342 radix nodes  (cum total 385972, max_ep_depth=16, 0.2s)
[radix-corpus] subtree char=60 (2033 positions): emitted 2976 radix nodes  (cum total 388948, max_ep_depth=16, 0.2s)
[radix-corpus] subtree char=61 (4299 positions): emitted 6272 radix nodes  (cum total 395220, max_ep_depth=16, 0.2s)
[radix-corpus] subtree char=62 (117 positions): emitted 179 radix nodes  (cum total 395399, max_ep_depth=16, 0.2s)
[radix-corpus] subtree char=63 (5145 positions): emitted 7494 radix nodes  (cum total 402893, max_ep_depth=16, 0.2s)
[radix-corpus] subtree char=64 (175 positions): emitted 263 radix nodes  (cum total 403156, max_ep_depth=16, 0.2s)
[radix-corpus] done: 403156 radix nodes, 2576581 total edge chars, 17 endpoint depths, 0.2s
  radix_count:        403156
  total_edge_chars:   2576581
  max_endpoint_depth: 16
