[radix-corpus] corpus: /tmp/shake_10pct_n10.txt (111539 tokens, vocab=65)
[radix-corpus] max_depth=16, output=/tmp/shake_10pct_n10_d16_radix
[radix-corpus] subtree char=0 (4374 positions): emitted 5760 radix nodes  (cum total 5761, max_ep_depth=16, 0.0s)
[radix-corpus] subtree char=1 (16421 positions): emitted 24310 radix nodes  (cum total 30071, max_ep_depth=16, 0.0s)
[radix-corpus] subtree char=2 (227 positions): emitted 314 radix nodes  (cum total 30385, max_ep_depth=16, 0.0s)
[radix-corpus] subtree char=4 (2 positions): emitted 3 radix nodes  (cum total 30388, max_ep_depth=16, 0.0s)
[radix-corpus] subtree char=5 (723 positions): emitted 1062 radix nodes  (cum total 31450, max_ep_depth=16, 0.0s)
[radix-corpus] subtree char=6 (1851 positions): emitted 2733 radix nodes  (cum total 34183, max_ep_depth=16, 0.0s)
[radix-corpus] subtree char=7 (217 positions): emitted 305 radix nodes  (cum total 34488, max_ep_depth=16, 0.0s)
[radix-corpus] subtree char=8 (856 positions): emitted 946 radix nodes  (cum total 35434, max_ep_depth=16, 0.0s)
[radix-corpus] subtree char=10 (1157 positions): emitted 1703 radix nodes  (cum total 37137, max_ep_depth=16, 0.0s)
[radix-corpus] subtree char=11 (309 positions): emitted 466 radix nodes  (cum total 37603, max_ep_depth=16, 0.0s)
[radix-corpus] subtree char=12 (230 positions): emitted 290 radix nodes  (cum total 37893, max_ep_depth=16, 0.0s)
[radix-corpus] subtree char=13 (655 positions): emitted 970 radix nodes  (cum total 38863, max_ep_depth=16, 0.0s)
[radix-corpus] subtree char=14 (194 positions): emitted 289 radix nodes  (cum total 39152, max_ep_depth=16, 0.0s)
[radix-corpus] subtree char=15 (540 positions): emitted 716 radix nodes  (cum total 39868, max_ep_depth=16, 0.0s)
[radix-corpus] subtree char=16 (52 positions): emitted 77 radix nodes  (cum total 39945, max_ep_depth=16, 0.0s)
[radix-corpus] subtree char=17 (280 positions): emitted 397 radix nodes  (cum total 40342, max_ep_depth=16, 0.0s)
[radix-corpus] subtree char=18 (166 positions): emitted 191 radix nodes  (cum total 40533, max_ep_depth=16, 0.0s)
[radix-corpus] subtree char=19 (55 positions): emitted 81 radix nodes  (cum total 40614, max_ep_depth=16, 0.0s)
[radix-corpus] subtree char=20 (189 positions): emitted 283 radix nodes  (cum total 40897, max_ep_depth=16, 0.0s)
[radix-corpus] subtree char=21 (1364 positions): emitted 1991 radix nodes  (cum total 42888, max_ep_depth=16, 0.0s)
[radix-corpus] subtree char=22 (12 positions): emitted 21 radix nodes  (cum total 42909, max_ep_depth=16, 0.0s)
[radix-corpus] subtree char=23 (7 positions): emitted 11 radix nodes  (cum total 42920, max_ep_depth=16, 0.0s)
[radix-corpus] subtree char=24 (314 positions): emitted 457 radix nodes  (cum total 43377, max_ep_depth=16, 0.0s)
[radix-corpus] subtree char=25 (424 positions): emitted 599 radix nodes  (cum total 43976, max_ep_depth=16, 0.0s)
[radix-corpus] subtree char=26 (630 positions): emitted 928 radix nodes  (cum total 44904, max_ep_depth=16, 0.0s)
[radix-corpus] subtree char=27 (488 positions): emitted 680 radix nodes  (cum total 45584, max_ep_depth=16, 0.0s)
[radix-corpus] subtree char=28 (53 positions): emitted 82 radix nodes  (cum total 45666, max_ep_depth=16, 0.0s)
[radix-corpus] subtree char=29 (1 positions): emitted 1 radix nodes  (cum total 45667, max_ep_depth=16, 0.0s)
[radix-corpus] subtree char=30 (396 positions): emitted 563 radix nodes  (cum total 46230, max_ep_depth=16, 0.0s)
[radix-corpus] subtree char=31 (823 positions): emitted 1177 radix nodes  (cum total 47407, max_ep_depth=16, 0.0s)
[radix-corpus] subtree char=32 (653 positions): emitted 950 radix nodes  (cum total 48357, max_ep_depth=16, 0.0s)
[radix-corpus] subtree char=33 (700 positions): emitted 1042 radix nodes  (cum total 49399, max_ep_depth=16, 0.0s)
[radix-corpus] subtree char=34 (117 positions): emitted 166 radix nodes  (cum total 49565, max_ep_depth=16, 0.0s)
[radix-corpus] subtree char=35 (368 positions): emitted 534 radix nodes  (cum total 50099, max_ep_depth=16, 0.0s)
[radix-corpus] subtree char=37 (119 positions): emitted 174 radix nodes  (cum total 50273, max_ep_depth=16, 0.0s)
[radix-corpus] subtree char=39 (5331 positions): emitted 7875 radix nodes  (cum total 58148, max_ep_depth=16, 0.0s)
[radix-corpus] subtree char=40 (1119 positions): emitted 1654 radix nodes  (cum total 59802, max_ep_depth=16, 0.0s)
[radix-corpus] subtree char=41 (1699 positions): emitted 2485 radix nodes  (cum total 62287, max_ep_depth=16, 0.0s)
[radix-corpus] subtree char=42 (2821 positions): emitted 4153 radix nodes  (cum total 66440, max_ep_depth=16, 0.0s)
[radix-corpus] subtree char=43 (9930 positions): emitted 14525 radix nodes  (cum total 80965, max_ep_depth=16, 0.0s)
[radix-corpus] subtree char=44 (1428 positions): emitted 2096 radix nodes  (cum total 83061, max_ep_depth=16, 0.0s)
[radix-corpus] subtree char=45 (1181 positions): emitted 1742 radix nodes  (cum total 84803, max_ep_depth=16, 0.0s)
[radix-corpus] subtree char=46 (5178 positions): emitted 7587 radix nodes  (cum total 92390, max_ep_depth=16, 0.0s)
[radix-corpus] subtree char=47 (4730 positions): emitted 6864 radix nodes  (cum total 99254, max_ep_depth=16, 0.0s)
[radix-corpus] subtree char=48 (31 positions): emitted 50 radix nodes  (cum total 99304, max_ep_depth=16, 0.0s)
[radix-corpus] subtree char=49 (592 positions): emitted 874 radix nodes  (cum total 100178, max_ep_depth=16, 0.0s)
[radix-corpus] subtree char=50 (3185 positions): emitted 4678 radix nodes  (cum total 104856, max_ep_depth=16, 0.0s)
[radix-corpus] subtree char=51 (2143 positions): emitted 3162 radix nodes  (cum total 108018, max_ep_depth=16, 0.0s)
[radix-corpus] subtree char=52 (4813 positions): emitted 7086 radix nodes  (cum total 115104, max_ep_depth=16, 0.0s)
[radix-corpus] subtree char=53 (6765 positions): emitted 9922 radix nodes  (cum total 125026, max_ep_depth=16, 0.0s)
[radix-corpus] subtree char=54 (1199 positions): emitted 1785 radix nodes  (cum total 126811, max_ep_depth=16, 0.0s)
[radix-corpus] subtree char=55 (39 positions): emitted 60 radix nodes  (cum total 126871, max_ep_depth=16, 0.0s)
[radix-corpus] subtree char=56 (4799 positions): emitted 6993 radix nodes  (cum total 133864, max_ep_depth=16, 0.1s)
[radix-corpus] subtree char=57 (5072 positions): emitted 7432 radix nodes  (cum total 141296, max_ep_depth=16, 0.1s)
[radix-corpus] subtree char=58 (6875 positions): emitted 10043 radix nodes  (cum total 151339, max_ep_depth=16, 0.1s)
[radix-corpus] subtree char=59 (2982 positions): emitted 4382 radix nodes  (cum total 155721, max_ep_depth=16, 0.1s)
[radix-corpus] subtree char=60 (858 positions): emitted 1263 radix nodes  (cum total 156984, max_ep_depth=16, 0.1s)
[radix-corpus] subtree char=61 (1721 positions): emitted 2534 radix nodes  (cum total 159518, max_ep_depth=16, 0.1s)
[radix-corpus] subtree char=62 (40 positions): emitted 65 radix nodes  (cum total 159583, max_ep_depth=16, 0.1s)
[radix-corpus] subtree char=63 (1936 positions): emitted 2855 radix nodes  (cum total 162438, max_ep_depth=16, 0.1s)
[radix-corpus] subtree char=64 (105 positions): emitted 160 radix nodes  (cum total 162598, max_ep_depth=16, 0.1s)
[radix-corpus] done: 162598 radix nodes, 1106727 total edge chars, 17 endpoint depths, 0.06s
  radix_count:        162598
  total_edge_chars:   1106727
  max_endpoint_depth: 16
