AGPT CUDA Training Engine
  Model: d=64 heads=4 layers=2 ff=256 vocab=65 seq=128 head_dim=16
  Loaded 108481 weight floats (423.8 KB)
  Loaded optimizer state from checkpoint (adam_t=4940)
  LR schedule horizon: 200 total SE (override; this call runs 10 SE)
Loading radix trie from /tmp/shake_45pct_n20_se10_d16_radix...
  Radix trie: 721807 nodes, 4445934 total edge chars, 17 endpoint depths
  Radix loaded: 1210317 counts entries, 5119301 ancestor char entries
  d_split: 476874/721807 nodes have a mass=1 ancestor (mean depth 8.67)
  lr-schedule: warmup-cosine (peak=0.003, warmup_epochs=1)
  optimizer: rmsprop (lr=0.003)
  entropy lambda: 1.000 (branching-endpoint icing enabled)
  mass weighting: log (head-of-edge count restores corpus-frequency exposure)
  curriculum: flat (d=max each epoch)
  max edge_len: 15, max ancestor chars: 15, max KV per node: 30, max endpoint depth: 16
  mass=1 compaction: 3973698 / 4445934 chars are mass=1 (89.4%); cache holds 472236 positions
  loop points: 8250 (mass>1 leaves; 3.4% of 244932 mass>1 nodes)
  KV cache: 241.8 MB unified memory (bf16 compact)
  GPU memory: 2746.2 MB used, 5440.7 MB free, 8186.8 MB total
  63 root-child subtrees: sizes min=3 max=111220 avg=11457.2 (total=721806 radix nodes)
Epoch 1: loss=1.647991  (2.79 sec, 63 subtrees, 130 chunks, 4445934 nodes)
  residual top-10 (subtree_mass × max(avg_loss − 1.648, 0)):
    rc   rootID   mass      avg_loss     score 
    57   673976   80537     2.4048       60955.1
    56   630056   226981    1.7441       21810.2
    59   696720   54352     1.9173       14640.0
    58   691480   24962     2.1896       13518.6
    61   708168   66510     1.7534       7013.0
    5    138370   68358     1.7235       5162.8
    52   557627   32222     1.7501       3291.2
    4    134336   18041     1.8273       3235.3
    37   220395   172792    1.6652       2975.7
    38   256362   33751     1.7152       2269.5
    top-10: 21.6% of mass, 97.6% of excess-loss
Epoch 2: loss=1.621919  (2.72 sec, 63 subtrees, 130 chunks, 4445934 nodes)
  residual top-10 (subtree_mass × max(avg_loss − 1.622, 0)):
    rc   rootID   mass      avg_loss     score 
    1    21863    621794    1.6716       30922.2
    57   673976   80537     1.8900       21591.5
    5    138370   68358     1.7350       7732.8
    0    1        123815    1.6793       7102.2
    37   220395   172792    1.6577       6190.4
    58   691480   24962     1.8434       5528.7
    59   696720   54352     1.6911       3758.2
    4    134336   18041     1.7759       2778.8
    38   256362   33751     1.6894       2276.0
    52   557627   32222     1.6890       2160.1
    top-10: 34.1% of mass, 95.9% of excess-loss
Epoch 3: loss=1.590813  (2.72 sec, 63 subtrees, 130 chunks, 4445934 nodes)
  residual top-10 (subtree_mass × max(avg_loss − 1.591, 0)):
    rc   rootID   mass      avg_loss     score 
    57   673976   80537     1.7809       15310.2
    37   220395   172792    1.6492       10091.9
    5    138370   68358     1.6924       6943.2
    38   256362   33751     1.6884       3292.7
    42   357519   49238     1.6561       3215.7
    56   630056   226981    1.6037       2929.6
    4    134336   18041     1.7525       2916.2
    58   691480   24962     1.6845       2338.0
    52   557627   32222     1.6542       2043.0
    39   263761   48094     1.6276       1769.8
    top-10: 20.9% of mass, 93.3% of excess-loss
Epoch 4: loss=1.600590  (2.72 sec, 63 subtrees, 130 chunks, 4445934 nodes)
  residual top-10 (subtree_mass × max(avg_loss − 1.601, 0)):
    rc   rootID   mass      avg_loss     score 
    57   673976   80537     1.9540       28464.0
    58   691480   24962     1.9313       8256.0
    37   220395   172792    1.6428       7295.0
    59   696720   54352     1.7264       6839.0
    5    138370   68358     1.6873       5924.1
    56   630056   226981    1.6228       5045.8
    42   357519   49238     1.6661       3226.7
    52   557627   32222     1.6958       3069.1
    38   256362   33751     1.6882       2958.6
    4    134336   18041     1.7453       2610.9
    top-10: 21.1% of mass, 95.8% of excess-loss
Epoch 5: loss=1.586858  (2.72 sec, 63 subtrees, 130 chunks, 4445934 nodes)
  residual top-10 (subtree_mass × max(avg_loss − 1.587, 0)):
    rc   rootID   mass      avg_loss     score 
    57   673976   80537     1.8604       22031.2
    37   220395   172792    1.6359       8475.9
    58   691480   24962     1.8999       7815.1
    5    138370   68358     1.6592       4944.0
    59   696720   54352     1.6716       4606.4
    56   630056   226981    1.6005       3098.5
    38   256362   33751     1.6727       2896.5
    42   357519   49238     1.6409       2660.8
    52   557627   32222     1.6604       2368.3
    4    134336   18041     1.6955       1960.4
    top-10: 21.1% of mass, 97.1% of excess-loss
Epoch 6: loss=1.583082  (2.72 sec, 63 subtrees, 130 chunks, 4445934 nodes)
  residual top-10 (subtree_mass × max(avg_loss − 1.583, 0)):
    rc   rootID   mass      avg_loss     score 
    57   673976   80537     1.9119       26484.7
    59   696720   54352     1.7390       8474.3
    58   691480   24962     1.8934       7746.1
    37   220395   172792    1.6254       7318.8
    5    138370   68358     1.6612       5337.2
    56   630056   226981    1.6018       4245.7
    38   256362   33751     1.6692       2908.1
    42   357519   49238     1.6365       2632.3
    4    134336   18041     1.7154       2387.3
    52   557627   32222     1.6477       2083.2
    top-10: 21.1% of mass, 94.9% of excess-loss
Epoch 7: loss=1.607999  (2.72 sec, 63 subtrees, 130 chunks, 4445934 nodes)
  residual top-10 (subtree_mass × max(avg_loss − 1.608, 0)):
    rc   rootID   mass      avg_loss     score 
    57   673976   80537     2.2536       51998.0
    58   691480   24962     2.5298       23009.6
    59   696720   54352     1.9811       20281.4
    61   708168   66510     1.7465       9213.7
    56   630056   226981    1.6266       4227.1
    5    138370   68358     1.6658       3952.7
    52   557627   32222     1.7218       3667.2
    37   220395   172792    1.6270       3291.0
    38   256362   33751     1.6639       1887.6
    4    134336   18041     1.7114       1865.4
    top-10: 21.6% of mass, 98.0% of excess-loss
Epoch 8: loss=1.597697  (2.72 sec, 63 subtrees, 130 chunks, 4445934 nodes)
  residual top-10 (subtree_mass × max(avg_loss − 1.598, 0)):
    rc   rootID   mass      avg_loss     score 
    1    21863    621794    1.6500       32496.3
    37   220395   172792    1.6577       10368.9
    5    138370   68358     1.7351       9392.7
    0    1        123815    1.6584       7510.2
    57   673976   80537     1.6876       7240.0
    4    134336   18041     1.8130       3884.7
    38   256362   33751     1.6806       2798.5
    42   357519   49238     1.6355       1859.1
    39   263761   48094     1.6303       1566.4
    58   691480   24962     1.6452       1186.1
    top-10: 34.4% of mass, 97.0% of excess-loss
Epoch 9: loss=1.565735  (2.73 sec, 63 subtrees, 130 chunks, 4445934 nodes)
  residual top-10 (subtree_mass × max(avg_loss − 1.566, 0)):
    rc   rootID   mass      avg_loss     score 
    57   673976   80537     1.6904       10043.9
    37   220395   172792    1.6212       9588.6
    5    138370   68358     1.6481       5628.5
    38   256362   33751     1.6652       3356.9
    42   357519   49238     1.6299       3158.5
    56   630056   226981    1.5772       2611.8
    52   557627   32222     1.6417       2447.2
    4    134336   18041     1.6911       2262.5
    39   263761   48094     1.6069       1981.1
    44   377000   173432    1.5769       1935.9
    top-10: 25.1% of mass, 88.5% of excess-loss
Epoch 10: loss=1.579458  (2.72 sec, 63 subtrees, 130 chunks, 4445934 nodes)
  residual top-10 (subtree_mass × max(avg_loss − 1.579, 0)):
    rc   rootID   mass      avg_loss     score 
    57   673976   80537     1.7254       11757.2
    42   357519   49238     1.7711       9435.5
    37   220395   172792    1.6190       6832.3
    44   377000   173432    1.6099       5287.7
    5    138370   68358     1.6374       3961.9
    38   256362   33751     1.6909       3762.2
    45   410683   144457    1.6016       3195.9
    58   691480   24962     1.6977       2950.7
    41   295118   310421    1.5868       2288.1
    59   696720   54352     1.6188       2138.0
    top-10: 30.9% of mass, 84.4% of excess-loss
Saved to /home/trans/Projects/agpt/rnd/streaming-agpt-v1/models/cadence_n20_se10_stage9.model
Done.
  Appended optimizer state to /home/trans/Projects/agpt/rnd/streaming-agpt-v1/models/cadence_n20_se10_stage9.model (adam_t=5570)
