AGPT CUDA Training Engine
  Model: d=64 heads=4 layers=2 ff=256 vocab=65 seq=128 head_dim=16
  Loaded 108481 weight floats (423.8 KB)
  Loaded optimizer state from checkpoint (adam_t=354)
  LR schedule horizon: 100 total SE (override; this call runs 2 SE)
Loading radix trie from /tmp/shake_8pct_n50_d16_radix...
  Radix trie: 130145 nodes, 903917 total edge chars, 17 endpoint depths
  Radix loaded: 218258 counts entries, 775267 ancestor char entries
  d_split: 86830/130145 nodes have a mass=1 ancestor (mean depth 7.50)
  lr-schedule: warmup-cosine (peak=0.003, warmup_epochs=1)
  optimizer: rmsprop (lr=0.003)
  entropy lambda: 1.000 (branching-endpoint icing enabled)
  mass weighting: log (head-of-edge count restores corpus-frequency exposure)
  curriculum: flat (d=max each epoch)
  max edge_len: 16, max ancestor chars: 15, max KV per node: 31, max endpoint depth: 16
  mass=1 compaction: 824804 / 903917 chars are mass=1 (91.2%); cache holds 79113 positions
  loop points: 920 (mass>1 leaves; 2.1% of 43314 mass>1 nodes)
  KV cache: 40.5 MB unified memory (bf16 compact)
  GPU memory: 2750.6 MB used, 5436.2 MB free, 8186.8 MB total
  61 root-child subtrees: sizes min=1 max=19468 avg=2133.5 (total=130144 radix nodes)
Epoch 1: loss=2.137193  (0.63 sec, 61 subtrees, 66 chunks, 903917 nodes)
  residual top-10 (subtree_mass × max(avg_loss − 2.137, 0)):
    rc   rootID   mass      avg_loss     score 
    55   121114   14114     2.3888       3551.8
    4    24308    3113      2.8907       2345.8
    5    25153    9805      2.3588       2172.5
    35   40128    25291     2.2015       1627.0
    1    4594     92634     2.1514       1311.5
    28   36448    1620      2.4496       506.1 
    56   124727   3887      2.2497       437.3 
    40   64586    6668      2.1874       334.7 
    30   37810    3191      2.2201       264.5 
    29   36880    3650      2.1792       153.2 
    top-10: 29.8% of mass, 94.8% of excess-loss
Epoch 2: loss=2.088271  (0.55 sec, 61 subtrees, 66 chunks, 903917 nodes)
  residual top-10 (subtree_mass × max(avg_loss − 2.088, 0)):
    rc   rootID   mass      avg_loss     score 
    1    4594     92634     2.1201       2950.4
    55   121114   14114     2.2911       2862.5
    35   40128    25291     2.1591       1791.9
    4    24308    3113      2.6002       1593.7
    5    25153    9805      2.2095       1188.3
    40   64586    6668      2.1580       464.9 
    28   36448    1620      2.3001       343.2 
    36   46356    5097      2.1370       248.4 
    30   37810    3191      2.1604       230.1 
    18   32451    836       2.2534       138.1 
    top-10: 29.5% of mass, 94.7% of excess-loss
Saved to /home/trans/Projects/agpt/rnd/streaming-agpt-v1/models/cadence_n50_stage4.model
Done.
  Appended optimizer state to /home/trans/Projects/agpt/rnd/streaming-agpt-v1/models/cadence_n50_stage4.model (adam_t=476)
