[radix-corpus] corpus: /tmp/shake_2pct_n50.txt (22307 tokens, vocab=65)
[radix-corpus] max_depth=16, output=/tmp/shake_2pct_n50_d16_radix
[radix-corpus] subtree char=0 (844 positions): emitted 1107 radix nodes  (cum total 1108, max_ep_depth=16, 0.0s)
[radix-corpus] subtree char=1 (3305 positions): emitted 4886 radix nodes  (cum total 5994, max_ep_depth=16, 0.0s)
[radix-corpus] subtree char=2 (39 positions): emitted 53 radix nodes  (cum total 6047, max_ep_depth=16, 0.0s)
[radix-corpus] subtree char=5 (143 positions): emitted 207 radix nodes  (cum total 6254, max_ep_depth=16, 0.0s)
[radix-corpus] subtree char=6 (378 positions): emitted 553 radix nodes  (cum total 6807, max_ep_depth=16, 0.0s)
[radix-corpus] subtree char=7 (42 positions): emitted 56 radix nodes  (cum total 6863, max_ep_depth=16, 0.0s)
[radix-corpus] subtree char=8 (186 positions): emitted 232 radix nodes  (cum total 7095, max_ep_depth=16, 0.0s)
[radix-corpus] subtree char=10 (229 positions): emitted 347 radix nodes  (cum total 7442, max_ep_depth=16, 0.0s)
[radix-corpus] subtree char=11 (71 positions): emitted 105 radix nodes  (cum total 7547, max_ep_depth=16, 0.0s)
[radix-corpus] subtree char=12 (47 positions): emitted 58 radix nodes  (cum total 7605, max_ep_depth=16, 0.0s)
[radix-corpus] subtree char=13 (151 positions): emitted 210 radix nodes  (cum total 7815, max_ep_depth=16, 0.0s)
[radix-corpus] subtree char=14 (25 positions): emitted 33 radix nodes  (cum total 7848, max_ep_depth=16, 0.0s)
[radix-corpus] subtree char=15 (91 positions): emitted 132 radix nodes  (cum total 7980, max_ep_depth=16, 0.0s)
[radix-corpus] subtree char=16 (6 positions): emitted 8 radix nodes  (cum total 7988, max_ep_depth=16, 0.0s)
[radix-corpus] subtree char=17 (53 positions): emitted 78 radix nodes  (cum total 8066, max_ep_depth=16, 0.0s)
[radix-corpus] subtree char=18 (61 positions): emitted 68 radix nodes  (cum total 8134, max_ep_depth=16, 0.0s)
[radix-corpus] subtree char=19 (20 positions): emitted 27 radix nodes  (cum total 8161, max_ep_depth=16, 0.0s)
[radix-corpus] subtree char=20 (30 positions): emitted 47 radix nodes  (cum total 8208, max_ep_depth=16, 0.0s)
[radix-corpus] subtree char=21 (259 positions): emitted 377 radix nodes  (cum total 8585, max_ep_depth=16, 0.0s)
[radix-corpus] subtree char=22 (2 positions): emitted 3 radix nodes  (cum total 8588, max_ep_depth=16, 0.0s)
[radix-corpus] subtree char=24 (60 positions): emitted 85 radix nodes  (cum total 8673, max_ep_depth=16, 0.0s)
[radix-corpus] subtree char=25 (86 positions): emitted 126 radix nodes  (cum total 8799, max_ep_depth=16, 0.0s)
[radix-corpus] subtree char=26 (80 positions): emitted 120 radix nodes  (cum total 8919, max_ep_depth=16, 0.0s)
[radix-corpus] subtree char=27 (42 positions): emitted 59 radix nodes  (cum total 8978, max_ep_depth=16, 0.0s)
[radix-corpus] subtree char=28 (5 positions): emitted 7 radix nodes  (cum total 8985, max_ep_depth=16, 0.0s)
[radix-corpus] subtree char=30 (79 positions): emitted 108 radix nodes  (cum total 9093, max_ep_depth=16, 0.0s)
[radix-corpus] subtree char=31 (126 positions): emitted 175 radix nodes  (cum total 9268, max_ep_depth=16, 0.0s)
[radix-corpus] subtree char=32 (123 positions): emitted 177 radix nodes  (cum total 9445, max_ep_depth=16, 0.0s)
[radix-corpus] subtree char=33 (97 positions): emitted 139 radix nodes  (cum total 9584, max_ep_depth=16, 0.0s)
[radix-corpus] subtree char=34 (52 positions): emitted 70 radix nodes  (cum total 9654, max_ep_depth=16, 0.0s)
[radix-corpus] subtree char=35 (76 positions): emitted 110 radix nodes  (cum total 9764, max_ep_depth=16, 0.0s)
[radix-corpus] subtree char=37 (22 positions): emitted 33 radix nodes  (cum total 9797, max_ep_depth=16, 0.0s)
[radix-corpus] subtree char=39 (1090 positions): emitted 1592 radix nodes  (cum total 11389, max_ep_depth=16, 0.0s)
[radix-corpus] subtree char=40 (216 positions): emitted 318 radix nodes  (cum total 11707, max_ep_depth=16, 0.0s)
[radix-corpus] subtree char=41 (324 positions): emitted 487 radix nodes  (cum total 12194, max_ep_depth=16, 0.0s)
[radix-corpus] subtree char=42 (571 positions): emitted 856 radix nodes  (cum total 13050, max_ep_depth=16, 0.0s)
[radix-corpus] subtree char=43 (1944 positions): emitted 2834 radix nodes  (cum total 15884, max_ep_depth=16, 0.0s)
[radix-corpus] subtree char=44 (291 positions): emitted 430 radix nodes  (cum total 16314, max_ep_depth=16, 0.0s)
[radix-corpus] subtree char=45 (242 positions): emitted 349 radix nodes  (cum total 16663, max_ep_depth=16, 0.0s)
[radix-corpus] subtree char=46 (1027 positions): emitted 1491 radix nodes  (cum total 18154, max_ep_depth=16, 0.0s)
[radix-corpus] subtree char=47 (1011 positions): emitted 1437 radix nodes  (cum total 19591, max_ep_depth=16, 0.0s)
[radix-corpus] subtree char=48 (6 positions): emitted 10 radix nodes  (cum total 19601, max_ep_depth=16, 0.0s)
[radix-corpus] subtree char=49 (132 positions): emitted 193 radix nodes  (cum total 19794, max_ep_depth=16, 0.0s)
[radix-corpus] subtree char=50 (693 positions): emitted 1020 radix nodes  (cum total 20814, max_ep_depth=16, 0.0s)
[radix-corpus] subtree char=51 (418 positions): emitted 608 radix nodes  (cum total 21422, max_ep_depth=16, 0.0s)
[radix-corpus] subtree char=52 (950 positions): emitted 1375 radix nodes  (cum total 22797, max_ep_depth=16, 0.0s)
[radix-corpus] subtree char=53 (1303 positions): emitted 1883 radix nodes  (cum total 24680, max_ep_depth=16, 0.0s)
[radix-corpus] subtree char=54 (205 positions): emitted 308 radix nodes  (cum total 24988, max_ep_depth=16, 0.0s)
[radix-corpus] subtree char=55 (5 positions): emitted 8 radix nodes  (cum total 24996, max_ep_depth=16, 0.0s)
[radix-corpus] subtree char=56 (1022 positions): emitted 1492 radix nodes  (cum total 26488, max_ep_depth=16, 0.0s)
[radix-corpus] subtree char=57 (1067 positions): emitted 1562 radix nodes  (cum total 28050, max_ep_depth=16, 0.0s)
[radix-corpus] subtree char=58 (1379 positions): emitted 2046 radix nodes  (cum total 30096, max_ep_depth=16, 0.0s)
[radix-corpus] subtree char=59 (637 positions): emitted 932 radix nodes  (cum total 31028, max_ep_depth=16, 0.0s)
[radix-corpus] subtree char=60 (151 positions): emitted 219 radix nodes  (cum total 31247, max_ep_depth=16, 0.0s)
[radix-corpus] subtree char=61 (338 positions): emitted 483 radix nodes  (cum total 31730, max_ep_depth=16, 0.0s)
[radix-corpus] subtree char=62 (5 positions): emitted 7 radix nodes  (cum total 31737, max_ep_depth=16, 0.0s)
[radix-corpus] subtree char=63 (417 positions): emitted 625 radix nodes  (cum total 32362, max_ep_depth=16, 0.0s)
[radix-corpus] subtree char=64 (33 positions): emitted 49 radix nodes  (cum total 32411, max_ep_depth=16, 0.0s)
[radix-corpus] done: 32411 radix nodes, 250334 total edge chars, 17 endpoint depths, 0.01s
  radix_count:        32411
  total_edge_chars:   250334
  max_endpoint_depth: 16
