AGPT CUDA Training Engine
  Model: d=64 heads=4 layers=2 ff=256 vocab=65 seq=128 head_dim=16
  Loaded 108481 weight floats (423.8 KB)
  Loaded optimizer state from checkpoint (adam_t=2846)
  LR schedule horizon: 100 total SE (override; this call runs 2 SE)
Loading radix trie from /tmp/shake_48pct_n50_d16_radix...
  Radix trie: 770624 nodes, 4724494 total edge chars, 17 endpoint depths
  Radix loaded: 1292144 counts entries, 5498018 ancestor char entries
  d_split: 509191/770624 nodes have a mass=1 ancestor (mean depth 8.71)
  lr-schedule: warmup-cosine (peak=0.003, warmup_epochs=1)
  optimizer: rmsprop (lr=0.003)
  entropy lambda: 1.000 (branching-endpoint icing enabled)
  mass weighting: log (head-of-edge count restores corpus-frequency exposure)
  curriculum: flat (d=max each epoch)
  max edge_len: 15, max ancestor chars: 15, max KV per node: 30, max endpoint depth: 16
  mass=1 compaction: 4220809 / 4724494 chars are mass=1 (89.3%); cache holds 503685 positions
  loop points: 8715 (mass>1 leaves; 3.3% of 261432 mass>1 nodes)
  KV cache: 257.9 MB unified memory (bf16 compact)
  GPU memory: 2750.6 MB used, 5436.2 MB free, 8186.8 MB total
  63 root-child subtrees: sizes min=3 max=118759 avg=12232.1 (total=770623 radix nodes)
Epoch 1: loss=1.715159  (3.15 sec, 63 subtrees, 137 chunks, 4724494 nodes)
  residual top-10 (subtree_mass × max(avg_loss − 1.715, 0)):
    rc   rootID   mass      avg_loss     score 
    57   719471   86838     2.0514       29198.0
    56   672492   244190    1.7840       16798.5
    52   595680   34212     1.9480       7966.2
    5    147914   74393     1.7884       5448.3
    37   235372   186389    1.7418       4961.6
    58   738211   26768     1.8704       4155.0
    59   743809   58355     1.7781       3672.0
    38   273969   37032     1.8071       3403.3
    4    143541   19699     1.8435       2529.1
    42   381994   52231     1.7505       1846.1
    top-10: 21.2% of mass, 98.7% of excess-loss
Epoch 2: loss=1.688404  (3.02 sec, 63 subtrees, 137 chunks, 4724494 nodes)
  residual top-10 (subtree_mass × max(avg_loss − 1.688, 0)):
    rc   rootID   mass      avg_loss     score 
    57   719471   86838     1.7951       9266.4
    37   235372   186389    1.7325       8212.5
    5    147914   74393     1.7655       5735.5
    1    23370    667605    1.6944       3973.4
    52   595680   34212     1.7972       3723.3
    38   273969   37032     1.7832       3508.7
    42   381994   52231     1.7376       2568.6
    4    143541   19699     1.8118       2431.7
    56   672492   244190    1.6981       2379.9
    58   738211   26768     1.7632       2001.4
    top-10: 37.0% of mass, 92.3% of excess-loss
Saved to /home/trans/Projects/agpt/rnd/streaming-agpt-v1/models/cadence_n50_stage24.model
Done.
  Appended optimizer state to /home/trans/Projects/agpt/rnd/streaming-agpt-v1/models/cadence_n50_stage24.model (adam_t=2972)
