[radix-corpus] corpus: /tmp/shake_70pct_n20.txt (780775 tokens, vocab=65)
[radix-corpus] max_depth=16, output=/tmp/shake_70pct_n20_d16_radix
[radix-corpus] subtree char=0 (27297 positions): emitted 34045 radix nodes  (cum total 34046, max_ep_depth=16, 0.0s)
[radix-corpus] subtree char=1 (119126 positions): emitted 173207 radix nodes  (cum total 207253, max_ep_depth=16, 0.2s)
[radix-corpus] subtree char=2 (1601 positions): emitted 2160 radix nodes  (cum total 209413, max_ep_depth=16, 0.2s)
[radix-corpus] subtree char=3 (1 positions): emitted 1 radix nodes  (cum total 209414, max_ep_depth=16, 0.2s)
[radix-corpus] subtree char=4 (3 positions): emitted 5 radix nodes  (cum total 209419, max_ep_depth=16, 0.2s)
[radix-corpus] subtree char=5 (4466 positions): emitted 6581 radix nodes  (cum total 216000, max_ep_depth=16, 0.2s)
[radix-corpus] subtree char=6 (13915 positions): emitted 20266 radix nodes  (cum total 236266, max_ep_depth=16, 0.2s)
[radix-corpus] subtree char=7 (1333 positions): emitted 1946 radix nodes  (cum total 238212, max_ep_depth=16, 0.3s)
[radix-corpus] subtree char=8 (5249 positions): emitted 5220 radix nodes  (cum total 243432, max_ep_depth=16, 0.3s)
[radix-corpus] subtree char=9 (27 positions): emitted 1 radix nodes  (cum total 243433, max_ep_depth=16, 0.3s)
[radix-corpus] subtree char=10 (6866 positions): emitted 9955 radix nodes  (cum total 253388, max_ep_depth=16, 0.3s)
[radix-corpus] subtree char=11 (2470 positions): emitted 3652 radix nodes  (cum total 257040, max_ep_depth=16, 0.3s)
[radix-corpus] subtree char=12 (1647 positions): emitted 2016 radix nodes  (cum total 259056, max_ep_depth=16, 0.3s)
[radix-corpus] subtree char=13 (5110 positions): emitted 7433 radix nodes  (cum total 266489, max_ep_depth=16, 0.3s)
[radix-corpus] subtree char=14 (1915 positions): emitted 2725 radix nodes  (cum total 269214, max_ep_depth=16, 0.3s)
[radix-corpus] subtree char=15 (2679 positions): emitted 3591 radix nodes  (cum total 272805, max_ep_depth=16, 0.3s)
[radix-corpus] subtree char=16 (1563 positions): emitted 2014 radix nodes  (cum total 274819, max_ep_depth=16, 0.3s)
[radix-corpus] subtree char=17 (4366 positions): emitted 5710 radix nodes  (cum total 280529, max_ep_depth=16, 0.3s)
[radix-corpus] subtree char=18 (1391 positions): emitted 1771 radix nodes  (cum total 282300, max_ep_depth=16, 0.3s)
[radix-corpus] subtree char=19 (1911 positions): emitted 2277 radix nodes  (cum total 284577, max_ep_depth=16, 0.3s)
[radix-corpus] subtree char=20 (2235 positions): emitted 2978 radix nodes  (cum total 287555, max_ep_depth=16, 0.3s)
[radix-corpus] subtree char=21 (7963 positions): emitted 10913 radix nodes  (cum total 298468, max_ep_depth=16, 0.3s)
[radix-corpus] subtree char=22 (274 positions): emitted 376 radix nodes  (cum total 298844, max_ep_depth=16, 0.3s)
[radix-corpus] subtree char=23 (1184 positions): emitted 1029 radix nodes  (cum total 299873, max_ep_depth=16, 0.3s)
[radix-corpus] subtree char=24 (2462 positions): emitted 3409 radix nodes  (cum total 303282, max_ep_depth=16, 0.3s)
[radix-corpus] subtree char=25 (2185 positions): emitted 3104 radix nodes  (cum total 306386, max_ep_depth=16, 0.3s)
[radix-corpus] subtree char=26 (3482 positions): emitted 4278 radix nodes  (cum total 310664, max_ep_depth=16, 0.3s)
[radix-corpus] subtree char=27 (3356 positions): emitted 4727 radix nodes  (cum total 315391, max_ep_depth=16, 0.3s)
[radix-corpus] subtree char=28 (703 positions): emitted 988 radix nodes  (cum total 316379, max_ep_depth=16, 0.3s)
[radix-corpus] subtree char=29 (226 positions): emitted 56 radix nodes  (cum total 316435, max_ep_depth=16, 0.3s)
[radix-corpus] subtree char=30 (3870 positions): emitted 5176 radix nodes  (cum total 321611, max_ep_depth=16, 0.3s)
[radix-corpus] subtree char=31 (3116 positions): emitted 4268 radix nodes  (cum total 325879, max_ep_depth=16, 0.3s)
[radix-corpus] subtree char=32 (4727 positions): emitted 6834 radix nodes  (cum total 332713, max_ep_depth=16, 0.3s)
[radix-corpus] subtree char=33 (2397 positions): emitted 3001 radix nodes  (cum total 335714, max_ep_depth=16, 0.3s)
[radix-corpus] subtree char=34 (502 positions): emitted 725 radix nodes  (cum total 336439, max_ep_depth=16, 0.3s)
[radix-corpus] subtree char=35 (2689 positions): emitted 3900 radix nodes  (cum total 340339, max_ep_depth=16, 0.3s)
[radix-corpus] subtree char=36 (85 positions): emitted 124 radix nodes  (cum total 340463, max_ep_depth=16, 0.3s)
[radix-corpus] subtree char=37 (1352 positions): emitted 1841 radix nodes  (cum total 342304, max_ep_depth=16, 0.3s)
[radix-corpus] subtree char=38 (116 positions): emitted 159 radix nodes  (cum total 342463, max_ep_depth=16, 0.3s)
[radix-corpus] subtree char=39 (38520 positions): emitted 56236 radix nodes  (cum total 398699, max_ep_depth=16, 0.4s)
[radix-corpus] subtree char=40 (7945 positions): emitted 11691 radix nodes  (cum total 410390, max_ep_depth=16, 0.4s)
[radix-corpus] subtree char=41 (11057 positions): emitted 16095 radix nodes  (cum total 426485, max_ep_depth=16, 0.4s)
[radix-corpus] subtree char=42 (22494 positions): emitted 32891 radix nodes  (cum total 459376, max_ep_depth=16, 0.4s)
[radix-corpus] subtree char=43 (66501 positions): emitted 97099 radix nodes  (cum total 556475, max_ep_depth=16, 0.5s)
[radix-corpus] subtree char=44 (11042 positions): emitted 16239 radix nodes  (cum total 572714, max_ep_depth=16, 0.5s)
[radix-corpus] subtree char=45 (9657 positions): emitted 14042 radix nodes  (cum total 586756, max_ep_depth=16, 0.5s)
[radix-corpus] subtree char=46 (36289 positions): emitted 53116 radix nodes  (cum total 639872, max_ep_depth=16, 0.6s)
[radix-corpus] subtree char=47 (31634 positions): emitted 46003 radix nodes  (cum total 685875, max_ep_depth=16, 0.6s)
[radix-corpus] subtree char=48 (457 positions): emitted 667 radix nodes  (cum total 686542, max_ep_depth=16, 0.6s)
[radix-corpus] subtree char=49 (4997 positions): emitted 7237 radix nodes  (cum total 693779, max_ep_depth=16, 0.6s)
[radix-corpus] subtree char=50 (23720 positions): emitted 34610 radix nodes  (cum total 728389, max_ep_depth=16, 0.6s)
[radix-corpus] subtree char=51 (15482 positions): emitted 22586 radix nodes  (cum total 750975, max_ep_depth=16, 0.6s)
[radix-corpus] subtree char=52 (34190 positions): emitted 50064 radix nodes  (cum total 801039, max_ep_depth=16, 0.7s)
[radix-corpus] subtree char=53 (45771 positions): emitted 66950 radix nodes  (cum total 867989, max_ep_depth=16, 0.8s)
[radix-corpus] subtree char=54 (7508 positions): emitted 11090 radix nodes  (cum total 879079, max_ep_depth=16, 0.8s)
[radix-corpus] subtree char=55 (453 positions): emitted 649 radix nodes  (cum total 879728, max_ep_depth=16, 0.8s)
[radix-corpus] subtree char=56 (34358 positions): emitted 50121 radix nodes  (cum total 929849, max_ep_depth=16, 0.8s)
[radix-corpus] subtree char=57 (34827 positions): emitted 51039 radix nodes  (cum total 980888, max_ep_depth=16, 0.9s)
[radix-corpus] subtree char=58 (46998 positions): emitted 68857 radix nodes  (cum total 1049745, max_ep_depth=16, 0.9s)
[radix-corpus] subtree char=59 (18467 positions): emitted 26976 radix nodes  (cum total 1076721, max_ep_depth=16, 0.9s)
[radix-corpus] subtree char=60 (5402 positions): emitted 7950 radix nodes  (cum total 1084671, max_ep_depth=16, 0.9s)
[radix-corpus] subtree char=61 (12267 positions): emitted 17829 radix nodes  (cum total 1102500, max_ep_depth=16, 0.9s)
[radix-corpus] subtree char=62 (374 positions): emitted 567 radix nodes  (cum total 1103067, max_ep_depth=16, 0.9s)
[radix-corpus] subtree char=63 (14225 positions): emitted 20663 radix nodes  (cum total 1123730, max_ep_depth=16, 1.0s)
[radix-corpus] subtree char=64 (280 positions): emitted 415 radix nodes  (cum total 1124145, max_ep_depth=16, 1.0s)
[radix-corpus] done: 1124145 radix nodes, 6688523 total edge chars, 17 endpoint depths, 0.96s
  radix_count:        1124145
  total_edge_chars:   6688523
  max_endpoint_depth: 16
