AGPT CUDA Training Engine
  Model: d=64 heads=4 layers=2 ff=256 vocab=65 seq=128 head_dim=16
  Loaded 108481 weight floats (423.8 KB)
  Loaded optimizer state from checkpoint (adam_t=1090)
  LR schedule horizon: 100 total SE (override; this call runs 2 SE)
Loading radix trie from /tmp/shake_20pct_n50_d16_radix...
  Radix trie: 323253 nodes, 2104480 total edge chars, 17 endpoint depths
  Radix loaded: 541919 counts entries, 2124456 ancestor char entries
  d_split: 214185/323253 nodes have a mass=1 ancestor (mean depth 8.13)
  lr-schedule: warmup-cosine (peak=0.003, warmup_epochs=1)
  optimizer: rmsprop (lr=0.003)
  entropy lambda: 1.000 (branching-endpoint icing enabled)
  mass weighting: log (head-of-edge count restores corpus-frequency exposure)
  curriculum: flat (d=max each epoch)
  max edge_len: 15, max ancestor chars: 15, max KV per node: 30, max endpoint depth: 16
  mass=1 compaction: 1899088 / 2104480 chars are mass=1 (90.2%); cache holds 205392 positions
  loop points: 3113 (mass>1 leaves; 2.9% of 109067 mass>1 nodes)
  KV cache: 105.2 MB unified memory (bf16 compact)
  GPU memory: 2721.3 MB used, 5465.6 MB free, 8186.8 MB total
  62 root-child subtrees: sizes min=3 max=49107 avg=5213.7 (total=323252 radix nodes)
Epoch 1: loss=1.920053  (1.33 sec, 62 subtrees, 85 chunks, 2104480 nodes)
  residual top-10 (subtree_mass × max(avg_loss − 1.920, 0)):
    rc   rootID   mass      avg_loss     score 
    36   99068    71330     2.0135       6665.8
    56   301061   36335     2.0492       4691.8
    1    10559    254131    1.9350       3793.5
    5    62229    28080     2.0505       3664.3
    4    60291    8076      2.3301       3311.4
    37   115069   14005     2.1185       2779.1
    57   309503   10888     2.1067       2032.4
    41   160961   18718     2.0132       1743.3
    51   249111   13780     2.0358       1594.6
    2    59666    2611      2.3961       1243.0
    top-10: 30.6% of mass, 95.0% of excess-loss
Epoch 2: loss=1.888896  (1.28 sec, 62 subtrees, 85 chunks, 2104480 nodes)
  residual top-10 (subtree_mass × max(avg_loss − 1.889, 0)):
    rc   rootID   mass      avg_loss     score 
    41   160961   18718     2.1479       4847.6
    36   99068    71330     1.9558       4771.2
    1    10559    254131    1.9063       4426.9
    56   301061   36335     2.0042       4191.0
    37   115069   14005     2.0617       2420.5
    57   309503   10888     2.1031       2332.2
    5    62229    28080     1.9664       2176.8
    51   249111   13780     2.0371       2042.2
    4    60291    8076      2.1116       1798.6
    2    59666    2611      2.2520       948.0 
    top-10: 30.6% of mass, 95.6% of excess-loss
Saved to /home/trans/Projects/agpt/rnd/streaming-agpt-v1/models/cadence_n50_stage10.model
Done.
  Appended optimizer state to /home/trans/Projects/agpt/rnd/streaming-agpt-v1/models/cadence_n50_stage10.model (adam_t=1214)
