AGPT CUDA Training Engine
  Model: d=64 heads=4 layers=2 ff=256 vocab=65 seq=128 head_dim=16
  Loaded 108481 weight floats (423.8 KB)
  Loaded optimizer state from checkpoint (adam_t=5690)
  LR schedule horizon: 100 total SE (override; this call runs 5 SE)
Loading radix trie from /tmp/shake_95pct_n20_d16_radix...
  Radix trie: 1527327 nodes, 8880115 total edge chars, 17 endpoint depths
  Radix loaded: 2561785 counts entries, 11613047 ancestor char entries
  d_split: 1009224/1527327 nodes have a mass=1 ancestor (mean depth 9.18)
  lr-schedule: warmup-cosine (peak=0.003, warmup_epochs=1)
  optimizer: rmsprop (lr=0.003)
  entropy lambda: 1.000 (branching-endpoint icing enabled)
  mass weighting: log (head-of-edge count restores corpus-frequency exposure)
  curriculum: flat (d=max each epoch)
  max edge_len: 16, max ancestor chars: 15, max KV per node: 31, max endpoint depth: 16
  mass=1 compaction: 7892573 / 8880115 chars are mass=1 (88.9%); cache holds 987542 positions
  loop points: 17619 (mass>1 leaves; 3.4% of 518102 mass>1 nodes)
  KV cache: 505.6 MB unified memory (bf16 compact)
  GPU memory: 2840.8 MB used, 5346.0 MB free, 8186.8 MB total
  65 root-child subtrees: sizes min=1 max=234814 avg=23497.3 (total=1527326 radix nodes)
Epoch 1: loss=1.567873  (6.05 sec, 65 subtrees, 216 chunks, 8880115 nodes)
  residual top-10 (subtree_mass × max(avg_loss − 1.568, 0)):
    rc   rootID   mass      avg_loss     score 
    1    47811    1403486   1.5768       12506.3
    46   797237   393166    1.5843       6459.3
    6    294043   158718    1.6061       6060.9
    39   467002   396545    1.5816       5441.1
    40   544108   78306     1.6254       4507.5
    44   756697   112749    1.6059       4291.9
    41   559920   108413    1.6001       3492.6
    54   1178719  72715     1.6108       3121.9
    5    285388   41772     1.6342       2769.7
    59   1425399  182743    1.5794       2107.6
    top-10: 36.2% of mass, 81.7% of excess-loss
Epoch 2: loss=1.565159  (6.03 sec, 65 subtrees, 216 chunks, 8880115 nodes)
  residual top-10 (subtree_mass × max(avg_loss − 1.565, 0)):
    rc   rootID   mass      avg_loss     score 
    1    47811    1403486   1.5730       11058.0
    46   797237   393166    1.5822       6690.9
    6    294043   158718    1.6018       5809.3
    39   467002   396545    1.5776       4915.6
    40   544108   78306     1.6218       4433.5
    44   756697   112749    1.6033       4296.9
    41   559920   108413    1.5973       3482.3
    54   1178719  72715     1.6092       3204.5
    5    285388   41772     1.6283       2639.4
    59   1425399  182743    1.5777       2298.4
    top-10: 36.2% of mass, 79.2% of excess-loss
Epoch 3: loss=1.563730  (5.95 sec, 65 subtrees, 216 chunks, 8880115 nodes)
  residual top-10 (subtree_mass × max(avg_loss − 1.564, 0)):
    rc   rootID   mass      avg_loss     score 
    1    47811    1403486   1.5714       10713.4
    46   797237   393166    1.5810       6808.4
    6    294043   158718    1.6002       5791.8
    39   467002   396545    1.5755       4669.0
    40   544108   78306     1.6207       4460.6
    44   756697   112749    1.6023       4344.9
    41   559920   108413    1.5952       3410.4
    54   1178719  72715     1.6084       3250.3
    5    285388   41772     1.6275       2664.2
    59   1425399  182743    1.5765       2336.4
    top-10: 36.2% of mass, 78.7% of excess-loss
Epoch 4: loss=1.562570  (5.84 sec, 65 subtrees, 216 chunks, 8880115 nodes)
  residual top-10 (subtree_mass × max(avg_loss − 1.563, 0)):
    rc   rootID   mass      avg_loss     score 
    1    47811    1403486   1.5702       10683.8
    46   797237   393166    1.5801       6899.0
    6    294043   158718    1.5977       5568.5
    40   544108   78306     1.6195       4460.6
    44   756697   112749    1.6006       4283.8
    39   467002   396545    1.5730       4149.6
    41   559920   108413    1.5940       3408.8
    54   1178719  72715     1.6079       3298.0
    5    285388   41772     1.6244       2581.1
    59   1425399  182743    1.5757       2400.8
    top-10: 36.2% of mass, 77.5% of excess-loss
Epoch 5: loss=1.561829  (5.65 sec, 65 subtrees, 216 chunks, 8880115 nodes)
  residual top-10 (subtree_mass × max(avg_loss − 1.562, 0)):
    rc   rootID   mass      avg_loss     score 
    1    47811    1403486   1.5695       10721.5
    46   797237   393166    1.5794       6915.7
    6    294043   158718    1.5967       5535.7
    40   544108   78306     1.6181       4402.8
    44   756697   112749    1.6003       4340.6
    39   467002   396545    1.5719       4001.8
    41   559920   108413    1.5936       3441.0
    54   1178719  72715     1.6072       3297.6
    5    285388   41772     1.6228       2545.0
    59   1425399  182743    1.5751       2431.1
    top-10: 36.2% of mass, 77.3% of excess-loss
Saved to /home/trans/Projects/agpt/rnd/streaming-agpt-v1/models/cadence_n20_stage19.model
Done.
  Appended optimizer state to /home/trans/Projects/agpt/rnd/streaming-agpt-v1/models/cadence_n20_stage19.model (adam_t=6015)
