AGPT CUDA Training Engine
  Model: d=64 heads=4 layers=2 ff=256 vocab=65 seq=128 head_dim=16
  Loaded 108481 weight floats (423.8 KB)
  Loaded optimizer state from checkpoint (adam_t=1338)
  LR schedule horizon: 100 total SE (override; this call runs 2 SE)
Loading radix trie from /tmp/shake_24pct_n50_d16_radix...
  Radix trie: 387430 nodes, 2482646 total edge chars, 17 endpoint depths
  Radix loaded: 649564 counts entries, 2603720 ancestor char entries
  d_split: 256354/387430 nodes have a mass=1 ancestor (mean depth 8.29)
  lr-schedule: warmup-cosine (peak=0.003, warmup_epochs=1)
  optimizer: rmsprop (lr=0.003)
  entropy lambda: 1.000 (branching-endpoint icing enabled)
  mass weighting: log (head-of-edge count restores corpus-frequency exposure)
  curriculum: flat (d=max each epoch)
  max edge_len: 15, max ancestor chars: 15, max KV per node: 30, max endpoint depth: 16
  mass=1 compaction: 2233193 / 2482646 chars are mass=1 (90.0%); cache holds 249453 positions
  loop points: 3994 (mass>1 leaves; 3.0% of 131075 mass>1 nodes)
  KV cache: 127.7 MB unified memory (bf16 compact)
  GPU memory: 2721.3 MB used, 5465.6 MB free, 8186.8 MB total
  62 root-child subtrees: sizes min=3 max=58906 avg=6248.9 (total=387429 radix nodes)
Epoch 1: loss=1.965203  (1.58 sec, 62 subtrees, 94 chunks, 2482646 nodes)
  residual top-10 (subtree_mass × max(avg_loss − 1.965, 0)):
    rc   rootID   mass      avg_loss     score 
    55   337545   114267    2.4023       49948.2
    56   360915   43847     2.7512       34461.7
    51   298886   16574     2.8903       15331.8
    54   320276   78653     2.1381       13597.9
    57   370910   13011     2.2101       3187.0
    53   303049   76643     2.0005       2703.5
    4    72112    9372      2.1990       2191.3
    58   373801   27791     2.0053       1115.2
    5    74329    34958     1.9945       1023.3
    2    71380    3076      2.1554       585.1 
    top-10: 22.9% of mass, 99.8% of excess-loss
Epoch 2: loss=1.842968  (1.53 sec, 62 subtrees, 94 chunks, 2482646 nodes)
  residual top-10 (subtree_mass × max(avg_loss − 1.843, 0)):
    rc   rootID   mass      avg_loss     score 
    1    12474    310936    1.9080       20222.2
    36   119166   86117     1.9005       4951.1
    0    1        66147     1.8979       3633.1
    5    74329    34958     1.9360       3251.4
    56   360915   43847     1.8915       2127.2
    4    72112    9372      2.0115       1579.8
    51   298886   16574     1.9356       1535.6
    37   138156   16773     1.9117       1152.7
    41   193060   23015     1.8755       748.3 
    57   370910   13011     1.8741       404.8 
    top-10: 34.0% of mass, 99.7% of excess-loss
Saved to /home/trans/Projects/agpt/rnd/streaming-agpt-v1/models/cadence_n50_stage12.model
Done.
  Appended optimizer state to /home/trans/Projects/agpt/rnd/streaming-agpt-v1/models/cadence_n50_stage12.model (adam_t=1462)
