AGPT CUDA Training Engine
  Model: d=64 heads=4 layers=2 ff=256 vocab=65 seq=128 head_dim=16
  Loaded 108481 weight floats (423.8 KB)
  Loaded optimizer state from checkpoint (adam_t=3224)
  LR schedule horizon: 100 total SE (override; this call runs 2 SE)
Loading radix trie from /tmp/shake_54pct_n50_d16_radix...
  Radix trie: 867948 nodes, 5268308 total edge chars, 17 endpoint depths
  Radix loaded: 1455151 counts entries, 6268110 ancestor char entries
  d_split: 573471/867948 nodes have a mass=1 ancestor (mean depth 8.80)
  lr-schedule: warmup-cosine (peak=0.003, warmup_epochs=1)
  optimizer: rmsprop (lr=0.003)
  entropy lambda: 1.000 (branching-endpoint icing enabled)
  mass weighting: log (head-of-edge count restores corpus-frequency exposure)
  curriculum: flat (d=max each epoch)
  max edge_len: 16, max ancestor chars: 15, max KV per node: 31, max endpoint depth: 16
  mass=1 compaction: 4701986 / 5268308 chars are mass=1 (89.3%); cache holds 566322 positions
  loop points: 9673 (mass>1 leaves; 3.3% of 294476 mass>1 nodes)
  KV cache: 290.0 MB unified memory (bf16 compact)
  GPU memory: 2805.1 MB used, 5381.7 MB free, 8186.8 MB total
  64 root-child subtrees: sizes min=1 max=133831 avg=13561.7 (total=867947 radix nodes)
Epoch 1: loss=1.702805  (3.50 sec, 64 subtrees, 145 chunks, 5268308 nodes)
  residual top-10 (subtree_mass × max(avg_loss − 1.703, 0)):
    rc   rootID   mass      avg_loss     score 
    9    188060   41209     2.1101       16784.9
    58   810607   98264     1.8376       13248.1
    38   265431   212669    1.7544       10970.2
    12   200315   25686     1.9123       5380.1
    5    166875   85537     1.7593       4835.8
    11   198729   8002      2.2588       4449.2
    39   308928   41859     1.7723       2909.1
    43   430459   60080     1.7456       2570.4
    4    161959   22420     1.8026       2236.6
    14   208185   13722     1.8556       2097.3
    top-10: 13.9% of mass, 80.1% of excess-loss
Epoch 2: loss=1.672422  (3.33 sec, 64 subtrees, 145 chunks, 5268308 nodes)
  residual top-10 (subtree_mass × max(avg_loss − 1.672, 0)):
    rc   rootID   mass      avg_loss     score 
    58   810607   98264     1.7683       9424.9
    38   265431   212669    1.7117       8361.5
    5    166875   85537     1.7486       6517.5
    9    188060   41209     1.8002       5267.2
    39   308928   41859     1.7530       3374.2
    53   671062   38674     1.7582       3316.0
    43   430459   60080     1.7249       3153.7
    4    161959   22420     1.7850       2523.0
    59   831604   30162     1.7402       2043.4
    40   317908   58371     1.6936       1237.4
    top-10: 15.7% of mass, 89.0% of excess-loss
Saved to /home/trans/Projects/agpt/rnd/streaming-agpt-v1/models/cadence_n50_stage27.model
Done.
  Appended optimizer state to /home/trans/Projects/agpt/rnd/streaming-agpt-v1/models/cadence_n50_stage27.model (adam_t=3352)
