[radix-corpus] corpus: /tmp/shake_66pct_n50.txt (736160 tokens, vocab=65)
[radix-corpus] max_depth=16, output=/tmp/shake_66pct_n50_d16_radix
[radix-corpus] subtree char=0 (25783 positions): emitted 31880 radix nodes  (cum total 31881, max_ep_depth=16, 0.0s)
[radix-corpus] subtree char=1 (112195 positions): emitted 163029 radix nodes  (cum total 194910, max_ep_depth=16, 0.2s)
[radix-corpus] subtree char=2 (1502 positions): emitted 2014 radix nodes  (cum total 196924, max_ep_depth=16, 0.2s)
[radix-corpus] subtree char=3 (1 positions): emitted 1 radix nodes  (cum total 196925, max_ep_depth=16, 0.2s)
[radix-corpus] subtree char=4 (3 positions): emitted 5 radix nodes  (cum total 196930, max_ep_depth=16, 0.2s)
[radix-corpus] subtree char=5 (4159 positions): emitted 6130 radix nodes  (cum total 203060, max_ep_depth=16, 0.2s)
[radix-corpus] subtree char=6 (13113 positions): emitted 19071 radix nodes  (cum total 222131, max_ep_depth=16, 0.2s)
[radix-corpus] subtree char=7 (1236 positions): emitted 1796 radix nodes  (cum total 223927, max_ep_depth=16, 0.2s)
[radix-corpus] subtree char=8 (4963 positions): emitted 4848 radix nodes  (cum total 228775, max_ep_depth=16, 0.2s)
[radix-corpus] subtree char=9 (27 positions): emitted 1 radix nodes  (cum total 228776, max_ep_depth=16, 0.2s)
[radix-corpus] subtree char=10 (6485 positions): emitted 9405 radix nodes  (cum total 238181, max_ep_depth=16, 0.2s)
[radix-corpus] subtree char=11 (2320 positions): emitted 3430 radix nodes  (cum total 241611, max_ep_depth=16, 0.2s)
[radix-corpus] subtree char=12 (1590 positions): emitted 1940 radix nodes  (cum total 243551, max_ep_depth=16, 0.2s)
[radix-corpus] subtree char=13 (4870 positions): emitted 7096 radix nodes  (cum total 250647, max_ep_depth=16, 0.2s)
[radix-corpus] subtree char=14 (1861 positions): emitted 2643 radix nodes  (cum total 253290, max_ep_depth=16, 0.2s)
[radix-corpus] subtree char=15 (2604 positions): emitted 3490 radix nodes  (cum total 256780, max_ep_depth=16, 0.2s)
[radix-corpus] subtree char=16 (1541 positions): emitted 1982 radix nodes  (cum total 258762, max_ep_depth=16, 0.2s)
[radix-corpus] subtree char=17 (4194 positions): emitted 5463 radix nodes  (cum total 264225, max_ep_depth=16, 0.2s)
[radix-corpus] subtree char=18 (1341 positions): emitted 1696 radix nodes  (cum total 265921, max_ep_depth=16, 0.2s)
[radix-corpus] subtree char=19 (1861 positions): emitted 2206 radix nodes  (cum total 268127, max_ep_depth=16, 0.2s)
[radix-corpus] subtree char=20 (2162 positions): emitted 2861 radix nodes  (cum total 270988, max_ep_depth=16, 0.2s)
[radix-corpus] subtree char=21 (7573 positions): emitted 10337 radix nodes  (cum total 281325, max_ep_depth=16, 0.2s)
[radix-corpus] subtree char=22 (272 positions): emitted 374 radix nodes  (cum total 281699, max_ep_depth=16, 0.2s)
[radix-corpus] subtree char=23 (1181 positions): emitted 1025 radix nodes  (cum total 282724, max_ep_depth=16, 0.2s)
[radix-corpus] subtree char=24 (2303 positions): emitted 3174 radix nodes  (cum total 285898, max_ep_depth=16, 0.2s)
[radix-corpus] subtree char=25 (2116 positions): emitted 2999 radix nodes  (cum total 288897, max_ep_depth=16, 0.2s)
[radix-corpus] subtree char=26 (3302 positions): emitted 4016 radix nodes  (cum total 292913, max_ep_depth=16, 0.2s)
[radix-corpus] subtree char=27 (3179 positions): emitted 4472 radix nodes  (cum total 297385, max_ep_depth=16, 0.2s)
[radix-corpus] subtree char=28 (627 positions): emitted 880 radix nodes  (cum total 298265, max_ep_depth=16, 0.2s)
[radix-corpus] subtree char=29 (226 positions): emitted 56 radix nodes  (cum total 298321, max_ep_depth=16, 0.2s)
[radix-corpus] subtree char=30 (3852 positions): emitted 5145 radix nodes  (cum total 303466, max_ep_depth=16, 0.2s)
[radix-corpus] subtree char=31 (2950 positions): emitted 4030 radix nodes  (cum total 307496, max_ep_depth=16, 0.2s)
[radix-corpus] subtree char=32 (4426 positions): emitted 6392 radix nodes  (cum total 313888, max_ep_depth=16, 0.2s)
[radix-corpus] subtree char=33 (2314 positions): emitted 2883 radix nodes  (cum total 316771, max_ep_depth=16, 0.2s)
[radix-corpus] subtree char=34 (500 positions): emitted 721 radix nodes  (cum total 317492, max_ep_depth=16, 0.2s)
[radix-corpus] subtree char=35 (2588 positions): emitted 3752 radix nodes  (cum total 321244, max_ep_depth=16, 0.2s)
[radix-corpus] subtree char=36 (80 positions): emitted 118 radix nodes  (cum total 321362, max_ep_depth=16, 0.2s)
[radix-corpus] subtree char=37 (1306 positions): emitted 1767 radix nodes  (cum total 323129, max_ep_depth=16, 0.2s)
[radix-corpus] subtree char=38 (116 positions): emitted 159 radix nodes  (cum total 323288, max_ep_depth=16, 0.2s)
[radix-corpus] subtree char=39 (36354 positions): emitted 53054 radix nodes  (cum total 376342, max_ep_depth=16, 0.3s)
[radix-corpus] subtree char=40 (7447 positions): emitted 10946 radix nodes  (cum total 387288, max_ep_depth=16, 0.3s)
[radix-corpus] subtree char=41 (10372 positions): emitted 15090 radix nodes  (cum total 402378, max_ep_depth=16, 0.3s)
[radix-corpus] subtree char=42 (21313 positions): emitted 31116 radix nodes  (cum total 433494, max_ep_depth=16, 0.3s)
[radix-corpus] subtree char=43 (62403 positions): emitted 91065 radix nodes  (cum total 524559, max_ep_depth=16, 0.4s)
[radix-corpus] subtree char=44 (10386 positions): emitted 15277 radix nodes  (cum total 539836, max_ep_depth=16, 0.4s)
[radix-corpus] subtree char=45 (9081 positions): emitted 13198 radix nodes  (cum total 553034, max_ep_depth=16, 0.4s)
[radix-corpus] subtree char=46 (34114 positions): emitted 49914 radix nodes  (cum total 602948, max_ep_depth=16, 0.4s)
[radix-corpus] subtree char=47 (29823 positions): emitted 43370 radix nodes  (cum total 646318, max_ep_depth=16, 0.5s)
[radix-corpus] subtree char=48 (432 positions): emitted 631 radix nodes  (cum total 646949, max_ep_depth=16, 0.5s)
[radix-corpus] subtree char=49 (4768 positions): emitted 6897 radix nodes  (cum total 653846, max_ep_depth=16, 0.5s)
[radix-corpus] subtree char=50 (22362 positions): emitted 32655 radix nodes  (cum total 686501, max_ep_depth=16, 0.5s)
[radix-corpus] subtree char=51 (14593 positions): emitted 21277 radix nodes  (cum total 707778, max_ep_depth=16, 0.5s)
[radix-corpus] subtree char=52 (32187 positions): emitted 47108 radix nodes  (cum total 754886, max_ep_depth=16, 0.6s)
[radix-corpus] subtree char=53 (42916 positions): emitted 62721 radix nodes  (cum total 817607, max_ep_depth=16, 0.6s)
[radix-corpus] subtree char=54 (7008 positions): emitted 10341 radix nodes  (cum total 827948, max_ep_depth=16, 0.6s)
[radix-corpus] subtree char=55 (407 positions): emitted 585 radix nodes  (cum total 828533, max_ep_depth=16, 0.6s)
[radix-corpus] subtree char=56 (32405 positions): emitted 47231 radix nodes  (cum total 875764, max_ep_depth=16, 0.6s)
[radix-corpus] subtree char=57 (32708 positions): emitted 47902 radix nodes  (cum total 923666, max_ep_depth=16, 0.7s)
[radix-corpus] subtree char=58 (44208 positions): emitted 64733 radix nodes  (cum total 988399, max_ep_depth=16, 0.7s)
[radix-corpus] subtree char=59 (17398 positions): emitted 25385 radix nodes  (cum total 1013784, max_ep_depth=16, 0.7s)
[radix-corpus] subtree char=60 (5091 positions): emitted 7502 radix nodes  (cum total 1021286, max_ep_depth=16, 0.7s)
[radix-corpus] subtree char=61 (11611 positions): emitted 16874 radix nodes  (cum total 1038160, max_ep_depth=16, 0.7s)
[radix-corpus] subtree char=62 (344 positions): emitted 523 radix nodes  (cum total 1038683, max_ep_depth=16, 0.7s)
[radix-corpus] subtree char=63 (13437 positions): emitted 19515 radix nodes  (cum total 1058198, max_ep_depth=16, 0.8s)
[radix-corpus] subtree char=64 (270 positions): emitted 401 radix nodes  (cum total 1058599, max_ep_depth=16, 0.8s)
[radix-corpus] done: 1058599 radix nodes, 6317464 total edge chars, 17 endpoint depths, 0.76s
  radix_count:        1058599
  total_edge_chars:   6317464
  max_endpoint_depth: 16
