AGPT CUDA Training Engine
  Model: d=64 heads=4 layers=2 ff=256 vocab=65 seq=128 head_dim=16
  Loaded 108481 weight floats (423.8 KB)
  Loaded optimizer state from checkpoint (adam_t=12970)
  LR schedule horizon: 500 total SE (override; this call runs 10 SE)
Loading radix trie from /tmp/shake_44pct_n50_se10_d16_radix...
  Radix trie: 705394 nodes, 4350947 total edge chars, 17 endpoint depths
  Radix loaded: 1182866 counts entries, 4993741 ancestor char entries
  d_split: 466054/705394 nodes have a mass=1 ancestor (mean depth 8.66)
  lr-schedule: warmup-cosine (peak=0.003, warmup_epochs=1)
  optimizer: rmsprop (lr=0.003)
  entropy lambda: 1.000 (branching-endpoint icing enabled)
  mass weighting: log (head-of-edge count restores corpus-frequency exposure)
  curriculum: flat (d=max each epoch)
  max edge_len: 15, max ancestor chars: 15, max KV per node: 30, max endpoint depth: 16
  mass=1 compaction: 3889209 / 4350947 chars are mass=1 (89.4%); cache holds 461738 positions
  loop points: 8087 (mass>1 leaves; 3.4% of 239339 mass>1 nodes)
  KV cache: 236.4 MB unified memory (bf16 compact)
  GPU memory: 2746.4 MB used, 5440.4 MB free, 8186.8 MB total
  63 root-child subtrees: sizes min=3 max=108605 avg=11196.7 (total=705393 radix nodes)
Epoch 1: loss=1.559084  (2.70 sec, 63 subtrees, 129 chunks, 4350947 nodes)
  residual top-10 (subtree_mass × max(avg_loss − 1.559, 0)):
    rc   rootID   mass      avg_loss     score 
    57   658762   78479     2.1310       44881.2
    58   675855   24454     2.0455       11893.8
    59   680994   52719     1.7686       11046.5
    56   615867   221233    1.5945       7833.6
    37   215098   167999    1.6029       7355.6
    45   401192   141516    1.5899       4360.0
    5    134986   66429     1.6183       3931.7
    52   545013   31719     1.6810       3866.1
    38   250115   33049     1.6583       3280.3
    42   349187   48048     1.6046       2187.4
    top-10: 24.6% of mass, 95.8% of excess-loss
Epoch 2: loss=1.556591  (2.65 sec, 63 subtrees, 129 chunks, 4350947 nodes)
  residual top-10 (subtree_mass × max(avg_loss − 1.557, 0)):
    rc   rootID   mass      avg_loss     score 
    57   658762   78479     2.2271       52620.2
    58   675855   24454     2.0751       12679.5
    59   680994   52719     1.7890       12249.7
    56   615867   221233    1.6013       9880.7
    37   215098   167999    1.5852       4810.5
    52   545013   31719     1.6572       3192.0
    61   692118   64621     1.6008       2858.1
    5    134986   66429     1.5967       2666.7
    38   250115   33049     1.6206       2117.0
    45   401192   141516    1.5680       1612.0
    top-10: 25.1% of mass, 97.2% of excess-loss
Epoch 3: loss=1.542643  (2.64 sec, 63 subtrees, 129 chunks, 4350947 nodes)
  residual top-10 (subtree_mass × max(avg_loss − 1.543, 0)):
    rc   rootID   mass      avg_loss     score 
    57   658762   78479     1.7241       14239.4
    1    21235    605821    1.5629       12269.3
    5    134986   66429     1.6767       8905.5
    37   215098   167999    1.5919       8272.0
    4    131030   17697     1.7817       4231.1
    58   675855   24454     1.6982       3803.8
    59   680994   52719     1.5990       2970.4
    56   615867   221233    1.5536       2430.1
    38   250115   33049     1.6160       2425.7
    52   545013   31719     1.5961       1696.2
    top-10: 37.0% of mass, 92.9% of excess-loss
Epoch 4: loss=1.523399  (2.65 sec, 63 subtrees, 129 chunks, 4350947 nodes)
  residual top-10 (subtree_mass × max(avg_loss − 1.523, 0)):
    rc   rootID   mass      avg_loss     score 
    57   658762   78479     1.7559       18249.7
    37   215098   167999    1.5803       9563.5
    56   615867   221233    1.5471       5246.6
    5    134986   66429     1.5816       3867.7
    38   250115   33049     1.6178       3120.3
    42   349187   48048     1.5787       2657.3
    59   680994   52719     1.5713       2525.5
    58   675855   24454     1.6173       2297.2
    52   545013   31719     1.5949       2269.1
    45   401192   141516    1.5372       1958.1
    top-10: 24.6% of mass, 92.2% of excess-loss
Epoch 5: loss=1.524397  (2.65 sec, 63 subtrees, 129 chunks, 4350947 nodes)
  residual top-10 (subtree_mass × max(avg_loss − 1.524, 0)):
    rc   rootID   mass      avg_loss     score 
    57   658762   78479     1.7977       21446.8
    37   215098   167999    1.5819       9655.8
    56   615867   221233    1.5503       5721.1
    58   675855   24454     1.7317       5070.0
    59   680994   52719     1.6064       4324.0
    5    134986   66429     1.5888       4278.7
    42   349187   48048     1.5859       2956.7
    38   250115   33049     1.6073       2739.8
    45   401192   141516    1.5410       2351.4
    52   545013   31719     1.5892       2055.4
    top-10: 24.6% of mass, 93.7% of excess-loss
Epoch 6: loss=1.521120  (2.64 sec, 63 subtrees, 129 chunks, 4350947 nodes)
  residual top-10 (subtree_mass × max(avg_loss − 1.521, 0)):
    rc   rootID   mass      avg_loss     score 
    57   658762   78479     1.6955       13688.8
    37   215098   167999    1.5852       10763.2
    56   615867   221233    1.5428       4806.9
    5    134986   66429     1.5877       4425.0
    45   401192   141516    1.5438       3213.0
    38   250115   33049     1.6159       3133.0
    42   349187   48048     1.5820       2924.3
    58   675855   24454     1.6228       2485.9
    59   680994   52719     1.5639       2254.8
    52   545013   31719     1.5909       2213.7
    top-10: 24.6% of mass, 88.8% of excess-loss
Epoch 7: loss=1.524599  (2.65 sec, 63 subtrees, 129 chunks, 4350947 nodes)
  residual top-10 (subtree_mass × max(avg_loss − 1.525, 0)):
    rc   rootID   mass      avg_loss     score 
    57   658762   78479     1.7741       19581.0
    37   215098   167999    1.5814       9547.7
    58   675855   24454     1.7933       6570.3
    59   680994   52719     1.6345       5791.4
    5    134986   66429     1.6019       5135.5
    56   615867   221233    1.5465       4855.8
    38   250115   33049     1.6275       3399.2
    42   349187   48048     1.5878       3036.3
    52   545013   31719     1.6078       2638.5
    4    131030   17697     1.6615       2422.2
    top-10: 21.1% of mass, 93.7% of excess-loss
Epoch 8: loss=1.542660  (2.64 sec, 63 subtrees, 129 chunks, 4350947 nodes)
  residual top-10 (subtree_mass × max(avg_loss − 1.543, 0)):
    rc   rootID   mass      avg_loss     score 
    57   658762   78479     1.9804       34354.4
    59   680994   52719     1.9924       23710.2
    58   675855   24454     2.2475       17236.1
    61   692118   64621     1.6470       6744.1
    37   215098   167999    1.5820       6616.9
    38   250115   33049     1.6456       3402.9
    5    134986   66429     1.5856       2851.9
    56   615867   221233    1.5539       2477.5
    52   545013   31719     1.6167       2347.6
    42   349187   48048     1.5893       2242.8
    top-10: 22.4% of mass, 97.2% of excess-loss
Epoch 9: loss=1.550992  (2.65 sec, 63 subtrees, 129 chunks, 4350947 nodes)
  residual top-10 (subtree_mass × max(avg_loss − 1.551, 0)):
    rc   rootID   mass      avg_loss     score 
    57   658762   78479     1.7144       12823.7
    1    21235    605821    1.5684       10528.6
    5    134986   66429     1.7061       10301.8
    37   215098   167999    1.6100       9919.6
    4    131030   17697     1.8265       4875.1
    58   675855   24454     1.6817       3197.2
    38   250115   33049     1.6331       2714.4
    56   615867   221233    1.5621       2468.4
    42   349187   48048     1.5980       2257.8
    52   545013   31719     1.6170       2094.8
    top-10: 36.8% of mass, 93.1% of excess-loss
Epoch 10: loss=1.523734  (2.65 sec, 63 subtrees, 129 chunks, 4350947 nodes)
  residual top-10 (subtree_mass × max(avg_loss − 1.524, 0)):
    rc   rootID   mass      avg_loss     score 
    57   658762   78479     1.7129       14843.2
    37   215098   167999    1.5963       12194.2
    56   615867   221233    1.5524       6341.7
    5    134986   66429     1.5908       4452.8
    38   250115   33049     1.6297       3502.3
    42   349187   48048     1.5739       2408.1
    58   675855   24454     1.6122       2163.0
    52   545013   31719     1.5850       1942.5
    4    131030   17697     1.6299       1879.2
    59   680994   52719     1.5591       1866.4
    top-10: 21.1% of mass, 91.9% of excess-loss
Saved to /home/trans/Projects/agpt/rnd/streaming-agpt-v1/models/cadence_n50_se10_stage22.model
Done.
  Appended optimizer state to /home/trans/Projects/agpt/rnd/streaming-agpt-v1/models/cadence_n50_se10_stage22.model (adam_t=13600)
