[radix-corpus] corpus: /tmp/shake_20pct_n50.txt (223078 tokens, vocab=65)
[radix-corpus] max_depth=16, output=/tmp/shake_20pct_n50_d16_radix
[radix-corpus] subtree char=0 (8383 positions): emitted 10558 radix nodes  (cum total 10559, max_ep_depth=16, 0.0s)
[radix-corpus] subtree char=1 (33300 positions): emitted 49107 radix nodes  (cum total 59666, max_ep_depth=16, 0.0s)
[radix-corpus] subtree char=2 (465 positions): emitted 622 radix nodes  (cum total 60288, max_ep_depth=16, 0.0s)
[radix-corpus] subtree char=4 (2 positions): emitted 3 radix nodes  (cum total 60291, max_ep_depth=16, 0.0s)
[radix-corpus] subtree char=5 (1320 positions): emitted 1938 radix nodes  (cum total 62229, max_ep_depth=16, 0.0s)
[radix-corpus] subtree char=6 (3843 positions): emitted 5684 radix nodes  (cum total 67913, max_ep_depth=16, 0.0s)
[radix-corpus] subtree char=7 (380 positions): emitted 544 radix nodes  (cum total 68457, max_ep_depth=16, 0.0s)
[radix-corpus] subtree char=8 (1651 positions): emitted 1620 radix nodes  (cum total 70077, max_ep_depth=16, 0.0s)
[radix-corpus] subtree char=10 (2174 positions): emitted 3183 radix nodes  (cum total 73260, max_ep_depth=16, 0.0s)
[radix-corpus] subtree char=11 (657 positions): emitted 988 radix nodes  (cum total 74248, max_ep_depth=16, 0.0s)
[radix-corpus] subtree char=12 (445 positions): emitted 540 radix nodes  (cum total 74788, max_ep_depth=16, 0.0s)
[radix-corpus] subtree char=13 (1346 positions): emitted 1980 radix nodes  (cum total 76768, max_ep_depth=16, 0.0s)
[radix-corpus] subtree char=14 (459 positions): emitted 671 radix nodes  (cum total 77439, max_ep_depth=16, 0.0s)
[radix-corpus] subtree char=15 (981 positions): emitted 1313 radix nodes  (cum total 78752, max_ep_depth=16, 0.0s)
[radix-corpus] subtree char=16 (247 positions): emitted 320 radix nodes  (cum total 79072, max_ep_depth=16, 0.0s)
[radix-corpus] subtree char=17 (1031 positions): emitted 1418 radix nodes  (cum total 80490, max_ep_depth=16, 0.0s)
[radix-corpus] subtree char=18 (387 positions): emitted 414 radix nodes  (cum total 80904, max_ep_depth=16, 0.0s)
[radix-corpus] subtree char=19 (348 positions): emitted 476 radix nodes  (cum total 81380, max_ep_depth=16, 0.0s)
[radix-corpus] subtree char=20 (454 positions): emitted 656 radix nodes  (cum total 82036, max_ep_depth=16, 0.0s)
[radix-corpus] subtree char=21 (2320 positions): emitted 3375 radix nodes  (cum total 85411, max_ep_depth=16, 0.0s)
[radix-corpus] subtree char=22 (20 positions): emitted 34 radix nodes  (cum total 85445, max_ep_depth=16, 0.0s)
[radix-corpus] subtree char=23 (93 positions): emitted 126 radix nodes  (cum total 85571, max_ep_depth=16, 0.0s)
[radix-corpus] subtree char=24 (648 positions): emitted 923 radix nodes  (cum total 86494, max_ep_depth=16, 0.0s)
[radix-corpus] subtree char=25 (758 positions): emitted 1067 radix nodes  (cum total 87561, max_ep_depth=16, 0.0s)
[radix-corpus] subtree char=26 (1116 positions): emitted 1606 radix nodes  (cum total 89167, max_ep_depth=16, 0.0s)
[radix-corpus] subtree char=27 (859 positions): emitted 1234 radix nodes  (cum total 90401, max_ep_depth=16, 0.0s)
[radix-corpus] subtree char=28 (106 positions): emitted 153 radix nodes  (cum total 90554, max_ep_depth=16, 0.0s)
[radix-corpus] subtree char=29 (59 positions): emitted 7 radix nodes  (cum total 90561, max_ep_depth=16, 0.0s)
[radix-corpus] subtree char=30 (834 positions): emitted 1213 radix nodes  (cum total 91774, max_ep_depth=16, 0.0s)
[radix-corpus] subtree char=31 (1457 positions): emitted 1985 radix nodes  (cum total 93759, max_ep_depth=16, 0.0s)
[radix-corpus] subtree char=32 (1337 positions): emitted 1922 radix nodes  (cum total 95681, max_ep_depth=16, 0.0s)
[radix-corpus] subtree char=33 (1143 positions): emitted 1573 radix nodes  (cum total 97254, max_ep_depth=16, 0.0s)
[radix-corpus] subtree char=34 (183 positions): emitted 264 radix nodes  (cum total 97518, max_ep_depth=16, 0.0s)
[radix-corpus] subtree char=35 (703 positions): emitted 1038 radix nodes  (cum total 98556, max_ep_depth=16, 0.0s)
[radix-corpus] subtree char=37 (318 positions): emitted 461 radix nodes  (cum total 99017, max_ep_depth=16, 0.0s)
[radix-corpus] subtree char=38 (36 positions): emitted 51 radix nodes  (cum total 99068, max_ep_depth=16, 0.0s)
[radix-corpus] subtree char=39 (10861 positions): emitted 16001 radix nodes  (cum total 115069, max_ep_depth=16, 0.0s)
[radix-corpus] subtree char=40 (2266 positions): emitted 3339 radix nodes  (cum total 118408, max_ep_depth=16, 0.1s)
[radix-corpus] subtree char=41 (3343 positions): emitted 4879 radix nodes  (cum total 123287, max_ep_depth=16, 0.1s)
[radix-corpus] subtree char=42 (6249 positions): emitted 9146 radix nodes  (cum total 132433, max_ep_depth=16, 0.1s)
[radix-corpus] subtree char=43 (19567 positions): emitted 28528 radix nodes  (cum total 160961, max_ep_depth=16, 0.1s)
[radix-corpus] subtree char=44 (2910 positions): emitted 4272 radix nodes  (cum total 165233, max_ep_depth=16, 0.1s)
[radix-corpus] subtree char=45 (2483 positions): emitted 3638 radix nodes  (cum total 168871, max_ep_depth=16, 0.1s)
[radix-corpus] subtree char=46 (10303 positions): emitted 15090 radix nodes  (cum total 183961, max_ep_depth=16, 0.1s)
[radix-corpus] subtree char=47 (9245 positions): emitted 13401 radix nodes  (cum total 197362, max_ep_depth=16, 0.1s)
[radix-corpus] subtree char=48 (104 positions): emitted 160 radix nodes  (cum total 197522, max_ep_depth=16, 0.1s)
[radix-corpus] subtree char=49 (1292 positions): emitted 1891 radix nodes  (cum total 199413, max_ep_depth=16, 0.1s)
[radix-corpus] subtree char=50 (6475 positions): emitted 9484 radix nodes  (cum total 208897, max_ep_depth=16, 0.1s)
[radix-corpus] subtree char=51 (4385 positions): emitted 6452 radix nodes  (cum total 215349, max_ep_depth=16, 0.1s)
[radix-corpus] subtree char=52 (9727 positions): emitted 14288 radix nodes  (cum total 229637, max_ep_depth=16, 0.1s)
[radix-corpus] subtree char=53 (13303 positions): emitted 19474 radix nodes  (cum total 249111, max_ep_depth=16, 0.1s)
[radix-corpus] subtree char=54 (2258 positions): emitted 3367 radix nodes  (cum total 252478, max_ep_depth=16, 0.1s)
[radix-corpus] subtree char=55 (100 positions): emitted 146 radix nodes  (cum total 252624, max_ep_depth=16, 0.1s)
[radix-corpus] subtree char=56 (9831 positions): emitted 14308 radix nodes  (cum total 266932, max_ep_depth=16, 0.1s)
[radix-corpus] subtree char=57 (9985 positions): emitted 14574 radix nodes  (cum total 281506, max_ep_depth=16, 0.1s)
[radix-corpus] subtree char=58 (13368 positions): emitted 19555 radix nodes  (cum total 301061, max_ep_depth=16, 0.1s)
[radix-corpus] subtree char=59 (5786 positions): emitted 8442 radix nodes  (cum total 309503, max_ep_depth=16, 0.1s)
[radix-corpus] subtree char=60 (1674 positions): emitted 2460 radix nodes  (cum total 311963, max_ep_depth=16, 0.1s)
[radix-corpus] subtree char=61 (3432 positions): emitted 5021 radix nodes  (cum total 316984, max_ep_depth=16, 0.1s)
[radix-corpus] subtree char=62 (95 positions): emitted 146 radix nodes  (cum total 317130, max_ep_depth=16, 0.1s)
[radix-corpus] subtree char=63 (4024 positions): emitted 5898 radix nodes  (cum total 323028, max_ep_depth=16, 0.1s)
[radix-corpus] subtree char=64 (149 positions): emitted 225 radix nodes  (cum total 323253, max_ep_depth=16, 0.1s)
[radix-corpus] done: 323253 radix nodes, 2104480 total edge chars, 17 endpoint depths, 0.14s
  radix_count:        323253
  total_edge_chars:   2104480
  max_endpoint_depth: 16
