AGPT CUDA Training Engine
  Model: d=64 heads=4 layers=2 ff=256 vocab=65 seq=128 head_dim=16
  Loaded 108481 weight floats (423.8 KB)
  Loaded optimizer state from checkpoint (adam_t=3996)
  LR schedule horizon: 100 total SE (override; this call runs 2 SE)
Loading radix trie from /tmp/shake_66pct_n50_d16_radix...
  Radix trie: 1058599 nodes, 6317464 total edge chars, 17 endpoint depths
  Radix loaded: 1775482 counts entries, 7810041 ancestor char entries
  d_split: 699204/1058599 nodes have a mass=1 ancestor (mean depth 8.96)
  lr-schedule: warmup-cosine (peak=0.003, warmup_epochs=1)
  optimizer: rmsprop (lr=0.003)
  entropy lambda: 1.000 (branching-endpoint icing enabled)
  mass weighting: log (head-of-edge count restores corpus-frequency exposure)
  curriculum: flat (d=max each epoch)
  max edge_len: 16, max ancestor chars: 15, max KV per node: 31, max endpoint depth: 16
  mass=1 compaction: 5622524 / 6317464 chars are mass=1 (89.0%); cache holds 694940 positions
  loop points: 12458 (mass>1 leaves; 3.5% of 359394 mass>1 nodes)
  KV cache: 355.8 MB unified memory (bf16 compact)
  GPU memory: 2819.8 MB used, 5367.0 MB free, 8186.8 MB total
  65 root-child subtrees: sizes min=1 max=163029 avg=16286.1 (total=1058598 radix nodes)
Epoch 1: loss=1.648879  (4.18 sec, 65 subtrees, 167 chunks, 6317464 nodes)
  residual top-10 (subtree_mass × max(avg_loss − 1.649, 0)):
    rc   rootID   mass      avg_loss     score 
    6    203060   106860    1.8477       21244.0
    39   323288   264523    1.6860       9811.1
    5    196930   28616     1.9392       8307.9
    59   988399   120929    1.6850       4373.2
    40   376342   51941     1.7227       3833.5
    44   524559   75755     1.6823       2531.6
    46   553034   266247    1.6579       2410.4
    54   817607   47493     1.6878       1847.3
    41   387288   72969     1.6724       1713.8
    60   1013784  36599     1.6806       1160.7
    top-10: 19.6% of mass, 90.9% of excess-loss
Epoch 2: loss=1.636894  (4.07 sec, 65 subtrees, 167 chunks, 6317464 nodes)
  residual top-10 (subtree_mass × max(avg_loss − 1.637, 0)):
    rc   rootID   mass      avg_loss     score 
    6    203060   106860    1.7682       14026.6
    39   323288   264523    1.6694       8597.9
    5    196930   28616     1.8279       5465.2
    59   988399   120929    1.6742       4509.4
    40   376342   51941     1.7080       3693.9
    46   553034   266247    1.6493       3314.1
    44   524559   75755     1.6721       2667.9
    54   817607   47493     1.6813       2110.2
    41   387288   72969     1.6617       1807.9
    1    31881    944055    1.6384       1453.8
    top-10: 36.2% of mass, 88.3% of excess-loss
Saved to /home/trans/Projects/agpt/rnd/streaming-agpt-v1/models/cadence_n50_stage33.model
Done.
  Appended optimizer state to /home/trans/Projects/agpt/rnd/streaming-agpt-v1/models/cadence_n50_stage33.model (adam_t=4126)
