AGPT CUDA Training Engine
  Model: d=64 heads=4 layers=2 ff=256 vocab=65 seq=128 head_dim=16
  Loaded 108481 weight floats (423.8 KB)
  Loaded optimizer state from checkpoint (adam_t=1525)
  LR schedule horizon: 100 total SE (override; this call runs 5 SE)
Loading radix trie from /tmp/shake_30pct_n20_d16_radix...
  Radix trie: 480959 nodes, 3039567 total edge chars, 17 endpoint depths
  Radix loaded: 806676 counts entries, 3298977 ancestor char entries
  d_split: 317847/480959 nodes have a mass=1 ancestor (mean depth 8.43)
  lr-schedule: warmup-cosine (peak=0.003, warmup_epochs=1)
  optimizer: rmsprop (lr=0.003)
  entropy lambda: 1.000 (branching-endpoint icing enabled)
  mass weighting: log (head-of-edge count restores corpus-frequency exposure)
  curriculum: flat (d=max each epoch)
  max edge_len: 16, max ancestor chars: 15, max KV per node: 31, max endpoint depth: 16
  mass=1 compaction: 2723571 / 3039567 chars are mass=1 (89.6%); cache holds 315996 positions
  loop points: 5546 (mass>1 leaves; 3.4% of 163111 mass>1 nodes)
  KV cache: 161.8 MB unified memory (bf16 compact)
  GPU memory: 2775.8 MB used, 5411.0 MB free, 8186.8 MB total
  63 root-child subtrees: sizes min=1 max=73349 avg=7634.3 (total=480958 radix nodes)
Epoch 1: loss=1.888886  (2.05 sec, 63 subtrees, 103 chunks, 3039567 nodes)
  residual top-10 (subtree_mass × max(avg_loss − 1.889, 0)):
    rc   rootID   mass      avg_loss     score 
    51   342510   137742    2.1749       39389.7
    37   147839   109581    2.1173       25030.9
    50   321448   97388     2.0779       18403.9
    52   371564   20709     2.7643       18129.1
    54   376676   98067     1.9970       10605.4
    38   171461   21720     2.2721       8323.1
    57   448630   53513     2.0112       6547.6
    55   398287   99251     1.9276       3843.2
    35   146899   3399      2.5756       2334.2
    56   419614   144669    1.9042       2214.3
    top-10: 33.9% of mass, 98.0% of excess-loss
Epoch 2: loss=1.811995  (1.98 sec, 63 subtrees, 103 chunks, 3039567 nodes)
  residual top-10 (subtree_mass × max(avg_loss − 1.812, 0)):
    rc   rootID   mass      avg_loss     score 
    37   147839   109581    1.9478       14887.1
    52   371564   20709     2.1464       6925.6
    57   448630   53513     1.9127       5387.3
    5    91842    44177     1.9084       4260.2
    1    14923    395862    1.8202       3231.3
    38   171461   21720     1.9581       3172.6
    4    89132    11758     2.0067       2289.9
    42   239671   30724     1.8630       1568.0
    35   146899   3399      2.0867       933.6 
    58   460625   16324     1.8678       910.7 
    top-10: 30.5% of mass, 96.7% of excess-loss
Epoch 3: loss=1.763084  (2.03 sec, 63 subtrees, 103 chunks, 3039567 nodes)
  residual top-10 (subtree_mass × max(avg_loss − 1.763, 0)):
    rc   rootID   mass      avg_loss     score 
    57   448630   53513     2.0767       16783.3
    37   147839   109581    1.8574       10338.4
    58   460625   16324     2.0440       4585.0
    38   171461   21720     1.9333       3698.0
    5    91842    44177     1.8216       2585.2
    59   464164   34256     1.8246       2106.3
    52   371564   20709     1.8605       2017.1
    4    89132    11758     1.8743       1308.3
    42   239671   30724     1.8030       1227.1
    39   176438   32655     1.7818       612.3 
    top-10: 16.2% of mass, 98.1% of excess-loss
Epoch 4: loss=1.751075  (1.99 sec, 63 subtrees, 103 chunks, 3039567 nodes)
  residual top-10 (subtree_mass × max(avg_loss − 1.751, 0)):
    rc   rootID   mass      avg_loss     score 
    57   448630   53513     2.0784       17513.9
    37   147839   109581    1.8502       10867.2
    58   460625   16324     2.1326       6228.7
    38   171461   21720     1.9376       4052.0
    59   464164   34256     1.8515       3439.8
    5    91842    44177     1.8174       2928.6
    52   371564   20709     1.8669       2397.9
    56   419614   144669    1.7667       2254.7
    4    89132    11758     1.9146       1922.4
    42   239671   30724     1.7821       954.2 
    top-10: 21.0% of mass, 97.0% of excess-loss
Epoch 5: loss=1.730649  (2.01 sec, 63 subtrees, 103 chunks, 3039567 nodes)
  residual top-10 (subtree_mass × max(avg_loss − 1.731, 0)):
    rc   rootID   mass      avg_loss     score 
    57   448630   53513     2.1020       19873.5
    37   147839   109581    1.7982       7405.7
    56   419614   144669    1.7672       5282.8
    38   171461   21720     1.8914       3491.4
    58   460625   16324     1.9331       3305.0
    52   371564   20709     1.8816       3125.9
    5    91842    44177     1.7922       2720.5
    4    89132    11758     1.8548       1459.4
    42   239671   30724     1.7657       1077.9
    59   464164   34256     1.7516       717.0 
    top-10: 21.0% of mass, 98.5% of excess-loss
Saved to /home/trans/Projects/agpt/rnd/streaming-agpt-v1/models/cadence_n20_stage6.model
Done.
  Appended optimizer state to /home/trans/Projects/agpt/rnd/streaming-agpt-v1/models/cadence_n20_stage6.model (adam_t=1840)
