[radix-corpus] corpus: /tmp/shake_98pct_n50.txt (1093086 tokens, vocab=65)
[radix-corpus] max_depth=16, output=/tmp/shake_98pct_n50_d16_radix
[radix-corpus] subtree char=0 (39015 positions): emitted 49537 radix nodes  (cum total 49538, max_ep_depth=16, 0.0s)
[radix-corpus] subtree char=1 (166682 positions): emitted 241903 radix nodes  (cum total 291441, max_ep_depth=16, 0.2s)
[radix-corpus] subtree char=2 (2114 positions): emitted 2902 radix nodes  (cum total 294343, max_ep_depth=16, 0.2s)
[radix-corpus] subtree char=3 (1 positions): emitted 1 radix nodes  (cum total 294344, max_ep_depth=16, 0.2s)
[radix-corpus] subtree char=4 (3 positions): emitted 5 radix nodes  (cum total 294349, max_ep_depth=16, 0.2s)
[radix-corpus] subtree char=5 (6035 positions): emitted 8881 radix nodes  (cum total 303230, max_ep_depth=16, 0.2s)
[radix-corpus] subtree char=6 (19491 positions): emitted 28284 radix nodes  (cum total 331514, max_ep_depth=16, 0.2s)
[radix-corpus] subtree char=7 (1834 positions): emitted 2695 radix nodes  (cum total 334209, max_ep_depth=16, 0.2s)
[radix-corpus] subtree char=8 (7685 positions): emitted 8001 radix nodes  (cum total 342210, max_ep_depth=16, 0.2s)
[radix-corpus] subtree char=9 (27 positions): emitted 1 radix nodes  (cum total 342211, max_ep_depth=16, 0.2s)
[radix-corpus] subtree char=10 (10055 positions): emitted 14476 radix nodes  (cum total 356687, max_ep_depth=16, 0.2s)
[radix-corpus] subtree char=11 (3546 positions): emitted 5222 radix nodes  (cum total 361909, max_ep_depth=16, 0.3s)
[radix-corpus] subtree char=12 (2410 positions): emitted 2970 radix nodes  (cum total 364879, max_ep_depth=16, 0.3s)
[radix-corpus] subtree char=13 (7502 positions): emitted 10916 radix nodes  (cum total 375795, max_ep_depth=16, 0.3s)
[radix-corpus] subtree char=14 (2690 positions): emitted 3813 radix nodes  (cum total 379608, max_ep_depth=16, 0.3s)
[radix-corpus] subtree char=15 (3786 positions): emitted 5160 radix nodes  (cum total 384768, max_ep_depth=16, 0.3s)
[radix-corpus] subtree char=16 (2028 positions): emitted 2422 radix nodes  (cum total 387190, max_ep_depth=16, 0.3s)
[radix-corpus] subtree char=17 (5929 positions): emitted 7801 radix nodes  (cum total 394991, max_ep_depth=16, 0.3s)
[radix-corpus] subtree char=18 (1766 positions): emitted 2287 radix nodes  (cum total 397278, max_ep_depth=16, 0.3s)
[radix-corpus] subtree char=19 (2362 positions): emitted 2944 radix nodes  (cum total 400222, max_ep_depth=16, 0.3s)
[radix-corpus] subtree char=20 (3037 positions): emitted 4132 radix nodes  (cum total 404354, max_ep_depth=16, 0.3s)
[radix-corpus] subtree char=21 (11578 positions): emitted 16064 radix nodes  (cum total 420418, max_ep_depth=16, 0.3s)
[radix-corpus] subtree char=22 (320 positions): emitted 447 radix nodes  (cum total 420865, max_ep_depth=16, 0.3s)
[radix-corpus] subtree char=23 (1581 positions): emitted 1406 radix nodes  (cum total 422271, max_ep_depth=16, 0.3s)
[radix-corpus] subtree char=24 (3805 positions): emitted 5353 radix nodes  (cum total 427624, max_ep_depth=16, 0.3s)
[radix-corpus] subtree char=25 (2800 positions): emitted 3964 radix nodes  (cum total 431588, max_ep_depth=16, 0.3s)
[radix-corpus] subtree char=26 (4854 positions): emitted 6254 radix nodes  (cum total 437842, max_ep_depth=16, 0.3s)
[radix-corpus] subtree char=27 (5225 positions): emitted 7425 radix nodes  (cum total 445267, max_ep_depth=16, 0.3s)
[radix-corpus] subtree char=28 (1553 positions): emitted 2152 radix nodes  (cum total 447419, max_ep_depth=16, 0.3s)
[radix-corpus] subtree char=29 (231 positions): emitted 64 radix nodes  (cum total 447483, max_ep_depth=16, 0.3s)
[radix-corpus] subtree char=30 (4736 positions): emitted 6420 radix nodes  (cum total 453903, max_ep_depth=16, 0.3s)
[radix-corpus] subtree char=31 (4355 positions): emitted 5984 radix nodes  (cum total 459887, max_ep_depth=16, 0.3s)
[radix-corpus] subtree char=32 (6827 positions): emitted 9807 radix nodes  (cum total 469694, max_ep_depth=16, 0.3s)
[radix-corpus] subtree char=33 (3310 positions): emitted 4054 radix nodes  (cum total 473748, max_ep_depth=16, 0.3s)
[radix-corpus] subtree char=34 (795 positions): emitted 1080 radix nodes  (cum total 474828, max_ep_depth=16, 0.3s)
[radix-corpus] subtree char=35 (3441 positions): emitted 4974 radix nodes  (cum total 479802, max_ep_depth=16, 0.3s)
[radix-corpus] subtree char=36 (112 positions): emitted 164 radix nodes  (cum total 479966, max_ep_depth=16, 0.3s)
[radix-corpus] subtree char=37 (1707 positions): emitted 2347 radix nodes  (cum total 482313, max_ep_depth=16, 0.3s)
[radix-corpus] subtree char=38 (168 positions): emitted 236 radix nodes  (cum total 482549, max_ep_depth=16, 0.3s)
[radix-corpus] subtree char=39 (54431 positions): emitted 79651 radix nodes  (cum total 562200, max_ep_depth=16, 0.3s)
[radix-corpus] subtree char=40 (11110 positions): emitted 16337 radix nodes  (cum total 578537, max_ep_depth=16, 0.3s)
[radix-corpus] subtree char=41 (15352 positions): emitted 22365 radix nodes  (cum total 600902, max_ep_depth=16, 0.4s)
[radix-corpus] subtree char=42 (30784 positions): emitted 45017 radix nodes  (cum total 645919, max_ep_depth=16, 0.4s)
[radix-corpus] subtree char=43 (92793 positions): emitted 135323 radix nodes  (cum total 781242, max_ep_depth=16, 0.5s)
[radix-corpus] subtree char=44 (15473 positions): emitted 22716 radix nodes  (cum total 803958, max_ep_depth=16, 0.5s)
[radix-corpus] subtree char=45 (13074 positions): emitted 18977 radix nodes  (cum total 822935, max_ep_depth=16, 0.5s)
[radix-corpus] subtree char=46 (50255 positions): emitted 73440 radix nodes  (cum total 896375, max_ep_depth=16, 0.5s)
[radix-corpus] subtree char=47 (44586 positions): emitted 64783 radix nodes  (cum total 961158, max_ep_depth=16, 0.6s)
[radix-corpus] subtree char=48 (621 positions): emitted 901 radix nodes  (cum total 962059, max_ep_depth=16, 0.6s)
[radix-corpus] subtree char=49 (6928 positions): emitted 10037 radix nodes  (cum total 972096, max_ep_depth=16, 0.6s)
[radix-corpus] subtree char=50 (32738 positions): emitted 47853 radix nodes  (cum total 1019949, max_ep_depth=16, 0.6s)
[radix-corpus] subtree char=51 (21811 positions): emitted 31872 radix nodes  (cum total 1051821, max_ep_depth=16, 0.6s)
[radix-corpus] subtree char=52 (47573 positions): emitted 69683 radix nodes  (cum total 1121504, max_ep_depth=16, 0.7s)
[radix-corpus] subtree char=53 (64599 positions): emitted 94488 radix nodes  (cum total 1215992, max_ep_depth=16, 0.8s)
[radix-corpus] subtree char=54 (10584 positions): emitted 15574 radix nodes  (cum total 1231566, max_ep_depth=16, 0.8s)
[radix-corpus] subtree char=55 (600 positions): emitted 863 radix nodes  (cum total 1232429, max_ep_depth=16, 0.8s)
[radix-corpus] subtree char=56 (48024 positions): emitted 70083 radix nodes  (cum total 1302512, max_ep_depth=16, 0.8s)
[radix-corpus] subtree char=57 (48647 positions): emitted 71316 radix nodes  (cum total 1373828, max_ep_depth=16, 0.9s)
[radix-corpus] subtree char=58 (65686 positions): emitted 96269 radix nodes  (cum total 1470097, max_ep_depth=16, 1.0s)
[radix-corpus] subtree char=59 (26122 positions): emitted 38263 radix nodes  (cum total 1508360, max_ep_depth=16, 1.0s)
[radix-corpus] subtree char=60 (7658 positions): emitted 11260 radix nodes  (cum total 1519620, max_ep_depth=16, 1.0s)
[radix-corpus] subtree char=61 (17245 positions): emitted 25094 radix nodes  (cum total 1544714, max_ep_depth=16, 1.0s)
[radix-corpus] subtree char=62 (514 positions): emitted 786 radix nodes  (cum total 1545500, max_ep_depth=16, 1.0s)
[radix-corpus] subtree char=63 (20130 positions): emitted 29266 radix nodes  (cum total 1574766, max_ep_depth=16, 1.0s)
[radix-corpus] subtree char=64 (352 positions): emitted 521 radix nodes  (cum total 1575287, max_ep_depth=16, 1.0s)
[radix-corpus] done: 1575287 radix nodes, 9134025 total edge chars, 17 endpoint depths, 1.04s
  radix_count:        1575287
  total_edge_chars:   9134025
  max_endpoint_depth: 16
