AGPT CUDA Training Engine
  Model: d=64 heads=4 layers=2 ff=256 vocab=65 seq=128 head_dim=16
  Loaded 108481 weight floats (423.8 KB)
  Loaded optimizer state from checkpoint (adam_t=3680)
  LR schedule horizon: 200 total SE (override; this call runs 10 SE)
Loading radix trie from /tmp/shake_35pct_n20_se10_d16_radix...
  Radix trie: 560984 nodes, 3509268 total edge chars, 17 endpoint depths
  Radix loaded: 940857 counts entries, 3899871 ancestor char entries
  d_split: 370757/560984 nodes have a mass=1 ancestor (mean depth 8.53)
  lr-schedule: warmup-cosine (peak=0.003, warmup_epochs=1)
  optimizer: rmsprop (lr=0.003)
  entropy lambda: 1.000 (branching-endpoint icing enabled)
  mass weighting: log (head-of-edge count restores corpus-frequency exposure)
  curriculum: flat (d=max each epoch)
  max edge_len: 16, max ancestor chars: 15, max KV per node: 31, max endpoint depth: 16
  mass=1 compaction: 3141608 / 3509268 chars are mass=1 (89.5%); cache holds 367660 positions
  loop points: 6397 (mass>1 leaves; 3.4% of 190226 mass>1 nodes)
  KV cache: 188.2 MB unified memory (bf16 compact)
  GPU memory: 2781.8 MB used, 5405.0 MB free, 8186.8 MB total
  63 root-child subtrees: sizes min=1 max=85881 avg=8904.5 (total=560983 radix nodes)
Epoch 1: loss=1.726148  (2.22 sec, 63 subtrees, 116 chunks, 3509268 nodes)
  residual top-10 (subtree_mass × max(avg_loss − 1.726, 0)):
    rc   rootID   mass      avg_loss     score 
    57   523504   62493     2.2810       34672.8
    56   489648   171020    1.8000       12624.0
    52   433116   24579     2.0671       8379.1
    37   171015   130096    1.7859       7767.1
    58   537350   19103     2.0668       6507.3
    42   278052   37327     1.8553       4822.5
    5    106835   51622     1.8020       3914.1
    59   541454   40767     1.8130       3541.7
    38   198632   25836     1.8357       2830.0
    4    103729   13667     1.8636       1878.2
    top-10: 21.0% of mass, 98.9% of excess-loss
Epoch 2: loss=1.668815  (2.13 sec, 63 subtrees, 116 chunks, 3509268 nodes)
  residual top-10 (subtree_mass × max(avg_loss − 1.669, 0)):
    rc   rootID   mass      avg_loss     score 
    57   523504   62493     1.9688       18748.7
    37   171015   130096    1.7269       7562.8
    56   489648   171020    1.6911       3815.1
    42   278052   37327     1.7699       3774.4
    1    16931    469630    1.6763       3502.1
    5    106835   51622     1.7362       3480.6
    52   433116   24579     1.7763       2642.3
    38   198632   25836     1.7622       2413.0
    58   537350   19103     1.7732       1994.3
    4    103729   13667     1.7674       1347.3
    top-10: 36.7% of mass, 95.8% of excess-loss
Epoch 3: loss=1.652092  (2.13 sec, 63 subtrees, 116 chunks, 3509268 nodes)
  residual top-10 (subtree_mass × max(avg_loss − 1.652, 0)):
    rc   rootID   mass      avg_loss     score 
    57   523504   62493     1.8559       12735.1
    37   171015   130096    1.7113       7701.0
    42   278052   37327     1.8008       5551.5
    52   433116   24579     1.7716       2937.5
    5    106835   51622     1.7015       2551.1
    38   198632   25836     1.7491       2507.6
    44   292949   131518    1.6679       2081.6
    58   537350   19103     1.7534       1934.8
    56   489648   171020    1.6623       1742.6
    43   286060   30405     1.6935       1259.1
    top-10: 24.9% of mass, 91.8% of excess-loss
Epoch 4: loss=1.645407  (2.14 sec, 63 subtrees, 116 chunks, 3509268 nodes)
  residual top-10 (subtree_mass × max(avg_loss − 1.645, 0)):
    rc   rootID   mass      avg_loss     score 
    42   278052   37327     1.9160       10098.7
    57   523504   62493     1.7983       9557.5
    37   171015   130096    1.7102       8431.2
    44   292949   131518    1.6933       6292.6
    45   319068   110329    1.6979       5792.5
    43   286060   30405     1.8257       5482.3
    38   198632   25836     1.7708       3238.4
    5    106835   51622     1.7011       2877.4
    4    103729   13667     1.7542       1487.3
    52   433116   24579     1.6940       1193.7
    top-10: 22.5% of mass, 96.4% of excess-loss
Epoch 5: loss=1.662323  (2.14 sec, 63 subtrees, 116 chunks, 3509268 nodes)
  residual top-10 (subtree_mass × max(avg_loss − 1.662, 0)):
    rc   rootID   mass      avg_loss     score 
    57   523504   62493     2.3284       41625.5
    59   541454   40767     1.9168       10373.2
    58   537350   19103     2.1300       8933.2
    61   550209   51645     1.8010       7162.8
    37   171015   130096    1.7083       5977.0
    52   433116   24579     1.8543       4718.7
    42   278052   37327     1.7585       3589.1
    56   489648   171020    1.6808       3167.8
    38   198632   25836     1.7618       2571.2
    45   319068   110329    1.6711       970.2 
    top-10: 24.5% of mass, 97.7% of excess-loss
Epoch 6: loss=1.722399  (2.13 sec, 63 subtrees, 116 chunks, 3509268 nodes)
  residual top-10 (subtree_mass × max(avg_loss − 1.722, 0)):
    rc   rootID   mass      avg_loss     score 
    57   523504   62493     2.2950       35780.8
    56   489648   171020    1.8494       21717.7
    1    16931    469630    1.7439       10105.1
    37   171015   130096    1.7653       5587.3
    58   537350   19103     1.9617       4570.7
    42   278052   37327     1.8445       4557.7
    52   433116   24579     1.8775       3812.5
    59   541454   40767     1.8019       3239.9
    5    106835   51622     1.7831       3135.9
    38   198632   25836     1.8390       3012.3
    top-10: 37.6% of mass, 96.4% of excess-loss
Epoch 7: loss=1.652279  (2.14 sec, 63 subtrees, 116 chunks, 3509268 nodes)
  residual top-10 (subtree_mass × max(avg_loss − 1.652, 0)):
    rc   rootID   mass      avg_loss     score 
    37   171015   130096    1.7474       12380.3
    57   523504   62493     1.8200       10482.2
    42   278052   37327     1.8047       5687.8
    5    106835   51622     1.7545       5279.0
    38   198632   25836     1.7797       3290.9
    4    103729   13667     1.8103       2159.2
    39   204440   37954     1.6907       1457.5
    44   292949   131518    1.6633       1453.2
    1    16931    469630    1.6552       1353.6
    43   286060   30405     1.6885       1102.3
    top-10: 36.1% of mass, 94.7% of excess-loss
Epoch 8: loss=1.663262  (2.13 sec, 63 subtrees, 116 chunks, 3509268 nodes)
  residual top-10 (subtree_mass × max(avg_loss − 1.663, 0)):
    rc   rootID   mass      avg_loss     score 
    37   171015   130096    1.8748       27521.1
    57   523504   62493     1.8989       14725.9
    42   278052   37327     1.8365       6465.3
    38   198632   25836     1.8688       5311.3
    39   204440   37954     1.7414       2964.6
    40   212779   77591     1.7009       2918.7
    44   292949   131518    1.6849       2841.6
    43   286060   30405     1.7310       2060.6
    45   319068   110329    1.6807       1925.9
    35   169911   4146      2.0084       1431.0
    top-10: 23.6% of mass, 94.5% of excess-loss
Epoch 9: loss=1.621945  (2.14 sec, 63 subtrees, 116 chunks, 3509268 nodes)
  residual top-10 (subtree_mass × max(avg_loss − 1.622, 0)):
    rc   rootID   mass      avg_loss     score 
    37   171015   130096    1.7015       10353.6
    57   523504   62493     1.7809       9935.1
    42   278052   37327     1.7264       3900.0
    5    106835   51622     1.6764       2810.6
    38   198632   25836     1.7270       2715.2
    52   433116   24579     1.7096       2153.6
    44   292949   131518    1.6361       1860.0
    56   489648   171020    1.6298       1345.3
    4    103729   13667     1.7146       1266.9
    39   204440   37954     1.6515       1123.5
    top-10: 25.0% of mass, 92.8% of excess-loss
Epoch 10: loss=1.615662  (2.14 sec, 63 subtrees, 116 chunks, 3509268 nodes)
  residual top-10 (subtree_mass × max(avg_loss − 1.616, 0)):
    rc   rootID   mass      avg_loss     score 
    57   523504   62493     1.9610       21580.0
    37   171015   130096    1.6847       8980.3
    56   489648   171020    1.6410       4325.8
    42   278052   37327     1.7194       3870.6
    38   198632   25836     1.7306       2970.6
    5    106835   51622     1.6620       2394.6
    58   537350   19103     1.7308       2200.1
    52   433116   24579     1.6884       1788.7
    44   292949   131518    1.6261       1378.9
    59   541454   40767     1.6451       1200.4
    top-10: 25.3% of mass, 94.8% of excess-loss
Saved to /home/trans/Projects/agpt/rnd/streaming-agpt-v1/models/cadence_n20_se10_stage7.model
Done.
  Appended optimizer state to /home/trans/Projects/agpt/rnd/streaming-agpt-v1/models/cadence_n20_se10_stage7.model (adam_t=4310)
