[radix-corpus] corpus: /tmp/shake_100pct_n20.txt (1115394 tokens, vocab=65)
[radix-corpus] max_depth=16, output=/tmp/shake_100pct_n20_d16_radix
[radix-corpus] subtree char=0 (40000 positions): emitted 50943 radix nodes  (cum total 50944, max_ep_depth=16, 0.0s)
[radix-corpus] subtree char=1 (169892 positions): emitted 246583 radix nodes  (cum total 297527, max_ep_depth=16, 0.3s)
[radix-corpus] subtree char=2 (2172 positions): emitted 2999 radix nodes  (cum total 300526, max_ep_depth=16, 0.3s)
[radix-corpus] subtree char=3 (1 positions): emitted 1 radix nodes  (cum total 300527, max_ep_depth=16, 0.3s)
[radix-corpus] subtree char=4 (3 positions): emitted 5 radix nodes  (cum total 300532, max_ep_depth=16, 0.3s)
[radix-corpus] subtree char=5 (6187 positions): emitted 9112 radix nodes  (cum total 309644, max_ep_depth=16, 0.3s)
[radix-corpus] subtree char=6 (19846 positions): emitted 28770 radix nodes  (cum total 338414, max_ep_depth=16, 0.3s)
[radix-corpus] subtree char=7 (1897 positions): emitted 2784 radix nodes  (cum total 341198, max_ep_depth=16, 0.3s)
[radix-corpus] subtree char=8 (7885 positions): emitted 8245 radix nodes  (cum total 349443, max_ep_depth=16, 0.3s)
[radix-corpus] subtree char=9 (27 positions): emitted 1 radix nodes  (cum total 349444, max_ep_depth=16, 0.3s)
[radix-corpus] subtree char=10 (10316 positions): emitted 14856 radix nodes  (cum total 364300, max_ep_depth=16, 0.3s)
[radix-corpus] subtree char=11 (3628 positions): emitted 5339 radix nodes  (cum total 369639, max_ep_depth=16, 0.3s)
[radix-corpus] subtree char=12 (2462 positions): emitted 3046 radix nodes  (cum total 372685, max_ep_depth=16, 0.3s)
[radix-corpus] subtree char=13 (7819 positions): emitted 11381 radix nodes  (cum total 384066, max_ep_depth=16, 0.3s)
[radix-corpus] subtree char=14 (2761 positions): emitted 3914 radix nodes  (cum total 387980, max_ep_depth=16, 0.3s)
[radix-corpus] subtree char=15 (3820 positions): emitted 5212 radix nodes  (cum total 393192, max_ep_depth=16, 0.3s)
[radix-corpus] subtree char=16 (2089 positions): emitted 2510 radix nodes  (cum total 395702, max_ep_depth=16, 0.3s)
[radix-corpus] subtree char=17 (6041 positions): emitted 7968 radix nodes  (cum total 403670, max_ep_depth=16, 0.4s)
[radix-corpus] subtree char=18 (1797 positions): emitted 2333 radix nodes  (cum total 406003, max_ep_depth=16, 0.4s)
[radix-corpus] subtree char=19 (2399 positions): emitted 3001 radix nodes  (cum total 409004, max_ep_depth=16, 0.4s)
[radix-corpus] subtree char=20 (3068 positions): emitted 4177 radix nodes  (cum total 413181, max_ep_depth=16, 0.4s)
[radix-corpus] subtree char=21 (11832 positions): emitted 16431 radix nodes  (cum total 429612, max_ep_depth=16, 0.4s)
[radix-corpus] subtree char=22 (320 positions): emitted 447 radix nodes  (cum total 430059, max_ep_depth=16, 0.4s)
[radix-corpus] subtree char=23 (1584 positions): emitted 1409 radix nodes  (cum total 431468, max_ep_depth=16, 0.4s)
[radix-corpus] subtree char=24 (3876 positions): emitted 5452 radix nodes  (cum total 436920, max_ep_depth=16, 0.4s)
[radix-corpus] subtree char=25 (2840 positions): emitted 4026 radix nodes  (cum total 440946, max_ep_depth=16, 0.4s)
[radix-corpus] subtree char=26 (5079 positions): emitted 6575 radix nodes  (cum total 447521, max_ep_depth=16, 0.4s)
[radix-corpus] subtree char=27 (5481 positions): emitted 7797 radix nodes  (cum total 455318, max_ep_depth=16, 0.4s)
[radix-corpus] subtree char=28 (1641 positions): emitted 2278 radix nodes  (cum total 457596, max_ep_depth=16, 0.4s)
[radix-corpus] subtree char=29 (231 positions): emitted 64 radix nodes  (cum total 457660, max_ep_depth=16, 0.4s)
[radix-corpus] subtree char=30 (4869 positions): emitted 6620 radix nodes  (cum total 464280, max_ep_depth=16, 0.4s)
[radix-corpus] subtree char=31 (4523 positions): emitted 6232 radix nodes  (cum total 470512, max_ep_depth=16, 0.4s)
[radix-corpus] subtree char=32 (7015 positions): emitted 10104 radix nodes  (cum total 480616, max_ep_depth=16, 0.4s)
[radix-corpus] subtree char=33 (3313 positions): emitted 4058 radix nodes  (cum total 484674, max_ep_depth=16, 0.4s)
[radix-corpus] subtree char=34 (798 positions): emitted 1084 radix nodes  (cum total 485758, max_ep_depth=16, 0.4s)
[radix-corpus] subtree char=35 (3530 positions): emitted 5106 radix nodes  (cum total 490864, max_ep_depth=16, 0.4s)
[radix-corpus] subtree char=36 (112 positions): emitted 164 radix nodes  (cum total 491028, max_ep_depth=16, 0.4s)
[radix-corpus] subtree char=37 (1718 positions): emitted 2362 radix nodes  (cum total 493390, max_ep_depth=16, 0.4s)
[radix-corpus] subtree char=38 (198 positions): emitted 281 radix nodes  (cum total 493671, max_ep_depth=16, 0.4s)
[radix-corpus] subtree char=39 (55507 positions): emitted 81240 radix nodes  (cum total 574911, max_ep_depth=16, 0.4s)
[radix-corpus] subtree char=40 (11321 positions): emitted 16644 radix nodes  (cum total 591555, max_ep_depth=16, 0.4s)
[radix-corpus] subtree char=41 (15623 positions): emitted 22766 radix nodes  (cum total 614321, max_ep_depth=16, 0.4s)
[radix-corpus] subtree char=42 (31358 positions): emitted 45866 radix nodes  (cum total 660187, max_ep_depth=16, 0.5s)
[radix-corpus] subtree char=43 (94611 positions): emitted 137981 radix nodes  (cum total 798168, max_ep_depth=16, 0.6s)
[radix-corpus] subtree char=44 (15770 positions): emitted 23150 radix nodes  (cum total 821318, max_ep_depth=16, 0.6s)
[radix-corpus] subtree char=45 (13356 positions): emitted 19396 radix nodes  (cum total 840714, max_ep_depth=16, 0.6s)
[radix-corpus] subtree char=46 (51310 positions): emitted 74980 radix nodes  (cum total 915694, max_ep_depth=16, 0.6s)
[radix-corpus] subtree char=47 (45537 positions): emitted 66174 radix nodes  (cum total 981868, max_ep_depth=16, 0.7s)
[radix-corpus] subtree char=48 (628 positions): emitted 915 radix nodes  (cum total 982783, max_ep_depth=16, 0.7s)
[radix-corpus] subtree char=49 (7088 positions): emitted 10273 radix nodes  (cum total 993056, max_ep_depth=16, 0.7s)
[radix-corpus] subtree char=50 (33339 positions): emitted 48748 radix nodes  (cum total 1041804, max_ep_depth=16, 0.7s)
[radix-corpus] subtree char=51 (22243 positions): emitted 32513 radix nodes  (cum total 1074317, max_ep_depth=16, 0.7s)
[radix-corpus] subtree char=52 (48529 positions): emitted 71104 radix nodes  (cum total 1145421, max_ep_depth=16, 0.7s)
[radix-corpus] subtree char=53 (65798 positions): emitted 96268 radix nodes  (cum total 1241689, max_ep_depth=16, 0.8s)
[radix-corpus] subtree char=54 (10808 positions): emitted 15890 radix nodes  (cum total 1257579, max_ep_depth=16, 0.8s)
[radix-corpus] subtree char=55 (609 positions): emitted 874 radix nodes  (cum total 1258453, max_ep_depth=16, 0.8s)
[radix-corpus] subtree char=56 (48889 positions): emitted 71351 radix nodes  (cum total 1329804, max_ep_depth=16, 0.8s)
[radix-corpus] subtree char=57 (49696 positions): emitted 72848 radix nodes  (cum total 1402652, max_ep_depth=16, 0.9s)
[radix-corpus] subtree char=58 (67009 positions): emitted 98201 radix nodes  (cum total 1500853, max_ep_depth=16, 0.9s)
[radix-corpus] subtree char=59 (26584 positions): emitted 38948 radix nodes  (cum total 1539801, max_ep_depth=16, 1.0s)
[radix-corpus] subtree char=60 (7793 positions): emitted 11459 radix nodes  (cum total 1551260, max_ep_depth=16, 1.0s)
[radix-corpus] subtree char=61 (17585 positions): emitted 25600 radix nodes  (cum total 1576860, max_ep_depth=16, 1.0s)
[radix-corpus] subtree char=62 (529 positions): emitted 808 radix nodes  (cum total 1577668, max_ep_depth=16, 1.0s)
[radix-corpus] subtree char=63 (20448 positions): emitted 29733 radix nodes  (cum total 1607401, max_ep_depth=16, 1.0s)
[radix-corpus] subtree char=64 (356 positions): emitted 527 radix nodes  (cum total 1607928, max_ep_depth=16, 1.0s)
[radix-corpus] done: 1607928 radix nodes, 9313896 total edge chars, 17 endpoint depths, 1.01s
  radix_count:        1607928
  total_edge_chars:   9313896
  max_endpoint_depth: 16
