AGPT CUDA Training Engine
  Model: d=64 heads=4 layers=2 ff=256 vocab=65 seq=128 head_dim=16
  Loaded 108481 weight floats (423.8 KB)
  Loaded optimizer state from checkpoint (adam_t=9430)
  LR schedule horizon: 200 total SE (override; this call runs 10 SE)
Loading radix trie from /tmp/shake_80pct_n20_se10_d16_radix...
  Radix trie: 1286476 nodes, 7584145 total edge chars, 17 endpoint depths
  Radix loaded: 2157531 counts entries, 9627860 ancestor char entries
  d_split: 850432/1286476 nodes have a mass=1 ancestor (mean depth 9.06)
  lr-schedule: warmup-cosine (peak=0.003, warmup_epochs=1)
  optimizer: rmsprop (lr=0.003)
  entropy lambda: 1.000 (branching-endpoint icing enabled)
  mass weighting: log (head-of-edge count restores corpus-frequency exposure)
  curriculum: flat (d=max each epoch)
  max edge_len: 16, max ancestor chars: 15, max KV per node: 31, max endpoint depth: 16
  mass=1 compaction: 6751043 / 7584145 chars are mass=1 (89.0%); cache holds 833102 positions
  loop points: 14483 (mass>1 leaves; 3.3% of 436043 mass>1 nodes)
  KV cache: 426.5 MB unified memory (bf16 compact)
  GPU memory: 2832.4 MB used, 5354.4 MB free, 8186.8 MB total
  65 root-child subtrees: sizes min=1 max=197974 avg=19791.9 (total=1286475 radix nodes)
Epoch 1: loss=1.551028  (4.78 sec, 65 subtrees, 195 chunks, 7584145 nodes)
  residual top-10 (subtree_mass × max(avg_loss − 1.551, 0)):
    rc   rootID   mass      avg_loss     score 
    6    247603   131133    1.8323       36883.2
    5    240179   35268     1.9467       13954.4
    1    39823    1165221   1.5592       9550.6
    39   391765   326377    1.5777       8715.6
    59   1200944  150792    1.5877       5537.0
    40   456196   65267     1.6140       4109.8
    2    237797   10731     1.8508       3217.0
    44   636125   94121     1.5810       2822.8
    41   469606   90181     1.5817       2768.5
    10   279131   63085     1.5939       2706.1
    top-10: 31.6% of mass, 90.2% of excess-loss
Epoch 2: loss=1.529985  (4.68 sec, 65 subtrees, 195 chunks, 7584144 nodes)
  residual top-10 (subtree_mass × max(avg_loss − 1.530, 0)):
    rc   rootID   mass      avg_loss     score 
    1    39823    1165221   1.5441       16504.4
    6    247603   131133    1.6511       15877.8
    39   391765   326377    1.5514       6979.5
    5    240179   35268     1.7015       6048.2
    40   456196   65267     1.5946       4216.5
    59   1200944  150792    1.5567       4022.1
    46   670669   330144    1.5419       3920.5
    44   636125   94121     1.5657       3358.1
    41   469606   90181     1.5638       3051.9
    54   992577   60484     1.5756       2758.7
    top-10: 36.3% of mass, 92.6% of excess-loss
Epoch 3: loss=1.523784  (4.68 sec, 65 subtrees, 195 chunks, 7584145 nodes)
  residual top-10 (subtree_mass × max(avg_loss − 1.524, 0)):
    rc   rootID   mass      avg_loss     score 
    1    39823    1165221   1.5349       12910.1
    6    247603   131133    1.6193       12521.9
    39   391765   326377    1.5457       7159.9
    5    240179   35268     1.6621       4878.0
    46   670669   330144    1.5375       4527.4
    59   1200944  150792    1.5526       4350.1
    40   456196   65267     1.5903       4342.4
    44   636125   94121     1.5623       3623.5
    41   469606   90181     1.5580       3088.5
    54   992577   60484     1.5710       2854.9
    top-10: 36.3% of mass, 90.3% of excess-loss
Epoch 4: loss=1.521062  (4.69 sec, 65 subtrees, 195 chunks, 7584145 nodes)
  residual top-10 (subtree_mass × max(avg_loss − 1.521, 0)):
    rc   rootID   mass      avg_loss     score 
    6    247603   131133    1.6129       12048.6
    1    39823    1165221   1.5303       10804.3
    39   391765   326377    1.5431       7176.8
    46   670669   330144    1.5351       4634.2
    59   1200944  150792    1.5518       4630.3
    5    240179   35268     1.6516       4602.6
    40   456196   65267     1.5873       4324.8
    44   636125   94121     1.5580       3476.8
    41   469606   90181     1.5558       3136.3
    54   992577   60484     1.5696       2937.0
    top-10: 36.3% of mass, 88.7% of excess-loss
Epoch 5: loss=1.519061  (4.69 sec, 65 subtrees, 195 chunks, 7584144 nodes)
  residual top-10 (subtree_mass × max(avg_loss − 1.519, 0)):
    rc   rootID   mass      avg_loss     score 
    6    247603   131133    1.6123       12226.0
    1    39823    1165221   1.5281       10507.4
    39   391765   326377    1.5410       7154.2
    46   670669   330144    1.5335       4777.1
    5    240179   35268     1.6512       4660.5
    40   456196   65267     1.5866       4406.3
    44   636125   94121     1.5577       3638.7
    59   1200944  150792    1.5428       3575.7
    41   469606   90181     1.5539       3144.1
    54   992577   60484     1.5667       2879.6
    top-10: 36.3% of mass, 88.3% of excess-loss
Epoch 6: loss=1.517118  (4.68 sec, 65 subtrees, 195 chunks, 7584145 nodes)
  residual top-10 (subtree_mass × max(avg_loss − 1.517, 0)):
    rc   rootID   mass      avg_loss     score 
    6    247603   131133    1.6042       11413.5
    1    39823    1165221   1.5253       9511.9
    39   391765   326377    1.5387       7034.5
    46   670669   330144    1.5324       5033.4
    40   456196   65267     1.5842       4376.1
    5    240179   35268     1.6382       4268.6
    59   1200944  150792    1.5422       3788.0
    44   636125   94121     1.5550       3562.1
    41   469606   90181     1.5523       3170.0
    54   992577   60484     1.5654       2921.2
    top-10: 36.3% of mass, 86.7% of excess-loss
Epoch 7: loss=1.515732  (4.68 sec, 65 subtrees, 195 chunks, 7584145 nodes)
  residual top-10 (subtree_mass × max(avg_loss − 1.516, 0)):
    rc   rootID   mass      avg_loss     score 
    6    247603   131133    1.5997       11013.9
    1    39823    1165221   1.5238       9352.9
    39   391765   326377    1.5370       6928.2
    46   670669   330144    1.5312       5114.6
    40   456196   65267     1.5817       4305.2
    5    240179   35268     1.6319       4097.7
    44   636125   94121     1.5542       3616.6
    59   1200944  150792    1.5387       3465.0
    41   469606   90181     1.5507       3154.9
    54   992577   60484     1.5635       2889.7
    top-10: 36.3% of mass, 86.1% of excess-loss
Epoch 8: loss=1.515388  (4.69 sec, 65 subtrees, 195 chunks, 7584145 nodes)
  residual top-10 (subtree_mass × max(avg_loss − 1.515, 0)):
    rc   rootID   mass      avg_loss     score 
    6    247603   131133    1.6007       11192.6
    1    39823    1165221   1.5221       7791.4
    39   391765   326377    1.5371       7089.9
    46   670669   330144    1.5306       5011.5
    40   456196   65267     1.5819       4339.2
    5    240179   35268     1.6348       4212.7
    44   636125   94121     1.5531       3551.0
    41   469606   90181     1.5518       3284.6
    59   1200944  150792    1.5369       3239.6
    54   992577   60484     1.5647       2983.2
    top-10: 36.3% of mass, 85.3% of excess-loss
Epoch 9: loss=1.513344  (4.68 sec, 65 subtrees, 195 chunks, 7584144 nodes)
  residual top-10 (subtree_mass × max(avg_loss − 1.513, 0)):
    rc   rootID   mass      avg_loss     score 
    6    247603   131133    1.5893       9956.4
    1    39823    1165221   1.5207       8602.9
    39   391765   326377    1.5348       7012.9
    46   670669   330144    1.5296       5372.2
    40   456196   65267     1.5801       4356.2
    5    240179   35268     1.6186       3712.0
    44   636125   94121     1.5521       3648.4
    41   469606   90181     1.5492       3237.8
    59   1200944  150792    1.5335       3043.8
    54   992577   60484     1.5612       2897.4
    top-10: 36.3% of mass, 84.5% of excess-loss
Epoch 10: loss=1.512699  (4.69 sec, 65 subtrees, 195 chunks, 7584145 nodes)
  residual top-10 (subtree_mass × max(avg_loss − 1.513, 0)):
    rc   rootID   mass      avg_loss     score 
    6    247603   131133    1.5877       9831.5
    1    39823    1165221   1.5210       9631.6
    39   391765   326377    1.5334       6745.2
    46   670669   330144    1.5286       5241.9
    40   456196   65267     1.5800       4395.1
    5    240179   35268     1.6174       3694.2
    44   636125   94121     1.5513       3634.6
    41   469606   90181     1.5482       3203.8
    54   992577   60484     1.5630       3041.3
    59   1200944  150792    1.5317       2872.5
    top-10: 36.3% of mass, 84.8% of excess-loss
Saved to /home/trans/Projects/agpt/rnd/streaming-agpt-v1/models/cadence_n20_se10_stage16.model
Done.
  Appended optimizer state to /home/trans/Projects/agpt/rnd/streaming-agpt-v1/models/cadence_n20_se10_stage16.model (adam_t=10080)
