AGPT CUDA Training Engine
  Model: d=64 heads=4 layers=2 ff=256 vocab=65 seq=128 head_dim=16
  Loaded 108481 weight floats (423.8 KB)
  Loaded optimizer state from checkpoint (adam_t=9820)
  LR schedule horizon: 500 total SE (override; this call runs 10 SE)
Loading radix trie from /tmp/shake_34pct_n50_se10_d16_radix...
  Radix trie: 545066 nodes, 3416398 total edge chars, 17 endpoint depths
  Radix loaded: 914159 counts entries, 3779356 ancestor char entries
  d_split: 360234/545066 nodes have a mass=1 ancestor (mean depth 8.51)
  lr-schedule: warmup-cosine (peak=0.003, warmup_epochs=1)
  optimizer: rmsprop (lr=0.003)
  entropy lambda: 1.000 (branching-endpoint icing enabled)
  mass weighting: log (head-of-edge count restores corpus-frequency exposure)
  curriculum: flat (d=max each epoch)
  max edge_len: 16, max ancestor chars: 15, max KV per node: 31, max endpoint depth: 16
  mass=1 compaction: 3059024 / 3416398 chars are mass=1 (89.5%); cache holds 357374 positions
  loop points: 6221 (mass>1 leaves; 3.4% of 184831 mass>1 nodes)
  KV cache: 183.0 MB unified memory (bf16 compact)
  GPU memory: 2782.1 MB used, 5404.8 MB free, 8186.8 MB total
  63 root-child subtrees: sizes min=1 max=83409 avg=8651.8 (total=545065 radix nodes)
Epoch 1: loss=1.593672  (2.15 sec, 63 subtrees, 115 chunks, 3416398 nodes)
  residual top-10 (subtree_mass × max(avg_loss − 1.594, 0)):
    rc   rootID   mass      avg_loss     score 
    57   508585   60846     1.9936       24333.0
    42   270381   35951     1.8232       8252.7
    56   475669   165866    1.6408       7818.3
    37   166533   125641    1.6496       7026.0
    52   420796   23829     1.7522       3777.1
    44   284755   127288    1.6230       3734.5
    45   310092   106875    1.6273       3591.1
    43   278112   29247     1.7156       3565.2
    38   193294   24895     1.7145       3007.6
    58   522102   18517     1.7484       2865.5
    top-10: 27.1% of mass, 93.8% of excess-loss
Epoch 2: loss=1.558270  (2.08 sec, 63 subtrees, 115 chunks, 3416398 nodes)
  residual top-10 (subtree_mass × max(avg_loss − 1.558, 0)):
    rc   rootID   mass      avg_loss     score 
    57   508585   60846     1.8511       17816.9
    37   166533   125641    1.6236       8213.4
    42   270381   35951     1.7322       6253.6
    56   475669   165866    1.5784       3343.8
    58   522102   18517     1.7213       3019.4
    52   420796   23829     1.6630       2495.7
    38   193294   24895     1.6556       2424.2
    44   284755   127288    1.5755       2195.5
    59   526090   39378     1.6059       1873.8
    5    103912   50139     1.5922       1699.0
    top-10: 25.3% of mass, 94.3% of excess-loss
Epoch 3: loss=1.588451  (2.08 sec, 63 subtrees, 115 chunks, 3416398 nodes)
  residual top-10 (subtree_mass × max(avg_loss − 1.588, 0)):
    rc   rootID   mass      avg_loss     score 
    57   508585   60846     1.9534       22207.7
    37   166533   125641    1.7555       20992.5
    42   270381   35951     1.8059       7818.9
    38   193294   24895     1.7608       4289.7
    56   475669   165866    1.6109       3729.2
    44   284755   127288    1.6132       3151.6
    43   278112   29247     1.6832       2770.2
    58   522102   18517     1.7109       2267.6
    39   198912   36908     1.6392       1874.1
    52   420796   23829     1.6665       1860.5
    top-10: 24.4% of mass, 91.3% of excess-loss
Epoch 4: loss=1.562799  (2.08 sec, 63 subtrees, 115 chunks, 3416398 nodes)
  residual top-10 (subtree_mass × max(avg_loss − 1.563, 0)):
    rc   rootID   mass      avg_loss     score 
    57   508585   60846     1.7400       10781.7
    37   166533   125641    1.6480       10698.8
    42   270381   35951     1.7656       7290.9
    44   284755   127288    1.5969       4344.5
    38   193294   24895     1.6853       3050.6
    52   420796   23829     1.6849       2909.4
    43   278112   29247     1.6348       2105.3
    5    103912   50139     1.6025       1991.5
    45   310092   106875    1.5797       1805.2
    58   522102   18517     1.6365       1364.8
    top-10: 22.7% of mass, 91.9% of excess-loss
Epoch 5: loss=1.575617  (2.08 sec, 63 subtrees, 115 chunks, 3416398 nodes)
  residual top-10 (subtree_mass × max(avg_loss − 1.576, 0)):
    rc   rootID   mass      avg_loss     score 
    5    103912   50139     1.8905       15788.1
    37   166533   125641    1.6738       12337.1
    4    100874   13318     2.1769       8007.5
    57   508585   60846     1.7015       7660.5
    42   270381   35951     1.7088       4789.0
    38   193294   24895     1.7203       3602.0
    44   284755   127288    1.5923       2128.6
    52   420796   23829     1.6629       2079.7
    43   278112   29247     1.6341       1711.6
    39   198912   36908     1.6064       1137.7
    top-10: 19.9% of mass, 94.7% of excess-loss
Epoch 6: loss=1.573922  (2.08 sec, 63 subtrees, 115 chunks, 3416398 nodes)
  residual top-10 (subtree_mass × max(avg_loss − 1.574, 0)):
    rc   rootID   mass      avg_loss     score 
    42   270381   35951     1.9033       11842.0
    37   166533   125641    1.6667       11660.7
    57   508585   60846     1.7445       10381.5
    44   284755   127288    1.6339       7628.2
    45   310092   106875    1.6334       6360.6
    43   278112   29247     1.7739       5849.0
    38   193294   24895     1.7115       3424.6
    52   420796   23829     1.6940       2861.5
    5    103912   50139     1.6099       1803.2
    58   522102   18517     1.6694       1767.2
    top-10: 22.7% of mass, 95.2% of excess-loss
Epoch 7: loss=1.552145  (2.08 sec, 63 subtrees, 115 chunks, 3416398 nodes)
  residual top-10 (subtree_mass × max(avg_loss − 1.552, 0)):
    rc   rootID   mass      avg_loss     score 
    57   508585   60846     1.8347       17194.3
    37   166533   125641    1.6180       8271.3
    42   270381   35951     1.7328       6494.7
    38   193294   24895     1.6881       3384.3
    44   284755   127288    1.5778       3267.5
    56   475669   165866    1.5707       3071.8
    52   420796   23829     1.6579       2519.4
    45   310092   106875    1.5729       2220.2
    43   278112   29247     1.6235       2085.8
    5    103912   50139     1.5879       1794.1
    top-10: 28.2% of mass, 92.2% of excess-loss
Epoch 8: loss=1.566146  (2.08 sec, 63 subtrees, 115 chunks, 3416398 nodes)
  residual top-10 (subtree_mass × max(avg_loss − 1.566, 0)):
    rc   rootID   mass      avg_loss     score 
    57   508585   60846     1.8728       18660.2
    37   166533   125641    1.6455       9971.2
    42   270381   35951     1.7642       7118.6
    44   284755   127288    1.6114       5765.2
    43   278112   29247     1.7121       4267.6
    38   193294   24895     1.7137       3674.1
    56   475669   165866    1.5849       3107.4
    45   310092   106875    1.5941       2991.3
    52   420796   23829     1.6833       2791.9
    58   522102   18517     1.6819       2143.8
    top-10: 27.1% of mass, 92.6% of excess-loss
Epoch 9: loss=1.559950  (2.08 sec, 63 subtrees, 115 chunks, 3416398 nodes)
  residual top-10 (subtree_mass × max(avg_loss − 1.560, 0)):
    rc   rootID   mass      avg_loss     score 
    57   508585   60846     1.7800       13386.2
    37   166533   125641    1.6449       10678.5
    52   420796   23829     1.7576       4709.8
    42   270381   35951     1.6592       3569.1
    56   475669   165866    1.5801       3347.3
    38   193294   24895     1.6882       3191.7
    58   522102   18517     1.6948       2497.4
    5    103912   50139     1.6044       2230.8
    44   284755   127288    1.5753       1956.8
    59   526090   39378     1.5985       1519.1
    top-10: 25.3% of mass, 92.0% of excess-loss
Epoch 10: loss=1.576676  (2.08 sec, 63 subtrees, 115 chunks, 3416398 nodes)
  residual top-10 (subtree_mass × max(avg_loss − 1.577, 0)):
    rc   rootID   mass      avg_loss     score 
    57   508585   60846     1.8001       13592.0
    37   166533   125641    1.6471       8852.3
    42   270381   35951     1.8056       8229.7
    44   284755   127288    1.6282       6559.4
    45   310092   106875    1.6247       5136.1
    52   420796   23829     1.7600       4367.6
    43   278112   29247     1.6950       3460.5
    38   193294   24895     1.6990       3045.4
    56   475669   165866    1.5937       2816.5
    58   522102   18517     1.6334       1049.6
    top-10: 27.1% of mass, 95.3% of excess-loss
Saved to /home/trans/Projects/agpt/rnd/streaming-agpt-v1/models/cadence_n50_se10_stage17.model
Done.
  Appended optimizer state to /home/trans/Projects/agpt/rnd/streaming-agpt-v1/models/cadence_n50_se10_stage17.model (adam_t=10450)
