AGPT CUDA Training Engine
  Model: d=64 heads=4 layers=2 ff=256 vocab=65 seq=128 head_dim=16
  Loaded 108481 weight floats (423.8 KB)
  Loaded optimizer state from checkpoint (adam_t=4646)
  LR schedule horizon: 100 total SE (override; this call runs 2 SE)
Loading radix trie from /tmp/shake_76pct_n50_d16_radix...
  Radix trie: 1221825 nodes, 7233655 total edge chars, 17 endpoint depths
  Radix loaded: 2049177 counts entries, 9100422 ancestor char entries
  d_split: 807786/1221825 nodes have a mass=1 ancestor (mean depth 9.03)
  lr-schedule: warmup-cosine (peak=0.003, warmup_epochs=1)
  optimizer: rmsprop (lr=0.003)
  entropy lambda: 1.000 (branching-endpoint icing enabled)
  mass weighting: log (head-of-edge count restores corpus-frequency exposure)
  curriculum: flat (d=max each epoch)
  max edge_len: 16, max ancestor chars: 15, max KV per node: 31, max endpoint depth: 16
  mass=1 compaction: 6441821 / 7233655 chars are mass=1 (89.1%); cache holds 791834 positions
  loop points: 13756 (mass>1 leaves; 3.3% of 414038 mass>1 nodes)
  KV cache: 405.4 MB unified memory (bf16 compact)
  GPU memory: 2824.0 MB used, 5362.8 MB free, 8186.8 MB total
  65 root-child subtrees: sizes min=1 max=188223 avg=18797.3 (total=1221824 radix nodes)
Epoch 1: loss=1.626636  (4.77 sec, 65 subtrees, 184 chunks, 7233655 nodes)
  residual top-10 (subtree_mass × max(avg_loss − 1.627, 0)):
    rc   rootID   mass      avg_loss     score 
    6    235019   124182    1.7078       10085.1
    39   371210   309260    1.6517       7754.5
    46   636894   313282    1.6472       6452.0
    40   432487   61713     1.6909       3964.4
    5    227890   33642     1.7375       3729.7
    1    37381    1102618   1.6300       3719.2
    44   603950   88976     1.6648       3393.6
    59   1140819  141984    1.6476       2981.8
    54   943024   56645     1.6664       2250.8
    41   445287   85512     1.6508       2068.7
    top-10: 36.3% of mass, 83.9% of excess-loss
Epoch 2: loss=1.623607  (4.60 sec, 65 subtrees, 184 chunks, 7233655 nodes)
  residual top-10 (subtree_mass × max(avg_loss − 1.624, 0)):
    rc   rootID   mass      avg_loss     score 
    6    235019   124182    1.7051       10123.1
    39   371210   309260    1.6482       7616.0
    46   636894   313282    1.6429       6040.5
    40   432487   61713     1.6873       3927.9
    5    227890   33642     1.7345       3730.0
    1    37381    1102618   1.6268       3471.6
    44   603950   88976     1.6616       3383.6
    59   1140819  141984    1.6395       2253.4
    41   445287   85512     1.6497       2227.0
    54   943024   56645     1.6625       2201.8
    top-10: 36.3% of mass, 82.6% of excess-loss
Saved to /home/trans/Projects/agpt/rnd/streaming-agpt-v1/models/cadence_n50_stage38.model
Done.
  Appended optimizer state to /home/trans/Projects/agpt/rnd/streaming-agpt-v1/models/cadence_n50_stage38.model (adam_t=4776)
