[radix-corpus] corpus: /tmp/shake_90pct_n20.txt (1003854 tokens, vocab=65)
[radix-corpus] max_depth=16, output=/tmp/shake_90pct_n20_d16_radix
[radix-corpus] subtree char=0 (35525 positions): emitted 44934 radix nodes  (cum total 44935, max_ep_depth=16, 0.0s)
[radix-corpus] subtree char=1 (153275 positions): emitted 222683 radix nodes  (cum total 267618, max_ep_depth=16, 0.2s)
[radix-corpus] subtree char=2 (1914 positions): emitted 2615 radix nodes  (cum total 270233, max_ep_depth=16, 0.2s)
[radix-corpus] subtree char=3 (1 positions): emitted 1 radix nodes  (cum total 270234, max_ep_depth=16, 0.2s)
[radix-corpus] subtree char=4 (3 positions): emitted 5 radix nodes  (cum total 270239, max_ep_depth=16, 0.2s)
[radix-corpus] subtree char=5 (5561 positions): emitted 8175 radix nodes  (cum total 278414, max_ep_depth=16, 0.2s)
[radix-corpus] subtree char=6 (17706 positions): emitted 25692 radix nodes  (cum total 304106, max_ep_depth=16, 0.2s)
[radix-corpus] subtree char=7 (1686 positions): emitted 2462 radix nodes  (cum total 306568, max_ep_depth=16, 0.2s)
[radix-corpus] subtree char=8 (6960 positions): emitted 7198 radix nodes  (cum total 313766, max_ep_depth=16, 0.2s)
[radix-corpus] subtree char=9 (27 positions): emitted 1 radix nodes  (cum total 313767, max_ep_depth=16, 0.2s)
[radix-corpus] subtree char=10 (9044 positions): emitted 13064 radix nodes  (cum total 326831, max_ep_depth=16, 0.3s)
[radix-corpus] subtree char=11 (3231 positions): emitted 4772 radix nodes  (cum total 331603, max_ep_depth=16, 0.3s)
[radix-corpus] subtree char=12 (2171 positions): emitted 2665 radix nodes  (cum total 334268, max_ep_depth=16, 0.3s)
[radix-corpus] subtree char=13 (6648 positions): emitted 9682 radix nodes  (cum total 343950, max_ep_depth=16, 0.3s)
[radix-corpus] subtree char=14 (2418 positions): emitted 3446 radix nodes  (cum total 347396, max_ep_depth=16, 0.3s)
[radix-corpus] subtree char=15 (3480 positions): emitted 4726 radix nodes  (cum total 352122, max_ep_depth=16, 0.3s)
[radix-corpus] subtree char=16 (1941 positions): emitted 2293 radix nodes  (cum total 354415, max_ep_depth=16, 0.3s)
[radix-corpus] subtree char=17 (5567 positions): emitted 7314 radix nodes  (cum total 361729, max_ep_depth=16, 0.3s)
[radix-corpus] subtree char=18 (1691 positions): emitted 2176 radix nodes  (cum total 363905, max_ep_depth=16, 0.3s)
[radix-corpus] subtree char=19 (2189 positions): emitted 2687 radix nodes  (cum total 366592, max_ep_depth=16, 0.3s)
[radix-corpus] subtree char=20 (2651 positions): emitted 3588 radix nodes  (cum total 370180, max_ep_depth=16, 0.3s)
[radix-corpus] subtree char=21 (10341 positions): emitted 14299 radix nodes  (cum total 384479, max_ep_depth=16, 0.3s)
[radix-corpus] subtree char=22 (312 positions): emitted 435 radix nodes  (cum total 384914, max_ep_depth=16, 0.3s)
[radix-corpus] subtree char=23 (1417 positions): emitted 1176 radix nodes  (cum total 386090, max_ep_depth=16, 0.3s)
[radix-corpus] subtree char=24 (3597 positions): emitted 5058 radix nodes  (cum total 391148, max_ep_depth=16, 0.3s)
[radix-corpus] subtree char=25 (2615 positions): emitted 3697 radix nodes  (cum total 394845, max_ep_depth=16, 0.3s)
[radix-corpus] subtree char=26 (4383 positions): emitted 5585 radix nodes  (cum total 400430, max_ep_depth=16, 0.3s)
[radix-corpus] subtree char=27 (4561 positions): emitted 6474 radix nodes  (cum total 406904, max_ep_depth=16, 0.3s)
[radix-corpus] subtree char=28 (1200 positions): emitted 1684 radix nodes  (cum total 408588, max_ep_depth=16, 0.3s)
[radix-corpus] subtree char=29 (230 positions): emitted 62 radix nodes  (cum total 408650, max_ep_depth=16, 0.3s)
[radix-corpus] subtree char=30 (4235 positions): emitted 5694 radix nodes  (cum total 414344, max_ep_depth=16, 0.3s)
[radix-corpus] subtree char=31 (4048 positions): emitted 5557 radix nodes  (cum total 419901, max_ep_depth=16, 0.3s)
[radix-corpus] subtree char=32 (5971 positions): emitted 8595 radix nodes  (cum total 428496, max_ep_depth=16, 0.3s)
[radix-corpus] subtree char=33 (3057 positions): emitted 3681 radix nodes  (cum total 432177, max_ep_depth=16, 0.3s)
[radix-corpus] subtree char=34 (746 positions): emitted 1022 radix nodes  (cum total 433199, max_ep_depth=16, 0.3s)
[radix-corpus] subtree char=35 (3212 positions): emitted 4649 radix nodes  (cum total 437848, max_ep_depth=16, 0.3s)
[radix-corpus] subtree char=36 (112 positions): emitted 164 radix nodes  (cum total 438012, max_ep_depth=16, 0.3s)
[radix-corpus] subtree char=37 (1648 positions): emitted 2264 radix nodes  (cum total 440276, max_ep_depth=16, 0.3s)
[radix-corpus] subtree char=38 (161 positions): emitted 225 radix nodes  (cum total 440501, max_ep_depth=16, 0.3s)
[radix-corpus] subtree char=39 (49718 positions): emitted 72776 radix nodes  (cum total 513277, max_ep_depth=16, 0.3s)
[radix-corpus] subtree char=40 (10236 positions): emitted 15061 radix nodes  (cum total 528338, max_ep_depth=16, 0.3s)
[radix-corpus] subtree char=41 (14142 positions): emitted 20592 radix nodes  (cum total 548930, max_ep_depth=16, 0.4s)
[radix-corpus] subtree char=42 (28462 positions): emitted 41615 radix nodes  (cum total 590545, max_ep_depth=16, 0.4s)
[radix-corpus] subtree char=43 (85496 positions): emitted 124763 radix nodes  (cum total 715308, max_ep_depth=16, 0.4s)
[radix-corpus] subtree char=44 (14305 positions): emitted 21028 radix nodes  (cum total 736336, max_ep_depth=16, 0.5s)
[radix-corpus] subtree char=45 (12092 positions): emitted 17577 radix nodes  (cum total 753913, max_ep_depth=16, 0.5s)
[radix-corpus] subtree char=46 (46390 positions): emitted 67851 radix nodes  (cum total 821764, max_ep_depth=16, 0.5s)
[radix-corpus] subtree char=47 (40984 positions): emitted 59568 radix nodes  (cum total 881332, max_ep_depth=16, 0.5s)
[radix-corpus] subtree char=48 (588 positions): emitted 851 radix nodes  (cum total 882183, max_ep_depth=16, 0.5s)
[radix-corpus] subtree char=49 (6394 positions): emitted 9268 radix nodes  (cum total 891451, max_ep_depth=16, 0.5s)
[radix-corpus] subtree char=50 (30239 positions): emitted 44200 radix nodes  (cum total 935651, max_ep_depth=16, 0.6s)
[radix-corpus] subtree char=51 (19968 positions): emitted 29210 radix nodes  (cum total 964861, max_ep_depth=16, 0.6s)
[radix-corpus] subtree char=52 (43817 positions): emitted 64196 radix nodes  (cum total 1029057, max_ep_depth=16, 0.6s)
[radix-corpus] subtree char=53 (59521 positions): emitted 87100 radix nodes  (cum total 1116157, max_ep_depth=16, 0.7s)
[radix-corpus] subtree char=54 (9820 positions): emitted 14467 radix nodes  (cum total 1130624, max_ep_depth=16, 0.7s)
[radix-corpus] subtree char=55 (563 positions): emitted 810 radix nodes  (cum total 1131434, max_ep_depth=16, 0.7s)
[radix-corpus] subtree char=56 (44271 positions): emitted 64604 radix nodes  (cum total 1196038, max_ep_depth=16, 0.7s)
[radix-corpus] subtree char=57 (44820 positions): emitted 65698 radix nodes  (cum total 1261736, max_ep_depth=16, 0.8s)
[radix-corpus] subtree char=58 (60384 positions): emitted 88547 radix nodes  (cum total 1350283, max_ep_depth=16, 0.9s)
[radix-corpus] subtree char=59 (24055 positions): emitted 35207 radix nodes  (cum total 1385490, max_ep_depth=16, 0.9s)
[radix-corpus] subtree char=60 (7098 positions): emitted 10449 radix nodes  (cum total 1395939, max_ep_depth=16, 0.9s)
[radix-corpus] subtree char=61 (15756 positions): emitted 22940 radix nodes  (cum total 1418879, max_ep_depth=16, 0.9s)
[radix-corpus] subtree char=62 (480 positions): emitted 734 radix nodes  (cum total 1419613, max_ep_depth=16, 0.9s)
[radix-corpus] subtree char=63 (18400 positions): emitted 26740 radix nodes  (cum total 1446353, max_ep_depth=16, 0.9s)
[radix-corpus] subtree char=64 (320 positions): emitted 474 radix nodes  (cum total 1446827, max_ep_depth=16, 0.9s)
[radix-corpus] done: 1446827 radix nodes, 8451758 total edge chars, 17 endpoint depths, 0.9s
  radix_count:        1446827
  total_edge_chars:   8451758
  max_endpoint_depth: 16
