[radix-corpus] corpus: /tmp/shake_96pct_n50.txt (1070778 tokens, vocab=65)
[radix-corpus] max_depth=16, output=/tmp/shake_96pct_n50_d16_radix
[radix-corpus] subtree char=0 (38128 positions): emitted 48348 radix nodes  (cum total 48349, max_ep_depth=16, 0.0s)
[radix-corpus] subtree char=1 (163397 positions): emitted 237126 radix nodes  (cum total 285475, max_ep_depth=16, 0.3s)
[radix-corpus] subtree char=2 (2053 positions): emitted 2816 radix nodes  (cum total 288291, max_ep_depth=16, 0.3s)
[radix-corpus] subtree char=3 (1 positions): emitted 1 radix nodes  (cum total 288292, max_ep_depth=16, 0.3s)
[radix-corpus] subtree char=4 (3 positions): emitted 5 radix nodes  (cum total 288297, max_ep_depth=16, 0.3s)
[radix-corpus] subtree char=5 (5927 positions): emitted 8725 radix nodes  (cum total 297022, max_ep_depth=16, 0.3s)
[radix-corpus] subtree char=6 (19069 positions): emitted 27669 radix nodes  (cum total 324691, max_ep_depth=16, 0.3s)
[radix-corpus] subtree char=7 (1795 positions): emitted 2633 radix nodes  (cum total 327324, max_ep_depth=16, 0.3s)
[radix-corpus] subtree char=8 (7487 positions): emitted 7772 radix nodes  (cum total 335096, max_ep_depth=16, 0.3s)
[radix-corpus] subtree char=9 (27 positions): emitted 1 radix nodes  (cum total 335097, max_ep_depth=16, 0.3s)
[radix-corpus] subtree char=10 (9824 positions): emitted 14138 radix nodes  (cum total 349235, max_ep_depth=16, 0.3s)
[radix-corpus] subtree char=11 (3483 positions): emitted 5127 radix nodes  (cum total 354362, max_ep_depth=16, 0.3s)
[radix-corpus] subtree char=12 (2363 positions): emitted 2905 radix nodes  (cum total 357267, max_ep_depth=16, 0.3s)
[radix-corpus] subtree char=13 (7295 positions): emitted 10624 radix nodes  (cum total 367891, max_ep_depth=16, 0.3s)
[radix-corpus] subtree char=14 (2623 positions): emitted 3713 radix nodes  (cum total 371604, max_ep_depth=16, 0.3s)
[radix-corpus] subtree char=15 (3712 positions): emitted 5055 radix nodes  (cum total 376659, max_ep_depth=16, 0.3s)
[radix-corpus] subtree char=16 (1992 positions): emitted 2367 radix nodes  (cum total 379026, max_ep_depth=16, 0.3s)
[radix-corpus] subtree char=17 (5828 positions): emitted 7670 radix nodes  (cum total 386696, max_ep_depth=16, 0.3s)
[radix-corpus] subtree char=18 (1748 positions): emitted 2262 radix nodes  (cum total 388958, max_ep_depth=16, 0.3s)
[radix-corpus] subtree char=19 (2340 positions): emitted 2908 radix nodes  (cum total 391866, max_ep_depth=16, 0.3s)
[radix-corpus] subtree char=20 (2936 positions): emitted 3989 radix nodes  (cum total 395855, max_ep_depth=16, 0.3s)
[radix-corpus] subtree char=21 (11334 positions): emitted 15725 radix nodes  (cum total 411580, max_ep_depth=16, 0.3s)
[radix-corpus] subtree char=22 (319 positions): emitted 446 radix nodes  (cum total 412026, max_ep_depth=16, 0.3s)
[radix-corpus] subtree char=23 (1555 positions): emitted 1367 radix nodes  (cum total 413393, max_ep_depth=16, 0.3s)
[radix-corpus] subtree char=24 (3767 positions): emitted 5296 radix nodes  (cum total 418689, max_ep_depth=16, 0.3s)
[radix-corpus] subtree char=25 (2745 positions): emitted 3893 radix nodes  (cum total 422582, max_ep_depth=16, 0.3s)
[radix-corpus] subtree char=26 (4731 positions): emitted 6079 radix nodes  (cum total 428661, max_ep_depth=16, 0.3s)
[radix-corpus] subtree char=27 (5031 positions): emitted 7149 radix nodes  (cum total 435810, max_ep_depth=16, 0.4s)
[radix-corpus] subtree char=28 (1445 positions): emitted 2005 radix nodes  (cum total 437815, max_ep_depth=16, 0.4s)
[radix-corpus] subtree char=29 (231 positions): emitted 64 radix nodes  (cum total 437879, max_ep_depth=16, 0.4s)
[radix-corpus] subtree char=30 (4598 positions): emitted 6225 radix nodes  (cum total 444104, max_ep_depth=16, 0.4s)
[radix-corpus] subtree char=31 (4269 positions): emitted 5856 radix nodes  (cum total 449960, max_ep_depth=16, 0.4s)
[radix-corpus] subtree char=32 (6624 positions): emitted 9531 radix nodes  (cum total 459491, max_ep_depth=16, 0.4s)
[radix-corpus] subtree char=33 (3259 positions): emitted 3983 radix nodes  (cum total 463474, max_ep_depth=16, 0.4s)
[radix-corpus] subtree char=34 (790 positions): emitted 1075 radix nodes  (cum total 464549, max_ep_depth=16, 0.4s)
[radix-corpus] subtree char=35 (3376 positions): emitted 4887 radix nodes  (cum total 469436, max_ep_depth=16, 0.4s)
[radix-corpus] subtree char=36 (112 positions): emitted 164 radix nodes  (cum total 469600, max_ep_depth=16, 0.4s)
[radix-corpus] subtree char=37 (1698 positions): emitted 2335 radix nodes  (cum total 471935, max_ep_depth=16, 0.4s)
[radix-corpus] subtree char=38 (161 positions): emitted 225 radix nodes  (cum total 472160, max_ep_depth=16, 0.4s)
[radix-corpus] subtree char=39 (53303 positions): emitted 77993 radix nodes  (cum total 550153, max_ep_depth=16, 0.4s)
[radix-corpus] subtree char=40 (10863 positions): emitted 15977 radix nodes  (cum total 566130, max_ep_depth=16, 0.4s)
[radix-corpus] subtree char=41 (15048 positions): emitted 21931 radix nodes  (cum total 588061, max_ep_depth=16, 0.4s)
[radix-corpus] subtree char=42 (30137 positions): emitted 44058 radix nodes  (cum total 632119, max_ep_depth=16, 0.5s)
[radix-corpus] subtree char=43 (90976 positions): emitted 132661 radix nodes  (cum total 764780, max_ep_depth=16, 0.6s)
[radix-corpus] subtree char=44 (15167 positions): emitted 22272 radix nodes  (cum total 787052, max_ep_depth=16, 0.6s)
[radix-corpus] subtree char=45 (12818 positions): emitted 18614 radix nodes  (cum total 805666, max_ep_depth=16, 0.6s)
[radix-corpus] subtree char=46 (49266 positions): emitted 71988 radix nodes  (cum total 877654, max_ep_depth=16, 0.7s)
[radix-corpus] subtree char=47 (43696 positions): emitted 63477 radix nodes  (cum total 941131, max_ep_depth=16, 0.7s)
[radix-corpus] subtree char=48 (614 positions): emitted 892 radix nodes  (cum total 942023, max_ep_depth=16, 0.7s)
[radix-corpus] subtree char=49 (6803 positions): emitted 9861 radix nodes  (cum total 951884, max_ep_depth=16, 0.7s)
[radix-corpus] subtree char=50 (32188 positions): emitted 47051 radix nodes  (cum total 998935, max_ep_depth=16, 0.7s)
[radix-corpus] subtree char=51 (21377 positions): emitted 31235 radix nodes  (cum total 1030170, max_ep_depth=16, 0.7s)
[radix-corpus] subtree char=52 (46595 positions): emitted 68243 radix nodes  (cum total 1098413, max_ep_depth=16, 0.8s)
[radix-corpus] subtree char=53 (63286 positions): emitted 92545 radix nodes  (cum total 1190958, max_ep_depth=16, 0.8s)
[radix-corpus] subtree char=54 (10394 positions): emitted 15291 radix nodes  (cum total 1206249, max_ep_depth=16, 0.8s)
[radix-corpus] subtree char=55 (592 positions): emitted 852 radix nodes  (cum total 1207101, max_ep_depth=16, 0.8s)
[radix-corpus] subtree char=56 (47037 positions): emitted 68652 radix nodes  (cum total 1275753, max_ep_depth=16, 0.9s)
[radix-corpus] subtree char=57 (47697 positions): emitted 69929 radix nodes  (cum total 1345682, max_ep_depth=16, 0.9s)
[radix-corpus] subtree char=58 (64339 positions): emitted 94276 radix nodes  (cum total 1439958, max_ep_depth=16, 1.0s)
[radix-corpus] subtree char=59 (25599 positions): emitted 37461 radix nodes  (cum total 1477419, max_ep_depth=16, 1.0s)
[radix-corpus] subtree char=60 (7518 positions): emitted 11054 radix nodes  (cum total 1488473, max_ep_depth=16, 1.0s)
[radix-corpus] subtree char=61 (16825 positions): emitted 24494 radix nodes  (cum total 1512967, max_ep_depth=16, 1.1s)
[radix-corpus] subtree char=62 (507 positions): emitted 775 radix nodes  (cum total 1513742, max_ep_depth=16, 1.1s)
[radix-corpus] subtree char=63 (19712 positions): emitted 28639 radix nodes  (cum total 1542381, max_ep_depth=16, 1.1s)
[radix-corpus] subtree char=64 (345 positions): emitted 509 radix nodes  (cum total 1542890, max_ep_depth=16, 1.1s)
[radix-corpus] done: 1542890 radix nodes, 8960663 total edge chars, 17 endpoint depths, 1.07s
  radix_count:        1542890
  total_edge_chars:   8960663
  max_endpoint_depth: 16
