[radix-corpus] corpus: /tmp/shake_54pct_n50.txt (602312 tokens, vocab=65)
[radix-corpus] max_depth=16, output=/tmp/shake_54pct_n50_d16_radix
[radix-corpus] subtree char=0 (21259 positions): emitted 26396 radix nodes  (cum total 26397, max_ep_depth=16, 0.0s)
[radix-corpus] subtree char=1 (91717 positions): emitted 133831 radix nodes  (cum total 160228, max_ep_depth=16, 0.1s)
[radix-corpus] subtree char=2 (1284 positions): emitted 1728 radix nodes  (cum total 161956, max_ep_depth=16, 0.1s)
[radix-corpus] subtree char=4 (2 positions): emitted 3 radix nodes  (cum total 161959, max_ep_depth=16, 0.1s)
[radix-corpus] subtree char=5 (3333 positions): emitted 4916 radix nodes  (cum total 166875, max_ep_depth=16, 0.1s)
[radix-corpus] subtree char=6 (10714 positions): emitted 15628 radix nodes  (cum total 182503, max_ep_depth=16, 0.1s)
[radix-corpus] subtree char=7 (1041 positions): emitted 1509 radix nodes  (cum total 184012, max_ep_depth=16, 0.1s)
[radix-corpus] subtree char=8 (4095 positions): emitted 4047 radix nodes  (cum total 188059, max_ep_depth=16, 0.1s)
[radix-corpus] subtree char=9 (3 positions): emitted 1 radix nodes  (cum total 188060, max_ep_depth=16, 0.1s)
[radix-corpus] subtree char=10 (5397 positions): emitted 7846 radix nodes  (cum total 195906, max_ep_depth=16, 0.2s)
[radix-corpus] subtree char=11 (1903 positions): emitted 2823 radix nodes  (cum total 198729, max_ep_depth=16, 0.2s)
[radix-corpus] subtree char=12 (1294 positions): emitted 1586 radix nodes  (cum total 200315, max_ep_depth=16, 0.2s)
[radix-corpus] subtree char=13 (3843 positions): emitted 5569 radix nodes  (cum total 205884, max_ep_depth=16, 0.2s)
[radix-corpus] subtree char=14 (1625 positions): emitted 2301 radix nodes  (cum total 208185, max_ep_depth=16, 0.2s)
[radix-corpus] subtree char=15 (2144 positions): emitted 2864 radix nodes  (cum total 211049, max_ep_depth=16, 0.2s)
[radix-corpus] subtree char=16 (1109 positions): emitted 1372 radix nodes  (cum total 212421, max_ep_depth=16, 0.2s)
[radix-corpus] subtree char=17 (3196 positions): emitted 4198 radix nodes  (cum total 216619, max_ep_depth=16, 0.2s)
[radix-corpus] subtree char=18 (1109 positions): emitted 1371 radix nodes  (cum total 217990, max_ep_depth=16, 0.2s)
[radix-corpus] subtree char=19 (1413 positions): emitted 1732 radix nodes  (cum total 219722, max_ep_depth=16, 0.2s)
[radix-corpus] subtree char=20 (1789 positions): emitted 2332 radix nodes  (cum total 222054, max_ep_depth=16, 0.2s)
[radix-corpus] subtree char=21 (6257 positions): emitted 8650 radix nodes  (cum total 230704, max_ep_depth=16, 0.2s)
[radix-corpus] subtree char=22 (261 positions): emitted 358 radix nodes  (cum total 231062, max_ep_depth=16, 0.2s)
[radix-corpus] subtree char=23 (865 positions): emitted 827 radix nodes  (cum total 231889, max_ep_depth=16, 0.2s)
[radix-corpus] subtree char=24 (1851 positions): emitted 2577 radix nodes  (cum total 234466, max_ep_depth=16, 0.2s)
[radix-corpus] subtree char=25 (1782 positions): emitted 2518 radix nodes  (cum total 236984, max_ep_depth=16, 0.2s)
[radix-corpus] subtree char=26 (2684 positions): emitted 3311 radix nodes  (cum total 240295, max_ep_depth=16, 0.2s)
[radix-corpus] subtree char=27 (2780 positions): emitted 3925 radix nodes  (cum total 244220, max_ep_depth=16, 0.2s)
[radix-corpus] subtree char=28 (538 positions): emitted 771 radix nodes  (cum total 244991, max_ep_depth=16, 0.2s)
[radix-corpus] subtree char=29 (171 positions): emitted 52 radix nodes  (cum total 245043, max_ep_depth=16, 0.2s)
[radix-corpus] subtree char=30 (3139 positions): emitted 4143 radix nodes  (cum total 249186, max_ep_depth=16, 0.2s)
[radix-corpus] subtree char=31 (2503 positions): emitted 3427 radix nodes  (cum total 252613, max_ep_depth=16, 0.2s)
[radix-corpus] subtree char=32 (3722 positions): emitted 5386 radix nodes  (cum total 257999, max_ep_depth=16, 0.2s)
[radix-corpus] subtree char=33 (2138 positions): emitted 2729 radix nodes  (cum total 260728, max_ep_depth=16, 0.2s)
[radix-corpus] subtree char=34 (319 positions): emitted 465 radix nodes  (cum total 261193, max_ep_depth=16, 0.2s)
[radix-corpus] subtree char=35 (1805 positions): emitted 2635 radix nodes  (cum total 263828, max_ep_depth=16, 0.2s)
[radix-corpus] subtree char=36 (17 positions): emitted 24 radix nodes  (cum total 263852, max_ep_depth=16, 0.2s)
[radix-corpus] subtree char=37 (1063 positions): emitted 1430 radix nodes  (cum total 265282, max_ep_depth=16, 0.2s)
[radix-corpus] subtree char=38 (109 positions): emitted 149 radix nodes  (cum total 265431, max_ep_depth=16, 0.2s)
[radix-corpus] subtree char=39 (29747 positions): emitted 43497 radix nodes  (cum total 308928, max_ep_depth=16, 0.3s)
[radix-corpus] subtree char=40 (6097 positions): emitted 8980 radix nodes  (cum total 317908, max_ep_depth=16, 0.3s)
[radix-corpus] subtree char=41 (8453 positions): emitted 12303 radix nodes  (cum total 330211, max_ep_depth=16, 0.3s)
[radix-corpus] subtree char=42 (17353 positions): emitted 25371 radix nodes  (cum total 355582, max_ep_depth=16, 0.3s)
[radix-corpus] subtree char=43 (51265 positions): emitted 74877 radix nodes  (cum total 430459, max_ep_depth=16, 0.4s)
[radix-corpus] subtree char=44 (8383 positions): emitted 12346 radix nodes  (cum total 442805, max_ep_depth=16, 0.4s)
[radix-corpus] subtree char=45 (7430 positions): emitted 10842 radix nodes  (cum total 453647, max_ep_depth=16, 0.4s)
[radix-corpus] subtree char=46 (27942 positions): emitted 40961 radix nodes  (cum total 494608, max_ep_depth=16, 0.4s)
[radix-corpus] subtree char=47 (24522 positions): emitted 35619 radix nodes  (cum total 530227, max_ep_depth=16, 0.4s)
[radix-corpus] subtree char=48 (343 positions): emitted 506 radix nodes  (cum total 530733, max_ep_depth=16, 0.4s)
[radix-corpus] subtree char=49 (3748 positions): emitted 5431 radix nodes  (cum total 536164, max_ep_depth=16, 0.4s)
[radix-corpus] subtree char=50 (18358 positions): emitted 26839 radix nodes  (cum total 563003, max_ep_depth=16, 0.4s)
[radix-corpus] subtree char=51 (12077 positions): emitted 17627 radix nodes  (cum total 580630, max_ep_depth=16, 0.4s)
[radix-corpus] subtree char=52 (26254 positions): emitted 38560 radix nodes  (cum total 619190, max_ep_depth=16, 0.4s)
[radix-corpus] subtree char=53 (35437 positions): emitted 51872 radix nodes  (cum total 671062, max_ep_depth=16, 0.5s)
[radix-corpus] subtree char=54 (5803 positions): emitted 8569 radix nodes  (cum total 679631, max_ep_depth=16, 0.5s)
[radix-corpus] subtree char=55 (291 positions): emitted 425 radix nodes  (cum total 680056, max_ep_depth=16, 0.5s)
[radix-corpus] subtree char=56 (26340 positions): emitted 38387 radix nodes  (cum total 718443, max_ep_depth=16, 0.5s)
[radix-corpus] subtree char=57 (26669 positions): emitted 39018 radix nodes  (cum total 757461, max_ep_depth=16, 0.5s)
[radix-corpus] subtree char=58 (36237 positions): emitted 53146 radix nodes  (cum total 810607, max_ep_depth=16, 0.6s)
[radix-corpus] subtree char=59 (14384 positions): emitted 20997 radix nodes  (cum total 831604, max_ep_depth=16, 0.6s)
[radix-corpus] subtree char=60 (4266 positions): emitted 6263 radix nodes  (cum total 837867, max_ep_depth=16, 0.6s)
[radix-corpus] subtree char=61 (9176 positions): emitted 13330 radix nodes  (cum total 851197, max_ep_depth=16, 0.6s)
[radix-corpus] subtree char=62 (272 positions): emitted 410 radix nodes  (cum total 851607, max_ep_depth=16, 0.6s)
[radix-corpus] subtree char=63 (10948 positions): emitted 15980 radix nodes  (cum total 867587, max_ep_depth=16, 0.6s)
[radix-corpus] subtree char=64 (243 positions): emitted 361 radix nodes  (cum total 867948, max_ep_depth=16, 0.6s)
[radix-corpus] done: 867948 radix nodes, 5268308 total edge chars, 17 endpoint depths, 0.6s
  radix_count:        867948
  total_edge_chars:   5268308
  max_endpoint_depth: 16
