AGPT CUDA Training Engine
  Model: d=64 heads=4 layers=2 ff=256 vocab=65 seq=128 head_dim=16
  Loaded 108481 weight floats (423.8 KB)
  Loaded optimizer state from checkpoint (adam_t=5816)
  LR schedule horizon: 100 total SE (override; this call runs 2 SE)
Loading radix trie from /tmp/shake_94pct_n50_d16_radix...
  Radix trie: 1511418 nodes, 8798011 total edge chars, 17 endpoint depths
  Radix loaded: 2535008 counts entries, 11476353 ancestor char entries
  d_split: 998845/1511418 nodes have a mass=1 ancestor (mean depth 9.17)
  lr-schedule: warmup-cosine (peak=0.003, warmup_epochs=1)
  optimizer: rmsprop (lr=0.003)
  entropy lambda: 1.000 (branching-endpoint icing enabled)
  mass weighting: log (head-of-edge count restores corpus-frequency exposure)
  curriculum: flat (d=max each epoch)
  max edge_len: 16, max ancestor chars: 15, max KV per node: 31, max endpoint depth: 16
  mass=1 compaction: 7821651 / 8798011 chars are mass=1 (88.9%); cache holds 976360 positions
  loop points: 17289 (mass>1 leaves; 3.4% of 512572 mass>1 nodes)
  KV cache: 499.9 MB unified memory (bf16 compact)
  GPU memory: 2840.8 MB used, 5346.0 MB free, 8186.8 MB total
  65 root-child subtrees: sizes min=1 max=232344 avg=23252.6 (total=1511417 radix nodes)
Epoch 1: loss=1.630161  (5.98 sec, 65 subtrees, 214 chunks, 8798011 nodes)
  residual top-10 (subtree_mass × max(avg_loss − 1.630, 0)):
    rc   rootID   mass      avg_loss     score 
    1    47238    1386932   1.6378       10629.4
    46   788752   388948    1.6470       6532.5
    6    290885   156731    1.6664       5676.0
    39   461792   391680    1.6414       4386.7
    40   538055   77556     1.6845       4217.2
    44   748556   111600    1.6652       3912.6
    41   553725   107195    1.6575       2930.3
    54   1166417  71878     1.6651       2513.6
    5    282326   41261     1.6870       2345.6
    58   1318219  508127    1.6345       2202.7
    top-10: 40.3% of mass, 77.4% of excess-loss
Epoch 2: loss=1.629039  (5.75 sec, 65 subtrees, 214 chunks, 8798011 nodes)
  residual top-10 (subtree_mass × max(avg_loss − 1.629, 0)):
    rc   rootID   mass      avg_loss     score 
    1    47238    1386932   1.6368       10762.0
    46   788752   388948    1.6458       6500.0
    6    290885   156731    1.6653       5690.5
    40   538055   77556     1.6832       4201.9
    39   461792   391680    1.6396       4147.5
    44   748556   111600    1.6643       3939.9
    41   553725   107195    1.6555       2834.0
    54   1166417  71878     1.6640       2511.8
    58   1318219  508127    1.6336       2316.1
    5    282326   41261     1.6850       2309.8
    top-10: 40.3% of mass, 77.2% of excess-loss
Saved to /home/trans/Projects/agpt/rnd/streaming-agpt-v1/models/cadence_n50_stage47.model
Done.
  Appended optimizer state to /home/trans/Projects/agpt/rnd/streaming-agpt-v1/models/cadence_n50_stage47.model (adam_t=5946)
