[radix-corpus] corpus: /tmp/shake_74pct_n50.txt (825391 tokens, vocab=65)
[radix-corpus] max_depth=16, output=/tmp/shake_74pct_n50_d16_radix
[radix-corpus] subtree char=0 (28954 positions): emitted 36382 radix nodes  (cum total 36383, max_ep_depth=16, 0.0s)
[radix-corpus] subtree char=1 (125944 positions): emitted 183172 radix nodes  (cum total 219555, max_ep_depth=16, 0.3s)
[radix-corpus] subtree char=2 (1660 positions): emitted 2246 radix nodes  (cum total 221801, max_ep_depth=16, 0.3s)
[radix-corpus] subtree char=3 (1 positions): emitted 1 radix nodes  (cum total 221802, max_ep_depth=16, 0.3s)
[radix-corpus] subtree char=4 (3 positions): emitted 5 radix nodes  (cum total 221807, max_ep_depth=16, 0.3s)
[radix-corpus] subtree char=5 (4730 positions): emitted 6970 radix nodes  (cum total 228777, max_ep_depth=16, 0.3s)
[radix-corpus] subtree char=6 (14693 positions): emitted 21408 radix nodes  (cum total 250185, max_ep_depth=16, 0.3s)
[radix-corpus] subtree char=7 (1441 positions): emitted 2108 radix nodes  (cum total 252293, max_ep_depth=16, 0.3s)
[radix-corpus] subtree char=8 (5566 positions): emitted 5623 radix nodes  (cum total 257916, max_ep_depth=16, 0.3s)
[radix-corpus] subtree char=9 (27 positions): emitted 1 radix nodes  (cum total 257917, max_ep_depth=16, 0.3s)
[radix-corpus] subtree char=10 (7293 positions): emitted 10579 radix nodes  (cum total 268496, max_ep_depth=16, 0.3s)
[radix-corpus] subtree char=11 (2628 positions): emitted 3891 radix nodes  (cum total 272387, max_ep_depth=16, 0.3s)
[radix-corpus] subtree char=12 (1727 positions): emitted 2130 radix nodes  (cum total 274517, max_ep_depth=16, 0.3s)
[radix-corpus] subtree char=13 (5360 positions): emitted 7794 radix nodes  (cum total 282311, max_ep_depth=16, 0.3s)
[radix-corpus] subtree char=14 (1967 positions): emitted 2798 radix nodes  (cum total 285109, max_ep_depth=16, 0.3s)
[radix-corpus] subtree char=15 (2838 positions): emitted 3824 radix nodes  (cum total 288933, max_ep_depth=16, 0.3s)
[radix-corpus] subtree char=16 (1619 positions): emitted 2103 radix nodes  (cum total 291036, max_ep_depth=16, 0.3s)
[radix-corpus] subtree char=17 (4508 positions): emitted 5924 radix nodes  (cum total 296960, max_ep_depth=16, 0.3s)
[radix-corpus] subtree char=18 (1465 positions): emitted 1880 radix nodes  (cum total 298840, max_ep_depth=16, 0.3s)
[radix-corpus] subtree char=19 (1927 positions): emitted 2301 radix nodes  (cum total 301141, max_ep_depth=16, 0.3s)
[radix-corpus] subtree char=20 (2302 positions): emitted 3084 radix nodes  (cum total 304225, max_ep_depth=16, 0.3s)
[radix-corpus] subtree char=21 (8346 positions): emitted 11476 radix nodes  (cum total 315701, max_ep_depth=16, 0.3s)
[radix-corpus] subtree char=22 (280 positions): emitted 384 radix nodes  (cum total 316085, max_ep_depth=16, 0.3s)
[radix-corpus] subtree char=23 (1189 positions): emitted 1037 radix nodes  (cum total 317122, max_ep_depth=16, 0.3s)
[radix-corpus] subtree char=24 (2714 positions): emitted 3780 radix nodes  (cum total 320902, max_ep_depth=16, 0.3s)
[radix-corpus] subtree char=25 (2268 positions): emitted 3223 radix nodes  (cum total 324125, max_ep_depth=16, 0.3s)
[radix-corpus] subtree char=26 (3575 positions): emitted 4412 radix nodes  (cum total 328537, max_ep_depth=16, 0.3s)
[radix-corpus] subtree char=27 (3590 positions): emitted 5061 radix nodes  (cum total 333598, max_ep_depth=16, 0.3s)
[radix-corpus] subtree char=28 (805 positions): emitted 1139 radix nodes  (cum total 334737, max_ep_depth=16, 0.3s)
[radix-corpus] subtree char=29 (226 positions): emitted 56 radix nodes  (cum total 334793, max_ep_depth=16, 0.3s)
[radix-corpus] subtree char=30 (3947 positions): emitted 5289 radix nodes  (cum total 340082, max_ep_depth=16, 0.3s)
[radix-corpus] subtree char=31 (3325 positions): emitted 4574 radix nodes  (cum total 344656, max_ep_depth=16, 0.3s)
[radix-corpus] subtree char=32 (4974 positions): emitted 7177 radix nodes  (cum total 351833, max_ep_depth=16, 0.3s)
[radix-corpus] subtree char=33 (2514 positions): emitted 3156 radix nodes  (cum total 354989, max_ep_depth=16, 0.3s)
[radix-corpus] subtree char=34 (506 positions): emitted 731 radix nodes  (cum total 355720, max_ep_depth=16, 0.3s)
[radix-corpus] subtree char=35 (2792 positions): emitted 4052 radix nodes  (cum total 359772, max_ep_depth=16, 0.3s)
[radix-corpus] subtree char=36 (106 positions): emitted 156 radix nodes  (cum total 359928, max_ep_depth=16, 0.3s)
[radix-corpus] subtree char=37 (1438 positions): emitted 1960 radix nodes  (cum total 361888, max_ep_depth=16, 0.3s)
[radix-corpus] subtree char=38 (154 positions): emitted 215 radix nodes  (cum total 362103, max_ep_depth=16, 0.3s)
[radix-corpus] subtree char=39 (40805 positions): emitted 59635 radix nodes  (cum total 421738, max_ep_depth=16, 0.4s)
[radix-corpus] subtree char=40 (8461 positions): emitted 12448 radix nodes  (cum total 434186, max_ep_depth=16, 0.4s)
[radix-corpus] subtree char=41 (11637 positions): emitted 16941 radix nodes  (cum total 451127, max_ep_depth=16, 0.4s)
[radix-corpus] subtree char=42 (23616 positions): emitted 34532 radix nodes  (cum total 485659, max_ep_depth=16, 0.5s)
[radix-corpus] subtree char=43 (70421 positions): emitted 102811 radix nodes  (cum total 588470, max_ep_depth=16, 0.5s)
[radix-corpus] subtree char=44 (11733 positions): emitted 17248 radix nodes  (cum total 605718, max_ep_depth=16, 0.5s)
[radix-corpus] subtree char=45 (10188 positions): emitted 14807 radix nodes  (cum total 620525, max_ep_depth=16, 0.5s)
[radix-corpus] subtree char=46 (38479 positions): emitted 56317 radix nodes  (cum total 676842, max_ep_depth=16, 0.6s)
[radix-corpus] subtree char=47 (33395 positions): emitted 48552 radix nodes  (cum total 725394, max_ep_depth=16, 0.6s)
[radix-corpus] subtree char=48 (472 positions): emitted 690 radix nodes  (cum total 726084, max_ep_depth=16, 0.6s)
[radix-corpus] subtree char=49 (5289 positions): emitted 7655 radix nodes  (cum total 733739, max_ep_depth=16, 0.6s)
[radix-corpus] subtree char=50 (25045 positions): emitted 36588 radix nodes  (cum total 770327, max_ep_depth=16, 0.6s)
[radix-corpus] subtree char=51 (16388 positions): emitted 23913 radix nodes  (cum total 794240, max_ep_depth=16, 0.7s)
[radix-corpus] subtree char=52 (36140 positions): emitted 52958 radix nodes  (cum total 847198, max_ep_depth=16, 0.7s)
[radix-corpus] subtree char=53 (48547 positions): emitted 71049 radix nodes  (cum total 918247, max_ep_depth=16, 0.7s)
[radix-corpus] subtree char=54 (7975 positions): emitted 11775 radix nodes  (cum total 930022, max_ep_depth=16, 0.7s)
[radix-corpus] subtree char=55 (483 positions): emitted 693 radix nodes  (cum total 930715, max_ep_depth=16, 0.7s)
[radix-corpus] subtree char=56 (36320 positions): emitted 52936 radix nodes  (cum total 983651, max_ep_depth=16, 0.8s)
[radix-corpus] subtree char=57 (36934 positions): emitted 54156 radix nodes  (cum total 1037807, max_ep_depth=16, 0.8s)
[radix-corpus] subtree char=58 (49687 positions): emitted 72835 radix nodes  (cum total 1110642, max_ep_depth=16, 0.8s)
[radix-corpus] subtree char=59 (19574 positions): emitted 28632 radix nodes  (cum total 1139274, max_ep_depth=16, 0.9s)
[radix-corpus] subtree char=60 (5711 positions): emitted 8406 radix nodes  (cum total 1147680, max_ep_depth=16, 0.9s)
[radix-corpus] subtree char=61 (12965 positions): emitted 18853 radix nodes  (cum total 1166533, max_ep_depth=16, 0.9s)
[radix-corpus] subtree char=62 (392 positions): emitted 595 radix nodes  (cum total 1167128, max_ep_depth=16, 0.9s)
[radix-corpus] subtree char=63 (15041 positions): emitted 21857 radix nodes  (cum total 1188985, max_ep_depth=16, 0.9s)
[radix-corpus] subtree char=64 (291 positions): emitted 431 radix nodes  (cum total 1189416, max_ep_depth=16, 0.9s)
[radix-corpus] done: 1189416 radix nodes, 7055107 total edge chars, 17 endpoint depths, 0.87s
  radix_count:        1189416
  total_edge_chars:   7055107
  max_endpoint_depth: 16
