[radix-corpus] corpus: /tmp/shake_50pct_n20.txt (557697 tokens, vocab=65)
[radix-corpus] max_depth=16, output=/tmp/shake_50pct_n20_d16_radix
[radix-corpus] subtree char=0 (19722 positions): emitted 24402 radix nodes  (cum total 24403, max_ep_depth=16, 0.0s)
[radix-corpus] subtree char=1 (84859 positions): emitted 123834 radix nodes  (cum total 148237, max_ep_depth=16, 0.2s)
[radix-corpus] subtree char=2 (1170 positions): emitted 1569 radix nodes  (cum total 149806, max_ep_depth=16, 0.2s)
[radix-corpus] subtree char=4 (2 positions): emitted 3 radix nodes  (cum total 149809, max_ep_depth=16, 0.2s)
[radix-corpus] subtree char=5 (3118 positions): emitted 4592 radix nodes  (cum total 154401, max_ep_depth=16, 0.2s)
[radix-corpus] subtree char=6 (9924 positions): emitted 14495 radix nodes  (cum total 168896, max_ep_depth=16, 0.2s)
[radix-corpus] subtree char=7 (982 positions): emitted 1421 radix nodes  (cum total 170317, max_ep_depth=16, 0.2s)
[radix-corpus] subtree char=8 (3771 positions): emitted 3693 radix nodes  (cum total 174010, max_ep_depth=16, 0.2s)
[radix-corpus] subtree char=10 (5005 positions): emitted 7274 radix nodes  (cum total 181284, max_ep_depth=16, 0.2s)
[radix-corpus] subtree char=11 (1761 positions): emitted 2625 radix nodes  (cum total 183909, max_ep_depth=16, 0.2s)
[radix-corpus] subtree char=12 (1188 positions): emitted 1438 radix nodes  (cum total 185347, max_ep_depth=16, 0.2s)
[radix-corpus] subtree char=13 (3464 positions): emitted 5030 radix nodes  (cum total 190377, max_ep_depth=16, 0.2s)
[radix-corpus] subtree char=14 (1540 positions): emitted 2177 radix nodes  (cum total 192554, max_ep_depth=16, 0.2s)
[radix-corpus] subtree char=15 (1994 positions): emitted 2649 radix nodes  (cum total 195203, max_ep_depth=16, 0.2s)
[radix-corpus] subtree char=16 (1003 positions): emitted 1230 radix nodes  (cum total 196433, max_ep_depth=16, 0.2s)
[radix-corpus] subtree char=17 (2972 positions): emitted 3885 radix nodes  (cum total 200318, max_ep_depth=16, 0.2s)
[radix-corpus] subtree char=18 (994 positions): emitted 1228 radix nodes  (cum total 201546, max_ep_depth=16, 0.2s)
[radix-corpus] subtree char=19 (1336 positions): emitted 1630 radix nodes  (cum total 203176, max_ep_depth=16, 0.2s)
[radix-corpus] subtree char=20 (1638 positions): emitted 2129 radix nodes  (cum total 205305, max_ep_depth=16, 0.2s)
[radix-corpus] subtree char=21 (5846 positions): emitted 8073 radix nodes  (cum total 213378, max_ep_depth=16, 0.2s)
[radix-corpus] subtree char=22 (228 positions): emitted 310 radix nodes  (cum total 213688, max_ep_depth=16, 0.2s)
[radix-corpus] subtree char=23 (764 positions): emitted 704 radix nodes  (cum total 214392, max_ep_depth=16, 0.2s)
[radix-corpus] subtree char=24 (1723 positions): emitted 2380 radix nodes  (cum total 216772, max_ep_depth=16, 0.2s)
[radix-corpus] subtree char=25 (1686 positions): emitted 2387 radix nodes  (cum total 219159, max_ep_depth=16, 0.2s)
[radix-corpus] subtree char=26 (2500 positions): emitted 3086 radix nodes  (cum total 222245, max_ep_depth=16, 0.2s)
[radix-corpus] subtree char=27 (2599 positions): emitted 3663 radix nodes  (cum total 225908, max_ep_depth=16, 0.2s)
[radix-corpus] subtree char=28 (477 positions): emitted 679 radix nodes  (cum total 226587, max_ep_depth=16, 0.2s)
[radix-corpus] subtree char=29 (162 positions): emitted 52 radix nodes  (cum total 226639, max_ep_depth=16, 0.2s)
[radix-corpus] subtree char=30 (2792 positions): emitted 3689 radix nodes  (cum total 230328, max_ep_depth=16, 0.2s)
[radix-corpus] subtree char=31 (2416 positions): emitted 3303 radix nodes  (cum total 233631, max_ep_depth=16, 0.2s)
[radix-corpus] subtree char=32 (3474 positions): emitted 5008 radix nodes  (cum total 238639, max_ep_depth=16, 0.2s)
[radix-corpus] subtree char=33 (2068 positions): emitted 2640 radix nodes  (cum total 241279, max_ep_depth=16, 0.2s)
[radix-corpus] subtree char=34 (286 positions): emitted 421 radix nodes  (cum total 241700, max_ep_depth=16, 0.2s)
[radix-corpus] subtree char=35 (1609 positions): emitted 2353 radix nodes  (cum total 244053, max_ep_depth=16, 0.2s)
[radix-corpus] subtree char=36 (7 positions): emitted 10 radix nodes  (cum total 244063, max_ep_depth=16, 0.2s)
[radix-corpus] subtree char=37 (961 positions): emitted 1290 radix nodes  (cum total 245353, max_ep_depth=16, 0.2s)
[radix-corpus] subtree char=38 (109 positions): emitted 149 radix nodes  (cum total 245502, max_ep_depth=16, 0.2s)
[radix-corpus] subtree char=39 (27547 positions): emitted 40276 radix nodes  (cum total 285778, max_ep_depth=16, 0.2s)
[radix-corpus] subtree char=40 (5667 positions): emitted 8336 radix nodes  (cum total 294114, max_ep_depth=16, 0.2s)
[radix-corpus] subtree char=41 (7840 positions): emitted 11411 radix nodes  (cum total 305525, max_ep_depth=16, 0.2s)
[radix-corpus] subtree char=42 (16028 positions): emitted 23396 radix nodes  (cum total 328921, max_ep_depth=16, 0.2s)
[radix-corpus] subtree char=43 (47458 positions): emitted 69293 radix nodes  (cum total 398214, max_ep_depth=16, 0.3s)
[radix-corpus] subtree char=44 (7672 positions): emitted 11295 radix nodes  (cum total 409509, max_ep_depth=16, 0.3s)
[radix-corpus] subtree char=45 (6898 positions): emitted 10071 radix nodes  (cum total 419580, max_ep_depth=16, 0.3s)
[radix-corpus] subtree char=46 (25690 positions): emitted 37634 radix nodes  (cum total 457214, max_ep_depth=16, 0.3s)
[radix-corpus] subtree char=47 (22713 positions): emitted 32966 radix nodes  (cum total 490180, max_ep_depth=16, 0.3s)
[radix-corpus] subtree char=48 (326 positions): emitted 482 radix nodes  (cum total 490662, max_ep_depth=16, 0.3s)
[radix-corpus] subtree char=49 (3449 positions): emitted 5010 radix nodes  (cum total 495672, max_ep_depth=16, 0.3s)
[radix-corpus] subtree char=50 (17017 positions): emitted 24894 radix nodes  (cum total 520566, max_ep_depth=16, 0.4s)
[radix-corpus] subtree char=51 (11182 positions): emitted 16332 radix nodes  (cum total 536898, max_ep_depth=16, 0.4s)
[radix-corpus] subtree char=52 (24295 positions): emitted 35693 radix nodes  (cum total 572591, max_ep_depth=16, 0.4s)
[radix-corpus] subtree char=53 (32931 positions): emitted 48187 radix nodes  (cum total 620778, max_ep_depth=16, 0.4s)
[radix-corpus] subtree char=54 (5380 positions): emitted 7952 radix nodes  (cum total 628730, max_ep_depth=16, 0.4s)
[radix-corpus] subtree char=55 (265 positions): emitted 383 radix nodes  (cum total 629113, max_ep_depth=16, 0.4s)
[radix-corpus] subtree char=56 (24364 positions): emitted 35466 radix nodes  (cum total 664579, max_ep_depth=16, 0.4s)
[radix-corpus] subtree char=57 (24775 positions): emitted 36191 radix nodes  (cum total 700770, max_ep_depth=16, 0.5s)
[radix-corpus] subtree char=58 (33399 positions): emitted 48926 radix nodes  (cum total 749696, max_ep_depth=16, 0.5s)
[radix-corpus] subtree char=59 (13421 positions): emitted 19589 radix nodes  (cum total 769285, max_ep_depth=16, 0.5s)
[radix-corpus] subtree char=60 (4001 positions): emitted 5858 radix nodes  (cum total 775143, max_ep_depth=16, 0.5s)
[radix-corpus] subtree char=61 (8512 positions): emitted 12347 radix nodes  (cum total 787490, max_ep_depth=16, 0.5s)
[radix-corpus] subtree char=62 (255 positions): emitted 385 radix nodes  (cum total 787875, max_ep_depth=16, 0.5s)
[radix-corpus] subtree char=63 (10223 positions): emitted 14892 radix nodes  (cum total 802767, max_ep_depth=16, 0.5s)
[radix-corpus] subtree char=64 (239 positions): emitted 354 radix nodes  (cum total 803121, max_ep_depth=16, 0.5s)
[radix-corpus] done: 803121 radix nodes, 4907729 total edge chars, 17 endpoint depths, 0.53s
  radix_count:        803121
  total_edge_chars:   4907729
  max_endpoint_depth: 16
