AGPT CUDA Training Engine
  Model: d=64 heads=4 layers=2 ff=256 vocab=65 seq=128 head_dim=16
  Loaded 108481 weight floats (423.8 KB)
  Loaded optimizer state from checkpoint (adam_t=6840)
  LR schedule horizon: 200 total SE (override; this call runs 10 SE)
Loading radix trie from /tmp/shake_60pct_n20_se10_d16_radix...
  Radix trie: 963028 nodes, 5787686 total edge chars, 17 endpoint depths
  Radix loaded: 1614902 counts entries, 7043068 ancestor char entries
  d_split: 635954/963028 nodes have a mass=1 ancestor (mean depth 8.89)
  lr-schedule: warmup-cosine (peak=0.003, warmup_epochs=1)
  optimizer: rmsprop (lr=0.003)
  entropy lambda: 1.000 (branching-endpoint icing enabled)
  mass weighting: log (head-of-edge count restores corpus-frequency exposure)
  curriculum: flat (d=max each epoch)
  max edge_len: 16, max ancestor chars: 15, max KV per node: 31, max endpoint depth: 16
  mass=1 compaction: 5154420 / 5787686 chars are mass=1 (89.1%); cache holds 633266 positions
  loop points: 11243 (mass>1 leaves; 3.4% of 327073 mass>1 nodes)
  KV cache: 324.2 MB unified memory (bf16 compact)
  GPU memory: 2813.3 MB used, 5373.6 MB free, 8186.8 MB total
  64 root-child subtrees: sizes min=1 max=148586 avg=15047.3 (total=963027 radix nodes)
Epoch 1: loss=1.552482  (3.69 sec, 64 subtrees, 156 chunks, 5787686 nodes)
  residual top-10 (subtree_mass × max(avg_loss − 1.552, 0)):
    rc   rootID   mass      avg_loss     score 
    58   899287   109515    1.6750       13412.3
    38   294114   238833    1.5920       9441.0
    5    184920   95961     1.6271       7163.6
    60   929348   76040     1.6128       4589.2
    59   922462   33413     1.6809       4290.5
    39   342398   46781     1.6417       4171.8
    53   744281   42893     1.6485       4118.5
    43   477273   68221     1.5961       2977.7
    4    179457   25322     1.6667       2891.5
    40   352345   65473     1.5852       2139.1
    top-10: 16.3% of mass, 90.6% of excess-loss
Epoch 2: loss=1.561651  (3.86 sec, 64 subtrees, 156 chunks, 5787686 nodes)
  residual top-10 (subtree_mass × max(avg_loss − 1.562, 0)):
    rc   rootID   mass      avg_loss     score 
    58   899287   109515    1.9948       47436.7
    59   922462   33413     2.0409       16012.6
    60   929348   76040     1.7635       15349.7
    57   840486   312347    1.5874       8050.5
    53   744281   42893     1.6753       4874.9
    62   944945   90541     1.6132       4663.3
    5    184920   95961     1.6099       4631.9
    38   294114   238833    1.5809       4588.4
    39   342398   46781     1.6282       3112.6
    4    179457   25322     1.6406       2000.0
    top-10: 21.7% of mass, 97.2% of excess-loss
Epoch 3: loss=1.540943  (3.76 sec, 64 subtrees, 156 chunks, 5787686 nodes)
  residual top-10 (subtree_mass × max(avg_loss − 1.541, 0)):
    rc   rootID   mass      avg_loss     score 
    1    29012    853141    1.5566       13323.1
    38   294114   238833    1.5778       8807.9
    5    184920   95961     1.6173       7325.4
    58   899287   109515    1.5985       6306.8
    39   342398   46781     1.6193       3667.6
    53   744281   42893     1.6202       3400.6
    43   477273   68221     1.5836       2909.3
    4    179457   25322     1.6491       2740.0
    45   503205   240495    1.5506       2311.7
    40   352345   65473     1.5745       2196.0
    top-10: 36.2% of mass, 88.9% of excess-loss
Epoch 4: loss=1.534047  (3.63 sec, 64 subtrees, 156 chunks, 5787686 nodes)
  residual top-10 (subtree_mass × max(avg_loss − 1.534, 0)):
    rc   rootID   mass      avg_loss     score 
    58   899287   109515    1.6267       10146.3
    38   294114   238833    1.5722       9112.4
    5    184920   95961     1.6022       6544.5
    53   744281   42893     1.6418       4622.0
    60   929348   76040     1.5877       4082.6
    39   342398   46781     1.6191       3980.5
    59   922462   33413     1.6485       3825.8
    43   477273   68221     1.5845       3442.1
    45   503205   240495    1.5458       2829.8
    40   352345   65473     1.5718       2471.9
    top-10: 20.6% of mass, 89.9% of excess-loss
Epoch 5: loss=1.530006  (3.56 sec, 64 subtrees, 156 chunks, 5787686 nodes)
  residual top-10 (subtree_mass × max(avg_loss − 1.530, 0)):
    rc   rootID   mass      avg_loss     score 
    38   294114   238833    1.5699       9537.6
    58   899287   109515    1.6016       7842.6
    5    184920   95961     1.6036       7065.3
    53   744281   42893     1.6322       4382.0
    39   342398   46781     1.6170       4068.2
    43   477273   68221     1.5823       3570.3
    45   503205   240495    1.5437       3291.9
    4    179457   25322     1.6340       2633.7
    60   929348   76040     1.5645       2622.2
    40   352345   65473     1.5689       2545.8
    top-10: 20.5% of mass, 88.1% of excess-loss
Epoch 6: loss=1.531216  (3.56 sec, 64 subtrees, 156 chunks, 5787686 nodes)
  residual top-10 (subtree_mass × max(avg_loss − 1.531, 0)):
    rc   rootID   mass      avg_loss     score 
    58   899287   109515    1.6654       14690.0
    38   294114   238833    1.5662       8344.1
    5    184920   95961     1.5993       6531.8
    60   929348   76040     1.5986       5124.7
    53   744281   42893     1.6441       4841.8
    59   922462   33413     1.6662       4510.1
    39   342398   46781     1.6176       4043.3
    43   477273   68221     1.5824       3493.4
    57   840486   312347    1.5414       3171.7
    4    179457   25322     1.6309       2525.4
    top-10: 21.3% of mass, 90.0% of excess-loss
Epoch 7: loss=1.530479  (3.56 sec, 64 subtrees, 156 chunks, 5787686 nodes)
  residual top-10 (subtree_mass × max(avg_loss − 1.530, 0)):
    rc   rootID   mass      avg_loss     score 
    58   899287   109515    1.6791       16276.5
    38   294114   238833    1.5662       8529.5
    59   922462   33413     1.7489       7296.9
    5    184920   95961     1.5941       6102.4
    60   929348   76040     1.6093       5995.6
    53   744281   42893     1.6416       4767.0
    39   342398   46781     1.6210       4234.9
    43   477273   68221     1.5802       3392.9
    40   352345   65473     1.5681       2463.8
    4    179457   25322     1.6225       2330.9
    top-10: 16.3% of mass, 93.2% of excess-loss
Epoch 8: loss=1.529631  (3.55 sec, 64 subtrees, 156 chunks, 5787686 nodes)
  residual top-10 (subtree_mass × max(avg_loss − 1.530, 0)):
    rc   rootID   mass      avg_loss     score 
    58   899287   109515    1.6962       18237.9
    38   294114   238833    1.5629       7953.6
    5    184920   95961     1.5959       6361.9
    53   744281   42893     1.6683       5949.5
    60   929348   76040     1.6014       5453.9
    57   840486   312347    1.5469       5388.3
    59   922462   33413     1.6538       4149.3
    39   342398   46781     1.6144       3966.5
    43   477273   68221     1.5777       3278.0
    4    179457   25322     1.6281       2494.2
    top-10: 21.3% of mass, 92.3% of excess-loss
Epoch 9: loss=1.524215  (3.55 sec, 64 subtrees, 156 chunks, 5787686 nodes)
  residual top-10 (subtree_mass × max(avg_loss − 1.524, 0)):
    rc   rootID   mass      avg_loss     score 
    58   899287   109515    1.6399       12672.4
    38   294114   238833    1.5596       8452.5
    5    184920   95961     1.5884       6156.0
    60   929348   76040     1.5860       4700.5
    59   922462   33413     1.6548       4364.5
    53   744281   42893     1.6201       4113.8
    39   342398   46781     1.6120       4106.8
    43   477273   68221     1.5777       3647.3
    57   840486   312347    1.5327       2649.4
    45   503205   240495    1.5343       2424.3
    top-10: 25.6% of mass, 89.6% of excess-loss
Epoch 10: loss=1.577517  (3.56 sec, 64 subtrees, 156 chunks, 5787686 nodes)
  residual top-10 (subtree_mass × max(avg_loss − 1.578, 0)):
    rc   rootID   mass      avg_loss     score 
    5    184920   95961     1.8402       25208.2
    38   294114   238833    1.6359       13949.9
    57   840486   312347    1.6153       11800.1
    4    179457   25322     2.0028       10769.0
    58   899287   109515    1.6649       9572.0
    39   342398   46781     1.6822       4895.9
    9    208294   45535     1.6520       3393.4
    53   744281   42893     1.6541       3283.8
    40   352345   65473     1.6272       3254.1
    43   477273   68221     1.6217       3012.2
    top-10: 21.3% of mass, 88.5% of excess-loss
Saved to /home/trans/Projects/agpt/rnd/streaming-agpt-v1/models/cadence_n20_se10_stage12.model
Done.
  Appended optimizer state to /home/trans/Projects/agpt/rnd/streaming-agpt-v1/models/cadence_n20_se10_stage12.model (adam_t=7480)
