[radix-corpus] corpus: /tmp/shake_76pct_n50.txt (847699 tokens, vocab=65)
[radix-corpus] max_depth=16, output=/tmp/shake_76pct_n50_d16_radix
[radix-corpus] subtree char=0 (29694 positions): emitted 37380 radix nodes  (cum total 37381, max_ep_depth=16, 0.0s)
[radix-corpus] subtree char=1 (129418 positions): emitted 188223 radix nodes  (cum total 225604, max_ep_depth=16, 0.3s)
[radix-corpus] subtree char=2 (1680 positions): emitted 2280 radix nodes  (cum total 227884, max_ep_depth=16, 0.3s)
[radix-corpus] subtree char=3 (1 positions): emitted 1 radix nodes  (cum total 227885, max_ep_depth=16, 0.3s)
[radix-corpus] subtree char=4 (3 positions): emitted 5 radix nodes  (cum total 227890, max_ep_depth=16, 0.3s)
[radix-corpus] subtree char=5 (4839 positions): emitted 7129 radix nodes  (cum total 235019, max_ep_depth=16, 0.3s)
[radix-corpus] subtree char=6 (15051 positions): emitted 21932 radix nodes  (cum total 256951, max_ep_depth=16, 0.3s)
[radix-corpus] subtree char=7 (1485 positions): emitted 2175 radix nodes  (cum total 259126, max_ep_depth=16, 0.3s)
[radix-corpus] subtree char=8 (5721 positions): emitted 5804 radix nodes  (cum total 264930, max_ep_depth=16, 0.3s)
[radix-corpus] subtree char=9 (27 positions): emitted 1 radix nodes  (cum total 264931, max_ep_depth=16, 0.3s)
[radix-corpus] subtree char=10 (7471 positions): emitted 10833 radix nodes  (cum total 275764, max_ep_depth=16, 0.3s)
[radix-corpus] subtree char=11 (2697 positions): emitted 3987 radix nodes  (cum total 279751, max_ep_depth=16, 0.3s)
[radix-corpus] subtree char=12 (1761 positions): emitted 2165 radix nodes  (cum total 281916, max_ep_depth=16, 0.3s)
[radix-corpus] subtree char=13 (5458 positions): emitted 7938 radix nodes  (cum total 289854, max_ep_depth=16, 0.3s)
[radix-corpus] subtree char=14 (1990 positions): emitted 2831 radix nodes  (cum total 292685, max_ep_depth=16, 0.3s)
[radix-corpus] subtree char=15 (2877 positions): emitted 3882 radix nodes  (cum total 296567, max_ep_depth=16, 0.3s)
[radix-corpus] subtree char=16 (1638 positions): emitted 2127 radix nodes  (cum total 298694, max_ep_depth=16, 0.3s)
[radix-corpus] subtree char=17 (4601 positions): emitted 6059 radix nodes  (cum total 304753, max_ep_depth=16, 0.3s)
[radix-corpus] subtree char=18 (1495 positions): emitted 1916 radix nodes  (cum total 306669, max_ep_depth=16, 0.3s)
[radix-corpus] subtree char=19 (1953 positions): emitted 2340 radix nodes  (cum total 309009, max_ep_depth=16, 0.3s)
[radix-corpus] subtree char=20 (2335 positions): emitted 3134 radix nodes  (cum total 312143, max_ep_depth=16, 0.3s)
[radix-corpus] subtree char=21 (8506 positions): emitted 11719 radix nodes  (cum total 323862, max_ep_depth=16, 0.3s)
[radix-corpus] subtree char=22 (281 positions): emitted 385 radix nodes  (cum total 324247, max_ep_depth=16, 0.3s)
[radix-corpus] subtree char=23 (1194 positions): emitted 1044 radix nodes  (cum total 325291, max_ep_depth=16, 0.3s)
[radix-corpus] subtree char=24 (2813 positions): emitted 3923 radix nodes  (cum total 329214, max_ep_depth=16, 0.3s)
[radix-corpus] subtree char=25 (2296 positions): emitted 3262 radix nodes  (cum total 332476, max_ep_depth=16, 0.3s)
[radix-corpus] subtree char=26 (3647 positions): emitted 4521 radix nodes  (cum total 336997, max_ep_depth=16, 0.3s)
[radix-corpus] subtree char=27 (3669 positions): emitted 5173 radix nodes  (cum total 342170, max_ep_depth=16, 0.3s)
[radix-corpus] subtree char=28 (849 positions): emitted 1200 radix nodes  (cum total 343370, max_ep_depth=16, 0.3s)
[radix-corpus] subtree char=29 (228 positions): emitted 58 radix nodes  (cum total 343428, max_ep_depth=16, 0.3s)
[radix-corpus] subtree char=30 (3961 positions): emitted 5310 radix nodes  (cum total 348738, max_ep_depth=16, 0.3s)
[radix-corpus] subtree char=31 (3409 positions): emitted 4693 radix nodes  (cum total 353431, max_ep_depth=16, 0.3s)
[radix-corpus] subtree char=32 (5080 positions): emitted 7317 radix nodes  (cum total 360748, max_ep_depth=16, 0.3s)
[radix-corpus] subtree char=33 (2552 positions): emitted 3209 radix nodes  (cum total 363957, max_ep_depth=16, 0.3s)
[radix-corpus] subtree char=34 (511 positions): emitted 737 radix nodes  (cum total 364694, max_ep_depth=16, 0.3s)
[radix-corpus] subtree char=35 (2842 positions): emitted 4125 radix nodes  (cum total 368819, max_ep_depth=16, 0.3s)
[radix-corpus] subtree char=36 (111 positions): emitted 163 radix nodes  (cum total 368982, max_ep_depth=16, 0.3s)
[radix-corpus] subtree char=37 (1466 positions): emitted 2003 radix nodes  (cum total 370985, max_ep_depth=16, 0.3s)
[radix-corpus] subtree char=38 (161 positions): emitted 225 radix nodes  (cum total 371210, max_ep_depth=16, 0.3s)
[radix-corpus] subtree char=39 (41932 positions): emitted 61277 radix nodes  (cum total 432487, max_ep_depth=16, 0.4s)
[radix-corpus] subtree char=40 (8688 positions): emitted 12800 radix nodes  (cum total 445287, max_ep_depth=16, 0.4s)
[radix-corpus] subtree char=41 (11983 positions): emitted 17443 radix nodes  (cum total 462730, max_ep_depth=16, 0.4s)
[radix-corpus] subtree char=42 (24215 positions): emitted 35411 radix nodes  (cum total 498141, max_ep_depth=16, 0.4s)
[radix-corpus] subtree char=43 (72498 positions): emitted 105809 radix nodes  (cum total 603950, max_ep_depth=16, 0.5s)
[radix-corpus] subtree char=44 (12076 positions): emitted 17750 radix nodes  (cum total 621700, max_ep_depth=16, 0.5s)
[radix-corpus] subtree char=45 (10450 positions): emitted 15194 radix nodes  (cum total 636894, max_ep_depth=16, 0.5s)
[radix-corpus] subtree char=46 (39594 positions): emitted 57935 radix nodes  (cum total 694829, max_ep_depth=16, 0.6s)
[radix-corpus] subtree char=47 (34327 positions): emitted 49893 radix nodes  (cum total 744722, max_ep_depth=16, 0.6s)
[radix-corpus] subtree char=48 (491 positions): emitted 719 radix nodes  (cum total 745441, max_ep_depth=16, 0.6s)
[radix-corpus] subtree char=49 (5451 positions): emitted 7892 radix nodes  (cum total 753333, max_ep_depth=16, 0.6s)
[radix-corpus] subtree char=50 (25701 positions): emitted 37563 radix nodes  (cum total 790896, max_ep_depth=16, 0.6s)
[radix-corpus] subtree char=51 (16853 positions): emitted 24600 radix nodes  (cum total 815496, max_ep_depth=16, 0.7s)
[radix-corpus] subtree char=52 (37168 positions): emitted 54449 radix nodes  (cum total 869945, max_ep_depth=16, 0.7s)
[radix-corpus] subtree char=53 (49926 positions): emitted 73079 radix nodes  (cum total 943024, max_ep_depth=16, 0.7s)
[radix-corpus] subtree char=54 (8196 positions): emitted 12084 radix nodes  (cum total 955108, max_ep_depth=16, 0.7s)
[radix-corpus] subtree char=55 (495 positions): emitted 711 radix nodes  (cum total 955819, max_ep_depth=16, 0.7s)
[radix-corpus] subtree char=56 (37351 positions): emitted 54448 radix nodes  (cum total 1010267, max_ep_depth=16, 0.8s)
[radix-corpus] subtree char=57 (37960 positions): emitted 55662 radix nodes  (cum total 1065929, max_ep_depth=16, 0.8s)
[radix-corpus] subtree char=58 (51075 positions): emitted 74890 radix nodes  (cum total 1140819, max_ep_depth=16, 0.9s)
[radix-corpus] subtree char=59 (20115 positions): emitted 29437 radix nodes  (cum total 1170256, max_ep_depth=16, 0.9s)
[radix-corpus] subtree char=60 (5865 positions): emitted 8625 radix nodes  (cum total 1178881, max_ep_depth=16, 0.9s)
[radix-corpus] subtree char=61 (13353 positions): emitted 19418 radix nodes  (cum total 1198299, max_ep_depth=16, 0.9s)
[radix-corpus] subtree char=62 (409 positions): emitted 622 radix nodes  (cum total 1198921, max_ep_depth=16, 0.9s)
[radix-corpus] subtree char=63 (15459 positions): emitted 22467 radix nodes  (cum total 1221388, max_ep_depth=16, 0.9s)
[radix-corpus] subtree char=64 (297 positions): emitted 437 radix nodes  (cum total 1221825, max_ep_depth=16, 0.9s)
[radix-corpus] done: 1221825 radix nodes, 7233655 total edge chars, 17 endpoint depths, 0.9s
  radix_count:        1221825
  total_edge_chars:   7233655
  max_endpoint_depth: 16
