AGPT CUDA Training Engine
  Model: d=64 heads=4 layers=2 ff=256 vocab=65 seq=128 head_dim=16
  Loaded 108481 weight floats (423.8 KB)
  Loaded optimizer state from checkpoint (adam_t=13600)
  LR schedule horizon: 500 total SE (override; this call runs 10 SE)
Loading radix trie from /tmp/shake_46pct_n50_se10_d16_radix...
  Radix trie: 738109 nodes, 4539595 total edge chars, 17 endpoint depths
  Radix loaded: 1237672 counts entries, 5245159 ancestor char entries
  d_split: 487727/738109 nodes have a mass=1 ancestor (mean depth 8.68)
  lr-schedule: warmup-cosine (peak=0.003, warmup_epochs=1)
  optimizer: rmsprop (lr=0.003)
  entropy lambda: 1.000 (branching-endpoint icing enabled)
  mass weighting: log (head-of-edge count restores corpus-frequency exposure)
  curriculum: flat (d=max each epoch)
  max edge_len: 15, max ancestor chars: 15, max KV per node: 30, max endpoint depth: 16
  mass=1 compaction: 4057432 / 4539595 chars are mass=1 (89.4%); cache holds 482163 positions
  loop points: 8367 (mass>1 leaves; 3.3% of 250381 mass>1 nodes)
  KV cache: 246.9 MB unified memory (bf16 compact)
  GPU memory: 2746.4 MB used, 5440.4 MB free, 8186.8 MB total
  63 root-child subtrees: sizes min=3 max=113718 avg=11716.0 (total=738108 radix nodes)
Epoch 1: loss=1.548960  (2.84 sec, 63 subtrees, 133 chunks, 4539595 nodes)
  residual top-10 (subtree_mass × max(avg_loss − 1.549, 0)):
    rc   rootID   mass      avg_loss     score 
    57   689155   82780     1.9436       32666.3
    42   365703   50260     1.8177       13505.7
    58   707120   25457     1.9126       9258.1
    56   644189   232828    1.5803       7302.3
    59   712456   55652     1.6781       7187.3
    37   225429   177310    1.5849       6379.4
    39   269909   49442     1.6594       5460.3
    52   570275   32894     1.6524       3402.6
    5    141534   70197     1.5958       3287.8
    38   262287   34951     1.6127       2227.1
    top-10: 22.0% of mass, 95.8% of excess-loss
Epoch 2: loss=1.553929  (2.76 sec, 63 subtrees, 133 chunks, 4539595 nodes)
  residual top-10 (subtree_mass × max(avg_loss − 1.554, 0)):
    rc   rootID   mass      avg_loss     score 
    57   689155   82780     1.8328       23081.6
    37   225429   177310    1.6045       8969.0
    56   644189   232828    1.5745       4792.5
    42   365703   50260     1.6406       4358.2
    58   707120   25457     1.7212       4258.8
    5    141534   70197     1.6126       4115.8
    38   262287   34951     1.6529       3460.2
    39   269909   49442     1.6153       3032.1
    52   570275   32894     1.6428       2924.1
    59   712456   55652     1.6056       2877.1
    top-10: 22.0% of mass, 92.5% of excess-loss
Epoch 3: loss=1.540846  (2.76 sec, 63 subtrees, 133 chunks, 4539595 nodes)
  residual top-10 (subtree_mass × max(avg_loss − 1.541, 0)):
    rc   rootID   mass      avg_loss     score 
    57   689155   82780     1.8630       26667.4
    58   707120   25457     1.8906       8903.6
    37   225429   177310    1.5906       8823.0
    59   712456   55652     1.6646       6887.1
    5    141534   70197     1.5949       3794.3
    42   365703   50260     1.6106       3507.4
    56   644189   232828    1.5553       3362.6
    38   262287   34951     1.6233       2882.3
    39   269909   49442     1.5942       2640.2
    52   570275   32894     1.6119       2336.9
    top-10: 22.0% of mass, 95.6% of excess-loss
Epoch 4: loss=1.540762  (2.76 sec, 63 subtrees, 133 chunks, 4539595 nodes)
  residual top-10 (subtree_mass × max(avg_loss − 1.541, 0)):
    rc   rootID   mass      avg_loss     score 
    57   689155   82780     1.7879       20461.8
    37   225429   177310    1.5961       9815.7
    42   365703   50260     1.6608       6030.7
    56   644189   232828    1.5646       5560.9
    58   707120   25457     1.7458       5219.8
    39   269909   49442     1.6390       4857.4
    59   712456   55652     1.6227       4561.8
    5    141534   70197     1.5955       3845.2
    40   280493   102558    1.5694       2938.3
    38   262287   34951     1.6187       2723.0
    top-10: 23.9% of mass, 93.4% of excess-loss
Epoch 5: loss=1.521917  (2.76 sec, 63 subtrees, 133 chunks, 4539595 nodes)
  residual top-10 (subtree_mass × max(avg_loss − 1.522, 0)):
    rc   rootID   mass      avg_loss     score 
    57   689155   82780     1.6666       11978.8
    37   225429   177310    1.5791       10136.5
    5    141534   70197     1.5906       4818.1
    42   365703   50260     1.6139       4623.2
    39   269909   49442     1.5836       3049.3
    38   262287   34951     1.6079       3004.9
    56   644189   232828    1.5327       2502.1
    58   707120   25457     1.6187       2465.1
    59   712456   55652     1.5562       1907.5
    44   385559   177794    1.5325       1882.5
    top-10: 25.9% of mass, 88.5% of excess-loss
Epoch 6: loss=1.525292  (2.76 sec, 63 subtrees, 133 chunks, 4539595 nodes)
  residual top-10 (subtree_mass × max(avg_loss − 1.525, 0)):
    rc   rootID   mass      avg_loss     score 
    57   689155   82780     1.6872       13399.4
    37   225429   177310    1.5876       11052.4
    5    141534   70197     1.6202       6661.2
    42   365703   50260     1.6258       5051.3
    39   269909   49442     1.6080       4091.5
    38   262287   34951     1.6349       3830.0
    58   707120   25457     1.6423       2978.4
    56   644189   232828    1.5379       2925.0
    4    137419   18422     1.6779       2812.2
    59   712456   55652     1.5705       2513.6
    top-10: 21.6% of mass, 88.8% of excess-loss
Epoch 7: loss=1.517037  (2.76 sec, 63 subtrees, 133 chunks, 4539595 nodes)
  residual top-10 (subtree_mass × max(avg_loss − 1.517, 0)):
    rc   rootID   mass      avg_loss     score 
    57   689155   82780     1.6930       14562.2
    37   225429   177310    1.5738       10058.7
    5    141534   70197     1.5849       4760.4
    42   365703   50260     1.5970       4020.5
    39   269909   49442     1.5812       3171.4
    38   262287   34951     1.6066       3129.2
    56   644189   232828    1.5296       2916.4
    58   707120   25457     1.6293       2858.9
    59   712456   55652     1.5595       2362.5
    4    137419   18422     1.6209       1912.9
    top-10: 21.6% of mass, 89.3% of excess-loss
Epoch 8: loss=1.521124  (2.76 sec, 63 subtrees, 133 chunks, 4539595 nodes)
  residual top-10 (subtree_mass × max(avg_loss − 1.521, 0)):
    rc   rootID   mass      avg_loss     score 
    57   689155   82780     1.7573       19553.5
    37   225429   177310    1.5773       9965.5
    42   365703   50260     1.6298       5464.4
    58   707120   25457     1.7144       4919.5
    5    141534   70197     1.5838       4399.6
    56   644189   232828    1.5371       3729.5
    59   712456   55652     1.5877       3702.4
    38   262287   34951     1.6193       3431.8
    39   269909   49442     1.5882       3317.5
    45   420042   147837    1.5358       2174.1
    top-10: 25.1% of mass, 90.5% of excess-loss
Epoch 9: loss=1.535506  (2.76 sec, 63 subtrees, 133 chunks, 4539595 nodes)
  residual top-10 (subtree_mass × max(avg_loss − 1.536, 0)):
    rc   rootID   mass      avg_loss     score 
    57   689155   82780     2.0673       44023.1
    59   712456   55652     1.7962       14507.9
    58   707120   25457     2.0623       13411.7
    56   644189   232828    1.5735       8842.9
    37   225429   177310    1.5726       6585.3
    61   724159   68092     1.5854       3399.2
    52   570275   32894     1.6293       3084.4
    42   365703   50260     1.5937       2926.4
    5    141534   70197     1.5761       2847.0
    38   262287   34951     1.6062       2469.6
    top-10: 22.5% of mass, 97.1% of excess-loss
Epoch 10: loss=1.531248  (2.76 sec, 63 subtrees, 133 chunks, 4539595 nodes)
  residual top-10 (subtree_mass × max(avg_loss − 1.531, 0)):
    rc   rootID   mass      avg_loss     score 
    37   225429   177310    1.5744       7656.9
    57   689155   82780     1.6050       6105.5
    42   365703   50260     1.6375       5339.8
    39   269909   49442     1.6324       5001.5
    38   262287   34951     1.6712       4891.5
    44   385559   177794    1.5552       4254.5
    5    141534   70197     1.5903       4148.3
    45   420042   147837    1.5575       3887.9
    40   280493   102558    1.5687       3843.1
    41   301922   317720    1.5402       2845.9
    top-10: 32.8% of mass, 88.0% of excess-loss
Saved to /home/trans/Projects/agpt/rnd/streaming-agpt-v1/models/cadence_n50_se10_stage23.model
Done.
  Appended optimizer state to /home/trans/Projects/agpt/rnd/streaming-agpt-v1/models/cadence_n50_se10_stage23.model (adam_t=14230)
