AGPT CUDA Training Engine
  Model: d=64 heads=4 layers=2 ff=256 vocab=65 seq=128 head_dim=16
  Loaded 108481 weight floats (423.8 KB)
  Loaded optimizer state from checkpoint (adam_t=2155)
  LR schedule horizon: 100 total SE (override; this call runs 5 SE)
Loading radix trie from /tmp/shake_40pct_n20_d16_radix...
  Radix trie: 639957 nodes, 3962507 total edge chars, 17 endpoint depths
  Radix loaded: 1073204 counts entries, 4506628 ancestor char entries
  d_split: 422466/639957 nodes have a mass=1 ancestor (mean depth 8.62)
  lr-schedule: warmup-cosine (peak=0.003, warmup_epochs=1)
  optimizer: rmsprop (lr=0.003)
  entropy lambda: 1.000 (branching-endpoint icing enabled)
  mass weighting: log (head-of-edge count restores corpus-frequency exposure)
  curriculum: flat (d=max each epoch)
  max edge_len: 15, max ancestor chars: 15, max KV per node: 30, max endpoint depth: 16
  mass=1 compaction: 3540650 / 3962507 chars are mass=1 (89.4%); cache holds 421857 positions
  loop points: 7621 (mass>1 leaves; 3.5% of 217490 mass>1 nodes)
  KV cache: 216.0 MB unified memory (bf16 compact)
  GPU memory: 2740.1 MB used, 5446.7 MB free, 8186.8 MB total
  63 root-child subtrees: sizes min=3 max=98513 avg=10158.0 (total=639956 radix nodes)
Epoch 1: loss=1.710832  (2.68 sec, 63 subtrees, 122 chunks, 3962507 nodes)
  residual top-10 (subtree_mass × max(avg_loss − 1.711, 0)):
    rc   rootID   mass      avg_loss     score 
    45   363844   127194    1.8388       16274.3
    37   194986   150820    1.7941       12560.8
    57   597515   71254     1.8635       10881.2
    42   316789   43288     1.8756       7134.0
    5    122082   59596     1.8043       5572.9
    38   226569   29851     1.8598       4448.3
    58   613131   21722     1.8968       4039.5
    48   394607   90208     1.7488       3428.2
    4    118548   15676     1.9091       3107.4
    52   494229   28647     1.7932       2359.6
    top-10: 20.1% of mass, 85.6% of excess-loss
Epoch 2: loss=1.679711  (2.66 sec, 63 subtrees, 122 chunks, 3962507 nodes)
  residual top-10 (subtree_mass × max(avg_loss − 1.680, 0)):
    rc   rootID   mass      avg_loss     score 
    57   597515   71254     2.0130       23745.1
    58   613131   21722     2.0355       7729.3
    59   617736   47326     1.8416       7660.6
    37   194986   150820    1.7209       6208.1
    5    122082   59596     1.7637       5006.1
    56   558703   198655    1.7044       4897.4
    42   316789   43288     1.7701       3914.0
    38   226569   29851     1.8034       3691.8
    52   494229   28647     1.8071       3649.7
    4    118548   15676     1.8320       2388.0
    top-10: 21.0% of mass, 97.0% of excess-loss
Epoch 3: loss=1.654140  (2.64 sec, 63 subtrees, 122 chunks, 3962507 nodes)
  residual top-10 (subtree_mass × max(avg_loss − 1.654, 0)):
    rc   rootID   mass      avg_loss     score 
    57   597515   71254     1.7877       9519.9
    37   194986   150820    1.7063       7870.3
    1    19001    545903    1.6650       5938.7
    5    122082   59596     1.7445       5387.3
    42   316789   43288     1.7779       5357.5
    38   226569   29851     1.7705       3472.2
    58   613131   21722     1.8107       3401.4
    4    118548   15676     1.8129       2489.1
    44   334037   152143    1.6659       1791.6
    52   494229   28647     1.7087       1561.7
    top-10: 35.3% of mass, 89.6% of excess-loss
Epoch 4: loss=1.665283  (2.58 sec, 63 subtrees, 122 chunks, 3962507 nodes)
  residual top-10 (subtree_mass × max(avg_loss − 1.665, 0)):
    rc   rootID   mass      avg_loss     score 
    57   597515   71254     2.1467       34302.4
    58   613131   21722     2.4140       16263.7
    59   617736   47326     2.0034       16003.5
    61   627796   58995     1.7661       5945.9
    37   194986   150820    1.6955       4556.6
    42   316789   43288     1.7609       4140.5
    38   226569   29851     1.7859       3599.3
    5    122082   59596     1.7251       3563.1
    56   558703   198655    1.6771       2351.3
    4    118548   15676     1.7946       2027.2
    top-10: 22.0% of mass, 98.1% of excess-loss
Epoch 5: loss=1.653838  (2.62 sec, 63 subtrees, 122 chunks, 3962507 nodes)
  residual top-10 (subtree_mass × max(avg_loss − 1.654, 0)):
    rc   rootID   mass      avg_loss     score 
    1    19001    545903    1.6950       22457.2
    57   597515   71254     1.8018       10543.6
    37   194986   150820    1.7103       8516.2
    5    122082   59596     1.7593       6286.5
    0    1        108185    1.6937       4317.0
    58   613131   21722     1.8301       3828.6
    38   226569   29851     1.7788       3729.3
    42   316789   43288     1.7180       2779.6
    4    118548   15676     1.8147       2521.6
    59   617736   47326     1.6893       1676.7
    top-10: 34.5% of mass, 95.7% of excess-loss
Saved to /home/trans/Projects/agpt/rnd/streaming-agpt-v1/models/cadence_n20_stage8.model
Done.
  Appended optimizer state to /home/trans/Projects/agpt/rnd/streaming-agpt-v1/models/cadence_n20_stage8.model (adam_t=2470)
