[radix-corpus] corpus: /tmp/shake_16pct_n50.txt (178463 tokens, vocab=65)
[radix-corpus] max_depth=16, output=/tmp/shake_16pct_n50_d16_radix
[radix-corpus] subtree char=0 (6796 positions): emitted 8787 radix nodes  (cum total 8788, max_ep_depth=16, 0.0s)
[radix-corpus] subtree char=1 (26454 positions): emitted 39135 radix nodes  (cum total 47923, max_ep_depth=16, 0.0s)
[radix-corpus] subtree char=2 (349 positions): emitted 475 radix nodes  (cum total 48398, max_ep_depth=16, 0.0s)
[radix-corpus] subtree char=4 (2 positions): emitted 3 radix nodes  (cum total 48401, max_ep_depth=16, 0.0s)
[radix-corpus] subtree char=5 (1109 positions): emitted 1622 radix nodes  (cum total 50023, max_ep_depth=16, 0.0s)
[radix-corpus] subtree char=6 (3013 positions): emitted 4432 radix nodes  (cum total 54455, max_ep_depth=16, 0.0s)
[radix-corpus] subtree char=7 (334 positions): emitted 477 radix nodes  (cum total 54932, max_ep_depth=16, 0.0s)
[radix-corpus] subtree char=8 (1357 positions): emitted 1420 radix nodes  (cum total 56352, max_ep_depth=16, 0.0s)
[radix-corpus] subtree char=10 (1765 positions): emitted 2583 radix nodes  (cum total 58935, max_ep_depth=16, 0.0s)
[radix-corpus] subtree char=11 (518 positions): emitted 787 radix nodes  (cum total 59722, max_ep_depth=16, 0.0s)
[radix-corpus] subtree char=12 (351 positions): emitted 442 radix nodes  (cum total 60164, max_ep_depth=16, 0.0s)
[radix-corpus] subtree char=13 (1056 positions): emitted 1553 radix nodes  (cum total 61717, max_ep_depth=16, 0.0s)
[radix-corpus] subtree char=14 (333 positions): emitted 493 radix nodes  (cum total 62210, max_ep_depth=16, 0.0s)
[radix-corpus] subtree char=15 (788 positions): emitted 1070 radix nodes  (cum total 63280, max_ep_depth=16, 0.0s)
[radix-corpus] subtree char=16 (163 positions): emitted 233 radix nodes  (cum total 63513, max_ep_depth=16, 0.0s)
[radix-corpus] subtree char=17 (649 positions): emitted 913 radix nodes  (cum total 64426, max_ep_depth=16, 0.0s)
[radix-corpus] subtree char=18 (288 positions): emitted 323 radix nodes  (cum total 64749, max_ep_depth=16, 0.0s)
[radix-corpus] subtree char=19 (184 positions): emitted 257 radix nodes  (cum total 65006, max_ep_depth=16, 0.0s)
[radix-corpus] subtree char=20 (317 positions): emitted 476 radix nodes  (cum total 65482, max_ep_depth=16, 0.0s)
[radix-corpus] subtree char=21 (1991 positions): emitted 2891 radix nodes  (cum total 68373, max_ep_depth=16, 0.0s)
[radix-corpus] subtree char=22 (19 positions): emitted 33 radix nodes  (cum total 68406, max_ep_depth=16, 0.0s)
[radix-corpus] subtree char=23 (22 positions): emitted 33 radix nodes  (cum total 68439, max_ep_depth=16, 0.0s)
[radix-corpus] subtree char=24 (527 positions): emitted 764 radix nodes  (cum total 69203, max_ep_depth=16, 0.0s)
[radix-corpus] subtree char=25 (603 positions): emitted 843 radix nodes  (cum total 70046, max_ep_depth=16, 0.0s)
[radix-corpus] subtree char=26 (972 positions): emitted 1410 radix nodes  (cum total 71456, max_ep_depth=16, 0.0s)
[radix-corpus] subtree char=27 (697 positions): emitted 994 radix nodes  (cum total 72450, max_ep_depth=16, 0.0s)
[radix-corpus] subtree char=28 (84 positions): emitted 125 radix nodes  (cum total 72575, max_ep_depth=16, 0.0s)
[radix-corpus] subtree char=29 (13 positions): emitted 5 radix nodes  (cum total 72580, max_ep_depth=16, 0.0s)
[radix-corpus] subtree char=30 (607 positions): emitted 876 radix nodes  (cum total 73456, max_ep_depth=16, 0.0s)
[radix-corpus] subtree char=31 (1259 positions): emitted 1755 radix nodes  (cum total 75211, max_ep_depth=16, 0.0s)
[radix-corpus] subtree char=32 (1070 positions): emitted 1543 radix nodes  (cum total 76754, max_ep_depth=16, 0.0s)
[radix-corpus] subtree char=33 (1005 positions): emitted 1455 radix nodes  (cum total 78209, max_ep_depth=16, 0.0s)
[radix-corpus] subtree char=34 (157 positions): emitted 225 radix nodes  (cum total 78434, max_ep_depth=16, 0.0s)
[radix-corpus] subtree char=35 (552 positions): emitted 803 radix nodes  (cum total 79237, max_ep_depth=16, 0.0s)
[radix-corpus] subtree char=37 (242 positions): emitted 351 radix nodes  (cum total 79588, max_ep_depth=16, 0.0s)
[radix-corpus] subtree char=38 (11 positions): emitted 16 radix nodes  (cum total 79604, max_ep_depth=16, 0.0s)
[radix-corpus] subtree char=39 (8752 positions): emitted 12886 radix nodes  (cum total 92490, max_ep_depth=16, 0.0s)
[radix-corpus] subtree char=40 (1817 positions): emitted 2660 radix nodes  (cum total 95150, max_ep_depth=16, 0.0s)
[radix-corpus] subtree char=41 (2679 positions): emitted 3919 radix nodes  (cum total 99069, max_ep_depth=16, 0.0s)
[radix-corpus] subtree char=42 (4726 positions): emitted 6953 radix nodes  (cum total 106022, max_ep_depth=16, 0.0s)
[radix-corpus] subtree char=43 (15733 positions): emitted 22974 radix nodes  (cum total 128996, max_ep_depth=16, 0.1s)
[radix-corpus] subtree char=44 (2324 positions): emitted 3427 radix nodes  (cum total 132423, max_ep_depth=16, 0.1s)
[radix-corpus] subtree char=45 (1941 positions): emitted 2866 radix nodes  (cum total 135289, max_ep_depth=16, 0.1s)
[radix-corpus] subtree char=46 (8332 positions): emitted 12231 radix nodes  (cum total 147520, max_ep_depth=16, 0.1s)
[radix-corpus] subtree char=47 (7548 positions): emitted 10959 radix nodes  (cum total 158479, max_ep_depth=16, 0.1s)
[radix-corpus] subtree char=48 (67 positions): emitted 105 radix nodes  (cum total 158584, max_ep_depth=16, 0.1s)
[radix-corpus] subtree char=49 (1010 positions): emitted 1492 radix nodes  (cum total 160076, max_ep_depth=16, 0.1s)
[radix-corpus] subtree char=50 (5143 positions): emitted 7549 radix nodes  (cum total 167625, max_ep_depth=16, 0.1s)
[radix-corpus] subtree char=51 (3488 positions): emitted 5137 radix nodes  (cum total 172762, max_ep_depth=16, 0.1s)
[radix-corpus] subtree char=52 (7829 positions): emitted 11513 radix nodes  (cum total 184275, max_ep_depth=16, 0.1s)
[radix-corpus] subtree char=53 (10689 positions): emitted 15706 radix nodes  (cum total 199981, max_ep_depth=16, 0.1s)
[radix-corpus] subtree char=54 (1860 positions): emitted 2757 radix nodes  (cum total 202738, max_ep_depth=16, 0.1s)
[radix-corpus] subtree char=55 (66 positions): emitted 98 radix nodes  (cum total 202836, max_ep_depth=16, 0.1s)
[radix-corpus] subtree char=56 (7762 positions): emitted 11343 radix nodes  (cum total 214179, max_ep_depth=16, 0.1s)
[radix-corpus] subtree char=57 (8126 positions): emitted 11876 radix nodes  (cum total 226055, max_ep_depth=16, 0.1s)
[radix-corpus] subtree char=58 (10828 positions): emitted 15879 radix nodes  (cum total 241934, max_ep_depth=16, 0.1s)
[radix-corpus] subtree char=59 (4638 positions): emitted 6797 radix nodes  (cum total 248731, max_ep_depth=16, 0.1s)
[radix-corpus] subtree char=60 (1367 positions): emitted 2015 radix nodes  (cum total 250746, max_ep_depth=16, 0.1s)
[radix-corpus] subtree char=61 (2730 positions): emitted 4000 radix nodes  (cum total 254746, max_ep_depth=16, 0.1s)
[radix-corpus] subtree char=62 (79 positions): emitted 122 radix nodes  (cum total 254868, max_ep_depth=16, 0.1s)
[radix-corpus] subtree char=63 (3152 positions): emitted 4644 radix nodes  (cum total 259512, max_ep_depth=16, 0.1s)
[radix-corpus] subtree char=64 (120 positions): emitted 183 radix nodes  (cum total 259695, max_ep_depth=16, 0.1s)
[radix-corpus] done: 259695 radix nodes, 1713663 total edge chars, 17 endpoint depths, 0.14s
  radix_count:        259695
  total_edge_chars:   1713663
  max_endpoint_depth: 16
