AGPT CUDA Training Engine
  Model: d=64 heads=4 layers=2 ff=256 vocab=65 seq=128 head_dim=16
  Loaded 108481 weight floats (423.8 KB)
  Loaded optimizer state from checkpoint (adam_t=3100)
  LR schedule horizon: 100 total SE (override; this call runs 5 SE)
Loading radix trie from /tmp/shake_55pct_n20_d16_radix...
  Radix trie: 883982 nodes, 5358036 total edge chars, 17 endpoint depths
  Radix loaded: 1482131 counts entries, 6396439 ancestor char entries
  d_split: 584163/883982 nodes have a mass=1 ancestor (mean depth 8.82)
  lr-schedule: warmup-cosine (peak=0.003, warmup_epochs=1)
  optimizer: rmsprop (lr=0.003)
  entropy lambda: 1.000 (branching-endpoint icing enabled)
  mass weighting: log (head-of-edge count restores corpus-frequency exposure)
  curriculum: flat (d=max each epoch)
  max edge_len: 16, max ancestor chars: 15, max KV per node: 31, max endpoint depth: 16
  mass=1 compaction: 4781212 / 5358036 chars are mass=1 (89.2%); cache holds 576824 positions
  loop points: 9844 (mass>1 leaves; 3.3% of 299818 mass>1 nodes)
  KV cache: 295.3 MB unified memory (bf16 compact)
  GPU memory: 2805.1 MB used, 5381.7 MB free, 8186.8 MB total
  64 root-child subtrees: sizes min=1 max=136299 avg=13812.2 (total=883981 radix nodes)
Epoch 1: loss=1.685113  (3.46 sec, 64 subtrees, 147 chunks, 5358036 nodes)
  residual top-10 (subtree_mass × max(avg_loss − 1.685, 0)):
    rc   rootID   mass      avg_loss     score 
    9    191498   41758     2.5663       36798.0
    58   825571   100255    1.8670       18234.0
    38   269993   217198    1.7589       16032.4
    12   203914   26368     1.9301       6458.9
    43   438170   61720     1.7712       5315.4
    11   202312   8106      2.2959       4950.7
    39   314347   42693     1.7970       4775.7
    10   199437   13800     2.0134       4530.9
    46   503693   179590    1.7045       3474.9
    40   323493   59506     1.7216       2168.4
    top-10: 16.7% of mass, 85.0% of excess-loss
Epoch 2: loss=1.657488  (3.36 sec, 64 subtrees, 147 chunks, 5358036 nodes)
  residual top-10 (subtree_mass × max(avg_loss − 1.657, 0)):
    rc   rootID   mass      avg_loss     score 
    9    191498   41758     2.8816       51117.4
    38   269993   217198    1.7067       10690.3
    58   825571   100255    1.7590       10178.0
    5    169928   87242     1.7081       4419.0
    39   314347   42693     1.7307       3126.7
    43   438170   61720     1.7023       2765.7
    4    164902   22948     1.7575       2295.2
    12   203914   26368     1.7425       2241.0
    10   199437   13800     1.8006       1974.3
    53   683370   39409     1.6945       1459.8
    top-10: 14.6% of mass, 94.4% of excess-loss
Epoch 3: loss=1.623672  (3.35 sec, 64 subtrees, 147 chunks, 5358036 nodes)
  residual top-10 (subtree_mass × max(avg_loss − 1.624, 0)):
    rc   rootID   mass      avg_loss     score 
    58   825571   100255    1.8080       18484.3
    38   269993   217198    1.6597       7821.4
    9    191498   41758     1.7862       6784.8
    5    169928   87242     1.6783       4764.4
    57   771465   284591    1.6381       4117.5
    43   438170   61720     1.6718       2972.4
    39   314347   42693     1.6911       2879.6
    53   683370   39409     1.6853       2429.3
    4    164902   22948     1.7126       2041.4
    59   846963   30698     1.6763       1615.4
    top-10: 20.7% of mass, 90.3% of excess-loss
Epoch 4: loss=1.609829  (3.37 sec, 64 subtrees, 147 chunks, 5358036 nodes)
  residual top-10 (subtree_mass × max(avg_loss − 1.610, 0)):
    rc   rootID   mass      avg_loss     score 
    58   825571   100255    1.7246       11511.4
    38   269993   217198    1.6495       8620.4
    5    169928   87242     1.6883       6844.0
    53   683370   39409     1.7001       3555.7
    43   438170   61720     1.6665       3500.6
    46   503693   179590    1.6278       3226.4
    57   771465   284591    1.6208       3126.1
    4    164902   22948     1.7290       2735.5
    39   314347   42693     1.6739       2735.1
    40   323493   59506     1.6356       1531.8
    top-10: 24.4% of mass, 90.9% of excess-loss
Epoch 5: loss=1.596348  (3.35 sec, 64 subtrees, 147 chunks, 5358036 nodes)
  residual top-10 (subtree_mass × max(avg_loss − 1.596, 0)):
    rc   rootID   mass      avg_loss     score 
    58   825571   100255    1.7097       11367.7
    38   269993   217198    1.6347       8324.4
    5    169928   87242     1.6624       5761.7
    43   438170   61720     1.6472       3137.6
    46   503693   179590    1.6132       3028.3
    39   314347   42693     1.6661       2979.7
    53   683370   39409     1.6716       2965.4
    57   771465   284591    1.6045       2329.4
    4    164902   22948     1.6923       2201.0
    45   461905   219150    1.6055       1995.3
    top-10: 27.9% of mass, 88.2% of excess-loss
Saved to /home/trans/Projects/agpt/rnd/streaming-agpt-v1/models/cadence_n20_stage11.model
Done.
  Appended optimizer state to /home/trans/Projects/agpt/rnd/streaming-agpt-v1/models/cadence_n20_stage11.model (adam_t=3420)
