AGPT CUDA Training Engine
  Model: d=64 heads=4 layers=2 ff=256 vocab=65 seq=128 head_dim=16
  Loaded 108481 weight floats (423.8 KB)
  Loaded optimizer state from checkpoint (adam_t=12030)
  LR schedule horizon: 200 total SE (override; this call runs 10 SE)
Loading radix trie from /tmp/shake_100pct_n20_se10_d16_radix...
  Radix trie: 1607928 nodes, 9313896 total edge chars, 17 endpoint depths
  Radix loaded: 2697118 counts entries, 12276596 ancestor char entries
  d_split: 1062377/1607928 nodes have a mass=1 ancestor (mean depth 9.21)
  lr-schedule: warmup-cosine (peak=0.003, warmup_epochs=1)
  optimizer: rmsprop (lr=0.003)
  entropy lambda: 1.000 (branching-endpoint icing enabled)
  mass weighting: log (head-of-edge count restores corpus-frequency exposure)
  curriculum: flat (d=max each epoch)
  max edge_len: 16, max ancestor chars: 15, max KV per node: 31, max endpoint depth: 16
  mass=1 compaction: 8275783 / 9313896 chars are mass=1 (88.9%); cache holds 1038113 positions
  loop points: 18684 (mass>1 leaves; 3.4% of 545550 mass>1 nodes)
  KV cache: 531.5 MB unified memory (bf16 compact)
  GPU memory: 2851.3 MB used, 5335.5 MB free, 8186.8 MB total
  65 root-child subtrees: sizes min=1 max=246583 avg=24737.3 (total=1607927 radix nodes)
Epoch 1: loss=1.530601  (6.06 sec, 65 subtrees, 225 chunks, 9313895 nodes)
  residual top-10 (subtree_mass × max(avg_loss − 1.531, 0)):
    rc   rootID   mass      avg_loss     score 
    1    50944    1479765   1.5369       9262.4
    46   840714   415269    1.5458       6297.9
    6    309644   167551    1.5641       5611.4
    40   574911   82726     1.5902       4930.4
    39   493671   419607    1.5407       4237.5
    44   798168   118584    1.5642       3984.5
    41   591555   114034    1.5644       3850.4
    54   1241689  76537     1.5779       3623.5
    61   1551260  134045    1.5518       2840.8
    5    300532   44208     1.5918       2707.7
    top-10: 35.5% of mass, 78.6% of excess-loss
Epoch 2: loss=1.529535  (5.84 sec, 65 subtrees, 225 chunks, 9313895 nodes)
  residual top-10 (subtree_mass × max(avg_loss − 1.530, 0)):
    rc   rootID   mass      avg_loss     score 
    1    50944    1479765   1.5354       8613.5
    46   840714   415269    1.5451       6446.6
    6    309644   167551    1.5631       5617.4
    40   574911   82726     1.5894       4955.3
    44   798168   118584    1.5633       4003.6
    39   493671   419607    1.5389       3927.9
    41   591555   114034    1.5637       3898.4
    54   1241689  76537     1.5769       3626.0
    61   1551260  134045    1.5510       2879.1
    5    300532   44208     1.5905       2693.8
    top-10: 35.5% of mass, 77.7% of excess-loss
Epoch 3: loss=1.528997  (5.98 sec, 65 subtrees, 225 chunks, 9313896 nodes)
  residual top-10 (subtree_mass × max(avg_loss − 1.529, 0)):
    rc   rootID   mass      avg_loss     score 
    1    50944    1479765   1.5346       8268.0
    46   840714   415269    1.5445       6436.1
    6    309644   167551    1.5631       5706.1
    40   574911   82726     1.5879       4870.0
    44   798168   118584    1.5622       3942.8
    41   591555   114034    1.5633       3911.3
    39   493671   419607    1.5382       3872.2
    54   1241689  76537     1.5774       3701.2
    61   1551260  134045    1.5508       2921.4
    5    300532   44208     1.5908       2733.2
    top-10: 35.5% of mass, 77.5% of excess-loss
Epoch 4: loss=1.528495  (5.85 sec, 65 subtrees, 225 chunks, 9313896 nodes)
  residual top-10 (subtree_mass × max(avg_loss − 1.528, 0)):
    rc   rootID   mass      avg_loss     score 
    1    50944    1479765   1.5342       8387.0
    46   840714   415269    1.5440       6448.7
    6    309644   167551    1.5622       5646.9
    40   574911   82726     1.5875       4880.4
    44   798168   118584    1.5617       3938.0
    41   591555   114034    1.5623       3857.5
    39   493671   419607    1.5375       3793.1
    54   1241689  76537     1.5772       3731.2
    61   1551260  134045    1.5497       2837.7
    5    300532   44208     1.5893       2690.1
    top-10: 35.5% of mass, 77.2% of excess-loss
Epoch 5: loss=1.528153  (5.84 sec, 65 subtrees, 225 chunks, 9313896 nodes)
  residual top-10 (subtree_mass × max(avg_loss − 1.528, 0)):
    rc   rootID   mass      avg_loss     score 
    1    50944    1479765   1.5338       8384.9
    46   840714   415269    1.5439       6538.2
    6    309644   167551    1.5614       5576.8
    40   574911   82726     1.5870       4872.0
    44   798168   118584    1.5615       3959.2
    41   591555   114034    1.5624       3904.7
    54   1241689  76537     1.5766       3710.2
    39   493671   419607    1.5366       3549.7
    61   1551260  134045    1.5499       2914.9
    5    300532   44208     1.5885       2667.4
    top-10: 35.5% of mass, 76.9% of excess-loss
Epoch 6: loss=1.527784  (6.04 sec, 65 subtrees, 225 chunks, 9313896 nodes)
  residual top-10 (subtree_mass × max(avg_loss − 1.528, 0)):
    rc   rootID   mass      avg_loss     score 
    1    50944    1479765   1.5335       8502.3
    46   840714   415269    1.5434       6466.0
    6    309644   167551    1.5613       5614.7
    40   574911   82726     1.5870       4895.7
    41   591555   114034    1.5624       3950.5
    44   798168   118584    1.5610       3943.4
    54   1241689  76537     1.5763       3713.4
    39   493671   419607    1.5362       3537.2
    61   1551260  134045    1.5494       2891.0
    5    300532   44208     1.5880       2660.7
    top-10: 35.5% of mass, 77.1% of excess-loss
Epoch 7: loss=1.527544  (5.99 sec, 65 subtrees, 225 chunks, 9313896 nodes)
  residual top-10 (subtree_mass × max(avg_loss − 1.528, 0)):
    rc   rootID   mass      avg_loss     score 
    1    50944    1479765   1.5332       8312.0
    46   840714   415269    1.5433       6541.5
    6    309644   167551    1.5609       5596.8
    40   574911   82726     1.5863       4862.3
    44   798168   118584    1.5610       3970.9
    41   591555   114034    1.5615       3873.9
    54   1241689  76537     1.5756       3680.9
    39   493671   419607    1.5358       3453.5
    61   1551260  134045    1.5493       2914.0
    5    300532   44208     1.5875       2650.6
    top-10: 35.5% of mass, 76.7% of excess-loss
Epoch 8: loss=1.527333  (5.82 sec, 65 subtrees, 225 chunks, 9313896 nodes)
  residual top-10 (subtree_mass × max(avg_loss − 1.527, 0)):
    rc   rootID   mass      avg_loss     score 
    1    50944    1479765   1.5332       8639.3
    46   840714   415269    1.5431       6554.3
    6    309644   167551    1.5607       5593.2
    40   574911   82726     1.5859       4841.9
    44   798168   118584    1.5603       3910.5
    41   591555   114034    1.5612       3856.6
    54   1241689  76537     1.5752       3660.3
    39   493671   419607    1.5352       3285.9
    61   1551260  134045    1.5501       3047.3
    5    300532   44208     1.5874       2653.9
    top-10: 35.5% of mass, 76.5% of excess-loss
Epoch 9: loss=1.527214  (5.83 sec, 65 subtrees, 225 chunks, 9313896 nodes)
  residual top-10 (subtree_mass × max(avg_loss − 1.527, 0)):
    rc   rootID   mass      avg_loss     score 
    1    50944    1479765   1.5329       8382.1
    46   840714   415269    1.5426       6406.4
    6    309644   167551    1.5606       5589.6
    40   574911   82726     1.5853       4803.5
    44   798168   118584    1.5605       3952.5
    41   591555   114034    1.5614       3901.6
    54   1241689  76537     1.5759       3724.5
    39   493671   419607    1.5351       3299.1
    61   1551260  134045    1.5492       2951.0
    5    300532   44208     1.5880       2688.4
    top-10: 35.5% of mass, 76.4% of excess-loss
Epoch 10: loss=1.527039  (5.85 sec, 65 subtrees, 225 chunks, 9313896 nodes)
  residual top-10 (subtree_mass × max(avg_loss − 1.527, 0)):
    rc   rootID   mass      avg_loss     score 
    1    50944    1479765   1.5330       8772.5
    46   840714   415269    1.5427       6489.4
    6    309644   167551    1.5599       5505.6
    40   574911   82726     1.5855       4835.9
    44   798168   118584    1.5608       4004.4
    41   591555   114034    1.5608       3847.1
    54   1241689  76537     1.5753       3696.6
    39   493671   419607    1.5348       3274.4
    61   1551260  134045    1.5488       2913.6
    5    300532   44208     1.5874       2667.9
    top-10: 35.5% of mass, 76.0% of excess-loss
Saved to /home/trans/Projects/agpt/rnd/streaming-agpt-v1/models/cadence_n20_se10_stage20.model
Done.
  Appended optimizer state to /home/trans/Projects/agpt/rnd/streaming-agpt-v1/models/cadence_n20_se10_stage20.model (adam_t=12680)
