AGPT CUDA Training Engine
  Model: d=64 heads=4 layers=2 ff=256 vocab=65 seq=128 head_dim=16
  Loaded 108481 weight floats (423.8 KB)
  Loaded optimizer state from checkpoint (adam_t=11710)
  LR schedule horizon: 500 total SE (override; this call runs 10 SE)
Loading radix trie from /tmp/shake_40pct_n50_se10_d16_radix...
  Radix trie: 639957 nodes, 3962507 total edge chars, 17 endpoint depths
  Radix loaded: 1073204 counts entries, 4506628 ancestor char entries
  d_split: 422466/639957 nodes have a mass=1 ancestor (mean depth 8.62)
  lr-schedule: warmup-cosine (peak=0.003, warmup_epochs=1)
  optimizer: rmsprop (lr=0.003)
  entropy lambda: 1.000 (branching-endpoint icing enabled)
  mass weighting: log (head-of-edge count restores corpus-frequency exposure)
  curriculum: flat (d=max each epoch)
  max edge_len: 15, max ancestor chars: 15, max KV per node: 30, max endpoint depth: 16
  mass=1 compaction: 3540650 / 3962507 chars are mass=1 (89.4%); cache holds 421857 positions
  loop points: 7621 (mass>1 leaves; 3.5% of 217490 mass>1 nodes)
  KV cache: 216.0 MB unified memory (bf16 compact)
  GPU memory: 2740.1 MB used, 5446.7 MB free, 8186.8 MB total
  63 root-child subtrees: sizes min=3 max=98513 avg=10158.0 (total=639956 radix nodes)
Epoch 1: loss=1.557442  (2.51 sec, 63 subtrees, 122 chunks, 3962507 nodes)
  residual top-10 (subtree_mass × max(avg_loss − 1.557, 0)):
    rc   rootID   mass      avg_loss     score 
    37   194986   150820    1.7351       26790.1
    38   226569   29851     1.8365       8330.3
    42   316789   43288     1.7174       6922.9
    45   363844   127194    1.6060       6179.4
    57   597515   71254     1.6261       4893.8
    5    122082   59596     1.6335       4530.5
    39   233197   42885     1.6306       3137.7
    44   334037   152143    1.5757       2775.2
    4    118548   15676     1.7174       2507.9
    58   613131   21722     1.6521       2056.3
    top-10: 22.5% of mass, 89.6% of excess-loss
Epoch 2: loss=1.539475  (2.42 sec, 63 subtrees, 122 chunks, 3962507 nodes)
  residual top-10 (subtree_mass × max(avg_loss − 1.539, 0)):
    rc   rootID   mass      avg_loss     score 
    57   597515   71254     1.7513       15093.1
    37   194986   150820    1.6084       10393.8
    58   613131   21722     1.9673       9293.8
    59   617736   47326     1.6906       7150.4
    38   226569   29851     1.6887       4454.9
    5    122082   59596     1.6104       4224.6
    42   316789   43288     1.6292       3885.0
    4    118548   15676     1.6715       2069.4
    52   494229   28647     1.6068       1928.8
    39   233197   42885     1.5658       1129.3
    top-10: 16.1% of mass, 95.0% of excess-loss
Epoch 3: loss=1.531841  (2.42 sec, 63 subtrees, 122 chunks, 3962507 nodes)
  residual top-10 (subtree_mass × max(avg_loss − 1.532, 0)):
    rc   rootID   mass      avg_loss     score 
    37   194986   150820    1.6048       11001.0
    57   597515   71254     1.6297       6972.7
    5    122082   59596     1.6441       6688.0
    38   226569   29851     1.6479       3463.7
    42   316789   43288     1.6091       3342.3
    4    118548   15676     1.7240       3011.6
    44   334037   152143    1.5462       2180.5
    1    19001    545903    1.5355       2023.5
    58   613131   21722     1.6133       1770.4
    39   233197   42885     1.5665       1488.4
    top-10: 35.7% of mass, 88.0% of excess-loss
Epoch 4: loss=1.539481  (2.43 sec, 63 subtrees, 122 chunks, 3962507 nodes)
  residual top-10 (subtree_mass × max(avg_loss − 1.539, 0)):
    rc   rootID   mass      avg_loss     score 
    57   597515   71254     1.7040       11720.6
    37   194986   150820    1.5986       8914.5
    5    122082   59596     1.6455       6319.1
    44   334037   152143    1.5771       5720.6
    38   226569   29851     1.6775       4118.9
    45   363844   127194    1.5672       3524.3
    42   316789   43288     1.6208       3518.5
    58   613131   21722     1.6987       3459.0
    52   494229   28647     1.6472       3085.0
    4    118548   15676     1.7324       3023.8
    top-10: 22.1% of mass, 87.4% of excess-loss
Epoch 5: loss=1.537831  (2.43 sec, 63 subtrees, 122 chunks, 3962507 nodes)
  residual top-10 (subtree_mass × max(avg_loss − 1.538, 0)):
    rc   rootID   mass      avg_loss     score 
    37   194986   150820    1.6209       12523.0
    57   597515   71254     1.6501       8000.4
    45   363844   127194    1.5788       5212.6
    42   316789   43288     1.6437       4582.7
    44   334037   152143    1.5649       4118.1
    58   613131   21722     1.7234       4031.3
    38   226569   29851     1.6705       3960.4
    5    122082   59596     1.6019       3820.0
    59   617736   47326     1.5900       2468.9
    52   494229   28647     1.6210       2382.2
    top-10: 23.1% of mass, 90.1% of excess-loss
Epoch 6: loss=1.524373  (2.42 sec, 63 subtrees, 122 chunks, 3962507 nodes)
  residual top-10 (subtree_mass × max(avg_loss − 1.524, 0)):
    rc   rootID   mass      avg_loss     score 
    37   194986   150820    1.6072       12496.6
    57   597515   71254     1.6522       9110.6
    5    122082   59596     1.6153       5418.3
    38   226569   29851     1.6662       4233.3
    42   316789   43288     1.6047       3475.5
    4    118548   15676     1.7436       3436.6
    58   613131   21722     1.6597       2939.9
    45   363844   127194    1.5420       2244.2
    52   494229   28647     1.5965       2065.1
    59   617736   47326     1.5631       1830.6
    top-10: 18.8% of mass, 89.8% of excess-loss
Epoch 7: loss=1.523667  (2.62 sec, 63 subtrees, 122 chunks, 3962507 nodes)
  residual top-10 (subtree_mass × max(avg_loss − 1.524, 0)):
    rc   rootID   mass      avg_loss     score 
    57   597515   71254     1.7494       16082.1
    58   613131   21722     1.9392       9027.2
    37   194986   150820    1.5772       8071.4
    59   617736   47326     1.6531       6127.2
    5    122082   59596     1.5885       3862.6
    42   316789   43288     1.6030       3434.7
    38   226569   29851     1.6157       2746.6
    52   494229   28647     1.6186       2718.7
    56   558703   198655    1.5353       2317.5
    4    118548   15676     1.6437       1881.6
    top-10: 21.0% of mass, 92.9% of excess-loss
Epoch 8: loss=1.510643  (2.60 sec, 63 subtrees, 122 chunks, 3962507 nodes)
  residual top-10 (subtree_mass × max(avg_loss − 1.511, 0)):
    rc   rootID   mass      avg_loss     score 
    37   194986   150820    1.5748       9678.3
    57   597515   71254     1.6076       6911.7
    5    122082   59596     1.5860       4488.5
    1    19001    545903    1.5178       3916.3
    42   316789   43288     1.5940       3608.2
    38   226569   29851     1.6261       3447.2
    58   613131   21722     1.6351       2703.2
    44   334037   152143    1.5247       2143.2
    4    118548   15676     1.6318       1899.0
    59   617736   47326     1.5485       1791.7
    top-10: 35.8% of mass, 84.7% of excess-loss
Epoch 9: loss=1.523533  (2.51 sec, 63 subtrees, 122 chunks, 3962507 nodes)
  residual top-10 (subtree_mass × max(avg_loss − 1.524, 0)):
    rc   rootID   mass      avg_loss     score 
    57   597515   71254     1.7894       18942.1
    58   613131   21722     1.9743       9790.5
    37   194986   150820    1.5762       7938.9
    59   617736   47326     1.6484       5910.0
    5    122082   59596     1.6022       4689.1
    42   316789   43288     1.6018       3389.1
    45   363844   127194    1.5494       3284.5
    38   226569   29851     1.6332       3273.3
    52   494229   28647     1.6213       2800.0
    56   558703   198655    1.5367       2624.7
    top-10: 24.5% of mass, 91.9% of excess-loss
Epoch 10: loss=1.511869  (2.47 sec, 63 subtrees, 122 chunks, 3962507 nodes)
  residual top-10 (subtree_mass × max(avg_loss − 1.512, 0)):
    rc   rootID   mass      avg_loss     score 
    57   597515   71254     1.6590       10486.5
    37   194986   150820    1.5716       9014.9
    5    122082   59596     1.6028       5417.6
    58   613131   21722     1.6893       3855.0
    1    19001    545903    1.5188       3764.0
    42   316789   43288     1.5950       3598.3
    38   226569   29851     1.6167       3130.2
    59   617736   47326     1.5643       2483.5
    4    118548   15676     1.6627       2364.5
    56   558703   198655    1.5225       2108.6
    top-10: 37.3% of mass, 85.8% of excess-loss
Saved to /home/trans/Projects/agpt/rnd/streaming-agpt-v1/models/cadence_n50_se10_stage20.model
Done.
  Appended optimizer state to /home/trans/Projects/agpt/rnd/streaming-agpt-v1/models/cadence_n50_se10_stage20.model (adam_t=12340)
