[radix-corpus] corpus: /tmp/shake_72pct_n50.txt (803083 tokens, vocab=65)
[radix-corpus] max_depth=16, output=/tmp/shake_72pct_n50_d16_radix
[radix-corpus] subtree char=0 (28129 positions): emitted 35221 radix nodes  (cum total 35222, max_ep_depth=16, 0.0s)
[radix-corpus] subtree char=1 (122533 positions): emitted 178187 radix nodes  (cum total 213409, max_ep_depth=16, 0.2s)
[radix-corpus] subtree char=2 (1631 positions): emitted 2206 radix nodes  (cum total 215615, max_ep_depth=16, 0.2s)
[radix-corpus] subtree char=3 (1 positions): emitted 1 radix nodes  (cum total 215616, max_ep_depth=16, 0.2s)
[radix-corpus] subtree char=4 (3 positions): emitted 5 radix nodes  (cum total 215621, max_ep_depth=16, 0.2s)
[radix-corpus] subtree char=5 (4604 positions): emitted 6788 radix nodes  (cum total 222409, max_ep_depth=16, 0.2s)
[radix-corpus] subtree char=6 (14307 positions): emitted 20842 radix nodes  (cum total 243251, max_ep_depth=16, 0.2s)
[radix-corpus] subtree char=7 (1379 positions): emitted 2011 radix nodes  (cum total 245262, max_ep_depth=16, 0.2s)
[radix-corpus] subtree char=8 (5410 positions): emitted 5428 radix nodes  (cum total 250690, max_ep_depth=16, 0.2s)
[radix-corpus] subtree char=9 (27 positions): emitted 1 radix nodes  (cum total 250691, max_ep_depth=16, 0.2s)
[radix-corpus] subtree char=10 (7086 positions): emitted 10272 radix nodes  (cum total 260963, max_ep_depth=16, 0.2s)
[radix-corpus] subtree char=11 (2554 positions): emitted 3775 radix nodes  (cum total 264738, max_ep_depth=16, 0.2s)
[radix-corpus] subtree char=12 (1690 positions): emitted 2079 radix nodes  (cum total 266817, max_ep_depth=16, 0.2s)
[radix-corpus] subtree char=13 (5222 positions): emitted 7594 radix nodes  (cum total 274411, max_ep_depth=16, 0.2s)
[radix-corpus] subtree char=14 (1948 positions): emitted 2773 radix nodes  (cum total 277184, max_ep_depth=16, 0.2s)
[radix-corpus] subtree char=15 (2751 positions): emitted 3696 radix nodes  (cum total 280880, max_ep_depth=16, 0.2s)
[radix-corpus] subtree char=16 (1605 positions): emitted 2079 radix nodes  (cum total 282959, max_ep_depth=16, 0.2s)
[radix-corpus] subtree char=17 (4449 positions): emitted 5836 radix nodes  (cum total 288795, max_ep_depth=16, 0.2s)
[radix-corpus] subtree char=18 (1430 positions): emitted 1827 radix nodes  (cum total 290622, max_ep_depth=16, 0.2s)
[radix-corpus] subtree char=19 (1916 positions): emitted 2286 radix nodes  (cum total 292908, max_ep_depth=16, 0.2s)
[radix-corpus] subtree char=20 (2265 positions): emitted 3027 radix nodes  (cum total 295935, max_ep_depth=16, 0.2s)
[radix-corpus] subtree char=21 (8148 positions): emitted 11185 radix nodes  (cum total 307120, max_ep_depth=16, 0.3s)
[radix-corpus] subtree char=22 (279 positions): emitted 382 radix nodes  (cum total 307502, max_ep_depth=16, 0.3s)
[radix-corpus] subtree char=23 (1186 positions): emitted 1032 radix nodes  (cum total 308534, max_ep_depth=16, 0.3s)
[radix-corpus] subtree char=24 (2562 positions): emitted 3555 radix nodes  (cum total 312089, max_ep_depth=16, 0.3s)
[radix-corpus] subtree char=25 (2224 positions): emitted 3159 radix nodes  (cum total 315248, max_ep_depth=16, 0.3s)
[radix-corpus] subtree char=26 (3523 positions): emitted 4335 radix nodes  (cum total 319583, max_ep_depth=16, 0.3s)
[radix-corpus] subtree char=27 (3487 positions): emitted 4914 radix nodes  (cum total 324497, max_ep_depth=16, 0.3s)
[radix-corpus] subtree char=28 (771 positions): emitted 1089 radix nodes  (cum total 325586, max_ep_depth=16, 0.3s)
[radix-corpus] subtree char=29 (226 positions): emitted 56 radix nodes  (cum total 325642, max_ep_depth=16, 0.3s)
[radix-corpus] subtree char=30 (3920 positions): emitted 5250 radix nodes  (cum total 330892, max_ep_depth=16, 0.3s)
[radix-corpus] subtree char=31 (3226 positions): emitted 4427 radix nodes  (cum total 335319, max_ep_depth=16, 0.3s)
[radix-corpus] subtree char=32 (4857 positions): emitted 7021 radix nodes  (cum total 342340, max_ep_depth=16, 0.3s)
[radix-corpus] subtree char=33 (2442 positions): emitted 3057 radix nodes  (cum total 345397, max_ep_depth=16, 0.3s)
[radix-corpus] subtree char=34 (505 positions): emitted 730 radix nodes  (cum total 346127, max_ep_depth=16, 0.3s)
[radix-corpus] subtree char=35 (2741 positions): emitted 3974 radix nodes  (cum total 350101, max_ep_depth=16, 0.3s)
[radix-corpus] subtree char=36 (106 positions): emitted 156 radix nodes  (cum total 350257, max_ep_depth=16, 0.3s)
[radix-corpus] subtree char=37 (1395 positions): emitted 1897 radix nodes  (cum total 352154, max_ep_depth=16, 0.3s)
[radix-corpus] subtree char=38 (136 positions): emitted 188 radix nodes  (cum total 352342, max_ep_depth=16, 0.3s)
[radix-corpus] subtree char=39 (39707 positions): emitted 58000 radix nodes  (cum total 410342, max_ep_depth=16, 0.3s)
[radix-corpus] subtree char=40 (8193 positions): emitted 12055 radix nodes  (cum total 422397, max_ep_depth=16, 0.3s)
[radix-corpus] subtree char=41 (11350 positions): emitted 16531 radix nodes  (cum total 438928, max_ep_depth=16, 0.3s)
[radix-corpus] subtree char=42 (23076 positions): emitted 33747 radix nodes  (cum total 472675, max_ep_depth=16, 0.4s)
[radix-corpus] subtree char=43 (68432 positions): emitted 99930 radix nodes  (cum total 572605, max_ep_depth=16, 0.4s)
[radix-corpus] subtree char=44 (11379 positions): emitted 16733 radix nodes  (cum total 589338, max_ep_depth=16, 0.5s)
[radix-corpus] subtree char=45 (9930 positions): emitted 14427 radix nodes  (cum total 603765, max_ep_depth=16, 0.5s)
[radix-corpus] subtree char=46 (37353 positions): emitted 54695 radix nodes  (cum total 658460, max_ep_depth=16, 0.5s)
[radix-corpus] subtree char=47 (32463 positions): emitted 47206 radix nodes  (cum total 705666, max_ep_depth=16, 0.5s)
[radix-corpus] subtree char=48 (464 positions): emitted 679 radix nodes  (cum total 706345, max_ep_depth=16, 0.5s)
[radix-corpus] subtree char=49 (5145 positions): emitted 7436 radix nodes  (cum total 713781, max_ep_depth=16, 0.5s)
[radix-corpus] subtree char=50 (24386 positions): emitted 35605 radix nodes  (cum total 749386, max_ep_depth=16, 0.6s)
[radix-corpus] subtree char=51 (15933 positions): emitted 23261 radix nodes  (cum total 772647, max_ep_depth=16, 0.6s)
[radix-corpus] subtree char=52 (35156 positions): emitted 51504 radix nodes  (cum total 824151, max_ep_depth=16, 0.7s)
[radix-corpus] subtree char=53 (47158 positions): emitted 68992 radix nodes  (cum total 893143, max_ep_depth=16, 0.7s)
[radix-corpus] subtree char=54 (7745 positions): emitted 11436 radix nodes  (cum total 904579, max_ep_depth=16, 0.7s)
[radix-corpus] subtree char=55 (468 positions): emitted 670 radix nodes  (cum total 905249, max_ep_depth=16, 0.7s)
[radix-corpus] subtree char=56 (35365 positions): emitted 51561 radix nodes  (cum total 956810, max_ep_depth=16, 0.7s)
[radix-corpus] subtree char=57 (35863 positions): emitted 52572 radix nodes  (cum total 1009382, max_ep_depth=16, 0.8s)
[radix-corpus] subtree char=58 (48326 positions): emitted 70819 radix nodes  (cum total 1080201, max_ep_depth=16, 0.8s)
[radix-corpus] subtree char=59 (19033 positions): emitted 27829 radix nodes  (cum total 1108030, max_ep_depth=16, 0.8s)
[radix-corpus] subtree char=60 (5551 positions): emitted 8173 radix nodes  (cum total 1116203, max_ep_depth=16, 0.8s)
[radix-corpus] subtree char=61 (12639 positions): emitted 18374 radix nodes  (cum total 1134577, max_ep_depth=16, 0.8s)
[radix-corpus] subtree char=62 (379 positions): emitted 575 radix nodes  (cum total 1135152, max_ep_depth=16, 0.8s)
[radix-corpus] subtree char=63 (14627 positions): emitted 21251 radix nodes  (cum total 1156403, max_ep_depth=16, 0.8s)
[radix-corpus] subtree char=64 (288 positions): emitted 427 radix nodes  (cum total 1156830, max_ep_depth=16, 0.8s)
[radix-corpus] done: 1156830 radix nodes, 6875272 total edge chars, 17 endpoint depths, 0.85s
  radix_count:        1156830
  total_edge_chars:   6875272
  max_endpoint_depth: 16
