Vocab source: /home/trans/Projects/agpt/data/gutenberg_5m.txt → 65 unique chars
Test file: /home/trans/Projects/agpt/data/gutenberg_5m.txt (5000000 bytes)
Auto-detected architecture from checkpoint: d_model=64, n_heads=4, n_layers=2, d_ff=256 (ckpt seq_len=32, eval seq_len=16)
Model loaded: /home/trans/Projects/agpt/rnd/streaming-agpt-v1/models/ms_baseline_gutenberg_5m_se500_seed100.model (d_model=64, n_layers=2, vocab=65, seq_len=16)
Tokens: 5000000
  204/4096 (821.6/s, ETA 5s)
  408/4096 (959.4/s, ETA 4s)
  612/4096 (974.3/s, ETA 4s)
  816/4096 (1017.6/s, ETA 3s)
  1020/4096 (1026.0/s, ETA 3s)
  1224/4096 (1040.6/s, ETA 3s)
  1428/4096 (1041.4/s, ETA 3s)
  1632/4096 (1044.5/s, ETA 2s)
  1836/4096 (1055.9/s, ETA 2s)
  2040/4096 (1080.5/s, ETA 2s)
  2244/4096 (1093.0/s, ETA 2s)
  2448/4096 (1088.2/s, ETA 2s)
  2652/4096 (1097.6/s, ETA 1s)
  2856/4096 (1085.1/s, ETA 1s)
  3060/4096 (1084.3/s, ETA 1s)
  3264/4096 (1088.4/s, ETA 1s)
  3468/4096 (1096.7/s, ETA 1s)
  3672/4096 (1099.9/s, ETA 0s)
  3876/4096 (1107.4/s, ETA 0s)
  4080/4096 (1116.1/s, ETA 0s)

Positions scored:  4096
Mean per-token NLL: 1.466109 nats
Perplexity:         4.3323
Bits per character: 2.1151 bpc
Elapsed:            3.7s (1109.4 pos/sec)
