[radix-corpus] corpus: /tmp/shake_ms_n100_se5_32pct.txt (1600000 tokens, vocab=65)
[radix-corpus] max_depth=16, output=/tmp/shake_ms_n100_se5_32pct_d16_radix
[radix-corpus] subtree char=0 (29599 positions): emitted 42232 radix nodes  (cum total 42233, max_ep_depth=16, 0.0s)
[radix-corpus] subtree char=1 (263202 positions): emitted 368149 radix nodes  (cum total 410382, max_ep_depth=16, 0.4s)
[radix-corpus] subtree char=2 (1380 positions): emitted 2007 radix nodes  (cum total 412389, max_ep_depth=16, 0.4s)
[radix-corpus] subtree char=3 (2 positions): emitted 3 radix nodes  (cum total 412392, max_ep_depth=16, 0.4s)
[radix-corpus] subtree char=4 (1 positions): emitted 1 radix nodes  (cum total 412393, max_ep_depth=16, 0.4s)
[radix-corpus] subtree char=5 (8643 positions): emitted 12005 radix nodes  (cum total 424398, max_ep_depth=16, 0.4s)
[radix-corpus] subtree char=6 (23255 positions): emitted 32970 radix nodes  (cum total 457368, max_ep_depth=16, 0.4s)
[radix-corpus] subtree char=7 (4147 positions): emitted 6168 radix nodes  (cum total 463536, max_ep_depth=16, 0.4s)
[radix-corpus] subtree char=8 (12273 positions): emitted 16899 radix nodes  (cum total 480435, max_ep_depth=16, 0.4s)
[radix-corpus] subtree char=9 (99 positions): emitted 121 radix nodes  (cum total 480556, max_ep_depth=16, 0.4s)
[radix-corpus] subtree char=10 (410 positions): emitted 583 radix nodes  (cum total 481139, max_ep_depth=16, 0.4s)
[radix-corpus] subtree char=11 (4408 positions): emitted 6304 radix nodes  (cum total 487443, max_ep_depth=16, 0.4s)
[radix-corpus] subtree char=12 (1143 positions): emitted 1666 radix nodes  (cum total 489109, max_ep_depth=16, 0.4s)
[radix-corpus] subtree char=13 (2174 positions): emitted 3031 radix nodes  (cum total 492140, max_ep_depth=16, 0.4s)
[radix-corpus] subtree char=14 (2115 positions): emitted 2998 radix nodes  (cum total 495138, max_ep_depth=16, 0.4s)
[radix-corpus] subtree char=15 (1678 positions): emitted 2042 radix nodes  (cum total 497180, max_ep_depth=16, 0.4s)
[radix-corpus] subtree char=16 (1027 positions): emitted 1514 radix nodes  (cum total 498694, max_ep_depth=16, 0.4s)
[radix-corpus] subtree char=17 (1397 positions): emitted 1652 radix nodes  (cum total 500346, max_ep_depth=16, 0.4s)
[radix-corpus] subtree char=18 (720 positions): emitted 1026 radix nodes  (cum total 501372, max_ep_depth=16, 0.4s)
[radix-corpus] subtree char=19 (613 positions): emitted 836 radix nodes  (cum total 502208, max_ep_depth=16, 0.4s)
[radix-corpus] subtree char=20 (1758 positions): emitted 2343 radix nodes  (cum total 504551, max_ep_depth=16, 0.4s)
[radix-corpus] subtree char=21 (5263 positions): emitted 7088 radix nodes  (cum total 511639, max_ep_depth=16, 0.4s)
[radix-corpus] subtree char=22 (548 positions): emitted 785 radix nodes  (cum total 512424, max_ep_depth=16, 0.4s)
[radix-corpus] subtree char=23 (204 positions): emitted 279 radix nodes  (cum total 512703, max_ep_depth=16, 0.4s)
[radix-corpus] subtree char=24 (1315 positions): emitted 1750 radix nodes  (cum total 514453, max_ep_depth=16, 0.4s)
[radix-corpus] subtree char=25 (2233 positions): emitted 2842 radix nodes  (cum total 517295, max_ep_depth=16, 0.4s)
[radix-corpus] subtree char=26 (879 positions): emitted 1232 radix nodes  (cum total 518527, max_ep_depth=16, 0.4s)
[radix-corpus] subtree char=27 (621 positions): emitted 862 radix nodes  (cum total 519389, max_ep_depth=16, 0.4s)
[radix-corpus] subtree char=28 (1080 positions): emitted 1453 radix nodes  (cum total 520842, max_ep_depth=16, 0.4s)
[radix-corpus] subtree char=29 (279 positions): emitted 386 radix nodes  (cum total 521228, max_ep_depth=16, 0.4s)
[radix-corpus] subtree char=30 (705 positions): emitted 932 radix nodes  (cum total 522160, max_ep_depth=16, 0.4s)
[radix-corpus] subtree char=31 (1873 positions): emitted 2665 radix nodes  (cum total 524825, max_ep_depth=16, 0.4s)
[radix-corpus] subtree char=32 (2568 positions): emitted 3576 radix nodes  (cum total 528401, max_ep_depth=16, 0.4s)
[radix-corpus] subtree char=33 (104 positions): emitted 146 radix nodes  (cum total 528547, max_ep_depth=16, 0.4s)
[radix-corpus] subtree char=34 (178 positions): emitted 208 radix nodes  (cum total 528755, max_ep_depth=16, 0.4s)
[radix-corpus] subtree char=35 (1571 positions): emitted 2223 radix nodes  (cum total 530978, max_ep_depth=16, 0.4s)
[radix-corpus] subtree char=36 (130 positions): emitted 137 radix nodes  (cum total 531115, max_ep_depth=16, 0.4s)
[radix-corpus] subtree char=37 (520 positions): emitted 783 radix nodes  (cum total 531898, max_ep_depth=16, 0.4s)
[radix-corpus] subtree char=38 (15 positions): emitted 23 radix nodes  (cum total 531921, max_ep_depth=16, 0.4s)
[radix-corpus] subtree char=39 (98002 positions): emitted 142745 radix nodes  (cum total 674666, max_ep_depth=16, 0.5s)
[radix-corpus] subtree char=40 (19291 positions): emitted 28222 radix nodes  (cum total 702888, max_ep_depth=16, 0.5s)
[radix-corpus] subtree char=41 (29192 positions): emitted 42473 radix nodes  (cum total 745361, max_ep_depth=16, 0.5s)
[radix-corpus] subtree char=42 (49305 positions): emitted 72168 radix nodes  (cum total 817529, max_ep_depth=16, 0.6s)
[radix-corpus] subtree char=43 (155815 positions): emitted 227574 radix nodes  (cum total 1045103, max_ep_depth=16, 0.7s)
[radix-corpus] subtree char=44 (27023 positions): emitted 39277 radix nodes  (cum total 1084380, max_ep_depth=16, 0.7s)
[radix-corpus] subtree char=45 (24962 positions): emitted 36638 radix nodes  (cum total 1121018, max_ep_depth=16, 0.8s)
[radix-corpus] subtree char=46 (79077 positions): emitted 114570 radix nodes  (cum total 1235588, max_ep_depth=16, 0.8s)
[radix-corpus] subtree char=47 (82296 positions): emitted 119545 radix nodes  (cum total 1355133, max_ep_depth=16, 0.9s)
[radix-corpus] subtree char=48 (1179 positions): emitted 1762 radix nodes  (cum total 1356895, max_ep_depth=16, 0.9s)
[radix-corpus] subtree char=49 (8791 positions): emitted 12888 radix nodes  (cum total 1369783, max_ep_depth=16, 0.9s)
[radix-corpus] subtree char=50 (52274 positions): emitted 76375 radix nodes  (cum total 1446158, max_ep_depth=16, 0.9s)
[radix-corpus] subtree char=51 (29943 positions): emitted 43804 radix nodes  (cum total 1489962, max_ep_depth=16, 0.9s)
[radix-corpus] subtree char=52 (86151 positions): emitted 126208 radix nodes  (cum total 1616170, max_ep_depth=16, 1.0s)
[radix-corpus] subtree char=53 (91691 positions): emitted 133622 radix nodes  (cum total 1749792, max_ep_depth=16, 1.1s)
[radix-corpus] subtree char=54 (20397 positions): emitted 29924 radix nodes  (cum total 1779716, max_ep_depth=16, 1.1s)
[radix-corpus] subtree char=55 (1581 positions): emitted 2269 radix nodes  (cum total 1781985, max_ep_depth=16, 1.1s)
[radix-corpus] subtree char=56 (71159 positions): emitted 104017 radix nodes  (cum total 1886002, max_ep_depth=16, 1.2s)
[radix-corpus] subtree char=57 (79278 positions): emitted 115871 radix nodes  (cum total 2001873, max_ep_depth=16, 1.2s)
[radix-corpus] subtree char=58 (110339 positions): emitted 159598 radix nodes  (cum total 2161471, max_ep_depth=16, 1.3s)
[radix-corpus] subtree char=59 (35019 positions): emitted 51202 radix nodes  (cum total 2212673, max_ep_depth=16, 1.4s)
[radix-corpus] subtree char=60 (12088 positions): emitted 17796 radix nodes  (cum total 2230469, max_ep_depth=16, 1.4s)
[radix-corpus] subtree char=61 (27107 positions): emitted 39457 radix nodes  (cum total 2269926, max_ep_depth=16, 1.4s)
[radix-corpus] subtree char=62 (1637 positions): emitted 2457 radix nodes  (cum total 2272383, max_ep_depth=16, 1.4s)
[radix-corpus] subtree char=63 (24890 positions): emitted 36749 radix nodes  (cum total 2309132, max_ep_depth=16, 1.4s)
[radix-corpus] subtree char=64 (1383 positions): emitted 1921 radix nodes  (cum total 2311053, max_ep_depth=16, 1.4s)
[radix-corpus] done: 2311053 radix nodes, 12541883 total edge chars, 17 endpoint depths, 1.41s
  radix_count:        2311053
  total_edge_chars:   12541883
  max_endpoint_depth: 16
