[radix-corpus] corpus: /tmp/shake_ms_n100_se5_8pct.txt (400000 tokens, vocab=65)
[radix-corpus] max_depth=16, output=/tmp/shake_ms_n100_se5_8pct_d16_radix
[radix-corpus] subtree char=0 (7791 positions): emitted 11016 radix nodes  (cum total 11017, max_ep_depth=16, 0.0s)
[radix-corpus] subtree char=1 (68919 positions): emitted 93309 radix nodes  (cum total 104326, max_ep_depth=16, 0.1s)
[radix-corpus] subtree char=2 (137 positions): emitted 207 radix nodes  (cum total 104533, max_ep_depth=16, 0.1s)
[radix-corpus] subtree char=4 (1 positions): emitted 1 radix nodes  (cum total 104534, max_ep_depth=16, 0.1s)
[radix-corpus] subtree char=5 (2653 positions): emitted 3558 radix nodes  (cum total 108092, max_ep_depth=16, 0.1s)
[radix-corpus] subtree char=6 (5319 positions): emitted 7590 radix nodes  (cum total 115682, max_ep_depth=16, 0.1s)
[radix-corpus] subtree char=7 (801 positions): emitted 1223 radix nodes  (cum total 116905, max_ep_depth=16, 0.1s)
[radix-corpus] subtree char=8 (3579 positions): emitted 4981 radix nodes  (cum total 121886, max_ep_depth=16, 0.1s)
[radix-corpus] subtree char=9 (36 positions): emitted 44 radix nodes  (cum total 121930, max_ep_depth=16, 0.1s)
[radix-corpus] subtree char=10 (156 positions): emitted 225 radix nodes  (cum total 122155, max_ep_depth=16, 0.1s)
[radix-corpus] subtree char=11 (897 positions): emitted 1284 radix nodes  (cum total 123439, max_ep_depth=16, 0.1s)
[radix-corpus] subtree char=12 (219 positions): emitted 331 radix nodes  (cum total 123770, max_ep_depth=16, 0.1s)
[radix-corpus] subtree char=13 (348 positions): emitted 518 radix nodes  (cum total 124288, max_ep_depth=16, 0.1s)
[radix-corpus] subtree char=14 (665 positions): emitted 923 radix nodes  (cum total 125211, max_ep_depth=16, 0.1s)
[radix-corpus] subtree char=15 (554 positions): emitted 687 radix nodes  (cum total 125898, max_ep_depth=16, 0.1s)
[radix-corpus] subtree char=16 (350 positions): emitted 527 radix nodes  (cum total 126425, max_ep_depth=16, 0.1s)
[radix-corpus] subtree char=17 (440 positions): emitted 551 radix nodes  (cum total 126976, max_ep_depth=16, 0.1s)
[radix-corpus] subtree char=18 (86 positions): emitted 119 radix nodes  (cum total 127095, max_ep_depth=16, 0.1s)
[radix-corpus] subtree char=19 (78 positions): emitted 94 radix nodes  (cum total 127189, max_ep_depth=16, 0.1s)
[radix-corpus] subtree char=20 (428 positions): emitted 588 radix nodes  (cum total 127777, max_ep_depth=16, 0.1s)
[radix-corpus] subtree char=21 (1598 positions): emitted 2088 radix nodes  (cum total 129865, max_ep_depth=16, 0.1s)
[radix-corpus] subtree char=22 (187 positions): emitted 260 radix nodes  (cum total 130125, max_ep_depth=16, 0.1s)
[radix-corpus] subtree char=23 (33 positions): emitted 48 radix nodes  (cum total 130173, max_ep_depth=16, 0.1s)
[radix-corpus] subtree char=24 (422 positions): emitted 522 radix nodes  (cum total 130695, max_ep_depth=16, 0.1s)
[radix-corpus] subtree char=25 (1153 positions): emitted 1460 radix nodes  (cum total 132155, max_ep_depth=16, 0.1s)
[radix-corpus] subtree char=26 (152 positions): emitted 201 radix nodes  (cum total 132356, max_ep_depth=16, 0.1s)
[radix-corpus] subtree char=27 (101 positions): emitted 150 radix nodes  (cum total 132506, max_ep_depth=16, 0.1s)
[radix-corpus] subtree char=28 (155 positions): emitted 234 radix nodes  (cum total 132740, max_ep_depth=16, 0.1s)
[radix-corpus] subtree char=30 (103 positions): emitted 157 radix nodes  (cum total 132897, max_ep_depth=16, 0.1s)
[radix-corpus] subtree char=31 (309 positions): emitted 434 radix nodes  (cum total 133331, max_ep_depth=16, 0.1s)
[radix-corpus] subtree char=32 (474 positions): emitted 706 radix nodes  (cum total 134037, max_ep_depth=16, 0.1s)
[radix-corpus] subtree char=33 (21 positions): emitted 33 radix nodes  (cum total 134070, max_ep_depth=16, 0.1s)
[radix-corpus] subtree char=34 (47 positions): emitted 36 radix nodes  (cum total 134106, max_ep_depth=16, 0.1s)
[radix-corpus] subtree char=35 (346 positions): emitted 485 radix nodes  (cum total 134591, max_ep_depth=16, 0.1s)
[radix-corpus] subtree char=36 (92 positions): emitted 91 radix nodes  (cum total 134682, max_ep_depth=16, 0.1s)
[radix-corpus] subtree char=37 (191 positions): emitted 286 radix nodes  (cum total 134968, max_ep_depth=16, 0.1s)
[radix-corpus] subtree char=38 (1 positions): emitted 1 radix nodes  (cum total 134969, max_ep_depth=16, 0.1s)
[radix-corpus] subtree char=39 (23753 positions): emitted 34753 radix nodes  (cum total 169722, max_ep_depth=16, 0.1s)
[radix-corpus] subtree char=40 (4463 positions): emitted 6564 radix nodes  (cum total 176286, max_ep_depth=16, 0.1s)
[radix-corpus] subtree char=41 (7579 positions): emitted 11190 radix nodes  (cum total 187476, max_ep_depth=16, 0.1s)
[radix-corpus] subtree char=42 (12243 positions): emitted 17908 radix nodes  (cum total 205384, max_ep_depth=16, 0.1s)
[radix-corpus] subtree char=43 (39005 positions): emitted 57280 radix nodes  (cum total 262664, max_ep_depth=16, 0.1s)
[radix-corpus] subtree char=44 (6930 positions): emitted 10183 radix nodes  (cum total 272847, max_ep_depth=16, 0.1s)
[radix-corpus] subtree char=45 (5745 positions): emitted 8477 radix nodes  (cum total 281324, max_ep_depth=16, 0.1s)
[radix-corpus] subtree char=46 (18716 positions): emitted 27280 radix nodes  (cum total 308604, max_ep_depth=16, 0.2s)
[radix-corpus] subtree char=47 (20891 positions): emitted 30593 radix nodes  (cum total 339197, max_ep_depth=16, 0.2s)
[radix-corpus] subtree char=48 (321 positions): emitted 482 radix nodes  (cum total 339679, max_ep_depth=16, 0.2s)
[radix-corpus] subtree char=49 (1733 positions): emitted 2558 radix nodes  (cum total 342237, max_ep_depth=16, 0.2s)
[radix-corpus] subtree char=50 (12357 positions): emitted 18056 radix nodes  (cum total 360293, max_ep_depth=16, 0.2s)
[radix-corpus] subtree char=51 (7376 positions): emitted 10845 radix nodes  (cum total 371138, max_ep_depth=16, 0.2s)
[radix-corpus] subtree char=52 (21975 positions): emitted 32388 radix nodes  (cum total 403526, max_ep_depth=16, 0.2s)
[radix-corpus] subtree char=53 (22755 positions): emitted 33452 radix nodes  (cum total 436978, max_ep_depth=16, 0.2s)
[radix-corpus] subtree char=54 (4711 positions): emitted 7051 radix nodes  (cum total 444029, max_ep_depth=16, 0.2s)
[radix-corpus] subtree char=55 (369 positions): emitted 538 radix nodes  (cum total 444567, max_ep_depth=16, 0.2s)
[radix-corpus] subtree char=56 (18369 positions): emitted 27050 radix nodes  (cum total 471617, max_ep_depth=16, 0.2s)
[radix-corpus] subtree char=57 (19058 positions): emitted 28157 radix nodes  (cum total 499774, max_ep_depth=16, 0.2s)
[radix-corpus] subtree char=58 (26521 positions): emitted 38645 radix nodes  (cum total 538419, max_ep_depth=16, 0.3s)
[radix-corpus] subtree char=59 (8553 positions): emitted 12623 radix nodes  (cum total 551042, max_ep_depth=16, 0.3s)
[radix-corpus] subtree char=60 (3272 positions): emitted 4899 radix nodes  (cum total 555941, max_ep_depth=16, 0.3s)
[radix-corpus] subtree char=61 (6306 positions): emitted 9256 radix nodes  (cum total 565197, max_ep_depth=16, 0.3s)
[radix-corpus] subtree char=62 (475 positions): emitted 723 radix nodes  (cum total 565920, max_ep_depth=16, 0.3s)
[radix-corpus] subtree char=63 (7184 positions): emitted 10552 radix nodes  (cum total 576472, max_ep_depth=16, 0.3s)
[radix-corpus] subtree char=64 (498 positions): emitted 698 radix nodes  (cum total 577170, max_ep_depth=16, 0.3s)
[radix-corpus] done: 577170 radix nodes, 3302735 total edge chars, 17 endpoint depths, 0.28s
  radix_count:        577170
  total_edge_chars:   3302735
  max_endpoint_depth: 16
