[radix-corpus] corpus: /tmp/shake_ms_n100_se5_34pct.txt (1700000 tokens, vocab=65)
[radix-corpus] max_depth=16, output=/tmp/shake_ms_n100_se5_34pct_d16_radix
[radix-corpus] subtree char=0 (31345 positions): emitted 44767 radix nodes  (cum total 44768, max_ep_depth=16, 0.0s)
[radix-corpus] subtree char=1 (279241 positions): emitted 390784 radix nodes  (cum total 435552, max_ep_depth=16, 0.6s)
[radix-corpus] subtree char=2 (1527 positions): emitted 2214 radix nodes  (cum total 437766, max_ep_depth=16, 0.6s)
[radix-corpus] subtree char=3 (2 positions): emitted 3 radix nodes  (cum total 437769, max_ep_depth=16, 0.6s)
[radix-corpus] subtree char=4 (3 positions): emitted 4 radix nodes  (cum total 437773, max_ep_depth=16, 0.6s)
[radix-corpus] subtree char=5 (9167 positions): emitted 12730 radix nodes  (cum total 450503, max_ep_depth=16, 0.6s)
[radix-corpus] subtree char=6 (25019 positions): emitted 35430 radix nodes  (cum total 485933, max_ep_depth=16, 0.6s)
[radix-corpus] subtree char=7 (4541 positions): emitted 6757 radix nodes  (cum total 492690, max_ep_depth=16, 0.6s)
[radix-corpus] subtree char=8 (12920 positions): emitted 17815 radix nodes  (cum total 510505, max_ep_depth=16, 0.7s)
[radix-corpus] subtree char=9 (101 positions): emitted 122 radix nodes  (cum total 510627, max_ep_depth=16, 0.7s)
[radix-corpus] subtree char=10 (421 positions): emitted 597 radix nodes  (cum total 511224, max_ep_depth=16, 0.7s)
[radix-corpus] subtree char=11 (4804 positions): emitted 6878 radix nodes  (cum total 518102, max_ep_depth=16, 0.7s)
[radix-corpus] subtree char=12 (1217 positions): emitted 1771 radix nodes  (cum total 519873, max_ep_depth=16, 0.7s)
[radix-corpus] subtree char=13 (2331 positions): emitted 3245 radix nodes  (cum total 523118, max_ep_depth=16, 0.7s)
[radix-corpus] subtree char=14 (2242 positions): emitted 3189 radix nodes  (cum total 526307, max_ep_depth=16, 0.7s)
[radix-corpus] subtree char=15 (1761 positions): emitted 2151 radix nodes  (cum total 528458, max_ep_depth=16, 0.7s)
[radix-corpus] subtree char=16 (1083 positions): emitted 1589 radix nodes  (cum total 530047, max_ep_depth=16, 0.7s)
[radix-corpus] subtree char=17 (1456 positions): emitted 1723 radix nodes  (cum total 531770, max_ep_depth=16, 0.7s)
[radix-corpus] subtree char=18 (757 positions): emitted 1078 radix nodes  (cum total 532848, max_ep_depth=16, 0.7s)
[radix-corpus] subtree char=19 (660 positions): emitted 897 radix nodes  (cum total 533745, max_ep_depth=16, 0.7s)
[radix-corpus] subtree char=20 (1844 positions): emitted 2457 radix nodes  (cum total 536202, max_ep_depth=16, 0.7s)
[radix-corpus] subtree char=21 (5530 positions): emitted 7462 radix nodes  (cum total 543664, max_ep_depth=16, 0.7s)
[radix-corpus] subtree char=22 (565 positions): emitted 809 radix nodes  (cum total 544473, max_ep_depth=16, 0.7s)
[radix-corpus] subtree char=23 (212 positions): emitted 290 radix nodes  (cum total 544763, max_ep_depth=16, 0.7s)
[radix-corpus] subtree char=24 (1364 positions): emitted 1823 radix nodes  (cum total 546586, max_ep_depth=16, 0.7s)
[radix-corpus] subtree char=25 (2278 positions): emitted 2905 radix nodes  (cum total 549491, max_ep_depth=16, 0.7s)
[radix-corpus] subtree char=26 (936 positions): emitted 1318 radix nodes  (cum total 550809, max_ep_depth=16, 0.7s)
[radix-corpus] subtree char=27 (646 positions): emitted 897 radix nodes  (cum total 551706, max_ep_depth=16, 0.7s)
[radix-corpus] subtree char=28 (1168 positions): emitted 1559 radix nodes  (cum total 553265, max_ep_depth=16, 0.7s)
[radix-corpus] subtree char=29 (284 positions): emitted 395 radix nodes  (cum total 553660, max_ep_depth=16, 0.7s)
[radix-corpus] subtree char=30 (740 positions): emitted 971 radix nodes  (cum total 554631, max_ep_depth=16, 0.7s)
[radix-corpus] subtree char=31 (2048 positions): emitted 2923 radix nodes  (cum total 557554, max_ep_depth=16, 0.7s)
[radix-corpus] subtree char=32 (2732 positions): emitted 3787 radix nodes  (cum total 561341, max_ep_depth=16, 0.7s)
[radix-corpus] subtree char=33 (114 positions): emitted 163 radix nodes  (cum total 561504, max_ep_depth=16, 0.7s)
[radix-corpus] subtree char=34 (188 positions): emitted 227 radix nodes  (cum total 561731, max_ep_depth=16, 0.7s)
[radix-corpus] subtree char=35 (1667 positions): emitted 2353 radix nodes  (cum total 564084, max_ep_depth=16, 0.7s)
[radix-corpus] subtree char=36 (130 positions): emitted 137 radix nodes  (cum total 564221, max_ep_depth=16, 0.7s)
[radix-corpus] subtree char=37 (540 positions): emitted 810 radix nodes  (cum total 565031, max_ep_depth=16, 0.7s)
[radix-corpus] subtree char=38 (18 positions): emitted 27 radix nodes  (cum total 565058, max_ep_depth=16, 0.7s)
[radix-corpus] subtree char=39 (104129 positions): emitted 151666 radix nodes  (cum total 716724, max_ep_depth=16, 0.8s)
[radix-corpus] subtree char=40 (20617 positions): emitted 30126 radix nodes  (cum total 746850, max_ep_depth=16, 0.8s)
[radix-corpus] subtree char=41 (31001 positions): emitted 45114 radix nodes  (cum total 791964, max_ep_depth=16, 0.9s)
[radix-corpus] subtree char=42 (52387 positions): emitted 76673 radix nodes  (cum total 868637, max_ep_depth=16, 0.9s)
[radix-corpus] subtree char=43 (165122 positions): emitted 240997 radix nodes  (cum total 1109634, max_ep_depth=16, 1.2s)
[radix-corpus] subtree char=44 (28722 positions): emitted 41736 radix nodes  (cum total 1151370, max_ep_depth=16, 1.3s)
[radix-corpus] subtree char=45 (26638 positions): emitted 39113 radix nodes  (cum total 1190483, max_ep_depth=16, 1.3s)
[radix-corpus] subtree char=46 (84017 positions): emitted 121716 radix nodes  (cum total 1312199, max_ep_depth=16, 1.4s)
[radix-corpus] subtree char=47 (87556 positions): emitted 127198 radix nodes  (cum total 1439397, max_ep_depth=16, 1.5s)
[radix-corpus] subtree char=48 (1264 positions): emitted 1889 radix nodes  (cum total 1441286, max_ep_depth=16, 1.5s)
[radix-corpus] subtree char=49 (9483 positions): emitted 13867 radix nodes  (cum total 1455153, max_ep_depth=16, 1.5s)
[radix-corpus] subtree char=50 (55792 positions): emitted 81493 radix nodes  (cum total 1536646, max_ep_depth=16, 1.5s)
[radix-corpus] subtree char=51 (31770 positions): emitted 46502 radix nodes  (cum total 1583148, max_ep_depth=16, 1.5s)
[radix-corpus] subtree char=52 (91461 positions): emitted 133892 radix nodes  (cum total 1717040, max_ep_depth=16, 1.6s)
[radix-corpus] subtree char=53 (97390 positions): emitted 141910 radix nodes  (cum total 1858950, max_ep_depth=16, 1.7s)
[radix-corpus] subtree char=54 (21786 positions): emitted 31909 radix nodes  (cum total 1890859, max_ep_depth=16, 1.7s)
[radix-corpus] subtree char=55 (1688 positions): emitted 2418 radix nodes  (cum total 1893277, max_ep_depth=16, 1.7s)
[radix-corpus] subtree char=56 (75452 positions): emitted 110265 radix nodes  (cum total 2003542, max_ep_depth=16, 1.8s)
[radix-corpus] subtree char=57 (84446 positions): emitted 123423 radix nodes  (cum total 2126965, max_ep_depth=16, 1.9s)
[radix-corpus] subtree char=58 (117376 positions): emitted 169655 radix nodes  (cum total 2296620, max_ep_depth=16, 2.1s)
[radix-corpus] subtree char=59 (37294 positions): emitted 54524 radix nodes  (cum total 2351144, max_ep_depth=16, 2.1s)
[radix-corpus] subtree char=60 (12767 positions): emitted 18776 radix nodes  (cum total 2369920, max_ep_depth=16, 2.2s)
[radix-corpus] subtree char=61 (28817 positions): emitted 41905 radix nodes  (cum total 2411825, max_ep_depth=16, 2.2s)
[radix-corpus] subtree char=62 (1731 positions): emitted 2587 radix nodes  (cum total 2414412, max_ep_depth=16, 2.2s)
[radix-corpus] subtree char=63 (26250 positions): emitted 38768 radix nodes  (cum total 2453180, max_ep_depth=16, 2.2s)
[radix-corpus] subtree char=64 (1442 positions): emitted 2007 radix nodes  (cum total 2455187, max_ep_depth=16, 2.2s)
[radix-corpus] done: 2455187 radix nodes, 13300268 total edge chars, 17 endpoint depths, 2.2s
  radix_count:        2455187
  total_edge_chars:   13300268
  max_endpoint_depth: 16
