[radix-corpus] corpus: /tmp/shake_ms_n100_se5_31pct.txt (1550000 tokens, vocab=65)
[radix-corpus] max_depth=16, output=/tmp/shake_ms_n100_se5_31pct_d16_radix
[radix-corpus] subtree char=0 (28739 positions): emitted 40976 radix nodes  (cum total 40977, max_ep_depth=16, 0.0s)
[radix-corpus] subtree char=1 (255379 positions): emitted 357183 radix nodes  (cum total 398160, max_ep_depth=16, 0.4s)
[radix-corpus] subtree char=2 (1352 positions): emitted 1966 radix nodes  (cum total 400126, max_ep_depth=16, 0.4s)
[radix-corpus] subtree char=3 (2 positions): emitted 3 radix nodes  (cum total 400129, max_ep_depth=16, 0.4s)
[radix-corpus] subtree char=4 (1 positions): emitted 1 radix nodes  (cum total 400130, max_ep_depth=16, 0.4s)
[radix-corpus] subtree char=5 (8525 positions): emitted 11851 radix nodes  (cum total 411981, max_ep_depth=16, 0.4s)
[radix-corpus] subtree char=6 (22543 positions): emitted 31965 radix nodes  (cum total 443946, max_ep_depth=16, 0.4s)
[radix-corpus] subtree char=7 (4005 positions): emitted 5959 radix nodes  (cum total 449905, max_ep_depth=16, 0.4s)
[radix-corpus] subtree char=8 (12004 positions): emitted 16524 radix nodes  (cum total 466429, max_ep_depth=16, 0.4s)
[radix-corpus] subtree char=9 (97 positions): emitted 119 radix nodes  (cum total 466548, max_ep_depth=16, 0.4s)
[radix-corpus] subtree char=10 (406 positions): emitted 578 radix nodes  (cum total 467126, max_ep_depth=16, 0.4s)
[radix-corpus] subtree char=11 (4265 positions): emitted 6098 radix nodes  (cum total 473224, max_ep_depth=16, 0.4s)
[radix-corpus] subtree char=12 (1108 positions): emitted 1622 radix nodes  (cum total 474846, max_ep_depth=16, 0.4s)
[radix-corpus] subtree char=13 (2113 positions): emitted 2947 radix nodes  (cum total 477793, max_ep_depth=16, 0.4s)
[radix-corpus] subtree char=14 (2064 positions): emitted 2927 radix nodes  (cum total 480720, max_ep_depth=16, 0.4s)
[radix-corpus] subtree char=15 (1656 positions): emitted 2014 radix nodes  (cum total 482734, max_ep_depth=16, 0.4s)
[radix-corpus] subtree char=16 (1011 positions): emitted 1490 radix nodes  (cum total 484224, max_ep_depth=16, 0.4s)
[radix-corpus] subtree char=17 (1374 positions): emitted 1622 radix nodes  (cum total 485846, max_ep_depth=16, 0.4s)
[radix-corpus] subtree char=18 (655 positions): emitted 939 radix nodes  (cum total 486785, max_ep_depth=16, 0.4s)
[radix-corpus] subtree char=19 (600 positions): emitted 814 radix nodes  (cum total 487599, max_ep_depth=16, 0.4s)
[radix-corpus] subtree char=20 (1737 positions): emitted 2317 radix nodes  (cum total 489916, max_ep_depth=16, 0.4s)
[radix-corpus] subtree char=21 (5203 positions): emitted 6999 radix nodes  (cum total 496915, max_ep_depth=16, 0.4s)
[radix-corpus] subtree char=22 (539 positions): emitted 771 radix nodes  (cum total 497686, max_ep_depth=16, 0.4s)
[radix-corpus] subtree char=23 (197 positions): emitted 268 radix nodes  (cum total 497954, max_ep_depth=16, 0.4s)
[radix-corpus] subtree char=24 (1267 positions): emitted 1686 radix nodes  (cum total 499640, max_ep_depth=16, 0.4s)
[radix-corpus] subtree char=25 (2219 positions): emitted 2823 radix nodes  (cum total 502463, max_ep_depth=16, 0.4s)
[radix-corpus] subtree char=26 (856 positions): emitted 1200 radix nodes  (cum total 503663, max_ep_depth=16, 0.4s)
[radix-corpus] subtree char=27 (607 positions): emitted 839 radix nodes  (cum total 504502, max_ep_depth=16, 0.4s)
[radix-corpus] subtree char=28 (1041 positions): emitted 1401 radix nodes  (cum total 505903, max_ep_depth=16, 0.4s)
[radix-corpus] subtree char=29 (262 positions): emitted 364 radix nodes  (cum total 506267, max_ep_depth=16, 0.4s)
[radix-corpus] subtree char=30 (694 positions): emitted 922 radix nodes  (cum total 507189, max_ep_depth=16, 0.4s)
[radix-corpus] subtree char=31 (1812 positions): emitted 2578 radix nodes  (cum total 509767, max_ep_depth=16, 0.4s)
[radix-corpus] subtree char=32 (2504 positions): emitted 3489 radix nodes  (cum total 513256, max_ep_depth=16, 0.4s)
[radix-corpus] subtree char=33 (100 positions): emitted 139 radix nodes  (cum total 513395, max_ep_depth=16, 0.4s)
[radix-corpus] subtree char=34 (176 positions): emitted 205 radix nodes  (cum total 513600, max_ep_depth=16, 0.4s)
[radix-corpus] subtree char=35 (1514 positions): emitted 2140 radix nodes  (cum total 515740, max_ep_depth=16, 0.4s)
[radix-corpus] subtree char=36 (130 positions): emitted 137 radix nodes  (cum total 515877, max_ep_depth=16, 0.4s)
[radix-corpus] subtree char=37 (512 positions): emitted 770 radix nodes  (cum total 516647, max_ep_depth=16, 0.4s)
[radix-corpus] subtree char=38 (15 positions): emitted 23 radix nodes  (cum total 516670, max_ep_depth=16, 0.4s)
[radix-corpus] subtree char=39 (94817 positions): emitted 138065 radix nodes  (cum total 654735, max_ep_depth=16, 0.5s)
[radix-corpus] subtree char=40 (18686 positions): emitted 27372 radix nodes  (cum total 682107, max_ep_depth=16, 0.5s)
[radix-corpus] subtree char=41 (28187 positions): emitted 41032 radix nodes  (cum total 723139, max_ep_depth=16, 0.6s)
[radix-corpus] subtree char=42 (47716 positions): emitted 69805 radix nodes  (cum total 792944, max_ep_depth=16, 0.6s)
[radix-corpus] subtree char=43 (150738 positions): emitted 220225 radix nodes  (cum total 1013169, max_ep_depth=16, 0.8s)
[radix-corpus] subtree char=44 (26135 positions): emitted 37980 radix nodes  (cum total 1051149, max_ep_depth=16, 0.8s)
[radix-corpus] subtree char=45 (24156 positions): emitted 35429 radix nodes  (cum total 1086578, max_ep_depth=16, 0.8s)
[radix-corpus] subtree char=46 (76540 positions): emitted 110924 radix nodes  (cum total 1197502, max_ep_depth=16, 0.9s)
[radix-corpus] subtree char=47 (79708 positions): emitted 115780 radix nodes  (cum total 1313282, max_ep_depth=16, 0.9s)
[radix-corpus] subtree char=48 (1155 positions): emitted 1723 radix nodes  (cum total 1315005, max_ep_depth=16, 0.9s)
[radix-corpus] subtree char=49 (8531 positions): emitted 12503 radix nodes  (cum total 1327508, max_ep_depth=16, 0.9s)
[radix-corpus] subtree char=50 (50476 positions): emitted 73722 radix nodes  (cum total 1401230, max_ep_depth=16, 1.0s)
[radix-corpus] subtree char=51 (29025 positions): emitted 42444 radix nodes  (cum total 1443674, max_ep_depth=16, 1.0s)
[radix-corpus] subtree char=52 (83453 positions): emitted 122232 radix nodes  (cum total 1565906, max_ep_depth=16, 1.1s)
[radix-corpus] subtree char=53 (88894 positions): emitted 129569 radix nodes  (cum total 1695475, max_ep_depth=16, 1.1s)
[radix-corpus] subtree char=54 (19748 positions): emitted 28988 radix nodes  (cum total 1724463, max_ep_depth=16, 1.1s)
[radix-corpus] subtree char=55 (1528 positions): emitted 2197 radix nodes  (cum total 1726660, max_ep_depth=16, 1.1s)
[radix-corpus] subtree char=56 (68887 positions): emitted 100678 radix nodes  (cum total 1827338, max_ep_depth=16, 1.2s)
[radix-corpus] subtree char=57 (76567 positions): emitted 111919 radix nodes  (cum total 1939257, max_ep_depth=16, 1.3s)
[radix-corpus] subtree char=58 (106774 positions): emitted 154507 radix nodes  (cum total 2093764, max_ep_depth=16, 1.4s)
[radix-corpus] subtree char=59 (33903 positions): emitted 49595 radix nodes  (cum total 2143359, max_ep_depth=16, 1.4s)
[radix-corpus] subtree char=60 (11728 positions): emitted 17258 radix nodes  (cum total 2160617, max_ep_depth=16, 1.4s)
[radix-corpus] subtree char=61 (26215 positions): emitted 38165 radix nodes  (cum total 2198782, max_ep_depth=16, 1.4s)
[radix-corpus] subtree char=62 (1594 positions): emitted 2392 radix nodes  (cum total 2201174, max_ep_depth=16, 1.4s)
[radix-corpus] subtree char=63 (24196 positions): emitted 35715 radix nodes  (cum total 2236889, max_ep_depth=16, 1.4s)
[radix-corpus] subtree char=64 (1359 positions): emitted 1886 radix nodes  (cum total 2238775, max_ep_depth=16, 1.4s)
[radix-corpus] done: 2238775 radix nodes, 12174321 total edge chars, 17 endpoint depths, 1.43s
  radix_count:        2238775
  total_edge_chars:   12174321
  max_endpoint_depth: 16
