[radix-corpus] corpus: /tmp/shake_ms_n100_se5_98pct.txt (4900000 tokens, vocab=65)
[radix-corpus] max_depth=16, output=/tmp/shake_ms_n100_se5_98pct_d16_radix
[radix-corpus] subtree char=0 (96861 positions): emitted 136038 radix nodes  (cum total 136039, max_ep_depth=16, 0.1s)
[radix-corpus] subtree char=1 (805327 positions): emitted 1095650 radix nodes  (cum total 1231689, max_ep_depth=16, 2.0s)
[radix-corpus] subtree char=2 (5856 positions): emitted 8195 radix nodes  (cum total 1239884, max_ep_depth=16, 2.0s)
[radix-corpus] subtree char=3 (2 positions): emitted 3 radix nodes  (cum total 1239887, max_ep_depth=16, 2.0s)
[radix-corpus] subtree char=4 (4 positions): emitted 5 radix nodes  (cum total 1239892, max_ep_depth=16, 2.0s)
[radix-corpus] subtree char=5 (39533 positions): emitted 53123 radix nodes  (cum total 1293015, max_ep_depth=16, 2.0s)
[radix-corpus] subtree char=6 (75324 positions): emitted 102726 radix nodes  (cum total 1395741, max_ep_depth=16, 2.1s)
[radix-corpus] subtree char=7 (11704 positions): emitted 17413 radix nodes  (cum total 1413154, max_ep_depth=16, 2.1s)
[radix-corpus] subtree char=8 (42014 positions): emitted 57628 radix nodes  (cum total 1470782, max_ep_depth=16, 2.1s)
[radix-corpus] subtree char=9 (127 positions): emitted 148 radix nodes  (cum total 1470930, max_ep_depth=16, 2.1s)
[radix-corpus] subtree char=10 (1221 positions): emitted 1779 radix nodes  (cum total 1472709, max_ep_depth=16, 2.1s)
[radix-corpus] subtree char=11 (8683 positions): emitted 12523 radix nodes  (cum total 1485232, max_ep_depth=16, 2.1s)
[radix-corpus] subtree char=12 (4943 positions): emitted 6843 radix nodes  (cum total 1492075, max_ep_depth=16, 2.1s)
[radix-corpus] subtree char=13 (8075 positions): emitted 10707 radix nodes  (cum total 1502782, max_ep_depth=16, 2.1s)
[radix-corpus] subtree char=14 (5453 positions): emitted 7772 radix nodes  (cum total 1510554, max_ep_depth=16, 2.2s)
[radix-corpus] subtree char=15 (4210 positions): emitted 5036 radix nodes  (cum total 1515590, max_ep_depth=16, 2.2s)
[radix-corpus] subtree char=16 (3346 positions): emitted 4695 radix nodes  (cum total 1520285, max_ep_depth=16, 2.2s)
[radix-corpus] subtree char=17 (3435 positions): emitted 4002 radix nodes  (cum total 1524287, max_ep_depth=16, 2.2s)
[radix-corpus] subtree char=18 (2021 positions): emitted 2860 radix nodes  (cum total 1527147, max_ep_depth=16, 2.2s)
[radix-corpus] subtree char=19 (1794 positions): emitted 2543 radix nodes  (cum total 1529690, max_ep_depth=16, 2.2s)
[radix-corpus] subtree char=20 (6583 positions): emitted 8663 radix nodes  (cum total 1538353, max_ep_depth=16, 2.2s)
[radix-corpus] subtree char=21 (20163 positions): emitted 26619 radix nodes  (cum total 1564972, max_ep_depth=16, 2.2s)
[radix-corpus] subtree char=22 (2146 positions): emitted 3062 radix nodes  (cum total 1568034, max_ep_depth=16, 2.2s)
[radix-corpus] subtree char=23 (687 positions): emitted 964 radix nodes  (cum total 1568998, max_ep_depth=16, 2.2s)
[radix-corpus] subtree char=24 (2907 positions): emitted 4077 radix nodes  (cum total 1573075, max_ep_depth=16, 2.2s)
[radix-corpus] subtree char=25 (6762 positions): emitted 8083 radix nodes  (cum total 1581158, max_ep_depth=16, 2.2s)
[radix-corpus] subtree char=26 (2932 positions): emitted 4156 radix nodes  (cum total 1585314, max_ep_depth=16, 2.2s)
[radix-corpus] subtree char=27 (2084 positions): emitted 2976 radix nodes  (cum total 1588290, max_ep_depth=16, 2.2s)
[radix-corpus] subtree char=28 (5734 positions): emitted 6356 radix nodes  (cum total 1594646, max_ep_depth=16, 2.2s)
[radix-corpus] subtree char=29 (379 positions): emitted 524 radix nodes  (cum total 1595170, max_ep_depth=16, 2.2s)
[radix-corpus] subtree char=30 (2644 positions): emitted 3203 radix nodes  (cum total 1598373, max_ep_depth=16, 2.2s)
[radix-corpus] subtree char=31 (5005 positions): emitted 7158 radix nodes  (cum total 1605531, max_ep_depth=16, 2.2s)
[radix-corpus] subtree char=32 (9016 positions): emitted 12072 radix nodes  (cum total 1617603, max_ep_depth=16, 2.2s)
[radix-corpus] subtree char=33 (307 positions): emitted 414 radix nodes  (cum total 1618017, max_ep_depth=16, 2.2s)
[radix-corpus] subtree char=34 (1035 positions): emitted 1199 radix nodes  (cum total 1619216, max_ep_depth=16, 2.2s)
[radix-corpus] subtree char=35 (5106 positions): emitted 7097 radix nodes  (cum total 1626313, max_ep_depth=16, 2.2s)
[radix-corpus] subtree char=36 (767 positions): emitted 691 radix nodes  (cum total 1627004, max_ep_depth=16, 2.2s)
[radix-corpus] subtree char=37 (1992 positions): emitted 2814 radix nodes  (cum total 1629818, max_ep_depth=16, 2.2s)
[radix-corpus] subtree char=38 (94 positions): emitted 139 radix nodes  (cum total 1629957, max_ep_depth=16, 2.2s)
[radix-corpus] subtree char=39 (299783 positions): emitted 429189 radix nodes  (cum total 2059146, max_ep_depth=16, 2.7s)
[radix-corpus] subtree char=40 (54226 positions): emitted 78115 radix nodes  (cum total 2137261, max_ep_depth=16, 2.7s)
[radix-corpus] subtree char=41 (85559 positions): emitted 122066 radix nodes  (cum total 2259327, max_ep_depth=16, 2.8s)
[radix-corpus] subtree char=42 (166497 positions): emitted 238480 radix nodes  (cum total 2497807, max_ep_depth=16, 3.0s)
[radix-corpus] subtree char=43 (467803 positions): emitted 669882 radix nodes  (cum total 3167689, max_ep_depth=16, 3.9s)
[radix-corpus] subtree char=44 (80161 positions): emitted 115516 radix nodes  (cum total 3283205, max_ep_depth=16, 4.0s)
[radix-corpus] subtree char=45 (78060 positions): emitted 113744 radix nodes  (cum total 3396949, max_ep_depth=16, 4.0s)
[radix-corpus] subtree char=46 (240716 positions): emitted 339498 radix nodes  (cum total 3736447, max_ep_depth=16, 4.4s)
[radix-corpus] subtree char=47 (246227 positions): emitted 351222 radix nodes  (cum total 4087669, max_ep_depth=16, 4.7s)
[radix-corpus] subtree char=48 (3142 positions): emitted 4612 radix nodes  (cum total 4092281, max_ep_depth=16, 4.7s)
[radix-corpus] subtree char=49 (31315 positions): emitted 45169 radix nodes  (cum total 4137450, max_ep_depth=16, 4.7s)
[radix-corpus] subtree char=50 (149145 positions): emitted 216563 radix nodes  (cum total 4354013, max_ep_depth=16, 4.9s)
[radix-corpus] subtree char=51 (92419 positions): emitted 133413 radix nodes  (cum total 4487426, max_ep_depth=16, 4.9s)
[radix-corpus] subtree char=52 (265306 positions): emitted 382025 radix nodes  (cum total 4869451, max_ep_depth=16, 5.4s)
[radix-corpus] subtree char=53 (284742 positions): emitted 408640 radix nodes  (cum total 5278091, max_ep_depth=16, 5.9s)
[radix-corpus] subtree char=54 (59983 positions): emitted 86579 radix nodes  (cum total 5364670, max_ep_depth=16, 5.9s)
[radix-corpus] subtree char=55 (4057 positions): emitted 5697 radix nodes  (cum total 5370367, max_ep_depth=16, 5.9s)
[radix-corpus] subtree char=56 (216662 positions): emitted 312658 radix nodes  (cum total 5683025, max_ep_depth=16, 6.2s)
[radix-corpus] subtree char=57 (236823 positions): emitted 340354 radix nodes  (cum total 6023379, max_ep_depth=16, 6.5s)
[radix-corpus] subtree char=58 (333041 positions): emitted 470511 radix nodes  (cum total 6493890, max_ep_depth=16, 7.0s)
[radix-corpus] subtree char=59 (104605 positions): emitted 150597 radix nodes  (cum total 6644487, max_ep_depth=16, 7.1s)
[radix-corpus] subtree char=60 (36283 positions): emitted 52421 radix nodes  (cum total 6696908, max_ep_depth=16, 7.1s)
[radix-corpus] subtree char=61 (86150 positions): emitted 122461 radix nodes  (cum total 6819369, max_ep_depth=16, 7.2s)
[radix-corpus] subtree char=62 (4809 positions): emitted 6988 radix nodes  (cum total 6826357, max_ep_depth=16, 7.2s)
[radix-corpus] subtree char=63 (73415 positions): emitted 107070 radix nodes  (cum total 6933427, max_ep_depth=16, 7.3s)
[radix-corpus] subtree char=64 (2795 positions): emitted 4005 radix nodes  (cum total 6937432, max_ep_depth=16, 7.3s)
[radix-corpus] done: 6937432 radix nodes, 34031577 total edge chars, 17 endpoint depths, 7.26s
  radix_count:        6937432
  total_edge_chars:   34031577
  max_endpoint_depth: 16
