[radix-corpus] corpus: /tmp/shake_ms_n100_se5_19pct.txt (950000 tokens, vocab=65)
[radix-corpus] max_depth=16, output=/tmp/shake_ms_n100_se5_19pct_d16_radix
[radix-corpus] subtree char=0 (18304 positions): emitted 25698 radix nodes  (cum total 25699, max_ep_depth=16, 0.0s)
[radix-corpus] subtree char=1 (159959 positions): emitted 220878 radix nodes  (cum total 246577, max_ep_depth=16, 0.3s)
[radix-corpus] subtree char=2 (619 positions): emitted 906 radix nodes  (cum total 247483, max_ep_depth=16, 0.3s)
[radix-corpus] subtree char=4 (1 positions): emitted 1 radix nodes  (cum total 247484, max_ep_depth=16, 0.3s)
[radix-corpus] subtree char=5 (6030 positions): emitted 8224 radix nodes  (cum total 255708, max_ep_depth=16, 0.3s)
[radix-corpus] subtree char=6 (13263 positions): emitted 18735 radix nodes  (cum total 274443, max_ep_depth=16, 0.3s)
[radix-corpus] subtree char=7 (2194 positions): emitted 3254 radix nodes  (cum total 277697, max_ep_depth=16, 0.3s)
[radix-corpus] subtree char=8 (8347 positions): emitted 11369 radix nodes  (cum total 289066, max_ep_depth=16, 0.3s)
[radix-corpus] subtree char=9 (76 positions): emitted 99 radix nodes  (cum total 289165, max_ep_depth=16, 0.3s)
[radix-corpus] subtree char=10 (305 positions): emitted 437 radix nodes  (cum total 289602, max_ep_depth=16, 0.3s)
[radix-corpus] subtree char=11 (2354 positions): emitted 3310 radix nodes  (cum total 292912, max_ep_depth=16, 0.3s)
[radix-corpus] subtree char=12 (684 positions): emitted 1001 radix nodes  (cum total 293913, max_ep_depth=16, 0.3s)
[radix-corpus] subtree char=13 (1104 positions): emitted 1555 radix nodes  (cum total 295468, max_ep_depth=16, 0.3s)
[radix-corpus] subtree char=14 (1421 positions): emitted 2009 radix nodes  (cum total 297477, max_ep_depth=16, 0.3s)
[radix-corpus] subtree char=15 (1182 positions): emitted 1443 radix nodes  (cum total 298920, max_ep_depth=16, 0.3s)
[radix-corpus] subtree char=16 (688 positions): emitted 1008 radix nodes  (cum total 299928, max_ep_depth=16, 0.3s)
[radix-corpus] subtree char=17 (1102 positions): emitted 1306 radix nodes  (cum total 301234, max_ep_depth=16, 0.3s)
[radix-corpus] subtree char=18 (275 positions): emitted 387 radix nodes  (cum total 301621, max_ep_depth=16, 0.3s)
[radix-corpus] subtree char=19 (346 positions): emitted 452 radix nodes  (cum total 302073, max_ep_depth=16, 0.3s)
[radix-corpus] subtree char=20 (1220 positions): emitted 1659 radix nodes  (cum total 303732, max_ep_depth=16, 0.3s)
[radix-corpus] subtree char=21 (3855 positions): emitted 5106 radix nodes  (cum total 308838, max_ep_depth=16, 0.3s)
[radix-corpus] subtree char=22 (435 positions): emitted 612 radix nodes  (cum total 309450, max_ep_depth=16, 0.3s)
[radix-corpus] subtree char=23 (124 positions): emitted 172 radix nodes  (cum total 309622, max_ep_depth=16, 0.3s)
[radix-corpus] subtree char=24 (989 positions): emitted 1272 radix nodes  (cum total 310894, max_ep_depth=16, 0.3s)
[radix-corpus] subtree char=25 (1927 positions): emitted 2394 radix nodes  (cum total 313288, max_ep_depth=16, 0.3s)
[radix-corpus] subtree char=26 (466 positions): emitted 659 radix nodes  (cum total 313947, max_ep_depth=16, 0.3s)
[radix-corpus] subtree char=27 (296 positions): emitted 425 radix nodes  (cum total 314372, max_ep_depth=16, 0.3s)
[radix-corpus] subtree char=28 (609 positions): emitted 834 radix nodes  (cum total 315206, max_ep_depth=16, 0.3s)
[radix-corpus] subtree char=29 (167 positions): emitted 233 radix nodes  (cum total 315439, max_ep_depth=16, 0.3s)
[radix-corpus] subtree char=30 (409 positions): emitted 565 radix nodes  (cum total 316004, max_ep_depth=16, 0.3s)
[radix-corpus] subtree char=31 (873 positions): emitted 1239 radix nodes  (cum total 317243, max_ep_depth=16, 0.3s)
[radix-corpus] subtree char=32 (1528 positions): emitted 2190 radix nodes  (cum total 319433, max_ep_depth=16, 0.3s)
[radix-corpus] subtree char=33 (56 positions): emitted 78 radix nodes  (cum total 319511, max_ep_depth=16, 0.3s)
[radix-corpus] subtree char=34 (100 positions): emitted 97 radix nodes  (cum total 319608, max_ep_depth=16, 0.3s)
[radix-corpus] subtree char=35 (925 positions): emitted 1302 radix nodes  (cum total 320910, max_ep_depth=16, 0.3s)
[radix-corpus] subtree char=36 (124 positions): emitted 128 radix nodes  (cum total 321038, max_ep_depth=16, 0.3s)
[radix-corpus] subtree char=37 (419 positions): emitted 628 radix nodes  (cum total 321666, max_ep_depth=16, 0.3s)
[radix-corpus] subtree char=38 (6 positions): emitted 9 radix nodes  (cum total 321675, max_ep_depth=16, 0.3s)
[radix-corpus] subtree char=39 (57271 positions): emitted 83217 radix nodes  (cum total 404892, max_ep_depth=16, 0.4s)
[radix-corpus] subtree char=40 (11016 positions): emitted 16188 radix nodes  (cum total 421080, max_ep_depth=16, 0.4s)
[radix-corpus] subtree char=41 (17040 positions): emitted 24802 radix nodes  (cum total 445882, max_ep_depth=16, 0.4s)
[radix-corpus] subtree char=42 (29788 positions): emitted 43473 radix nodes  (cum total 489355, max_ep_depth=16, 0.4s)
[radix-corpus] subtree char=43 (92627 positions): emitted 135205 radix nodes  (cum total 624560, max_ep_depth=16, 0.5s)
[radix-corpus] subtree char=44 (15902 positions): emitted 23167 radix nodes  (cum total 647727, max_ep_depth=16, 0.5s)
[radix-corpus] subtree char=45 (14431 positions): emitted 21180 radix nodes  (cum total 668907, max_ep_depth=16, 0.6s)
[radix-corpus] subtree char=46 (45774 positions): emitted 66145 radix nodes  (cum total 735052, max_ep_depth=16, 0.6s)
[radix-corpus] subtree char=47 (48028 positions): emitted 69691 radix nodes  (cum total 804743, max_ep_depth=16, 0.6s)
[radix-corpus] subtree char=48 (752 positions): emitted 1123 radix nodes  (cum total 805866, max_ep_depth=16, 0.6s)
[radix-corpus] subtree char=49 (4708 positions): emitted 6889 radix nodes  (cum total 812755, max_ep_depth=16, 0.6s)
[radix-corpus] subtree char=50 (29510 positions): emitted 42871 radix nodes  (cum total 855626, max_ep_depth=16, 0.7s)
[radix-corpus] subtree char=51 (17747 positions): emitted 25970 radix nodes  (cum total 881596, max_ep_depth=16, 0.7s)
[radix-corpus] subtree char=52 (51308 positions): emitted 75117 radix nodes  (cum total 956713, max_ep_depth=16, 0.7s)
[radix-corpus] subtree char=53 (54866 positions): emitted 80152 radix nodes  (cum total 1036865, max_ep_depth=16, 0.8s)
[radix-corpus] subtree char=54 (11597 positions): emitted 17041 radix nodes  (cum total 1053906, max_ep_depth=16, 0.8s)
[radix-corpus] subtree char=55 (960 positions): emitted 1376 radix nodes  (cum total 1055282, max_ep_depth=16, 0.8s)
[radix-corpus] subtree char=56 (42957 positions): emitted 62753 radix nodes  (cum total 1118035, max_ep_depth=16, 0.8s)
[radix-corpus] subtree char=57 (45355 positions): emitted 66302 radix nodes  (cum total 1184337, max_ep_depth=16, 0.9s)
[radix-corpus] subtree char=58 (63661 positions): emitted 92055 radix nodes  (cum total 1276392, max_ep_depth=16, 0.9s)
[radix-corpus] subtree char=59 (20657 positions): emitted 30227 radix nodes  (cum total 1306619, max_ep_depth=16, 0.9s)
[radix-corpus] subtree char=60 (7380 positions): emitted 10879 radix nodes  (cum total 1317498, max_ep_depth=16, 0.9s)
[radix-corpus] subtree char=61 (15905 positions): emitted 23145 radix nodes  (cum total 1340643, max_ep_depth=16, 0.9s)
[radix-corpus] subtree char=62 (1053 positions): emitted 1586 radix nodes  (cum total 1342229, max_ep_depth=16, 0.9s)
[radix-corpus] subtree char=63 (15871 positions): emitted 23311 radix nodes  (cum total 1365540, max_ep_depth=16, 1.0s)
[radix-corpus] subtree char=64 (1054 positions): emitted 1448 radix nodes  (cum total 1366988, max_ep_depth=16, 1.0s)
[radix-corpus] done: 1366988 radix nodes, 7492113 total edge chars, 17 endpoint depths, 0.96s
  radix_count:        1366988
  total_edge_chars:   7492113
  max_endpoint_depth: 16
