AGPT CUDA Training Engine
  Model: d=64 heads=4 layers=2 ff=256 vocab=65 seq=32 head_dim=16
  Loaded 108481 weight floats (423.8 KB)
  Loaded optimizer state from checkpoint (adam_t=25150)
  LR schedule horizon: 500 total SE (override; this call runs 5 SE)
Loading radix trie from /tmp/shake_ms_n100_se5_79pct_d16_radix...
  Radix trie: 5629662 nodes, 28216541 total edge chars, 17 endpoint depths
  Radix loaded: 9446790 counts entries, 49235135 ancestor char entries
  d_split: 3647021/5629662 nodes have a mass=1 ancestor (mean depth 10.31)
  lr-schedule: warmup-cosine (peak=0.003, warmup_epochs=1)
  optimizer: rmsprop (lr=0.003)
  entropy lambda: 1.000 (branching-endpoint icing enabled)
  mass weighting: log (head-of-edge count restores corpus-frequency exposure)
  curriculum: flat (d=max each epoch)
  max edge_len: 15, max ancestor chars: 15, max KV per node: 30, max endpoint depth: 16
  mass=1 compaction: 24385433 / 28216541 chars are mass=1 (86.4%); cache holds 3831108 positions
  loop points: 115275 (mass>1 leaves; 5.8% of 1982640 mass>1 nodes)
  KV cache: 1961.5 MB unified memory (bf16 compact)
  GPU memory: 3025.3 MB used, 5161.5 MB free, 8186.8 MB total
  65 root-child subtrees: sizes min=3 max=896933 avg=86610.2 (total=5629661 radix nodes)
Epoch 1: loss=1.568238  (17.60 sec, 65 subtrees, 603 chunks, 28216541 nodes)
  residual top-10 (subtree_mass × max(avg_loss − 1.568, 0)):
    rc   rootID   mass      avg_loss     score 
    1    109628   6435940   1.5779       61976.3
    59   5268794  713164    1.6058       26784.4
    5    1012944  254928    1.6095       10531.6
    39   1331489  2128576   1.5724       8952.5
    44   2577711  558539    1.5832       8380.6
    7    1140200  71428     1.6725       7449.8
    6    1054340  608802    1.5805       7447.5
    25   1286674  50725     1.6973       6547.8
    15   1233880  30027     1.7597       5749.0
    32   1312130  58908     1.6622       5533.4
    top-10: 30.9% of mass, 73.0% of excess-loss
Epoch 2: loss=1.568420  (17.37 sec, 65 subtrees, 603 chunks, 28216541 nodes)
  residual top-10 (subtree_mass × max(avg_loss − 1.568, 0)):
    rc   rootID   mass      avg_loss     score 
    1    109628   6435940   1.5775       58321.1
    59   5268794  713164    1.6215       37874.4
    5    1012944  254928    1.6104       10691.8
    58   4885188  2512705   1.5717       8295.9
    39   1331489  2128576   1.5720       7639.5
    44   2577711  558539    1.5817       7396.3
    7    1140200  71428     1.6718       7385.7
    6    1054340  608802    1.5801       7139.0
    25   1286674  50725     1.6972       6534.5
    15   1233880  30027     1.7597       5742.8
    top-10: 37.8% of mass, 73.4% of excess-loss
Epoch 3: loss=1.567173  (17.38 sec, 65 subtrees, 603 chunks, 28216541 nodes)
  residual top-10 (subtree_mass × max(avg_loss − 1.567, 0)):
    rc   rootID   mass      avg_loss     score 
    1    109628   6435940   1.5774       65725.2
    59   5268794  713164    1.6009       24071.7
    5    1012944  254928    1.6083       10487.1
    39   1331489  2128576   1.5712       8583.3
    44   2577711  558539    1.5812       7860.0
    6    1054340  608802    1.5795       7503.0
    7    1140200  71428     1.6713       7439.9
    25   1286674  50725     1.6978       6628.0
    15   1233880  30027     1.7578       5723.4
    32   1312130  58908     1.6614       5553.3
    top-10: 30.9% of mass, 73.1% of excess-loss
Epoch 4: loss=1.566092  (17.39 sec, 65 subtrees, 603 chunks, 28216541 nodes)
  residual top-10 (subtree_mass × max(avg_loss − 1.566, 0)):
    rc   rootID   mass      avg_loss     score 
    1    109628   6435940   1.5768       68805.4
    5    1012944  254928    1.6087       10860.2
    59   5268794  713164    1.5807       10389.2
    39   1331489  2128576   1.5710       10347.5
    44   2577711  558539    1.5821       8965.5
    6    1054340  608802    1.5796       8243.3
    7    1140200  71428     1.6721       7570.1
    25   1286674  50725     1.6955       6562.1
    15   1233880  30027     1.7573       5740.5
    32   1312130  58908     1.6619       5644.0
    top-10: 30.9% of mass, 72.4% of excess-loss
Epoch 5: loss=1.566979  (17.38 sec, 65 subtrees, 603 chunks, 28216541 nodes)
  residual top-10 (subtree_mass × max(avg_loss − 1.567, 0)):
    rc   rootID   mass      avg_loss     score 
    1    109628   6435940   1.5765       61103.1
    59   5268794  713164    1.6058       27668.1
    5    1012944  254928    1.6074       10314.9
    44   2577711  558539    1.5853       10229.8
    7    1140200  71428     1.6709       7424.7
    39   1331489  2128576   1.5704       7237.1
    6    1054340  608802    1.5787       7126.5
    25   1286674  50725     1.6949       6490.1
    58   4885188  2512705   1.5693       5817.6
    15   1233880  30027     1.7564       5687.5
    top-10: 37.8% of mass, 72.1% of excess-loss
Saved to /home/trans/Projects/agpt/rnd/streaming-agpt-v1/models/seed100_ms_n100_se5_stage79.model
Done.
  Appended optimizer state to /home/trans/Projects/agpt/rnd/streaming-agpt-v1/models/seed100_ms_n100_se5_stage79.model (adam_t=25475)
