AGPT CUDA Training Engine
  Model: d=64 heads=4 layers=2 ff=256 vocab=65 seq=32 head_dim=16
  Loaded 108481 weight floats (423.8 KB)
  Loaded optimizer state from checkpoint (adam_t=12800)
  LR schedule horizon: 500 total SE (override; this call runs 5 SE)
Loading radix trie from /tmp/shake_ms_n100_se5_41pct_d16_radix...
  Radix trie: 2960177 nodes, 15892496 total edge chars, 17 endpoint depths
  Radix loaded: 4958566 counts entries, 24336044 ancestor char entries
  d_split: 1931965/2960177 nodes have a mass=1 ancestor (mean depth 9.80)
  lr-schedule: warmup-cosine (peak=0.003, warmup_epochs=1)
  optimizer: rmsprop (lr=0.003)
  entropy lambda: 1.000 (branching-endpoint icing enabled)
  mass weighting: log (head-of-edge count restores corpus-frequency exposure)
  curriculum: flat (d=max each epoch)
  max edge_len: 15, max ancestor chars: 15, max KV per node: 30, max endpoint depth: 16
  mass=1 compaction: 13903856 / 15892496 chars are mass=1 (87.5%); cache holds 1988640 positions
  loop points: 45980 (mass>1 leaves; 4.5% of 1028211 mass>1 nodes)
  KV cache: 1018.2 MB unified memory (bf16 compact)
  GPU memory: 2878.5 MB used, 5308.3 MB free, 8186.8 MB total
  65 root-child subtrees: sizes min=3 max=470632 avg=45541.2 (total=2960176 radix nodes)
Epoch 1: loss=1.585128  (9.89 sec, 65 subtrees, 362 chunks, 15892496 nodes)
  residual top-10 (subtree_mass × max(avg_loss − 1.585, 0)):
    rc   rootID   mass      avg_loss     score 
    59   2770897  349464    1.8503       92680.5
    58   2566340  1251706   1.6101       31223.3
    60   2835920  122264    1.6962       13581.4
    61   2858093  297191    1.6201       10387.1
    6    544215   281494    1.6168       8909.8
    1    54340    3148665   1.5880       8899.5
    39   684111   1033458   1.5933       8482.3
    5    528324   84705     1.6830       8293.8
    40   867108   197505    1.6260       8071.5
    54   2243946  207455    1.6200       7243.8
    top-10: 40.4% of mass, 84.1% of excess-loss
Epoch 2: loss=1.596116  (9.63 sec, 65 subtrees, 362 chunks, 15892496 nodes)
  residual top-10 (subtree_mass × max(avg_loss − 1.596, 0)):
    rc   rootID   mass      avg_loss     score 
    59   2770897  349464    1.8579       91471.8
    6    544215   281494    1.6767       22685.2
    5    528324   84705     1.7941       16773.7
    54   2243946  207455    1.6711       15547.2
    39   684111   1033458   1.6099       14232.5
    58   2566340  1251706   1.6062       12570.1
    44   1340827  282851    1.6389       12098.6
    40   867108   197505    1.6546       11554.5
    60   2835920  122264    1.6525       6898.7
    7    587945   37877     1.7630       6322.4
    top-10: 22.3% of mass, 85.2% of excess-loss
Epoch 3: loss=1.589484  (9.63 sec, 65 subtrees, 362 chunks, 15892496 nodes)
  residual top-10 (subtree_mass × max(avg_loss − 1.589, 0)):
    rc   rootID   mass      avg_loss     score 
    59   2770897  349464    1.7603       59677.3
    44   1340827  282851    1.6509       17384.6
    54   2243946  207455    1.6591       14442.4
    40   867108   197505    1.6394       9857.0
    5    528324   84705     1.6811       7758.8
    6    544215   281494    1.6117       6254.6
    60   2835920  122264    1.6315       5134.6
    7    587945   37877     1.7233       5067.5
    49   1740621  89085     1.6391       4418.4
    45   1390811  253433    1.6043       3756.7
    top-10: 11.0% of mass, 81.3% of excess-loss
Epoch 4: loss=1.601375  (9.63 sec, 65 subtrees, 362 chunks, 15892496 nodes)
  residual top-10 (subtree_mass × max(avg_loss − 1.601, 0)):
    rc   rootID   mass      avg_loss     score 
    59   2770897  349464    2.0746       165377.1
    58   2566340  1251706   1.6206       24053.0
    54   2243946  207455    1.7108       22698.6
    60   2835920  122264    1.7692       20519.4
    61   2858093  297191    1.6534       15460.4
    5    528324   84705     1.7607       13492.2
    6    544215   281494    1.6386       10465.8
    40   867108   197505    1.6509       9782.0
    39   684111   1033458   1.6095       8423.3
    7    587945   37877     1.7498       5623.3
    top-10: 22.4% of mass, 89.2% of excess-loss
Epoch 5: loss=1.609889  (9.63 sec, 65 subtrees, 362 chunks, 15892496 nodes)
  residual top-10 (subtree_mass × max(avg_loss − 1.610, 0)):
    rc   rootID   mass      avg_loss     score 
    59   2770897  349464    2.3103       244765.8
    58   2566340  1251706   1.6663       70597.4
    60   2835920  122264    1.8300       26916.6
    61   2858093  297191    1.6930       24702.5
    54   2243946  207455    1.7147       21744.8
    5    528324   84705     1.7042       7990.4
    40   867108   197505    1.6408       6108.1
    7    587945   37877     1.7262       4407.0
    6    544215   281494    1.6223       3488.4
    49   1740621  89085     1.6408       2750.3
    top-10: 16.9% of mass, 95.0% of excess-loss
Saved to /home/trans/Projects/agpt/rnd/streaming-agpt-v1/models/seed300_ms_n100_se5_stage41.model
Done.
  Appended optimizer state to /home/trans/Projects/agpt/rnd/streaming-agpt-v1/models/seed300_ms_n100_se5_stage41.model (adam_t=13125)
