AGPT CUDA Training Engine
  Model: d=64 heads=4 layers=2 ff=256 vocab=65 seq=32 head_dim=16
  Loaded 108481 weight floats (423.8 KB)
  Loaded optimizer state from checkpoint (adam_t=20275)
  LR schedule horizon: 500 total SE (override; this call runs 5 SE)
Loading radix trie from /tmp/shake_ms_n100_se5_64pct_d16_radix...
  Radix trie: 4590665 nodes, 23530248 total edge chars, 17 endpoint depths
  Radix loaded: 7696716 counts entries, 39370692 ancestor char entries
  d_split: 2981612/4590665 nodes have a mass=1 ancestor (mean depth 10.15)
  lr-schedule: warmup-cosine (peak=0.003, warmup_epochs=1)
  optimizer: rmsprop (lr=0.003)
  entropy lambda: 1.000 (branching-endpoint icing enabled)
  mass weighting: log (head-of-edge count restores corpus-frequency exposure)
  curriculum: flat (d=max each epoch)
  max edge_len: 15, max ancestor chars: 15, max KV per node: 30, max endpoint depth: 16
  mass=1 compaction: 20421647 / 23530248 chars are mass=1 (86.8%); cache holds 3108601 positions
  loop points: 85083 (mass>1 leaves; 5.3% of 1609052 mass>1 nodes)
  KV cache: 1591.6 MB unified memory (bf16 compact)
  GPU memory: 2966.6 MB used, 5220.2 MB free, 8186.8 MB total
  65 root-child subtrees: sizes min=3 max=731249 avg=70625.6 (total=4590664 radix nodes)
Epoch 1: loss=1.532094  (14.62 sec, 65 subtrees, 510 chunks, 23530245 nodes)
  residual top-10 (subtree_mass × max(avg_loss − 1.532, 0)):
    rc   rootID   mass      avg_loss     score 
    59   4297554  568265    1.6909       90232.2
    1    88196    5106498   1.5351       15206.2
    5    824732   186007    1.6099       14474.8
    40   1365142  306069    1.5743       12911.8
    39   1080742  1691790   1.5390       11654.0
    6    856217   484076    1.5555       11335.6
    44   2097705  453005    1.5495       7874.8
    60   4398384  190988    1.5709       7404.6
    7    926581   61178     1.6494       7174.5
    32   1065479  45211     1.6423       4980.7
    top-10: 32.4% of mass, 77.4% of excess-loss
Epoch 2: loss=1.530739  (14.44 sec, 65 subtrees, 510 chunks, 23530246 nodes)
  residual top-10 (subtree_mass × max(avg_loss − 1.531, 0)):
    rc   rootID   mass      avg_loss     score 
    59   4297554  568265    1.6558       71066.6
    1    88196    5106498   1.5374       33886.7
    54   3489281  332015    1.5950       21349.7
    5    824732   186007    1.5976       12443.1
    40   1365142  306069    1.5684       11532.1
    44   2097705  453005    1.5469       7309.8
    7    926581   61178     1.6398       6671.2
    6    856217   484076    1.5423       5585.2
    60   4398384  190988    1.5562       4866.0
    32   1065479  45211     1.6377       4833.7
    top-10: 27.5% of mass, 76.7% of excess-loss
Epoch 3: loss=1.531800  (14.44 sec, 65 subtrees, 510 chunks, 23530248 nodes)
  residual top-10 (subtree_mass × max(avg_loss − 1.532, 0)):
    rc   rootID   mass      avg_loss     score 
    59   4297554  568265    1.6850       87040.5
    54   3489281  332015    1.5996       22507.6
    58   3983411  2008503   1.5427       21959.1
    5    824732   186007    1.6019       13045.9
    40   1365142  306069    1.5679       11040.0
    60   4398384  190988    1.5675       6824.3
    7    926581   61178     1.6409       6672.9
    44   2097705  453005    1.5453       6119.3
    1    88196    5106498   1.5330       6010.3
    32   1065479  45211     1.6362       4720.8
    top-10: 33.0% of mass, 77.4% of excess-loss
Epoch 4: loss=1.533001  (14.45 sec, 65 subtrees, 510 chunks, 23530248 nodes)
  residual top-10 (subtree_mass × max(avg_loss − 1.533, 0)):
    rc   rootID   mass      avg_loss     score 
    59   4297554  568265    1.7184       105355.3
    58   3983411  2008503   1.5477       29559.8
    54   3489281  332015    1.5889       18567.9
    5    824732   186007    1.5981       12101.7
    40   1365142  306069    1.5682       10787.3
    60   4398384  190988    1.5699       7042.8
    44   2097705  453005    1.5483       6920.5
    7    926581   61178     1.6404       6569.1
    6    856217   484076    1.5444       5505.2
    32   1065479  45211     1.6351       4617.7
    top-10: 16.5% of mass, 79.1% of excess-loss
Epoch 5: loss=1.525097  (14.44 sec, 65 subtrees, 510 chunks, 23530247 nodes)
  residual top-10 (subtree_mass × max(avg_loss − 1.525, 0)):
    rc   rootID   mass      avg_loss     score 
    1    88196    5106498   1.5335       42752.8
    59   4297554  568265    1.5798       31107.4
    5    824732   186007    1.5951       13023.3
    40   1365142  306069    1.5660       12508.8
    39   1080742  1691790   1.5313       10576.5
    44   2097705  453005    1.5434       8269.2
    6    856217   484076    1.5401       7248.4
    7    926581   61178     1.6375       6878.4
    54   3489281  332015    1.5425       5764.8
    32   1065479  45211     1.6347       4953.7
    top-10: 32.9% of mass, 72.7% of excess-loss
Saved to /home/trans/Projects/agpt/rnd/streaming-agpt-v1/models/seed300_ms_n100_se5_stage64.model
Done.
  Appended optimizer state to /home/trans/Projects/agpt/rnd/streaming-agpt-v1/models/seed300_ms_n100_se5_stage64.model (adam_t=20600)
