AGPT CUDA Training Engine
  Model: d=64 heads=4 layers=2 ff=256 vocab=65 seq=32 head_dim=16
  Loaded 108481 weight floats (423.8 KB)
  Loaded optimizer state from checkpoint (adam_t=3115)
  LR schedule horizon: 500 total SE (override; this call runs 5 SE)
Loading radix trie from /tmp/shake_ms_n100_se5_11pct_d16_radix...
  Radix trie: 792573 nodes, 4389603 total edge chars, 17 endpoint depths
  Radix loaded: 1323783 counts entries, 6269764 ancestor char entries
  d_split: 511712/792573 nodes have a mass=1 ancestor (mean depth 9.57)
  lr-schedule: warmup-cosine (peak=0.003, warmup_epochs=1)
  optimizer: rmsprop (lr=0.003)
  entropy lambda: 1.000 (branching-endpoint icing enabled)
  mass weighting: log (head-of-edge count restores corpus-frequency exposure)
  curriculum: flat (d=max each epoch)
  max edge_len: 16, max ancestor chars: 15, max KV per node: 31, max endpoint depth: 16
  mass=1 compaction: 3803702 / 4389603 chars are mass=1 (86.7%); cache holds 585901 positions
  loop points: 13589 (mass>1 leaves; 4.8% of 280860 mass>1 nodes)
  KV cache: 300.0 MB unified memory (bf16 compact)
  GPU memory: 2796.7 MB used, 5390.1 MB free, 8186.8 MB total
  63 root-child subtrees: sizes min=1 max=126967 avg=12580.5 (total=792572 radix nodes)
Epoch 1: loss=1.673712  (2.79 sec, 63 subtrees, 135 chunks, 4389603 nodes)
  residual top-10 (subtree_mass × max(avg_loss − 1.674, 0)):
    rc   rootID   mass      avg_loss     score 
    56   685904   297906    1.8467       51522.1
    57   739387   84153     2.1400       39236.3
    42   360072   71852     2.0864       29655.2
    58   756516   34352     1.8943       7576.9
    59   763239   71085     1.7484       5312.6
    43   374057   55981     1.7566       4642.5
    52   599482   47953     1.7582       4049.9
    45   423785   220767    1.6820       1840.5
    38   230882   46860     1.7060       1511.4
    46   465336   3205      1.8058       423.4 
    top-10: 21.6% of mass, 99.8% of excess-loss
Epoch 2: loss=1.641149  (2.72 sec, 63 subtrees, 135 chunks, 4389601 nodes)
  residual top-10 (subtree_mass × max(avg_loss − 1.641, 0)):
    rc   rootID   mass      avg_loss     score 
    57   739387   84153     2.0528       34642.0
    56   685904   297906    1.6767       10600.7
    42   360072   71852     1.7368       6875.5
    37   182908   252987    1.6647       5968.4
    58   756516   34352     1.8018       5518.6
    52   599482   47953     1.7512       5278.7
    38   230882   46860     1.7352       4406.1
    59   763239   71085     1.6996       4152.9
    5    146845   61645     1.6804       2417.9
    4    142301   23117     1.6930       1199.4
    top-10: 23.0% of mass, 98.4% of excess-loss
Epoch 3: loss=1.623639  (2.71 sec, 63 subtrees, 135 chunks, 4389603 nodes)
  residual top-10 (subtree_mass × max(avg_loss − 1.624, 0)):
    rc   rootID   mass      avg_loss     score 
    57   739387   84153     1.9852       30426.6
    42   360072   71852     1.8422       15706.0
    56   685904   297906    1.6586       10420.0
    37   182908   252987    1.6524       7265.9
    38   230882   46860     1.7571       6251.7
    52   599482   47953     1.7297       5087.3
    58   756516   34352     1.7697       5019.1
    59   763239   71085     1.6751       3658.9
    43   374057   55981     1.6720       2705.6
    39   240140   78446     1.6338       800.4 
    top-10: 24.1% of mass, 99.7% of excess-loss
Epoch 4: loss=1.623746  (2.70 sec, 63 subtrees, 135 chunks, 4389603 nodes)
  residual top-10 (subtree_mass × max(avg_loss − 1.624, 0)):
    rc   rootID   mass      avg_loss     score 
    57   739387   84153     2.2477       52510.6
    56   685904   297906    1.6891       19466.3
    42   360072   71852     1.7819       11366.3
    58   756516   34352     1.9041       9629.2
    59   763239   71085     1.7591       9621.8
    52   599482   47953     1.7271       4955.3
    38   230882   46860     1.6765       2471.5
    61   777367   71212     1.6558       2279.1
    37   182908   252987    1.6310       1833.1
    43   374057   55981     1.6528       1626.8
    top-10: 24.0% of mass, 99.4% of excess-loss
Epoch 5: loss=1.638642  (2.70 sec, 63 subtrees, 135 chunks, 4389598 nodes)
  residual top-10 (subtree_mass × max(avg_loss − 1.639, 0)):
    rc   rootID   mass      avg_loss     score 
    37   182908   252987    1.7926       38936.7
    57   739387   84153     1.9990       30325.0
    42   360072   71852     1.7975       11416.1
    38   230882   46860     1.8374       9314.5
    58   756516   34352     1.8327       6667.9
    59   763239   71085     1.7141       5367.0
    39   240140   78446     1.6871       3802.6
    52   599482   47953     1.7034       3103.4
    43   374057   55981     1.6659       1528.5
    4    142301   23117     1.6565       413.9 
    top-10: 17.8% of mass, 99.4% of excess-loss
Saved to /home/trans/Projects/agpt/rnd/streaming-agpt-v1/models/seed100_ms_n100_se5_stage11.model
Done.
  Appended optimizer state to /home/trans/Projects/agpt/rnd/streaming-agpt-v1/models/seed100_ms_n100_se5_stage11.model (adam_t=3430)
