AGPT CUDA Training Engine
  Model: d=64 heads=4 layers=2 ff=256 vocab=65 seq=32 head_dim=16
  Loaded 108481 weight floats (423.8 KB)
  Loaded optimizer state from checkpoint (adam_t=22225)
  LR schedule horizon: 500 total SE (override; this call runs 5 SE)
Loading radix trie from /tmp/shake_ms_n100_se5_70pct_d16_radix...
  Radix trie: 5008664 nodes, 25414699 total edge chars, 17 endpoint depths
  Radix loaded: 8400883 counts entries, 43341257 ancestor char entries
  d_split: 3249446/5008664 nodes have a mass=1 ancestor (mean depth 10.22)
  lr-schedule: warmup-cosine (peak=0.003, warmup_epochs=1)
  optimizer: rmsprop (lr=0.003)
  entropy lambda: 1.000 (branching-endpoint icing enabled)
  mass weighting: log (head-of-edge count restores corpus-frequency exposure)
  curriculum: flat (d=max each epoch)
  max edge_len: 15, max ancestor chars: 15, max KV per node: 30, max endpoint depth: 16
  mass=1 compaction: 22015403 / 25414699 chars are mass=1 (86.6%); cache holds 3399296 positions
  loop points: 97214 (mass>1 leaves; 5.5% of 1759217 mass>1 nodes)
  KV cache: 1740.4 MB unified memory (bf16 compact)
  GPU memory: 2993.9 MB used, 5192.9 MB free, 8186.8 MB total
  65 root-child subtrees: sizes min=3 max=798769 avg=77056.4 (total=5008663 radix nodes)
Epoch 1: loss=1.576405  (15.81 sec, 65 subtrees, 548 chunks, 25414697 nodes)
  residual top-10 (subtree_mass × max(avg_loss − 1.576, 0)):
    rc   rootID   mass      avg_loss     score 
    59   4688505  626979    1.6912       71993.3
    1    96702    5640250   1.5845       45856.4
    58   4346438  2210999   1.5823       13005.0
    5    901121   214932    1.6224       9882.1
    6    936796   538688    1.5945       9720.8
    44   2292224  497183    1.5925       7997.0
    54   3810112  364295    1.5962       7204.2
    7    1013955  66562     1.6794       6856.5
    60   4798500  209819    1.6055       6104.6
    39   1183039  1870304   1.5796       5937.0
    top-10: 39.5% of mass, 76.9% of excess-loss
Epoch 2: loss=1.572819  (15.61 sec, 65 subtrees, 548 chunks, 25414699 nodes)
  residual top-10 (subtree_mass × max(avg_loss − 1.573, 0)):
    rc   rootID   mass      avg_loss     score 
    1    96702    5640250   1.5822       52777.2
    59   4688505  626979    1.6298       35705.2
    44   2292224  497183    1.5976       12313.3
    39   1183039  1870304   1.5780       9599.3
    5    901121   214932    1.6168       9460.2
    6    936796   538688    1.5892       8817.3
    7    1013955  66562     1.6769       6931.0
    32   1166202  48660     1.6814       5283.8
    15   1097371  24552     1.7495       4336.9
    31   1160751  27576     1.7270       4251.4
    top-10: 30.8% of mass, 74.4% of excess-loss
Epoch 3: loss=1.571955  (15.62 sec, 65 subtrees, 548 chunks, 25414699 nodes)
  residual top-10 (subtree_mass × max(avg_loss − 1.572, 0)):
    rc   rootID   mass      avg_loss     score 
    1    96702    5640250   1.5811       51339.7
    59   4688505  626979    1.6308       36908.8
    39   1183039  1870304   1.5776       10494.6
    44   2292224  497183    1.5926       10251.2
    5    901121   214932    1.6151       9280.9
    6    936796   538688    1.5884       8867.0
    7    1013955  66562     1.6764       6953.2
    32   1166202  48660     1.6794       5226.5
    54   3810112  364295    1.5851       4772.6
    15   1097371  24552     1.7475       4310.5
    top-10: 31.9% of mass, 74.2% of excess-loss
Epoch 4: loss=1.585792  (15.63 sec, 65 subtrees, 548 chunks, 25414697 nodes)
  residual top-10 (subtree_mass × max(avg_loss − 1.586, 0)):
    rc   rootID   mass      avg_loss     score 
    59   4688505  626979    1.8751       181397.8
    58   4346438  2210999   1.6435       127679.3
    54   3810112  364295    1.6535       24669.3
    5    901121   214932    1.6166       6623.9
    44   2292224  497183    1.5985       6329.3
    7    1013955  66562     1.6754       5966.1
    32   1166202  48660     1.6790       4536.1
    60   4798500  209819    1.6052       4079.1
    15   1097371  24552     1.7470       3957.8
    31   1160751  27576     1.7274       3905.4
    top-10: 13.9% of mass, 91.9% of excess-loss
Epoch 5: loss=1.572049  (15.62 sec, 65 subtrees, 548 chunks, 25414698 nodes)
  residual top-10 (subtree_mass × max(avg_loss − 1.572, 0)):
    rc   rootID   mass      avg_loss     score 
    1    96702    5640250   1.5843       68922.8
    59   4688505  626979    1.6210       30696.4
    39   1183039  1870304   1.5787       12423.5
    44   2292224  497183    1.5953       11558.9
    6    936796   538688    1.5897       9518.6
    5    901121   214932    1.6148       9182.2
    7    1013955  66562     1.6770       6984.2
    32   1166202  48660     1.6793       5217.4
    15   1097371  24552     1.7454       4255.0
    31   1160751  27576     1.7241       4193.7
    top-10: 30.8% of mass, 76.7% of excess-loss
Saved to /home/trans/Projects/agpt/rnd/streaming-agpt-v1/models/seed100_ms_n100_se5_stage70.model
Done.
  Appended optimizer state to /home/trans/Projects/agpt/rnd/streaming-agpt-v1/models/seed100_ms_n100_se5_stage70.model (adam_t=22550)
