[radix-corpus] corpus: /tmp/shake_ms_n100_se5_65pct.txt (3250000 tokens, vocab=65)
[radix-corpus] max_depth=16, output=/tmp/shake_ms_n100_se5_65pct_d16_radix
[radix-corpus] subtree char=0 (62693 positions): emitted 89638 radix nodes  (cum total 89639, max_ep_depth=16, 0.1s)
[radix-corpus] subtree char=1 (534586 positions): emitted 742282 radix nodes  (cum total 831921, max_ep_depth=16, 1.0s)
[radix-corpus] subtree char=2 (3756 positions): emitted 5336 radix nodes  (cum total 837257, max_ep_depth=16, 1.0s)
[radix-corpus] subtree char=3 (2 positions): emitted 3 radix nodes  (cum total 837260, max_ep_depth=16, 1.0s)
[radix-corpus] subtree char=4 (3 positions): emitted 4 radix nodes  (cum total 837264, max_ep_depth=16, 1.0s)
[radix-corpus] subtree char=5 (23686 positions): emitted 32249 radix nodes  (cum total 869513, max_ep_depth=16, 1.0s)
[radix-corpus] subtree char=6 (51574 positions): emitted 71501 radix nodes  (cum total 941014, max_ep_depth=16, 1.0s)
[radix-corpus] subtree char=7 (9435 positions): emitted 14062 radix nodes  (cum total 955076, max_ep_depth=16, 1.0s)
[radix-corpus] subtree char=8 (25924 positions): emitted 35937 radix nodes  (cum total 991013, max_ep_depth=16, 1.1s)
[radix-corpus] subtree char=9 (113 positions): emitted 129 radix nodes  (cum total 991142, max_ep_depth=16, 1.1s)
[radix-corpus] subtree char=10 (785 positions): emitted 1135 radix nodes  (cum total 992277, max_ep_depth=16, 1.1s)
[radix-corpus] subtree char=11 (7669 positions): emitted 11077 radix nodes  (cum total 1003354, max_ep_depth=16, 1.1s)
[radix-corpus] subtree char=12 (3113 positions): emitted 4425 radix nodes  (cum total 1007779, max_ep_depth=16, 1.1s)
[radix-corpus] subtree char=13 (4462 positions): emitted 6291 radix nodes  (cum total 1014070, max_ep_depth=16, 1.1s)
[radix-corpus] subtree char=14 (3475 positions): emitted 4959 radix nodes  (cum total 1019029, max_ep_depth=16, 1.1s)
[radix-corpus] subtree char=15 (2973 positions): emitted 3806 radix nodes  (cum total 1022835, max_ep_depth=16, 1.1s)
[radix-corpus] subtree char=16 (2308 positions): emitted 3246 radix nodes  (cum total 1026081, max_ep_depth=16, 1.1s)
[radix-corpus] subtree char=17 (2130 positions): emitted 2664 radix nodes  (cum total 1028745, max_ep_depth=16, 1.1s)
[radix-corpus] subtree char=18 (1343 positions): emitted 1906 radix nodes  (cum total 1030651, max_ep_depth=16, 1.1s)
[radix-corpus] subtree char=19 (1167 positions): emitted 1628 radix nodes  (cum total 1032279, max_ep_depth=16, 1.1s)
[radix-corpus] subtree char=20 (3774 positions): emitted 5191 radix nodes  (cum total 1037470, max_ep_depth=16, 1.1s)
[radix-corpus] subtree char=21 (12886 positions): emitted 17574 radix nodes  (cum total 1055044, max_ep_depth=16, 1.1s)
[radix-corpus] subtree char=22 (1666 positions): emitted 2401 radix nodes  (cum total 1057445, max_ep_depth=16, 1.1s)
[radix-corpus] subtree char=23 (284 positions): emitted 392 radix nodes  (cum total 1057837, max_ep_depth=16, 1.1s)
[radix-corpus] subtree char=24 (2455 positions): emitted 3425 radix nodes  (cum total 1061262, max_ep_depth=16, 1.1s)
[radix-corpus] subtree char=25 (5098 positions): emitted 6094 radix nodes  (cum total 1067356, max_ep_depth=16, 1.1s)
[radix-corpus] subtree char=26 (1706 positions): emitted 2446 radix nodes  (cum total 1069802, max_ep_depth=16, 1.1s)
[radix-corpus] subtree char=27 (1279 positions): emitted 1808 radix nodes  (cum total 1071610, max_ep_depth=16, 1.1s)
[radix-corpus] subtree char=28 (2439 positions): emitted 3286 radix nodes  (cum total 1074896, max_ep_depth=16, 1.1s)
[radix-corpus] subtree char=29 (358 positions): emitted 494 radix nodes  (cum total 1075390, max_ep_depth=16, 1.1s)
[radix-corpus] subtree char=30 (1129 positions): emitted 1500 radix nodes  (cum total 1076890, max_ep_depth=16, 1.1s)
[radix-corpus] subtree char=31 (3634 positions): emitted 5178 radix nodes  (cum total 1082068, max_ep_depth=16, 1.1s)
[radix-corpus] subtree char=32 (5630 positions): emitted 7886 radix nodes  (cum total 1089954, max_ep_depth=16, 1.1s)
[radix-corpus] subtree char=33 (230 positions): emitted 299 radix nodes  (cum total 1090253, max_ep_depth=16, 1.1s)
[radix-corpus] subtree char=34 (362 positions): emitted 486 radix nodes  (cum total 1090739, max_ep_depth=16, 1.1s)
[radix-corpus] subtree char=35 (3288 positions): emitted 4626 radix nodes  (cum total 1095365, max_ep_depth=16, 1.1s)
[radix-corpus] subtree char=36 (312 positions): emitted 408 radix nodes  (cum total 1095773, max_ep_depth=16, 1.1s)
[radix-corpus] subtree char=37 (1272 positions): emitted 1854 radix nodes  (cum total 1097627, max_ep_depth=16, 1.1s)
[radix-corpus] subtree char=38 (21 positions): emitted 31 radix nodes  (cum total 1097658, max_ep_depth=16, 1.1s)
[radix-corpus] subtree char=39 (199720 positions): emitted 288864 radix nodes  (cum total 1386522, max_ep_depth=16, 1.3s)
[radix-corpus] subtree char=40 (37841 positions): emitted 54973 radix nodes  (cum total 1441495, max_ep_depth=16, 1.4s)
[radix-corpus] subtree char=41 (57012 positions): emitted 82379 radix nodes  (cum total 1523874, max_ep_depth=16, 1.4s)
[radix-corpus] subtree char=42 (106744 positions): emitted 154863 radix nodes  (cum total 1678737, max_ep_depth=16, 1.5s)
[radix-corpus] subtree char=43 (311674 positions): emitted 451379 radix nodes  (cum total 2130116, max_ep_depth=16, 2.0s)
[radix-corpus] subtree char=44 (53930 positions): emitted 78283 radix nodes  (cum total 2208399, max_ep_depth=16, 2.0s)
[radix-corpus] subtree char=45 (51569 positions): emitted 75508 radix nodes  (cum total 2283907, max_ep_depth=16, 2.1s)
[radix-corpus] subtree char=46 (160009 positions): emitted 229373 radix nodes  (cum total 2513280, max_ep_depth=16, 2.3s)
[radix-corpus] subtree char=47 (163115 positions): emitted 235172 radix nodes  (cum total 2748452, max_ep_depth=16, 2.4s)
[radix-corpus] subtree char=48 (2056 positions): emitted 3033 radix nodes  (cum total 2751485, max_ep_depth=16, 2.4s)
[radix-corpus] subtree char=49 (20062 positions): emitted 29172 radix nodes  (cum total 2780657, max_ep_depth=16, 2.5s)
[radix-corpus] subtree char=50 (100649 positions): emitted 146819 radix nodes  (cum total 2927476, max_ep_depth=16, 2.5s)
[radix-corpus] subtree char=51 (61256 positions): emitted 89106 radix nodes  (cum total 3016582, max_ep_depth=16, 2.6s)
[radix-corpus] subtree char=52 (174156 positions): emitted 253091 radix nodes  (cum total 3269673, max_ep_depth=16, 2.8s)
[radix-corpus] subtree char=53 (188541 positions): emitted 272991 radix nodes  (cum total 3542664, max_ep_depth=16, 3.1s)
[radix-corpus] subtree char=54 (40787 positions): emitted 59286 radix nodes  (cum total 3601950, max_ep_depth=16, 3.1s)
[radix-corpus] subtree char=55 (2901 positions): emitted 4119 radix nodes  (cum total 3606069, max_ep_depth=16, 3.2s)
[radix-corpus] subtree char=56 (143811 positions): emitted 209295 radix nodes  (cum total 3815364, max_ep_depth=16, 3.3s)
[radix-corpus] subtree char=57 (157655 positions): emitted 228584 radix nodes  (cum total 4043948, max_ep_depth=16, 3.5s)
[radix-corpus] subtree char=58 (222438 positions): emitted 318809 radix nodes  (cum total 4362757, max_ep_depth=16, 3.7s)
[radix-corpus] subtree char=59 (70645 positions): emitted 102465 radix nodes  (cum total 4465222, max_ep_depth=16, 3.8s)
[radix-corpus] subtree char=60 (23121 positions): emitted 33661 radix nodes  (cum total 4498883, max_ep_depth=16, 3.8s)
[radix-corpus] subtree char=61 (56497 positions): emitted 81416 radix nodes  (cum total 4580299, max_ep_depth=16, 3.9s)
[radix-corpus] subtree char=62 (3109 positions): emitted 4594 radix nodes  (cum total 4584893, max_ep_depth=16, 3.9s)
[radix-corpus] subtree char=63 (49798 positions): emitted 73106 radix nodes  (cum total 4657999, max_ep_depth=16, 3.9s)
[radix-corpus] subtree char=64 (1884 positions): emitted 2651 radix nodes  (cum total 4660650, max_ep_depth=16, 3.9s)
[radix-corpus] done: 4660650 radix nodes, 23849428 total edge chars, 17 endpoint depths, 3.9s
  radix_count:        4660650
  total_edge_chars:   23849428
  max_endpoint_depth: 16
