AGPT CUDA Training Engine
  Model: d=64 heads=4 layers=2 ff=256 vocab=65 seq=32 head_dim=16
  Loaded 108481 weight floats (423.8 KB)
  Loaded optimizer state from checkpoint (adam_t=30350)
  LR schedule horizon: 500 total SE (override; this call runs 5 SE)
Loading radix trie from /tmp/shake_ms_n100_se5_95pct_d16_radix...
  Radix trie: 6732935 nodes, 33134519 total edge chars, 17 endpoint depths
  Radix loaded: 11308206 counts entries, 59805931 ancestor char entries
  d_split: 4352847/6732935 nodes have a mass=1 ancestor (mean depth 10.44)
  lr-schedule: warmup-cosine (peak=0.003, warmup_epochs=1)
  optimizer: rmsprop (lr=0.003)
  entropy lambda: 1.000 (branching-endpoint icing enabled)
  mass weighting: log (head-of-edge count restores corpus-frequency exposure)
  curriculum: flat (d=max each epoch)
  max edge_len: 15, max ancestor chars: 15, max KV per node: 30, max endpoint depth: 16
  mass=1 compaction: 28532997 / 33134519 chars are mass=1 (86.1%); cache holds 4601522 positions
  loop points: 149282 (mass>1 leaves; 6.3% of 2380087 mass>1 nodes)
  KV cache: 2356.0 MB unified memory (bf16 compact)
  GPU memory: 3086.2 MB used, 5100.7 MB free, 8186.8 MB total
  65 root-child subtrees: sizes min=3 max=1065067 avg=103583.6 (total=6732934 radix nodes)
Epoch 1: loss=1.518066  (20.93 sec, 65 subtrees, 699 chunks, 33134519 nodes)
  residual top-10 (subtree_mass × max(avg_loss − 1.518, 0)):
    rc   rootID   mass      avg_loss     score 
    1    132038   7808954   1.5301       93997.4
    5    1205139  325997    1.5603       13762.1
    25   1529828  55683     1.6727       8609.4
    7    1357218  77342     1.6282       8521.3
    13   1451049  61654     1.6520       8256.7
    46   3298599  2188473   1.5217       7999.4
    15   1468716  33079     1.7597       7992.8
    32   1561074  74118     1.6239       7845.4
    28   1544556  43125     1.6818       7062.8
    31   1554208  35049     1.6998       6371.0
    top-10: 24.8% of mass, 70.9% of excess-loss
Epoch 2: loss=1.518015  (20.48 sec, 65 subtrees, 699 chunks, 33134518 nodes)
  residual top-10 (subtree_mass × max(avg_loss − 1.518, 0)):
    rc   rootID   mass      avg_loss     score 
    1    132038   7808954   1.5299       93024.6
    5    1205139  325997    1.5600       13687.9
    25   1529828  55683     1.6714       8542.5
    7    1357218  77342     1.6275       8466.7
    13   1451049  61654     1.6521       8269.8
    32   1561074  74118     1.6258       7988.4
    15   1468716  33079     1.7594       7983.1
    46   3298599  2188473   1.5216       7857.5
    28   1544556  43125     1.6806       7009.3
    31   1554208  35049     1.6997       6368.0
    top-10: 24.8% of mass, 70.9% of excess-loss
Epoch 3: loss=1.517881  (20.49 sec, 65 subtrees, 699 chunks, 33134519 nodes)
  residual top-10 (subtree_mass × max(avg_loss − 1.518, 0)):
    rc   rootID   mass      avg_loss     score 
    1    132038   7808954   1.5298       93428.9
    5    1205139  325997    1.5597       13642.4
    25   1529828  55683     1.6710       8527.4
    7    1357218  77342     1.6274       8468.0
    13   1451049  61654     1.6515       8240.7
    46   3298599  2188473   1.5216       8030.9
    15   1468716  33079     1.7590       7974.4
    32   1561074  74118     1.6242       7878.5
    28   1544556  43125     1.6818       7068.2
    31   1554208  35049     1.7012       6425.3
    top-10: 24.8% of mass, 71.0% of excess-loss
Epoch 4: loss=1.517846  (20.51 sec, 65 subtrees, 699 chunks, 33134517 nodes)
  residual top-10 (subtree_mass × max(avg_loss − 1.518, 0)):
    rc   rootID   mass      avg_loss     score 
    1    132038   7808954   1.5299       94019.4
    5    1205139  325997    1.5595       13575.7
    25   1529828  55683     1.6708       8519.3
    7    1357218  77342     1.6277       8496.9
    13   1451049  61654     1.6520       8272.4
    15   1468716  33079     1.7603       8019.0
    46   3298599  2188473   1.5215       7940.6
    32   1561074  74118     1.6240       7870.6
    28   1544556  43125     1.6807       7022.4
    31   1554208  35049     1.7016       6440.5
    top-10: 24.8% of mass, 71.0% of excess-loss
Epoch 5: loss=1.517794  (20.49 sec, 65 subtrees, 699 chunks, 33134519 nodes)
  residual top-10 (subtree_mass × max(avg_loss − 1.518, 0)):
    rc   rootID   mass      avg_loss     score 
    1    132038   7808954   1.5298       94080.5
    5    1205139  325997    1.5593       13529.6
    25   1529828  55683     1.6701       8478.6
    7    1357218  77342     1.6271       8452.8
    13   1451049  61654     1.6525       8304.2
    46   3298599  2188473   1.5215       8009.1
    15   1468716  33079     1.7580       7946.6
    32   1561074  74118     1.6240       7870.6
    28   1544556  43125     1.6801       6998.0
    31   1554208  35049     1.7006       6405.9
    top-10: 24.8% of mass, 71.1% of excess-loss
Saved to /home/trans/Projects/agpt/rnd/streaming-agpt-v1/models/seed300_ms_n100_se5_stage95.model
Done.
  Appended optimizer state to /home/trans/Projects/agpt/rnd/streaming-agpt-v1/models/seed300_ms_n100_se5_stage95.model (adam_t=30675)
