AGPT CUDA Training Engine
  Model: d=64 heads=4 layers=2 ff=256 vocab=65 seq=32 head_dim=16
  Loaded 108481 weight floats (423.8 KB)
  Loaded optimizer state from checkpoint (adam_t=23850)
  LR schedule horizon: 500 total SE (override; this call runs 5 SE)
Loading radix trie from /tmp/shake_ms_n100_se5_75pct_d16_radix...
  Radix trie: 5350775 nodes, 26937904 total edge chars, 17 endpoint depths
  Radix loaded: 8976728 counts entries, 46614448 ancestor char entries
  d_split: 3467857/5350775 nodes have a mass=1 ancestor (mean depth 10.28)
  lr-schedule: warmup-cosine (peak=0.003, warmup_epochs=1)
  optimizer: rmsprop (lr=0.003)
  entropy lambda: 1.000 (branching-endpoint icing enabled)
  mass weighting: log (head-of-edge count restores corpus-frequency exposure)
  curriculum: flat (d=max each epoch)
  max edge_len: 15, max ancestor chars: 15, max KV per node: 30, max endpoint depth: 16
  mass=1 compaction: 23296909 / 26937904 chars are mass=1 (86.5%); cache holds 3640995 positions
  loop points: 107408 (mass>1 leaves; 5.7% of 1882917 mass>1 nodes)
  KV cache: 1864.2 MB unified memory (bf16 compact)
  GPU memory: 3012.8 MB used, 5174.1 MB free, 8186.8 MB total
  65 root-child subtrees: sizes min=3 max=854182 avg=82319.6 (total=5350774 radix nodes)
Epoch 1: loss=1.565336  (16.82 sec, 65 subtrees, 577 chunks, 26937904 nodes)
  residual top-10 (subtree_mass × max(avg_loss − 1.565, 0)):
    rc   rootID   mass      avg_loss     score 
    1    103829   6096961   1.5750       58835.5
    59   5008016  675287    1.5962       20873.6
    39   1266424  2016250   1.5711       11636.1
    44   2451974  532500    1.5836       9732.5
    5    963952   235839    1.6062       9640.0
    6    1002580  581846    1.5797       8348.9
    7    1084950  69833     1.6703       7329.8
    32   1248216  55161     1.6644       5463.6
    25   1224473  48586     1.6663       4907.6
    13   1160629  42236     1.6782       4765.8
    top-10: 31.0% of mass, 72.9% of excess-loss
Epoch 2: loss=1.567249  (16.59 sec, 65 subtrees, 577 chunks, 26937904 nodes)
  residual top-10 (subtree_mass × max(avg_loss − 1.567, 0)):
    rc   rootID   mass      avg_loss     score 
    59   5008016  675287    1.6592       62075.7
    1    103829   6096961   1.5747       45439.5
    58   4642648  2381177   1.5717       10714.6
    5    963952   235839    1.6079       9588.8
    44   2451974  532500    1.5820       7846.0
    6    1002580  581846    1.5796       7187.5
    7    1084950  69833     1.6700       7178.3
    39   1266424  2016250   1.5705       6603.8
    32   1248216  55161     1.6622       5238.8
    25   1224473  48586     1.6628       4642.2
    top-10: 38.0% of mass, 75.1% of excess-loss
Epoch 3: loss=1.566283  (16.61 sec, 65 subtrees, 577 chunks, 26937904 nodes)
  residual top-10 (subtree_mass × max(avg_loss − 1.566, 0)):
    rc   rootID   mass      avg_loss     score 
    1    103829   6096961   1.5745       50011.5
    59   5008016  675287    1.6172       34396.1
    39   1266424  2016250   1.5713       10204.1
    5    963952   235839    1.6073       9664.9
    54   4071716  391058    1.5906       9491.4
    44   2451974  532500    1.5827       8728.4
    6    1002580  581846    1.5792       7499.1
    7    1084950  69833     1.6697       7219.0
    32   1248216  55161     1.6611       5230.1
    25   1224473  48586     1.6621       4653.7
    top-10: 32.0% of mass, 72.7% of excess-loss
Epoch 4: loss=1.567291  (16.60 sec, 65 subtrees, 577 chunks, 26937904 nodes)
  residual top-10 (subtree_mass × max(avg_loss − 1.567, 0)):
    rc   rootID   mass      avg_loss     score 
    1    103829   6096961   1.5756       50577.7
    59   5008016  675287    1.6400       49081.6
    54   4071716  391058    1.5925       9842.8
    5    963952   235839    1.6081       9629.3
    58   4642648  2381177   1.5707       8204.2
    6    1002580  581846    1.5811       8041.6
    44   2451974  532500    1.5811       7356.6
    7    1084950  69833     1.6717       7294.6
    39   1266424  2016250   1.5708       7141.9
    32   1248216  55161     1.6634       5299.4
    top-10: 39.0% of mass, 74.4% of excess-loss
Epoch 5: loss=1.567541  (16.62 sec, 65 subtrees, 577 chunks, 26937904 nodes)
  residual top-10 (subtree_mass × max(avg_loss − 1.568, 0)):
    rc   rootID   mass      avg_loss     score 
    59   5008016  675287    1.6717       70347.6
    1    103829   6096961   1.5744       41529.4
    58   4642648  2381177   1.5739       15179.1
    54   4071716  391058    1.5942       10420.9
    5    963952   235839    1.6065       9182.3
    7    1084950  69833     1.6701       7164.4
    44   2451974  532500    1.5807       6987.2
    6    1002580  581846    1.5785       6367.5
    32   1248216  55161     1.6604       5120.7
    25   1224473  48586     1.6653       4752.1
    top-10: 33.1% of mass, 76.1% of excess-loss
Saved to /home/trans/Projects/agpt/rnd/streaming-agpt-v1/models/seed100_ms_n100_se5_stage75.model
Done.
  Appended optimizer state to /home/trans/Projects/agpt/rnd/streaming-agpt-v1/models/seed100_ms_n100_se5_stage75.model (adam_t=24175)
