[radix-corpus] corpus: /tmp/shake_ms_n100_se5_88pct.txt (4400000 tokens, vocab=65)
[radix-corpus] max_depth=16, output=/tmp/shake_ms_n100_se5_88pct_d16_radix
[radix-corpus] subtree char=0 (86839 positions): emitted 122313 radix nodes  (cum total 122314, max_ep_depth=16, 0.1s)
[radix-corpus] subtree char=1 (724479 positions): emitted 991447 radix nodes  (cum total 1113761, max_ep_depth=16, 1.6s)
[radix-corpus] subtree char=2 (5234 positions): emitted 7399 radix nodes  (cum total 1121160, max_ep_depth=16, 1.6s)
[radix-corpus] subtree char=3 (2 positions): emitted 3 radix nodes  (cum total 1121163, max_ep_depth=16, 1.6s)
[radix-corpus] subtree char=4 (4 positions): emitted 5 radix nodes  (cum total 1121168, max_ep_depth=16, 1.6s)
[radix-corpus] subtree char=5 (35226 positions): emitted 47453 radix nodes  (cum total 1168621, max_ep_depth=16, 1.7s)
[radix-corpus] subtree char=6 (68618 positions): emitted 93912 radix nodes  (cum total 1262533, max_ep_depth=16, 1.7s)
[radix-corpus] subtree char=7 (11129 positions): emitted 16556 radix nodes  (cum total 1279089, max_ep_depth=16, 1.7s)
[radix-corpus] subtree char=8 (37045 positions): emitted 51023 radix nodes  (cum total 1330112, max_ep_depth=16, 1.7s)
[radix-corpus] subtree char=9 (120 positions): emitted 137 radix nodes  (cum total 1330249, max_ep_depth=16, 1.7s)
[radix-corpus] subtree char=10 (1075 positions): emitted 1557 radix nodes  (cum total 1331806, max_ep_depth=16, 1.7s)
[radix-corpus] subtree char=11 (8535 positions): emitted 12320 radix nodes  (cum total 1344126, max_ep_depth=16, 1.8s)
[radix-corpus] subtree char=12 (4412 positions): emitted 6164 radix nodes  (cum total 1350290, max_ep_depth=16, 1.8s)
[radix-corpus] subtree char=13 (7009 positions): emitted 9285 radix nodes  (cum total 1359575, max_ep_depth=16, 1.8s)
[radix-corpus] subtree char=14 (4917 positions): emitted 7011 radix nodes  (cum total 1366586, max_ep_depth=16, 1.8s)
[radix-corpus] subtree char=15 (3955 positions): emitted 4714 radix nodes  (cum total 1371300, max_ep_depth=16, 1.8s)
[radix-corpus] subtree char=16 (2915 positions): emitted 4079 radix nodes  (cum total 1375379, max_ep_depth=16, 1.8s)
[radix-corpus] subtree char=17 (3117 positions): emitted 3588 radix nodes  (cum total 1378967, max_ep_depth=16, 1.8s)
[radix-corpus] subtree char=18 (1821 positions): emitted 2576 radix nodes  (cum total 1381543, max_ep_depth=16, 1.8s)
[radix-corpus] subtree char=19 (1580 positions): emitted 2238 radix nodes  (cum total 1383781, max_ep_depth=16, 1.8s)
[radix-corpus] subtree char=20 (5838 positions): emitted 7640 radix nodes  (cum total 1391421, max_ep_depth=16, 1.8s)
[radix-corpus] subtree char=21 (18792 positions): emitted 24796 radix nodes  (cum total 1416217, max_ep_depth=16, 1.8s)
[radix-corpus] subtree char=22 (2098 positions): emitted 3011 radix nodes  (cum total 1419228, max_ep_depth=16, 1.8s)
[radix-corpus] subtree char=23 (570 positions): emitted 805 radix nodes  (cum total 1420033, max_ep_depth=16, 1.8s)
[radix-corpus] subtree char=24 (2794 positions): emitted 3917 radix nodes  (cum total 1423950, max_ep_depth=16, 1.8s)
[radix-corpus] subtree char=25 (6345 positions): emitted 7488 radix nodes  (cum total 1431438, max_ep_depth=16, 1.8s)
[radix-corpus] subtree char=26 (2407 positions): emitted 3429 radix nodes  (cum total 1434867, max_ep_depth=16, 1.8s)
[radix-corpus] subtree char=27 (1820 positions): emitted 2611 radix nodes  (cum total 1437478, max_ep_depth=16, 1.8s)
[radix-corpus] subtree char=28 (4630 positions): emitted 5298 radix nodes  (cum total 1442776, max_ep_depth=16, 1.8s)
[radix-corpus] subtree char=29 (376 positions): emitted 520 radix nodes  (cum total 1443296, max_ep_depth=16, 1.8s)
[radix-corpus] subtree char=30 (2077 positions): emitted 2421 radix nodes  (cum total 1445717, max_ep_depth=16, 1.8s)
[radix-corpus] subtree char=31 (4525 positions): emitted 6466 radix nodes  (cum total 1452183, max_ep_depth=16, 1.8s)
[radix-corpus] subtree char=32 (8115 positions): emitted 10824 radix nodes  (cum total 1463007, max_ep_depth=16, 1.8s)
[radix-corpus] subtree char=33 (286 positions): emitted 381 radix nodes  (cum total 1463388, max_ep_depth=16, 1.8s)
[radix-corpus] subtree char=34 (919 positions): emitted 1044 radix nodes  (cum total 1464432, max_ep_depth=16, 1.8s)
[radix-corpus] subtree char=35 (4667 positions): emitted 6514 radix nodes  (cum total 1470946, max_ep_depth=16, 1.8s)
[radix-corpus] subtree char=36 (723 positions): emitted 636 radix nodes  (cum total 1471582, max_ep_depth=16, 1.8s)
[radix-corpus] subtree char=37 (1801 positions): emitted 2558 radix nodes  (cum total 1474140, max_ep_depth=16, 1.8s)
[radix-corpus] subtree char=38 (83 positions): emitted 121 radix nodes  (cum total 1474261, max_ep_depth=16, 1.8s)
[radix-corpus] subtree char=39 (269794 positions): emitted 387563 radix nodes  (cum total 1861824, max_ep_depth=16, 2.2s)
[radix-corpus] subtree char=40 (49342 positions): emitted 71272 radix nodes  (cum total 1933096, max_ep_depth=16, 2.3s)
[radix-corpus] subtree char=41 (76871 positions): emitted 110094 radix nodes  (cum total 2043190, max_ep_depth=16, 2.3s)
[radix-corpus] subtree char=42 (148136 positions): emitted 213181 radix nodes  (cum total 2256371, max_ep_depth=16, 2.5s)
[radix-corpus] subtree char=43 (419444 positions): emitted 603052 radix nodes  (cum total 2859423, max_ep_depth=16, 3.2s)
[radix-corpus] subtree char=44 (72053 positions): emitted 104087 radix nodes  (cum total 2963510, max_ep_depth=16, 3.3s)
[radix-corpus] subtree char=45 (70206 positions): emitted 102424 radix nodes  (cum total 3065934, max_ep_depth=16, 3.4s)
[radix-corpus] subtree char=46 (215818 positions): emitted 306086 radix nodes  (cum total 3372020, max_ep_depth=16, 3.7s)
[radix-corpus] subtree char=47 (220419 positions): emitted 315527 radix nodes  (cum total 3687547, max_ep_depth=16, 4.0s)
[radix-corpus] subtree char=48 (2779 positions): emitted 4091 radix nodes  (cum total 3691638, max_ep_depth=16, 4.0s)
[radix-corpus] subtree char=49 (28115 positions): emitted 40623 radix nodes  (cum total 3732261, max_ep_depth=16, 4.0s)
[radix-corpus] subtree char=50 (134345 positions): emitted 195431 radix nodes  (cum total 3927692, max_ep_depth=16, 4.1s)
[radix-corpus] subtree char=51 (83268 positions): emitted 120468 radix nodes  (cum total 4048160, max_ep_depth=16, 4.2s)
[radix-corpus] subtree char=52 (237339 positions): emitted 342929 radix nodes  (cum total 4391089, max_ep_depth=16, 4.5s)
[radix-corpus] subtree char=53 (255337 positions): emitted 367494 radix nodes  (cum total 4758583, max_ep_depth=16, 4.9s)
[radix-corpus] subtree char=54 (54083 positions): emitted 78330 radix nodes  (cum total 4836913, max_ep_depth=16, 4.9s)
[radix-corpus] subtree char=55 (3720 positions): emitted 5244 radix nodes  (cum total 4842157, max_ep_depth=16, 4.9s)
[radix-corpus] subtree char=56 (193905 positions): emitted 280587 radix nodes  (cum total 5122744, max_ep_depth=16, 5.2s)
[radix-corpus] subtree char=57 (211569 positions): emitted 304961 radix nodes  (cum total 5427705, max_ep_depth=16, 5.4s)
[radix-corpus] subtree char=58 (299494 positions): emitted 425240 radix nodes  (cum total 5852945, max_ep_depth=16, 5.8s)
[radix-corpus] subtree char=59 (94650 positions): emitted 136611 radix nodes  (cum total 5989556, max_ep_depth=16, 5.9s)
[radix-corpus] subtree char=60 (31875 positions): emitted 46173 radix nodes  (cum total 6035729, max_ep_depth=16, 6.0s)
[radix-corpus] subtree char=61 (77231 positions): emitted 110173 radix nodes  (cum total 6145902, max_ep_depth=16, 6.0s)
[radix-corpus] subtree char=62 (4267 positions): emitted 6239 radix nodes  (cum total 6152141, max_ep_depth=16, 6.0s)
[radix-corpus] subtree char=63 (66593 positions): emitted 97292 radix nodes  (cum total 6249433, max_ep_depth=16, 6.1s)
[radix-corpus] subtree char=64 (2449 positions): emitted 3490 radix nodes  (cum total 6252923, max_ep_depth=16, 6.1s)
[radix-corpus] done: 6252923 radix nodes, 31017843 total edge chars, 17 endpoint depths, 6.07s
  radix_count:        6252923
  total_edge_chars:   31017843
  max_endpoint_depth: 16
