[radix-corpus] corpus: /tmp/shake_ms_n100_se5_2pct.txt (100000 tokens, vocab=65)
[radix-corpus] max_depth=16, output=/tmp/shake_ms_n100_se5_2pct_d16_radix
[radix-corpus] subtree char=0 (2094 positions): emitted 2869 radix nodes  (cum total 2870, max_ep_depth=16, 0.0s)
[radix-corpus] subtree char=1 (20480 positions): emitted 24190 radix nodes  (cum total 27060, max_ep_depth=16, 0.0s)
[radix-corpus] subtree char=2 (42 positions): emitted 61 radix nodes  (cum total 27121, max_ep_depth=16, 0.0s)
[radix-corpus] subtree char=4 (1 positions): emitted 1 radix nodes  (cum total 27122, max_ep_depth=16, 0.0s)
[radix-corpus] subtree char=5 (859 positions): emitted 1127 radix nodes  (cum total 28249, max_ep_depth=16, 0.0s)
[radix-corpus] subtree char=6 (1282 positions): emitted 1865 radix nodes  (cum total 30114, max_ep_depth=16, 0.0s)
[radix-corpus] subtree char=7 (225 positions): emitted 357 radix nodes  (cum total 30471, max_ep_depth=16, 0.0s)
[radix-corpus] subtree char=8 (881 positions): emitted 1227 radix nodes  (cum total 31698, max_ep_depth=16, 0.0s)
[radix-corpus] subtree char=9 (36 positions): emitted 44 radix nodes  (cum total 31742, max_ep_depth=16, 0.0s)
[radix-corpus] subtree char=10 (53 positions): emitted 71 radix nodes  (cum total 31813, max_ep_depth=16, 0.0s)
[radix-corpus] subtree char=11 (222 positions): emitted 329 radix nodes  (cum total 32142, max_ep_depth=16, 0.0s)
[radix-corpus] subtree char=12 (51 positions): emitted 75 radix nodes  (cum total 32217, max_ep_depth=16, 0.0s)
[radix-corpus] subtree char=13 (123 positions): emitted 173 radix nodes  (cum total 32390, max_ep_depth=16, 0.0s)
[radix-corpus] subtree char=14 (214 positions): emitted 300 radix nodes  (cum total 32690, max_ep_depth=16, 0.0s)
[radix-corpus] subtree char=15 (131 positions): emitted 183 radix nodes  (cum total 32873, max_ep_depth=16, 0.0s)
[radix-corpus] subtree char=16 (91 positions): emitted 136 radix nodes  (cum total 33009, max_ep_depth=16, 0.0s)
[radix-corpus] subtree char=17 (119 positions): emitted 168 radix nodes  (cum total 33177, max_ep_depth=16, 0.0s)
[radix-corpus] subtree char=18 (23 positions): emitted 36 radix nodes  (cum total 33213, max_ep_depth=16, 0.0s)
[radix-corpus] subtree char=19 (26 positions): emitted 32 radix nodes  (cum total 33245, max_ep_depth=16, 0.0s)
[radix-corpus] subtree char=20 (127 positions): emitted 143 radix nodes  (cum total 33388, max_ep_depth=16, 0.0s)
[radix-corpus] subtree char=21 (430 positions): emitted 576 radix nodes  (cum total 33964, max_ep_depth=16, 0.0s)
[radix-corpus] subtree char=22 (57 positions): emitted 84 radix nodes  (cum total 34048, max_ep_depth=16, 0.0s)
[radix-corpus] subtree char=23 (10 positions): emitted 16 radix nodes  (cum total 34064, max_ep_depth=16, 0.0s)
[radix-corpus] subtree char=24 (111 positions): emitted 157 radix nodes  (cum total 34221, max_ep_depth=16, 0.0s)
[radix-corpus] subtree char=25 (321 positions): emitted 428 radix nodes  (cum total 34649, max_ep_depth=16, 0.0s)
[radix-corpus] subtree char=26 (56 positions): emitted 80 radix nodes  (cum total 34729, max_ep_depth=16, 0.0s)
[radix-corpus] subtree char=27 (43 positions): emitted 62 radix nodes  (cum total 34791, max_ep_depth=16, 0.0s)
[radix-corpus] subtree char=28 (54 positions): emitted 81 radix nodes  (cum total 34872, max_ep_depth=16, 0.0s)
[radix-corpus] subtree char=30 (34 positions): emitted 52 radix nodes  (cum total 34924, max_ep_depth=16, 0.0s)
[radix-corpus] subtree char=31 (79 positions): emitted 110 radix nodes  (cum total 35034, max_ep_depth=16, 0.0s)
[radix-corpus] subtree char=32 (143 positions): emitted 207 radix nodes  (cum total 35241, max_ep_depth=16, 0.0s)
[radix-corpus] subtree char=33 (12 positions): emitted 19 radix nodes  (cum total 35260, max_ep_depth=16, 0.0s)
[radix-corpus] subtree char=34 (26 positions): emitted 22 radix nodes  (cum total 35282, max_ep_depth=16, 0.0s)
[radix-corpus] subtree char=35 (79 positions): emitted 116 radix nodes  (cum total 35398, max_ep_depth=16, 0.0s)
[radix-corpus] subtree char=36 (39 positions): emitted 37 radix nodes  (cum total 35435, max_ep_depth=16, 0.0s)
[radix-corpus] subtree char=37 (49 positions): emitted 74 radix nodes  (cum total 35509, max_ep_depth=16, 0.0s)
[radix-corpus] subtree char=39 (5607 positions): emitted 8215 radix nodes  (cum total 43724, max_ep_depth=16, 0.0s)
[radix-corpus] subtree char=40 (1057 positions): emitted 1552 radix nodes  (cum total 45276, max_ep_depth=16, 0.0s)
[radix-corpus] subtree char=41 (1754 positions): emitted 2649 radix nodes  (cum total 47925, max_ep_depth=16, 0.0s)
[radix-corpus] subtree char=42 (2891 positions): emitted 4236 radix nodes  (cum total 52161, max_ep_depth=16, 0.0s)
[radix-corpus] subtree char=43 (9247 positions): emitted 13642 radix nodes  (cum total 65803, max_ep_depth=16, 0.0s)
[radix-corpus] subtree char=44 (1596 positions): emitted 2392 radix nodes  (cum total 68195, max_ep_depth=16, 0.0s)
[radix-corpus] subtree char=45 (1402 positions): emitted 2032 radix nodes  (cum total 70227, max_ep_depth=16, 0.0s)
[radix-corpus] subtree char=46 (4409 positions): emitted 6510 radix nodes  (cum total 76737, max_ep_depth=16, 0.0s)
[radix-corpus] subtree char=47 (5044 positions): emitted 7375 radix nodes  (cum total 84112, max_ep_depth=16, 0.0s)
[radix-corpus] subtree char=48 (73 positions): emitted 108 radix nodes  (cum total 84220, max_ep_depth=16, 0.0s)
[radix-corpus] subtree char=49 (435 positions): emitted 646 radix nodes  (cum total 84866, max_ep_depth=16, 0.0s)
[radix-corpus] subtree char=50 (2954 positions): emitted 4315 radix nodes  (cum total 89181, max_ep_depth=16, 0.0s)
[radix-corpus] subtree char=51 (1692 positions): emitted 2521 radix nodes  (cum total 91702, max_ep_depth=16, 0.1s)
[radix-corpus] subtree char=52 (5257 positions): emitted 7728 radix nodes  (cum total 99430, max_ep_depth=16, 0.1s)
[radix-corpus] subtree char=53 (5308 positions): emitted 7848 radix nodes  (cum total 107278, max_ep_depth=16, 0.1s)
[radix-corpus] subtree char=54 (1042 positions): emitted 1576 radix nodes  (cum total 108854, max_ep_depth=16, 0.1s)
[radix-corpus] subtree char=55 (86 positions): emitted 133 radix nodes  (cum total 108987, max_ep_depth=16, 0.1s)
[radix-corpus] subtree char=56 (4320 positions): emitted 6382 radix nodes  (cum total 115369, max_ep_depth=16, 0.1s)
[radix-corpus] subtree char=57 (4703 positions): emitted 6978 radix nodes  (cum total 122347, max_ep_depth=16, 0.1s)
[radix-corpus] subtree char=58 (6368 positions): emitted 9373 radix nodes  (cum total 131720, max_ep_depth=16, 0.1s)
[radix-corpus] subtree char=59 (2029 positions): emitted 2983 radix nodes  (cum total 134703, max_ep_depth=16, 0.1s)
[radix-corpus] subtree char=60 (728 positions): emitted 1093 radix nodes  (cum total 135796, max_ep_depth=16, 0.1s)
[radix-corpus] subtree char=61 (1451 positions): emitted 2142 radix nodes  (cum total 137938, max_ep_depth=16, 0.1s)
[radix-corpus] subtree char=62 (131 positions): emitted 202 radix nodes  (cum total 138140, max_ep_depth=16, 0.1s)
[radix-corpus] subtree char=63 (1693 positions): emitted 2484 radix nodes  (cum total 140624, max_ep_depth=16, 0.1s)
[radix-corpus] subtree char=64 (100 positions): emitted 144 radix nodes  (cum total 140768, max_ep_depth=16, 0.1s)
[radix-corpus] done: 140768 radix nodes, 940612 total edge chars, 17 endpoint depths, 0.07s
  radix_count:        140768
  total_edge_chars:   940612
  max_endpoint_depth: 16
