AGPT CUDA Training Engine
  Model: d=64 heads=4 layers=2 ff=256 vocab=65 seq=32 head_dim=16
  Loaded 108481 weight floats (423.8 KB)
  Loaded optimizer state from checkpoint (adam_t=25475)
  LR schedule horizon: 500 total SE (override; this call runs 5 SE)
Loading radix trie from /tmp/shake_ms_n100_se5_80pct_d16_radix...
  Radix trie: 5698687 nodes, 28532480 total edge chars, 17 endpoint depths
  Radix loaded: 9563257 counts entries, 49884919 ancestor char entries
  d_split: 3691541/5698687 nodes have a mass=1 ancestor (mean depth 10.32)
  lr-schedule: warmup-cosine (peak=0.003, warmup_epochs=1)
  optimizer: rmsprop (lr=0.003)
  entropy lambda: 1.000 (branching-endpoint icing enabled)
  mass weighting: log (head-of-edge count restores corpus-frequency exposure)
  curriculum: flat (d=max each epoch)
  max edge_len: 15, max ancestor chars: 15, max KV per node: 30, max endpoint depth: 16
  mass=1 compaction: 24654397 / 28532480 chars are mass=1 (86.4%); cache holds 3878083 positions
  loop points: 117169 (mass>1 leaves; 5.8% of 2007145 mass>1 nodes)
  KV cache: 1985.6 MB unified memory (bf16 compact)
  GPU memory: 3029.5 MB used, 5157.3 MB free, 8186.8 MB total
  65 root-child subtrees: sizes min=3 max=907336 avg=87672.1 (total=5698686 radix nodes)
Epoch 1: loss=1.519470  (17.81 sec, 65 subtrees, 610 chunks, 28532480 nodes)
  residual top-10 (subtree_mass × max(avg_loss − 1.519, 0)):
    rc   rootID   mass      avg_loss     score 
    59   5333482  722208    1.6732       111056.4
    58   4945605  2544196   1.5326       33283.7
    1    111161   6518983   1.5238       28259.5
    5    1024991  260173    1.5678       12568.9
    7    1153832  72004     1.6242       7541.1
    25   1302374  50989     1.6527       6795.7
    15   1248993  30187     1.7415       6702.9
    13   1234770  47535     1.6556       6472.2
    32   1328089  60054     1.6091       5383.8
    54   4336715  417918    1.5317       5097.7
    top-10: 30.0% of mass, 79.4% of excess-loss
Epoch 2: loss=1.513779  (17.56 sec, 65 subtrees, 610 chunks, 28532479 nodes)
  residual top-10 (subtree_mass × max(avg_loss − 1.514, 0)):
    rc   rootID   mass      avg_loss     score 
    1    111161   6518983   1.5244       69311.4
    5    1024991  260173    1.5729       15387.8
    39   1347734  2157712   1.5194       12111.9
    6    1067164  614961    1.5293       9544.6
    59   5333482  722208    1.5267       9351.7
    7    1153832  72004     1.6271       8160.6
    25   1302374  50989     1.6533       7113.8
    15   1248993  30187     1.7421       6892.7
    13   1234770  47535     1.6562       6768.3
    44   2609510  565565    1.5248       6212.3
    top-10: 30.8% of mass, 69.8% of excess-loss
Epoch 3: loss=1.512811  (17.56 sec, 65 subtrees, 610 chunks, 28532479 nodes)
  residual top-10 (subtree_mass × max(avg_loss − 1.513, 0)):
    rc   rootID   mass      avg_loss     score 
    1    111161   6518983   1.5226       63811.9
    5    1024991  260173    1.5642       13371.8
    39   1347734  2157712   1.5180       11110.9
    59   5333482  722208    1.5264       9779.2
    7    1153832  72004     1.6228       7922.1
    44   2609510  565565    1.5254       7131.5
    25   1302374  50989     1.6507       7029.3
    15   1248993  30187     1.7391       6831.9
    13   1234770  47535     1.6544       6729.2
    6    1067164  614961    1.5223       5852.4
    top-10: 30.8% of mass, 67.9% of excess-loss
Epoch 4: loss=1.513027  (17.57 sec, 65 subtrees, 610 chunks, 28532480 nodes)
  residual top-10 (subtree_mass × max(avg_loss − 1.513, 0)):
    rc   rootID   mass      avg_loss     score 
    1    111161   6518983   1.5222       60059.2
    59   5333482  722208    1.5352       16027.9
    5    1024991  260173    1.5642       13313.9
    39   1347734  2157712   1.5179       10584.4
    7    1153832  72004     1.6230       7921.7
    44   2609510  565565    1.5259       7300.5
    25   1302374  50989     1.6494       6953.3
    15   1248993  30187     1.7389       6819.8
    13   1234770  47535     1.6535       6675.4
    32   1328089  60054     1.6095       5792.1
    top-10: 29.3% of mass, 68.8% of excess-loss
Epoch 5: loss=1.512535  (17.57 sec, 65 subtrees, 610 chunks, 28532480 nodes)
  residual top-10 (subtree_mass × max(avg_loss − 1.513, 0)):
    rc   rootID   mass      avg_loss     score 
    1    111161   6518983   1.5220       61561.6
    59   5333482  722208    1.5326       14483.3
    5    1024991  260173    1.5649       13622.3
    39   1347734  2157712   1.5169       9495.1
    7    1153832  72004     1.6232       7965.8
    44   2609510  565565    1.5251       7107.5
    15   1248993  30187     1.7408       6890.7
    25   1302374  50989     1.6476       6889.0
    13   1234770  47535     1.6540       6723.4
    6    1067164  614961    1.5224       6045.3
    top-10: 30.8% of mass, 68.3% of excess-loss
Saved to /home/trans/Projects/agpt/rnd/streaming-agpt-v1/models/seed300_ms_n100_se5_stage80.model
Done.
  Appended optimizer state to /home/trans/Projects/agpt/rnd/streaming-agpt-v1/models/seed300_ms_n100_se5_stage80.model (adam_t=25800)
