AGPT CUDA Training Engine
  Model: d=64 heads=4 layers=2 ff=256 vocab=65 seq=32 head_dim=16
  Loaded 108481 weight floats (423.8 KB)
  Loaded optimizer state from checkpoint (adam_t=27425)
  LR schedule horizon: 500 total SE (override; this call runs 5 SE)
Loading radix trie from /tmp/shake_ms_n100_se5_86pct_d16_radix...
  Radix trie: 6114393 nodes, 30401173 total edge chars, 17 endpoint depths
  Radix loaded: 10264027 counts entries, 53842527 ancestor char entries
  d_split: 3957663/6114393 nodes have a mass=1 ancestor (mean depth 10.37)
  lr-schedule: warmup-cosine (peak=0.003, warmup_epochs=1)
  optimizer: rmsprop (lr=0.003)
  entropy lambda: 1.000 (branching-endpoint icing enabled)
  mass weighting: log (head-of-edge count restores corpus-frequency exposure)
  curriculum: flat (d=max each epoch)
  max edge_len: 15, max ancestor chars: 15, max KV per node: 30, max endpoint depth: 16
  mass=1 compaction: 26234062 / 30401173 chars are mass=1 (86.3%); cache holds 4167111 positions
  loop points: 129487 (mass>1 leaves; 6.0% of 2156729 mass>1 nodes)
  KV cache: 2133.6 MB unified memory (bf16 compact)
  GPU memory: 3048.4 MB used, 5138.4 MB free, 8186.8 MB total
  65 root-child subtrees: sizes min=3 max=970505 avg=94067.6 (total=6114392 radix nodes)
Epoch 1: loss=1.543515  (18.92 sec, 65 subtrees, 643 chunks, 30401173 nodes)
  residual top-10 (subtree_mass × max(avg_loss − 1.544, 0)):
    rc   rootID   mass      avg_loss     score 
    1    119607   7028858   1.5545       76881.1
    5    1097317  288168    1.5921       14006.6
    7    1235744  73850     1.6460       7568.0
    44   2797782  614241    1.5553       7227.2
    13   1321902  53311     1.6721       6854.3
    6    1143660  656055    1.5536       6607.1
    32   1421669  66283     1.6424       6556.0
    25   1393975  52883     1.6603       6173.9
    15   1337638  31357     1.7283       5795.0
    28   1407306  34723     1.6828       4836.4
    top-10: 23.0% of mass, 69.7% of excess-loss
Epoch 2: loss=1.543275  (18.74 sec, 65 subtrees, 643 chunks, 30401173 nodes)
  residual top-10 (subtree_mass × max(avg_loss − 1.543, 0)):
    rc   rootID   mass      avg_loss     score 
    1    119607   7028858   1.5544       78276.1
    5    1097317  288168    1.5908       13682.1
    7    1235744  73850     1.6456       7558.0
    13   1321902  53311     1.6715       6836.9
    6    1143660  656055    1.5535       6728.8
    44   2797782  614241    1.5541       6651.7
    32   1421669  66283     1.6417       6523.6
    25   1393975  52883     1.6594       6142.9
    15   1337638  31357     1.7289       5821.1
    39   1443195  2329708   1.5455       5108.4
    top-10: 28.9% of mass, 70.3% of excess-loss
Epoch 3: loss=1.543195  (18.74 sec, 65 subtrees, 643 chunks, 30401173 nodes)
  residual top-10 (subtree_mass × max(avg_loss − 1.543, 0)):
    rc   rootID   mass      avg_loss     score 
    1    119607   7028858   1.5543       78377.8
    5    1097317  288168    1.5903       13563.8
    7    1235744  73850     1.6456       7559.2
    13   1321902  53311     1.6711       6818.5
    44   2797782  614241    1.5542       6784.8
    32   1421669  66283     1.6427       6596.0
    6    1143660  656055    1.5531       6476.1
    25   1393975  52883     1.6611       6237.2
    15   1337638  31357     1.7302       5863.2
    28   1407306  34723     1.6820       4819.5
    top-10: 23.0% of mass, 70.7% of excess-loss
Epoch 4: loss=1.542958  (18.75 sec, 65 subtrees, 643 chunks, 30401173 nodes)
  residual top-10 (subtree_mass × max(avg_loss − 1.543, 0)):
    rc   rootID   mass      avg_loss     score 
    1    119607   7028858   1.5542       78684.5
    5    1097317  288168    1.5894       13382.3
    7    1235744  73850     1.6456       7580.0
    13   1321902  53311     1.6707       6808.4
    32   1421669  66283     1.6436       6673.8
    44   2797782  614241    1.5537       6618.6
    6    1143660  656055    1.5526       6326.8
    25   1393975  52883     1.6594       6158.3
    15   1337638  31357     1.7302       5872.3
    28   1407306  34723     1.6824       4841.5
    top-10: 23.0% of mass, 70.2% of excess-loss
Epoch 5: loss=1.542733  (18.76 sec, 65 subtrees, 643 chunks, 30401173 nodes)
  residual top-10 (subtree_mass × max(avg_loss − 1.543, 0)):
    rc   rootID   mass      avg_loss     score 
    1    119607   7028858   1.5541       79956.8
    5    1097317  288168    1.5894       13456.9
    7    1235744  73850     1.6459       7617.9
    44   2797782  614241    1.5541       7010.3
    13   1321902  53311     1.6699       6780.5
    32   1421669  66283     1.6432       6659.4
    6    1143660  656055    1.5527       6541.1
    25   1393975  52883     1.6607       6237.4
    15   1337638  31357     1.7321       5939.0
    28   1407306  34723     1.6812       4807.1
    top-10: 23.0% of mass, 70.9% of excess-loss
Saved to /home/trans/Projects/agpt/rnd/streaming-agpt-v1/models/seed200_ms_n100_se5_stage86.model
Done.
  Appended optimizer state to /home/trans/Projects/agpt/rnd/streaming-agpt-v1/models/seed200_ms_n100_se5_stage86.model (adam_t=27750)
