[radix-corpus] corpus: /tmp/shake_ms_n100_se5_52pct.txt (2600000 tokens, vocab=65)
[radix-corpus] max_depth=16, output=/tmp/shake_ms_n100_se5_52pct_d16_radix
[radix-corpus] subtree char=0 (49372 positions): emitted 70821 radix nodes  (cum total 70822, max_ep_depth=16, 0.0s)
[radix-corpus] subtree char=1 (425381 positions): emitted 593967 radix nodes  (cum total 664789, max_ep_depth=16, 0.7s)
[radix-corpus] subtree char=2 (2984 positions): emitted 4259 radix nodes  (cum total 669048, max_ep_depth=16, 0.7s)
[radix-corpus] subtree char=3 (2 positions): emitted 3 radix nodes  (cum total 669051, max_ep_depth=16, 0.7s)
[radix-corpus] subtree char=4 (3 positions): emitted 4 radix nodes  (cum total 669055, max_ep_depth=16, 0.7s)
[radix-corpus] subtree char=5 (16512 positions): emitted 22747 radix nodes  (cum total 691802, max_ep_depth=16, 0.7s)
[radix-corpus] subtree char=6 (40500 positions): emitted 56743 radix nodes  (cum total 748545, max_ep_depth=16, 0.7s)
[radix-corpus] subtree char=7 (7787 positions): emitted 11628 radix nodes  (cum total 760173, max_ep_depth=16, 0.7s)
[radix-corpus] subtree char=8 (20018 positions): emitted 27780 radix nodes  (cum total 787953, max_ep_depth=16, 0.7s)
[radix-corpus] subtree char=9 (113 positions): emitted 129 radix nodes  (cum total 788082, max_ep_depth=16, 0.7s)
[radix-corpus] subtree char=10 (696 positions): emitted 1015 radix nodes  (cum total 789097, max_ep_depth=16, 0.7s)
[radix-corpus] subtree char=11 (6846 positions): emitted 9855 radix nodes  (cum total 798952, max_ep_depth=16, 0.8s)
[radix-corpus] subtree char=12 (2281 positions): emitted 3279 radix nodes  (cum total 802231, max_ep_depth=16, 0.8s)
[radix-corpus] subtree char=13 (3730 positions): emitted 5218 radix nodes  (cum total 807449, max_ep_depth=16, 0.8s)
[radix-corpus] subtree char=14 (2898 positions): emitted 4120 radix nodes  (cum total 811569, max_ep_depth=16, 0.8s)
[radix-corpus] subtree char=15 (2533 positions): emitted 3152 radix nodes  (cum total 814721, max_ep_depth=16, 0.8s)
[radix-corpus] subtree char=16 (1995 positions): emitted 2807 radix nodes  (cum total 817528, max_ep_depth=16, 0.8s)
[radix-corpus] subtree char=17 (1854 positions): emitted 2267 radix nodes  (cum total 819795, max_ep_depth=16, 0.8s)
[radix-corpus] subtree char=18 (1207 positions): emitted 1710 radix nodes  (cum total 821505, max_ep_depth=16, 0.8s)
[radix-corpus] subtree char=19 (982 positions): emitted 1371 radix nodes  (cum total 822876, max_ep_depth=16, 0.8s)
[radix-corpus] subtree char=20 (2863 positions): emitted 3929 radix nodes  (cum total 826805, max_ep_depth=16, 0.8s)
[radix-corpus] subtree char=21 (8339 positions): emitted 11381 radix nodes  (cum total 838186, max_ep_depth=16, 0.8s)
[radix-corpus] subtree char=22 (826 positions): emitted 1183 radix nodes  (cum total 839369, max_ep_depth=16, 0.8s)
[radix-corpus] subtree char=23 (259 positions): emitted 355 radix nodes  (cum total 839724, max_ep_depth=16, 0.8s)
[radix-corpus] subtree char=24 (2184 positions): emitted 3028 radix nodes  (cum total 842752, max_ep_depth=16, 0.8s)
[radix-corpus] subtree char=25 (3836 positions): emitted 4761 radix nodes  (cum total 847513, max_ep_depth=16, 0.8s)
[radix-corpus] subtree char=26 (1370 positions): emitted 1960 radix nodes  (cum total 849473, max_ep_depth=16, 0.8s)
[radix-corpus] subtree char=27 (992 positions): emitted 1391 radix nodes  (cum total 850864, max_ep_depth=16, 0.8s)
[radix-corpus] subtree char=28 (1780 positions): emitted 2403 radix nodes  (cum total 853267, max_ep_depth=16, 0.8s)
[radix-corpus] subtree char=29 (346 positions): emitted 480 radix nodes  (cum total 853747, max_ep_depth=16, 0.8s)
[radix-corpus] subtree char=30 (1015 positions): emitted 1335 radix nodes  (cum total 855082, max_ep_depth=16, 0.8s)
[radix-corpus] subtree char=31 (3138 positions): emitted 4465 radix nodes  (cum total 859547, max_ep_depth=16, 0.8s)
[radix-corpus] subtree char=32 (4616 positions): emitted 6469 radix nodes  (cum total 866016, max_ep_depth=16, 0.8s)
[radix-corpus] subtree char=33 (173 positions): emitted 246 radix nodes  (cum total 866262, max_ep_depth=16, 0.8s)
[radix-corpus] subtree char=34 (274 positions): emitted 361 radix nodes  (cum total 866623, max_ep_depth=16, 0.8s)
[radix-corpus] subtree char=35 (2413 positions): emitted 3425 radix nodes  (cum total 870048, max_ep_depth=16, 0.8s)
[radix-corpus] subtree char=36 (183 positions): emitted 227 radix nodes  (cum total 870275, max_ep_depth=16, 0.8s)
[radix-corpus] subtree char=37 (939 positions): emitted 1388 radix nodes  (cum total 871663, max_ep_depth=16, 0.8s)
[radix-corpus] subtree char=38 (20 positions): emitted 30 radix nodes  (cum total 871693, max_ep_depth=16, 0.8s)
[radix-corpus] subtree char=39 (159393 positions): emitted 231389 radix nodes  (cum total 1103082, max_ep_depth=16, 1.0s)
[radix-corpus] subtree char=40 (30665 positions): emitted 44714 radix nodes  (cum total 1147796, max_ep_depth=16, 1.0s)
[radix-corpus] subtree char=41 (46075 positions): emitted 66798 radix nodes  (cum total 1214594, max_ep_depth=16, 1.0s)
[radix-corpus] subtree char=42 (83404 positions): emitted 121549 radix nodes  (cum total 1336143, max_ep_depth=16, 1.1s)
[radix-corpus] subtree char=43 (251440 positions): emitted 365556 radix nodes  (cum total 1701699, max_ep_depth=16, 1.5s)
[radix-corpus] subtree char=44 (43772 positions): emitted 63587 radix nodes  (cum total 1765286, max_ep_depth=16, 1.6s)
[radix-corpus] subtree char=45 (41146 positions): emitted 60355 radix nodes  (cum total 1825641, max_ep_depth=16, 1.6s)
[radix-corpus] subtree char=46 (129236 positions): emitted 186028 radix nodes  (cum total 2011669, max_ep_depth=16, 1.7s)
[radix-corpus] subtree char=47 (131928 positions): emitted 190983 radix nodes  (cum total 2202652, max_ep_depth=16, 1.9s)
[radix-corpus] subtree char=48 (1728 positions): emitted 2555 radix nodes  (cum total 2205207, max_ep_depth=16, 1.9s)
[radix-corpus] subtree char=49 (15252 positions): emitted 22239 radix nodes  (cum total 2227446, max_ep_depth=16, 1.9s)
[radix-corpus] subtree char=50 (82519 positions): emitted 120649 radix nodes  (cum total 2348095, max_ep_depth=16, 1.9s)
[radix-corpus] subtree char=51 (47743 positions): emitted 69618 radix nodes  (cum total 2417713, max_ep_depth=16, 2.0s)
[radix-corpus] subtree char=52 (140232 positions): emitted 204328 radix nodes  (cum total 2622041, max_ep_depth=16, 2.1s)
[radix-corpus] subtree char=53 (149884 positions): emitted 217751 radix nodes  (cum total 2839792, max_ep_depth=16, 2.3s)
[radix-corpus] subtree char=54 (32734 positions): emitted 47757 radix nodes  (cum total 2887549, max_ep_depth=16, 2.3s)
[radix-corpus] subtree char=55 (2445 positions): emitted 3476 radix nodes  (cum total 2891025, max_ep_depth=16, 2.3s)
[radix-corpus] subtree char=56 (116609 positions): emitted 170049 radix nodes  (cum total 3061074, max_ep_depth=16, 2.4s)
[radix-corpus] subtree char=57 (128163 positions): emitted 186608 radix nodes  (cum total 3247682, max_ep_depth=16, 2.6s)
[radix-corpus] subtree char=58 (178663 positions): emitted 257096 radix nodes  (cum total 3504778, max_ep_depth=16, 2.8s)
[radix-corpus] subtree char=59 (56514 positions): emitted 82238 radix nodes  (cum total 3587016, max_ep_depth=16, 2.8s)
[radix-corpus] subtree char=60 (18769 positions): emitted 27423 radix nodes  (cum total 3614439, max_ep_depth=16, 2.8s)
[radix-corpus] subtree char=61 (44586 positions): emitted 64559 radix nodes  (cum total 3678998, max_ep_depth=16, 2.8s)
[radix-corpus] subtree char=62 (2474 positions): emitted 3684 radix nodes  (cum total 3682682, max_ep_depth=16, 2.8s)
[radix-corpus] subtree char=63 (39609 positions): emitted 58269 radix nodes  (cum total 3740951, max_ep_depth=16, 2.9s)
[radix-corpus] subtree char=64 (1757 positions): emitted 2466 radix nodes  (cum total 3743417, max_ep_depth=16, 2.9s)
[radix-corpus] done: 3743417 radix nodes, 19613168 total edge chars, 17 endpoint depths, 2.87s
  radix_count:        3743417
  total_edge_chars:   19613168
  max_endpoint_depth: 16
