AGPT CUDA Training Engine
  Model: d=64 heads=4 layers=2 ff=256 vocab=65 seq=32 head_dim=16
  Loaded 108481 weight floats (423.8 KB)
  Loaded optimizer state from checkpoint (adam_t=6300)
  LR schedule horizon: 500 total SE (override; this call runs 5 SE)
Loading radix trie from /tmp/shake_ms_n100_se5_21pct_d16_radix...
  Radix trie: 1512450 nodes, 8309160 total edge chars, 17 endpoint depths
  Radix loaded: 2531392 counts entries, 12130085 ancestor char entries
  d_split: 982965/1512450 nodes have a mass=1 ancestor (mean depth 9.63)
  lr-schedule: warmup-cosine (peak=0.003, warmup_epochs=1)
  optimizer: rmsprop (lr=0.003)
  entropy lambda: 1.000 (branching-endpoint icing enabled)
  mass weighting: log (head-of-edge count restores corpus-frequency exposure)
  curriculum: flat (d=max each epoch)
  max edge_len: 16, max ancestor chars: 15, max KV per node: 31, max endpoint depth: 16
  mass=1 compaction: 7247496 / 8309160 chars are mass=1 (87.2%); cache holds 1061664 positions
  loop points: 24951 (mass>1 leaves; 4.7% of 529484 mass>1 nodes)
  KV cache: 543.6 MB unified memory (bf16 compact)
  GPU memory: 2836.6 MB used, 5350.2 MB free, 8186.8 MB total
  65 root-child subtrees: sizes min=1 max=243830 avg=23268.4 (total=1512449 radix nodes)
Epoch 1: loss=1.587252  (5.17 sec, 65 subtrees, 212 chunks, 8309160 nodes)
  residual top-10 (subtree_mass × max(avg_loss − 1.587, 0)):
    rc   rootID   mass      avg_loss     score 
    59   1412834  171915    1.9432       61185.2
    39   355595   505421    1.6225       17818.4
    54   1147678  98802     1.7229       13405.1
    40   448022   94316     1.7108       11653.4
    1    28191    1600286   1.5942       11043.3
    58   1310770  593765    1.6024       8994.3
    44   690370   137948    1.6507       8758.3
    5    273078   46461     1.7162       5992.6
    60   1446170  63608     1.6687       5183.4
    6    281903   130373    1.6102       2985.4
    top-10: 40.4% of mass, 92.1% of excess-loss
Epoch 2: loss=1.603898  (5.00 sec, 65 subtrees, 212 chunks, 8309160 nodes)
  residual top-10 (subtree_mass × max(avg_loss − 1.604, 0)):
    rc   rootID   mass      avg_loss     score 
    59   1412834  171915    2.2224       106327.5
    58   1310770  593765    1.7366       78778.8
    54   1147678  98802     1.9379       33003.9
    44   690370   137948    1.6911       12034.8
    40   448022   94316     1.7151       10484.8
    60   1446170  63608     1.7309       8076.2
    61   1458139  145108    1.6417       5486.0
    5    273078   46461     1.7117       5009.1
    39   355595   505421    1.6137       4962.2
    7    303008   14604     1.7334       1890.8
    top-10: 22.0% of mass, 98.2% of excess-loss
Epoch 3: loss=1.567108  (4.99 sec, 65 subtrees, 212 chunks, 8309160 nodes)
  residual top-10 (subtree_mass × max(avg_loss − 1.567, 0)):
    rc   rootID   mass      avg_loss     score 
    59   1412834  171915    1.7460       30746.6
    1    28191    1600286   1.5808       21840.4
    39   355595   505421    1.6071       20235.8
    54   1147678  98802     1.6867       11818.8
    40   448022   94316     1.6633       9075.0
    44   690370   137948    1.6152       6637.0
    5    273078   46461     1.6992       6135.5
    6    281903   130373    1.6121       5869.5
    60   1446170  63608     1.6073       2557.6
    7    303008   14604     1.7344       2442.8
    top-10: 33.6% of mass, 92.7% of excess-loss
Epoch 4: loss=1.597701  (5.00 sec, 65 subtrees, 212 chunks, 8309160 nodes)
  residual top-10 (subtree_mass × max(avg_loss − 1.598, 0)):
    rc   rootID   mass      avg_loss     score 
    59   1412834  171915    2.2758       116582.3
    58   1310770  593765    1.6852       51931.6
    54   1147678  98802     1.8139       21356.9
    60   1446170  63608     1.8201       14148.8
    5    273078   46461     1.8133       10018.8
    39   355595   505421    1.6163       9399.9
    61   1458139  145108    1.6595       8972.7
    44   690370   137948    1.6528       7597.5
    40   448022   94316     1.6729       7093.6
    6    281903   130373    1.6435       5973.5
    top-10: 23.3% of mass, 96.1% of excess-loss
Epoch 5: loss=1.576577  (4.99 sec, 65 subtrees, 212 chunks, 8309160 nodes)
  residual top-10 (subtree_mass × max(avg_loss − 1.577, 0)):
    rc   rootID   mass      avg_loss     score 
    59   1412834  171915    1.8239       42515.4
    39   355595   505421    1.6123       18059.0
    54   1147678  98802     1.7449       16630.0
    40   448022   94316     1.7040       12013.7
    44   690370   137948    1.6615       11715.2
    5    273078   46461     1.7493       8022.6
    6    281903   130373    1.6342       7509.9
    1    28191    1600286   1.5812       7344.2
    7    303008   14604     1.7538       2588.4
    60   1446170  63608     1.6163       2526.2
    top-10: 33.6% of mass, 92.9% of excess-loss
Saved to /home/trans/Projects/agpt/rnd/streaming-agpt-v1/models/seed200_ms_n100_se5_stage21.model
Done.
  Appended optimizer state to /home/trans/Projects/agpt/rnd/streaming-agpt-v1/models/seed200_ms_n100_se5_stage21.model (adam_t=6625)
