AGPT CUDA Training Engine
  Model: d=64 heads=4 layers=2 ff=256 vocab=65 seq=32 head_dim=16
  Loaded 108481 weight floats (423.8 KB)
  Loaded optimizer state from checkpoint (adam_t=21250)
  LR schedule horizon: 500 total SE (override; this call runs 5 SE)
Loading radix trie from /tmp/shake_ms_n100_se5_67pct_d16_radix...
  Radix trie: 4799137 nodes, 24469029 total edge chars, 17 endpoint depths
  Radix loaded: 8048032 counts entries, 41352732 ancestor char entries
  d_split: 3114963/4799137 nodes have a mass=1 ancestor (mean depth 10.19)
  lr-schedule: warmup-cosine (peak=0.003, warmup_epochs=1)
  optimizer: rmsprop (lr=0.003)
  entropy lambda: 1.000 (branching-endpoint icing enabled)
  mass weighting: log (head-of-edge count restores corpus-frequency exposure)
  curriculum: flat (d=max each epoch)
  max edge_len: 15, max ancestor chars: 15, max KV per node: 30, max endpoint depth: 16
  mass=1 compaction: 21213993 / 24469029 chars are mass=1 (86.7%); cache holds 3255036 positions
  loop points: 91390 (mass>1 leaves; 5.4% of 1684173 mass>1 nodes)
  KV cache: 1666.6 MB unified memory (bf16 compact)
  GPU memory: 2981.3 MB used, 5205.5 MB free, 8186.8 MB total
  65 root-child subtrees: sizes min=3 max=764403 avg=73832.9 (total=4799136 radix nodes)
Epoch 1: loss=1.541815  (15.22 sec, 65 subtrees, 528 chunks, 24469029 nodes)
  residual top-10 (subtree_mass × max(avg_loss − 1.542, 0)):
    rc   rootID   mass      avg_loss     score 
    59   4492282  598379    1.8262       170187.7
    54   3648576  348985    1.8426       104956.5
    58   4164066  2110421   1.5902       102117.4
    53   3367352  1679187   1.5555       23011.0
    5    862229   199434    1.5875       9109.7
    60   4597831  200801    1.5786       7393.6
    7    969239   63835     1.6329       5814.5
    49   2833338  165516    1.5690       4506.6
    32   1114482  46816     1.6267       3975.8
    15   1049333  23568     1.7083       3924.6
    top-10: 18.4% of mass, 91.7% of excess-loss
Epoch 2: loss=1.520278  (15.03 sec, 65 subtrees, 528 chunks, 24469029 nodes)
  residual top-10 (subtree_mass × max(avg_loss − 1.520, 0)):
    rc   rootID   mass      avg_loss     score 
    1    92398    5369599   1.5347       77663.0
    59   4492282  598379    1.5688       29033.3
    5    862229   199434    1.5857       13057.2
    39   1130554  1782583   1.5261       10309.2
    44   2194093  475538    1.5400       9358.2
    6    895583   510660    1.5377       8914.8
    7    969239   63835     1.6348       7313.3
    40   1428296  321530    1.5414       6805.1
    54   3648576  348985    1.5378       6105.0
    32   1114482  46816     1.6286       5071.8
    top-10: 32.9% of mass, 75.9% of excess-loss
Epoch 3: loss=1.522627  (15.04 sec, 65 subtrees, 528 chunks, 24469028 nodes)
  residual top-10 (subtree_mass × max(avg_loss − 1.523, 0)):
    rc   rootID   mass      avg_loss     score 
    59   4492282  598379    1.6608       82666.7
    1    92398    5369599   1.5260       18193.1
    54   3648576  348985    1.5702       16598.1
    58   4164066  2110421   1.5297       14897.1
    5    862229   199434    1.5776       10965.7
    44   2194093  475538    1.5379       7273.6
    7    969239   63835     1.6313       6939.2
    60   4597831  200801    1.5565       6799.3
    40   1428296  321530    1.5421       6265.0
    6    895583   510660    1.5322       4867.2
    top-10: 34.5% of mass, 74.9% of excess-loss
Epoch 4: loss=1.519072  (15.04 sec, 65 subtrees, 528 chunks, 24469028 nodes)
  residual top-10 (subtree_mass × max(avg_loss − 1.519, 0)):
    rc   rootID   mass      avg_loss     score 
    1    92398    5369599   1.5274       44818.4
    59   4492282  598379    1.5860       40051.9
    5    862229   199434    1.5837       12890.0
    39   1130554  1782583   1.5262       12782.4
    54   3648576  348985    1.5521       11539.9
    44   2194093  475538    1.5367       8384.9
    6    895583   510660    1.5343       7796.2
    40   1428296  321530    1.5431       7721.0
    7    969239   63835     1.6309       7139.9
    32   1114482  46816     1.6254       4975.9
    top-10: 32.9% of mass, 73.9% of excess-loss
Epoch 5: loss=1.522958  (15.04 sec, 65 subtrees, 528 chunks, 24469027 nodes)
  residual top-10 (subtree_mass × max(avg_loss − 1.523, 0)):
    rc   rootID   mass      avg_loss     score 
    59   4492282  598379    1.6842       96496.5
    54   3648576  348985    1.5821       20653.9
    1    92398    5369599   1.5251       11709.1
    5    862229   199434    1.5816       11693.3
    58   4164066  2110421   1.5280       10670.9
    44   2194093  475538    1.5409       8527.2
    60   4597831  200801    1.5645       8346.9
    7    969239   63835     1.6308       6882.6
    40   1428296  321530    1.5424       6254.4
    49   2833338  165516    1.5524       4877.6
    top-10: 33.4% of mass, 76.1% of excess-loss
Saved to /home/trans/Projects/agpt/rnd/streaming-agpt-v1/models/seed300_ms_n100_se5_stage67.model
Done.
  Appended optimizer state to /home/trans/Projects/agpt/rnd/streaming-agpt-v1/models/seed300_ms_n100_se5_stage67.model (adam_t=21575)
