AGPT CUDA Training Engine
  Model: d=64 heads=4 layers=2 ff=256 vocab=65 seq=32 head_dim=16
  Loaded 108481 weight floats (423.8 KB)
  Loaded optimizer state from checkpoint (adam_t=14750)
  LR schedule horizon: 500 total SE (override; this call runs 5 SE)
Loading radix trie from /tmp/shake_ms_n100_se5_47pct_d16_radix...
  Radix trie: 3387794 nodes, 17935791 total edge chars, 17 endpoint depths
  Radix loaded: 5676265 counts entries, 28221234 ancestor char entries
  d_split: 2208216/3387794 nodes have a mass=1 ancestor (mean depth 9.91)
  lr-schedule: warmup-cosine (peak=0.003, warmup_epochs=1)
  optimizer: rmsprop (lr=0.003)
  entropy lambda: 1.000 (branching-endpoint icing enabled)
  mass weighting: log (head-of-edge count restores corpus-frequency exposure)
  curriculum: flat (d=max each epoch)
  max edge_len: 15, max ancestor chars: 15, max KV per node: 30, max endpoint depth: 16
  mass=1 compaction: 15653679 / 17935791 chars are mass=1 (87.3%); cache holds 2282112 positions
  loop points: 55407 (mass>1 leaves; 4.7% of 1179577 mass>1 nodes)
  KV cache: 1168.4 MB unified memory (bf16 compact)
  GPU memory: 2901.6 MB used, 5285.2 MB free, 8186.8 MB total
  65 root-child subtrees: sizes min=3 max=537902 avg=52119.9 (total=3387793 radix nodes)
Epoch 1: loss=1.633384  (11.06 sec, 65 subtrees, 401 chunks, 17935791 nodes)
  residual top-10 (subtree_mass × max(avg_loss − 1.633, 0)):
    rc   rootID   mass      avg_loss     score 
    59   3171267  406142    1.9951       146895.7
    58   2937824  1447059   1.6747       59722.1
    54   2569053  239521    1.7555       29239.3
    60   3245731  140369    1.7189       12002.7
    61   3270857  344906    1.6595       8994.9
    5    605239   110066    1.7034       7707.9
    44   1537378  328155    1.6482       4874.8
    7    675918   44747     1.7353       4560.2
    49   1993779  105141    1.6667       3505.6
    6    625136   334107    1.6434       3349.7
    top-10: 17.5% of mass, 91.6% of excess-loss
Epoch 2: loss=1.626718  (10.90 sec, 65 subtrees, 401 chunks, 17935791 nodes)
  residual top-10 (subtree_mass × max(avg_loss − 1.627, 0)):
    rc   rootID   mass      avg_loss     score 
    59   3171267  406142    1.9065       113615.0
    58   2937824  1447059   1.6606       48991.9
    60   3245731  140369    1.6885       8670.1
    54   2569053  239521    1.6620       8445.6
    61   3270857  344906    1.6506       8236.7
    44   1537378  328155    1.6506       7826.1
    5    605239   110066    1.6964       7673.0
    40   996565   224940    1.6490       5019.3
    6    625136   334107    1.6410       4757.7
    7    675918   44747     1.7330       4755.7
    top-10: 18.1% of mass, 87.6% of excess-loss
Epoch 3: loss=1.631053  (10.89 sec, 65 subtrees, 401 chunks, 17935791 nodes)
  residual top-10 (subtree_mass × max(avg_loss − 1.631, 0)):
    rc   rootID   mass      avg_loss     score 
    59   3171267  406142    1.9775       140691.7
    58   2937824  1447059   1.6773       66867.3
    61   3270857  344906    1.6906       20554.5
    60   3245731  140369    1.7312       14057.4
    54   2569053  239521    1.6813       12028.0
    5    605239   110066    1.7041       8045.0
    7    675918   44747     1.7337       4592.6
    63   3332458  290360    1.6468       4586.3
    6    625136   334107    1.6438       4257.4
    44   1537378  328155    1.6421       3635.0
    top-10: 18.4% of mass, 91.2% of excess-loss
Epoch 4: loss=1.651771  (10.92 sec, 65 subtrees, 401 chunks, 17935791 nodes)
  residual top-10 (subtree_mass × max(avg_loss − 1.652, 0)):
    rc   rootID   mass      avg_loss     score 
    59   3171267  406142    1.7949       58140.2
    44   1537378  328155    1.8177       54441.0
    1    63508    3642899   1.6635       42545.1
    6    625136   334107    1.7292       25857.9
    46   1649371  1027237   1.6729       21720.0
    5    605239   110066    1.8349       20153.9
    45   1594739  294738    1.6972       13387.9
    7    675918   44747     1.7990       6587.6
    2    601410   18001     1.9553       5463.7
    54   2569053  239521    1.6739       5301.8
    top-10: 32.1% of mass, 87.3% of excess-loss
Epoch 5: loss=1.624643  (10.91 sec, 65 subtrees, 401 chunks, 17935791 nodes)
  residual top-10 (subtree_mass × max(avg_loss − 1.625, 0)):
    rc   rootID   mass      avg_loss     score 
    59   3171267  406142    1.8165       77920.8
    1    63508    3642899   1.6320       26757.8
    58   2937824  1447059   1.6338       13207.0
    54   2569053  239521    1.6721       11361.5
    6    625136   334107    1.6581       11163.9
    5    605239   110066    1.7125       9666.3
    44   1537378  328155    1.6524       9107.9
    39   787198   1200272   1.6305       7047.6
    7    675918   44747     1.7425       5274.7
    40   996565   224940    1.6468       4983.1
    top-10: 39.8% of mass, 83.8% of excess-loss
Saved to /home/trans/Projects/agpt/rnd/streaming-agpt-v1/models/seed100_ms_n100_se5_stage47.model
Done.
  Appended optimizer state to /home/trans/Projects/agpt/rnd/streaming-agpt-v1/models/seed100_ms_n100_se5_stage47.model (adam_t=15075)
