AGPT CUDA Training Engine
  Model: d=64 heads=4 layers=2 ff=256 vocab=65 seq=32 head_dim=16
  Loaded 108481 weight floats (423.8 KB)
  Loaded optimizer state from checkpoint (adam_t=7275)
  LR schedule horizon: 500 total SE (override; this call runs 5 SE)
Loading radix trie from /tmp/shake_ms_n100_se5_24pct_d16_radix...
  Radix trie: 1731575 nodes, 9517392 total edge chars, 17 endpoint depths
  Radix loaded: 2898484 counts entries, 13889658 ancestor char entries
  d_split: 1127563/1731575 nodes have a mass=1 ancestor (mean depth 9.62)
  lr-schedule: warmup-cosine (peak=0.003, warmup_epochs=1)
  optimizer: rmsprop (lr=0.003)
  entropy lambda: 1.000 (branching-endpoint icing enabled)
  mass weighting: log (head-of-edge count restores corpus-frequency exposure)
  curriculum: flat (d=max each epoch)
  max edge_len: 16, max ancestor chars: 15, max KV per node: 31, max endpoint depth: 16
  mass=1 compaction: 8321314 / 9517392 chars are mass=1 (87.4%); cache holds 1196078 positions
  loop points: 27261 (mass>1 leaves; 4.5% of 604011 mass>1 nodes)
  KV cache: 612.4 MB unified memory (bf16 compact)
  GPU memory: 2855.5 MB used, 5331.4 MB free, 8186.8 MB total
  65 root-child subtrees: sizes min=1 max=277810 avg=26639.6 (total=1731574 radix nodes)
Epoch 1: loss=1.627403  (5.98 sec, 65 subtrees, 237 chunks, 9517392 nodes)
  residual top-10 (subtree_mass × max(avg_loss − 1.627, 0)):
    rc   rootID   mass      avg_loss     score 
    59   1618325  198163    2.1692       107359.4
    58   1500328  692059    1.7266       68662.6
    60   1656539  72802     1.9018       19978.8
    54   1312510  115081    1.7766       17172.9
    61   1670140  166842    1.7099       13770.9
    40   510659   108689    1.7214       10214.4
    44   787651   159218    1.6843       9051.5
    49   1019094  44654     1.7408       5062.3
    50   1028207  291231    1.6427       4453.9
    5    311261   49681     1.7004       3625.4
    top-10: 19.4% of mass, 95.7% of excess-loss
Epoch 2: loss=1.602031  (5.72 sec, 65 subtrees, 237 chunks, 9517392 nodes)
  residual top-10 (subtree_mass × max(avg_loss − 1.602, 0)):
    rc   rootID   mass      avg_loss     score 
    59   1618325  198163    1.8403       47220.8
    39   404641   581731    1.6389       21469.7
    54   1312510  115081    1.6981       11055.6
    40   510659   108689    1.7013       10789.7
    1    31969    1823178   1.6070       9076.4
    5    311261   49681     1.7523       7465.5
    6    320764   151490    1.6463       6700.8
    44   787651   159218    1.6264       3877.7
    60   1656539  72802     1.6483       3372.0
    7    345225   17577     1.7842       3202.0
    top-10: 33.5% of mass, 87.0% of excess-loss
Epoch 3: loss=1.596682  (5.72 sec, 65 subtrees, 237 chunks, 9517392 nodes)
  residual top-10 (subtree_mass × max(avg_loss − 1.597, 0)):
    rc   rootID   mass      avg_loss     score 
    59   1618325  198163    2.0477       89373.1
    39   404641   581731    1.6181       12485.9
    60   1656539  72802     1.7546       11498.0
    58   1500328  692059    1.6131       11346.8
    61   1670140  166842    1.6486       8657.2
    40   510659   108689    1.6759       8607.1
    54   1312510  115081    1.6663       8012.8
    44   787651   159218    1.6330       5777.4
    5    311261   49681     1.6945       4858.0
    49   1019094  44654     1.6631       2964.4
    top-10: 22.4% of mass, 91.6% of excess-loss
Epoch 4: loss=1.621725  (5.73 sec, 65 subtrees, 237 chunks, 9517392 nodes)
  residual top-10 (subtree_mass × max(avg_loss − 1.622, 0)):
    rc   rootID   mass      avg_loss     score 
    59   1618325  198163    2.0992       94611.0
    39   404641   581731    1.6567       20359.5
    40   510659   108689    1.8077       20218.1
    44   787651   159218    1.7406       18925.5
    54   1312510  115081    1.7452       14215.0
    60   1656539  72802     1.7975       12800.2
    61   1670140  166842    1.6738       8691.3
    58   1500328  692059    1.6340       8465.0
    5    311261   49681     1.7384       5795.4
    41   531390   170340    1.6457       4075.8
    top-10: 23.6% of mass, 92.6% of excess-loss
Epoch 5: loss=1.585288  (5.73 sec, 65 subtrees, 237 chunks, 9517392 nodes)
  residual top-10 (subtree_mass × max(avg_loss − 1.585, 0)):
    rc   rootID   mass      avg_loss     score 
    59   1618325  198163    1.7437       31397.2
    1    31969    1823178   1.5983       23759.9
    39   404641   581731    1.6227       21745.6
    40   510659   108689    1.6872       11078.9
    60   1656539  72802     1.6654       5835.9
    44   787651   159218    1.6200       5523.6
    5    311261   49681     1.6883       5117.2
    6    320764   151490    1.6152       4536.8
    54   1312510  115081    1.6160       3529.8
    7    345225   17577     1.7548       2979.2
    top-10: 33.5% of mass, 87.1% of excess-loss
Saved to /home/trans/Projects/agpt/rnd/streaming-agpt-v1/models/seed200_ms_n100_se5_stage24.model
Done.
  Appended optimizer state to /home/trans/Projects/agpt/rnd/streaming-agpt-v1/models/seed200_ms_n100_se5_stage24.model (adam_t=7600)
