[radix-corpus] corpus: /tmp/shake_ms_n100_se5_93pct.txt (4650000 tokens, vocab=65)
[radix-corpus] max_depth=16, output=/tmp/shake_ms_n100_se5_93pct_d16_radix
[radix-corpus] subtree char=0 (91962 positions): emitted 129345 radix nodes  (cum total 129346, max_ep_depth=16, 0.1s)
[radix-corpus] subtree char=1 (764976 positions): emitted 1043941 radix nodes  (cum total 1173287, max_ep_depth=16, 1.7s)
[radix-corpus] subtree char=2 (5637 positions): emitted 7912 radix nodes  (cum total 1181199, max_ep_depth=16, 1.7s)
[radix-corpus] subtree char=3 (2 positions): emitted 3 radix nodes  (cum total 1181202, max_ep_depth=16, 1.7s)
[radix-corpus] subtree char=4 (4 positions): emitted 5 radix nodes  (cum total 1181207, max_ep_depth=16, 1.7s)
[radix-corpus] subtree char=5 (37586 positions): emitted 50565 radix nodes  (cum total 1231772, max_ep_depth=16, 1.7s)
[radix-corpus] subtree char=6 (72059 positions): emitted 98422 radix nodes  (cum total 1330194, max_ep_depth=16, 1.8s)
[radix-corpus] subtree char=7 (11399 positions): emitted 16944 radix nodes  (cum total 1347138, max_ep_depth=16, 1.9s)
[radix-corpus] subtree char=8 (39609 positions): emitted 54443 radix nodes  (cum total 1401581, max_ep_depth=16, 1.9s)
[radix-corpus] subtree char=9 (121 positions): emitted 139 radix nodes  (cum total 1401720, max_ep_depth=16, 1.9s)
[radix-corpus] subtree char=10 (1155 positions): emitted 1676 radix nodes  (cum total 1403396, max_ep_depth=16, 1.9s)
[radix-corpus] subtree char=11 (8608 positions): emitted 12420 radix nodes  (cum total 1415816, max_ep_depth=16, 1.9s)
[radix-corpus] subtree char=12 (4726 positions): emitted 6580 radix nodes  (cum total 1422396, max_ep_depth=16, 1.9s)
[radix-corpus] subtree char=13 (7469 positions): emitted 9888 radix nodes  (cum total 1432284, max_ep_depth=16, 1.9s)
[radix-corpus] subtree char=14 (5160 positions): emitted 7340 radix nodes  (cum total 1439624, max_ep_depth=16, 1.9s)
[radix-corpus] subtree char=15 (4068 positions): emitted 4854 radix nodes  (cum total 1444478, max_ep_depth=16, 1.9s)
[radix-corpus] subtree char=16 (3200 positions): emitted 4489 radix nodes  (cum total 1448967, max_ep_depth=16, 1.9s)
[radix-corpus] subtree char=17 (3264 positions): emitted 3781 radix nodes  (cum total 1452748, max_ep_depth=16, 1.9s)
[radix-corpus] subtree char=18 (1921 positions): emitted 2722 radix nodes  (cum total 1455470, max_ep_depth=16, 1.9s)
[radix-corpus] subtree char=19 (1707 positions): emitted 2424 radix nodes  (cum total 1457894, max_ep_depth=16, 1.9s)
[radix-corpus] subtree char=20 (6264 positions): emitted 8220 radix nodes  (cum total 1466114, max_ep_depth=16, 1.9s)
[radix-corpus] subtree char=21 (19442 positions): emitted 25662 radix nodes  (cum total 1491776, max_ep_depth=16, 1.9s)
[radix-corpus] subtree char=22 (2109 positions): emitted 3024 radix nodes  (cum total 1494800, max_ep_depth=16, 1.9s)
[radix-corpus] subtree char=23 (648 positions): emitted 913 radix nodes  (cum total 1495713, max_ep_depth=16, 1.9s)
[radix-corpus] subtree char=24 (2847 positions): emitted 3991 radix nodes  (cum total 1499704, max_ep_depth=16, 1.9s)
[radix-corpus] subtree char=25 (6597 positions): emitted 7854 radix nodes  (cum total 1507558, max_ep_depth=16, 1.9s)
[radix-corpus] subtree char=26 (2708 positions): emitted 3844 radix nodes  (cum total 1511402, max_ep_depth=16, 1.9s)
[radix-corpus] subtree char=27 (1963 positions): emitted 2807 radix nodes  (cum total 1514209, max_ep_depth=16, 1.9s)
[radix-corpus] subtree char=28 (5138 positions): emitted 5825 radix nodes  (cum total 1520034, max_ep_depth=16, 1.9s)
[radix-corpus] subtree char=29 (376 positions): emitted 520 radix nodes  (cum total 1520554, max_ep_depth=16, 1.9s)
[radix-corpus] subtree char=30 (2377 positions): emitted 2849 radix nodes  (cum total 1523403, max_ep_depth=16, 1.9s)
[radix-corpus] subtree char=31 (4736 positions): emitted 6779 radix nodes  (cum total 1530182, max_ep_depth=16, 1.9s)
[radix-corpus] subtree char=32 (8560 positions): emitted 11437 radix nodes  (cum total 1541619, max_ep_depth=16, 1.9s)
[radix-corpus] subtree char=33 (298 positions): emitted 400 radix nodes  (cum total 1542019, max_ep_depth=16, 1.9s)
[radix-corpus] subtree char=34 (989 positions): emitted 1140 radix nodes  (cum total 1543159, max_ep_depth=16, 1.9s)
[radix-corpus] subtree char=35 (4928 positions): emitted 6865 radix nodes  (cum total 1550024, max_ep_depth=16, 1.9s)
[radix-corpus] subtree char=36 (738 positions): emitted 651 radix nodes  (cum total 1550675, max_ep_depth=16, 1.9s)
[radix-corpus] subtree char=37 (1914 positions): emitted 2715 radix nodes  (cum total 1553390, max_ep_depth=16, 1.9s)
[radix-corpus] subtree char=38 (86 positions): emitted 126 radix nodes  (cum total 1553516, max_ep_depth=16, 1.9s)
[radix-corpus] subtree char=39 (284819 positions): emitted 408398 radix nodes  (cum total 1961914, max_ep_depth=16, 2.4s)
[radix-corpus] subtree char=40 (51795 positions): emitted 74712 radix nodes  (cum total 2036626, max_ep_depth=16, 2.4s)
[radix-corpus] subtree char=41 (81051 positions): emitted 115821 radix nodes  (cum total 2152447, max_ep_depth=16, 2.5s)
[radix-corpus] subtree char=42 (157355 positions): emitted 225956 radix nodes  (cum total 2378403, max_ep_depth=16, 2.8s)
[radix-corpus] subtree char=43 (443344 positions): emitted 636101 radix nodes  (cum total 3014504, max_ep_depth=16, 3.6s)
[radix-corpus] subtree char=44 (76048 positions): emitted 109797 radix nodes  (cum total 3124301, max_ep_depth=16, 3.7s)
[radix-corpus] subtree char=45 (74183 positions): emitted 108144 radix nodes  (cum total 3232445, max_ep_depth=16, 3.7s)
[radix-corpus] subtree char=46 (228558 positions): emitted 323220 radix nodes  (cum total 3555665, max_ep_depth=16, 4.0s)
[radix-corpus] subtree char=47 (233008 positions): emitted 332999 radix nodes  (cum total 3888664, max_ep_depth=16, 4.3s)
[radix-corpus] subtree char=48 (2955 positions): emitted 4351 radix nodes  (cum total 3893015, max_ep_depth=16, 4.3s)
[radix-corpus] subtree char=49 (29775 positions): emitted 42969 radix nodes  (cum total 3935984, max_ep_depth=16, 4.3s)
[radix-corpus] subtree char=50 (141963 positions): emitted 206268 radix nodes  (cum total 4142252, max_ep_depth=16, 4.5s)
[radix-corpus] subtree char=51 (87792 positions): emitted 126885 radix nodes  (cum total 4269137, max_ep_depth=16, 4.5s)
[radix-corpus] subtree char=52 (251136 positions): emitted 362207 radix nodes  (cum total 4631344, max_ep_depth=16, 4.9s)
[radix-corpus] subtree char=53 (270285 positions): emitted 388479 radix nodes  (cum total 5019823, max_ep_depth=16, 5.3s)
[radix-corpus] subtree char=54 (56923 positions): emitted 82304 radix nodes  (cum total 5102127, max_ep_depth=16, 5.3s)
[radix-corpus] subtree char=55 (3867 positions): emitted 5439 radix nodes  (cum total 5107566, max_ep_depth=16, 5.3s)
[radix-corpus] subtree char=56 (205002 positions): emitted 296299 radix nodes  (cum total 5403865, max_ep_depth=16, 5.6s)
[radix-corpus] subtree char=57 (224184 positions): emitted 322763 radix nodes  (cum total 5726628, max_ep_depth=16, 5.8s)
[radix-corpus] subtree char=58 (315953 positions): emitted 447380 radix nodes  (cum total 6174008, max_ep_depth=16, 6.3s)
[radix-corpus] subtree char=59 (99656 positions): emitted 143623 radix nodes  (cum total 6317631, max_ep_depth=16, 6.4s)
[radix-corpus] subtree char=60 (34126 positions): emitted 49387 radix nodes  (cum total 6367018, max_ep_depth=16, 6.4s)
[radix-corpus] subtree char=61 (81662 positions): emitted 116312 radix nodes  (cum total 6483330, max_ep_depth=16, 6.5s)
[radix-corpus] subtree char=62 (4524 positions): emitted 6582 radix nodes  (cum total 6489912, max_ep_depth=16, 6.5s)
[radix-corpus] subtree char=63 (70049 positions): emitted 102246 radix nodes  (cum total 6592158, max_ep_depth=16, 6.6s)
[radix-corpus] subtree char=64 (2636 positions): emitted 3769 radix nodes  (cum total 6595927, max_ep_depth=16, 6.6s)
[radix-corpus] done: 6595927 radix nodes, 32531932 total edge chars, 17 endpoint depths, 6.57s
  radix_count:        6595927
  total_edge_chars:   32531932
  max_endpoint_depth: 16
