AGPT CUDA Training Engine
  Model: d=64 heads=4 layers=2 ff=256 vocab=65 seq=32 head_dim=16
  Loaded 108481 weight floats (423.8 KB)
  Loaded optimizer state from checkpoint (adam_t=1240)
  LR schedule horizon: 500 total SE (override; this call runs 5 SE)
Loading radix trie from /tmp/shake_ms_n100_se5_5pct_d16_radix...
  Radix trie: 361186 nodes, 2175766 total edge chars, 17 endpoint depths
  Radix loaded: 602243 counts entries, 2596759 ancestor char entries
  d_split: 234766/361186 nodes have a mass=1 ancestor (mean depth 8.85)
  lr-schedule: warmup-cosine (peak=0.003, warmup_epochs=1)
  optimizer: rmsprop (lr=0.003)
  entropy lambda: 1.000 (branching-endpoint icing enabled)
  mass weighting: log (head-of-edge count restores corpus-frequency exposure)
  curriculum: flat (d=max each epoch)
  max edge_len: 16, max ancestor chars: 15, max KV per node: 31, max endpoint depth: 16
  mass=1 compaction: 1913810 / 2175766 chars are mass=1 (88.0%); cache holds 261956 positions
  loop points: 4509 (mass>1 leaves; 3.6% of 126419 mass>1 nodes)
  KV cache: 134.1 MB unified memory (bf16 compact)
  GPU memory: 2771.6 MB used, 5415.2 MB free, 8186.8 MB total
  62 root-child subtrees: sizes min=1 max=59331 avg=5825.6 (total=361185 radix nodes)
Epoch 1: loss=1.814034  (1.34 sec, 62 subtrees, 90 chunks, 2175766 nodes)
  residual top-10 (subtree_mass × max(avg_loss − 1.814, 0)):
    rc   rootID   mass      avg_loss     score 
    56   337119   35429     2.4628       22986.0
    55   313097   122458    1.9406       15499.6
    41   165756   29132     2.1491       9759.7
    36   86600    103269    1.8672       5493.3
    57   345063   13768     2.0891       3787.5
    51   273979   19782     1.9924       3529.3
    37   108126   18878     1.9311       2210.7
    4    66482    11917     1.9373       1468.4
    58   348035   27223     1.8510       1007.2
    42   172015   23466     1.8284       337.5 
    top-10: 22.2% of mass, 99.5% of excess-loss
Epoch 2: loss=1.805749  (1.28 sec, 62 subtrees, 90 chunks, 2175766 nodes)
  residual top-10 (subtree_mass × max(avg_loss − 1.806, 0)):
    rc   rootID   mass      avg_loss     score 
    56   337119   35429     2.1393       11817.6
    36   86600    103269    1.9155       11330.2
    4    66482    11917     2.3446       6421.8
    5    69006    25905     2.0433       6154.1
    57   345063   13768     2.0441       3282.0
    41   165756   29132     1.9121       3097.1
    37   108126   18878     1.9599       2909.5
    51   273979   19782     1.9368       2593.3
    55   313097   122458    1.8254       2408.9
    38   112260   31944     1.8219       517.4 
    top-10: 22.6% of mass, 98.7% of excess-loss
Epoch 3: loss=1.768797  (1.27 sec, 62 subtrees, 90 chunks, 2175766 nodes)
  residual top-10 (subtree_mass × max(avg_loss − 1.769, 0)):
    rc   rootID   mass      avg_loss     score 
    56   337119   35429     2.0939       11516.8
    36   86600    103269    1.8518       8575.0
    41   165756   29132     1.9237       4514.0
    55   313097   122458    1.8039       4298.2
    51   273979   19782     1.9657       3895.4
    57   345063   13768     2.0316       3618.7
    37   108126   18878     1.8739       1985.0
    4    66482    11917     1.9303       1924.6
    5    69006    25905     1.8288       1554.9
    58   348035   27223     1.8210       1420.8
    top-10: 22.3% of mass, 99.3% of excess-loss
Epoch 4: loss=1.753932  (1.27 sec, 62 subtrees, 90 chunks, 2175766 nodes)
  residual top-10 (subtree_mass × max(avg_loss − 1.754, 0)):
    rc   rootID   mass      avg_loss     score 
    56   337119   35429     2.3505       21134.7
    55   313097   122458    1.8617       13194.5
    36   86600    103269    1.8124       6035.4
    57   345063   13768     2.1833       5911.0
    51   273979   19782     2.0526       5907.9
    41   165756   29132     1.8776       3603.7
    58   348035   27223     1.8435       2439.4
    37   108126   18878     1.8329       1490.0
    4    66482    11917     1.8160       739.4 
    59   353574   1782      1.7865       58.1  
    top-10: 21.0% of mass, 99.8% of excess-loss
Epoch 5: loss=1.740745  (1.27 sec, 62 subtrees, 90 chunks, 2175765 nodes)
  residual top-10 (subtree_mass × max(avg_loss − 1.741, 0)):
    rc   rootID   mass      avg_loss     score 
    56   337119   35429     2.2106       16647.7
    55   313097   122458    1.8238       10166.2
    36   86600    103269    1.8228       8472.5
    57   345063   13768     2.0259       3925.9
    41   165756   29132     1.8494       3166.1
    58   348035   27223     1.8377       2639.3
    37   108126   18878     1.8567       2188.5
    4    66482    11917     1.8291       1053.1
    60   354058   30933     1.7520       347.0 
    5    69006    25905     1.7519       288.4 
    top-10: 22.9% of mass, 98.4% of excess-loss
Saved to /home/trans/Projects/agpt/rnd/streaming-agpt-v1/models/seed300_ms_n100_se5_stage5.model
Done.
  Appended optimizer state to /home/trans/Projects/agpt/rnd/streaming-agpt-v1/models/seed300_ms_n100_se5_stage5.model (adam_t=1550)
