[radix-corpus] corpus: /tmp/shake_ms_n100_se5_97pct.txt (4850000 tokens, vocab=65)
[radix-corpus] max_depth=16, output=/tmp/shake_ms_n100_se5_97pct_d16_radix
[radix-corpus] subtree char=0 (95856 positions): emitted 134672 radix nodes  (cum total 134673, max_ep_depth=16, 0.1s)
[radix-corpus] subtree char=1 (797374 positions): emitted 1085501 radix nodes  (cum total 1220174, max_ep_depth=16, 1.8s)
[radix-corpus] subtree char=2 (5794 positions): emitted 8115 radix nodes  (cum total 1228289, max_ep_depth=16, 1.8s)
[radix-corpus] subtree char=3 (2 positions): emitted 3 radix nodes  (cum total 1228292, max_ep_depth=16, 1.8s)
[radix-corpus] subtree char=4 (4 positions): emitted 5 radix nodes  (cum total 1228297, max_ep_depth=16, 1.8s)
[radix-corpus] subtree char=5 (39111 positions): emitted 52577 radix nodes  (cum total 1280874, max_ep_depth=16, 1.8s)
[radix-corpus] subtree char=6 (74660 positions): emitted 101853 radix nodes  (cum total 1382727, max_ep_depth=16, 1.9s)
[radix-corpus] subtree char=7 (11622 positions): emitted 17286 radix nodes  (cum total 1400013, max_ep_depth=16, 1.9s)
[radix-corpus] subtree char=8 (41461 positions): emitted 56902 radix nodes  (cum total 1456915, max_ep_depth=16, 1.9s)
[radix-corpus] subtree char=9 (127 positions): emitted 148 radix nodes  (cum total 1457063, max_ep_depth=16, 1.9s)
[radix-corpus] subtree char=10 (1213 positions): emitted 1763 radix nodes  (cum total 1458826, max_ep_depth=16, 1.9s)
[radix-corpus] subtree char=11 (8671 positions): emitted 12509 radix nodes  (cum total 1471335, max_ep_depth=16, 1.9s)
[radix-corpus] subtree char=12 (4895 positions): emitted 6789 radix nodes  (cum total 1478124, max_ep_depth=16, 1.9s)
[radix-corpus] subtree char=13 (7970 positions): emitted 10567 radix nodes  (cum total 1488691, max_ep_depth=16, 1.9s)
[radix-corpus] subtree char=14 (5384 positions): emitted 7664 radix nodes  (cum total 1496355, max_ep_depth=16, 1.9s)
[radix-corpus] subtree char=15 (4176 positions): emitted 4999 radix nodes  (cum total 1501354, max_ep_depth=16, 1.9s)
[radix-corpus] subtree char=16 (3328 positions): emitted 4668 radix nodes  (cum total 1506022, max_ep_depth=16, 1.9s)
[radix-corpus] subtree char=17 (3397 positions): emitted 3954 radix nodes  (cum total 1509976, max_ep_depth=16, 1.9s)
[radix-corpus] subtree char=18 (2007 positions): emitted 2839 radix nodes  (cum total 1512815, max_ep_depth=16, 1.9s)
[radix-corpus] subtree char=19 (1784 positions): emitted 2527 radix nodes  (cum total 1515342, max_ep_depth=16, 1.9s)
[radix-corpus] subtree char=20 (6515 positions): emitted 8569 radix nodes  (cum total 1523911, max_ep_depth=16, 1.9s)
[radix-corpus] subtree char=21 (20071 positions): emitted 26508 radix nodes  (cum total 1550419, max_ep_depth=16, 1.9s)
[radix-corpus] subtree char=22 (2140 positions): emitted 3053 radix nodes  (cum total 1553472, max_ep_depth=16, 1.9s)
[radix-corpus] subtree char=23 (685 positions): emitted 962 radix nodes  (cum total 1554434, max_ep_depth=16, 1.9s)
[radix-corpus] subtree char=24 (2901 positions): emitted 4068 radix nodes  (cum total 1558502, max_ep_depth=16, 1.9s)
[radix-corpus] subtree char=25 (6723 positions): emitted 8029 radix nodes  (cum total 1566531, max_ep_depth=16, 1.9s)
[radix-corpus] subtree char=26 (2819 positions): emitted 4002 radix nodes  (cum total 1570533, max_ep_depth=16, 1.9s)
[radix-corpus] subtree char=27 (2064 positions): emitted 2943 radix nodes  (cum total 1573476, max_ep_depth=16, 1.9s)
[radix-corpus] subtree char=28 (5650 positions): emitted 6285 radix nodes  (cum total 1579761, max_ep_depth=16, 1.9s)
[radix-corpus] subtree char=29 (377 positions): emitted 521 radix nodes  (cum total 1580282, max_ep_depth=16, 1.9s)
[radix-corpus] subtree char=30 (2616 positions): emitted 3161 radix nodes  (cum total 1583443, max_ep_depth=16, 1.9s)
[radix-corpus] subtree char=31 (4897 positions): emitted 7010 radix nodes  (cum total 1590453, max_ep_depth=16, 1.9s)
[radix-corpus] subtree char=32 (8928 positions): emitted 11951 radix nodes  (cum total 1602404, max_ep_depth=16, 2.0s)
[radix-corpus] subtree char=33 (307 positions): emitted 414 radix nodes  (cum total 1602818, max_ep_depth=16, 2.0s)
[radix-corpus] subtree char=34 (1024 positions): emitted 1184 radix nodes  (cum total 1604002, max_ep_depth=16, 2.0s)
[radix-corpus] subtree char=35 (5071 positions): emitted 7054 radix nodes  (cum total 1611056, max_ep_depth=16, 2.0s)
[radix-corpus] subtree char=36 (760 positions): emitted 682 radix nodes  (cum total 1611738, max_ep_depth=16, 2.0s)
[radix-corpus] subtree char=37 (1972 positions): emitted 2791 radix nodes  (cum total 1614529, max_ep_depth=16, 2.0s)
[radix-corpus] subtree char=38 (94 positions): emitted 139 radix nodes  (cum total 1614668, max_ep_depth=16, 2.0s)
[radix-corpus] subtree char=39 (296581 positions): emitted 424731 radix nodes  (cum total 2039399, max_ep_depth=16, 2.4s)
[radix-corpus] subtree char=40 (53754 positions): emitted 77472 radix nodes  (cum total 2116871, max_ep_depth=16, 2.5s)
[radix-corpus] subtree char=41 (84679 positions): emitted 120876 radix nodes  (cum total 2237747, max_ep_depth=16, 2.5s)
[radix-corpus] subtree char=42 (164608 positions): emitted 235886 radix nodes  (cum total 2473633, max_ep_depth=16, 2.7s)
[radix-corpus] subtree char=43 (462934 positions): emitted 663131 radix nodes  (cum total 3136764, max_ep_depth=16, 3.6s)
[radix-corpus] subtree char=44 (79475 positions): emitted 114576 radix nodes  (cum total 3251340, max_ep_depth=16, 3.6s)
[radix-corpus] subtree char=45 (77224 positions): emitted 112510 radix nodes  (cum total 3363850, max_ep_depth=16, 3.7s)
[radix-corpus] subtree char=46 (238121 positions): emitted 336025 radix nodes  (cum total 3699875, max_ep_depth=16, 4.0s)
[radix-corpus] subtree char=47 (243681 positions): emitted 347726 radix nodes  (cum total 4047601, max_ep_depth=16, 4.3s)
[radix-corpus] subtree char=48 (3100 positions): emitted 4553 radix nodes  (cum total 4052154, max_ep_depth=16, 4.3s)
[radix-corpus] subtree char=49 (30947 positions): emitted 44651 radix nodes  (cum total 4096805, max_ep_depth=16, 4.3s)
[radix-corpus] subtree char=50 (147702 positions): emitted 214521 radix nodes  (cum total 4311326, max_ep_depth=16, 4.5s)
[radix-corpus] subtree char=51 (91551 positions): emitted 132198 radix nodes  (cum total 4443524, max_ep_depth=16, 4.6s)
[radix-corpus] subtree char=52 (262494 positions): emitted 378111 radix nodes  (cum total 4821635, max_ep_depth=16, 5.0s)
[radix-corpus] subtree char=53 (282005 positions): emitted 404836 radix nodes  (cum total 5226471, max_ep_depth=16, 5.4s)
[radix-corpus] subtree char=54 (59372 positions): emitted 85751 radix nodes  (cum total 5312222, max_ep_depth=16, 5.4s)
[radix-corpus] subtree char=55 (4016 positions): emitted 5647 radix nodes  (cum total 5317869, max_ep_depth=16, 5.4s)
[radix-corpus] subtree char=56 (214333 positions): emitted 309367 radix nodes  (cum total 5627236, max_ep_depth=16, 5.7s)
[radix-corpus] subtree char=57 (234231 positions): emitted 336743 radix nodes  (cum total 5963979, max_ep_depth=16, 6.0s)
[radix-corpus] subtree char=58 (329632 positions): emitted 465947 radix nodes  (cum total 6429926, max_ep_depth=16, 6.5s)
[radix-corpus] subtree char=59 (103601 positions): emitted 149187 radix nodes  (cum total 6579113, max_ep_depth=16, 6.5s)
[radix-corpus] subtree char=60 (35931 positions): emitted 51931 radix nodes  (cum total 6631044, max_ep_depth=16, 6.6s)
[radix-corpus] subtree char=61 (85308 positions): emitted 121324 radix nodes  (cum total 6752368, max_ep_depth=16, 6.6s)
[radix-corpus] subtree char=62 (4765 positions): emitted 6928 radix nodes  (cum total 6759296, max_ep_depth=16, 6.6s)
[radix-corpus] subtree char=63 (72751 positions): emitted 106117 radix nodes  (cum total 6865413, max_ep_depth=16, 6.7s)
[radix-corpus] subtree char=64 (2754 positions): emitted 3945 radix nodes  (cum total 6869358, max_ep_depth=16, 6.7s)
[radix-corpus] done: 6869358 radix nodes, 33736293 total edge chars, 17 endpoint depths, 6.71s
  radix_count:        6869358
  total_edge_chars:   33736293
  max_endpoint_depth: 16
