AGPT CUDA Training Engine
  Model: d=64 heads=4 layers=2 ff=256 vocab=65 seq=32 head_dim=16
  Loaded 108481 weight floats (423.8 KB)
  Loaded optimizer state from checkpoint (adam_t=4375)
  LR schedule horizon: 500 total SE (override; this call runs 5 SE)
Loading radix trie from /tmp/shake_ms_n100_se5_15pct_d16_radix...
  Radix trie: 1075392 nodes, 5815053 total edge chars, 17 endpoint depths
  Radix loaded: 1798230 counts entries, 8728927 ancestor char entries
  d_split: 692897/1075392 nodes have a mass=1 ancestor (mean depth 9.76)
  lr-schedule: warmup-cosine (peak=0.003, warmup_epochs=1)
  optimizer: rmsprop (lr=0.003)
  entropy lambda: 1.000 (branching-endpoint icing enabled)
  mass weighting: log (head-of-edge count restores corpus-frequency exposure)
  curriculum: flat (d=max each epoch)
  max edge_len: 16, max ancestor chars: 15, max KV per node: 31, max endpoint depth: 16
  mass=1 compaction: 5016190 / 5815053 chars are mass=1 (86.3%); cache holds 798863 positions
  loop points: 20759 (mass>1 leaves; 5.4% of 382494 mass>1 nodes)
  KV cache: 409.0 MB unified memory (bf16 compact)
  GPU memory: 2815.6 MB used, 5371.2 MB free, 8186.8 MB total
  64 root-child subtrees: sizes min=1 max=173636 avg=16803.0 (total=1075391 radix nodes)
Epoch 1: loss=1.628300  (3.72 sec, 64 subtrees, 163 chunks, 5815053 nodes)
  residual top-10 (subtree_mass × max(avg_loss − 1.628, 0)):
    rc   rootID   mass      avg_loss     score 
    58   1002683  120174    2.1739       65563.1
    38   253225   352742    1.7427       40367.2
    53   814694   66466     1.9719       22835.8
    39   317944   66356     1.8298       13367.9
    43   492136   98904     1.7555       12575.7
    57   930905   412839    1.6557       11309.1
    59   1026304  47550     1.7666       6578.3
    60   1035301  101686    1.6549       2706.8
    16   235722   7657      1.8829       1949.6
    31   249601   8826      1.8183       1677.1
    top-10: 21.3% of mass, 94.7% of excess-loss
Epoch 2: loss=1.628502  (3.63 sec, 64 subtrees, 163 chunks, 5815053 nodes)
  residual top-10 (subtree_mass × max(avg_loss − 1.629, 0)):
    rc   rootID   mass      avg_loss     score 
    58   1002683  120174    2.1735       65495.1
    53   814694   66466     1.9699       22689.6
    57   930905   412839    1.6810       21681.2
    38   253225   352742    1.6714       15145.6
    39   317944   66356     1.7472       7877.7
    59   1026304  47550     1.7668       6574.9
    43   492136   98904     1.6764       4741.1
    60   1035301  101686    1.6595       3151.4
    31   249601   8826      1.8024       1535.1
    16   235722   7657      1.7980       1297.7
    top-10: 21.3% of mass, 95.2% of excess-loss
Epoch 3: loss=1.625543  (3.61 sec, 64 subtrees, 163 chunks, 5815053 nodes)
  residual top-10 (subtree_mass × max(avg_loss − 1.626, 0)):
    rc   rootID   mass      avg_loss     score 
    58   1002683  120174    2.2050       69633.2
    53   814694   66466     2.2681       42705.1
    57   930905   412839    1.6874       25552.3
    55   828435   264151    1.6746       12947.0
    59   1026304  47550     1.7892       7780.7
    39   317944   66356     1.6771       3419.4
    60   1035301  101686    1.6525       2739.8
    43   492136   98904     1.6443       1856.6
    31   249601   8826      1.7600       1186.8
    4    194850   34383     1.6561       1049.2
    top-10: 20.3% of mass, 95.8% of excess-loss
Epoch 4: loss=1.610473  (3.59 sec, 64 subtrees, 163 chunks, 5815053 nodes)
  residual top-10 (subtree_mass × max(avg_loss − 1.610, 0)):
    rc   rootID   mass      avg_loss     score 
    58   1002683  120174    2.1167       60832.8
    38   253225   352742    1.6586       16965.8
    53   814694   66466     1.8398       15240.6
    57   930905   412839    1.6420       13005.1
    59   1026304  47550     1.7582       7022.6
    39   317944   66356     1.7145       6902.9
    4    194850   34383     1.7310       4144.5
    43   492136   98904     1.6417       3086.3
    60   1035301  101686    1.6392       2924.0
    31   249601   8826      1.7793       1490.5
    top-10: 21.7% of mass, 93.3% of excess-loss
Epoch 5: loss=1.596869  (3.59 sec, 64 subtrees, 163 chunks, 5815053 nodes)
  residual top-10 (subtree_mass × max(avg_loss − 1.597, 0)):
    rc   rootID   mass      avg_loss     score 
    58   1002683  120174    1.9076       37341.4
    53   814694   66466     1.8728       18341.6
    38   253225   352742    1.6433       16393.5
    39   317944   66356     1.7639       11082.4
    43   492136   98904     1.6850       8714.3
    4    194850   34383     1.7389       4882.7
    59   1026304  47550     1.6589       2951.9
    57   930905   412839    1.6030       2537.7
    31   249601   8826      1.7475       1329.3
    6    215499   8948      1.7374       1257.8
    top-10: 20.2% of mass, 92.6% of excess-loss
Saved to /home/trans/Projects/agpt/rnd/streaming-agpt-v1/models/seed100_ms_n100_se5_stage15.model
Done.
  Appended optimizer state to /home/trans/Projects/agpt/rnd/streaming-agpt-v1/models/seed100_ms_n100_se5_stage15.model (adam_t=4695)
