[radix-corpus] corpus: /tmp/shake_ms_n100_se5_87pct.txt (4350000 tokens, vocab=65)
[radix-corpus] max_depth=16, output=/tmp/shake_ms_n100_se5_87pct_d16_radix
[radix-corpus] subtree char=0 (85869 positions): emitted 120942 radix nodes  (cum total 120943, max_ep_depth=16, 0.1s)
[radix-corpus] subtree char=1 (716480 positions): emitted 980908 radix nodes  (cum total 1101851, max_ep_depth=16, 1.6s)
[radix-corpus] subtree char=2 (5171 positions): emitted 7315 radix nodes  (cum total 1109166, max_ep_depth=16, 1.6s)
[radix-corpus] subtree char=3 (2 positions): emitted 3 radix nodes  (cum total 1109169, max_ep_depth=16, 1.6s)
[radix-corpus] subtree char=4 (4 positions): emitted 5 radix nodes  (cum total 1109174, max_ep_depth=16, 1.6s)
[radix-corpus] subtree char=5 (34811 positions): emitted 46895 radix nodes  (cum total 1156069, max_ep_depth=16, 1.7s)
[radix-corpus] subtree char=6 (67953 positions): emitted 93032 radix nodes  (cum total 1249101, max_ep_depth=16, 1.7s)
[radix-corpus] subtree char=7 (11081 positions): emitted 16493 radix nodes  (cum total 1265594, max_ep_depth=16, 1.7s)
[radix-corpus] subtree char=8 (36557 positions): emitted 50342 radix nodes  (cum total 1315936, max_ep_depth=16, 1.7s)
[radix-corpus] subtree char=9 (119 positions): emitted 136 radix nodes  (cum total 1316072, max_ep_depth=16, 1.7s)
[radix-corpus] subtree char=10 (1060 positions): emitted 1536 radix nodes  (cum total 1317608, max_ep_depth=16, 1.7s)
[radix-corpus] subtree char=11 (8523 positions): emitted 12302 radix nodes  (cum total 1329910, max_ep_depth=16, 1.8s)
[radix-corpus] subtree char=12 (4357 positions): emitted 6088 radix nodes  (cum total 1335998, max_ep_depth=16, 1.8s)
[radix-corpus] subtree char=13 (6921 positions): emitted 9159 radix nodes  (cum total 1345157, max_ep_depth=16, 1.8s)
[radix-corpus] subtree char=14 (4859 positions): emitted 6934 radix nodes  (cum total 1352091, max_ep_depth=16, 1.8s)
[radix-corpus] subtree char=15 (3941 positions): emitted 4698 radix nodes  (cum total 1356789, max_ep_depth=16, 1.8s)
[radix-corpus] subtree char=16 (2882 positions): emitted 4034 radix nodes  (cum total 1360823, max_ep_depth=16, 1.8s)
[radix-corpus] subtree char=17 (3076 positions): emitted 3527 radix nodes  (cum total 1364350, max_ep_depth=16, 1.8s)
[radix-corpus] subtree char=18 (1797 positions): emitted 2544 radix nodes  (cum total 1366894, max_ep_depth=16, 1.8s)
[radix-corpus] subtree char=19 (1561 positions): emitted 2210 radix nodes  (cum total 1369104, max_ep_depth=16, 1.8s)
[radix-corpus] subtree char=20 (5773 positions): emitted 7542 radix nodes  (cum total 1376646, max_ep_depth=16, 1.8s)
[radix-corpus] subtree char=21 (18681 positions): emitted 24654 radix nodes  (cum total 1401300, max_ep_depth=16, 1.8s)
[radix-corpus] subtree char=22 (2095 positions): emitted 3006 radix nodes  (cum total 1404306, max_ep_depth=16, 1.8s)
[radix-corpus] subtree char=23 (532 positions): emitted 750 radix nodes  (cum total 1405056, max_ep_depth=16, 1.8s)
[radix-corpus] subtree char=24 (2778 positions): emitted 3891 radix nodes  (cum total 1408947, max_ep_depth=16, 1.8s)
[radix-corpus] subtree char=25 (6330 positions): emitted 7467 radix nodes  (cum total 1416414, max_ep_depth=16, 1.8s)
[radix-corpus] subtree char=26 (2376 positions): emitted 3382 radix nodes  (cum total 1419796, max_ep_depth=16, 1.8s)
[radix-corpus] subtree char=27 (1795 positions): emitted 2571 radix nodes  (cum total 1422367, max_ep_depth=16, 1.8s)
[radix-corpus] subtree char=28 (4577 positions): emitted 5266 radix nodes  (cum total 1427633, max_ep_depth=16, 1.8s)
[radix-corpus] subtree char=29 (376 positions): emitted 520 radix nodes  (cum total 1428153, max_ep_depth=16, 1.8s)
[radix-corpus] subtree char=30 (2013 positions): emitted 2336 radix nodes  (cum total 1430489, max_ep_depth=16, 1.8s)
[radix-corpus] subtree char=31 (4496 positions): emitted 6422 radix nodes  (cum total 1436911, max_ep_depth=16, 1.8s)
[radix-corpus] subtree char=32 (7992 positions): emitted 10656 radix nodes  (cum total 1447567, max_ep_depth=16, 1.8s)
[radix-corpus] subtree char=33 (285 positions): emitted 379 radix nodes  (cum total 1447946, max_ep_depth=16, 1.8s)
[radix-corpus] subtree char=34 (912 positions): emitted 1036 radix nodes  (cum total 1448982, max_ep_depth=16, 1.8s)
[radix-corpus] subtree char=35 (4589 positions): emitted 6408 radix nodes  (cum total 1455390, max_ep_depth=16, 1.8s)
[radix-corpus] subtree char=36 (718 positions): emitted 629 radix nodes  (cum total 1456019, max_ep_depth=16, 1.8s)
[radix-corpus] subtree char=37 (1782 positions): emitted 2534 radix nodes  (cum total 1458553, max_ep_depth=16, 1.8s)
[radix-corpus] subtree char=38 (83 positions): emitted 121 radix nodes  (cum total 1458674, max_ep_depth=16, 1.8s)
[radix-corpus] subtree char=39 (266763 positions): emitted 383341 radix nodes  (cum total 1842015, max_ep_depth=16, 2.2s)
[radix-corpus] subtree char=40 (48886 positions): emitted 70625 radix nodes  (cum total 1912640, max_ep_depth=16, 2.2s)
[radix-corpus] subtree char=41 (75989 positions): emitted 108881 radix nodes  (cum total 2021521, max_ep_depth=16, 2.3s)
[radix-corpus] subtree char=42 (146434 positions): emitted 210796 radix nodes  (cum total 2232317, max_ep_depth=16, 2.5s)
[radix-corpus] subtree char=43 (414754 positions): emitted 596408 radix nodes  (cum total 2828725, max_ep_depth=16, 3.2s)
[radix-corpus] subtree char=44 (71223 positions): emitted 102918 radix nodes  (cum total 2931643, max_ep_depth=16, 3.3s)
[radix-corpus] subtree char=45 (69347 positions): emitted 101194 radix nodes  (cum total 3032837, max_ep_depth=16, 3.3s)
[radix-corpus] subtree char=46 (213315 positions): emitted 302595 radix nodes  (cum total 3335432, max_ep_depth=16, 3.6s)
[radix-corpus] subtree char=47 (217866 positions): emitted 311974 radix nodes  (cum total 3647406, max_ep_depth=16, 3.9s)
[radix-corpus] subtree char=48 (2744 positions): emitted 4040 radix nodes  (cum total 3651446, max_ep_depth=16, 3.9s)
[radix-corpus] subtree char=49 (27816 positions): emitted 40188 radix nodes  (cum total 3691634, max_ep_depth=16, 3.9s)
[radix-corpus] subtree char=50 (132816 positions): emitted 193211 radix nodes  (cum total 3884845, max_ep_depth=16, 4.1s)
[radix-corpus] subtree char=51 (82256 positions): emitted 119051 radix nodes  (cum total 4003896, max_ep_depth=16, 4.1s)
[radix-corpus] subtree char=52 (234492 positions): emitted 338933 radix nodes  (cum total 4342829, max_ep_depth=16, 4.5s)
[radix-corpus] subtree char=53 (252247 positions): emitted 363103 radix nodes  (cum total 4705932, max_ep_depth=16, 4.9s)
[radix-corpus] subtree char=54 (53508 positions): emitted 77500 radix nodes  (cum total 4783432, max_ep_depth=16, 4.9s)
[radix-corpus] subtree char=55 (3696 positions): emitted 5210 radix nodes  (cum total 4788642, max_ep_depth=16, 4.9s)
[radix-corpus] subtree char=56 (191692 positions): emitted 277444 radix nodes  (cum total 5066086, max_ep_depth=16, 5.2s)
[radix-corpus] subtree char=57 (209136 positions): emitted 301528 radix nodes  (cum total 5367614, max_ep_depth=16, 5.4s)
[radix-corpus] subtree char=58 (295912 positions): emitted 420276 radix nodes  (cum total 5787890, max_ep_depth=16, 5.9s)
[radix-corpus] subtree char=59 (93658 positions): emitted 135181 radix nodes  (cum total 5923071, max_ep_depth=16, 6.0s)
[radix-corpus] subtree char=60 (31412 positions): emitted 45496 radix nodes  (cum total 5968567, max_ep_depth=16, 6.0s)
[radix-corpus] subtree char=61 (76345 positions): emitted 108905 radix nodes  (cum total 6077472, max_ep_depth=16, 6.0s)
[radix-corpus] subtree char=62 (4212 positions): emitted 6164 radix nodes  (cum total 6083636, max_ep_depth=16, 6.0s)
[radix-corpus] subtree char=63 (65900 positions): emitted 96316 radix nodes  (cum total 6179952, max_ep_depth=16, 6.1s)
[radix-corpus] subtree char=64 (2374 positions): emitted 3380 radix nodes  (cum total 6183332, max_ep_depth=16, 6.1s)
[radix-corpus] done: 6183332 radix nodes, 30710564 total edge chars, 17 endpoint depths, 6.09s
  radix_count:        6183332
  total_edge_chars:   30710564
  max_endpoint_depth: 16
