AGPT CUDA Training Engine
  Model: d=64 heads=4 layers=2 ff=256 vocab=65 seq=32 head_dim=16
  Loaded 108481 weight floats (423.8 KB)
  Loaded optimizer state from checkpoint (adam_t=13450)
  LR schedule horizon: 500 total SE (override; this call runs 5 SE)
Loading radix trie from /tmp/shake_ms_n100_se5_43pct_d16_radix...
  Radix trie: 3103182 nodes, 16584699 total edge chars, 17 endpoint depths
  Radix loaded: 5198542 counts entries, 25623483 ancestor char entries
  d_split: 2024608/3103182 nodes have a mass=1 ancestor (mean depth 9.84)
  lr-schedule: warmup-cosine (peak=0.003, warmup_epochs=1)
  optimizer: rmsprop (lr=0.003)
  entropy lambda: 1.000 (branching-endpoint icing enabled)
  mass weighting: log (head-of-edge count restores corpus-frequency exposure)
  curriculum: flat (d=max each epoch)
  max edge_len: 15, max ancestor chars: 15, max KV per node: 30, max endpoint depth: 16
  mass=1 compaction: 14499246 / 16584699 chars are mass=1 (87.4%); cache holds 2085453 positions
  loop points: 48925 (mass>1 leaves; 4.5% of 1078573 mass>1 nodes)
  KV cache: 1067.8 MB unified memory (bf16 compact)
  GPU memory: 2882.7 MB used, 5304.1 MB free, 8186.8 MB total
  65 root-child subtrees: sizes min=3 max=492982 avg=47741.2 (total=3103181 radix nodes)
Epoch 1: loss=1.570210  (10.31 sec, 65 subtrees, 371 chunks, 16584699 nodes)
  residual top-10 (subtree_mass × max(avg_loss − 1.570, 0)):
    rc   rootID   mass      avg_loss     score 
    59   2904953  367158    1.6816       40892.4
    1    57387    3310780   1.5796       31109.7
    39   718534   1089206   1.5843       15398.4
    40   910423   206523    1.6250       11305.6
    5    553844   93181     1.6730       9576.6
    44   1406521  297208    1.6004       8977.5
    6    571115   298840    1.5972       8064.8
    54   2352175  218828    1.6049       7597.0
    7    617228   39967     1.7096       5571.8
    60   2972908  127928    1.6002       3837.4
    top-10: 33.2% of mass, 80.9% of excess-loss
Epoch 2: loss=1.584188  (10.06 sec, 65 subtrees, 371 chunks, 16584699 nodes)
  residual top-10 (subtree_mass × max(avg_loss − 1.584, 0)):
    rc   rootID   mass      avg_loss     score 
    59   2904953  367158    2.0139       157774.9
    58   2690659  1316755   1.6123       36951.4
    54   2352175  218828    1.6892       22972.6
    60   2972908  127928    1.7302       18676.2
    61   2995992  313860    1.6349       15906.5
    44   1406521  297208    1.6234       11662.7
    40   910423   206523    1.6303       9513.8
    5    553844   93181     1.6675       7763.8
    7    617228   39967     1.7020       4709.8
    49   1824914  94208     1.6207       3441.6
    top-10: 16.9% of mass, 91.7% of excess-loss
Epoch 3: loss=1.572738  (10.07 sec, 65 subtrees, 371 chunks, 16584699 nodes)
  residual top-10 (subtree_mass × max(avg_loss − 1.573, 0)):
    rc   rootID   mass      avg_loss     score 
    59   2904953  367158    1.7870       78685.6
    1    57387    3310780   1.5797       23181.1
    44   1406521  297208    1.6089       10750.2
    54   2352175  218828    1.6211       10590.3
    60   2972908  127928    1.6548       10494.4
    40   910423   206523    1.6232       10420.0
    5    553844   93181     1.6814       10128.0
    39   718534   1089206   1.5811       9075.6
    6    571115   298840    1.6015       8596.6
    7    617228   39967     1.7073       5379.9
    top-10: 33.2% of mass, 83.0% of excess-loss
Epoch 4: loss=1.592422  (10.07 sec, 65 subtrees, 371 chunks, 16584699 nodes)
  residual top-10 (subtree_mass × max(avg_loss − 1.592, 0)):
    rc   rootID   mass      avg_loss     score 
    59   2904953  367158    2.1640       209870.6
    58   2690659  1316755   1.6688       100620.5
    54   2352175  218828    1.7785       40710.3
    60   2972908  127928    1.7951       25929.8
    61   2995992  313860    1.6515       18552.8
    5    553844   93181     1.6703       7255.1
    40   910423   206523    1.6252       6765.1
    7    617228   39967     1.7009       4336.0
    44   1406521  297208    1.6038       3382.2
    49   1824914  94208     1.6216       2745.7
    top-10: 16.9% of mass, 95.2% of excess-loss
Epoch 5: loss=1.578965  (10.07 sec, 65 subtrees, 371 chunks, 16584698 nodes)
  residual top-10 (subtree_mass × max(avg_loss − 1.579, 0)):
    rc   rootID   mass      avg_loss     score 
    59   2904953  367158    1.8798       110448.5
    1    57387    3310780   1.5852       20599.9
    58   2690659  1316755   1.5940       19759.8
    54   2352175  218828    1.6624       18261.2
    60   2972908  127928    1.6788       12766.2
    61   2995992  313860    1.6136       10884.4
    5    553844   93181     1.6879       10154.3
    40   910423   206523    1.6243       9368.1
    44   1406521  297208    1.6059       8012.7
    6    571115   298840    1.6049       7753.6
    top-10: 36.0% of mass, 85.1% of excess-loss
Saved to /home/trans/Projects/agpt/rnd/streaming-agpt-v1/models/seed300_ms_n100_se5_stage43.model
Done.
  Appended optimizer state to /home/trans/Projects/agpt/rnd/streaming-agpt-v1/models/seed300_ms_n100_se5_stage43.model (adam_t=13775)
