AGPT CUDA Training Engine
  Model: d=64 heads=4 layers=2 ff=256 vocab=65 seq=32 head_dim=16
  Loaded 108481 weight floats (423.8 KB)
  Loaded optimizer state from checkpoint (adam_t=19950)
  LR schedule horizon: 500 total SE (override; this call runs 5 SE)
Loading radix trie from /tmp/shake_ms_n100_se5_63pct_d16_radix...
  Radix trie: 4520749 nodes, 23214340 total edge chars, 17 endpoint depths
  Radix loaded: 7578962 counts entries, 38707480 ancestor char entries
  d_split: 2936662/4520749 nodes have a mass=1 ancestor (mean depth 10.14)
  lr-schedule: warmup-cosine (peak=0.003, warmup_epochs=1)
  optimizer: rmsprop (lr=0.003)
  entropy lambda: 1.000 (branching-endpoint icing enabled)
  mass weighting: log (head-of-edge count restores corpus-frequency exposure)
  curriculum: flat (d=max each epoch)
  max edge_len: 15, max ancestor chars: 15, max KV per node: 30, max endpoint depth: 16
  mass=1 compaction: 20153459 / 23214340 chars are mass=1 (86.8%); cache holds 3060881 positions
  loop points: 83201 (mass>1 leaves; 5.3% of 1584086 mass>1 nodes)
  KV cache: 1567.2 MB unified memory (bf16 compact)
  GPU memory: 2966.6 MB used, 5220.2 MB free, 8186.8 MB total
  65 root-child subtrees: sizes min=3 max=719952 avg=69550.0 (total=4520748 radix nodes)
Epoch 1: loss=1.592184  (14.61 sec, 65 subtrees, 507 chunks, 23214340 nodes)
  residual top-10 (subtree_mass × max(avg_loss − 1.592, 0)):
    rc   rootID   mass      avg_loss     score 
    59   4232140  558741    1.7985       115292.2
    58   3922686  1974459   1.6154       45762.3
    54   3435615  326780    1.6794       28503.6
    5    811956   181487    1.6355       7867.9
    60   4331468  187675    1.6309       7263.6
    1    86776    5017498   1.5935       6539.2
    7    912047   60346     1.6875       5752.7
    44   2065262  445695    1.6047       5565.0
    32   1048720  44610     1.6925       4474.9
    61   4364093  483533    1.6009       4222.8
    top-10: 33.6% of mass, 83.9% of excess-loss
Epoch 2: loss=1.586419  (14.22 sec, 65 subtrees, 507 chunks, 23214340 nodes)
  residual top-10 (subtree_mass × max(avg_loss − 1.586, 0)):
    rc   rootID   mass      avg_loss     score 
    59   4232140  558741    1.6708       47145.4
    1    86776    5017498   1.5951       43693.2
    54   3435615  326780    1.6219       11606.9
    5    811956   181487    1.6418       10050.9
    44   2065262  445695    1.6040       7853.0
    6    842745   475355    1.6022       7488.4
    39   1063788  1662788   1.5906       6954.8
    7    912047   60346     1.6887       6172.6
    32   1048720  44610     1.6914       4683.2
    49   2668592  152791    1.6164       4575.7
    top-10: 32.3% of mass, 75.4% of excess-loss
Epoch 3: loss=1.601049  (14.23 sec, 65 subtrees, 507 chunks, 23214339 nodes)
  residual top-10 (subtree_mass × max(avg_loss − 1.601, 0)):
    rc   rootID   mass      avg_loss     score 
    59   4232140  558741    1.9385       188529.5
    58   3922686  1974459   1.6436       84069.4
    54   3435615  326780    1.6922       29792.9
    60   4331468  187675    1.6713       13193.6
    61   4364093  483533    1.6275       12800.0
    5    811956   181487    1.6417       7385.2
    7    912047   60346     1.6893       5323.2
    32   1048720  44610     1.6959       4230.7
    44   2065262  445695    1.6091       3607.7
    31   1043650  25548     1.7370       3474.3
    top-10: 15.5% of mass, 91.3% of excess-loss
Epoch 4: loss=1.585454  (14.23 sec, 65 subtrees, 507 chunks, 23214340 nodes)
  residual top-10 (subtree_mass × max(avg_loss − 1.585, 0)):
    rc   rootID   mass      avg_loss     score 
    1    86776    5017498   1.5996       70802.2
    59   4232140  558741    1.6526       37534.0
    5    811956   181487    1.6423       10325.9
    39   1063788  1662788   1.5909       9073.4
    44   2065262  445695    1.6054       8872.4
    6    842745   475355    1.6040       8811.4
    54   3435615  326780    1.6100       8006.6
    7    912047   60346     1.6897       6288.1
    32   1048720  44610     1.6921       4759.3
    15   987897   22907     1.7540       3860.6
    top-10: 31.9% of mass, 78.7% of excess-loss
Epoch 5: loss=1.589741  (14.25 sec, 65 subtrees, 507 chunks, 23214340 nodes)
  residual top-10 (subtree_mass × max(avg_loss − 1.590, 0)):
    rc   rootID   mass      avg_loss     score 
    59   4232140  558741    1.8032       119290.6
    58   3922686  1974459   1.6097       39395.2
    54   3435615  326780    1.6191       9590.5
    5    811956   181487    1.6378       8713.7
    44   2065262  445695    1.6075       7907.8
    7    912047   60346     1.6861       5812.1
    1    86776    5017498   1.5909       5693.5
    60   4331468  187675    1.6190       5487.3
    6    842745   475355    1.5993       4522.2
    32   1048720  44610     1.6905       4496.2
    top-10: 33.6% of mass, 82.3% of excess-loss
Saved to /home/trans/Projects/agpt/rnd/streaming-agpt-v1/models/seed100_ms_n100_se5_stage63.model
Done.
  Appended optimizer state to /home/trans/Projects/agpt/rnd/streaming-agpt-v1/models/seed100_ms_n100_se5_stage63.model (adam_t=20275)
