AGPT CUDA Training Engine
  Model: d=64 heads=4 layers=2 ff=256 vocab=65 seq=32 head_dim=16
  Loaded 108481 weight floats (423.8 KB)
  Loaded optimizer state from checkpoint (adam_t=23200)
  LR schedule horizon: 500 total SE (override; this call runs 5 SE)
Loading radix trie from /tmp/shake_ms_n100_se5_73pct_d16_radix...
  Radix trie: 5218521 nodes, 26332310 total edge chars, 17 endpoint depths
  Radix loaded: 8753825 counts entries, 45369793 ancestor char entries
  d_split: 3383109/5218521 nodes have a mass=1 ancestor (mean depth 10.27)
  lr-schedule: warmup-cosine (peak=0.003, warmup_epochs=1)
  optimizer: rmsprop (lr=0.003)
  entropy lambda: 1.000 (branching-endpoint icing enabled)
  mass weighting: log (head-of-edge count restores corpus-frequency exposure)
  curriculum: flat (d=max each epoch)
  max edge_len: 15, max ancestor chars: 15, max KV per node: 30, max endpoint depth: 16
  mass=1 compaction: 22785223 / 26332310 chars are mass=1 (86.5%); cache holds 3547087 positions
  loop points: 103404 (mass>1 leaves; 5.6% of 1835411 mass>1 nodes)
  KV cache: 1816.1 MB unified memory (bf16 compact)
  GPU memory: 3002.3 MB used, 5184.6 MB free, 8186.8 MB total
  65 root-child subtrees: sizes min=3 max=833036 avg=80284.9 (total=5218520 radix nodes)
Epoch 1: loss=1.527951  (16.45 sec, 65 subtrees, 566 chunks, 26332307 nodes)
  residual top-10 (subtree_mass × max(avg_loss − 1.528, 0)):
    rc   rootID   mass      avg_loss     score 
    59   4884548  657649    1.7895       172034.3
    58   4527850  2319656   1.5669       90254.2
    54   3970353  380128    1.6019       28101.4
    5    939778   226529    1.5700       9532.6
    44   2389848  519499    1.5458       9288.1
    7    1057479  68778     1.6254       6700.8
    32   1215870  50546     1.6330       5310.2
    60   4999232  219009    1.5504       4918.9
    15   1143979  24983     1.7134       4633.8
    31   1210252  28619     1.6808       4375.7
    top-10: 13.9% of mass, 88.6% of excess-loss
Epoch 2: loss=1.514371  (16.22 sec, 65 subtrees, 566 chunks, 26332307 nodes)
  residual top-10 (subtree_mass × max(avg_loss − 1.514, 0)):
    rc   rootID   mass      avg_loss     score 
    1    100941   5916499   1.5263       70415.2
    59   4884548  657649    1.5540       26073.2
    44   2389848  519499    1.5409       13797.1
    5    939778   226529    1.5689       12358.3
    39   1233447  1961201   1.5193       9588.0
    6    977094   565688    1.5298       8739.4
    7    1057479  68778     1.6267       7729.0
    32   1215870  50546     1.6244       5560.7
    15   1143979  24983     1.7202       5142.9
    40   1557565  353631    1.5286       5025.6
    top-10: 31.9% of mass, 74.4% of excess-loss
Epoch 3: loss=1.514405  (16.23 sec, 65 subtrees, 566 chunks, 26332307 nodes)
  residual top-10 (subtree_mass × max(avg_loss − 1.514, 0)):
    rc   rootID   mass      avg_loss     score 
    59   4884548  657649    1.6089       62159.8
    1    100941   5916499   1.5210       39175.2
    44   2389848  519499    1.5372       11832.8
    5    939778   226529    1.5650       11451.0
    58   4527850  2319656   1.5190       10599.9
    7    1057479  68778     1.6262       7689.5
    39   1233447  1961201   1.5182       7487.6
    6    977094   565688    1.5254       6233.2
    40   1557565  353631    1.5303       5618.1
    32   1215870  50546     1.6233       5502.6
    top-10: 38.9% of mass, 73.8% of excess-loss
Epoch 4: loss=1.519954  (16.22 sec, 65 subtrees, 566 chunks, 26332306 nodes)
  residual top-10 (subtree_mass × max(avg_loss − 1.520, 0)):
    rc   rootID   mass      avg_loss     score 
    59   4884548  657649    1.7160       128900.9
    58   4527850  2319656   1.5406       47813.0
    54   3970353  380128    1.5495       11219.3
    44   2389848  519499    1.5395       10150.9
    5    939778   226529    1.5631       9783.4
    7    1057479  68778     1.6254       7250.3
    32   1215870  50546     1.6214       5127.9
    40   1557565  353631    1.5340       4959.1
    15   1143979  24983     1.7118       4793.9
    25   1193007  48044     1.6159       4609.9
    top-10: 14.3% of mass, 82.2% of excess-loss
Epoch 5: loss=1.512409  (16.23 sec, 65 subtrees, 566 chunks, 26332310 nodes)
  residual top-10 (subtree_mass × max(avg_loss − 1.512, 0)):
    rc   rootID   mass      avg_loss     score 
    1    100941   5916499   1.5225       59705.8
    59   4884548  657649    1.5560       28659.8
    5    939778   226529    1.5652       11952.2
    44   2389848  519499    1.5351       11761.8
    39   1233447  1961201   1.5183       11645.7
    6    977094   565688    1.5269       8206.9
    7    1057479  68778     1.6274       7906.1
    32   1215870  50546     1.6245       5665.4
    40   1557565  353631    1.5275       5334.8
    15   1143979  24983     1.7192       5166.2
    top-10: 31.9% of mass, 73.2% of excess-loss
Saved to /home/trans/Projects/agpt/rnd/streaming-agpt-v1/models/seed300_ms_n100_se5_stage73.model
Done.
  Appended optimizer state to /home/trans/Projects/agpt/rnd/streaming-agpt-v1/models/seed300_ms_n100_se5_stage73.model (adam_t=23525)
