AGPT CUDA Training Engine
  Model: d=64 heads=4 layers=2 ff=256 vocab=65 seq=32 head_dim=16
  Loaded 108481 weight floats (423.8 KB)
  Loaded optimizer state from checkpoint (adam_t=4695)
  LR schedule horizon: 500 total SE (override; this call runs 5 SE)
Loading radix trie from /tmp/shake_ms_n100_se5_16pct_d16_radix...
  Radix trie: 1148146 nodes, 6244737 total edge chars, 17 endpoint depths
  Radix loaded: 1920350 counts entries, 9275003 ancestor char entries
  d_split: 741299/1148146 nodes have a mass=1 ancestor (mean depth 9.71)
  lr-schedule: warmup-cosine (peak=0.003, warmup_epochs=1)
  optimizer: rmsprop (lr=0.003)
  entropy lambda: 1.000 (branching-endpoint icing enabled)
  mass weighting: log (head-of-edge count restores corpus-frequency exposure)
  curriculum: flat (d=max each epoch)
  max edge_len: 16, max ancestor chars: 15, max KV per node: 31, max endpoint depth: 16
  mass=1 compaction: 5403761 / 6244737 chars are mass=1 (86.5%); cache holds 840976 positions
  loop points: 21438 (mass>1 leaves; 5.3% of 406846 mass>1 nodes)
  KV cache: 430.6 MB unified memory (bf16 compact)
  GPU memory: 2815.6 MB used, 5371.2 MB free, 8186.8 MB total
  64 root-child subtrees: sizes min=1 max=185570 avg=17939.8 (total=1148145 radix nodes)
Epoch 1: loss=1.699706  (4.18 sec, 64 subtrees, 173 chunks, 6244737 nodes)
  residual top-10 (subtree_mass × max(avg_loss − 1.700, 0)):
    rc   rootID   mass      avg_loss     score 
    43   525124   105508    2.6742       102817.1
    38   270214   377675    1.9015       76199.7
    39   339548   71307     2.1891       34894.6
    44   544947   84491     2.0066       25931.6
    40   353111   113332    1.8419       16110.1
    42   410611   633745    1.7245       15711.2
    45   561936   319345    1.7484       15546.3
    58   1071049  128843    1.7913       11805.1
    41   374418   195283    1.7571       11200.7
    46   617140   322801    1.7073       2452.2
    top-10: 36.5% of mass, 98.4% of excess-loss
Epoch 2: loss=1.668180  (3.90 sec, 64 subtrees, 173 chunks, 6244736 nodes)
  residual top-10 (subtree_mass × max(avg_loss − 1.668, 0)):
    rc   rootID   mass      avg_loss     score 
    58   1071049  128843    2.3193       83895.4
    57   994106   443404    1.8188       66769.6
    38   270214   377675    1.7820       42973.1
    53   870085   71962     1.9355       19237.2
    39   339548   71307     1.8698       14378.0
    59   1096284  49985     1.8447       8823.1
    43   525124   105508    1.7366       7220.1
    60   1105739  108367    1.6937       2769.1
    31   266362   9387      1.7851       1097.1
    30   265312   4987      1.8603       958.3 
    top-10: 21.3% of mass, 98.5% of excess-loss
Epoch 3: loss=1.644516  (3.88 sec, 64 subtrees, 173 chunks, 6244737 nodes)
  residual top-10 (subtree_mass × max(avg_loss − 1.645, 0)):
    rc   rootID   mass      avg_loss     score 
    43   525124   105508    1.9709       34439.5
    38   270214   377675    1.7294       32072.2
    58   1071049  128843    1.8687       28888.4
    45   561936   319345    1.6843       12715.5
    44   544947   84491     1.7929       12537.1
    39   339548   71307     1.8048       11426.1
    53   870085   71962     1.7233       5672.2
    57   994106   443404    1.6559       5039.4
    40   353111   113332    1.6578       1509.1
    6    230217   9989      1.7664       1218.0
    top-10: 26.8% of mass, 95.9% of excess-loss
Epoch 4: loss=1.625843  (3.95 sec, 64 subtrees, 173 chunks, 6244737 nodes)
  residual top-10 (subtree_mass × max(avg_loss − 1.626, 0)):
    rc   rootID   mass      avg_loss     score 
    58   1071049  128843    2.0591       55825.6
    57   994106   443404    1.7004       33053.6
    38   270214   377675    1.7112       32242.4
    53   870085   71962     1.8156       13654.4
    39   339548   71307     1.7754       10665.5
    43   525124   105508    1.6831       6043.3
    59   1096284  49985     1.6902       3216.7
    4    208088   36522     1.6721       1690.8
    60   1105739  108367    1.6388       1403.5
    6    230217   9989      1.7569       1308.7
    top-10: 21.8% of mass, 96.8% of excess-loss
Epoch 5: loss=1.639819  (4.05 sec, 64 subtrees, 173 chunks, 6244736 nodes)
  residual top-10 (subtree_mass × max(avg_loss − 1.640, 0)):
    rc   rootID   mass      avg_loss     score 
    58   1071049  128843    2.1861       70386.0
    57   994106   443404    1.7171       34252.2
    38   270214   377675    1.7024       23633.1
    53   870085   71962     1.9477       22157.1
    39   339548   71307     1.8142       12436.4
    43   525124   105508    1.7039       6756.7
    59   1096284  49985     1.7439       5204.7
    56   938889   298581    1.6486       2628.0
    60   1105739  108367    1.6531       1440.5
    6    230217   9989      1.7547       1147.4
    top-10: 25.8% of mass, 97.8% of excess-loss
Saved to /home/trans/Projects/agpt/rnd/streaming-agpt-v1/models/seed100_ms_n100_se5_stage16.model
Done.
  Appended optimizer state to /home/trans/Projects/agpt/rnd/streaming-agpt-v1/models/seed100_ms_n100_se5_stage16.model (adam_t=5015)
