AGPT CUDA Training Engine
  Model: d=64 heads=4 layers=2 ff=256 vocab=65 seq=32 head_dim=16
  Loaded 108481 weight floats (423.8 KB)
  Loaded optimizer state from checkpoint (adam_t=6625)
  LR schedule horizon: 500 total SE (override; this call runs 5 SE)
Loading radix trie from /tmp/shake_ms_n100_se5_22pct_d16_radix...
  Radix trie: 1585396 nodes, 8716741 total edge chars, 17 endpoint depths
  Radix loaded: 2653647 counts entries, 12708249 ancestor char entries
  d_split: 1031152/1585396 nodes have a mass=1 ancestor (mean depth 9.62)
  lr-schedule: warmup-cosine (peak=0.003, warmup_epochs=1)
  optimizer: rmsprop (lr=0.003)
  entropy lambda: 1.000 (branching-endpoint icing enabled)
  mass weighting: log (head-of-edge count restores corpus-frequency exposure)
  curriculum: flat (d=max each epoch)
  max edge_len: 16, max ancestor chars: 15, max KV per node: 31, max endpoint depth: 16
  mass=1 compaction: 7610843 / 8716741 chars are mass=1 (87.3%); cache holds 1105898 positions
  loop points: 25734 (mass>1 leaves; 4.6% of 554243 mass>1 nodes)
  KV cache: 566.2 MB unified memory (bf16 compact)
  GPU memory: 2847.1 MB used, 5339.7 MB free, 8186.8 MB total
  65 root-child subtrees: sizes min=1 max=255172 avg=24390.7 (total=1585395 radix nodes)
Epoch 1: loss=1.673317  (5.79 sec, 65 subtrees, 223 chunks, 8716741 nodes)
  residual top-10 (subtree_mass × max(avg_loss − 1.673, 0)):
    rc   rootID   mass      avg_loss     score 
    59   1481275  180637    2.0445       67041.4
    39   372070   530973    1.7153       22265.8
    54   1202643  104347    1.8658       20081.7
    60   1516245  66564     1.8947       14732.9
    40   469052   99027     1.8081       13349.7
    58   1373961  626664    1.6916       11466.7
    5    285831   48088     1.8944       10630.3
    6    294994   137757    1.7454       9935.1
    44   723039   144801    1.7379       9353.3
    61   1528742  151903    1.7261       8019.3
    top-10: 23.4% of mass, 94.0% of excess-loss
Epoch 2: loss=1.668190  (5.31 sec, 65 subtrees, 223 chunks, 8716741 nodes)
  residual top-10 (subtree_mass × max(avg_loss − 1.668, 0)):
    rc   rootID   mass      avg_loss     score 
    59   1481275  180637    2.0053       60888.6
    54   1202643  104347    1.8726       21328.8
    39   372070   530973    1.7025       18198.3
    58   1373961  626664    1.6924       15165.1
    40   469052   99027     1.7426       7366.6
    5    285831   48088     1.7851       5619.9
    6    294994   137757    1.7023       4693.7
    44   723039   144801    1.6980       4318.7
    60   1516245  66564     1.7159       3178.5
    45   749878   124573    1.6892       2622.6
    top-10: 23.1% of mass, 93.1% of excess-loss
Epoch 3: loss=1.653206  (5.30 sec, 65 subtrees, 223 chunks, 8716741 nodes)
  residual top-10 (subtree_mass × max(avg_loss − 1.653, 0)):
    rc   rootID   mass      avg_loss     score 
    59   1481275  180637    2.0621       73853.9
    39   372070   530973    1.6916       20366.2
    54   1202643  104347    1.7875       14011.5
    40   469052   99027     1.7549       10067.6
    44   723039   144801    1.7201       9685.8
    60   1516245  66564     1.7662       7524.1
    58   1373961  626664    1.6618       5356.1
    5    285831   48088     1.7612       5193.7
    6    294994   137757    1.6755       3070.6
    61   1528742  151903    1.6734       3067.2
    top-10: 23.4% of mass, 92.7% of excess-loss
Epoch 4: loss=1.690232  (5.30 sec, 65 subtrees, 223 chunks, 8716741 nodes)
  residual top-10 (subtree_mass × max(avg_loss − 1.690, 0)):
    rc   rootID   mass      avg_loss     score 
    59   1481275  180637    2.5142       148837.6
    58   1373961  626664    1.7954       65936.1
    60   1516245  66564     2.0870       26411.9
    61   1528742  151903    1.8396       22696.5
    54   1202643  104347    1.8791       19705.6
    44   723039   144801    1.8006       15986.6
    45   749878   124573    1.7217       3925.8
    40   469052   99027     1.7207       3016.3
    5    285831   48088     1.7325       2033.6
    7    317293   15927     1.7844       1499.4
    top-10: 17.5% of mass, 98.2% of excess-loss
Epoch 5: loss=1.657250  (5.31 sec, 65 subtrees, 223 chunks, 8716738 nodes)
  residual top-10 (subtree_mass × max(avg_loss − 1.657, 0)):
    rc   rootID   mass      avg_loss     score 
    1    29473    1674347   1.6748       29347.3
    59   1481275  180637    1.7933       24568.6
    39   372070   530973    1.6860       15248.5
    44   723039   144801    1.7515       13652.8
    45   749878   124573    1.7084       6366.0
    46   774458   447250    1.6711       6184.0
    54   1202643  104347    1.7129       5804.1
    40   469052   99027     1.7105       5276.6
    5    285831   48088     1.7516       4535.9
    60   1516245  66564     1.7038       3101.3
    top-10: 38.3% of mass, 89.3% of excess-loss
Saved to /home/trans/Projects/agpt/rnd/streaming-agpt-v1/models/seed100_ms_n100_se5_stage22.model
Done.
  Appended optimizer state to /home/trans/Projects/agpt/rnd/streaming-agpt-v1/models/seed100_ms_n100_se5_stage22.model (adam_t=6950)
