AGPT CUDA Training Engine
  Model: d=64 heads=4 layers=2 ff=256 vocab=65 seq=32 head_dim=16
  Loaded 108481 weight floats (423.8 KB)
  Loaded optimizer state from checkpoint (adam_t=7275)
  LR schedule horizon: 500 total SE (override; this call runs 5 SE)
Loading radix trie from /tmp/shake_ms_n100_se5_24pct_d16_radix...
  Radix trie: 1731575 nodes, 9517392 total edge chars, 17 endpoint depths
  Radix loaded: 2898484 counts entries, 13889658 ancestor char entries
  d_split: 1127563/1731575 nodes have a mass=1 ancestor (mean depth 9.62)
  lr-schedule: warmup-cosine (peak=0.003, warmup_epochs=1)
  optimizer: rmsprop (lr=0.003)
  entropy lambda: 1.000 (branching-endpoint icing enabled)
  mass weighting: log (head-of-edge count restores corpus-frequency exposure)
  curriculum: flat (d=max each epoch)
  max edge_len: 16, max ancestor chars: 15, max KV per node: 31, max endpoint depth: 16
  mass=1 compaction: 8321314 / 9517392 chars are mass=1 (87.4%); cache holds 1196078 positions
  loop points: 27261 (mass>1 leaves; 4.5% of 604011 mass>1 nodes)
  KV cache: 612.4 MB unified memory (bf16 compact)
  GPU memory: 2855.5 MB used, 5331.4 MB free, 8186.8 MB total
  65 root-child subtrees: sizes min=1 max=277810 avg=26639.6 (total=1731574 radix nodes)
Epoch 1: loss=1.679925  (6.37 sec, 65 subtrees, 237 chunks, 9517392 nodes)
  residual top-10 (subtree_mass × max(avg_loss − 1.680, 0)):
    rc   rootID   mass      avg_loss     score 
    59   1618325  198163    2.2147       105971.5
    58   1500328  692059    1.7901       76257.9
    54   1312510  115081    1.8554       20192.8
    60   1656539  72802     1.8763       14298.5
    61   1670140  166842    1.7261       7697.7
    49   1019094  44654     1.8000       5363.7
    44   787651   159218    1.7124       5170.3
    40   510659   108689    1.7142       3728.2
    50   1028207  291231    1.6885       2486.6
    7    345225   17577     1.8185       2436.4
    top-10: 19.1% of mass, 96.0% of excess-loss
Epoch 2: loss=1.650061  (6.01 sec, 65 subtrees, 237 chunks, 9517392 nodes)
  residual top-10 (subtree_mass × max(avg_loss − 1.650, 0)):
    rc   rootID   mass      avg_loss     score 
    59   1618325  198163    1.9563       60676.4
    39   404641   581731    1.6761       15172.0
    1    31969    1823178   1.6572       13098.3
    54   1312510  115081    1.7448       10901.5
    40   510659   108689    1.7207       7681.1
    58   1500328  692059    1.6586       5903.7
    60   1656539  72802     1.7237       5357.6
    44   787651   159218    1.6763       4176.0
    5    311261   49681     1.7103       2993.1
    61   1670140  166842    1.6671       2840.2
    top-10: 40.5% of mass, 88.6% of excess-loss
Epoch 3: loss=1.677641  (6.29 sec, 65 subtrees, 237 chunks, 9517391 nodes)
  residual top-10 (subtree_mass × max(avg_loss − 1.678, 0)):
    rc   rootID   mass      avg_loss     score 
    59   1618325  198163    2.2756       118497.9
    58   1500328  692059    1.7629       59019.8
    60   1656539  72802     1.9588       20470.9
    54   1312510  115081    1.8461       19380.7
    61   1670140  166842    1.7627       14187.8
    39   404641   581731    1.6936       9274.3
    44   787651   159218    1.7263       7745.0
    40   510659   108689    1.7406       6841.1
    49   1019094  44654     1.7509       3271.1
    5    311261   49681     1.7336       2782.3
    top-10: 22.4% of mass, 96.3% of excess-loss
Epoch 4: loss=1.681449  (6.28 sec, 65 subtrees, 237 chunks, 9517392 nodes)
  residual top-10 (subtree_mass × max(avg_loss − 1.681, 0)):
    rc   rootID   mass      avg_loss     score 
    59   1618325  198163    1.9237       48003.6
    39   404641   581731    1.7470       38138.6
    44   787651   159218    1.8731       30510.2
    40   510659   108689    1.9514       29337.4
    41   531390   170340    1.7456       10930.2
    54   1312510  115081    1.7569       8682.2
    45   816989   136749    1.7224       5606.5
    42   562975   295060    1.7003       5550.9
    49   1019094  44654     1.7725       4066.3
    5    311261   49681     1.7328       2551.7
    top-10: 19.0% of mass, 94.6% of excess-loss
Epoch 5: loss=1.642379  (6.25 sec, 65 subtrees, 237 chunks, 9517392 nodes)
  residual top-10 (subtree_mass × max(avg_loss − 1.642, 0)):
    rc   rootID   mass      avg_loss     score 
    59   1618325  198163    1.8733       45752.3
    39   404641   581731    1.6659       13708.9
    54   1312510  115081    1.7579       13291.6
    40   510659   108689    1.7232       8788.0
    44   787651   159218    1.6922       7929.8
    60   1656539  72802     1.7139       5206.8
    5    311261   49681     1.7131       3511.2
    6    320764   151490    1.6642       3298.8
    49   1019094  44654     1.7066       2868.1
    7    345225   17577     1.8025       2814.9
    top-10: 15.3% of mass, 87.8% of excess-loss
Saved to /home/trans/Projects/agpt/rnd/streaming-agpt-v1/models/seed100_ms_n100_se5_stage24.model
Done.
  Appended optimizer state to /home/trans/Projects/agpt/rnd/streaming-agpt-v1/models/seed100_ms_n100_se5_stage24.model (adam_t=7600)
