AGPT CUDA Training Engine
  Model: d=64 heads=4 layers=2 ff=256 vocab=65 seq=32 head_dim=16
  Loaded 108481 weight floats (423.8 KB)
  Loaded optimizer state from checkpoint (adam_t=16050)
  LR schedule horizon: 500 total SE (override; this call runs 5 SE)
Loading radix trie from /tmp/shake_ms_n100_se5_51pct_d16_radix...
  Radix trie: 3672800 nodes, 19280518 total edge chars, 17 endpoint depths
  Radix loaded: 6154375 counts entries, 30833086 ancestor char entries
  d_split: 2391815/3672800 nodes have a mass=1 ancestor (mean depth 9.98)
  lr-schedule: warmup-cosine (peak=0.003, warmup_epochs=1)
  optimizer: rmsprop (lr=0.003)
  entropy lambda: 1.000 (branching-endpoint icing enabled)
  mass weighting: log (head-of-edge count restores corpus-frequency exposure)
  curriculum: flat (d=max each epoch)
  max edge_len: 15, max ancestor chars: 15, max KV per node: 30, max endpoint depth: 16
  mass=1 compaction: 16801410 / 19280518 chars are mass=1 (87.1%); cache holds 2479108 positions
  loop points: 61873 (mass>1 leaves; 4.8% of 1280984 mass>1 nodes)
  KV cache: 1269.3 MB unified memory (bf16 compact)
  GPU memory: 2916.3 MB used, 5270.5 MB free, 8186.8 MB total
  65 root-child subtrees: sizes min=3 max=582498 avg=56504.6 (total=3672799 radix nodes)
Epoch 1: loss=1.643916  (12.22 sec, 65 subtrees, 427 chunks, 19280518 nodes)
  residual top-10 (subtree_mass × max(avg_loss − 1.644, 0)):
    rc   rootID   mass      avg_loss     score 
    59   3438639  443665    1.8330       83899.9
    44   1668666  359356    1.7369       33422.1
    58   3186409  1575785   1.6513       11708.2
    54   2786069  260870    1.6863       11068.0
    46   1790341  1124438   1.6535       10745.1
    5    656015   123566    1.7025       7244.3
    60   3519328  151667    1.6869       6522.1
    45   1731026  322761    1.6632       6233.6
    7    733499   48968     1.7279       4111.6
    49   2163087  114714    1.6783       3946.0
    top-10: 20.7% of mass, 85.0% of excess-loss
Epoch 2: loss=1.632847  (11.75 sec, 65 subtrees, 427 chunks, 19280518 nodes)
  residual top-10 (subtree_mass × max(avg_loss − 1.633, 0)):
    rc   rootID   mass      avg_loss     score 
    59   3438639  443665    1.7738       62527.1
    54   2786069  260870    1.7320       25867.5
    1    69329    3974067   1.6385       22578.0
    58   3186409  1575785   1.6401       11455.7
    44   1668666  359356    1.6625       10647.2
    5    656015   123566    1.6963       7844.8
    6    677974   369509    1.6502       6404.2
    40   1081250  242711    1.6552       5422.4
    39   854061   1314037   1.6367       5057.3
    7    733499   48968     1.7321       4861.3
    top-10: 39.8% of mass, 82.0% of excess-loss
Epoch 3: loss=1.626559  (11.75 sec, 65 subtrees, 427 chunks, 19280518 nodes)
  residual top-10 (subtree_mass × max(avg_loss − 1.627, 0)):
    rc   rootID   mass      avg_loss     score 
    59   3438639  443665    1.7300       45875.5
    39   854061   1314037   1.6464       26084.9
    1    69329    3974067   1.6317       20334.1
    6    677974   369509    1.6599       12327.5
    44   1668666  359356    1.6590       11654.7
    40   1081250  242711    1.6705       10658.1
    5    656015   123566    1.7076       10013.3
    60   3519328  151667    1.6647       5781.1
    7    733499   48968     1.7369       5404.3
    54   2786069  260870    1.6466       5230.7
    top-10: 33.3% of mass, 80.7% of excess-loss
Epoch 4: loss=1.634506  (11.75 sec, 65 subtrees, 427 chunks, 19280518 nodes)
  residual top-10 (subtree_mass × max(avg_loss − 1.635, 0)):
    rc   rootID   mass      avg_loss     score 
    59   3438639  443665    1.9337       132738.1
    58   3186409  1575785   1.6640       46398.8
    54   2786069  260870    1.8072       45052.1
    5    656015   123566    1.7058       8804.6
    44   1668666  359356    1.6560       7723.3
    60   3519328  151667    1.6794       6808.4
    6    677974   369509    1.6490       5347.6
    7    733499   48968     1.7298       4664.9
    40   1081250  242711    1.6485       3393.9
    32   842170   35619     1.7221       3120.1
    top-10: 16.5% of mass, 90.2% of excess-loss
Epoch 5: loss=1.622750  (11.75 sec, 65 subtrees, 427 chunks, 19280518 nodes)
  residual top-10 (subtree_mass × max(avg_loss − 1.623, 0)):
    rc   rootID   mass      avg_loss     score 
    59   3438639  443665    1.8061       81332.0
    1    69329    3974067   1.6281       21249.6
    60   3519328  151667    1.7142       13871.1
    58   3186409  1575785   1.6294       10500.3
    44   1668666  359356    1.6518       10453.2
    61   3546293  378096    1.6495       10098.3
    54   2786069  260870    1.6583       9263.5
    39   854061   1314037   1.6288       7905.1
    5    656015   123566    1.6844       7622.8
    6    677974   369509    1.6395       6182.0
    top-10: 40.8% of mass, 81.0% of excess-loss
Saved to /home/trans/Projects/agpt/rnd/streaming-agpt-v1/models/seed100_ms_n100_se5_stage51.model
Done.
  Appended optimizer state to /home/trans/Projects/agpt/rnd/streaming-agpt-v1/models/seed100_ms_n100_se5_stage51.model (adam_t=16375)
