AGPT CUDA Training Engine
  Model: d=64 heads=4 layers=2 ff=256 vocab=65 seq=32 head_dim=16
  Loaded 108481 weight floats (423.8 KB)
  Loaded optimizer state from checkpoint (adam_t=26775)
  LR schedule horizon: 500 total SE (override; this call runs 5 SE)
Loading radix trie from /tmp/shake_ms_n100_se5_84pct_d16_radix...
  Radix trie: 5977419 nodes, 29805889 total edge chars, 17 endpoint depths
  Radix loaded: 10032913 counts entries, 52510032 ancestor char entries
  d_split: 3870696/5977419 nodes have a mass=1 ancestor (mean depth 10.35)
  lr-schedule: warmup-cosine (peak=0.003, warmup_epochs=1)
  optimizer: rmsprop (lr=0.003)
  entropy lambda: 1.000 (branching-endpoint icing enabled)
  mass weighting: log (head-of-edge count restores corpus-frequency exposure)
  curriculum: flat (d=max each epoch)
  max edge_len: 15, max ancestor chars: 15, max KV per node: 30, max endpoint depth: 16
  mass=1 compaction: 25735654 / 29805889 chars are mass=1 (86.3%); cache holds 4070235 positions
  loop points: 124858 (mass>1 leaves; 5.9% of 2106722 mass>1 nodes)
  KV cache: 2084.0 MB unified memory (bf16 compact)
  GPU memory: 3044.2 MB used, 5142.6 MB free, 8186.8 MB total
  65 root-child subtrees: sizes min=3 max=949477 avg=91960.3 (total=5977418 radix nodes)
Epoch 1: loss=1.518546  (18.54 sec, 65 subtrees, 633 chunks, 29805889 nodes)
  residual top-10 (subtree_mass × max(avg_loss − 1.519, 0)):
    rc   rootID   mass      avg_loss     score 
    1    116979   6855036   1.5277       62530.7
    59   5595071  759025    1.5658       35834.4
    5    1073455  279207    1.5734       15314.5
    7    1208754  73192     1.6245       7757.0
    25   1363897  51709     1.6624       7436.5
    13   1293198  51465     1.6586       7208.6
    15   1308464  31125     1.7476       7128.2
    32   1390699  64807     1.6152       6264.6
    44   2735782  599518    1.5286       6044.6
    31   1384471  31631     1.6890       5392.3
    top-10: 23.3% of mass, 71.5% of excess-loss
Epoch 2: loss=1.518161  (18.35 sec, 65 subtrees, 633 chunks, 29805888 nodes)
  residual top-10 (subtree_mass × max(avg_loss − 1.518, 0)):
    rc   rootID   mass      avg_loss     score 
    1    116979   6855036   1.5282       68571.4
    59   5595071  759025    1.5559       28680.0
    5    1073455  279207    1.5723       15113.3
    7    1208754  73192     1.6252       7832.1
    25   1363897  51709     1.6625       7461.6
    13   1293198  51465     1.6580       7195.8
    15   1308464  31125     1.7466       7110.9
    44   2735782  599518    1.5289       6421.1
    32   1390699  64807     1.6148       6261.8
    31   1384471  31631     1.6895       5420.2
    top-10: 23.3% of mass, 71.4% of excess-loss
Epoch 3: loss=1.516833  (18.38 sec, 65 subtrees, 633 chunks, 29805888 nodes)
  residual top-10 (subtree_mass × max(avg_loss − 1.517, 0)):
    rc   rootID   mass      avg_loss     score 
    1    116979   6855036   1.5272       71188.0
    5    1073455  279207    1.5696       14739.9
    59   5595071  759025    1.5362       14699.6
    7    1208754  73192     1.6243       7868.0
    25   1363897  51709     1.6613       7469.4
    44   2735782  599518    1.5290       7291.2
    13   1293198  51465     1.6566       7191.5
    15   1308464  31125     1.7466       7151.5
    32   1390699  64807     1.6143       6319.0
    31   1384471  31631     1.6880       5413.2
    top-10: 23.3% of mass, 69.6% of excess-loss
Epoch 4: loss=1.516202  (18.38 sec, 65 subtrees, 633 chunks, 29805889 nodes)
  residual top-10 (subtree_mass × max(avg_loss − 1.516, 0)):
    rc   rootID   mass      avg_loss     score 
    1    116979   6855036   1.5271       74872.6
    5    1073455  279207    1.5699       14984.3
    7    1208754  73192     1.6246       7931.5
    25   1363897  51709     1.6638       7633.7
    13   1293198  51465     1.6572       7257.0
    15   1308464  31125     1.7461       7156.6
    32   1390699  64807     1.6148       6392.5
    59   5595071  759025    1.5245       6273.6
    44   2735782  599518    1.5263       6031.4
    31   1384471  31631     1.6890       5466.1
    top-10: 23.3% of mass, 68.1% of excess-loss
Epoch 5: loss=1.515785  (18.38 sec, 65 subtrees, 633 chunks, 29805888 nodes)
  residual top-10 (subtree_mass × max(avg_loss − 1.516, 0)):
    rc   rootID   mass      avg_loss     score 
    1    116979   6855036   1.5269       76277.9
    5    1073455  279207    1.5684       14703.5
    7    1208754  73192     1.6244       7947.5
    25   1363897  51709     1.6633       7628.8
    13   1293198  51465     1.6566       7248.1
    15   1308464  31125     1.7469       7192.7
    44   2735782  599518    1.5271       6812.6
    32   1390699  64807     1.6130       6297.3
    31   1384471  31631     1.6910       5543.3
    6    1118509  641823    1.5240       5300.9
    top-10: 23.0% of mass, 68.3% of excess-loss
Saved to /home/trans/Projects/agpt/rnd/streaming-agpt-v1/models/seed300_ms_n100_se5_stage84.model
Done.
  Appended optimizer state to /home/trans/Projects/agpt/rnd/streaming-agpt-v1/models/seed300_ms_n100_se5_stage84.model (adam_t=27100)
