[radix-corpus] corpus: /tmp/shake_ms_n100_se5_23pct.txt (1150000 tokens, vocab=65)
[radix-corpus] max_depth=16, output=/tmp/shake_ms_n100_se5_23pct_d16_radix
[radix-corpus] subtree char=0 (21786 positions): emitted 30744 radix nodes  (cum total 30745, max_ep_depth=16, 0.0s)
[radix-corpus] subtree char=1 (191583 positions): emitted 266535 radix nodes  (cum total 297280, max_ep_depth=16, 0.2s)
[radix-corpus] subtree char=2 (998 positions): emitted 1451 radix nodes  (cum total 298731, max_ep_depth=16, 0.2s)
[radix-corpus] subtree char=3 (2 positions): emitted 3 radix nodes  (cum total 298734, max_ep_depth=16, 0.2s)
[radix-corpus] subtree char=4 (1 positions): emitted 1 radix nodes  (cum total 298735, max_ep_depth=16, 0.2s)
[radix-corpus] subtree char=5 (6803 positions): emitted 9367 radix nodes  (cum total 308102, max_ep_depth=16, 0.2s)
[radix-corpus] subtree char=6 (16535 positions): emitted 23449 radix nodes  (cum total 331551, max_ep_depth=16, 0.2s)
[radix-corpus] subtree char=7 (2874 positions): emitted 4275 radix nodes  (cum total 335826, max_ep_depth=16, 0.2s)
[radix-corpus] subtree char=8 (9709 positions): emitted 13291 radix nodes  (cum total 349117, max_ep_depth=16, 0.2s)
[radix-corpus] subtree char=9 (90 positions): emitted 112 radix nodes  (cum total 349229, max_ep_depth=16, 0.2s)
[radix-corpus] subtree char=10 (332 positions): emitted 477 radix nodes  (cum total 349706, max_ep_depth=16, 0.2s)
[radix-corpus] subtree char=11 (3079 positions): emitted 4372 radix nodes  (cum total 354078, max_ep_depth=16, 0.2s)
[radix-corpus] subtree char=12 (841 positions): emitted 1234 radix nodes  (cum total 355312, max_ep_depth=16, 0.2s)
[radix-corpus] subtree char=13 (1594 positions): emitted 2234 radix nodes  (cum total 357546, max_ep_depth=16, 0.2s)
[radix-corpus] subtree char=14 (1703 positions): emitted 2411 radix nodes  (cum total 359957, max_ep_depth=16, 0.2s)
[radix-corpus] subtree char=15 (1409 positions): emitted 1732 radix nodes  (cum total 361689, max_ep_depth=16, 0.2s)
[radix-corpus] subtree char=16 (821 positions): emitted 1210 radix nodes  (cum total 362899, max_ep_depth=16, 0.2s)
[radix-corpus] subtree char=17 (1244 positions): emitted 1488 radix nodes  (cum total 364387, max_ep_depth=16, 0.2s)
[radix-corpus] subtree char=18 (437 positions): emitted 617 radix nodes  (cum total 365004, max_ep_depth=16, 0.2s)
[radix-corpus] subtree char=19 (454 positions): emitted 596 radix nodes  (cum total 365600, max_ep_depth=16, 0.2s)
[radix-corpus] subtree char=20 (1460 positions): emitted 1985 radix nodes  (cum total 367585, max_ep_depth=16, 0.2s)
[radix-corpus] subtree char=21 (4480 positions): emitted 5968 radix nodes  (cum total 373553, max_ep_depth=16, 0.2s)
[radix-corpus] subtree char=22 (462 positions): emitted 654 radix nodes  (cum total 374207, max_ep_depth=16, 0.2s)
[radix-corpus] subtree char=23 (169 positions): emitted 227 radix nodes  (cum total 374434, max_ep_depth=16, 0.2s)
[radix-corpus] subtree char=24 (1118 positions): emitted 1461 radix nodes  (cum total 375895, max_ep_depth=16, 0.2s)
[radix-corpus] subtree char=25 (2049 positions): emitted 2571 radix nodes  (cum total 378466, max_ep_depth=16, 0.2s)
[radix-corpus] subtree char=26 (636 positions): emitted 887 radix nodes  (cum total 379353, max_ep_depth=16, 0.2s)
[radix-corpus] subtree char=27 (494 positions): emitted 679 radix nodes  (cum total 380032, max_ep_depth=16, 0.2s)
[radix-corpus] subtree char=28 (787 positions): emitted 1078 radix nodes  (cum total 381110, max_ep_depth=16, 0.2s)
[radix-corpus] subtree char=29 (212 positions): emitted 300 radix nodes  (cum total 381410, max_ep_depth=16, 0.2s)
[radix-corpus] subtree char=30 (541 positions): emitted 738 radix nodes  (cum total 382148, max_ep_depth=16, 0.2s)
[radix-corpus] subtree char=31 (1241 positions): emitted 1759 radix nodes  (cum total 383907, max_ep_depth=16, 0.2s)
[radix-corpus] subtree char=32 (1884 positions): emitted 2675 radix nodes  (cum total 386582, max_ep_depth=16, 0.2s)
[radix-corpus] subtree char=33 (81 positions): emitted 112 radix nodes  (cum total 386694, max_ep_depth=16, 0.2s)
[radix-corpus] subtree char=34 (136 positions): emitted 143 radix nodes  (cum total 386837, max_ep_depth=16, 0.2s)
[radix-corpus] subtree char=35 (1154 positions): emitted 1632 radix nodes  (cum total 388469, max_ep_depth=16, 0.2s)
[radix-corpus] subtree char=36 (129 positions): emitted 135 radix nodes  (cum total 388604, max_ep_depth=16, 0.2s)
[radix-corpus] subtree char=37 (451 positions): emitted 675 radix nodes  (cum total 389279, max_ep_depth=16, 0.2s)
[radix-corpus] subtree char=38 (10 positions): emitted 14 radix nodes  (cum total 389293, max_ep_depth=16, 0.2s)
[radix-corpus] subtree char=39 (69678 positions): emitted 101361 radix nodes  (cum total 490654, max_ep_depth=16, 0.3s)
[radix-corpus] subtree char=40 (13542 positions): emitted 19856 radix nodes  (cum total 510510, max_ep_depth=16, 0.3s)
[radix-corpus] subtree char=41 (20620 positions): emitted 30027 radix nodes  (cum total 540537, max_ep_depth=16, 0.3s)
[radix-corpus] subtree char=42 (35617 positions): emitted 52030 radix nodes  (cum total 592567, max_ep_depth=16, 0.3s)
[radix-corpus] subtree char=43 (111904 positions): emitted 163457 radix nodes  (cum total 756024, max_ep_depth=16, 0.5s)
[radix-corpus] subtree char=44 (19231 positions): emitted 28028 radix nodes  (cum total 784052, max_ep_depth=16, 0.5s)
[radix-corpus] subtree char=45 (17583 positions): emitted 25776 radix nodes  (cum total 809828, max_ep_depth=16, 0.5s)
[radix-corpus] subtree char=46 (56012 positions): emitted 81031 radix nodes  (cum total 890859, max_ep_depth=16, 0.5s)
[radix-corpus] subtree char=47 (58557 positions): emitted 85021 radix nodes  (cum total 975880, max_ep_depth=16, 0.6s)
[radix-corpus] subtree char=48 (886 positions): emitted 1320 radix nodes  (cum total 977200, max_ep_depth=16, 0.6s)
[radix-corpus] subtree char=49 (5974 positions): emitted 8731 radix nodes  (cum total 985931, max_ep_depth=16, 0.6s)
[radix-corpus] subtree char=50 (36628 positions): emitted 53412 radix nodes  (cum total 1039343, max_ep_depth=16, 0.6s)
[radix-corpus] subtree char=51 (21747 positions): emitted 31843 radix nodes  (cum total 1071186, max_ep_depth=16, 0.6s)
[radix-corpus] subtree char=52 (61797 positions): emitted 90483 radix nodes  (cum total 1161669, max_ep_depth=16, 0.7s)
[radix-corpus] subtree char=53 (65995 positions): emitted 96360 radix nodes  (cum total 1258029, max_ep_depth=16, 0.7s)
[radix-corpus] subtree char=54 (14205 positions): emitted 20929 radix nodes  (cum total 1278958, max_ep_depth=16, 0.8s)
[radix-corpus] subtree char=55 (1173 positions): emitted 1695 radix nodes  (cum total 1280653, max_ep_depth=16, 0.8s)
[radix-corpus] subtree char=56 (51479 positions): emitted 75268 radix nodes  (cum total 1355921, max_ep_depth=16, 0.8s)
[radix-corpus] subtree char=57 (55624 positions): emitted 81395 radix nodes  (cum total 1437316, max_ep_depth=16, 0.8s)
[radix-corpus] subtree char=58 (77797 positions): emitted 112617 radix nodes  (cum total 1549933, max_ep_depth=16, 0.9s)
[radix-corpus] subtree char=59 (24949 positions): emitted 36533 radix nodes  (cum total 1586466, max_ep_depth=16, 0.9s)
[radix-corpus] subtree char=60 (8827 positions): emitted 13004 radix nodes  (cum total 1599470, max_ep_depth=16, 0.9s)
[radix-corpus] subtree char=61 (19288 positions): emitted 28033 radix nodes  (cum total 1627503, max_ep_depth=16, 0.9s)
[radix-corpus] subtree char=62 (1209 positions): emitted 1817 radix nodes  (cum total 1629320, max_ep_depth=16, 0.9s)
[radix-corpus] subtree char=63 (18728 positions): emitted 27563 radix nodes  (cum total 1656883, max_ep_depth=16, 0.9s)
[radix-corpus] subtree char=64 (1161 positions): emitted 1603 radix nodes  (cum total 1658486, max_ep_depth=16, 1.0s)
[radix-corpus] done: 1658486 radix nodes, 9131856 total edge chars, 17 endpoint depths, 0.95s
  radix_count:        1658486
  total_edge_chars:   9131856
  max_endpoint_depth: 16
