AGPT CUDA Training Engine
  Model: d=64 heads=4 layers=2 ff=256 vocab=65 seq=32 head_dim=16
  Loaded 108481 weight floats (423.8 KB)
  Loaded optimizer state from checkpoint (adam_t=31000)
  LR schedule horizon: 500 total SE (override; this call runs 5 SE)
Loading radix trie from /tmp/shake_ms_n100_se5_97pct_d16_radix...
  Radix trie: 6869358 nodes, 33736293 total edge chars, 17 endpoint depths
  Radix loaded: 11539001 counts entries, 61124884 ancestor char entries
  d_split: 4440265/6869358 nodes have a mass=1 ancestor (mean depth 10.46)
  lr-schedule: warmup-cosine (peak=0.003, warmup_epochs=1)
  optimizer: rmsprop (lr=0.003)
  entropy lambda: 1.000 (branching-endpoint icing enabled)
  mass weighting: log (head-of-edge count restores corpus-frequency exposure)
  curriculum: flat (d=max each epoch)
  max edge_len: 15, max ancestor chars: 15, max KV per node: 30, max endpoint depth: 16
  mass=1 compaction: 29040799 / 33736293 chars are mass=1 (86.1%); cache holds 4695494 positions
  loop points: 153728 (mass>1 leaves; 6.3% of 2429092 mass>1 nodes)
  KV cache: 2404.1 MB unified memory (bf16 compact)
  GPU memory: 3096.6 MB used, 5090.2 MB free, 8186.8 MB total
  65 root-child subtrees: sizes min=3 max=1085501 avg=105682.4 (total=6869357 radix nodes)
Epoch 1: loss=1.519217  (21.04 sec, 65 subtrees, 713 chunks, 33736293 nodes)
  residual top-10 (subtree_mass × max(avg_loss − 1.519, 0)):
    rc   rootID   mass      avg_loss     score 
    1    134673   7981471   1.5311       94600.6
    5    1228297  331299    1.5602       13591.5
    25   1558502  56247     1.6746       8742.0
    13   1478124  64255     1.6515       8501.8
    15   1496355  33624     1.7696       8419.3
    7    1382727  78226     1.6267       8406.2
    32   1590453  75754     1.6266       8137.6
    28   1573476  45102     1.6893       7673.2
    46   3363850  2236813   1.5225       7412.3
    31   1583443  35959     1.7022       6578.9
    top-10: 24.8% of mass, 70.8% of excess-loss
Epoch 2: loss=1.519156  (20.88 sec, 65 subtrees, 713 chunks, 33736293 nodes)
  residual top-10 (subtree_mass × max(avg_loss − 1.519, 0)):
    rc   rootID   mass      avg_loss     score 
    1    134673   7981471   1.5311       94968.9
    5    1228297  331299    1.5601       13567.8
    25   1558502  56247     1.6752       8778.8
    15   1496355  33624     1.7698       8426.1
    13   1478124  64255     1.6501       8414.7
    7    1382727  78226     1.6266       8407.0
    32   1590453  75754     1.6258       8079.8
    28   1573476  45102     1.6900       7706.3
    46   3363850  2236813   1.5225       7472.7
    44   3136764  701730    1.5286       6636.6
    top-10: 26.3% of mass, 70.9% of excess-loss
Epoch 3: loss=1.519148  (20.89 sec, 65 subtrees, 713 chunks, 33736292 nodes)
  residual top-10 (subtree_mass × max(avg_loss − 1.519, 0)):
    rc   rootID   mass      avg_loss     score 
    1    134673   7981471   1.5310       94897.4
    5    1228297  331299    1.5600       13520.6
    25   1558502  56247     1.6749       8759.3
    13   1478124  64255     1.6506       8444.1
    7    1382727  78226     1.6266       8407.8
    15   1496355  33624     1.7681       8372.4
    32   1590453  75754     1.6249       8012.5
    28   1573476  45102     1.6910       7752.7
    46   3363850  2236813   1.5225       7474.7
    31   1583443  35959     1.7030       6611.2
    top-10: 24.8% of mass, 70.9% of excess-loss
Epoch 4: loss=1.519103  (20.90 sec, 65 subtrees, 713 chunks, 33736293 nodes)
  residual top-10 (subtree_mass × max(avg_loss − 1.519, 0)):
    rc   rootID   mass      avg_loss     score 
    1    134673   7981471   1.5310       95135.7
    5    1228297  331299    1.5598       13476.5
    25   1558502  56247     1.6749       8764.3
    13   1478124  64255     1.6503       8431.3
    7    1382727  78226     1.6267       8419.7
    15   1496355  33624     1.7685       8385.9
    32   1590453  75754     1.6249       8012.6
    46   3363850  2236813   1.5226       7780.3
    28   1573476  45102     1.6895       7686.8
    31   1583443  35959     1.7020       6575.6
    top-10: 24.8% of mass, 70.9% of excess-loss
Epoch 5: loss=1.519089  (20.89 sec, 65 subtrees, 713 chunks, 33736293 nodes)
  residual top-10 (subtree_mass × max(avg_loss − 1.519, 0)):
    rc   rootID   mass      avg_loss     score 
    1    134673   7981471   1.5310       95022.1
    5    1228297  331299    1.5598       13479.6
    25   1558502  56247     1.6751       8776.9
    13   1478124  64255     1.6519       8533.6
    15   1496355  33624     1.7718       8497.0
    7    1382727  78226     1.6273       8464.6
    32   1590453  75754     1.6265       8136.0
    46   3363850  2236813   1.5225       7656.4
    28   1573476  45102     1.6884       7638.4
    31   1583443  35959     1.7024       6590.7
    top-10: 24.8% of mass, 70.9% of excess-loss
Saved to /home/trans/Projects/agpt/rnd/streaming-agpt-v1/models/seed300_ms_n100_se5_stage97.model
Done.
  Appended optimizer state to /home/trans/Projects/agpt/rnd/streaming-agpt-v1/models/seed300_ms_n100_se5_stage97.model (adam_t=31325)
