AGPT CUDA Training Engine
  Model: d=64 heads=4 layers=2 ff=256 vocab=65 seq=32 head_dim=16
  Loaded 108481 weight floats (423.8 KB)
  Loaded optimizer state from checkpoint (adam_t=17675)
  LR schedule horizon: 500 total SE (override; this call runs 5 SE)
Loading radix trie from /tmp/shake_ms_n100_se5_56pct_d16_radix...
  Radix trie: 4027988 nodes, 20951741 total edge chars, 17 endpoint depths
  Radix loaded: 6750666 counts entries, 34096043 ancestor char entries
  d_split: 2620722/4027988 nodes have a mass=1 ancestor (mean depth 10.04)
  lr-schedule: warmup-cosine (peak=0.003, warmup_epochs=1)
  optimizer: rmsprop (lr=0.003)
  entropy lambda: 1.000 (branching-endpoint icing enabled)
  mass weighting: log (head-of-edge count restores corpus-frequency exposure)
  curriculum: flat (d=max each epoch)
  max edge_len: 15, max ancestor chars: 15, max KV per node: 30, max endpoint depth: 16
  mass=1 compaction: 18234743 / 20951741 chars are mass=1 (87.0%); cache holds 2716998 positions
  loop points: 70074 (mass>1 leaves; 5.0% of 1407265 mass>1 nodes)
  KV cache: 1391.1 MB unified memory (bf16 compact)
  GPU memory: 2933.1 MB used, 5253.8 MB free, 8186.8 MB total
  65 root-child subtrees: sizes min=3 max=640403 avg=61969.0 (total=4027987 radix nodes)
Epoch 1: loss=1.552548  (13.28 sec, 65 subtrees, 459 chunks, 20951740 nodes)
  residual top-10 (subtree_mass × max(avg_loss − 1.553, 0)):
    rc   rootID   mass      avg_loss     score 
    59   3771653  490131    1.7529       98177.7
    54   3057493  287361    1.6256       21001.2
    58   3495259  1742051   1.5611       14824.2
    39   942851   1454888   1.5613       12768.1
    5    721883   146796    1.6320       11657.7
    40   1191578  265492    1.5864       8980.8
    6    747522   414800    1.5734       8645.3
    1    76801    4405859   1.5543       7665.2
    60   3859983  166102    1.5974       7457.3
    7    809039   53634     1.6628       5915.1
    top-10: 38.8% of mass, 79.9% of excess-loss
Epoch 2: loss=1.551752  (12.81 sec, 65 subtrees, 459 chunks, 20951740 nodes)
  residual top-10 (subtree_mass × max(avg_loss − 1.552, 0)):
    rc   rootID   mass      avg_loss     score 
    59   3771653  490131    1.7819       112808.5
    54   3057493  287361    1.6476       27530.1
    58   3495259  1742051   1.5654       23737.4
    40   1191578  265492    1.5945       11349.9
    44   1834908  396738    1.5762       9697.7
    39   942851   1454888   1.5583       9588.2
    5    721883   146796    1.6116       8779.2
    60   3859983  166102    1.5918       6658.8
    7    809039   53634     1.6535       5456.9
    15   876830   21650     1.7306       3871.5
    top-10: 20.7% of mass, 83.8% of excess-loss
Epoch 3: loss=1.545326  (12.82 sec, 65 subtrees, 459 chunks, 20951741 nodes)
  residual top-10 (subtree_mass × max(avg_loss − 1.545, 0)):
    rc   rootID   mass      avg_loss     score 
    59   3771653  490131    1.7061       78815.3
    1    76801    4405859   1.5487       14908.0
    5    721883   146796    1.6335       12938.8
    58   3495259  1742051   1.5527       12788.1
    54   3057493  287361    1.5883       12352.7
    39   942851   1454888   1.5538       12325.1
    6    747522   414800    1.5739       11866.0
    44   1834908  396738    1.5654       7946.0
    40   1191578  265492    1.5751       7916.6
    7    809039   53634     1.6608       6194.8
    top-10: 39.8% of mass, 77.7% of excess-loss
Epoch 4: loss=1.557779  (12.82 sec, 65 subtrees, 459 chunks, 20951741 nodes)
  residual top-10 (subtree_mass × max(avg_loss − 1.558, 0)):
    rc   rootID   mass      avg_loss     score 
    59   3771653  490131    1.8734       154698.3
    58   3495259  1742051   1.5894       55010.0
    54   3057493  287361    1.7239       47727.3
    5    721883   146796    1.6199       9117.1
    60   3859983  166102    1.6009       7169.1
    40   1191578  265492    1.5799       5865.3
    7    809039   53634     1.6541       5164.2
    15   876830   21650     1.7339       3813.5
    32   929512   40125     1.6400       3297.6
    49   2375569  129031    1.5829       3236.1
    top-10: 13.8% of mass, 88.7% of excess-loss
Epoch 5: loss=1.564018  (12.82 sec, 65 subtrees, 459 chunks, 20951740 nodes)
  residual top-10 (subtree_mass × max(avg_loss − 1.564, 0)):
    rc   rootID   mass      avg_loss     score 
    59   3771653  490131    1.8269       128842.4
    58   3495259  1742051   1.6162       90864.2
    54   3057493  287361    1.6830       34193.5
    57   3295608  1170430   1.5731       10620.8
    5    721883   146796    1.6344       10337.5
    60   3859983  166102    1.6096       7575.7
    7    809039   53634     1.6642       5371.2
    40   1191578  265492    1.5836       5206.9
    15   876830   21650     1.7455       3928.0
    6    747522   414800    1.5729       3701.5
    top-10: 19.6% of mass, 88.2% of excess-loss
Saved to /home/trans/Projects/agpt/rnd/streaming-agpt-v1/models/seed300_ms_n100_se5_stage56.model
Done.
  Appended optimizer state to /home/trans/Projects/agpt/rnd/streaming-agpt-v1/models/seed300_ms_n100_se5_stage56.model (adam_t=18000)
