[radix-corpus] corpus: /tmp/shake_ms_n100_se5_95pct.txt (4750000 tokens, vocab=65)
[radix-corpus] max_depth=16, output=/tmp/shake_ms_n100_se5_95pct_d16_radix
[radix-corpus] subtree char=0 (93937 positions): emitted 132037 radix nodes  (cum total 132038, max_ep_depth=16, 0.1s)
[radix-corpus] subtree char=1 (781357 positions): emitted 1065067 radix nodes  (cum total 1197105, max_ep_depth=16, 1.7s)
[radix-corpus] subtree char=2 (5731 positions): emitted 8026 radix nodes  (cum total 1205131, max_ep_depth=16, 1.7s)
[radix-corpus] subtree char=3 (2 positions): emitted 3 radix nodes  (cum total 1205134, max_ep_depth=16, 1.7s)
[radix-corpus] subtree char=4 (4 positions): emitted 5 radix nodes  (cum total 1205139, max_ep_depth=16, 1.7s)
[radix-corpus] subtree char=5 (38522 positions): emitted 51784 radix nodes  (cum total 1256923, max_ep_depth=16, 1.8s)
[radix-corpus] subtree char=6 (73485 positions): emitted 100295 radix nodes  (cum total 1357218, max_ep_depth=16, 1.8s)
[radix-corpus] subtree char=7 (11501 positions): emitted 17104 radix nodes  (cum total 1374322, max_ep_depth=16, 1.8s)
[radix-corpus] subtree char=8 (40581 positions): emitted 55706 radix nodes  (cum total 1430028, max_ep_depth=16, 1.9s)
[radix-corpus] subtree char=9 (122 positions): emitted 140 radix nodes  (cum total 1430168, max_ep_depth=16, 1.9s)
[radix-corpus] subtree char=10 (1183 positions): emitted 1719 radix nodes  (cum total 1431887, max_ep_depth=16, 1.9s)
[radix-corpus] subtree char=11 (8640 positions): emitted 12465 radix nodes  (cum total 1444352, max_ep_depth=16, 1.9s)
[radix-corpus] subtree char=12 (4829 positions): emitted 6697 radix nodes  (cum total 1451049, max_ep_depth=16, 1.9s)
[radix-corpus] subtree char=13 (7685 positions): emitted 10184 radix nodes  (cum total 1461233, max_ep_depth=16, 1.9s)
[radix-corpus] subtree char=14 (5255 positions): emitted 7483 radix nodes  (cum total 1468716, max_ep_depth=16, 1.9s)
[radix-corpus] subtree char=15 (4110 positions): emitted 4920 radix nodes  (cum total 1473636, max_ep_depth=16, 1.9s)
[radix-corpus] subtree char=16 (3296 positions): emitted 4625 radix nodes  (cum total 1478261, max_ep_depth=16, 1.9s)
[radix-corpus] subtree char=17 (3309 positions): emitted 3840 radix nodes  (cum total 1482101, max_ep_depth=16, 1.9s)
[radix-corpus] subtree char=18 (1958 positions): emitted 2771 radix nodes  (cum total 1484872, max_ep_depth=16, 1.9s)
[radix-corpus] subtree char=19 (1752 positions): emitted 2482 radix nodes  (cum total 1487354, max_ep_depth=16, 1.9s)
[radix-corpus] subtree char=20 (6384 positions): emitted 8386 radix nodes  (cum total 1495740, max_ep_depth=16, 1.9s)
[radix-corpus] subtree char=21 (19752 positions): emitted 26082 radix nodes  (cum total 1521822, max_ep_depth=16, 1.9s)
[radix-corpus] subtree char=22 (2119 positions): emitted 3042 radix nodes  (cum total 1524864, max_ep_depth=16, 1.9s)
[radix-corpus] subtree char=23 (668 positions): emitted 937 radix nodes  (cum total 1525801, max_ep_depth=16, 1.9s)
[radix-corpus] subtree char=24 (2873 positions): emitted 4027 radix nodes  (cum total 1529828, max_ep_depth=16, 1.9s)
[radix-corpus] subtree char=25 (6669 positions): emitted 7952 radix nodes  (cum total 1537780, max_ep_depth=16, 1.9s)
[radix-corpus] subtree char=26 (2748 positions): emitted 3903 radix nodes  (cum total 1541683, max_ep_depth=16, 1.9s)
[radix-corpus] subtree char=27 (2011 positions): emitted 2873 radix nodes  (cum total 1544556, max_ep_depth=16, 1.9s)
[radix-corpus] subtree char=28 (5439 positions): emitted 6118 radix nodes  (cum total 1550674, max_ep_depth=16, 1.9s)
[radix-corpus] subtree char=29 (377 positions): emitted 521 radix nodes  (cum total 1551195, max_ep_depth=16, 1.9s)
[radix-corpus] subtree char=30 (2500 positions): emitted 3013 radix nodes  (cum total 1554208, max_ep_depth=16, 1.9s)
[radix-corpus] subtree char=31 (4794 positions): emitted 6866 radix nodes  (cum total 1561074, max_ep_depth=16, 1.9s)
[radix-corpus] subtree char=32 (8746 positions): emitted 11695 radix nodes  (cum total 1572769, max_ep_depth=16, 1.9s)
[radix-corpus] subtree char=33 (301 positions): emitted 405 radix nodes  (cum total 1573174, max_ep_depth=16, 1.9s)
[radix-corpus] subtree char=34 (1008 positions): emitted 1164 radix nodes  (cum total 1574338, max_ep_depth=16, 1.9s)
[radix-corpus] subtree char=35 (5008 positions): emitted 6977 radix nodes  (cum total 1581315, max_ep_depth=16, 1.9s)
[radix-corpus] subtree char=36 (750 positions): emitted 667 radix nodes  (cum total 1581982, max_ep_depth=16, 1.9s)
[radix-corpus] subtree char=37 (1952 positions): emitted 2765 radix nodes  (cum total 1584747, max_ep_depth=16, 1.9s)
[radix-corpus] subtree char=38 (92 positions): emitted 136 radix nodes  (cum total 1584883, max_ep_depth=16, 1.9s)
[radix-corpus] subtree char=39 (290765 positions): emitted 416657 radix nodes  (cum total 2001540, max_ep_depth=16, 2.4s)
[radix-corpus] subtree char=40 (52789 positions): emitted 76101 radix nodes  (cum total 2077641, max_ep_depth=16, 2.4s)
[radix-corpus] subtree char=41 (82731 positions): emitted 118163 radix nodes  (cum total 2195804, max_ep_depth=16, 2.5s)
[radix-corpus] subtree char=42 (160998 positions): emitted 230938 radix nodes  (cum total 2426742, max_ep_depth=16, 2.6s)
[radix-corpus] subtree char=43 (453018 positions): emitted 649431 radix nodes  (cum total 3076173, max_ep_depth=16, 3.4s)
[radix-corpus] subtree char=44 (77715 positions): emitted 112131 radix nodes  (cum total 3188304, max_ep_depth=16, 3.5s)
[radix-corpus] subtree char=45 (75671 positions): emitted 110295 radix nodes  (cum total 3298599, max_ep_depth=16, 3.6s)
[radix-corpus] subtree char=46 (233383 positions): emitted 329687 radix nodes  (cum total 3628286, max_ep_depth=16, 3.8s)
[radix-corpus] subtree char=47 (238232 positions): emitted 340186 radix nodes  (cum total 3968472, max_ep_depth=16, 4.2s)
[radix-corpus] subtree char=48 (3021 positions): emitted 4445 radix nodes  (cum total 3972917, max_ep_depth=16, 4.2s)
[radix-corpus] subtree char=49 (30383 positions): emitted 43850 radix nodes  (cum total 4016767, max_ep_depth=16, 4.2s)
[radix-corpus] subtree char=50 (144855 positions): emitted 210415 radix nodes  (cum total 4227182, max_ep_depth=16, 4.4s)
[radix-corpus] subtree char=51 (89516 positions): emitted 129320 radix nodes  (cum total 4356502, max_ep_depth=16, 4.4s)
[radix-corpus] subtree char=52 (256747 positions): emitted 370083 radix nodes  (cum total 4726585, max_ep_depth=16, 4.9s)
[radix-corpus] subtree char=53 (276136 positions): emitted 396737 radix nodes  (cum total 5123322, max_ep_depth=16, 5.3s)
[radix-corpus] subtree char=54 (58047 positions): emitted 83884 radix nodes  (cum total 5207206, max_ep_depth=16, 5.4s)
[radix-corpus] subtree char=55 (3938 positions): emitted 5532 radix nodes  (cum total 5212738, max_ep_depth=16, 5.4s)
[radix-corpus] subtree char=56 (209584 positions): emitted 302736 radix nodes  (cum total 5515474, max_ep_depth=16, 5.6s)
[radix-corpus] subtree char=57 (229254 positions): emitted 329849 radix nodes  (cum total 5845323, max_ep_depth=16, 5.9s)
[radix-corpus] subtree char=58 (322814 positions): emitted 456752 radix nodes  (cum total 6302075, max_ep_depth=16, 6.4s)
[radix-corpus] subtree char=59 (101643 positions): emitted 146464 radix nodes  (cum total 6448539, max_ep_depth=16, 6.5s)
[radix-corpus] subtree char=60 (35045 positions): emitted 50696 radix nodes  (cum total 6499235, max_ep_depth=16, 6.5s)
[radix-corpus] subtree char=61 (83554 positions): emitted 118954 radix nodes  (cum total 6618189, max_ep_depth=16, 6.5s)
[radix-corpus] subtree char=62 (4634 positions): emitted 6740 radix nodes  (cum total 6624929, max_ep_depth=16, 6.5s)
[radix-corpus] subtree char=63 (71398 positions): emitted 104175 radix nodes  (cum total 6729104, max_ep_depth=16, 6.6s)
[radix-corpus] subtree char=64 (2679 positions): emitted 3831 radix nodes  (cum total 6732935, max_ep_depth=16, 6.6s)
[radix-corpus] done: 6732935 radix nodes, 33134519 total edge chars, 17 endpoint depths, 6.6s
  radix_count:        6732935
  total_edge_chars:   33134519
  max_endpoint_depth: 16
