[radix-corpus] corpus: /tmp/shake_ms_n100_se5_44pct.txt (2200000 tokens, vocab=65)
[radix-corpus] max_depth=16, output=/tmp/shake_ms_n100_se5_44pct_d16_radix
[radix-corpus] subtree char=0 (41125 positions): emitted 58883 radix nodes  (cum total 58884, max_ep_depth=16, 0.0s)
[radix-corpus] subtree char=1 (359928 positions): emitted 504151 radix nodes  (cum total 563035, max_ep_depth=16, 0.6s)
[radix-corpus] subtree char=2 (2447 positions): emitted 3530 radix nodes  (cum total 566565, max_ep_depth=16, 0.6s)
[radix-corpus] subtree char=3 (2 positions): emitted 3 radix nodes  (cum total 566568, max_ep_depth=16, 0.6s)
[radix-corpus] subtree char=4 (3 positions): emitted 4 radix nodes  (cum total 566572, max_ep_depth=16, 0.6s)
[radix-corpus] subtree char=5 (12785 positions): emitted 17750 radix nodes  (cum total 584322, max_ep_depth=16, 0.6s)
[radix-corpus] subtree char=6 (33516 positions): emitted 47295 radix nodes  (cum total 631617, max_ep_depth=16, 0.6s)
[radix-corpus] subtree char=7 (6542 positions): emitted 9751 radix nodes  (cum total 641368, max_ep_depth=16, 0.6s)
[radix-corpus] subtree char=8 (16543 positions): emitted 22907 radix nodes  (cum total 664275, max_ep_depth=16, 0.7s)
[radix-corpus] subtree char=9 (113 positions): emitted 129 radix nodes  (cum total 664404, max_ep_depth=16, 0.7s)
[radix-corpus] subtree char=10 (561 positions): emitted 813 radix nodes  (cum total 665217, max_ep_depth=16, 0.7s)
[radix-corpus] subtree char=11 (6245 positions): emitted 8996 radix nodes  (cum total 674213, max_ep_depth=16, 0.7s)
[radix-corpus] subtree char=12 (1819 positions): emitted 2638 radix nodes  (cum total 676851, max_ep_depth=16, 0.7s)
[radix-corpus] subtree char=13 (3285 positions): emitted 4570 radix nodes  (cum total 681421, max_ep_depth=16, 0.7s)
[radix-corpus] subtree char=14 (2634 positions): emitted 3755 radix nodes  (cum total 685176, max_ep_depth=16, 0.7s)
[radix-corpus] subtree char=15 (2159 positions): emitted 2662 radix nodes  (cum total 687838, max_ep_depth=16, 0.7s)
[radix-corpus] subtree char=16 (1424 positions): emitted 2080 radix nodes  (cum total 689918, max_ep_depth=16, 0.7s)
[radix-corpus] subtree char=17 (1672 positions): emitted 2006 radix nodes  (cum total 691924, max_ep_depth=16, 0.7s)
[radix-corpus] subtree char=18 (1003 positions): emitted 1439 radix nodes  (cum total 693363, max_ep_depth=16, 0.7s)
[radix-corpus] subtree char=19 (846 positions): emitted 1173 radix nodes  (cum total 694536, max_ep_depth=16, 0.7s)
[radix-corpus] subtree char=20 (2408 positions): emitted 3241 radix nodes  (cum total 697777, max_ep_depth=16, 0.7s)
[radix-corpus] subtree char=21 (6838 positions): emitted 9309 radix nodes  (cum total 707086, max_ep_depth=16, 0.7s)
[radix-corpus] subtree char=22 (688 positions): emitted 991 radix nodes  (cum total 708077, max_ep_depth=16, 0.7s)
[radix-corpus] subtree char=23 (233 positions): emitted 318 radix nodes  (cum total 708395, max_ep_depth=16, 0.7s)
[radix-corpus] subtree char=24 (1725 positions): emitted 2363 radix nodes  (cum total 710758, max_ep_depth=16, 0.7s)
[radix-corpus] subtree char=25 (3027 positions): emitted 3820 radix nodes  (cum total 714578, max_ep_depth=16, 0.7s)
[radix-corpus] subtree char=26 (1171 positions): emitted 1671 radix nodes  (cum total 716249, max_ep_depth=16, 0.7s)
[radix-corpus] subtree char=27 (852 positions): emitted 1204 radix nodes  (cum total 717453, max_ep_depth=16, 0.7s)
[radix-corpus] subtree char=28 (1556 positions): emitted 2072 radix nodes  (cum total 719525, max_ep_depth=16, 0.7s)
[radix-corpus] subtree char=29 (327 positions): emitted 451 radix nodes  (cum total 719976, max_ep_depth=16, 0.7s)
[radix-corpus] subtree char=30 (910 positions): emitted 1182 radix nodes  (cum total 721158, max_ep_depth=16, 0.7s)
[radix-corpus] subtree char=31 (2656 positions): emitted 3817 radix nodes  (cum total 724975, max_ep_depth=16, 0.7s)
[radix-corpus] subtree char=32 (3786 positions): emitted 5276 radix nodes  (cum total 730251, max_ep_depth=16, 0.7s)
[radix-corpus] subtree char=33 (150 positions): emitted 216 radix nodes  (cum total 730467, max_ep_depth=16, 0.7s)
[radix-corpus] subtree char=34 (228 positions): emitted 291 radix nodes  (cum total 730758, max_ep_depth=16, 0.7s)
[radix-corpus] subtree char=35 (2096 positions): emitted 2957 radix nodes  (cum total 733715, max_ep_depth=16, 0.7s)
[radix-corpus] subtree char=36 (161 positions): emitted 187 radix nodes  (cum total 733902, max_ep_depth=16, 0.7s)
[radix-corpus] subtree char=37 (704 positions): emitted 1050 radix nodes  (cum total 734952, max_ep_depth=16, 0.7s)
[radix-corpus] subtree char=38 (20 positions): emitted 30 radix nodes  (cum total 734982, max_ep_depth=16, 0.7s)
[radix-corpus] subtree char=39 (134911 positions): emitted 196248 radix nodes  (cum total 931230, max_ep_depth=16, 0.8s)
[radix-corpus] subtree char=40 (26582 positions): emitted 38824 radix nodes  (cum total 970054, max_ep_depth=16, 0.8s)
[radix-corpus] subtree char=41 (39333 positions): emitted 57120 radix nodes  (cum total 1027174, max_ep_depth=16, 0.9s)
[radix-corpus] subtree char=42 (69205 positions): emitted 101105 radix nodes  (cum total 1128279, max_ep_depth=16, 0.9s)
[radix-corpus] subtree char=43 (213123 positions): emitted 310534 radix nodes  (cum total 1438813, max_ep_depth=16, 1.2s)
[radix-corpus] subtree char=44 (36905 positions): emitted 53640 radix nodes  (cum total 1492453, max_ep_depth=16, 1.2s)
[radix-corpus] subtree char=45 (34854 positions): emitted 51155 radix nodes  (cum total 1543608, max_ep_depth=16, 1.2s)
[radix-corpus] subtree char=46 (109545 positions): emitted 158143 radix nodes  (cum total 1701751, max_ep_depth=16, 1.3s)
[radix-corpus] subtree char=47 (112275 positions): emitted 162890 radix nodes  (cum total 1864641, max_ep_depth=16, 1.5s)
[radix-corpus] subtree char=48 (1568 positions): emitted 2326 radix nodes  (cum total 1866967, max_ep_depth=16, 1.5s)
[radix-corpus] subtree char=49 (12829 positions): emitted 18729 radix nodes  (cum total 1885696, max_ep_depth=16, 1.5s)
[radix-corpus] subtree char=50 (71562 positions): emitted 104742 radix nodes  (cum total 1990438, max_ep_depth=16, 1.5s)
[radix-corpus] subtree char=51 (40532 positions): emitted 59254 radix nodes  (cum total 2049692, max_ep_depth=16, 1.5s)
[radix-corpus] subtree char=52 (118436 positions): emitted 172908 radix nodes  (cum total 2222600, max_ep_depth=16, 1.7s)
[radix-corpus] subtree char=53 (126122 positions): emitted 183624 radix nodes  (cum total 2406224, max_ep_depth=16, 1.9s)
[radix-corpus] subtree char=54 (28051 positions): emitted 41002 radix nodes  (cum total 2447226, max_ep_depth=16, 1.9s)
[radix-corpus] subtree char=55 (2144 positions): emitted 3049 radix nodes  (cum total 2450275, max_ep_depth=16, 1.9s)
[radix-corpus] subtree char=56 (97647 positions): emitted 142664 radix nodes  (cum total 2592939, max_ep_depth=16, 2.0s)
[radix-corpus] subtree char=57 (109370 positions): emitted 159580 radix nodes  (cum total 2752519, max_ep_depth=16, 2.1s)
[radix-corpus] subtree char=58 (152023 positions): emitted 219292 radix nodes  (cum total 2971811, max_ep_depth=16, 2.3s)
[radix-corpus] subtree char=59 (47793 positions): emitted 69653 radix nodes  (cum total 3041464, max_ep_depth=16, 2.3s)
[radix-corpus] subtree char=60 (16077 positions): emitted 23556 radix nodes  (cum total 3065020, max_ep_depth=16, 2.3s)
[radix-corpus] subtree char=61 (37669 positions): emitted 54706 radix nodes  (cum total 3119726, max_ep_depth=16, 2.3s)
[radix-corpus] subtree char=62 (2154 positions): emitted 3217 radix nodes  (cum total 3122943, max_ep_depth=16, 2.3s)
[radix-corpus] subtree char=63 (33454 positions): emitted 49334 radix nodes  (cum total 3172277, max_ep_depth=16, 2.4s)
[radix-corpus] subtree char=64 (1648 positions): emitted 2307 radix nodes  (cum total 3174584, max_ep_depth=16, 2.4s)
[radix-corpus] done: 3174584 radix nodes, 16930991 total edge chars, 17 endpoint depths, 2.36s
  radix_count:        3174584
  total_edge_chars:   16930991
  max_endpoint_depth: 16
