AGPT CUDA Training Engine
  Model: d=64 heads=4 layers=2 ff=256 vocab=65 seq=32 head_dim=16
  Loaded 108481 weight floats (423.8 KB)
  Loaded optimizer state from checkpoint (adam_t=19300)
  LR schedule horizon: 500 total SE (override; this call runs 5 SE)
Loading radix trie from /tmp/shake_ms_n100_se5_61pct_d16_radix...
  Radix trie: 4379545 nodes, 22570428 total edge chars, 17 endpoint depths
  Radix loaded: 7341720 counts entries, 37381153 ancestor char entries
  d_split: 2846242/4379545 nodes have a mass=1 ancestor (mean depth 10.11)
  lr-schedule: warmup-cosine (peak=0.003, warmup_epochs=1)
  optimizer: rmsprop (lr=0.003)
  entropy lambda: 1.000 (branching-endpoint icing enabled)
  mass weighting: log (head-of-edge count restores corpus-frequency exposure)
  curriculum: flat (d=max each epoch)
  max edge_len: 15, max ancestor chars: 15, max KV per node: 30, max endpoint depth: 16
  mass=1 compaction: 19608287 / 22570428 chars are mass=1 (86.9%); cache holds 2962141 positions
  loop points: 79467 (mass>1 leaves; 5.2% of 1533302 mass>1 nodes)
  KV cache: 1516.6 MB unified memory (bf16 compact)
  GPU memory: 2962.4 MB used, 5224.4 MB free, 8186.8 MB total
  65 root-child subtrees: sizes min=3 max=697318 avg=67377.6 (total=4379544 radix nodes)
Epoch 1: loss=1.567305  (14.00 sec, 65 subtrees, 493 chunks, 22570428 nodes)
  residual top-10 (subtree_mass × max(avg_loss − 1.567, 0)):
    rc   rootID   mass      avg_loss     score 
    59   4100075  538190    1.7824       115751.1
    58   3800209  1907070   1.5956       53921.0
    54   3327660  314503    1.6136       14569.1
    5    786408   171338    1.6416       12723.8
    60   4196099  181894    1.6104       7837.6
    44   1999564  431116    1.5814       6094.4
    40   1300630  290936    1.5880       6018.7
    7    882832   58512     1.6657       5756.1
    39   1029478  1603507   1.5706       5352.3
    6    815689   458521    1.5789       5306.9
    top-10: 22.4% of mass, 83.5% of excess-loss
Epoch 2: loss=1.563315  (13.83 sec, 65 subtrees, 493 chunks, 22570428 nodes)
  residual top-10 (subtree_mass × max(avg_loss − 1.563, 0)):
    rc   rootID   mass      avg_loss     score 
    59   4100075  538190    1.6800       62821.5
    1    83966    4842206   1.5722       42897.7
    39   1029478  1603507   1.5729       15420.8
    5    786408   171338    1.6358       12417.8
    44   1999564  431116    1.5853       9488.0
    54   3327660  314503    1.5881       7804.3
    40   1300630  290936    1.5888       7420.4
    6    815689   458521    1.5792       7296.4
    7    882832   58512     1.6667       6046.4
    32   1014913  43286     1.6640       4358.1
    top-10: 32.8% of mass, 78.7% of excess-loss
Epoch 3: loss=1.564265  (13.85 sec, 65 subtrees, 493 chunks, 22570428 nodes)
  residual top-10 (subtree_mass × max(avg_loss − 1.564, 0)):
    rc   rootID   mass      avg_loss     score 
    59   4100075  538190    1.7016       73909.7
    54   3327660  314503    1.6544       28355.5
    58   3800209  1907070   1.5763       22944.4
    5    786408   171338    1.6329       11755.0
    44   1999564  431116    1.5852       9024.1
    1    83966    4842206   1.5658       7605.3
    39   1029478  1603507   1.5684       6569.3
    7    882832   58512     1.6635       5805.3
    40   1300630  290936    1.5840       5755.8
    6    815689   458521    1.5758       5303.8
    top-10: 39.8% of mass, 78.4% of excess-loss
Epoch 4: loss=1.570490  (13.85 sec, 65 subtrees, 493 chunks, 22570428 nodes)
  residual top-10 (subtree_mass × max(avg_loss − 1.570, 0)):
    rc   rootID   mass      avg_loss     score 
    59   4100075  538190    1.7126       76457.4
    58   3800209  1907070   1.5828       23499.0
    54   3327660  314503    1.6241       16857.2
    5    786408   171338    1.6522       14002.5
    6    815689   458521    1.5935       10540.8
    39   1029478  1603507   1.5763       9345.2
    44   1999564  431116    1.5914       9018.7
    60   4196099  181894    1.6095       7099.5
    40   1300630  290936    1.5923       6350.8
    7    882832   58512     1.6747       6097.1
    top-10: 22.4% of mass, 79.8% of excess-loss
Epoch 5: loss=1.566951  (13.85 sec, 65 subtrees, 493 chunks, 22570428 nodes)
  residual top-10 (subtree_mass × max(avg_loss − 1.567, 0)):
    rc   rootID   mass      avg_loss     score 
    59   4100075  538190    1.6490       44172.0
    1    83966    4842206   1.5748       37941.1
    39   1029478  1603507   1.5794       19986.4
    5    786408   171338    1.6472       13744.3
    6    815689   458521    1.5899       10533.3
    44   1999564  431116    1.5913       10504.6
    40   1300630  290936    1.6029       10471.0
    54   3327660  314503    1.5899       7207.1
    7    882832   58512     1.6736       6243.0
    32   1014913  43286     1.6734       4605.8
    top-10: 32.8% of mass, 78.2% of excess-loss
Saved to /home/trans/Projects/agpt/rnd/streaming-agpt-v1/models/seed200_ms_n100_se5_stage61.model
Done.
  Appended optimizer state to /home/trans/Projects/agpt/rnd/streaming-agpt-v1/models/seed200_ms_n100_se5_stage61.model (adam_t=19625)
