[radix-corpus] corpus: /tmp/shake_ms_n100_se5_62pct.txt (3100000 tokens, vocab=65)
[radix-corpus] max_depth=16, output=/tmp/shake_ms_n100_se5_62pct_d16_radix
[radix-corpus] subtree char=0 (59645 positions): emitted 85355 radix nodes  (cum total 85356, max_ep_depth=16, 0.1s)
[radix-corpus] subtree char=1 (509471 positions): emitted 708500 radix nodes  (cum total 793856, max_ep_depth=16, 1.0s)
[radix-corpus] subtree char=2 (3640 positions): emitted 5179 radix nodes  (cum total 799035, max_ep_depth=16, 1.0s)
[radix-corpus] subtree char=3 (2 positions): emitted 3 radix nodes  (cum total 799038, max_ep_depth=16, 1.0s)
[radix-corpus] subtree char=4 (3 positions): emitted 4 radix nodes  (cum total 799042, max_ep_depth=16, 1.0s)
[radix-corpus] subtree char=5 (21936 positions): emitted 29936 radix nodes  (cum total 828978, max_ep_depth=16, 1.0s)
[radix-corpus] subtree char=6 (49033 positions): emitted 68185 radix nodes  (cum total 897163, max_ep_depth=16, 1.0s)
[radix-corpus] subtree char=7 (9064 positions): emitted 13517 radix nodes  (cum total 910680, max_ep_depth=16, 1.0s)
[radix-corpus] subtree char=8 (24615 positions): emitted 34140 radix nodes  (cum total 944820, max_ep_depth=16, 1.1s)
[radix-corpus] subtree char=9 (113 positions): emitted 129 radix nodes  (cum total 944949, max_ep_depth=16, 1.1s)
[radix-corpus] subtree char=10 (771 positions): emitted 1112 radix nodes  (cum total 946061, max_ep_depth=16, 1.1s)
[radix-corpus] subtree char=11 (7468 positions): emitted 10787 radix nodes  (cum total 956848, max_ep_depth=16, 1.1s)
[radix-corpus] subtree char=12 (2894 positions): emitted 4114 radix nodes  (cum total 960962, max_ep_depth=16, 1.1s)
[radix-corpus] subtree char=13 (4291 positions): emitted 6037 radix nodes  (cum total 966999, max_ep_depth=16, 1.1s)
[radix-corpus] subtree char=14 (3365 positions): emitted 4809 radix nodes  (cum total 971808, max_ep_depth=16, 1.1s)
[radix-corpus] subtree char=15 (2906 positions): emitted 3708 radix nodes  (cum total 975516, max_ep_depth=16, 1.1s)
[radix-corpus] subtree char=16 (2223 positions): emitted 3122 radix nodes  (cum total 978638, max_ep_depth=16, 1.1s)
[radix-corpus] subtree char=17 (2062 positions): emitted 2567 radix nodes  (cum total 981205, max_ep_depth=16, 1.1s)
[radix-corpus] subtree char=18 (1321 positions): emitted 1876 radix nodes  (cum total 983081, max_ep_depth=16, 1.1s)
[radix-corpus] subtree char=19 (1131 positions): emitted 1580 radix nodes  (cum total 984661, max_ep_depth=16, 1.1s)
[radix-corpus] subtree char=20 (3525 positions): emitted 4856 radix nodes  (cum total 989517, max_ep_depth=16, 1.1s)
[radix-corpus] subtree char=21 (11770 positions): emitted 16077 radix nodes  (cum total 1005594, max_ep_depth=16, 1.1s)
[radix-corpus] subtree char=22 (1541 positions): emitted 2219 radix nodes  (cum total 1007813, max_ep_depth=16, 1.1s)
[radix-corpus] subtree char=23 (275 positions): emitted 380 radix nodes  (cum total 1008193, max_ep_depth=16, 1.1s)
[radix-corpus] subtree char=24 (2401 positions): emitted 3350 radix nodes  (cum total 1011543, max_ep_depth=16, 1.1s)
[radix-corpus] subtree char=25 (4865 positions): emitted 5839 radix nodes  (cum total 1017382, max_ep_depth=16, 1.1s)
[radix-corpus] subtree char=26 (1634 positions): emitted 2349 radix nodes  (cum total 1019731, max_ep_depth=16, 1.1s)
[radix-corpus] subtree char=27 (1208 positions): emitted 1707 radix nodes  (cum total 1021438, max_ep_depth=16, 1.1s)
[radix-corpus] subtree char=28 (2331 positions): emitted 3140 radix nodes  (cum total 1024578, max_ep_depth=16, 1.1s)
[radix-corpus] subtree char=29 (355 positions): emitted 491 radix nodes  (cum total 1025069, max_ep_depth=16, 1.1s)
[radix-corpus] subtree char=30 (1109 positions): emitted 1473 radix nodes  (cum total 1026542, max_ep_depth=16, 1.1s)
[radix-corpus] subtree char=31 (3511 positions): emitted 5008 radix nodes  (cum total 1031550, max_ep_depth=16, 1.1s)
[radix-corpus] subtree char=32 (5432 positions): emitted 7619 radix nodes  (cum total 1039169, max_ep_depth=16, 1.1s)
[radix-corpus] subtree char=33 (222 positions): emitted 287 radix nodes  (cum total 1039456, max_ep_depth=16, 1.1s)
[radix-corpus] subtree char=34 (349 positions): emitted 463 radix nodes  (cum total 1039919, max_ep_depth=16, 1.1s)
[radix-corpus] subtree char=35 (3022 positions): emitted 4258 radix nodes  (cum total 1044177, max_ep_depth=16, 1.1s)
[radix-corpus] subtree char=36 (289 positions): emitted 372 radix nodes  (cum total 1044549, max_ep_depth=16, 1.1s)
[radix-corpus] subtree char=37 (1190 positions): emitted 1733 radix nodes  (cum total 1046282, max_ep_depth=16, 1.1s)
[radix-corpus] subtree char=38 (21 positions): emitted 31 radix nodes  (cum total 1046313, max_ep_depth=16, 1.1s)
[radix-corpus] subtree char=39 (190486 positions): emitted 275640 radix nodes  (cum total 1321953, max_ep_depth=16, 1.3s)
[radix-corpus] subtree char=40 (36211 positions): emitted 52632 radix nodes  (cum total 1374585, max_ep_depth=16, 1.4s)
[radix-corpus] subtree char=41 (54325 positions): emitted 78574 radix nodes  (cum total 1453159, max_ep_depth=16, 1.4s)
[radix-corpus] subtree char=42 (101488 positions): emitted 147391 radix nodes  (cum total 1600550, max_ep_depth=16, 1.5s)
[radix-corpus] subtree char=43 (297823 positions): emitted 431701 radix nodes  (cum total 2032251, max_ep_depth=16, 2.0s)
[radix-corpus] subtree char=44 (51548 positions): emitted 74841 radix nodes  (cum total 2107092, max_ep_depth=16, 2.1s)
[radix-corpus] subtree char=45 (49173 positions): emitted 72023 radix nodes  (cum total 2179115, max_ep_depth=16, 2.1s)
[radix-corpus] subtree char=46 (153035 positions): emitted 219542 radix nodes  (cum total 2398657, max_ep_depth=16, 2.3s)
[radix-corpus] subtree char=47 (155744 positions): emitted 224804 radix nodes  (cum total 2623461, max_ep_depth=16, 2.5s)
[radix-corpus] subtree char=48 (1990 positions): emitted 2930 radix nodes  (cum total 2626391, max_ep_depth=16, 2.5s)
[radix-corpus] subtree char=49 (18913 positions): emitted 27482 radix nodes  (cum total 2653873, max_ep_depth=16, 2.5s)
[radix-corpus] subtree char=50 (96422 positions): emitted 140733 radix nodes  (cum total 2794606, max_ep_depth=16, 2.6s)
[radix-corpus] subtree char=51 (58099 positions): emitted 84593 radix nodes  (cum total 2879199, max_ep_depth=16, 2.6s)
[radix-corpus] subtree char=52 (166331 positions): emitted 241878 radix nodes  (cum total 3121077, max_ep_depth=16, 2.8s)
[radix-corpus] subtree char=53 (179578 positions): emitted 260186 radix nodes  (cum total 3381263, max_ep_depth=16, 3.0s)
[radix-corpus] subtree char=54 (38877 positions): emitted 56585 radix nodes  (cum total 3437848, max_ep_depth=16, 3.0s)
[radix-corpus] subtree char=55 (2812 positions): emitted 3998 radix nodes  (cum total 3441846, max_ep_depth=16, 3.0s)
[radix-corpus] subtree char=56 (137561 positions): emitted 200349 radix nodes  (cum total 3642195, max_ep_depth=16, 3.2s)
[radix-corpus] subtree char=57 (150815 positions): emitted 218904 radix nodes  (cum total 3861099, max_ep_depth=16, 3.3s)
[radix-corpus] subtree char=58 (212393 positions): emitted 304690 radix nodes  (cum total 4165789, max_ep_depth=16, 3.6s)
[radix-corpus] subtree char=59 (67307 positions): emitted 97704 radix nodes  (cum total 4263493, max_ep_depth=16, 3.6s)
[radix-corpus] subtree char=60 (22099 positions): emitted 32186 radix nodes  (cum total 4295679, max_ep_depth=16, 3.7s)
[radix-corpus] subtree char=61 (53760 positions): emitted 77555 radix nodes  (cum total 4373234, max_ep_depth=16, 3.7s)
[radix-corpus] subtree char=62 (2946 positions): emitted 4367 radix nodes  (cum total 4377601, max_ep_depth=16, 3.7s)
[radix-corpus] subtree char=63 (47398 positions): emitted 69594 radix nodes  (cum total 4447195, max_ep_depth=16, 3.7s)
[radix-corpus] subtree char=64 (1862 positions): emitted 2617 radix nodes  (cum total 4449812, max_ep_depth=16, 3.7s)
[radix-corpus] done: 4449812 radix nodes, 22887891 total edge chars, 17 endpoint depths, 3.73s
  radix_count:        4449812
  total_edge_chars:   22887891
  max_endpoint_depth: 16
