AGPT CUDA Training Engine
  Model: d=64 heads=4 layers=2 ff=256 vocab=65 seq=32 head_dim=16
  Loaded 108481 weight floats (423.8 KB)
  Loaded optimizer state from checkpoint (adam_t=29375)
  LR schedule horizon: 500 total SE (override; this call runs 5 SE)
Loading radix trie from /tmp/shake_ms_n100_se5_92pct_d16_radix...
  Radix trie: 6527369 nodes, 32231224 total edge chars, 17 endpoint depths
  Radix loaded: 10961084 counts entries, 57816982 ancestor char entries
  d_split: 4221658/6527369 nodes have a mass=1 ancestor (mean depth 10.42)
  lr-schedule: warmup-cosine (peak=0.003, warmup_epochs=1)
  optimizer: rmsprop (lr=0.003)
  entropy lambda: 1.000 (branching-endpoint icing enabled)
  mass weighting: log (head-of-edge count restores corpus-frequency exposure)
  curriculum: flat (d=max each epoch)
  max edge_len: 15, max ancestor chars: 15, max KV per node: 30, max endpoint depth: 16
  mass=1 compaction: 27773493 / 32231224 chars are mass=1 (86.2%); cache holds 4457731 positions
  loop points: 142626 (mass>1 leaves; 6.2% of 2305710 mass>1 nodes)
  KV cache: 2282.4 MB unified memory (bf16 compact)
  GPU memory: 3073.6 MB used, 5113.2 MB free, 8186.8 MB total
  65 root-child subtrees: sizes min=3 max=1033572 avg=100421.0 (total=6527368 radix nodes)
Epoch 1: loss=1.516448  (20.10 sec, 65 subtrees, 687 chunks, 32231223 nodes)
  residual top-10 (subtree_mass × max(avg_loss − 1.516, 0)):
    rc   rootID   mass      avg_loss     score 
    1    128006   7546945   1.5282       88609.8
    5    1169478  313820    1.5606       13864.4
    7    1317136  76150     1.6269       8411.9
    25   1485127  54722     1.6673       8254.7
    13   1408497  58590     1.6525       7968.9
    46   3199426  2114067   1.5201       7694.7
    15   1425510  32530     1.7488       7558.2
    32   1515131  71610     1.6200       7417.5
    28   1499495  38590     1.6795       6293.7
    31   1508391  34423     1.6947       6137.5
    top-10: 24.8% of mass, 70.9% of excess-loss
Epoch 2: loss=1.516276  (19.90 sec, 65 subtrees, 687 chunks, 32231223 nodes)
  residual top-10 (subtree_mass × max(avg_loss − 1.516, 0)):
    rc   rootID   mass      avg_loss     score 
    1    128006   7546945   1.5280       88815.6
    5    1169478  313820    1.5599       13680.8
    7    1317136  76150     1.6265       8393.7
    25   1485127  54722     1.6669       8243.3
    13   1408497  58590     1.6523       7970.3
    46   3199426  2114067   1.5199       7653.4
    15   1425510  32530     1.7494       7582.3
    32   1515131  71610     1.6193       7375.1
    28   1499495  38590     1.6806       6342.7
    31   1508391  34423     1.6940       6116.1
    top-10: 24.8% of mass, 70.9% of excess-loss
Epoch 3: loss=1.516468  (19.93 sec, 65 subtrees, 687 chunks, 32231224 nodes)
  residual top-10 (subtree_mass × max(avg_loss − 1.516, 0)):
    rc   rootID   mass      avg_loss     score 
    1    128006   7546945   1.5279       86329.0
    5    1169478  313820    1.5589       13310.1
    46   3199426  2114067   1.5205       8452.0
    7    1317136  76150     1.6259       8335.2
    25   1485127  54722     1.6680       8292.2
    13   1408497  58590     1.6525       7967.4
    15   1425510  32530     1.7508       7622.3
    32   1515131  71610     1.6205       7446.6
    28   1499495  38590     1.6803       6323.5
    44   2983757  660414    1.5258       6152.2
    top-10: 26.3% of mass, 70.7% of excess-loss
Epoch 4: loss=1.516546  (19.92 sec, 65 subtrees, 687 chunks, 32231223 nodes)
  residual top-10 (subtree_mass × max(avg_loss − 1.517, 0)):
    rc   rootID   mass      avg_loss     score 
    1    128006   7546945   1.5283       89074.3
    5    1169478  313820    1.5591       13368.4
    7    1317136  76150     1.6268       8392.1
    25   1485127  54722     1.6667       8215.4
    13   1408497  58590     1.6531       7999.3
    46   3199426  2114067   1.5202       7722.5
    15   1425510  32530     1.7529       7689.3
    32   1515131  71610     1.6203       7432.7
    28   1499495  38590     1.6804       6322.0
    31   1508391  34423     1.6970       6212.1
    top-10: 24.8% of mass, 71.0% of excess-loss
Epoch 5: loss=1.516335  (19.92 sec, 65 subtrees, 687 chunks, 32231224 nodes)
  residual top-10 (subtree_mass × max(avg_loss − 1.516, 0)):
    rc   rootID   mass      avg_loss     score 
    1    128006   7546945   1.5282       89349.3
    5    1169478  313820    1.5581       13119.5
    7    1317136  76150     1.6268       8410.8
    25   1485127  54722     1.6667       8229.6
    13   1408497  58590     1.6530       8004.9
    46   3199426  2114067   1.5201       7992.1
    15   1425510  32530     1.7493       7579.8
    32   1515131  71610     1.6198       7408.3
    28   1499495  38590     1.6786       6263.5
    31   1508391  34423     1.6958       6177.2
    top-10: 24.8% of mass, 71.0% of excess-loss
Saved to /home/trans/Projects/agpt/rnd/streaming-agpt-v1/models/seed300_ms_n100_se5_stage92.model
Done.
  Appended optimizer state to /home/trans/Projects/agpt/rnd/streaming-agpt-v1/models/seed300_ms_n100_se5_stage92.model (adam_t=29700)
