[radix-corpus] corpus: /tmp/shake_ms_n100_se5_30pct.txt (1500000 tokens, vocab=65)
[radix-corpus] max_depth=16, output=/tmp/shake_ms_n100_se5_30pct_d16_radix
[radix-corpus] subtree char=0 (27904 positions): emitted 39736 radix nodes  (cum total 39737, max_ep_depth=16, 0.0s)
[radix-corpus] subtree char=1 (247363 positions): emitted 345904 radix nodes  (cum total 385641, max_ep_depth=16, 0.5s)
[radix-corpus] subtree char=2 (1334 positions): emitted 1944 radix nodes  (cum total 387585, max_ep_depth=16, 0.5s)
[radix-corpus] subtree char=3 (2 positions): emitted 3 radix nodes  (cum total 387588, max_ep_depth=16, 0.5s)
[radix-corpus] subtree char=4 (1 positions): emitted 1 radix nodes  (cum total 387589, max_ep_depth=16, 0.5s)
[radix-corpus] subtree char=5 (8425 positions): emitted 11713 radix nodes  (cum total 399302, max_ep_depth=16, 0.5s)
[radix-corpus] subtree char=6 (21812 positions): emitted 30934 radix nodes  (cum total 430236, max_ep_depth=16, 0.5s)
[radix-corpus] subtree char=7 (3910 positions): emitted 5816 radix nodes  (cum total 436052, max_ep_depth=16, 0.5s)
[radix-corpus] subtree char=8 (11701 positions): emitted 16089 radix nodes  (cum total 452141, max_ep_depth=16, 0.5s)
[radix-corpus] subtree char=9 (96 positions): emitted 119 radix nodes  (cum total 452260, max_ep_depth=16, 0.5s)
[radix-corpus] subtree char=10 (394 positions): emitted 561 radix nodes  (cum total 452821, max_ep_depth=16, 0.5s)
[radix-corpus] subtree char=11 (4131 positions): emitted 5916 radix nodes  (cum total 458737, max_ep_depth=16, 0.5s)
[radix-corpus] subtree char=12 (1088 positions): emitted 1593 radix nodes  (cum total 460330, max_ep_depth=16, 0.5s)
[radix-corpus] subtree char=13 (2050 positions): emitted 2860 radix nodes  (cum total 463190, max_ep_depth=16, 0.5s)
[radix-corpus] subtree char=14 (2002 positions): emitted 2838 radix nodes  (cum total 466028, max_ep_depth=16, 0.5s)
[radix-corpus] subtree char=15 (1636 positions): emitted 1998 radix nodes  (cum total 468026, max_ep_depth=16, 0.5s)
[radix-corpus] subtree char=16 (997 positions): emitted 1469 radix nodes  (cum total 469495, max_ep_depth=16, 0.5s)
[radix-corpus] subtree char=17 (1357 positions): emitted 1603 radix nodes  (cum total 471098, max_ep_depth=16, 0.5s)
[radix-corpus] subtree char=18 (625 positions): emitted 890 radix nodes  (cum total 471988, max_ep_depth=16, 0.5s)
[radix-corpus] subtree char=19 (574 positions): emitted 776 radix nodes  (cum total 472764, max_ep_depth=16, 0.5s)
[radix-corpus] subtree char=20 (1692 positions): emitted 2263 radix nodes  (cum total 475027, max_ep_depth=16, 0.5s)
[radix-corpus] subtree char=21 (5111 positions): emitted 6865 radix nodes  (cum total 481892, max_ep_depth=16, 0.5s)
[radix-corpus] subtree char=22 (506 positions): emitted 723 radix nodes  (cum total 482615, max_ep_depth=16, 0.5s)
[radix-corpus] subtree char=23 (194 positions): emitted 263 radix nodes  (cum total 482878, max_ep_depth=16, 0.5s)
[radix-corpus] subtree char=24 (1255 positions): emitted 1667 radix nodes  (cum total 484545, max_ep_depth=16, 0.5s)
[radix-corpus] subtree char=25 (2202 positions): emitted 2798 radix nodes  (cum total 487343, max_ep_depth=16, 0.5s)
[radix-corpus] subtree char=26 (825 positions): emitted 1159 radix nodes  (cum total 488502, max_ep_depth=16, 0.5s)
[radix-corpus] subtree char=27 (594 positions): emitted 823 radix nodes  (cum total 489325, max_ep_depth=16, 0.5s)
[radix-corpus] subtree char=28 (1011 positions): emitted 1364 radix nodes  (cum total 490689, max_ep_depth=16, 0.5s)
[radix-corpus] subtree char=29 (260 positions): emitted 360 radix nodes  (cum total 491049, max_ep_depth=16, 0.5s)
[radix-corpus] subtree char=30 (671 positions): emitted 892 radix nodes  (cum total 491941, max_ep_depth=16, 0.5s)
[radix-corpus] subtree char=31 (1736 positions): emitted 2461 radix nodes  (cum total 494402, max_ep_depth=16, 0.5s)
[radix-corpus] subtree char=32 (2434 positions): emitted 3400 radix nodes  (cum total 497802, max_ep_depth=16, 0.5s)
[radix-corpus] subtree char=33 (98 positions): emitted 135 radix nodes  (cum total 497937, max_ep_depth=16, 0.5s)
[radix-corpus] subtree char=34 (163 positions): emitted 186 radix nodes  (cum total 498123, max_ep_depth=16, 0.5s)
[radix-corpus] subtree char=35 (1472 positions): emitted 2080 radix nodes  (cum total 500203, max_ep_depth=16, 0.5s)
[radix-corpus] subtree char=36 (129 positions): emitted 135 radix nodes  (cum total 500338, max_ep_depth=16, 0.5s)
[radix-corpus] subtree char=37 (505 positions): emitted 759 radix nodes  (cum total 501097, max_ep_depth=16, 0.5s)
[radix-corpus] subtree char=38 (14 positions): emitted 21 radix nodes  (cum total 501118, max_ep_depth=16, 0.5s)
[radix-corpus] subtree char=39 (91748 positions): emitted 133644 radix nodes  (cum total 634762, max_ep_depth=16, 0.6s)
[radix-corpus] subtree char=40 (18079 positions): emitted 26503 radix nodes  (cum total 661265, max_ep_depth=16, 0.6s)
[radix-corpus] subtree char=41 (27255 positions): emitted 39676 radix nodes  (cum total 700941, max_ep_depth=16, 0.6s)
[radix-corpus] subtree char=42 (46252 positions): emitted 67655 radix nodes  (cum total 768596, max_ep_depth=16, 0.7s)
[radix-corpus] subtree char=43 (145922 positions): emitted 213272 radix nodes  (cum total 981868, max_ep_depth=16, 0.8s)
[radix-corpus] subtree char=44 (25207 positions): emitted 36659 radix nodes  (cum total 1018527, max_ep_depth=16, 0.9s)
[radix-corpus] subtree char=45 (23406 positions): emitted 34364 radix nodes  (cum total 1052891, max_ep_depth=16, 0.9s)
[radix-corpus] subtree char=46 (73879 positions): emitted 107092 radix nodes  (cum total 1159983, max_ep_depth=16, 0.9s)
[radix-corpus] subtree char=47 (76891 positions): emitted 111718 radix nodes  (cum total 1271701, max_ep_depth=16, 1.0s)
[radix-corpus] subtree char=48 (1128 positions): emitted 1685 radix nodes  (cum total 1273386, max_ep_depth=16, 1.0s)
[radix-corpus] subtree char=49 (8271 positions): emitted 12115 radix nodes  (cum total 1285501, max_ep_depth=16, 1.0s)
[radix-corpus] subtree char=50 (48739 positions): emitted 71189 radix nodes  (cum total 1356690, max_ep_depth=16, 1.1s)
[radix-corpus] subtree char=51 (28146 positions): emitted 41193 radix nodes  (cum total 1397883, max_ep_depth=16, 1.1s)
[radix-corpus] subtree char=52 (80696 positions): emitted 118295 radix nodes  (cum total 1516178, max_ep_depth=16, 1.2s)
[radix-corpus] subtree char=53 (86014 positions): emitted 125417 radix nodes  (cum total 1641595, max_ep_depth=16, 1.3s)
[radix-corpus] subtree char=54 (19049 positions): emitted 27967 radix nodes  (cum total 1669562, max_ep_depth=16, 1.3s)
[radix-corpus] subtree char=55 (1491 positions): emitted 2137 radix nodes  (cum total 1671699, max_ep_depth=16, 1.3s)
[radix-corpus] subtree char=56 (66700 positions): emitted 97496 radix nodes  (cum total 1769195, max_ep_depth=16, 1.4s)
[radix-corpus] subtree char=57 (73872 positions): emitted 107989 radix nodes  (cum total 1877184, max_ep_depth=16, 1.5s)
[radix-corpus] subtree char=58 (103051 positions): emitted 149146 radix nodes  (cum total 2026330, max_ep_depth=16, 1.6s)
[radix-corpus] subtree char=59 (32811 positions): emitted 47976 radix nodes  (cum total 2074306, max_ep_depth=16, 1.7s)
[radix-corpus] subtree char=60 (11352 positions): emitted 16717 radix nodes  (cum total 2091023, max_ep_depth=16, 1.7s)
[radix-corpus] subtree char=61 (25371 positions): emitted 36927 radix nodes  (cum total 2127950, max_ep_depth=16, 1.7s)
[radix-corpus] subtree char=62 (1539 positions): emitted 2310 radix nodes  (cum total 2130260, max_ep_depth=16, 1.7s)
[radix-corpus] subtree char=63 (23517 positions): emitted 34721 radix nodes  (cum total 2164981, max_ep_depth=16, 1.7s)
[radix-corpus] subtree char=64 (1340 positions): emitted 1860 radix nodes  (cum total 2166841, max_ep_depth=16, 1.7s)
[radix-corpus] done: 2166841 radix nodes, 11807166 total edge chars, 17 endpoint depths, 1.74s
  radix_count:        2166841
  total_edge_chars:   11807166
  max_endpoint_depth: 16
