[radix-corpus] corpus: /tmp/shake_ms_n100_se5_9pct.txt (450000 tokens, vocab=65)
[radix-corpus] max_depth=16, output=/tmp/shake_ms_n100_se5_9pct_d16_radix
[radix-corpus] subtree char=0 (8767 positions): emitted 12356 radix nodes  (cum total 12357, max_ep_depth=16, 0.0s)
[radix-corpus] subtree char=1 (76947 positions): emitted 104477 radix nodes  (cum total 116834, max_ep_depth=16, 0.1s)
[radix-corpus] subtree char=2 (208 positions): emitted 315 radix nodes  (cum total 117149, max_ep_depth=16, 0.1s)
[radix-corpus] subtree char=4 (1 positions): emitted 1 radix nodes  (cum total 117150, max_ep_depth=16, 0.1s)
[radix-corpus] subtree char=5 (2968 positions): emitted 3966 radix nodes  (cum total 121116, max_ep_depth=16, 0.1s)
[radix-corpus] subtree char=6 (5961 positions): emitted 8485 radix nodes  (cum total 129601, max_ep_depth=16, 0.1s)
[radix-corpus] subtree char=7 (900 positions): emitted 1356 radix nodes  (cum total 130957, max_ep_depth=16, 0.1s)
[radix-corpus] subtree char=8 (4004 positions): emitted 5570 radix nodes  (cum total 136527, max_ep_depth=16, 0.1s)
[radix-corpus] subtree char=9 (36 positions): emitted 44 radix nodes  (cum total 136571, max_ep_depth=16, 0.1s)
[radix-corpus] subtree char=10 (174 positions): emitted 256 radix nodes  (cum total 136827, max_ep_depth=16, 0.1s)
[radix-corpus] subtree char=11 (1016 positions): emitted 1457 radix nodes  (cum total 138284, max_ep_depth=16, 0.1s)
[radix-corpus] subtree char=12 (251 positions): emitted 381 radix nodes  (cum total 138665, max_ep_depth=16, 0.1s)
[radix-corpus] subtree char=13 (392 positions): emitted 581 radix nodes  (cum total 139246, max_ep_depth=16, 0.1s)
[radix-corpus] subtree char=14 (726 positions): emitted 1018 radix nodes  (cum total 140264, max_ep_depth=16, 0.1s)
[radix-corpus] subtree char=15 (603 positions): emitted 740 radix nodes  (cum total 141004, max_ep_depth=16, 0.1s)
[radix-corpus] subtree char=16 (383 positions): emitted 576 radix nodes  (cum total 141580, max_ep_depth=16, 0.1s)
[radix-corpus] subtree char=17 (485 positions): emitted 592 radix nodes  (cum total 142172, max_ep_depth=16, 0.1s)
[radix-corpus] subtree char=18 (103 positions): emitted 138 radix nodes  (cum total 142310, max_ep_depth=16, 0.1s)
[radix-corpus] subtree char=19 (90 positions): emitted 106 radix nodes  (cum total 142416, max_ep_depth=16, 0.1s)
[radix-corpus] subtree char=20 (486 positions): emitted 669 radix nodes  (cum total 143085, max_ep_depth=16, 0.1s)
[radix-corpus] subtree char=21 (1806 positions): emitted 2350 radix nodes  (cum total 145435, max_ep_depth=16, 0.1s)
[radix-corpus] subtree char=22 (218 positions): emitted 309 radix nodes  (cum total 145744, max_ep_depth=16, 0.1s)
[radix-corpus] subtree char=23 (48 positions): emitted 69 radix nodes  (cum total 145813, max_ep_depth=16, 0.1s)
[radix-corpus] subtree char=24 (501 positions): emitted 626 radix nodes  (cum total 146439, max_ep_depth=16, 0.1s)
[radix-corpus] subtree char=25 (1251 positions): emitted 1592 radix nodes  (cum total 148031, max_ep_depth=16, 0.1s)
[radix-corpus] subtree char=26 (166 positions): emitted 219 radix nodes  (cum total 148250, max_ep_depth=16, 0.1s)
[radix-corpus] subtree char=27 (124 positions): emitted 181 radix nodes  (cum total 148431, max_ep_depth=16, 0.1s)
[radix-corpus] subtree char=28 (171 positions): emitted 258 radix nodes  (cum total 148689, max_ep_depth=16, 0.1s)
[radix-corpus] subtree char=30 (123 positions): emitted 183 radix nodes  (cum total 148872, max_ep_depth=16, 0.1s)
[radix-corpus] subtree char=31 (350 positions): emitted 495 radix nodes  (cum total 149367, max_ep_depth=16, 0.1s)
[radix-corpus] subtree char=32 (534 positions): emitted 793 radix nodes  (cum total 150160, max_ep_depth=16, 0.1s)
[radix-corpus] subtree char=33 (21 positions): emitted 33 radix nodes  (cum total 150193, max_ep_depth=16, 0.1s)
[radix-corpus] subtree char=34 (51 positions): emitted 40 radix nodes  (cum total 150233, max_ep_depth=16, 0.1s)
[radix-corpus] subtree char=35 (411 positions): emitted 575 radix nodes  (cum total 150808, max_ep_depth=16, 0.1s)
[radix-corpus] subtree char=36 (104 positions): emitted 99 radix nodes  (cum total 150907, max_ep_depth=16, 0.1s)
[radix-corpus] subtree char=37 (210 positions): emitted 315 radix nodes  (cum total 151222, max_ep_depth=16, 0.1s)
[radix-corpus] subtree char=38 (1 positions): emitted 1 radix nodes  (cum total 151223, max_ep_depth=16, 0.1s)
[radix-corpus] subtree char=39 (26781 positions): emitted 39121 radix nodes  (cum total 190344, max_ep_depth=16, 0.1s)
[radix-corpus] subtree char=40 (5041 positions): emitted 7428 radix nodes  (cum total 197772, max_ep_depth=16, 0.2s)
[radix-corpus] subtree char=41 (8540 positions): emitted 12573 radix nodes  (cum total 210345, max_ep_depth=16, 0.2s)
[radix-corpus] subtree char=42 (13833 positions): emitted 20222 radix nodes  (cum total 230567, max_ep_depth=16, 0.2s)
[radix-corpus] subtree char=43 (44031 positions): emitted 64528 radix nodes  (cum total 295095, max_ep_depth=16, 0.2s)
[radix-corpus] subtree char=44 (7826 positions): emitted 11465 radix nodes  (cum total 306560, max_ep_depth=16, 0.2s)
[radix-corpus] subtree char=45 (6471 positions): emitted 9550 radix nodes  (cum total 316110, max_ep_depth=16, 0.2s)
[radix-corpus] subtree char=46 (21130 positions): emitted 30763 radix nodes  (cum total 346873, max_ep_depth=16, 0.2s)
[radix-corpus] subtree char=47 (23406 positions): emitted 34240 radix nodes  (cum total 381113, max_ep_depth=16, 0.2s)
[radix-corpus] subtree char=48 (373 positions): emitted 558 radix nodes  (cum total 381671, max_ep_depth=16, 0.2s)
[radix-corpus] subtree char=49 (1974 positions): emitted 2911 radix nodes  (cum total 384582, max_ep_depth=16, 0.2s)
[radix-corpus] subtree char=50 (13943 positions): emitted 20290 radix nodes  (cum total 404872, max_ep_depth=16, 0.2s)
[radix-corpus] subtree char=51 (8275 positions): emitted 12153 radix nodes  (cum total 417025, max_ep_depth=16, 0.2s)
[radix-corpus] subtree char=52 (24757 positions): emitted 36455 radix nodes  (cum total 453480, max_ep_depth=16, 0.3s)
[radix-corpus] subtree char=53 (25656 positions): emitted 37631 radix nodes  (cum total 491111, max_ep_depth=16, 0.3s)
[radix-corpus] subtree char=54 (5270 positions): emitted 7833 radix nodes  (cum total 498944, max_ep_depth=16, 0.3s)
[radix-corpus] subtree char=55 (412 positions): emitted 606 radix nodes  (cum total 499550, max_ep_depth=16, 0.3s)
[radix-corpus] subtree char=56 (20724 positions): emitted 30484 radix nodes  (cum total 530034, max_ep_depth=16, 0.3s)
[radix-corpus] subtree char=57 (21401 positions): emitted 31539 radix nodes  (cum total 561573, max_ep_depth=16, 0.3s)
[radix-corpus] subtree char=58 (29862 positions): emitted 43453 radix nodes  (cum total 605026, max_ep_depth=16, 0.3s)
[radix-corpus] subtree char=59 (9650 positions): emitted 14221 radix nodes  (cum total 619247, max_ep_depth=16, 0.3s)
[radix-corpus] subtree char=60 (3709 positions): emitted 5536 radix nodes  (cum total 624783, max_ep_depth=16, 0.3s)
[radix-corpus] subtree char=61 (7149 positions): emitted 10447 radix nodes  (cum total 635230, max_ep_depth=16, 0.3s)
[radix-corpus] subtree char=62 (538 positions): emitted 815 radix nodes  (cum total 636045, max_ep_depth=16, 0.3s)
[radix-corpus] subtree char=63 (8098 positions): emitted 11891 radix nodes  (cum total 647936, max_ep_depth=16, 0.4s)
[radix-corpus] subtree char=64 (559 positions): emitted 780 radix nodes  (cum total 648716, max_ep_depth=16, 0.4s)
[radix-corpus] done: 648716 radix nodes, 3670936 total edge chars, 17 endpoint depths, 0.35s
  radix_count:        648716
  total_edge_chars:   3670936
  max_endpoint_depth: 16
