AGPT CUDA Training Engine
  Model: d=64 heads=4 layers=2 ff=256 vocab=65 seq=32 head_dim=16
  Loaded 108481 weight floats (423.8 KB)
  Loaded optimizer state from checkpoint (adam_t=19300)
  LR schedule horizon: 500 total SE (override; this call runs 5 SE)
Loading radix trie from /tmp/shake_ms_n100_se5_61pct_d16_radix...
  Radix trie: 4379545 nodes, 22570428 total edge chars, 17 endpoint depths
  Radix loaded: 7341720 counts entries, 37381153 ancestor char entries
  d_split: 2846242/4379545 nodes have a mass=1 ancestor (mean depth 10.11)
  lr-schedule: warmup-cosine (peak=0.003, warmup_epochs=1)
  optimizer: rmsprop (lr=0.003)
  entropy lambda: 1.000 (branching-endpoint icing enabled)
  mass weighting: log (head-of-edge count restores corpus-frequency exposure)
  curriculum: flat (d=max each epoch)
  max edge_len: 15, max ancestor chars: 15, max KV per node: 30, max endpoint depth: 16
  mass=1 compaction: 19608287 / 22570428 chars are mass=1 (86.9%); cache holds 2962141 positions
  loop points: 79467 (mass>1 leaves; 5.2% of 1533302 mass>1 nodes)
  KV cache: 1516.6 MB unified memory (bf16 compact)
  GPU memory: 2962.4 MB used, 5224.4 MB free, 8186.8 MB total
  65 root-child subtrees: sizes min=3 max=697318 avg=67377.6 (total=4379544 radix nodes)
Epoch 1: loss=1.547646  (14.00 sec, 65 subtrees, 493 chunks, 22570427 nodes)
  residual top-10 (subtree_mass × max(avg_loss − 1.548, 0)):
    rc   rootID   mass      avg_loss     score 
    59   4100075  538190    1.8617       168997.5
    58   3800209  1907070   1.5753       52656.0
    54   3327660  314503    1.6008       16714.4
    60   4196099  181894    1.6267       14374.9
    5    786408   171338    1.6127       11149.1
    61   4227829  465449    1.5693       10093.2
    7    882832   58512     1.6496       5964.7
    40   1300630  290936    1.5634       4574.3
    32   1014913  43286     1.6457       4242.2
    44   1999564  431116    1.5574       4202.4
    top-10: 16.5% of mass, 86.9% of excess-loss
Epoch 2: loss=1.535169  (13.83 sec, 65 subtrees, 493 chunks, 22570427 nodes)
  residual top-10 (subtree_mass × max(avg_loss − 1.535, 0)):
    rc   rootID   mass      avg_loss     score 
    1    83966    4842206   1.5465       55091.1
    59   4100075  538190    1.6361       54302.3
    5    786408   171338    1.6092       12685.1
    39   1029478  1603507   1.5421       11157.6
    40   1300630  290936    1.5623       7903.8
    6    815689   458521    1.5511       7285.0
    7    882832   58512     1.6473       6562.4
    44   1999564  431116    1.5484       5686.9
    54   3327660  314503    1.5515       5131.5
    32   1014913  43286     1.6444       4728.3
    top-10: 32.8% of mass, 76.6% of excess-loss
Epoch 3: loss=1.532427  (13.85 sec, 65 subtrees, 493 chunks, 22570428 nodes)
  residual top-10 (subtree_mass × max(avg_loss − 1.532, 0)):
    rc   rootID   mass      avg_loss     score 
    59   4100075  538190    1.6114       42478.5
    1    83966    4842206   1.5394       33799.9
    39   1029478  1603507   1.5401       12245.8
    5    786408   171338    1.6012       11786.4
    54   3327660  314503    1.5678       11118.7
    44   1999564  431116    1.5503       7709.6
    40   1300630  290936    1.5588       7667.4
    7    882832   58512     1.6435       6501.4
    6    815689   458521    1.5446       5592.3
    32   1014913  43286     1.6398       4649.1
    top-10: 32.8% of mass, 73.7% of excess-loss
Epoch 4: loss=1.546912  (13.85 sec, 65 subtrees, 493 chunks, 22570427 nodes)
  residual top-10 (subtree_mass × max(avg_loss − 1.547, 0)):
    rc   rootID   mass      avg_loss     score 
    59   4100075  538190    1.9609       222827.1
    58   3800209  1907070   1.5749       53379.0
    54   3327660  314503    1.6136       20985.0
    60   4196099  181894    1.6523       19172.7
    61   4227829  465449    1.5808       15773.5
    5    786408   171338    1.6049       9936.1
    40   1300630  290936    1.5689       6382.9
    7    882832   58512     1.6416       5539.3
    32   1014913  43286     1.6399       4023.7
    15   956357   22580     1.7198       3903.6
    top-10: 15.0% of mass, 90.3% of excess-loss
Epoch 5: loss=1.532261  (13.84 sec, 65 subtrees, 493 chunks, 22570427 nodes)
  residual top-10 (subtree_mass × max(avg_loss − 1.532, 0)):
    rc   rootID   mass      avg_loss     score 
    1    83966    4842206   1.5458       65685.1
    59   4100075  538190    1.5977       35214.0
    39   1029478  1603507   1.5406       13448.9
    5    786408   171338    1.6084       13044.0
    54   3327660  314503    1.5599       8681.7
    40   1300630  290936    1.5607       8272.1
    6    815689   458521    1.5489       7607.7
    44   1999564  431116    1.5484       6966.4
    7    882832   58512     1.6453       6611.7
    32   1014913  43286     1.6406       4689.3
    top-10: 32.8% of mass, 77.3% of excess-loss
Saved to /home/trans/Projects/agpt/rnd/streaming-agpt-v1/models/seed300_ms_n100_se5_stage61.model
Done.
  Appended optimizer state to /home/trans/Projects/agpt/rnd/streaming-agpt-v1/models/seed300_ms_n100_se5_stage61.model (adam_t=19625)
