[radix-corpus] corpus: /tmp/shake_ms_n100_se5_67pct.txt (3350000 tokens, vocab=65)
[radix-corpus] max_depth=16, output=/tmp/shake_ms_n100_se5_67pct_d16_radix
[radix-corpus] subtree char=0 (64695 positions): emitted 92397 radix nodes  (cum total 92398, max_ep_depth=16, 0.1s)
[radix-corpus] subtree char=1 (551370 positions): emitted 764403 radix nodes  (cum total 856801, max_ep_depth=16, 1.0s)
[radix-corpus] subtree char=2 (3824 positions): emitted 5420 radix nodes  (cum total 862221, max_ep_depth=16, 1.0s)
[radix-corpus] subtree char=3 (2 positions): emitted 3 radix nodes  (cum total 862224, max_ep_depth=16, 1.0s)
[radix-corpus] subtree char=4 (4 positions): emitted 5 radix nodes  (cum total 862229, max_ep_depth=16, 1.0s)
[radix-corpus] subtree char=5 (24589 positions): emitted 33354 radix nodes  (cum total 895583, max_ep_depth=16, 1.0s)
[radix-corpus] subtree char=6 (53235 positions): emitted 73656 radix nodes  (cum total 969239, max_ep_depth=16, 1.0s)
[radix-corpus] subtree char=7 (9663 positions): emitted 14401 radix nodes  (cum total 983640, max_ep_depth=16, 1.0s)
[radix-corpus] subtree char=8 (26748 positions): emitted 37023 radix nodes  (cum total 1020663, max_ep_depth=16, 1.1s)
[radix-corpus] subtree char=9 (113 positions): emitted 129 radix nodes  (cum total 1020792, max_ep_depth=16, 1.1s)
[radix-corpus] subtree char=10 (792 positions): emitted 1146 radix nodes  (cum total 1021938, max_ep_depth=16, 1.1s)
[radix-corpus] subtree char=11 (7815 positions): emitted 11281 radix nodes  (cum total 1033219, max_ep_depth=16, 1.1s)
[radix-corpus] subtree char=12 (3218 positions): emitted 4554 radix nodes  (cum total 1037773, max_ep_depth=16, 1.1s)
[radix-corpus] subtree char=13 (4584 positions): emitted 6464 radix nodes  (cum total 1044237, max_ep_depth=16, 1.1s)
[radix-corpus] subtree char=14 (3582 positions): emitted 5096 radix nodes  (cum total 1049333, max_ep_depth=16, 1.1s)
[radix-corpus] subtree char=15 (3016 positions): emitted 3867 radix nodes  (cum total 1053200, max_ep_depth=16, 1.1s)
[radix-corpus] subtree char=16 (2346 positions): emitted 3298 radix nodes  (cum total 1056498, max_ep_depth=16, 1.1s)
[radix-corpus] subtree char=17 (2211 positions): emitted 2777 radix nodes  (cum total 1059275, max_ep_depth=16, 1.1s)
[radix-corpus] subtree char=18 (1371 positions): emitted 1945 radix nodes  (cum total 1061220, max_ep_depth=16, 1.1s)
[radix-corpus] subtree char=19 (1192 positions): emitted 1659 radix nodes  (cum total 1062879, max_ep_depth=16, 1.1s)
[radix-corpus] subtree char=20 (3917 positions): emitted 5387 radix nodes  (cum total 1068266, max_ep_depth=16, 1.1s)
[radix-corpus] subtree char=21 (13617 positions): emitted 18536 radix nodes  (cum total 1086802, max_ep_depth=16, 1.1s)
[radix-corpus] subtree char=22 (1727 positions): emitted 2490 radix nodes  (cum total 1089292, max_ep_depth=16, 1.1s)
[radix-corpus] subtree char=23 (286 positions): emitted 395 radix nodes  (cum total 1089687, max_ep_depth=16, 1.1s)
[radix-corpus] subtree char=24 (2483 positions): emitted 3463 radix nodes  (cum total 1093150, max_ep_depth=16, 1.1s)
[radix-corpus] subtree char=25 (5281 positions): emitted 6282 radix nodes  (cum total 1099432, max_ep_depth=16, 1.1s)
[radix-corpus] subtree char=26 (1750 positions): emitted 2510 radix nodes  (cum total 1101942, max_ep_depth=16, 1.1s)
[radix-corpus] subtree char=27 (1314 positions): emitted 1855 radix nodes  (cum total 1103797, max_ep_depth=16, 1.1s)
[radix-corpus] subtree char=28 (2503 positions): emitted 3367 radix nodes  (cum total 1107164, max_ep_depth=16, 1.1s)
[radix-corpus] subtree char=29 (358 positions): emitted 494 radix nodes  (cum total 1107658, max_ep_depth=16, 1.1s)
[radix-corpus] subtree char=30 (1144 positions): emitted 1523 radix nodes  (cum total 1109181, max_ep_depth=16, 1.1s)
[radix-corpus] subtree char=31 (3721 positions): emitted 5301 radix nodes  (cum total 1114482, max_ep_depth=16, 1.1s)
[radix-corpus] subtree char=32 (5741 positions): emitted 8037 radix nodes  (cum total 1122519, max_ep_depth=16, 1.1s)
[radix-corpus] subtree char=33 (238 positions): emitted 311 radix nodes  (cum total 1122830, max_ep_depth=16, 1.1s)
[radix-corpus] subtree char=34 (373 positions): emitted 498 radix nodes  (cum total 1123328, max_ep_depth=16, 1.1s)
[radix-corpus] subtree char=35 (3449 positions): emitted 4833 radix nodes  (cum total 1128161, max_ep_depth=16, 1.1s)
[radix-corpus] subtree char=36 (331 positions): emitted 441 radix nodes  (cum total 1128602, max_ep_depth=16, 1.1s)
[radix-corpus] subtree char=37 (1318 positions): emitted 1921 radix nodes  (cum total 1130523, max_ep_depth=16, 1.1s)
[radix-corpus] subtree char=38 (21 positions): emitted 31 radix nodes  (cum total 1130554, max_ep_depth=16, 1.1s)
[radix-corpus] subtree char=39 (206027 positions): emitted 297742 radix nodes  (cum total 1428296, max_ep_depth=16, 1.4s)
[radix-corpus] subtree char=40 (38938 positions): emitted 56534 radix nodes  (cum total 1484830, max_ep_depth=16, 1.4s)
[radix-corpus] subtree char=41 (58693 positions): emitted 84725 radix nodes  (cum total 1569555, max_ep_depth=16, 1.4s)
[radix-corpus] subtree char=42 (110440 positions): emitted 160047 radix nodes  (cum total 1729602, max_ep_depth=16, 1.5s)
[radix-corpus] subtree char=43 (320996 positions): emitted 464491 radix nodes  (cum total 2194093, max_ep_depth=16, 2.0s)
[radix-corpus] subtree char=44 (55587 positions): emitted 80610 radix nodes  (cum total 2274703, max_ep_depth=16, 2.1s)
[radix-corpus] subtree char=45 (53201 positions): emitted 77872 radix nodes  (cum total 2352575, max_ep_depth=16, 2.1s)
[radix-corpus] subtree char=46 (164676 positions): emitted 235700 radix nodes  (cum total 2588275, max_ep_depth=16, 2.3s)
[radix-corpus] subtree char=47 (167977 positions): emitted 241960 radix nodes  (cum total 2830235, max_ep_depth=16, 2.5s)
[radix-corpus] subtree char=48 (2104 positions): emitted 3103 radix nodes  (cum total 2833338, max_ep_depth=16, 2.5s)
[radix-corpus] subtree char=49 (20776 positions): emitted 30172 radix nodes  (cum total 2863510, max_ep_depth=16, 2.5s)
[radix-corpus] subtree char=50 (103432 positions): emitted 150817 radix nodes  (cum total 3014327, max_ep_depth=16, 2.6s)
[radix-corpus] subtree char=51 (63385 positions): emitted 92236 radix nodes  (cum total 3106563, max_ep_depth=16, 2.6s)
[radix-corpus] subtree char=52 (179530 positions): emitted 260789 radix nodes  (cum total 3367352, max_ep_depth=16, 2.9s)
[radix-corpus] subtree char=53 (194412 positions): emitted 281224 radix nodes  (cum total 3648576, max_ep_depth=16, 3.1s)
[radix-corpus] subtree char=54 (42002 positions): emitted 60989 radix nodes  (cum total 3709565, max_ep_depth=16, 3.1s)
[radix-corpus] subtree char=55 (2978 positions): emitted 4231 radix nodes  (cum total 3713796, max_ep_depth=16, 3.1s)
[radix-corpus] subtree char=56 (148013 positions): emitted 215269 radix nodes  (cum total 3929065, max_ep_depth=16, 3.3s)
[radix-corpus] subtree char=57 (162207 positions): emitted 235001 radix nodes  (cum total 4164066, max_ep_depth=16, 3.4s)
[radix-corpus] subtree char=58 (229310 positions): emitted 328216 radix nodes  (cum total 4492282, max_ep_depth=16, 3.8s)
[radix-corpus] subtree char=59 (72809 positions): emitted 105549 radix nodes  (cum total 4597831, max_ep_depth=16, 3.8s)
[radix-corpus] subtree char=60 (23819 positions): emitted 34662 radix nodes  (cum total 4632493, max_ep_depth=16, 3.8s)
[radix-corpus] subtree char=61 (58275 positions): emitted 83863 radix nodes  (cum total 4716356, max_ep_depth=16, 3.9s)
[radix-corpus] subtree char=62 (3223 positions): emitted 4769 radix nodes  (cum total 4721125, max_ep_depth=16, 3.9s)
[radix-corpus] subtree char=63 (51352 positions): emitted 75344 radix nodes  (cum total 4796469, max_ep_depth=16, 3.9s)
[radix-corpus] subtree char=64 (1896 positions): emitted 2668 radix nodes  (cum total 4799137, max_ep_depth=16, 3.9s)
[radix-corpus] done: 4799137 radix nodes, 24469029 total edge chars, 17 endpoint depths, 3.92s
  radix_count:        4799137
  total_edge_chars:   24469029
  max_endpoint_depth: 16
