[radix-corpus] corpus: /tmp/shake_ms_n100_se5_76pct.txt (3800000 tokens, vocab=65)
[radix-corpus] max_depth=16, output=/tmp/shake_ms_n100_se5_76pct_d16_radix
[radix-corpus] subtree char=0 (74521 positions): emitted 105282 radix nodes  (cum total 105283, max_ep_depth=16, 0.1s)
[radix-corpus] subtree char=1 (628293 positions): emitted 864912 radix nodes  (cum total 970195, max_ep_depth=16, 1.4s)
[radix-corpus] subtree char=2 (4280 positions): emitted 6069 radix nodes  (cum total 976264, max_ep_depth=16, 1.4s)
[radix-corpus] subtree char=3 (2 positions): emitted 3 radix nodes  (cum total 976267, max_ep_depth=16, 1.4s)
[radix-corpus] subtree char=4 (4 positions): emitted 5 radix nodes  (cum total 976272, max_ep_depth=16, 1.4s)
[radix-corpus] subtree char=5 (29183 positions): emitted 39407 radix nodes  (cum total 1015679, max_ep_depth=16, 1.4s)
[radix-corpus] subtree char=6 (60634 positions): emitted 83258 radix nodes  (cum total 1098937, max_ep_depth=16, 1.5s)
[radix-corpus] subtree char=7 (10522 positions): emitted 15648 radix nodes  (cum total 1114585, max_ep_depth=16, 1.5s)
[radix-corpus] subtree char=8 (30755 positions): emitted 42512 radix nodes  (cum total 1157097, max_ep_depth=16, 1.5s)
[radix-corpus] subtree char=9 (115 positions): emitted 132 radix nodes  (cum total 1157229, max_ep_depth=16, 1.5s)
[radix-corpus] subtree char=10 (880 positions): emitted 1264 radix nodes  (cum total 1158493, max_ep_depth=16, 1.5s)
[radix-corpus] subtree char=11 (8305 positions): emitted 11969 radix nodes  (cum total 1170462, max_ep_depth=16, 1.5s)
[radix-corpus] subtree char=12 (3729 positions): emitted 5235 radix nodes  (cum total 1175697, max_ep_depth=16, 1.5s)
[radix-corpus] subtree char=13 (5680 positions): emitted 7578 radix nodes  (cum total 1183275, max_ep_depth=16, 1.5s)
[radix-corpus] subtree char=14 (4024 positions): emitted 5740 radix nodes  (cum total 1189015, max_ep_depth=16, 1.5s)
[radix-corpus] subtree char=15 (3626 positions): emitted 4282 radix nodes  (cum total 1193297, max_ep_depth=16, 1.5s)
[radix-corpus] subtree char=16 (2563 positions): emitted 3595 radix nodes  (cum total 1196892, max_ep_depth=16, 1.5s)
[radix-corpus] subtree char=17 (2826 positions): emitted 3189 radix nodes  (cum total 1200081, max_ep_depth=16, 1.5s)
[radix-corpus] subtree char=18 (1485 positions): emitted 2109 radix nodes  (cum total 1202190, max_ep_depth=16, 1.5s)
[radix-corpus] subtree char=19 (1313 positions): emitted 1832 radix nodes  (cum total 1204022, max_ep_depth=16, 1.5s)
[radix-corpus] subtree char=20 (5021 positions): emitted 6453 radix nodes  (cum total 1210475, max_ep_depth=16, 1.5s)
[radix-corpus] subtree char=21 (17287 positions): emitted 22812 radix nodes  (cum total 1233287, max_ep_depth=16, 1.5s)
[radix-corpus] subtree char=22 (2046 positions): emitted 2931 radix nodes  (cum total 1236218, max_ep_depth=16, 1.5s)
[radix-corpus] subtree char=23 (329 positions): emitted 462 radix nodes  (cum total 1236680, max_ep_depth=16, 1.5s)
[radix-corpus] subtree char=24 (2645 positions): emitted 3696 radix nodes  (cum total 1240376, max_ep_depth=16, 1.5s)
[radix-corpus] subtree char=25 (5779 positions): emitted 6836 radix nodes  (cum total 1247212, max_ep_depth=16, 1.5s)
[radix-corpus] subtree char=26 (1996 positions): emitted 2853 radix nodes  (cum total 1250065, max_ep_depth=16, 1.5s)
[radix-corpus] subtree char=27 (1539 positions): emitted 2190 radix nodes  (cum total 1252255, max_ep_depth=16, 1.5s)
[radix-corpus] subtree char=28 (3509 positions): emitted 4251 radix nodes  (cum total 1256506, max_ep_depth=16, 1.5s)
[radix-corpus] subtree char=29 (370 positions): emitted 513 radix nodes  (cum total 1257019, max_ep_depth=16, 1.5s)
[radix-corpus] subtree char=30 (1594 positions): emitted 1726 radix nodes  (cum total 1258745, max_ep_depth=16, 1.5s)
[radix-corpus] subtree char=31 (4056 positions): emitted 5779 radix nodes  (cum total 1264524, max_ep_depth=16, 1.5s)
[radix-corpus] subtree char=32 (6778 positions): emitted 9022 radix nodes  (cum total 1273546, max_ep_depth=16, 1.5s)
[radix-corpus] subtree char=33 (255 positions): emitted 332 radix nodes  (cum total 1273878, max_ep_depth=16, 1.5s)
[radix-corpus] subtree char=34 (624 positions): emitted 624 radix nodes  (cum total 1274502, max_ep_depth=16, 1.5s)
[radix-corpus] subtree char=35 (4061 positions): emitted 5669 radix nodes  (cum total 1280171, max_ep_depth=16, 1.5s)
[radix-corpus] subtree char=36 (674 positions): emitted 564 radix nodes  (cum total 1280735, max_ep_depth=16, 1.5s)
[radix-corpus] subtree char=37 (1535 positions): emitted 2222 radix nodes  (cum total 1282957, max_ep_depth=16, 1.5s)
[radix-corpus] subtree char=38 (21 positions): emitted 31 radix nodes  (cum total 1282988, max_ep_depth=16, 1.5s)
[radix-corpus] subtree char=39 (233376 positions): emitted 336557 radix nodes  (cum total 1619545, max_ep_depth=16, 1.9s)
[radix-corpus] subtree char=40 (43784 positions): emitted 63444 radix nodes  (cum total 1682989, max_ep_depth=16, 1.9s)
[radix-corpus] subtree char=41 (65868 positions): emitted 94845 radix nodes  (cum total 1777834, max_ep_depth=16, 2.0s)
[radix-corpus] subtree char=42 (126654 positions): emitted 183004 radix nodes  (cum total 1960838, max_ep_depth=16, 2.1s)
[radix-corpus] subtree char=43 (362087 positions): emitted 522726 radix nodes  (cum total 2483564, max_ep_depth=16, 2.8s)
[radix-corpus] subtree char=44 (62397 positions): emitted 90320 radix nodes  (cum total 2573884, max_ep_depth=16, 2.9s)
[radix-corpus] subtree char=45 (60400 positions): emitted 88332 radix nodes  (cum total 2662216, max_ep_depth=16, 2.9s)
[radix-corpus] subtree char=46 (185875 positions): emitted 265085 radix nodes  (cum total 2927301, max_ep_depth=16, 3.1s)
[radix-corpus] subtree char=47 (189278 positions): emitted 272004 radix nodes  (cum total 3199305, max_ep_depth=16, 3.4s)
[radix-corpus] subtree char=48 (2328 positions): emitted 3430 radix nodes  (cum total 3202735, max_ep_depth=16, 3.4s)
[radix-corpus] subtree char=49 (23962 positions): emitted 34692 radix nodes  (cum total 3237427, max_ep_depth=16, 3.4s)
[radix-corpus] subtree char=50 (116142 positions): emitted 169120 radix nodes  (cum total 3406547, max_ep_depth=16, 3.5s)
[radix-corpus] subtree char=51 (72302 positions): emitted 105054 radix nodes  (cum total 3511601, max_ep_depth=16, 3.6s)
[radix-corpus] subtree char=52 (203309 positions): emitted 294740 radix nodes  (cum total 3806341, max_ep_depth=16, 3.8s)
[radix-corpus] subtree char=53 (220897 positions): emitted 318912 radix nodes  (cum total 4125253, max_ep_depth=16, 4.1s)
[radix-corpus] subtree char=54 (47103 positions): emitted 68259 radix nodes  (cum total 4193512, max_ep_depth=16, 4.1s)
[radix-corpus] subtree char=55 (3264 positions): emitted 4628 radix nodes  (cum total 4198140, max_ep_depth=16, 4.1s)
[radix-corpus] subtree char=56 (166719 positions): emitted 241968 radix nodes  (cum total 4440108, max_ep_depth=16, 4.3s)
[radix-corpus] subtree char=57 (182264 positions): emitted 263507 radix nodes  (cum total 4703615, max_ep_depth=16, 4.5s)
[radix-corpus] subtree char=58 (259300 positions): emitted 369849 radix nodes  (cum total 5073464, max_ep_depth=16, 4.9s)
[radix-corpus] subtree char=59 (82285 positions): emitted 119085 radix nodes  (cum total 5192549, max_ep_depth=16, 4.9s)
[radix-corpus] subtree char=60 (27026 positions): emitted 39239 radix nodes  (cum total 5231788, max_ep_depth=16, 5.0s)
[radix-corpus] subtree char=61 (66823 positions): emitted 95751 radix nodes  (cum total 5327539, max_ep_depth=16, 5.0s)
[radix-corpus] subtree char=62 (3605 positions): emitted 5313 radix nodes  (cum total 5332852, max_ep_depth=16, 5.0s)
[radix-corpus] subtree char=63 (58095 positions): emitted 85115 radix nodes  (cum total 5417967, max_ep_depth=16, 5.1s)
[radix-corpus] subtree char=64 (1998 positions): emitted 2822 radix nodes  (cum total 5420789, max_ep_depth=16, 5.1s)
[radix-corpus] done: 5420789 radix nodes, 27262837 total edge chars, 17 endpoint depths, 5.08s
  radix_count:        5420789
  total_edge_chars:   27262837
  max_endpoint_depth: 16
