AGPT CUDA Training Engine
  Model: d=64 heads=4 layers=2 ff=256 vocab=65 seq=32 head_dim=16
  Loaded 108481 weight floats (423.8 KB)
  Loaded optimizer state from checkpoint (adam_t=23525)
  LR schedule horizon: 500 total SE (override; this call runs 5 SE)
Loading radix trie from /tmp/shake_ms_n100_se5_74pct_d16_radix...
  Radix trie: 5280761 nodes, 26607511 total edge chars, 17 endpoint depths
  Radix loaded: 8858515 counts entries, 45966905 ancestor char entries
  d_split: 3422266/5280761 nodes have a mass=1 ancestor (mean depth 10.28)
  lr-schedule: warmup-cosine (peak=0.003, warmup_epochs=1)
  optimizer: rmsprop (lr=0.003)
  entropy lambda: 1.000 (branching-endpoint icing enabled)
  mass weighting: log (head-of-edge count restores corpus-frequency exposure)
  curriculum: flat (d=max each epoch)
  max edge_len: 15, max ancestor chars: 15, max KV per node: 30, max endpoint depth: 16
  mass=1 compaction: 23013309 / 26607511 chars are mass=1 (86.5%); cache holds 3594202 positions
  loop points: 105706 (mass>1 leaves; 5.7% of 1858494 mass>1 nodes)
  KV cache: 1840.2 MB unified memory (bf16 compact)
  GPU memory: 3004.4 MB used, 5182.5 MB free, 8186.8 MB total
  65 root-child subtrees: sizes min=3 max=843598 avg=81242.5 (total=5280760 radix nodes)
Epoch 1: loss=1.564988  (16.84 sec, 65 subtrees, 572 chunks, 26607511 nodes)
  residual top-10 (subtree_mass × max(avg_loss − 1.565, 0)):
    rc   rootID   mass      avg_loss     score 
    1    102361   6015101   1.5744       56361.6
    59   4942494  666652    1.6059       27254.8
    39   1250255  1987163   1.5722       14407.2
    44   2420036  526114    1.5916       13977.1
    5    951827   231042    1.6032       8823.0
    6    989788   574775    1.5791       8109.7
    7    1071251  69380     1.6713       7376.0
    32   1232288  54259     1.6622       5276.1
    54   4018399  384794    1.5785       5199.9
    15   1158765  28400     1.7373       4893.2
    top-10: 32.0% of mass, 73.7% of excess-loss
Epoch 2: loss=1.565251  (16.39 sec, 65 subtrees, 572 chunks, 26607511 nodes)
  residual top-10 (subtree_mass × max(avg_loss − 1.565, 0)):
    rc   rootID   mass      avg_loss     score 
    1    102361   6015101   1.5727       44682.9
    59   4942494  666652    1.6319       44418.7
    54   4018399  384794    1.6031       14570.4
    58   4581614  2349459   1.5699       11007.9
    5    951827   231042    1.6014       8347.2
    44   2420036  526114    1.5796       7564.2
    39   1250255  1987163   1.5690       7476.8
    7    1071251  69380     1.6695       7229.4
    6    989788   574775    1.5778       7216.6
    32   1232288  54259     1.6602       5151.6
    top-10: 39.0% of mass, 74.9% of excess-loss
Epoch 3: loss=1.564016  (16.40 sec, 65 subtrees, 572 chunks, 26607511 nodes)
  residual top-10 (subtree_mass × max(avg_loss − 1.564, 0)):
    rc   rootID   mass      avg_loss     score 
    1    102361   6015101   1.5726       51772.3
    59   4942494  666652    1.6060       28001.8
    39   1250255  1987163   1.5691       10158.2
    44   2420036  526114    1.5822       9586.8
    54   4018399  384794    1.5859       8430.1
    5    951827   231042    1.5998       8276.2
    6    989788   574775    1.5781       8107.9
    7    1071251  69380     1.6696       7323.7
    58   4581614  2349459   1.5666       6184.1
    32   1232288  54259     1.6594       5176.8
    top-10: 39.0% of mass, 71.6% of excess-loss
Epoch 4: loss=1.564496  (16.41 sec, 65 subtrees, 572 chunks, 26607511 nodes)
  residual top-10 (subtree_mass × max(avg_loss − 1.564, 0)):
    rc   rootID   mass      avg_loss     score 
    1    102361   6015101   1.5728       49682.9
    59   4942494  666652    1.6345       46698.1
    58   4581614  2349459   1.5699       12778.9
    5    951827   231042    1.6009       8415.5
    39   1250255  1987163   1.5685       7914.6
    44   2420036  526114    1.5794       7836.2
    6    989788   574775    1.5776       7557.6
    7    1071251  69380     1.6693       7268.2
    54   4018399  384794    1.5829       7082.7
    32   1232288  54259     1.6592       5138.3
    top-10: 39.0% of mass, 74.7% of excess-loss
Epoch 5: loss=1.563948  (16.40 sec, 65 subtrees, 572 chunks, 26607511 nodes)
  residual top-10 (subtree_mass × max(avg_loss − 1.564, 0)):
    rc   rootID   mass      avg_loss     score 
    1    102361   6015101   1.5724       51046.2
    59   4942494  666652    1.6373       48904.3
    58   4581614  2349459   1.5681       9751.1
    54   4018399  384794    1.5870       8878.7
    5    951827   231042    1.5993       8175.0
    44   2420036  526114    1.5791       7983.9
    6    989788   574775    1.5771       7570.3
    7    1071251  69380     1.6697       7335.1
    39   1250255  1987163   1.5676       7288.0
    32   1232288  54259     1.6593       5175.5
    top-10: 39.0% of mass, 75.5% of excess-loss
Saved to /home/trans/Projects/agpt/rnd/streaming-agpt-v1/models/seed100_ms_n100_se5_stage74.model
Done.
  Appended optimizer state to /home/trans/Projects/agpt/rnd/streaming-agpt-v1/models/seed100_ms_n100_se5_stage74.model (adam_t=23850)
