[radix-corpus] corpus: /tmp/shake_ms_n100_se5_64pct.txt (3200000 tokens, vocab=65)
[radix-corpus] max_depth=16, output=/tmp/shake_ms_n100_se5_64pct_d16_radix
[radix-corpus] subtree char=0 (61673 positions): emitted 88195 radix nodes  (cum total 88196, max_ep_depth=16, 0.1s)
[radix-corpus] subtree char=1 (526317 positions): emitted 731249 radix nodes  (cum total 819445, max_ep_depth=16, 1.0s)
[radix-corpus] subtree char=2 (3714 positions): emitted 5280 radix nodes  (cum total 824725, max_ep_depth=16, 1.0s)
[radix-corpus] subtree char=3 (2 positions): emitted 3 radix nodes  (cum total 824728, max_ep_depth=16, 1.0s)
[radix-corpus] subtree char=4 (3 positions): emitted 4 radix nodes  (cum total 824732, max_ep_depth=16, 1.0s)
[radix-corpus] subtree char=5 (23085 positions): emitted 31485 radix nodes  (cum total 856217, max_ep_depth=16, 1.0s)
[radix-corpus] subtree char=6 (50705 positions): emitted 70364 radix nodes  (cum total 926581, max_ep_depth=16, 1.1s)
[radix-corpus] subtree char=7 (9308 positions): emitted 13879 radix nodes  (cum total 940460, max_ep_depth=16, 1.1s)
[radix-corpus] subtree char=8 (25487 positions): emitted 35332 radix nodes  (cum total 975792, max_ep_depth=16, 1.1s)
[radix-corpus] subtree char=9 (113 positions): emitted 129 radix nodes  (cum total 975921, max_ep_depth=16, 1.1s)
[radix-corpus] subtree char=10 (782 positions): emitted 1130 radix nodes  (cum total 977051, max_ep_depth=16, 1.1s)
[radix-corpus] subtree char=11 (7615 positions): emitted 11003 radix nodes  (cum total 988054, max_ep_depth=16, 1.1s)
[radix-corpus] subtree char=12 (3035 positions): emitted 4321 radix nodes  (cum total 992375, max_ep_depth=16, 1.1s)
[radix-corpus] subtree char=13 (4411 positions): emitted 6215 radix nodes  (cum total 998590, max_ep_depth=16, 1.1s)
[radix-corpus] subtree char=14 (3448 positions): emitted 4921 radix nodes  (cum total 1003511, max_ep_depth=16, 1.1s)
[radix-corpus] subtree char=15 (2945 positions): emitted 3766 radix nodes  (cum total 1007277, max_ep_depth=16, 1.1s)
[radix-corpus] subtree char=16 (2280 positions): emitted 3205 radix nodes  (cum total 1010482, max_ep_depth=16, 1.1s)
[radix-corpus] subtree char=17 (2097 positions): emitted 2616 radix nodes  (cum total 1013098, max_ep_depth=16, 1.1s)
[radix-corpus] subtree char=18 (1336 positions): emitted 1897 radix nodes  (cum total 1014995, max_ep_depth=16, 1.1s)
[radix-corpus] subtree char=19 (1160 positions): emitted 1622 radix nodes  (cum total 1016617, max_ep_depth=16, 1.1s)
[radix-corpus] subtree char=20 (3675 positions): emitted 5057 radix nodes  (cum total 1021674, max_ep_depth=16, 1.1s)
[radix-corpus] subtree char=21 (12506 positions): emitted 17086 radix nodes  (cum total 1038760, max_ep_depth=16, 1.1s)
[radix-corpus] subtree char=22 (1651 positions): emitted 2379 radix nodes  (cum total 1041139, max_ep_depth=16, 1.1s)
[radix-corpus] subtree char=23 (281 positions): emitted 389 radix nodes  (cum total 1041528, max_ep_depth=16, 1.1s)
[radix-corpus] subtree char=24 (2434 positions): emitted 3395 radix nodes  (cum total 1044923, max_ep_depth=16, 1.1s)
[radix-corpus] subtree char=25 (5016 positions): emitted 6003 radix nodes  (cum total 1050926, max_ep_depth=16, 1.1s)
[radix-corpus] subtree char=26 (1683 positions): emitted 2415 radix nodes  (cum total 1053341, max_ep_depth=16, 1.1s)
[radix-corpus] subtree char=27 (1254 positions): emitted 1774 radix nodes  (cum total 1055115, max_ep_depth=16, 1.1s)
[radix-corpus] subtree char=28 (2419 positions): emitted 3257 radix nodes  (cum total 1058372, max_ep_depth=16, 1.1s)
[radix-corpus] subtree char=29 (357 positions): emitted 493 radix nodes  (cum total 1058865, max_ep_depth=16, 1.1s)
[radix-corpus] subtree char=30 (1121 positions): emitted 1487 radix nodes  (cum total 1060352, max_ep_depth=16, 1.1s)
[radix-corpus] subtree char=31 (3598 positions): emitted 5127 radix nodes  (cum total 1065479, max_ep_depth=16, 1.1s)
[radix-corpus] subtree char=32 (5563 positions): emitted 7789 radix nodes  (cum total 1073268, max_ep_depth=16, 1.1s)
[radix-corpus] subtree char=33 (228 positions): emitted 296 radix nodes  (cum total 1073564, max_ep_depth=16, 1.1s)
[radix-corpus] subtree char=34 (360 positions): emitted 483 radix nodes  (cum total 1074047, max_ep_depth=16, 1.1s)
[radix-corpus] subtree char=35 (3175 positions): emitted 4469 radix nodes  (cum total 1078516, max_ep_depth=16, 1.1s)
[radix-corpus] subtree char=36 (303 positions): emitted 395 radix nodes  (cum total 1078911, max_ep_depth=16, 1.1s)
[radix-corpus] subtree char=37 (1237 positions): emitted 1800 radix nodes  (cum total 1080711, max_ep_depth=16, 1.1s)
[radix-corpus] subtree char=38 (21 positions): emitted 31 radix nodes  (cum total 1080742, max_ep_depth=16, 1.1s)
[radix-corpus] subtree char=39 (196589 positions): emitted 284400 radix nodes  (cum total 1365142, max_ep_depth=16, 1.4s)
[radix-corpus] subtree char=40 (37248 positions): emitted 54119 radix nodes  (cum total 1419261, max_ep_depth=16, 1.4s)
[radix-corpus] subtree char=41 (56113 positions): emitted 81110 radix nodes  (cum total 1500371, max_ep_depth=16, 1.5s)
[radix-corpus] subtree char=42 (105072 positions): emitted 152514 radix nodes  (cum total 1652885, max_ep_depth=16, 1.6s)
[radix-corpus] subtree char=43 (307081 positions): emitted 444820 radix nodes  (cum total 2097705, max_ep_depth=16, 2.1s)
[radix-corpus] subtree char=44 (53157 positions): emitted 77165 radix nodes  (cum total 2174870, max_ep_depth=16, 2.1s)
[radix-corpus] subtree char=45 (50772 positions): emitted 74362 radix nodes  (cum total 2249232, max_ep_depth=16, 2.2s)
[radix-corpus] subtree char=46 (157792 positions): emitted 226249 radix nodes  (cum total 2475481, max_ep_depth=16, 2.4s)
[radix-corpus] subtree char=47 (160610 positions): emitted 231669 radix nodes  (cum total 2707150, max_ep_depth=16, 2.5s)
[radix-corpus] subtree char=48 (2025 positions): emitted 2982 radix nodes  (cum total 2710132, max_ep_depth=16, 2.5s)
[radix-corpus] subtree char=49 (19678 positions): emitted 28625 radix nodes  (cum total 2738757, max_ep_depth=16, 2.5s)
[radix-corpus] subtree char=50 (99242 positions): emitted 144817 radix nodes  (cum total 2883574, max_ep_depth=16, 2.6s)
[radix-corpus] subtree char=51 (60240 positions): emitted 87636 radix nodes  (cum total 2971210, max_ep_depth=16, 2.7s)
[radix-corpus] subtree char=52 (171465 positions): emitted 249205 radix nodes  (cum total 3220415, max_ep_depth=16, 2.9s)
[radix-corpus] subtree char=53 (185618 positions): emitted 268866 radix nodes  (cum total 3489281, max_ep_depth=16, 3.1s)
[radix-corpus] subtree char=54 (40142 positions): emitted 58382 radix nodes  (cum total 3547663, max_ep_depth=16, 3.2s)
[radix-corpus] subtree char=55 (2869 positions): emitted 4075 radix nodes  (cum total 3551738, max_ep_depth=16, 3.2s)
[radix-corpus] subtree char=56 (141682 positions): emitted 206267 radix nodes  (cum total 3758005, max_ep_depth=16, 3.3s)
[radix-corpus] subtree char=57 (155398 positions): emitted 225406 radix nodes  (cum total 3983411, max_ep_depth=16, 3.5s)
[radix-corpus] subtree char=58 (219102 positions): emitted 314143 radix nodes  (cum total 4297554, max_ep_depth=16, 3.7s)
[radix-corpus] subtree char=59 (69493 positions): emitted 100830 radix nodes  (cum total 4398384, max_ep_depth=16, 3.8s)
[radix-corpus] subtree char=60 (22755 positions): emitted 33140 radix nodes  (cum total 4431524, max_ep_depth=16, 3.8s)
[radix-corpus] subtree char=61 (55639 positions): emitted 80212 radix nodes  (cum total 4511736, max_ep_depth=16, 3.8s)
[radix-corpus] subtree char=62 (3042 positions): emitted 4500 radix nodes  (cum total 4516236, max_ep_depth=16, 3.8s)
[radix-corpus] subtree char=63 (48900 positions): emitted 71787 radix nodes  (cum total 4588023, max_ep_depth=16, 3.9s)
[radix-corpus] subtree char=64 (1878 positions): emitted 2642 radix nodes  (cum total 4590665, max_ep_depth=16, 3.9s)
[radix-corpus] done: 4590665 radix nodes, 23530248 total edge chars, 17 endpoint depths, 3.88s
  radix_count:        4590665
  total_edge_chars:   23530248
  max_endpoint_depth: 16
