AGPT CUDA Training Engine
  Model: d=64 heads=4 layers=2 ff=256 vocab=65 seq=32 head_dim=16
  Loaded 108481 weight floats (423.8 KB)
  Loaded optimizer state from checkpoint (adam_t=29050)
  LR schedule horizon: 500 total SE (override; this call runs 5 SE)
Loading radix trie from /tmp/shake_ms_n100_se5_91pct_d16_radix...
  Radix trie: 6458513 nodes, 31925966 total edge chars, 17 endpoint depths
  Radix loaded: 10844872 counts entries, 57155073 ancestor char entries
  d_split: 4177746/6458513 nodes have a mass=1 ancestor (mean depth 10.41)
  lr-schedule: warmup-cosine (peak=0.003, warmup_epochs=1)
  optimizer: rmsprop (lr=0.003)
  entropy lambda: 1.000 (branching-endpoint icing enabled)
  mass weighting: log (head-of-edge count restores corpus-frequency exposure)
  curriculum: flat (d=max each epoch)
  max edge_len: 15, max ancestor chars: 15, max KV per node: 30, max endpoint depth: 16
  mass=1 compaction: 27516785 / 31925966 chars are mass=1 (86.2%); cache holds 4409181 positions
  loop points: 140354 (mass>1 leaves; 6.2% of 2280766 mass>1 nodes)
  KV cache: 2257.5 MB unified memory (bf16 compact)
  GPU memory: 3069.4 MB used, 5117.4 MB free, 8186.8 MB total
  65 root-child subtrees: sizes min=3 max=1022882 avg=99361.7 (total=6458512 radix nodes)
Epoch 1: loss=1.516390  (19.92 sec, 65 subtrees, 677 chunks, 31925965 nodes)
  residual top-10 (subtree_mass × max(avg_loss − 1.516, 0)):
    rc   rootID   mass      avg_loss     score 
    1    126495   7459520   1.5278       85416.3
    5    1157154  308326    1.5614       13869.3
    7    1303047  75735     1.6263       8322.4
    25   1469355  54371     1.6672       8201.3
    13   1393424  57940     1.6545       8000.3
    46   3165915  2088168   1.5201       7733.3
    15   1410304  32338     1.7496       7542.1
    32   1498896  70853     1.6170       7131.8
    28   1483466  38049     1.6808       6255.8
    31   1492214  34105     1.6955       6108.5
    top-10: 24.8% of mass, 70.4% of excess-loss
Epoch 2: loss=1.516214  (19.72 sec, 65 subtrees, 677 chunks, 31925965 nodes)
  residual top-10 (subtree_mass × max(avg_loss − 1.516, 0)):
    rc   rootID   mass      avg_loss     score 
    1    126495   7459520   1.5277       85357.8
    5    1157154  308326    1.5609       13792.8
    7    1303047  75735     1.6265       8354.3
    25   1469355  54371     1.6667       8183.0
    13   1393424  57940     1.6544       8006.9
    46   3165915  2088168   1.5200       7973.7
    15   1410304  32338     1.7492       7535.2
    32   1498896  70853     1.6168       7127.5
    28   1483466  38049     1.6807       6260.3
    31   1492214  34105     1.6941       6065.6
    top-10: 24.8% of mass, 70.4% of excess-loss
Epoch 3: loss=1.516074  (19.72 sec, 65 subtrees, 677 chunks, 31925966 nodes)
  residual top-10 (subtree_mass × max(avg_loss − 1.516, 0)):
    rc   rootID   mass      avg_loss     score 
    1    126495   7459520   1.5275       85505.9
    5    1157154  308326    1.5605       13688.5
    7    1303047  75735     1.6260       8327.5
    25   1469355  54371     1.6662       8162.5
    13   1393424  57940     1.6536       7967.1
    46   3165915  2088168   1.5198       7879.1
    15   1410304  32338     1.7512       7603.4
    32   1498896  70853     1.6177       7197.5
    28   1483466  38049     1.6796       6221.3
    31   1492214  34105     1.6940       6067.0
    top-10: 24.8% of mass, 70.4% of excess-loss
Epoch 4: loss=1.515922  (19.73 sec, 65 subtrees, 677 chunks, 31925966 nodes)
  residual top-10 (subtree_mass × max(avg_loss − 1.516, 0)):
    rc   rootID   mass      avg_loss     score 
    1    126495   7459520   1.5274       85901.4
    5    1157154  308326    1.5602       13655.5
    7    1303047  75735     1.6255       8299.2
    25   1469355  54371     1.6656       8138.3
    46   3165915  2088168   1.5198       8046.6
    13   1393424  57940     1.6541       8004.7
    15   1410304  32338     1.7496       7556.7
    32   1498896  70853     1.6188       7287.4
    28   1483466  38049     1.6789       6201.4
    31   1492214  34105     1.6957       6131.7
    top-10: 24.8% of mass, 70.5% of excess-loss
Epoch 5: loss=1.515830  (19.75 sec, 65 subtrees, 677 chunks, 31925966 nodes)
  residual top-10 (subtree_mass × max(avg_loss − 1.516, 0)):
    rc   rootID   mass      avg_loss     score 
    1    126495   7459520   1.5273       85536.2
    5    1157154  308326    1.5600       13632.2
    7    1303047  75735     1.6258       8329.6
    25   1469355  54371     1.6663       8179.5
    46   3165915  2088168   1.5196       7970.0
    13   1393424  57940     1.6528       7934.9
    15   1410304  32338     1.7508       7598.8
    32   1498896  70853     1.6177       7217.5
    28   1483466  38049     1.6792       6217.9
    31   1492214  34105     1.6950       6110.2
    top-10: 24.8% of mass, 70.5% of excess-loss
Saved to /home/trans/Projects/agpt/rnd/streaming-agpt-v1/models/seed300_ms_n100_se5_stage91.model
Done.
  Appended optimizer state to /home/trans/Projects/agpt/rnd/streaming-agpt-v1/models/seed300_ms_n100_se5_stage91.model (adam_t=29375)
