AGPT CUDA Training Engine
  Model: d=64 heads=4 layers=2 ff=256 vocab=65 seq=32 head_dim=16
  Loaded 108481 weight floats (423.8 KB)
  Loaded optimizer state from checkpoint (adam_t=21900)
  LR schedule horizon: 500 total SE (override; this call runs 5 SE)
Loading radix trie from /tmp/shake_ms_n100_se5_69pct_d16_radix...
  Radix trie: 4939236 nodes, 25105167 total edge chars, 17 endpoint depths
  Radix loaded: 8283919 counts entries, 42677128 ancestor char entries
  d_split: 3205117/4939236 nodes have a mass=1 ancestor (mean depth 10.21)
  lr-schedule: warmup-cosine (peak=0.003, warmup_epochs=1)
  optimizer: rmsprop (lr=0.003)
  entropy lambda: 1.000 (branching-endpoint icing enabled)
  mass weighting: log (head-of-edge count restores corpus-frequency exposure)
  curriculum: flat (d=max each epoch)
  max edge_len: 15, max ancestor chars: 15, max KV per node: 30, max endpoint depth: 16
  mass=1 compaction: 21755096 / 25105167 chars are mass=1 (86.7%); cache holds 3350071 positions
  loop points: 95088 (mass>1 leaves; 5.5% of 1734118 mass>1 nodes)
  KV cache: 1715.2 MB unified memory (bf16 compact)
  GPU memory: 2985.5 MB used, 5201.3 MB free, 8186.8 MB total
  65 root-child subtrees: sizes min=3 max=787676 avg=75988.2 (total=4939235 radix nodes)
Epoch 1: loss=1.550238  (15.78 sec, 65 subtrees, 540 chunks, 25105167 nodes)
  residual top-10 (subtree_mass × max(avg_loss − 1.550, 0)):
    rc   rootID   mass      avg_loss     score 
    59   4623372  617792    1.7297       110855.8
    58   4286000  2177149   1.5589       18809.7
    60   4731958  206892    1.6227       14983.6
    61   4767585  535794    1.5748       13151.8
    5    888638   210713    1.6085       12274.5
    1    95363    5551776   1.5523       11342.5
    54   3756828  358833    1.5759       9206.8
    44   2259949  489792    1.5679       8635.7
    6    923726   529652    1.5636       7091.5
    7    999797   65554     1.6526       6712.8
    top-10: 35.2% of mass, 78.2% of excess-loss
Epoch 2: loss=1.543513  (15.44 sec, 65 subtrees, 540 chunks, 25105167 nodes)
  residual top-10 (subtree_mass × max(avg_loss − 1.544, 0)):
    rc   rootID   mass      avg_loss     score 
    1    95363    5551776   1.5561       69899.9
    39   1166289  1840723   1.5533       17980.9
    5    888638   210713    1.6088       13751.0
    6    923726   529652    1.5661       11975.9
    59   4623372  617792    1.5619       11386.9
    44   2259949  489792    1.5658       10927.6
    7    999797   65554     1.6540       7243.5
    40   1472715  332098    1.5647       7050.6
    32   1149713  48062     1.6513       5179.8
    13   1070241  35073     1.6724       4520.6
    top-10: 31.9% of mass, 77.2% of excess-loss
Epoch 3: loss=1.545149  (15.44 sec, 65 subtrees, 540 chunks, 25105167 nodes)
  residual top-10 (subtree_mass × max(avg_loss − 1.545, 0)):
    rc   rootID   mass      avg_loss     score 
    59   4623372  617792    1.6403       58812.1
    1    95363    5551776   1.5514       34634.8
    5    888638   210713    1.6046       12533.5
    39   1166289  1840723   1.5518       12275.6
    44   2259949  489792    1.5656       10003.6
    6    923726   529652    1.5629       9417.0
    40   1472715  332098    1.5664       7047.6
    7    999797   65554     1.6510       6938.4
    58   4286000  2177149   1.5477       5447.5
    32   1149713  48062     1.6481       4947.7
    top-10: 38.9% of mass, 74.6% of excess-loss
Epoch 4: loss=1.548274  (15.43 sec, 65 subtrees, 540 chunks, 25105167 nodes)
  residual top-10 (subtree_mass × max(avg_loss − 1.548, 0)):
    rc   rootID   mass      avg_loss     score 
    59   4623372  617792    1.6936       89798.2
    1    95363    5551776   1.5534       28596.5
    58   4286000  2177149   1.5608       27297.2
    5    888638   210713    1.6042       11792.9
    44   2259949  489792    1.5669       9136.0
    6    923726   529652    1.5628       7677.7
    39   1166289  1840723   1.5522       7293.8
    54   3756828  358833    1.5673       6827.7
    7    999797   65554     1.6511       6742.1
    40   1472715  332098    1.5686       6741.8
    top-10: 39.9% of mass, 77.6% of excess-loss
Epoch 5: loss=1.542567  (15.44 sec, 65 subtrees, 540 chunks, 25105167 nodes)
  residual top-10 (subtree_mass × max(avg_loss − 1.543, 0)):
    rc   rootID   mass      avg_loss     score 
    1    95363    5551776   1.5530       58128.4
    59   4623372  617792    1.5846       25979.7
    39   1166289  1840723   1.5515       16398.7
    5    888638   210713    1.6047       13092.2
    44   2259949  489792    1.5650       10981.5
    6    923726   529652    1.5627       10683.6
    7    999797   65554     1.6513       7125.5
    40   1472715  332098    1.5639       7085.0
    32   1149713  48062     1.6496       5144.8
    13   1070241  35073     1.6691       4436.9
    top-10: 31.9% of mass, 76.5% of excess-loss
Saved to /home/trans/Projects/agpt/rnd/streaming-agpt-v1/models/seed200_ms_n100_se5_stage69.model
Done.
  Appended optimizer state to /home/trans/Projects/agpt/rnd/streaming-agpt-v1/models/seed200_ms_n100_se5_stage69.model (adam_t=22225)
