AGPT CUDA Training Engine
  Model: d=64 heads=4 layers=2 ff=256 vocab=65 seq=32 head_dim=16
  Loaded 108481 weight floats (423.8 KB)
  Loaded optimizer state from checkpoint (adam_t=8575)
  LR schedule horizon: 500 total SE (override; this call runs 5 SE)
Loading radix trie from /tmp/shake_ms_n100_se5_28pct_d16_radix...
  Radix trie: 2022734 nodes, 11059870 total edge chars, 17 endpoint depths
  Radix loaded: 3386400 counts entries, 16318360 ancestor char entries
  d_split: 1318993/2022734 nodes have a mass=1 ancestor (mean depth 9.66)
  lr-schedule: warmup-cosine (peak=0.003, warmup_epochs=1)
  optimizer: rmsprop (lr=0.003)
  entropy lambda: 1.000 (branching-endpoint icing enabled)
  mass weighting: log (head-of-edge count restores corpus-frequency exposure)
  curriculum: flat (d=max each epoch)
  max edge_len: 16, max ancestor chars: 15, max KV per node: 31, max endpoint depth: 16
  mass=1 compaction: 9678897 / 11059870 chars are mass=1 (87.5%); cache holds 1380973 positions
  loop points: 30902 (mass>1 leaves; 4.4% of 703740 mass>1 nodes)
  KV cache: 707.1 MB unified memory (bf16 compact)
  GPU memory: 2872.0 MB used, 5314.8 MB free, 8186.8 MB total
  65 root-child subtrees: sizes min=1 max=323523 avg=31119.0 (total=2022733 radix nodes)
Epoch 1: loss=1.679319  (7.43 sec, 65 subtrees, 264 chunks, 11059870 nodes)
  residual top-10 (subtree_mass × max(avg_loss − 1.679, 0)):
    rc   rootID   mass      avg_loss     score 
    59   1891320  234081    2.1982       121470.0
    58   1752396  823963    1.7405       50371.2
    61   1951640  196770    1.7505       14001.6
    60   1936012  84283     1.8194       11803.7
    54   1532500  136800    1.7632       11480.9
    44   917227   188825    1.7232       8285.4
    40   593595   129217    1.7348       7166.9
    5    362460   56879     1.7796       5703.5
    6    373401   179858    1.7077       5102.9
    7    402197   21347     1.8303       3222.4
    top-10: 17.8% of mass, 94.9% of excess-loss
Epoch 2: loss=1.662629  (7.35 sec, 65 subtrees, 264 chunks, 11059870 nodes)
  residual top-10 (subtree_mass × max(avg_loss − 1.663, 0)):
    rc   rootID   mass      avg_loss     score 
    59   1891320  234081    1.9737       72821.3
    1    37134    2129405   1.6720       19912.7
    39   469042   687335    1.6814       12907.5
    40   593595   129217    1.7361       9487.6
    54   1532500  136800    1.7291       9087.1
    60   1936012  84283     1.7668       8780.9
    44   917227   188825    1.6991       6892.7
    61   1951640  196770    1.6926       5890.4
    5    362460   56879     1.7605       5566.7
    58   1752396  823963    1.6682       4549.9
    top-10: 40.5% of mass, 88.3% of excess-loss
Epoch 3: loss=1.678094  (7.11 sec, 65 subtrees, 264 chunks, 11059870 nodes)
  residual top-10 (subtree_mass × max(avg_loss − 1.678, 0)):
    rc   rootID   mass      avg_loss     score 
    59   1891320  234081    2.1543       111477.6
    58   1752396  823963    1.7796       83634.8
    54   1532500  136800    1.8712       26413.0
    61   1951640  196770    1.7493       14001.4
    60   1936012  84283     1.8353       13249.1
    44   917227   188825    1.7228       8433.3
    40   593595   129217    1.7357       7446.4
    5    362460   56879     1.7484       3998.9
    7    402197   21347     1.8068       2748.5
    49   1188567  55355     1.7056       1520.5
    top-10: 16.7% of mass, 97.1% of excess-loss
Epoch 4: loss=1.686955  (7.08 sec, 65 subtrees, 264 chunks, 11059869 nodes)
  residual top-10 (subtree_mass × max(avg_loss − 1.687, 0)):
    rc   rootID   mass      avg_loss     score 
    59   1891320  234081    2.3621       158042.5
    58   1752396  823963    1.8023       95066.4
    61   1951640  196770    1.8271       27572.6
    60   1936012  84283     1.9908       25606.5
    54   1532500  136800    1.8439       21470.0
    40   593595   129217    1.7139       3476.9
    5    362460   56879     1.7444       3266.9
    7    402197   21347     1.8093       2612.0
    44   917227   188825    1.7004       2535.2
    31   460536   10573     1.8106       1307.6
    top-10: 16.3% of mass, 98.3% of excess-loss
Epoch 5: loss=1.649300  (7.09 sec, 65 subtrees, 264 chunks, 11059870 nodes)
  residual top-10 (subtree_mass × max(avg_loss − 1.649, 0)):
    rc   rootID   mass      avg_loss     score 
    1    37134    2129405   1.6708       45872.9
    59   1891320  234081    1.8091       37406.1
    39   469042   687335    1.6666       11897.0
    44   917227   188825    1.6988       9341.9
    40   593595   129217    1.7111       7986.7
    6    373401   179858    1.6848       6383.0
    5    362460   56879     1.7546       5991.6
    54   1532500  136800    1.6913       5748.7
    7    402197   21347     1.8135       3505.4
    60   1936012  84283     1.6742       2095.3
    top-10: 33.4% of mass, 89.9% of excess-loss
Saved to /home/trans/Projects/agpt/rnd/streaming-agpt-v1/models/seed100_ms_n100_se5_stage28.model
Done.
  Appended optimizer state to /home/trans/Projects/agpt/rnd/streaming-agpt-v1/models/seed100_ms_n100_se5_stage28.model (adam_t=8900)
