AGPT CUDA Training Engine
  Model: d=64 heads=4 layers=2 ff=256 vocab=65 seq=32 head_dim=16
  Loaded 108481 weight floats (423.8 KB)
  Loaded optimizer state from checkpoint (adam_t=10850)
  LR schedule horizon: 500 total SE (override; this call runs 5 SE)
Loading radix trie from /tmp/shake_ms_n100_se5_35pct_d16_radix...
  Radix trie: 2527063 nodes, 13675850 total edge chars, 17 endpoint depths
  Radix loaded: 4232322 counts entries, 20608189 ancestor char entries
  d_split: 1648676/2527063 nodes have a mass=1 ancestor (mean depth 9.74)
  lr-schedule: warmup-cosine (peak=0.003, warmup_epochs=1)
  optimizer: rmsprop (lr=0.003)
  entropy lambda: 1.000 (branching-endpoint icing enabled)
  mass weighting: log (head-of-edge count restores corpus-frequency exposure)
  curriculum: flat (d=max each epoch)
  max edge_len: 15, max ancestor chars: 15, max KV per node: 30, max endpoint depth: 16
  mass=1 compaction: 11965956 / 13675850 chars are mass=1 (87.5%); cache holds 1709894 positions
  loop points: 39142 (mass>1 leaves; 4.5% of 878386 mass>1 nodes)
  KV cache: 875.5 MB unified memory (bf16 compact)
  GPU memory: 2855.5 MB used, 5331.4 MB free, 8186.8 MB total
  65 root-child subtrees: sizes min=3 max=401828 avg=38877.9 (total=2527062 radix nodes)
Epoch 1: loss=1.615541  (8.54 sec, 65 subtrees, 316 chunks, 13675850 nodes)
  residual top-10 (subtree_mass × max(avg_loss − 1.616, 0)):
    rc   rootID   mass      avg_loss     score 
    59   2364182  298400    2.2076       176668.8
    58   2189378  1057842   1.6801       68322.8
    54   1913268  176882    1.7686       27074.8
    60   2420272  105525    1.7944       18877.8
    40   737316   166127    1.7108       15821.1
    39   581109   873606    1.6295       12152.1
    61   2439605  249061    1.6575       10456.6
    5    450192   67698     1.7157       6777.3
    6    463151   232932    1.6407       5853.4
    44   1141801  240673    1.6361       4937.0
    top-10: 23.7% of mass, 95.0% of excess-loss
Epoch 2: loss=1.605419  (8.28 sec, 65 subtrees, 316 chunks, 13675850 nodes)
  residual top-10 (subtree_mass × max(avg_loss − 1.605, 0)):
    rc   rootID   mass      avg_loss     score 
    59   2364182  298400    1.8586       75537.4
    6    463151   232932    1.7096       24262.5
    39   581109   873606    1.6262       18186.8
    44   1141801  240673    1.6785       17586.9
    58   2189378  1057842   1.6178       13054.0
    5    450192   67698     1.7923       12650.5
    40   737316   166127    1.6647       9850.0
    54   1913268  176882    1.6593       9523.5
    7    499784   28929     1.7891       5312.4
    60   2420272  105525    1.6510       4814.1
    top-10: 22.2% of mass, 87.7% of excess-loss
Epoch 3: loss=1.598289  (8.28 sec, 65 subtrees, 316 chunks, 13675850 nodes)
  residual top-10 (subtree_mass × max(avg_loss − 1.598, 0)):
    rc   rootID   mass      avg_loss     score 
    59   2364182  298400    2.0180       125235.3
    58   2189378  1057842   1.6338       37573.7
    54   1913268  176882    1.7386       24823.5
    60   2420272  105525    1.7641       17500.6
    40   737316   166127    1.6630       10745.0
    61   2439605  249061    1.6383       9954.7
    44   1141801  240673    1.6295       7520.0
    5    450192   67698     1.6837       5785.6
    6    463151   232932    1.6198       5002.3
    39   581109   873606    1.6040       4953.5
    top-10: 23.7% of mass, 92.2% of excess-loss
Epoch 4: loss=1.613135  (8.29 sec, 65 subtrees, 316 chunks, 13675850 nodes)
  residual top-10 (subtree_mass × max(avg_loss − 1.613, 0)):
    rc   rootID   mass      avg_loss     score 
    59   2364182  298400    2.2584       192552.0
    58   2189378  1057842   1.6727       63053.4
    54   1913268  176882    1.7561       25292.7
    60   2420272  105525    1.7888       18533.2
    61   2439605  249061    1.6676       13558.1
    40   737316   166127    1.6769       10598.4
    5    450192   67698     1.6888       5119.9
    7    499784   28929     1.7310       3410.5
    44   1141801  240673    1.6211       1918.1
    6    463151   232932    1.6209       1817.7
    top-10: 18.0% of mass, 96.2% of excess-loss
Epoch 5: loss=1.604611  (8.29 sec, 65 subtrees, 316 chunks, 13675850 nodes)
  residual top-10 (subtree_mass × max(avg_loss − 1.605, 0)):
    rc   rootID   mass      avg_loss     score 
    59   2364182  298400    2.0564       134826.7
    58   2189378  1057842   1.6556       53959.1
    54   1913268  176882    1.6958       16132.6
    60   2420272  105525    1.7202       12200.0
    61   2439605  249061    1.6380       8308.3
    5    450192   67698     1.6906       5822.4
    6    463151   232932    1.6281       5472.0
    40   737316   166127    1.6331       4726.7
    44   1141801  240673    1.6226       4319.2
    7    499784   28929     1.7376       3846.2
    top-10: 18.0% of mass, 92.4% of excess-loss
Saved to /home/trans/Projects/agpt/rnd/streaming-agpt-v1/models/seed300_ms_n100_se5_stage35.model
Done.
  Appended optimizer state to /home/trans/Projects/agpt/rnd/streaming-agpt-v1/models/seed300_ms_n100_se5_stage35.model (adam_t=11175)
