Vocab source: /home/trans/Projects/agpt/data/input.txt → 65 unique chars
Test file: /home/trans/Projects/agpt/data/input.txt (1115394 bytes)
Auto-detected architecture from checkpoint: d_model=64, n_heads=4, n_layers=2, d_ff=256 (ckpt seq_len=32, eval seq_len=16)
Model loaded: /home/trans/Projects/agpt/rnd/streaming-agpt-v1/models/seed300_stream100x5_stage100.model (d_model=64, n_layers=2, vocab=65, seq_len=16)
Tokens: 1115394
  204/4096 (863.0/s, ETA 5s)
  408/4096 (1000.4/s, ETA 4s)
  612/4096 (1033.7/s, ETA 3s)
  816/4096 (1080.2/s, ETA 3s)
  1020/4096 (1024.9/s, ETA 3s)
  1224/4096 (908.5/s, ETA 3s)
  1428/4096 (938.4/s, ETA 3s)
  1632/4096 (964.2/s, ETA 3s)
  1836/4096 (997.2/s, ETA 2s)
  2040/4096 (999.0/s, ETA 2s)
  2244/4096 (1005.9/s, ETA 2s)
  2448/4096 (1016.0/s, ETA 2s)
  2652/4096 (1006.5/s, ETA 1s)
  2856/4096 (1011.4/s, ETA 1s)
  3060/4096 (1020.1/s, ETA 1s)
  3264/4096 (1015.3/s, ETA 1s)
  3468/4096 (995.4/s, ETA 1s)
  3672/4096 (1007.1/s, ETA 0s)
  3876/4096 (1016.5/s, ETA 0s)
  4080/4096 (1015.5/s, ETA 0s)

Positions scored:  4096
Mean per-token NLL: 1.430499 nats
Perplexity:         4.1808
Bits per character: 2.0638 bpc
Elapsed:            4.0s (1018.7 pos/sec)
