AGPT CUDA Training Engine
  Model: d=64 heads=4 layers=2 ff=256 vocab=65 seq=32 head_dim=16
  Loaded 108481 weight floats (423.8 KB)
  Loaded optimizer state from checkpoint (adam_t=18650)
  LR schedule horizon: 500 total SE (override; this call runs 5 SE)
Loading radix trie from /tmp/shake_ms_n100_se5_59pct_d16_radix...
  Radix trie: 4239412 nodes, 21933550 total edge chars, 17 endpoint depths
  Radix loaded: 7106078 counts entries, 36060199 ancestor char entries
  d_split: 2756772/4239412 nodes have a mass=1 ancestor (mean depth 10.08)
  lr-schedule: warmup-cosine (peak=0.003, warmup_epochs=1)
  optimizer: rmsprop (lr=0.003)
  entropy lambda: 1.000 (branching-endpoint icing enabled)
  mass weighting: log (head-of-edge count restores corpus-frequency exposure)
  curriculum: flat (d=max each epoch)
  max edge_len: 15, max ancestor chars: 15, max KV per node: 30, max endpoint depth: 16
  mass=1 compaction: 19071770 / 21933550 chars are mass=1 (87.0%); cache holds 2861780 positions
  loop points: 75395 (mass>1 leaves; 5.1% of 1482639 mass>1 nodes)
  KV cache: 1465.2 MB unified memory (bf16 compact)
  GPU memory: 2949.8 MB used, 5237.0 MB free, 8186.8 MB total
  65 root-child subtrees: sizes min=3 max=674597 avg=65221.7 (total=4239411 radix nodes)
Epoch 1: loss=1.607128  (13.83 sec, 65 subtrees, 479 chunks, 21933549 nodes)
  residual top-10 (subtree_mass × max(avg_loss − 1.607, 0)):
    rc   rootID   mass      avg_loss     score 
    59   3969350  518914    1.8978       150854.8
    58   3678869  1840645   1.6452       70069.4
    54   3219933  303745    1.6903       25269.2
    5    760625   160949    1.6792       11604.0
    6    788437   440653    1.6263       8458.7
    44   1933713  416673    1.6263       8008.7
    60   4062278  175614    1.6436       6409.5
    7    853315   56778     1.7063       5630.9
    32   980490   42060     1.6996       3890.2
    15   924419   22313     1.7627       3470.6
    top-10: 15.5% of mass, 88.9% of excess-loss
Epoch 2: loss=1.597996  (13.44 sec, 65 subtrees, 479 chunks, 21933549 nodes)
  residual top-10 (subtree_mass × max(avg_loss − 1.598, 0)):
    rc   rootID   mass      avg_loss     score 
    59   3969350  518914    1.7809       94913.8
    1    81071    4666224   1.6052       33801.0
    58   3678869  1840645   1.6109       23701.6
    60   4062278  175614    1.6516       9415.0
    44   1933713  416673    1.6191       8802.6
    5    760625   160949    1.6524       8759.4
    54   3219933  303745    1.6170       5772.2
    7    853315   56778     1.6982       5686.6
    6    788437   440653    1.6107       5610.3
    61   4093051  447873    1.6095       5166.0
    top-10: 35.1% of mass, 80.7% of excess-loss
Epoch 3: loss=1.595720  (13.46 sec, 65 subtrees, 479 chunks, 21933550 nodes)
  residual top-10 (subtree_mass × max(avg_loss − 1.596, 0)):
    rc   rootID   mass      avg_loss     score 
    59   3969350  518914    1.7442       77072.0
    1    81071    4666224   1.6006       22892.2
    39   994549   1544266   1.6060       15883.6
    58   3678869  1840645   1.6043       15745.0
    44   1933713  416673    1.6235       11583.5
    54   3219933  303745    1.6268       9444.3
    5    760625   160949    1.6517       9016.3
    40   1256890  281079    1.6228       7620.4
    6    788437   440653    1.6092       5938.2
    7    853315   56778     1.6959       5690.7
    top-10: 39.8% of mass, 80.5% of excess-loss
Epoch 4: loss=1.597965  (13.45 sec, 65 subtrees, 479 chunks, 21933550 nodes)
  residual top-10 (subtree_mass × max(avg_loss − 1.598, 0)):
    rc   rootID   mass      avg_loss     score 
    59   3969350  518914    1.7642       86280.1
    61   4093051  447873    1.6993       45407.1
    60   4062278  175614    1.7811       32168.7
    44   1933713  416673    1.6278       12436.4
    63   4170940  370197    1.6233       9381.9
    58   3678869  1840645   1.6026       8589.4
    5    760625   160949    1.6508       8498.3
    7    853315   56778     1.6938       5439.6
    54   3219933  303745    1.6151       5199.8
    39   994549   1544266   1.6007       4164.9
    top-10: 22.7% of mass, 81.1% of excess-loss
Epoch 5: loss=1.601240  (13.45 sec, 65 subtrees, 479 chunks, 21933550 nodes)
  residual top-10 (subtree_mass × max(avg_loss − 1.601, 0)):
    rc   rootID   mass      avg_loss     score 
    1    81071    4666224   1.6253       112198.1
    59   3969350  518914    1.6660       33624.5
    6    788437   440653    1.6428       18314.1
    5    760625   160949    1.6975       15499.1
    39   994549   1544266   1.6112       15328.5
    44   1933713  416673    1.6317       12683.9
    54   3219933  303745    1.6357       10458.3
    7    853315   56778     1.7167       6554.7
    40   1256890  281079    1.6190       4997.6
    2    755668   24672     1.7963       4813.6
    top-10: 32.7% of mass, 84.6% of excess-loss
Saved to /home/trans/Projects/agpt/rnd/streaming-agpt-v1/models/seed100_ms_n100_se5_stage59.model
Done.
  Appended optimizer state to /home/trans/Projects/agpt/rnd/streaming-agpt-v1/models/seed100_ms_n100_se5_stage59.model (adam_t=18975)
