AGPT CUDA Training Engine
  Model: d=64 heads=4 layers=2 ff=256 vocab=65 seq=32 head_dim=16
  Loaded 108481 weight floats (423.8 KB)
  Loaded optimizer state from checkpoint (adam_t=24500)
  LR schedule horizon: 500 total SE (override; this call runs 5 SE)
Loading radix trie from /tmp/shake_ms_n100_se5_77pct_d16_radix...
  Radix trie: 5490558 nodes, 27587961 total edge chars, 17 endpoint depths
  Radix loaded: 9212444 counts entries, 47916915 ancestor char entries
  d_split: 3558170/5490558 nodes have a mass=1 ancestor (mean depth 10.30)
  lr-schedule: warmup-cosine (peak=0.003, warmup_epochs=1)
  optimizer: rmsprop (lr=0.003)
  entropy lambda: 1.000 (branching-endpoint icing enabled)
  mass weighting: log (head-of-edge count restores corpus-frequency exposure)
  curriculum: flat (d=max each epoch)
  max edge_len: 15, max ancestor chars: 15, max KV per node: 30, max endpoint depth: 16
  mass=1 compaction: 23853382 / 27587961 chars are mass=1 (86.5%); cache holds 3734579 positions
  loop points: 111060 (mass>1 leaves; 5.7% of 1932387 mass>1 nodes)
  KV cache: 1912.1 MB unified memory (bf16 compact)
  GPU memory: 3016.9 MB used, 5169.9 MB free, 8186.8 MB total
  65 root-child subtrees: sizes min=3 max=875648 avg=84470.1 (total=5490557 radix nodes)
Epoch 1: loss=1.516907  (17.15 sec, 65 subtrees, 592 chunks, 27587960 nodes)
  residual top-10 (subtree_mass × max(avg_loss − 1.517, 0)):
    rc   rootID   mass      avg_loss     score 
    59   5138517  694800    1.5995       57375.4
    1    106832   6265583   1.5233       40111.6
    5    988657   247024    1.5773       14930.4
    44   2515402  545300    1.5412       13235.8
    54   4178367  400665    1.5463       11766.1
    39   1299936  2071967   1.5206       7752.6
    7    1113086  70589     1.6221       7425.7
    25   1256501  49470     1.6471       6440.5
    15   1204606  29447     1.7335       6379.5
    40   1640681  370693    1.5337       6223.0
    top-10: 31.3% of mass, 71.1% of excess-loss
Epoch 2: loss=1.513042  (16.97 sec, 65 subtrees, 592 chunks, 27587961 nodes)
  residual top-10 (subtree_mass × max(avg_loss − 1.513, 0)):
    rc   rootID   mass      avg_loss     score 
    1    106832   6265583   1.5226       59815.8
    59   5138517  694800    1.5400       18750.0
    5    988657   247024    1.5726       14704.5
    39   1299936  2071967   1.5189       12058.4
    44   2515402  545300    1.5292       8794.6
    7    1113086  70589     1.6220       7692.2
    6    1028896  596004    1.5240       6512.1
    15   1204606  29447     1.7338       6501.3
    25   1256501  49470     1.6429       6424.4
    13   1191030  44352     1.6529       6203.3
    top-10: 30.9% of mass, 70.2% of excess-loss
Epoch 3: loss=1.520380  (16.98 sec, 65 subtrees, 592 chunks, 27587961 nodes)
  residual top-10 (subtree_mass × max(avg_loss − 1.520, 0)):
    rc   rootID   mass      avg_loss     score 
    59   5138517  694800    1.6865       115385.8
    58   4764171  2445077   1.5403       48742.3
    5    988657   247024    1.5694       12097.4
    54   4178367  400665    1.5456       10103.8
    1    106832   6265583   1.5220       9977.6
    7    1113086  70589     1.6221       7179.7
    15   1204606  29447     1.7312       6208.9
    25   1256501  49470     1.6440       6115.0
    13   1191030  44352     1.6520       5839.0
    60   5259224  232978    1.5430       5279.7
    top-10: 30.5% of mass, 79.3% of excess-loss
Epoch 4: loss=1.513704  (16.98 sec, 65 subtrees, 592 chunks, 27587961 nodes)
  residual top-10 (subtree_mass × max(avg_loss − 1.514, 0)):
    rc   rootID   mass      avg_loss     score 
    1    106832   6265583   1.5280       89426.9
    5    988657   247024    1.5756       15283.5
    39   1299936  2071967   1.5201       13199.3
    59   5138517  694800    1.5297       11079.6
    6    1028896  596004    1.5287       8945.8
    7    1113086  70589     1.6259       7918.7
    44   2515402  545300    1.5278       7679.5
    15   1204606  29447     1.7364       6558.9
    25   1256501  49470     1.6437       6432.6
    13   1191030  44352     1.6566       6338.8
    top-10: 30.9% of mass, 73.9% of excess-loss
Epoch 5: loss=1.512369  (16.99 sec, 65 subtrees, 592 chunks, 27587960 nodes)
  residual top-10 (subtree_mass × max(avg_loss − 1.512, 0)):
    rc   rootID   mass      avg_loss     score 
    1    106832   6265583   1.5214       56729.8
    59   5138517  694800    1.5398       19040.7
    5    988657   247024    1.5680       13737.2
    39   1299936  2071967   1.5181       11831.9
    44   2515402  545300    1.5271       8034.6
    7    1113086  70589     1.6212       7682.9
    15   1204606  29447     1.7311       6440.8
    6    1028896  596004    1.5232       6439.9
    25   1256501  49470     1.6402       6322.1
    13   1191030  44352     1.6518       6182.7
    top-10: 30.9% of mass, 68.6% of excess-loss
Saved to /home/trans/Projects/agpt/rnd/streaming-agpt-v1/models/seed300_ms_n100_se5_stage77.model
Done.
  Appended optimizer state to /home/trans/Projects/agpt/rnd/streaming-agpt-v1/models/seed300_ms_n100_se5_stage77.model (adam_t=24825)
