AGPT CUDA Training Engine
  Model: d=64 heads=4 layers=2 ff=256 vocab=65 seq=32 head_dim=16
  Loaded 108481 weight floats (423.8 KB)
  Loaded optimizer state from checkpoint (adam_t=11175)
  LR schedule horizon: 500 total SE (override; this call runs 5 SE)
Loading radix trie from /tmp/shake_ms_n100_se5_36pct_d16_radix...
  Radix trie: 2599155 nodes, 14054709 total edge chars, 17 endpoint depths
  Radix loaded: 4353355 counts entries, 21215979 ancestor char entries
  d_split: 1696157/2599155 nodes have a mass=1 ancestor (mean depth 9.75)
  lr-schedule: warmup-cosine (peak=0.003, warmup_epochs=1)
  optimizer: rmsprop (lr=0.003)
  entropy lambda: 1.000 (branching-endpoint icing enabled)
  mass weighting: log (head-of-edge count restores corpus-frequency exposure)
  curriculum: flat (d=max each epoch)
  max edge_len: 15, max ancestor chars: 15, max KV per node: 30, max endpoint depth: 16
  mass=1 compaction: 12299795 / 14054709 chars are mass=1 (87.5%); cache holds 1754914 positions
  loop points: 40159 (mass>1 leaves; 4.4% of 902997 mass>1 nodes)
  KV cache: 898.5 MB unified memory (bf16 compact)
  GPU memory: 2855.2 MB used, 5331.6 MB free, 8186.8 MB total
  65 root-child subtrees: sizes min=3 max=413082 avg=39987.0 (total=2599154 radix nodes)
Epoch 1: loss=1.662183  (8.72 sec, 65 subtrees, 321 chunks, 14054709 nodes)
  residual top-10 (subtree_mass × max(avg_loss − 1.662, 0)):
    rc   rootID   mass      avg_loss     score 
    59   2431873  306818    2.0575       121294.2
    58   2252069  1089860   1.6898       30091.2
    60   2489491  108539    1.7950       14413.4
    54   1968271  181602    1.7351       13240.8
    44   1174451  247927    1.7016       9776.2
    6    476310   241226    1.6980       8629.7
    61   2509346  256978    1.6913       7472.9
    5    462926   70066     1.7589       6775.4
    40   758298   171405    1.6975       6046.1
    7    514181   30275     1.8007       4193.1
    top-10: 18.0% of mass, 92.5% of excess-loss
Epoch 2: loss=1.661290  (8.57 sec, 65 subtrees, 321 chunks, 14054709 nodes)
  residual top-10 (subtree_mass × max(avg_loss − 1.661, 0)):
    rc   rootID   mass      avg_loss     score 
    59   2431873  306818    1.9783       97277.9
    58   2252069  1089860   1.6888       30021.2
    54   1968271  181602    1.7806       21672.3
    44   1174451  247927    1.7097       12003.3
    6    476310   241226    1.6919       7379.1
    60   2489491  108539    1.7220       6589.6
    5    462926   70066     1.7522       6367.2
    40   758298   171405    1.6920       5256.9
    7    514181   30275     1.7979       4136.4
    39   597596   900117    1.6649       3232.2
    top-10: 22.3% of mass, 91.2% of excess-loss
Epoch 3: loss=1.670990  (8.59 sec, 65 subtrees, 321 chunks, 14054709 nodes)
  residual top-10 (subtree_mass × max(avg_loss − 1.671, 0)):
    rc   rootID   mass      avg_loss     score 
    59   2431873  306818    2.0949       130058.9
    58   2252069  1089860   1.7653       102772.1
    54   1968271  181602    1.7976       23000.1
    60   2489491  108539    1.7792       11743.1
    44   1174451  247927    1.7118       10110.0
    61   2509346  256978    1.7018       7924.4
    40   758298   171405    1.7068       6145.4
    5    462926   70066     1.7549       5881.8
    7    514181   30275     1.7982       3851.3
    6    476310   241226    1.6822       2698.0
    top-10: 18.0% of mass, 95.7% of excess-loss
Epoch 4: loss=1.666539  (8.58 sec, 65 subtrees, 321 chunks, 14054709 nodes)
  residual top-10 (subtree_mass × max(avg_loss − 1.667, 0)):
    rc   rootID   mass      avg_loss     score 
    59   2431873  306818    2.0092       105131.4
    58   2252069  1089860   1.6998       36246.8
    54   1968271  181602    1.7959       23492.2
    44   1174451  247927    1.7220       13746.3
    60   2489491  108539    1.7444       8454.4
    6    476310   241226    1.6983       7663.4
    5    462926   70066     1.7702       7262.7
    40   758298   171405    1.6968       5179.0
    7    514181   30275     1.8052       4197.3
    1    47414    2748150   1.6677       3318.8
    top-10: 34.5% of mass, 92.0% of excess-loss
Epoch 5: loss=1.660933  (8.59 sec, 65 subtrees, 321 chunks, 14054709 nodes)
  residual top-10 (subtree_mass × max(avg_loss − 1.661, 0)):
    rc   rootID   mass      avg_loss     score 
    59   2431873  306818    1.9840       99120.3
    58   2252069  1089860   1.7097       53114.0
    54   1968271  181602    1.7324       12971.9
    60   2489491  108539    1.7526       9954.7
    44   1174451  247927    1.6930       7957.5
    57   2121115  738486    1.6707       7240.4
    6    476310   241226    1.6893       6853.4
    5    462926   70066     1.7507       6289.5
    40   758298   171405    1.6939       5654.1
    61   2509346  256978    1.6781       4420.6
    top-10: 22.7% of mass, 90.1% of excess-loss
Saved to /home/trans/Projects/agpt/rnd/streaming-agpt-v1/models/seed100_ms_n100_se5_stage36.model
Done.
  Appended optimizer state to /home/trans/Projects/agpt/rnd/streaming-agpt-v1/models/seed100_ms_n100_se5_stage36.model (adam_t=11500)
