AGPT CUDA Training Engine
  Model: d=64 heads=4 layers=2 ff=256 vocab=65 seq=32 head_dim=16
  Loaded 108481 weight floats (423.8 KB)
  Loaded optimizer state from checkpoint (adam_t=9550)
  LR schedule horizon: 500 total SE (override; this call runs 5 SE)
Loading radix trie from /tmp/shake_ms_n100_se5_31pct_d16_radix...
  Radix trie: 2238775 nodes, 12174321 total edge chars, 17 endpoint depths
  Radix loaded: 3748668 counts entries, 18162832 ancestor char entries
  d_split: 1459998/2238775 nodes have a mass=1 ancestor (mean depth 9.70)
  lr-schedule: warmup-cosine (peak=0.003, warmup_epochs=1)
  optimizer: rmsprop (lr=0.003)
  entropy lambda: 1.000 (branching-endpoint icing enabled)
  mass weighting: log (head-of-edge count restores corpus-frequency exposure)
  curriculum: flat (d=max each epoch)
  max edge_len: 16, max ancestor chars: 15, max KV per node: 31, max endpoint depth: 16
  mass=1 compaction: 10652187 / 12174321 chars are mass=1 (87.5%); cache holds 1522134 positions
  loop points: 34513 (mass>1 leaves; 4.4% of 778776 mass>1 nodes)
  KV cache: 779.3 MB unified memory (bf16 compact)
  GPU memory: 2889.0 MB used, 5297.8 MB free, 8186.8 MB total
  65 root-child subtrees: sizes min=1 max=357183 avg=34442.7 (total=2238774 radix nodes)
Epoch 1: loss=1.633030  (7.46 sec, 65 subtrees, 286 chunks, 12174321 nodes)
  residual top-10 (subtree_mass × max(avg_loss − 1.633, 0)):
    rc   rootID   mass      avg_loss     score 
    59   2093764  261660    2.0609       111958.5
    1    40977    2362794   1.6586       60427.3
    54   1695475  154496    1.7725       21542.1
    6    411981   201140    1.6793       9298.0
    39   516670   766706    1.6436       8067.4
    5    400130   61657     1.7519       7327.8
    40   654735   145163    1.6819       7089.8
    58   1939257  925312    1.6393       5792.2
    60   2143359  93623     1.6910       5429.1
    44   1013169  210491    1.6513       3850.5
    top-10: 40.3% of mass, 92.0% of excess-loss
Epoch 2: loss=1.614669  (7.33 sec, 65 subtrees, 286 chunks, 12174321 nodes)
  residual top-10 (subtree_mass × max(avg_loss − 1.615, 0)):
    rc   rootID   mass      avg_loss     score 
    59   2093764  261660    1.9318       82969.8
    54   1695475  154496    1.7384       19113.1
    58   1939257  925312    1.6282       12535.9
    60   2143359  93623     1.7319       10973.5
    61   2160617  219688    1.6644       10929.9
    40   654735   145163    1.6893       10835.6
    39   516670   766706    1.6283       10435.0
    44   1013169  210491    1.6581       9131.4
    5    400130   61657     1.7079       5748.6
    6    411981   201140    1.6338       3849.6
    top-10: 23.7% of mass, 90.3% of excess-loss
Epoch 3: loss=1.610650  (7.33 sec, 65 subtrees, 286 chunks, 12174321 nodes)
  residual top-10 (subtree_mass × max(avg_loss − 1.611, 0)):
    rc   rootID   mass      avg_loss     score 
    59   2093764  261660    2.0291       109497.0
    54   1695475  154496    1.7334       18964.2
    60   2143359  93623     1.7497       13019.8
    61   2160617  219688    1.6639       11702.2
    58   1939257  925312    1.6227       11134.3
    40   654735   145163    1.6801       10075.9
    39   516670   766706    1.6197       6936.5
    5    400130   61657     1.7008       5556.1
    44   1013169  210491    1.6303       4141.8
    7    443946   24156     1.7508       3384.3
    top-10: 22.3% of mass, 91.3% of excess-loss
Epoch 4: loss=1.654938  (7.34 sec, 65 subtrees, 286 chunks, 12174321 nodes)
  residual top-10 (subtree_mass × max(avg_loss − 1.655, 0)):
    rc   rootID   mass      avg_loss     score 
    59   2093764  261660    1.9594       79662.0
    44   1013169  210491    1.8450       39997.4
    40   654735   145163    1.8832       33134.3
    54   1695475  154496    1.8361       27984.7
    58   1939257  925312    1.6814       24455.8
    46   1086578  654167    1.6770       14448.5
    45   1051149  184515    1.7186       11751.3
    41   682107   224404    1.6961       9235.0
    47   1197502  656614    1.6687       9033.1
    49   1315005  62298     1.7704       7195.6
    top-10: 27.1% of mass, 93.3% of excess-loss
Epoch 5: loss=1.650430  (7.34 sec, 65 subtrees, 286 chunks, 12174321 nodes)
  residual top-10 (subtree_mass × max(avg_loss − 1.650, 0)):
    rc   rootID   mass      avg_loss     score 
    59   2093764  261660    2.0602       107217.3
    44   1013169  210491    1.8902       50478.1
    54   1695475  154496    1.7415       14067.4
    60   2143359  93623     1.7428       8649.2
    45   1051149  184515    1.6968       8553.3
    42   723139   386496    1.6718       8277.3
    40   654735   145163    1.7041       7784.6
    61   2160617  219688    1.6751       5419.7
    5    400130   61657     1.7362       5287.0
    6    411981   201140    1.6698       3890.3
    top-10: 14.9% of mass, 91.4% of excess-loss
Saved to /home/trans/Projects/agpt/rnd/streaming-agpt-v1/models/seed300_ms_n100_se5_stage31.model
Done.
  Appended optimizer state to /home/trans/Projects/agpt/rnd/streaming-agpt-v1/models/seed300_ms_n100_se5_stage31.model (adam_t=9875)
