AGPT CUDA Training Engine
  Model: d=64 heads=4 layers=2 ff=256 vocab=65 seq=32 head_dim=16
  Loaded 108481 weight floats (423.8 KB)
  Loaded optimizer state from checkpoint (adam_t=20600)
  LR schedule horizon: 500 total SE (override; this call runs 5 SE)
Loading radix trie from /tmp/shake_ms_n100_se5_65pct_d16_radix...
  Radix trie: 4660650 nodes, 23849428 total edge chars, 17 endpoint depths
  Radix loaded: 7814498 counts entries, 40029249 ancestor char entries
  d_split: 3026295/4660650 nodes have a mass=1 ancestor (mean depth 10.16)
  lr-schedule: warmup-cosine (peak=0.003, warmup_epochs=1)
  optimizer: rmsprop (lr=0.003)
  entropy lambda: 1.000 (branching-endpoint icing enabled)
  mass weighting: log (head-of-edge count restores corpus-frequency exposure)
  curriculum: flat (d=max each epoch)
  max edge_len: 15, max ancestor chars: 15, max KV per node: 30, max endpoint depth: 16
  mass=1 compaction: 20691664 / 23849428 chars are mass=1 (86.8%); cache holds 3157764 positions
  loop points: 87188 (mass>1 leaves; 5.3% of 1634354 mass>1 nodes)
  KV cache: 1616.8 MB unified memory (bf16 compact)
  GPU memory: 2970.8 MB used, 5216.0 MB free, 8186.8 MB total
  65 root-child subtrees: sizes min=3 max=742282 avg=71702.3 (total=4660649 radix nodes)
Epoch 1: loss=1.561638  (15.05 sec, 65 subtrees, 515 chunks, 23849428 nodes)
  residual top-10 (subtree_mass × max(avg_loss − 1.562, 0)):
    rc   rootID   mass      avg_loss     score 
    59   4362757  578519    1.7137       87972.3
    58   4043948  2041653   1.5730       23204.4
    54   3542664  337831    1.6267       21965.4
    5    837264   191388    1.6244       12017.3
    44   2130116  460126    1.5874       11849.6
    6    869513   492864    1.5813       9691.3
    39   1097658  1721899   1.5667       8709.2
    40   1386522  311519    1.5847       7173.3
    60   4465222  194382    1.5979       7042.4
    7    941014   62098     1.6638       6345.0
    top-10: 22.4% of mass, 80.6% of excess-loss
Epoch 2: loss=1.558932  (14.64 sec, 65 subtrees, 515 chunks, 23849428 nodes)
  residual top-10 (subtree_mass × max(avg_loss − 1.559, 0)):
    rc   rootID   mass      avg_loss     score 
    44   2130116  460126    1.6239       29895.8
    1    89639    5192802   1.5628       20248.1
    41   1441495  480594    1.5920       15886.1
    59   4362757  578519    1.5836       14248.1
    5    837264   191388    1.6152       10774.6
    42   1523874  924721    1.5703       10534.3
    39   1097658  1721899   1.5631       7261.8
    40   1386522  311519    1.5805       6711.6
    7    941014   62098     1.6580       6150.4
    6    869513   492864    1.5710       5963.8
    top-10: 36.5% of mass, 70.1% of excess-loss
Epoch 3: loss=1.552617  (14.65 sec, 65 subtrees, 515 chunks, 23849428 nodes)
  residual top-10 (subtree_mass × max(avg_loss − 1.553, 0)):
    rc   rootID   mass      avg_loss     score 
    1    89639    5192802   1.5599       37825.3
    59   4362757  578519    1.6148       36000.6
    39   1097658  1721899   1.5624       16796.6
    44   2130116  460126    1.5796       12423.1
    5    837264   191388    1.6120       11374.6
    6    869513   492864    1.5692       8178.0
    40   1386522  311519    1.5777       7799.8
    7    941014   62098     1.6564       6443.3
    32   1082068  45810     1.6561       4740.0
    13   1007779  33011     1.6746       4028.3
    top-10: 31.8% of mass, 75.6% of excess-loss
Epoch 4: loss=1.555603  (14.64 sec, 65 subtrees, 515 chunks, 23849428 nodes)
  residual top-10 (subtree_mass × max(avg_loss − 1.556, 0)):
    rc   rootID   mass      avg_loss     score 
    59   4362757  578519    1.6152       34469.2
    39   1097658  1721899   1.5704       25439.5
    44   2130116  460126    1.6096       24861.1
    40   1386522  311519    1.6133       17967.3
    1    89639    5192802   1.5584       14457.0
    5    837264   191388    1.6103       10465.8
    54   3542664  337831    1.5741       6241.5
    6    869513   492864    1.5682       6211.5
    7    941014   62098     1.6550       6172.5
    32   1082068  45810     1.6547       4538.3
    top-10: 32.9% of mass, 76.8% of excess-loss
Epoch 5: loss=1.554679  (14.66 sec, 65 subtrees, 515 chunks, 23849428 nodes)
  residual top-10 (subtree_mass × max(avg_loss − 1.555, 0)):
    rc   rootID   mass      avg_loss     score 
    59   4362757  578519    1.6705       67031.7
    1    89639    5192802   1.5583       18813.6
    54   3542664  337831    1.6088       18290.3
    5    837264   191388    1.6101       10616.0
    39   1097658  1721899   1.5605       9955.0
    44   2130116  460126    1.5751       9414.9
    60   4465222  194382    1.5922       7290.0
    40   1386522  311519    1.5764       6757.9
    6    869513   492864    1.5678       6455.7
    7    941014   62098     1.6557       6270.9
    top-10: 33.4% of mass, 75.3% of excess-loss
Saved to /home/trans/Projects/agpt/rnd/streaming-agpt-v1/models/seed200_ms_n100_se5_stage65.model
Done.
  Appended optimizer state to /home/trans/Projects/agpt/rnd/streaming-agpt-v1/models/seed200_ms_n100_se5_stage65.model (adam_t=20925)
