[radix-corpus] corpus: /tmp/shake_ms_n100_se5_6pct.txt (300000 tokens, vocab=65)
[radix-corpus] max_depth=16, output=/tmp/shake_ms_n100_se5_6pct_d16_radix
[radix-corpus] subtree char=0 (5920 positions): emitted 8361 radix nodes  (cum total 8362, max_ep_depth=16, 0.0s)
[radix-corpus] subtree char=1 (52971 positions): emitted 70986 radix nodes  (cum total 79348, max_ep_depth=16, 0.0s)
[radix-corpus] subtree char=2 (103 positions): emitted 153 radix nodes  (cum total 79501, max_ep_depth=16, 0.0s)
[radix-corpus] subtree char=4 (1 positions): emitted 1 radix nodes  (cum total 79502, max_ep_depth=16, 0.0s)
[radix-corpus] subtree char=5 (2135 positions): emitted 2857 radix nodes  (cum total 82359, max_ep_depth=16, 0.0s)
[radix-corpus] subtree char=6 (4007 positions): emitted 5744 radix nodes  (cum total 88103, max_ep_depth=16, 0.0s)
[radix-corpus] subtree char=7 (611 positions): emitted 937 radix nodes  (cum total 89040, max_ep_depth=16, 0.0s)
[radix-corpus] subtree char=8 (2753 positions): emitted 3862 radix nodes  (cum total 92902, max_ep_depth=16, 0.1s)
[radix-corpus] subtree char=9 (36 positions): emitted 44 radix nodes  (cum total 92946, max_ep_depth=16, 0.1s)
[radix-corpus] subtree char=10 (124 positions): emitted 179 radix nodes  (cum total 93125, max_ep_depth=16, 0.1s)
[radix-corpus] subtree char=11 (715 positions): emitted 1031 radix nodes  (cum total 94156, max_ep_depth=16, 0.1s)
[radix-corpus] subtree char=12 (150 positions): emitted 229 radix nodes  (cum total 94385, max_ep_depth=16, 0.1s)
[radix-corpus] subtree char=13 (261 positions): emitted 383 radix nodes  (cum total 94768, max_ep_depth=16, 0.1s)
[radix-corpus] subtree char=14 (572 positions): emitted 795 radix nodes  (cum total 95563, max_ep_depth=16, 0.1s)
[radix-corpus] subtree char=15 (378 positions): emitted 502 radix nodes  (cum total 96065, max_ep_depth=16, 0.1s)
[radix-corpus] subtree char=16 (265 positions): emitted 403 radix nodes  (cum total 96468, max_ep_depth=16, 0.1s)
[radix-corpus] subtree char=17 (340 positions): emitted 433 radix nodes  (cum total 96901, max_ep_depth=16, 0.1s)
[radix-corpus] subtree char=18 (39 positions): emitted 56 radix nodes  (cum total 96957, max_ep_depth=16, 0.1s)
[radix-corpus] subtree char=19 (61 positions): emitted 76 radix nodes  (cum total 97033, max_ep_depth=16, 0.1s)
[radix-corpus] subtree char=20 (323 positions): emitted 444 radix nodes  (cum total 97477, max_ep_depth=16, 0.1s)
[radix-corpus] subtree char=21 (1247 positions): emitted 1640 radix nodes  (cum total 99117, max_ep_depth=16, 0.1s)
[radix-corpus] subtree char=22 (161 positions): emitted 221 radix nodes  (cum total 99338, max_ep_depth=16, 0.1s)
[radix-corpus] subtree char=23 (23 positions): emitted 37 radix nodes  (cum total 99375, max_ep_depth=16, 0.1s)
[radix-corpus] subtree char=24 (330 positions): emitted 441 radix nodes  (cum total 99816, max_ep_depth=16, 0.1s)
[radix-corpus] subtree char=25 (948 positions): emitted 1211 radix nodes  (cum total 101027, max_ep_depth=16, 0.1s)
[radix-corpus] subtree char=26 (130 positions): emitted 175 radix nodes  (cum total 101202, max_ep_depth=16, 0.1s)
[radix-corpus] subtree char=27 (80 positions): emitted 119 radix nodes  (cum total 101321, max_ep_depth=16, 0.1s)
[radix-corpus] subtree char=28 (120 positions): emitted 180 radix nodes  (cum total 101501, max_ep_depth=16, 0.1s)
[radix-corpus] subtree char=30 (67 positions): emitted 103 radix nodes  (cum total 101604, max_ep_depth=16, 0.1s)
[radix-corpus] subtree char=31 (218 positions): emitted 316 radix nodes  (cum total 101920, max_ep_depth=16, 0.1s)
[radix-corpus] subtree char=32 (369 positions): emitted 552 radix nodes  (cum total 102472, max_ep_depth=16, 0.1s)
[radix-corpus] subtree char=33 (18 positions): emitted 28 radix nodes  (cum total 102500, max_ep_depth=16, 0.1s)
[radix-corpus] subtree char=34 (39 positions): emitted 32 radix nodes  (cum total 102532, max_ep_depth=16, 0.1s)
[radix-corpus] subtree char=35 (249 positions): emitted 355 radix nodes  (cum total 102887, max_ep_depth=16, 0.1s)
[radix-corpus] subtree char=36 (64 positions): emitted 72 radix nodes  (cum total 102959, max_ep_depth=16, 0.1s)
[radix-corpus] subtree char=37 (141 positions): emitted 214 radix nodes  (cum total 103173, max_ep_depth=16, 0.1s)
[radix-corpus] subtree char=39 (17650 positions): emitted 25887 radix nodes  (cum total 129060, max_ep_depth=16, 0.1s)
[radix-corpus] subtree char=40 (3431 positions): emitted 5081 radix nodes  (cum total 134141, max_ep_depth=16, 0.1s)
[radix-corpus] subtree char=41 (5604 positions): emitted 8315 radix nodes  (cum total 142456, max_ep_depth=16, 0.1s)
[radix-corpus] subtree char=42 (9018 positions): emitted 13246 radix nodes  (cum total 155702, max_ep_depth=16, 0.1s)
[radix-corpus] subtree char=43 (29009 positions): emitted 42768 radix nodes  (cum total 198470, max_ep_depth=16, 0.1s)
[radix-corpus] subtree char=44 (5168 positions): emitted 7599 radix nodes  (cum total 206069, max_ep_depth=16, 0.1s)
[radix-corpus] subtree char=45 (4275 positions): emitted 6319 radix nodes  (cum total 212388, max_ep_depth=16, 0.1s)
[radix-corpus] subtree char=46 (13798 positions): emitted 20239 radix nodes  (cum total 232627, max_ep_depth=16, 0.1s)
[radix-corpus] subtree char=47 (15579 positions): emitted 22914 radix nodes  (cum total 255541, max_ep_depth=16, 0.2s)
[radix-corpus] subtree char=48 (231 positions): emitted 358 radix nodes  (cum total 255899, max_ep_depth=16, 0.2s)
[radix-corpus] subtree char=49 (1290 positions): emitted 1922 radix nodes  (cum total 257821, max_ep_depth=16, 0.2s)
[radix-corpus] subtree char=50 (9194 positions): emitted 13530 radix nodes  (cum total 271351, max_ep_depth=16, 0.2s)
[radix-corpus] subtree char=51 (5515 positions): emitted 8157 radix nodes  (cum total 279508, max_ep_depth=16, 0.2s)
[radix-corpus] subtree char=52 (16270 positions): emitted 24047 radix nodes  (cum total 303555, max_ep_depth=16, 0.2s)
[radix-corpus] subtree char=53 (16872 positions): emitted 24935 radix nodes  (cum total 328490, max_ep_depth=16, 0.2s)
[radix-corpus] subtree char=54 (3509 positions): emitted 5264 radix nodes  (cum total 333754, max_ep_depth=16, 0.2s)
[radix-corpus] subtree char=55 (275 positions): emitted 405 radix nodes  (cum total 334159, max_ep_depth=16, 0.2s)
[radix-corpus] subtree char=56 (13716 positions): emitted 20246 radix nodes  (cum total 354405, max_ep_depth=16, 0.2s)
[radix-corpus] subtree char=57 (14317 positions): emitted 21217 radix nodes  (cum total 375622, max_ep_depth=16, 0.2s)
[radix-corpus] subtree char=58 (19731 positions): emitted 28899 radix nodes  (cum total 404521, max_ep_depth=16, 0.3s)
[radix-corpus] subtree char=59 (6456 positions): emitted 9554 radix nodes  (cum total 414075, max_ep_depth=16, 0.3s)
[radix-corpus] subtree char=60 (2394 positions): emitted 3604 radix nodes  (cum total 417679, max_ep_depth=16, 0.3s)
[radix-corpus] subtree char=61 (4549 positions): emitted 6718 radix nodes  (cum total 424397, max_ep_depth=16, 0.3s)
[radix-corpus] subtree char=62 (365 positions): emitted 558 radix nodes  (cum total 424955, max_ep_depth=16, 0.3s)
[radix-corpus] subtree char=63 (5445 positions): emitted 8034 radix nodes  (cum total 432989, max_ep_depth=16, 0.3s)
[radix-corpus] subtree char=64 (370 positions): emitted 521 radix nodes  (cum total 433510, max_ep_depth=16, 0.3s)
[radix-corpus] done: 433510 radix nodes, 2557287 total edge chars, 17 endpoint depths, 0.28s
  radix_count:        433510
  total_edge_chars:   2557287
  max_endpoint_depth: 16
