[radix-corpus] corpus: /tmp/shake_ms_n100_se5_18pct.txt (900000 tokens, vocab=65)
[radix-corpus] max_depth=16, output=/tmp/shake_ms_n100_se5_18pct_d16_radix
[radix-corpus] subtree char=0 (17347 positions): emitted 24295 radix nodes  (cum total 24296, max_ep_depth=16, 0.0s)
[radix-corpus] subtree char=1 (151803 positions): emitted 209181 radix nodes  (cum total 233477, max_ep_depth=16, 0.2s)
[radix-corpus] subtree char=2 (552 positions): emitted 809 radix nodes  (cum total 234286, max_ep_depth=16, 0.2s)
[radix-corpus] subtree char=4 (1 positions): emitted 1 radix nodes  (cum total 234287, max_ep_depth=16, 0.2s)
[radix-corpus] subtree char=5 (5495 positions): emitted 7446 radix nodes  (cum total 241733, max_ep_depth=16, 0.2s)
[radix-corpus] subtree char=6 (12355 positions): emitted 17433 radix nodes  (cum total 259166, max_ep_depth=16, 0.2s)
[radix-corpus] subtree char=7 (2022 positions): emitted 2993 radix nodes  (cum total 262159, max_ep_depth=16, 0.2s)
[radix-corpus] subtree char=8 (8008 positions): emitted 10877 radix nodes  (cum total 273036, max_ep_depth=16, 0.2s)
[radix-corpus] subtree char=9 (76 positions): emitted 99 radix nodes  (cum total 273135, max_ep_depth=16, 0.2s)
[radix-corpus] subtree char=10 (296 positions): emitted 427 radix nodes  (cum total 273562, max_ep_depth=16, 0.2s)
[radix-corpus] subtree char=11 (2152 positions): emitted 3017 radix nodes  (cum total 276579, max_ep_depth=16, 0.2s)
[radix-corpus] subtree char=12 (604 positions): emitted 885 radix nodes  (cum total 277464, max_ep_depth=16, 0.2s)
[radix-corpus] subtree char=13 (1023 positions): emitted 1447 radix nodes  (cum total 278911, max_ep_depth=16, 0.2s)
[radix-corpus] subtree char=14 (1325 positions): emitted 1870 radix nodes  (cum total 280781, max_ep_depth=16, 0.2s)
[radix-corpus] subtree char=15 (1095 positions): emitted 1334 radix nodes  (cum total 282115, max_ep_depth=16, 0.2s)
[radix-corpus] subtree char=16 (669 positions): emitted 987 radix nodes  (cum total 283102, max_ep_depth=16, 0.2s)
[radix-corpus] subtree char=17 (1093 positions): emitted 1298 radix nodes  (cum total 284400, max_ep_depth=16, 0.2s)
[radix-corpus] subtree char=18 (259 positions): emitted 369 radix nodes  (cum total 284769, max_ep_depth=16, 0.2s)
[radix-corpus] subtree char=19 (336 positions): emitted 439 radix nodes  (cum total 285208, max_ep_depth=16, 0.2s)
[radix-corpus] subtree char=20 (1167 positions): emitted 1590 radix nodes  (cum total 286798, max_ep_depth=16, 0.2s)
[radix-corpus] subtree char=21 (3591 positions): emitted 4724 radix nodes  (cum total 291522, max_ep_depth=16, 0.2s)
[radix-corpus] subtree char=22 (430 positions): emitted 604 radix nodes  (cum total 292126, max_ep_depth=16, 0.2s)
[radix-corpus] subtree char=23 (122 positions): emitted 169 radix nodes  (cum total 292295, max_ep_depth=16, 0.2s)
[radix-corpus] subtree char=24 (971 positions): emitted 1242 radix nodes  (cum total 293537, max_ep_depth=16, 0.2s)
[radix-corpus] subtree char=25 (1911 positions): emitted 2372 radix nodes  (cum total 295909, max_ep_depth=16, 0.2s)
[radix-corpus] subtree char=26 (432 positions): emitted 607 radix nodes  (cum total 296516, max_ep_depth=16, 0.2s)
[radix-corpus] subtree char=27 (283 positions): emitted 404 radix nodes  (cum total 296920, max_ep_depth=16, 0.2s)
[radix-corpus] subtree char=28 (524 positions): emitted 719 radix nodes  (cum total 297639, max_ep_depth=16, 0.2s)
[radix-corpus] subtree char=29 (98 positions): emitted 140 radix nodes  (cum total 297779, max_ep_depth=16, 0.2s)
[radix-corpus] subtree char=30 (388 positions): emitted 534 radix nodes  (cum total 298313, max_ep_depth=16, 0.2s)
[radix-corpus] subtree char=31 (842 positions): emitted 1191 radix nodes  (cum total 299504, max_ep_depth=16, 0.2s)
[radix-corpus] subtree char=32 (1482 positions): emitted 2127 radix nodes  (cum total 301631, max_ep_depth=16, 0.2s)
[radix-corpus] subtree char=33 (54 positions): emitted 77 radix nodes  (cum total 301708, max_ep_depth=16, 0.2s)
[radix-corpus] subtree char=34 (98 positions): emitted 94 radix nodes  (cum total 301802, max_ep_depth=16, 0.2s)
[radix-corpus] subtree char=35 (880 positions): emitted 1237 radix nodes  (cum total 303039, max_ep_depth=16, 0.2s)
[radix-corpus] subtree char=36 (123 positions): emitted 126 radix nodes  (cum total 303165, max_ep_depth=16, 0.2s)
[radix-corpus] subtree char=37 (402 positions): emitted 604 radix nodes  (cum total 303769, max_ep_depth=16, 0.2s)
[radix-corpus] subtree char=38 (6 positions): emitted 9 radix nodes  (cum total 303778, max_ep_depth=16, 0.2s)
[radix-corpus] subtree char=39 (53939 positions): emitted 78393 radix nodes  (cum total 382171, max_ep_depth=16, 0.2s)
[radix-corpus] subtree char=40 (10424 positions): emitted 15309 radix nodes  (cum total 397480, max_ep_depth=16, 0.2s)
[radix-corpus] subtree char=41 (16321 positions): emitted 23749 radix nodes  (cum total 421229, max_ep_depth=16, 0.2s)
[radix-corpus] subtree char=42 (28041 positions): emitted 40965 radix nodes  (cum total 462194, max_ep_depth=16, 0.3s)
[radix-corpus] subtree char=43 (88077 positions): emitted 128647 radix nodes  (cum total 590841, max_ep_depth=16, 0.3s)
[radix-corpus] subtree char=44 (15251 positions): emitted 22216 radix nodes  (cum total 613057, max_ep_depth=16, 0.3s)
[radix-corpus] subtree char=45 (13411 positions): emitted 19666 radix nodes  (cum total 632723, max_ep_depth=16, 0.4s)
[radix-corpus] subtree char=46 (43343 positions): emitted 62620 radix nodes  (cum total 695343, max_ep_depth=16, 0.4s)
[radix-corpus] subtree char=47 (45598 positions): emitted 66144 radix nodes  (cum total 761487, max_ep_depth=16, 0.4s)
[radix-corpus] subtree char=48 (713 positions): emitted 1065 radix nodes  (cum total 762552, max_ep_depth=16, 0.4s)
[radix-corpus] subtree char=49 (4382 positions): emitted 6411 radix nodes  (cum total 768963, max_ep_depth=16, 0.4s)
[radix-corpus] subtree char=50 (27872 positions): emitted 40461 radix nodes  (cum total 809424, max_ep_depth=16, 0.4s)
[radix-corpus] subtree char=51 (16856 positions): emitted 24655 radix nodes  (cum total 834079, max_ep_depth=16, 0.5s)
[radix-corpus] subtree char=52 (48609 positions): emitted 71192 radix nodes  (cum total 905271, max_ep_depth=16, 0.5s)
[radix-corpus] subtree char=53 (51987 positions): emitted 75928 radix nodes  (cum total 981199, max_ep_depth=16, 0.5s)
[radix-corpus] subtree char=54 (10933 positions): emitted 16067 radix nodes  (cum total 997266, max_ep_depth=16, 0.5s)
[radix-corpus] subtree char=55 (858 positions): emitted 1228 radix nodes  (cum total 998494, max_ep_depth=16, 0.5s)
[radix-corpus] subtree char=56 (41088 positions): emitted 60025 radix nodes  (cum total 1058519, max_ep_depth=16, 0.6s)
[radix-corpus] subtree char=57 (43061 positions): emitted 62953 radix nodes  (cum total 1121472, max_ep_depth=16, 0.6s)
[radix-corpus] subtree char=58 (60177 positions): emitted 86995 radix nodes  (cum total 1208467, max_ep_depth=16, 0.6s)
[radix-corpus] subtree char=59 (19460 positions): emitted 28485 radix nodes  (cum total 1236952, max_ep_depth=16, 0.7s)
[radix-corpus] subtree char=60 (7030 positions): emitted 10383 radix nodes  (cum total 1247335, max_ep_depth=16, 0.7s)
[radix-corpus] subtree char=61 (15064 positions): emitted 21940 radix nodes  (cum total 1269275, max_ep_depth=16, 0.7s)
[radix-corpus] subtree char=62 (1024 positions): emitted 1548 radix nodes  (cum total 1270823, max_ep_depth=16, 0.7s)
[radix-corpus] subtree char=63 (15122 positions): emitted 22217 radix nodes  (cum total 1293040, max_ep_depth=16, 0.7s)
[radix-corpus] subtree char=64 (1044 positions): emitted 1433 radix nodes  (cum total 1294473, max_ep_depth=16, 0.7s)
[radix-corpus] done: 1294473 radix nodes, 7091577 total edge chars, 17 endpoint depths, 0.68s
  radix_count:        1294473
  total_edge_chars:   7091577
  max_endpoint_depth: 16
