AGPT CUDA Training Engine
  Model: d=64 heads=4 layers=2 ff=256 vocab=65 seq=32 head_dim=16
  Loaded 108481 weight floats (423.8 KB)
  Loaded optimizer state from checkpoint (adam_t=22225)
  LR schedule horizon: 500 total SE (override; this call runs 5 SE)
Loading radix trie from /tmp/shake_ms_n100_se5_70pct_d16_radix...
  Radix trie: 5008664 nodes, 25414699 total edge chars, 17 endpoint depths
  Radix loaded: 8400883 counts entries, 43341257 ancestor char entries
  d_split: 3249446/5008664 nodes have a mass=1 ancestor (mean depth 10.22)
  lr-schedule: warmup-cosine (peak=0.003, warmup_epochs=1)
  optimizer: rmsprop (lr=0.003)
  entropy lambda: 1.000 (branching-endpoint icing enabled)
  mass weighting: log (head-of-edge count restores corpus-frequency exposure)
  curriculum: flat (d=max each epoch)
  max edge_len: 15, max ancestor chars: 15, max KV per node: 30, max endpoint depth: 16
  mass=1 compaction: 22015403 / 25414699 chars are mass=1 (86.6%); cache holds 3399296 positions
  loop points: 97214 (mass>1 leaves; 5.5% of 1759217 mass>1 nodes)
  KV cache: 1740.4 MB unified memory (bf16 compact)
  GPU memory: 2993.9 MB used, 5192.9 MB free, 8186.8 MB total
  65 root-child subtrees: sizes min=3 max=798769 avg=77056.4 (total=5008663 radix nodes)
Epoch 1: loss=1.548038  (15.93 sec, 65 subtrees, 548 chunks, 25414699 nodes)
  residual top-10 (subtree_mass × max(avg_loss − 1.548, 0)):
    rc   rootID   mass      avg_loss     score 
    59   4688505  626979    1.7167       105773.2
    58   4346438  2210999   1.5609       28344.2
    54   3810112  364295    1.5973       17956.4
    1    96702    5640250   1.5500       10957.4
    5    901121   214932    1.5974       10611.5
    44   2292224  497183    1.5628       7333.1
    40   1493818  337387    1.5681       6757.6
    7    1013955  66562     1.6482       6666.8
    6    936796   538688    1.5603       6623.6
    39   1183039  1870304   1.5512       5964.7
    top-10: 39.9% of mass, 78.9% of excess-loss
Epoch 2: loss=1.541656  (15.65 sec, 65 subtrees, 548 chunks, 25414699 nodes)
  residual top-10 (subtree_mass × max(avg_loss − 1.542, 0)):
    rc   rootID   mass      avg_loss     score 
    1    96702    5640250   1.5516       56299.9
    59   4688505  626979    1.5861       27861.9
    39   1183039  1870304   1.5511       17653.5
    5    901121   214932    1.5983       12177.4
    6    936796   538688    1.5619       10915.5
    44   2292224  497183    1.5587       8476.4
    7    1013955  66562     1.6489       7136.9
    40   1493818  337387    1.5625       7033.6
    32   1166202  48660     1.6501       5275.4
    13   1085340  35630     1.6676       4489.0
    top-10: 31.9% of mass, 76.2% of excess-loss
Epoch 3: loss=1.542227  (15.65 sec, 65 subtrees, 548 chunks, 25414699 nodes)
  residual top-10 (subtree_mass × max(avg_loss − 1.542, 0)):
    rc   rootID   mass      avg_loss     score 
    59   4688505  626979    1.6184       47776.1
    1    96702    5640250   1.5490       38384.2
    39   1183039  1870304   1.5502       14960.4
    5    901121   214932    1.5955       11453.5
    6    936796   538688    1.5589       8988.4
    44   2292224  497183    1.5597       8710.8
    40   1493818  337387    1.5641       7376.5
    7    1013955  66562     1.6475       7009.2
    32   1166202  48660     1.6472       5109.2
    13   1085340  35630     1.6655       4392.2
    top-10: 31.9% of mass, 73.5% of excess-loss
Epoch 4: loss=1.544167  (15.64 sec, 65 subtrees, 548 chunks, 25414699 nodes)
  residual top-10 (subtree_mass × max(avg_loss − 1.544, 0)):
    rc   rootID   mass      avg_loss     score 
    59   4688505  626979    1.5957       32323.6
    1    96702    5640250   1.5490       27121.7
    5    901121   214932    1.5957       11086.7
    39   1183039  1870304   1.5497       10434.9
    44   2292224  497183    1.5619       8791.9
    6    936796   538688    1.5588       7897.6
    7    1013955  66562     1.6476       6887.7
    40   1493818  337387    1.5634       6473.5
    49   2958233  175517    1.5747       5362.1
    32   1166202  48660     1.6470       5001.5
    top-10: 32.3% of mass, 67.1% of excess-loss
Epoch 5: loss=1.544121  (15.64 sec, 65 subtrees, 548 chunks, 25414699 nodes)
  residual top-10 (subtree_mass × max(avg_loss − 1.544, 0)):
    rc   rootID   mass      avg_loss     score 
    1    96702    5640250   1.5526       47688.9
    59   4688505  626979    1.6161       45104.2
    39   1183039  1870304   1.5522       15158.8
    5    901121   214932    1.5994       11878.4
    6    936796   538688    1.5621       9710.7
    44   2292224  497183    1.5604       8095.9
    7    1013955  66562     1.6504       7074.6
    40   1493818  337387    1.5638       6623.6
    60   4798500  209819    1.5756       6599.2
    32   1166202  48660     1.6512       5212.7
    top-10: 32.4% of mass, 75.6% of excess-loss
Saved to /home/trans/Projects/agpt/rnd/streaming-agpt-v1/models/seed200_ms_n100_se5_stage70.model
Done.
  Appended optimizer state to /home/trans/Projects/agpt/rnd/streaming-agpt-v1/models/seed200_ms_n100_se5_stage70.model (adam_t=22550)
