[radix-corpus] corpus: /tmp/shake_ms_n100_se5_86pct.txt (4300000 tokens, vocab=65)
[radix-corpus] max_depth=16, output=/tmp/shake_ms_n100_se5_86pct_d16_radix
[radix-corpus] subtree char=0 (84898 positions): emitted 119606 radix nodes  (cum total 119607, max_ep_depth=16, 0.1s)
[radix-corpus] subtree char=1 (708481 positions): emitted 970505 radix nodes  (cum total 1090112, max_ep_depth=16, 1.6s)
[radix-corpus] subtree char=2 (5081 positions): emitted 7197 radix nodes  (cum total 1097309, max_ep_depth=16, 1.6s)
[radix-corpus] subtree char=3 (2 positions): emitted 3 radix nodes  (cum total 1097312, max_ep_depth=16, 1.6s)
[radix-corpus] subtree char=4 (4 positions): emitted 5 radix nodes  (cum total 1097317, max_ep_depth=16, 1.6s)
[radix-corpus] subtree char=5 (34385 positions): emitted 46343 radix nodes  (cum total 1143660, max_ep_depth=16, 1.6s)
[radix-corpus] subtree char=6 (67254 positions): emitted 92084 radix nodes  (cum total 1235744, max_ep_depth=16, 1.7s)
[radix-corpus] subtree char=7 (11024 positions): emitted 16410 radix nodes  (cum total 1252154, max_ep_depth=16, 1.7s)
[radix-corpus] subtree char=8 (36157 positions): emitted 49788 radix nodes  (cum total 1301942, max_ep_depth=16, 1.7s)
[radix-corpus] subtree char=9 (119 positions): emitted 136 radix nodes  (cum total 1302078, max_ep_depth=16, 1.7s)
[radix-corpus] subtree char=10 (1038 positions): emitted 1506 radix nodes  (cum total 1303584, max_ep_depth=16, 1.7s)
[radix-corpus] subtree char=11 (8514 positions): emitted 12288 radix nodes  (cum total 1315872, max_ep_depth=16, 1.7s)
[radix-corpus] subtree char=12 (4315 positions): emitted 6030 radix nodes  (cum total 1321902, max_ep_depth=16, 1.7s)
[radix-corpus] subtree char=13 (6802 positions): emitted 8989 radix nodes  (cum total 1330891, max_ep_depth=16, 1.7s)
[radix-corpus] subtree char=14 (4726 positions): emitted 6747 radix nodes  (cum total 1337638, max_ep_depth=16, 1.7s)
[radix-corpus] subtree char=15 (3909 positions): emitted 4654 radix nodes  (cum total 1342292, max_ep_depth=16, 1.7s)
[radix-corpus] subtree char=16 (2842 positions): emitted 3983 radix nodes  (cum total 1346275, max_ep_depth=16, 1.7s)
[radix-corpus] subtree char=17 (3010 positions): emitted 3438 radix nodes  (cum total 1349713, max_ep_depth=16, 1.7s)
[radix-corpus] subtree char=18 (1768 positions): emitted 2507 radix nodes  (cum total 1352220, max_ep_depth=16, 1.7s)
[radix-corpus] subtree char=19 (1519 positions): emitted 2150 radix nodes  (cum total 1354370, max_ep_depth=16, 1.7s)
[radix-corpus] subtree char=20 (5711 positions): emitted 7456 radix nodes  (cum total 1361826, max_ep_depth=16, 1.7s)
[radix-corpus] subtree char=21 (18571 positions): emitted 24528 radix nodes  (cum total 1386354, max_ep_depth=16, 1.7s)
[radix-corpus] subtree char=22 (2095 positions): emitted 3006 radix nodes  (cum total 1389360, max_ep_depth=16, 1.7s)
[radix-corpus] subtree char=23 (519 positions): emitted 732 radix nodes  (cum total 1390092, max_ep_depth=16, 1.7s)
[radix-corpus] subtree char=24 (2772 positions): emitted 3883 radix nodes  (cum total 1393975, max_ep_depth=16, 1.7s)
[radix-corpus] subtree char=25 (6317 positions): emitted 7448 radix nodes  (cum total 1401423, max_ep_depth=16, 1.7s)
[radix-corpus] subtree char=26 (2357 positions): emitted 3357 radix nodes  (cum total 1404780, max_ep_depth=16, 1.7s)
[radix-corpus] subtree char=27 (1765 positions): emitted 2526 radix nodes  (cum total 1407306, max_ep_depth=16, 1.7s)
[radix-corpus] subtree char=28 (4517 positions): emitted 5234 radix nodes  (cum total 1412540, max_ep_depth=16, 1.7s)
[radix-corpus] subtree char=29 (375 positions): emitted 519 radix nodes  (cum total 1413059, max_ep_depth=16, 1.7s)
[radix-corpus] subtree char=30 (1928 positions): emitted 2211 radix nodes  (cum total 1415270, max_ep_depth=16, 1.8s)
[radix-corpus] subtree char=31 (4476 positions): emitted 6399 radix nodes  (cum total 1421669, max_ep_depth=16, 1.8s)
[radix-corpus] subtree char=32 (7896 positions): emitted 10526 radix nodes  (cum total 1432195, max_ep_depth=16, 1.8s)
[radix-corpus] subtree char=33 (282 positions): emitted 373 radix nodes  (cum total 1432568, max_ep_depth=16, 1.8s)
[radix-corpus] subtree char=34 (909 positions): emitted 1034 radix nodes  (cum total 1433602, max_ep_depth=16, 1.8s)
[radix-corpus] subtree char=35 (4535 positions): emitted 6335 radix nodes  (cum total 1439937, max_ep_depth=16, 1.8s)
[radix-corpus] subtree char=36 (716 positions): emitted 626 radix nodes  (cum total 1440563, max_ep_depth=16, 1.8s)
[radix-corpus] subtree char=37 (1764 positions): emitted 2511 radix nodes  (cum total 1443074, max_ep_depth=16, 1.8s)
[radix-corpus] subtree char=38 (83 positions): emitted 121 radix nodes  (cum total 1443195, max_ep_depth=16, 1.8s)
[radix-corpus] subtree char=39 (263631 positions): emitted 378963 radix nodes  (cum total 1822158, max_ep_depth=16, 2.2s)
[radix-corpus] subtree char=40 (48444 positions): emitted 70001 radix nodes  (cum total 1892159, max_ep_depth=16, 2.2s)
[radix-corpus] subtree char=41 (75083 positions): emitted 107643 radix nodes  (cum total 1999802, max_ep_depth=16, 2.3s)
[radix-corpus] subtree char=42 (144543 positions): emitted 208124 radix nodes  (cum total 2207926, max_ep_depth=16, 2.4s)
[radix-corpus] subtree char=43 (410076 positions): emitted 589856 radix nodes  (cum total 2797782, max_ep_depth=16, 3.1s)
[radix-corpus] subtree char=44 (70344 positions): emitted 101677 radix nodes  (cum total 2899459, max_ep_depth=16, 3.2s)
[radix-corpus] subtree char=45 (68567 positions): emitted 100081 radix nodes  (cum total 2999540, max_ep_depth=16, 3.2s)
[radix-corpus] subtree char=46 (210868 positions): emitted 299261 radix nodes  (cum total 3298801, max_ep_depth=16, 3.5s)
[radix-corpus] subtree char=47 (215388 positions): emitted 308556 radix nodes  (cum total 3607357, max_ep_depth=16, 3.8s)
[radix-corpus] subtree char=48 (2697 positions): emitted 3966 radix nodes  (cum total 3611323, max_ep_depth=16, 3.8s)
[radix-corpus] subtree char=49 (27496 positions): emitted 39735 radix nodes  (cum total 3651058, max_ep_depth=16, 3.8s)
[radix-corpus] subtree char=50 (131348 positions): emitted 191133 radix nodes  (cum total 3842191, max_ep_depth=16, 3.9s)
[radix-corpus] subtree char=51 (81313 positions): emitted 117722 radix nodes  (cum total 3959913, max_ep_depth=16, 4.0s)
[radix-corpus] subtree char=52 (231721 positions): emitted 335007 radix nodes  (cum total 4294920, max_ep_depth=16, 4.3s)
[radix-corpus] subtree char=53 (249295 positions): emitted 359001 radix nodes  (cum total 4653921, max_ep_depth=16, 4.7s)
[radix-corpus] subtree char=54 (52898 positions): emitted 76624 radix nodes  (cum total 4730545, max_ep_depth=16, 4.8s)
[radix-corpus] subtree char=55 (3649 positions): emitted 5143 radix nodes  (cum total 4735688, max_ep_depth=16, 4.8s)
[radix-corpus] subtree char=56 (189354 positions): emitted 274150 radix nodes  (cum total 5009838, max_ep_depth=16, 5.1s)
[radix-corpus] subtree char=57 (206668 positions): emitted 298026 radix nodes  (cum total 5307864, max_ep_depth=16, 5.3s)
[radix-corpus] subtree char=58 (292489 positions): emitted 415567 radix nodes  (cum total 5723431, max_ep_depth=16, 5.8s)
[radix-corpus] subtree char=59 (92632 positions): emitted 133739 radix nodes  (cum total 5857170, max_ep_depth=16, 5.9s)
[radix-corpus] subtree char=60 (30925 positions): emitted 44817 radix nodes  (cum total 5901987, max_ep_depth=16, 5.9s)
[radix-corpus] subtree char=61 (75455 positions): emitted 107711 radix nodes  (cum total 6009698, max_ep_depth=16, 6.0s)
[radix-corpus] subtree char=62 (4156 positions): emitted 6084 radix nodes  (cum total 6015782, max_ep_depth=16, 6.0s)
[radix-corpus] subtree char=63 (65182 positions): emitted 95279 radix nodes  (cum total 6111061, max_ep_depth=16, 6.1s)
[radix-corpus] subtree char=64 (2342 positions): emitted 3332 radix nodes  (cum total 6114393, max_ep_depth=16, 6.1s)
[radix-corpus] done: 6114393 radix nodes, 30401173 total edge chars, 17 endpoint depths, 6.07s
  radix_count:        6114393
  total_edge_chars:   30401173
  max_endpoint_depth: 16
