[radix-corpus] corpus: /tmp/shake_ms_n100_se5_10pct.txt (500000 tokens, vocab=65)
[radix-corpus] max_depth=16, output=/tmp/shake_ms_n100_se5_10pct_d16_radix
[radix-corpus] subtree char=0 (9670 positions): emitted 13638 radix nodes  (cum total 13639, max_ep_depth=16, 0.0s)
[radix-corpus] subtree char=1 (84910 positions): emitted 115561 radix nodes  (cum total 129200, max_ep_depth=16, 0.1s)
[radix-corpus] subtree char=2 (229 positions): emitted 345 radix nodes  (cum total 129545, max_ep_depth=16, 0.1s)
[radix-corpus] subtree char=4 (1 positions): emitted 1 radix nodes  (cum total 129546, max_ep_depth=16, 0.1s)
[radix-corpus] subtree char=5 (3153 positions): emitted 4212 radix nodes  (cum total 133758, max_ep_depth=16, 0.1s)
[radix-corpus] subtree char=6 (6641 positions): emitted 9437 radix nodes  (cum total 143195, max_ep_depth=16, 0.1s)
[radix-corpus] subtree char=7 (979 positions): emitted 1469 radix nodes  (cum total 144664, max_ep_depth=16, 0.1s)
[radix-corpus] subtree char=8 (4401 positions): emitted 6072 radix nodes  (cum total 150736, max_ep_depth=16, 0.1s)
[radix-corpus] subtree char=9 (36 positions): emitted 44 radix nodes  (cum total 150780, max_ep_depth=16, 0.1s)
[radix-corpus] subtree char=10 (192 positions): emitted 279 radix nodes  (cum total 151059, max_ep_depth=16, 0.1s)
[radix-corpus] subtree char=11 (1157 positions): emitted 1651 radix nodes  (cum total 152710, max_ep_depth=16, 0.1s)
[radix-corpus] subtree char=12 (266 positions): emitted 400 radix nodes  (cum total 153110, max_ep_depth=16, 0.1s)
[radix-corpus] subtree char=13 (423 positions): emitted 631 radix nodes  (cum total 153741, max_ep_depth=16, 0.1s)
[radix-corpus] subtree char=14 (761 positions): emitted 1072 radix nodes  (cum total 154813, max_ep_depth=16, 0.1s)
[radix-corpus] subtree char=15 (611 positions): emitted 749 radix nodes  (cum total 155562, max_ep_depth=16, 0.1s)
[radix-corpus] subtree char=16 (424 positions): emitted 640 radix nodes  (cum total 156202, max_ep_depth=16, 0.1s)
[radix-corpus] subtree char=17 (557 positions): emitted 666 radix nodes  (cum total 156868, max_ep_depth=16, 0.1s)
[radix-corpus] subtree char=18 (110 positions): emitted 149 radix nodes  (cum total 157017, max_ep_depth=16, 0.1s)
[radix-corpus] subtree char=19 (124 positions): emitted 151 radix nodes  (cum total 157168, max_ep_depth=16, 0.1s)
[radix-corpus] subtree char=20 (531 positions): emitted 733 radix nodes  (cum total 157901, max_ep_depth=16, 0.1s)
[radix-corpus] subtree char=21 (1891 positions): emitted 2446 radix nodes  (cum total 160347, max_ep_depth=16, 0.1s)
[radix-corpus] subtree char=22 (224 positions): emitted 319 radix nodes  (cum total 160666, max_ep_depth=16, 0.1s)
[radix-corpus] subtree char=23 (57 positions): emitted 83 radix nodes  (cum total 160749, max_ep_depth=16, 0.1s)
[radix-corpus] subtree char=24 (524 positions): emitted 659 radix nodes  (cum total 161408, max_ep_depth=16, 0.1s)
[radix-corpus] subtree char=25 (1346 positions): emitted 1694 radix nodes  (cum total 163102, max_ep_depth=16, 0.1s)
[radix-corpus] subtree char=26 (179 positions): emitted 239 radix nodes  (cum total 163341, max_ep_depth=16, 0.1s)
[radix-corpus] subtree char=27 (136 positions): emitted 198 radix nodes  (cum total 163539, max_ep_depth=16, 0.1s)
[radix-corpus] subtree char=28 (194 positions): emitted 285 radix nodes  (cum total 163824, max_ep_depth=16, 0.1s)
[radix-corpus] subtree char=30 (141 positions): emitted 210 radix nodes  (cum total 164034, max_ep_depth=16, 0.1s)
[radix-corpus] subtree char=31 (379 positions): emitted 539 radix nodes  (cum total 164573, max_ep_depth=16, 0.1s)
[radix-corpus] subtree char=32 (614 positions): emitted 899 radix nodes  (cum total 165472, max_ep_depth=16, 0.1s)
[radix-corpus] subtree char=33 (22 positions): emitted 33 radix nodes  (cum total 165505, max_ep_depth=16, 0.1s)
[radix-corpus] subtree char=34 (52 positions): emitted 40 radix nodes  (cum total 165545, max_ep_depth=16, 0.1s)
[radix-corpus] subtree char=35 (446 positions): emitted 625 radix nodes  (cum total 166170, max_ep_depth=16, 0.1s)
[radix-corpus] subtree char=36 (107 positions): emitted 104 radix nodes  (cum total 166274, max_ep_depth=16, 0.1s)
[radix-corpus] subtree char=37 (217 positions): emitted 327 radix nodes  (cum total 166601, max_ep_depth=16, 0.1s)
[radix-corpus] subtree char=38 (1 positions): emitted 1 radix nodes  (cum total 166602, max_ep_depth=16, 0.1s)
[radix-corpus] subtree char=39 (29905 positions): emitted 43657 radix nodes  (cum total 210259, max_ep_depth=16, 0.1s)
[radix-corpus] subtree char=40 (5656 positions): emitted 8326 radix nodes  (cum total 218585, max_ep_depth=16, 0.1s)
[radix-corpus] subtree char=41 (9509 positions): emitted 13969 radix nodes  (cum total 232554, max_ep_depth=16, 0.1s)
[radix-corpus] subtree char=42 (15494 positions): emitted 22656 radix nodes  (cum total 255210, max_ep_depth=16, 0.1s)
[radix-corpus] subtree char=43 (49350 positions): emitted 72314 radix nodes  (cum total 327524, max_ep_depth=16, 0.2s)
[radix-corpus] subtree char=44 (8699 positions): emitted 12766 radix nodes  (cum total 340290, max_ep_depth=16, 0.2s)
[radix-corpus] subtree char=45 (7173 positions): emitted 10569 radix nodes  (cum total 350859, max_ep_depth=16, 0.2s)
[radix-corpus] subtree char=46 (23777 positions): emitted 34544 radix nodes  (cum total 385403, max_ep_depth=16, 0.2s)
[radix-corpus] subtree char=47 (25956 positions): emitted 37942 radix nodes  (cum total 423345, max_ep_depth=16, 0.2s)
[radix-corpus] subtree char=48 (422 positions): emitted 629 radix nodes  (cum total 423974, max_ep_depth=16, 0.2s)
[radix-corpus] subtree char=49 (2199 positions): emitted 3237 radix nodes  (cum total 427211, max_ep_depth=16, 0.2s)
[radix-corpus] subtree char=50 (15361 positions): emitted 22353 radix nodes  (cum total 449564, max_ep_depth=16, 0.3s)
[radix-corpus] subtree char=51 (9217 positions): emitted 13516 radix nodes  (cum total 463080, max_ep_depth=16, 0.3s)
[radix-corpus] subtree char=52 (27453 positions): emitted 40421 radix nodes  (cum total 503501, max_ep_depth=16, 0.3s)
[radix-corpus] subtree char=53 (28401 positions): emitted 41682 radix nodes  (cum total 545183, max_ep_depth=16, 0.3s)
[radix-corpus] subtree char=54 (5874 positions): emitted 8723 radix nodes  (cum total 553906, max_ep_depth=16, 0.3s)
[radix-corpus] subtree char=55 (467 positions): emitted 677 radix nodes  (cum total 554583, max_ep_depth=16, 0.3s)
[radix-corpus] subtree char=56 (23260 positions): emitted 34204 radix nodes  (cum total 588787, max_ep_depth=16, 0.3s)
[radix-corpus] subtree char=57 (23863 positions): emitted 35116 radix nodes  (cum total 623903, max_ep_depth=16, 0.3s)
[radix-corpus] subtree char=58 (33323 positions): emitted 48423 radix nodes  (cum total 672326, max_ep_depth=16, 0.4s)
[radix-corpus] subtree char=59 (10653 positions): emitted 15659 radix nodes  (cum total 687985, max_ep_depth=16, 0.4s)
[radix-corpus] subtree char=60 (4093 positions): emitted 6085 radix nodes  (cum total 694070, max_ep_depth=16, 0.4s)
[radix-corpus] subtree char=61 (8113 positions): emitted 11857 radix nodes  (cum total 705927, max_ep_depth=16, 0.4s)
[radix-corpus] subtree char=62 (605 positions): emitted 919 radix nodes  (cum total 706846, max_ep_depth=16, 0.4s)
[radix-corpus] subtree char=63 (8837 positions): emitted 12992 radix nodes  (cum total 719838, max_ep_depth=16, 0.4s)
[radix-corpus] subtree char=64 (634 positions): emitted 878 radix nodes  (cum total 720716, max_ep_depth=16, 0.4s)
[radix-corpus] done: 720716 radix nodes, 4028285 total edge chars, 17 endpoint depths, 0.38s
  radix_count:        720716
  total_edge_chars:   4028285
  max_endpoint_depth: 16
