AGPT CUDA Training Engine
  Model: d=64 heads=4 layers=2 ff=256 vocab=65 seq=32 head_dim=16
  Loaded 108481 weight floats (423.8 KB)
  Loaded optimizer state from checkpoint (adam_t=3745)
  LR schedule horizon: 500 total SE (override; this call runs 5 SE)
Loading radix trie from /tmp/shake_ms_n100_se5_13pct_d16_radix...
  Radix trie: 934583 nodes, 5083408 total edge chars, 17 endpoint depths
  Radix loaded: 1561668 counts entries, 7532467 ancestor char entries
  d_split: 602155/934583 nodes have a mass=1 ancestor (mean depth 9.71)
  lr-schedule: warmup-cosine (peak=0.003, warmup_epochs=1)
  optimizer: rmsprop (lr=0.003)
  entropy lambda: 1.000 (branching-endpoint icing enabled)
  mass weighting: log (head-of-edge count restores corpus-frequency exposure)
  curriculum: flat (d=max each epoch)
  max edge_len: 16, max ancestor chars: 15, max KV per node: 31, max endpoint depth: 16
  mass=1 compaction: 4387642 / 5083408 chars are mass=1 (86.3%); cache holds 695766 positions
  loop points: 17309 (mass>1 leaves; 5.2% of 332427 mass>1 nodes)
  KV cache: 356.2 MB unified memory (bf16 compact)
  GPU memory: 2800.9 MB used, 5385.9 MB free, 8186.8 MB total
  63 root-child subtrees: sizes min=1 max=150831 avg=14834.6 (total=934582 radix nodes)
Epoch 1: loss=1.649282  (3.26 sec, 63 subtrees, 149 chunks, 5083406 nodes)
  residual top-10 (subtree_mass × max(avg_loss − 1.649, 0)):
    rc   rootID   mass      avg_loss     score 
    56   808901   356498    1.9496       107069.3
    57   871654   102378    2.5597       93202.8
    37   217044   303329    1.7415       27966.6
    52   707265   56997     2.1135       26461.5
    38   273449   56895     1.8996       14241.7
    42   426102   85392     1.7707       10370.0
    5    174396   74886     1.7691       8969.1
    58   892024   40906     1.8608       8651.8
    4    169016   28193     1.9044       7191.3
    59   899891   87147     1.7290       6947.7
    top-10: 23.0% of mass, 99.5% of excess-loss
Epoch 2: loss=1.557755  (3.06 sec, 63 subtrees, 149 chunks, 5083404 nodes)
  residual top-10 (subtree_mass × max(avg_loss − 1.558, 0)):
    rc   rootID   mass      avg_loss     score 
    57   871654   102378    1.9644       41633.2
    56   808901   356498    1.6020       15765.6
    37   217044   303329    1.6067       14856.1
    1    17661    995814    1.5697       11943.8
    52   707265   56997     1.6982       8003.1
    38   273449   56895     1.6661       6162.4
    58   892024   40906     1.6596       4167.5
    5    174396   74886     1.6035       3422.7
    59   899891   87147     1.5874       2583.3
    4    169016   28193     1.6247       1888.3
    top-10: 40.6% of mass, 97.0% of excess-loss
Epoch 3: loss=1.532238  (3.06 sec, 63 subtrees, 149 chunks, 5083406 nodes)
  residual top-10 (subtree_mass × max(avg_loss − 1.532, 0)):
    rc   rootID   mass      avg_loss     score 
    57   871654   102378    1.9361       41344.2
    56   808901   356498    1.5853       18918.8
    52   707265   56997     1.7889       14628.1
    37   217044   303329    1.5516       5882.8
    38   273449   56895     1.6251       5283.6
    58   892024   40906     1.6401       4411.7
    5    174396   74886     1.5884       4204.6
    59   899891   87147     1.5678       3094.9
    42   426102   85392     1.5650       2794.9
    4    169016   28193     1.6250       2614.3
    top-10: 23.0% of mass, 98.8% of excess-loss
Epoch 4: loss=1.553823  (3.06 sec, 63 subtrees, 149 chunks, 5083403 nodes)
  residual top-10 (subtree_mass × max(avg_loss − 1.554, 0)):
    rc   rootID   mass      avg_loss     score 
    57   871654   102378    2.2981       76198.2
    56   808901   356498    1.7070       54621.4
    52   707265   56997     1.8500       16879.0
    59   899891   87147     1.7000       12735.6
    58   892024   40906     1.8085       10418.0
    42   426102   85392     1.6703       9942.1
    38   273449   56895     1.6188       3695.6
    61   916788   84843     1.5877       2878.4
    4    169016   28193     1.6336       2249.6
    5    174396   74886     1.5742       1522.9
    top-10: 18.8% of mass, 99.1% of excess-loss
Epoch 5: loss=1.548323  (3.06 sec, 63 subtrees, 149 chunks, 5083408 nodes)
  residual top-10 (subtree_mass × max(avg_loss − 1.548, 0)):
    rc   rootID   mass      avg_loss     score 
    57   871654   102378    2.1111       57619.8
    56   808901   356498    1.6270       28051.5
    52   707265   56997     1.8202       15499.0
    59   899891   87147     1.6440       8341.5
    58   892024   40906     1.7379       7754.9
    37   217044   303329    1.5675       5809.6
    42   426102   85392     1.5966       4125.5
    38   273449   56895     1.6198       4065.4
    5    174396   74886     1.5835       2633.0
    4    169016   28193     1.6276       2235.2
    top-10: 23.0% of mass, 99.1% of excess-loss
Saved to /home/trans/Projects/agpt/rnd/streaming-agpt-v1/models/seed300_ms_n100_se5_stage13.model
Done.
  Appended optimizer state to /home/trans/Projects/agpt/rnd/streaming-agpt-v1/models/seed300_ms_n100_se5_stage13.model (adam_t=4060)
