[radix-corpus] corpus: /tmp/shake_ms_n100_se5_84pct.txt (4200000 tokens, vocab=65)
[radix-corpus] max_depth=16, output=/tmp/shake_ms_n100_se5_84pct_d16_radix
[radix-corpus] subtree char=0 (82933 positions): emitted 116978 radix nodes  (cum total 116979, max_ep_depth=16, 0.1s)
[radix-corpus] subtree char=1 (692275 positions): emitted 949477 radix nodes  (cum total 1066456, max_ep_depth=16, 1.5s)
[radix-corpus] subtree char=2 (4941 positions): emitted 6991 radix nodes  (cum total 1073447, max_ep_depth=16, 1.5s)
[radix-corpus] subtree char=3 (2 positions): emitted 3 radix nodes  (cum total 1073450, max_ep_depth=16, 1.5s)
[radix-corpus] subtree char=4 (4 positions): emitted 5 radix nodes  (cum total 1073455, max_ep_depth=16, 1.5s)
[radix-corpus] subtree char=5 (33410 positions): emitted 45054 radix nodes  (cum total 1118509, max_ep_depth=16, 1.5s)
[radix-corpus] subtree char=6 (65888 positions): emitted 90245 radix nodes  (cum total 1208754, max_ep_depth=16, 1.6s)
[radix-corpus] subtree char=7 (10936 positions): emitted 16279 radix nodes  (cum total 1225033, max_ep_depth=16, 1.6s)
[radix-corpus] subtree char=8 (35135 positions): emitted 48439 radix nodes  (cum total 1273472, max_ep_depth=16, 1.6s)
[radix-corpus] subtree char=9 (119 positions): emitted 136 radix nodes  (cum total 1273608, max_ep_depth=16, 1.6s)
[radix-corpus] subtree char=10 (1001 positions): emitted 1449 radix nodes  (cum total 1275057, max_ep_depth=16, 1.6s)
[radix-corpus] subtree char=11 (8486 positions): emitted 12242 radix nodes  (cum total 1287299, max_ep_depth=16, 1.6s)
[radix-corpus] subtree char=12 (4210 positions): emitted 5899 radix nodes  (cum total 1293198, max_ep_depth=16, 1.6s)
[radix-corpus] subtree char=13 (6584 positions): emitted 8711 radix nodes  (cum total 1301909, max_ep_depth=16, 1.6s)
[radix-corpus] subtree char=14 (4589 positions): emitted 6555 radix nodes  (cum total 1308464, max_ep_depth=16, 1.6s)
[radix-corpus] subtree char=15 (3883 positions): emitted 4619 radix nodes  (cum total 1313083, max_ep_depth=16, 1.6s)
[radix-corpus] subtree char=16 (2817 positions): emitted 3947 radix nodes  (cum total 1317030, max_ep_depth=16, 1.7s)
[radix-corpus] subtree char=17 (2982 positions): emitted 3405 radix nodes  (cum total 1320435, max_ep_depth=16, 1.7s)
[radix-corpus] subtree char=18 (1733 positions): emitted 2461 radix nodes  (cum total 1322896, max_ep_depth=16, 1.7s)
[radix-corpus] subtree char=19 (1485 positions): emitted 2097 radix nodes  (cum total 1324993, max_ep_depth=16, 1.7s)
[radix-corpus] subtree char=20 (5531 positions): emitted 7192 radix nodes  (cum total 1332185, max_ep_depth=16, 1.7s)
[radix-corpus] subtree char=21 (18292 positions): emitted 24159 radix nodes  (cum total 1356344, max_ep_depth=16, 1.7s)
[radix-corpus] subtree char=22 (2092 positions): emitted 3000 radix nodes  (cum total 1359344, max_ep_depth=16, 1.7s)
[radix-corpus] subtree char=23 (494 positions): emitted 696 radix nodes  (cum total 1360040, max_ep_depth=16, 1.7s)
[radix-corpus] subtree char=24 (2754 positions): emitted 3857 radix nodes  (cum total 1363897, max_ep_depth=16, 1.7s)
[radix-corpus] subtree char=25 (6164 positions): emitted 7301 radix nodes  (cum total 1371198, max_ep_depth=16, 1.7s)
[radix-corpus] subtree char=26 (2264 positions): emitted 3226 radix nodes  (cum total 1374424, max_ep_depth=16, 1.7s)
[radix-corpus] subtree char=27 (1726 positions): emitted 2467 radix nodes  (cum total 1376891, max_ep_depth=16, 1.7s)
[radix-corpus] subtree char=28 (4184 positions): emitted 4896 radix nodes  (cum total 1381787, max_ep_depth=16, 1.7s)
[radix-corpus] subtree char=29 (375 positions): emitted 519 radix nodes  (cum total 1382306, max_ep_depth=16, 1.7s)
[radix-corpus] subtree char=30 (1895 positions): emitted 2165 radix nodes  (cum total 1384471, max_ep_depth=16, 1.7s)
[radix-corpus] subtree char=31 (4357 positions): emitted 6228 radix nodes  (cum total 1390699, max_ep_depth=16, 1.7s)
[radix-corpus] subtree char=32 (7735 positions): emitted 10327 radix nodes  (cum total 1401026, max_ep_depth=16, 1.7s)
[radix-corpus] subtree char=33 (282 positions): emitted 373 radix nodes  (cum total 1401399, max_ep_depth=16, 1.7s)
[radix-corpus] subtree char=34 (804 positions): emitted 876 radix nodes  (cum total 1402275, max_ep_depth=16, 1.7s)
[radix-corpus] subtree char=35 (4449 positions): emitted 6206 radix nodes  (cum total 1408481, max_ep_depth=16, 1.7s)
[radix-corpus] subtree char=36 (716 positions): emitted 626 radix nodes  (cum total 1409107, max_ep_depth=16, 1.7s)
[radix-corpus] subtree char=37 (1724 positions): emitted 2457 radix nodes  (cum total 1411564, max_ep_depth=16, 1.7s)
[radix-corpus] subtree char=38 (83 positions): emitted 121 radix nodes  (cum total 1411685, max_ep_depth=16, 1.7s)
[radix-corpus] subtree char=39 (257562 positions): emitted 370518 radix nodes  (cum total 1782203, max_ep_depth=16, 2.0s)
[radix-corpus] subtree char=40 (47480 positions): emitted 68643 radix nodes  (cum total 1850846, max_ep_depth=16, 2.1s)
[radix-corpus] subtree char=41 (73370 positions): emitted 105247 radix nodes  (cum total 1956093, max_ep_depth=16, 2.1s)
[radix-corpus] subtree char=42 (141036 positions): emitted 203324 radix nodes  (cum total 2159417, max_ep_depth=16, 2.2s)
[radix-corpus] subtree char=43 (400240 positions): emitted 576365 radix nodes  (cum total 2735782, max_ep_depth=16, 2.9s)
[radix-corpus] subtree char=44 (68790 positions): emitted 99476 radix nodes  (cum total 2835258, max_ep_depth=16, 3.0s)
[radix-corpus] subtree char=45 (67105 positions): emitted 97992 radix nodes  (cum total 2933250, max_ep_depth=16, 3.0s)
[radix-corpus] subtree char=46 (205738 positions): emitted 292306 radix nodes  (cum total 3225556, max_ep_depth=16, 3.3s)
[radix-corpus] subtree char=47 (210074 positions): emitted 301241 radix nodes  (cum total 3526797, max_ep_depth=16, 3.5s)
[radix-corpus] subtree char=48 (2645 positions): emitted 3891 radix nodes  (cum total 3530688, max_ep_depth=16, 3.5s)
[radix-corpus] subtree char=49 (26884 positions): emitted 38855 radix nodes  (cum total 3569543, max_ep_depth=16, 3.6s)
[radix-corpus] subtree char=50 (128109 positions): emitted 186537 radix nodes  (cum total 3756080, max_ep_depth=16, 3.7s)
[radix-corpus] subtree char=51 (79481 positions): emitted 115189 radix nodes  (cum total 3871269, max_ep_depth=16, 3.7s)
[radix-corpus] subtree char=52 (226099 positions): emitted 327107 radix nodes  (cum total 4198376, max_ep_depth=16, 4.1s)
[radix-corpus] subtree char=53 (243692 positions): emitted 351177 radix nodes  (cum total 4549553, max_ep_depth=16, 4.4s)
[radix-corpus] subtree char=54 (51751 positions): emitted 74961 radix nodes  (cum total 4624514, max_ep_depth=16, 4.4s)
[radix-corpus] subtree char=55 (3581 positions): emitted 5061 radix nodes  (cum total 4629575, max_ep_depth=16, 4.4s)
[radix-corpus] subtree char=56 (184852 positions): emitted 267861 radix nodes  (cum total 4897436, max_ep_depth=16, 4.6s)
[radix-corpus] subtree char=57 (201661 positions): emitted 291020 radix nodes  (cum total 5188456, max_ep_depth=16, 4.9s)
[radix-corpus] subtree char=58 (285904 positions): emitted 406615 radix nodes  (cum total 5595071, max_ep_depth=16, 5.3s)
[radix-corpus] subtree char=59 (90627 positions): emitted 130911 radix nodes  (cum total 5725982, max_ep_depth=16, 5.4s)
[radix-corpus] subtree char=60 (30201 positions): emitted 43790 radix nodes  (cum total 5769772, max_ep_depth=16, 5.4s)
[radix-corpus] subtree char=61 (73739 positions): emitted 105328 radix nodes  (cum total 5875100, max_ep_depth=16, 5.4s)
[radix-corpus] subtree char=62 (4048 positions): emitted 5940 radix nodes  (cum total 5881040, max_ep_depth=16, 5.5s)
[radix-corpus] subtree char=63 (63719 positions): emitted 93142 radix nodes  (cum total 5974182, max_ep_depth=16, 5.5s)
[radix-corpus] subtree char=64 (2278 positions): emitted 3237 radix nodes  (cum total 5977419, max_ep_depth=16, 5.5s)
[radix-corpus] done: 5977419 radix nodes, 29805889 total edge chars, 17 endpoint depths, 5.51s
  radix_count:        5977419
  total_edge_chars:   29805889
  max_endpoint_depth: 16
