[radix-corpus] corpus: /tmp/shake_ms_n100_se5_29pct.txt (1450000 tokens, vocab=65)
[radix-corpus] max_depth=16, output=/tmp/shake_ms_n100_se5_29pct_d16_radix
[radix-corpus] subtree char=0 (27045 positions): emitted 38458 radix nodes  (cum total 38459, max_ep_depth=16, 0.0s)
[radix-corpus] subtree char=1 (239415 positions): emitted 334815 radix nodes  (cum total 373274, max_ep_depth=16, 0.3s)
[radix-corpus] subtree char=2 (1276 positions): emitted 1867 radix nodes  (cum total 375141, max_ep_depth=16, 0.3s)
[radix-corpus] subtree char=3 (2 positions): emitted 3 radix nodes  (cum total 375144, max_ep_depth=16, 0.3s)
[radix-corpus] subtree char=4 (1 positions): emitted 1 radix nodes  (cum total 375145, max_ep_depth=16, 0.3s)
[radix-corpus] subtree char=5 (8224 positions): emitted 11420 radix nodes  (cum total 386565, max_ep_depth=16, 0.3s)
[radix-corpus] subtree char=6 (21077 positions): emitted 29904 radix nodes  (cum total 416469, max_ep_depth=16, 0.3s)
[radix-corpus] subtree char=7 (3731 positions): emitted 5550 radix nodes  (cum total 422019, max_ep_depth=16, 0.3s)
[radix-corpus] subtree char=8 (11412 positions): emitted 15691 radix nodes  (cum total 437710, max_ep_depth=16, 0.3s)
[radix-corpus] subtree char=9 (96 positions): emitted 119 radix nodes  (cum total 437829, max_ep_depth=16, 0.3s)
[radix-corpus] subtree char=10 (389 positions): emitted 555 radix nodes  (cum total 438384, max_ep_depth=16, 0.3s)
[radix-corpus] subtree char=11 (3994 positions): emitted 5716 radix nodes  (cum total 444100, max_ep_depth=16, 0.3s)
[radix-corpus] subtree char=12 (1052 positions): emitted 1539 radix nodes  (cum total 445639, max_ep_depth=16, 0.3s)
[radix-corpus] subtree char=13 (1993 positions): emitted 2786 radix nodes  (cum total 448425, max_ep_depth=16, 0.3s)
[radix-corpus] subtree char=14 (1966 positions): emitted 2790 radix nodes  (cum total 451215, max_ep_depth=16, 0.3s)
[radix-corpus] subtree char=15 (1614 positions): emitted 1978 radix nodes  (cum total 453193, max_ep_depth=16, 0.3s)
[radix-corpus] subtree char=16 (960 positions): emitted 1414 radix nodes  (cum total 454607, max_ep_depth=16, 0.3s)
[radix-corpus] subtree char=17 (1342 positions): emitted 1590 radix nodes  (cum total 456197, max_ep_depth=16, 0.3s)
[radix-corpus] subtree char=18 (604 positions): emitted 857 radix nodes  (cum total 457054, max_ep_depth=16, 0.3s)
[radix-corpus] subtree char=19 (546 positions): emitted 738 radix nodes  (cum total 457792, max_ep_depth=16, 0.3s)
[radix-corpus] subtree char=20 (1651 positions): emitted 2219 radix nodes  (cum total 460011, max_ep_depth=16, 0.3s)
[radix-corpus] subtree char=21 (5013 positions): emitted 6728 radix nodes  (cum total 466739, max_ep_depth=16, 0.3s)
[radix-corpus] subtree char=22 (496 positions): emitted 707 radix nodes  (cum total 467446, max_ep_depth=16, 0.3s)
[radix-corpus] subtree char=23 (194 positions): emitted 263 radix nodes  (cum total 467709, max_ep_depth=16, 0.3s)
[radix-corpus] subtree char=24 (1237 positions): emitted 1637 radix nodes  (cum total 469346, max_ep_depth=16, 0.3s)
[radix-corpus] subtree char=25 (2189 positions): emitted 2781 radix nodes  (cum total 472127, max_ep_depth=16, 0.3s)
[radix-corpus] subtree char=26 (798 positions): emitted 1118 radix nodes  (cum total 473245, max_ep_depth=16, 0.3s)
[radix-corpus] subtree char=27 (578 positions): emitted 798 radix nodes  (cum total 474043, max_ep_depth=16, 0.3s)
[radix-corpus] subtree char=28 (979 positions): emitted 1326 radix nodes  (cum total 475369, max_ep_depth=16, 0.3s)
[radix-corpus] subtree char=29 (250 positions): emitted 345 radix nodes  (cum total 475714, max_ep_depth=16, 0.3s)
[radix-corpus] subtree char=30 (645 positions): emitted 867 radix nodes  (cum total 476581, max_ep_depth=16, 0.3s)
[radix-corpus] subtree char=31 (1665 positions): emitted 2372 radix nodes  (cum total 478953, max_ep_depth=16, 0.3s)
[radix-corpus] subtree char=32 (2339 positions): emitted 3278 radix nodes  (cum total 482231, max_ep_depth=16, 0.3s)
[radix-corpus] subtree char=33 (94 positions): emitted 129 radix nodes  (cum total 482360, max_ep_depth=16, 0.3s)
[radix-corpus] subtree char=34 (159 positions): emitted 179 radix nodes  (cum total 482539, max_ep_depth=16, 0.3s)
[radix-corpus] subtree char=35 (1400 positions): emitted 1976 radix nodes  (cum total 484515, max_ep_depth=16, 0.3s)
[radix-corpus] subtree char=36 (129 positions): emitted 135 radix nodes  (cum total 484650, max_ep_depth=16, 0.3s)
[radix-corpus] subtree char=37 (495 positions): emitted 744 radix nodes  (cum total 485394, max_ep_depth=16, 0.3s)
[radix-corpus] subtree char=38 (14 positions): emitted 21 radix nodes  (cum total 485415, max_ep_depth=16, 0.3s)
[radix-corpus] subtree char=39 (88652 positions): emitted 129171 radix nodes  (cum total 614586, max_ep_depth=16, 0.4s)
[radix-corpus] subtree char=40 (17416 positions): emitted 25517 radix nodes  (cum total 640103, max_ep_depth=16, 0.4s)
[radix-corpus] subtree char=41 (26340 positions): emitted 38357 radix nodes  (cum total 678460, max_ep_depth=16, 0.5s)
[radix-corpus] subtree char=42 (44746 positions): emitted 65443 radix nodes  (cum total 743903, max_ep_depth=16, 0.5s)
[radix-corpus] subtree char=43 (141014 positions): emitted 206176 radix nodes  (cum total 950079, max_ep_depth=16, 0.6s)
[radix-corpus] subtree char=44 (24375 positions): emitted 35464 radix nodes  (cum total 985543, max_ep_depth=16, 0.6s)
[radix-corpus] subtree char=45 (22546 positions): emitted 33108 radix nodes  (cum total 1018651, max_ep_depth=16, 0.7s)
[radix-corpus] subtree char=46 (71196 positions): emitted 103255 radix nodes  (cum total 1121906, max_ep_depth=16, 0.7s)
[radix-corpus] subtree char=47 (74215 positions): emitted 107812 radix nodes  (cum total 1229718, max_ep_depth=16, 0.8s)
[radix-corpus] subtree char=48 (1096 positions): emitted 1641 radix nodes  (cum total 1231359, max_ep_depth=16, 0.8s)
[radix-corpus] subtree char=49 (7958 positions): emitted 11657 radix nodes  (cum total 1243016, max_ep_depth=16, 0.8s)
[radix-corpus] subtree char=50 (46990 positions): emitted 68668 radix nodes  (cum total 1311684, max_ep_depth=16, 0.9s)
[radix-corpus] subtree char=51 (27233 positions): emitted 39868 radix nodes  (cum total 1351552, max_ep_depth=16, 0.9s)
[radix-corpus] subtree char=52 (78055 positions): emitted 114409 radix nodes  (cum total 1465961, max_ep_depth=16, 0.9s)
[radix-corpus] subtree char=53 (83129 positions): emitted 121237 radix nodes  (cum total 1587198, max_ep_depth=16, 1.0s)
[radix-corpus] subtree char=54 (18327 positions): emitted 26946 radix nodes  (cum total 1614144, max_ep_depth=16, 1.0s)
[radix-corpus] subtree char=55 (1446 positions): emitted 2076 radix nodes  (cum total 1616220, max_ep_depth=16, 1.0s)
[radix-corpus] subtree char=56 (64501 positions): emitted 94328 radix nodes  (cum total 1710548, max_ep_depth=16, 1.1s)
[radix-corpus] subtree char=57 (71340 positions): emitted 104321 radix nodes  (cum total 1814869, max_ep_depth=16, 1.1s)
[radix-corpus] subtree char=58 (99494 positions): emitted 144065 radix nodes  (cum total 1958934, max_ep_depth=16, 1.2s)
[radix-corpus] subtree char=59 (31662 positions): emitted 46318 radix nodes  (cum total 2005252, max_ep_depth=16, 1.3s)
[radix-corpus] subtree char=60 (10984 positions): emitted 16177 radix nodes  (cum total 2021429, max_ep_depth=16, 1.3s)
[radix-corpus] subtree char=61 (24545 positions): emitted 35729 radix nodes  (cum total 2057158, max_ep_depth=16, 1.3s)
[radix-corpus] subtree char=62 (1486 positions): emitted 2233 radix nodes  (cum total 2059391, max_ep_depth=16, 1.3s)
[radix-corpus] subtree char=63 (22874 positions): emitted 33767 radix nodes  (cum total 2093158, max_ep_depth=16, 1.3s)
[radix-corpus] subtree char=64 (1316 positions): emitted 1827 radix nodes  (cum total 2094985, max_ep_depth=16, 1.3s)
[radix-corpus] done: 2094985 radix nodes, 11431491 total edge chars, 17 endpoint depths, 1.3s
  radix_count:        2094985
  total_edge_chars:   11431491
  max_endpoint_depth: 16
