[radix-corpus] corpus: /tmp/shake_ms_n100_se5_54pct.txt (2700000 tokens, vocab=65)
[radix-corpus] max_depth=16, output=/tmp/shake_ms_n100_se5_54pct_d16_radix
[radix-corpus] subtree char=0 (51539 positions): emitted 73856 radix nodes  (cum total 73857, max_ep_depth=16, 0.0s)
[radix-corpus] subtree char=1 (442028 positions): emitted 616797 radix nodes  (cum total 690654, max_ep_depth=16, 0.8s)
[radix-corpus] subtree char=2 (3146 positions): emitted 4482 radix nodes  (cum total 695136, max_ep_depth=16, 0.8s)
[radix-corpus] subtree char=3 (2 positions): emitted 3 radix nodes  (cum total 695139, max_ep_depth=16, 0.8s)
[radix-corpus] subtree char=4 (3 positions): emitted 4 radix nodes  (cum total 695143, max_ep_depth=16, 0.8s)
[radix-corpus] subtree char=5 (17541 positions): emitted 24074 radix nodes  (cum total 719217, max_ep_depth=16, 0.8s)
[radix-corpus] subtree char=6 (42213 positions): emitted 59009 radix nodes  (cum total 778226, max_ep_depth=16, 0.9s)
[radix-corpus] subtree char=7 (8018 positions): emitted 11963 radix nodes  (cum total 790189, max_ep_depth=16, 0.9s)
[radix-corpus] subtree char=8 (21047 positions): emitted 29208 radix nodes  (cum total 819397, max_ep_depth=16, 0.9s)
[radix-corpus] subtree char=9 (113 positions): emitted 129 radix nodes  (cum total 819526, max_ep_depth=16, 0.9s)
[radix-corpus] subtree char=10 (727 positions): emitted 1054 radix nodes  (cum total 820580, max_ep_depth=16, 0.9s)
[radix-corpus] subtree char=11 (6990 positions): emitted 10076 radix nodes  (cum total 830656, max_ep_depth=16, 0.9s)
[radix-corpus] subtree char=12 (2399 positions): emitted 3443 radix nodes  (cum total 834099, max_ep_depth=16, 0.9s)
[radix-corpus] subtree char=13 (3849 positions): emitted 5395 radix nodes  (cum total 839494, max_ep_depth=16, 0.9s)
[radix-corpus] subtree char=14 (2961 positions): emitted 4216 radix nodes  (cum total 843710, max_ep_depth=16, 0.9s)
[radix-corpus] subtree char=15 (2679 positions): emitted 3358 radix nodes  (cum total 847068, max_ep_depth=16, 0.9s)
[radix-corpus] subtree char=16 (2124 positions): emitted 2980 radix nodes  (cum total 850048, max_ep_depth=16, 0.9s)
[radix-corpus] subtree char=17 (1915 positions): emitted 2353 radix nodes  (cum total 852401, max_ep_depth=16, 0.9s)
[radix-corpus] subtree char=18 (1245 positions): emitted 1766 radix nodes  (cum total 854167, max_ep_depth=16, 0.9s)
[radix-corpus] subtree char=19 (1009 positions): emitted 1409 radix nodes  (cum total 855576, max_ep_depth=16, 0.9s)
[radix-corpus] subtree char=20 (2996 positions): emitted 4126 radix nodes  (cum total 859702, max_ep_depth=16, 0.9s)
[radix-corpus] subtree char=21 (8883 positions): emitted 12130 radix nodes  (cum total 871832, max_ep_depth=16, 0.9s)
[radix-corpus] subtree char=22 (863 positions): emitted 1232 radix nodes  (cum total 873064, max_ep_depth=16, 0.9s)
[radix-corpus] subtree char=23 (265 positions): emitted 364 radix nodes  (cum total 873428, max_ep_depth=16, 0.9s)
[radix-corpus] subtree char=24 (2258 positions): emitted 3138 radix nodes  (cum total 876566, max_ep_depth=16, 0.9s)
[radix-corpus] subtree char=25 (4020 positions): emitted 4917 radix nodes  (cum total 881483, max_ep_depth=16, 0.9s)
[radix-corpus] subtree char=26 (1412 positions): emitted 2023 radix nodes  (cum total 883506, max_ep_depth=16, 0.9s)
[radix-corpus] subtree char=27 (1024 positions): emitted 1443 radix nodes  (cum total 884949, max_ep_depth=16, 0.9s)
[radix-corpus] subtree char=28 (1852 positions): emitted 2514 radix nodes  (cum total 887463, max_ep_depth=16, 0.9s)
[radix-corpus] subtree char=29 (351 positions): emitted 486 radix nodes  (cum total 887949, max_ep_depth=16, 0.9s)
[radix-corpus] subtree char=30 (1048 positions): emitted 1383 radix nodes  (cum total 889332, max_ep_depth=16, 0.9s)
[radix-corpus] subtree char=31 (3241 positions): emitted 4613 radix nodes  (cum total 893945, max_ep_depth=16, 0.9s)
[radix-corpus] subtree char=32 (4854 positions): emitted 6796 radix nodes  (cum total 900741, max_ep_depth=16, 0.9s)
[radix-corpus] subtree char=33 (178 positions): emitted 254 radix nodes  (cum total 900995, max_ep_depth=16, 0.9s)
[radix-corpus] subtree char=34 (309 positions): emitted 408 radix nodes  (cum total 901403, max_ep_depth=16, 0.9s)
[radix-corpus] subtree char=35 (2494 positions): emitted 3544 radix nodes  (cum total 904947, max_ep_depth=16, 0.9s)
[radix-corpus] subtree char=36 (208 positions): emitted 256 radix nodes  (cum total 905203, max_ep_depth=16, 0.9s)
[radix-corpus] subtree char=37 (985 positions): emitted 1455 radix nodes  (cum total 906658, max_ep_depth=16, 0.9s)
[radix-corpus] subtree char=38 (20 positions): emitted 30 radix nodes  (cum total 906688, max_ep_depth=16, 0.9s)
[radix-corpus] subtree char=39 (165429 positions): emitted 239962 radix nodes  (cum total 1146650, max_ep_depth=16, 1.1s)
[radix-corpus] subtree char=40 (31608 positions): emitted 46055 radix nodes  (cum total 1192705, max_ep_depth=16, 1.1s)
[radix-corpus] subtree char=41 (47632 positions): emitted 69086 radix nodes  (cum total 1261791, max_ep_depth=16, 1.1s)
[radix-corpus] subtree char=42 (86886 positions): emitted 126463 radix nodes  (cum total 1388254, max_ep_depth=16, 1.3s)
[radix-corpus] subtree char=43 (261205 positions): emitted 379403 radix nodes  (cum total 1767657, max_ep_depth=16, 1.7s)
[radix-corpus] subtree char=44 (45422 positions): emitted 66001 radix nodes  (cum total 1833658, max_ep_depth=16, 1.7s)
[radix-corpus] subtree char=45 (42586 positions): emitted 62437 radix nodes  (cum total 1896095, max_ep_depth=16, 1.7s)
[radix-corpus] subtree char=46 (134394 positions): emitted 193323 radix nodes  (cum total 2089418, max_ep_depth=16, 1.9s)
[radix-corpus] subtree char=47 (136736 positions): emitted 197883 radix nodes  (cum total 2287301, max_ep_depth=16, 2.0s)
[radix-corpus] subtree char=48 (1765 positions): emitted 2607 radix nodes  (cum total 2289908, max_ep_depth=16, 2.0s)
[radix-corpus] subtree char=49 (15828 positions): emitted 23066 radix nodes  (cum total 2312974, max_ep_depth=16, 2.1s)
[radix-corpus] subtree char=50 (85187 positions): emitted 124522 radix nodes  (cum total 2437496, max_ep_depth=16, 2.1s)
[radix-corpus] subtree char=51 (49619 positions): emitted 72393 radix nodes  (cum total 2509889, max_ep_depth=16, 2.2s)
[radix-corpus] subtree char=52 (145364 positions): emitted 211775 radix nodes  (cum total 2721664, max_ep_depth=16, 2.3s)
[radix-corpus] subtree char=53 (155640 positions): emitted 225994 radix nodes  (cum total 2947658, max_ep_depth=16, 2.5s)
[radix-corpus] subtree char=54 (33881 positions): emitted 49395 radix nodes  (cum total 2997053, max_ep_depth=16, 2.5s)
[radix-corpus] subtree char=55 (2523 positions): emitted 3592 radix nodes  (cum total 3000645, max_ep_depth=16, 2.5s)
[radix-corpus] subtree char=56 (121461 positions): emitted 177106 radix nodes  (cum total 3177751, max_ep_depth=16, 2.6s)
[radix-corpus] subtree char=57 (132916 positions): emitted 193380 radix nodes  (cum total 3371131, max_ep_depth=16, 2.8s)
[radix-corpus] subtree char=58 (185462 positions): emitted 266756 radix nodes  (cum total 3637887, max_ep_depth=16, 3.0s)
[radix-corpus] subtree char=59 (58532 positions): emitted 85142 radix nodes  (cum total 3723029, max_ep_depth=16, 3.0s)
[radix-corpus] subtree char=60 (19410 positions): emitted 28355 radix nodes  (cum total 3751384, max_ep_depth=16, 3.0s)
[radix-corpus] subtree char=61 (46344 positions): emitted 67041 radix nodes  (cum total 3818425, max_ep_depth=16, 3.1s)
[radix-corpus] subtree char=62 (2548 positions): emitted 3791 radix nodes  (cum total 3822216, max_ep_depth=16, 3.1s)
[radix-corpus] subtree char=63 (41016 positions): emitted 60326 radix nodes  (cum total 3882542, max_ep_depth=16, 3.1s)
[radix-corpus] subtree char=64 (1797 positions): emitted 2519 radix nodes  (cum total 3885061, max_ep_depth=16, 3.1s)
[radix-corpus] done: 3885061 radix nodes, 20265763 total edge chars, 17 endpoint depths, 3.11s
  radix_count:        3885061
  total_edge_chars:   20265763
  max_endpoint_depth: 16
