[radix-corpus] corpus: /tmp/shake_ms_n100_se5_48pct.txt (2400000 tokens, vocab=65)
[radix-corpus] max_depth=16, output=/tmp/shake_ms_n100_se5_48pct_d16_radix
[radix-corpus] subtree char=0 (45315 positions): emitted 65006 radix nodes  (cum total 65007, max_ep_depth=16, 0.1s)
[radix-corpus] subtree char=1 (392738 positions): emitted 549153 radix nodes  (cum total 614160, max_ep_depth=16, 0.7s)
[radix-corpus] subtree char=2 (2771 positions): emitted 3965 radix nodes  (cum total 618125, max_ep_depth=16, 0.8s)
[radix-corpus] subtree char=3 (2 positions): emitted 3 radix nodes  (cum total 618128, max_ep_depth=16, 0.8s)
[radix-corpus] subtree char=4 (3 positions): emitted 4 radix nodes  (cum total 618132, max_ep_depth=16, 0.8s)
[radix-corpus] subtree char=5 (14762 positions): emitted 20435 radix nodes  (cum total 638567, max_ep_depth=16, 0.8s)
[radix-corpus] subtree char=6 (37060 positions): emitted 52068 radix nodes  (cum total 690635, max_ep_depth=16, 0.8s)
[radix-corpus] subtree char=7 (7216 positions): emitted 10769 radix nodes  (cum total 701404, max_ep_depth=16, 0.8s)
[radix-corpus] subtree char=8 (18280 positions): emitted 25355 radix nodes  (cum total 726759, max_ep_depth=16, 0.8s)
[radix-corpus] subtree char=9 (113 positions): emitted 129 radix nodes  (cum total 726888, max_ep_depth=16, 0.8s)
[radix-corpus] subtree char=10 (625 positions): emitted 916 radix nodes  (cum total 727804, max_ep_depth=16, 0.8s)
[radix-corpus] subtree char=11 (6571 positions): emitted 9458 radix nodes  (cum total 737262, max_ep_depth=16, 0.8s)
[radix-corpus] subtree char=12 (2062 positions): emitted 2975 radix nodes  (cum total 740237, max_ep_depth=16, 0.8s)
[radix-corpus] subtree char=13 (3494 positions): emitted 4875 radix nodes  (cum total 745112, max_ep_depth=16, 0.8s)
[radix-corpus] subtree char=14 (2741 positions): emitted 3912 radix nodes  (cum total 749024, max_ep_depth=16, 0.8s)
[radix-corpus] subtree char=15 (2316 positions): emitted 2884 radix nodes  (cum total 751908, max_ep_depth=16, 0.8s)
[radix-corpus] subtree char=16 (1729 positions): emitted 2470 radix nodes  (cum total 754378, max_ep_depth=16, 0.8s)
[radix-corpus] subtree char=17 (1730 positions): emitted 2099 radix nodes  (cum total 756477, max_ep_depth=16, 0.8s)
[radix-corpus] subtree char=18 (1084 positions): emitted 1549 radix nodes  (cum total 758026, max_ep_depth=16, 0.8s)
[radix-corpus] subtree char=19 (909 positions): emitted 1273 radix nodes  (cum total 759299, max_ep_depth=16, 0.8s)
[radix-corpus] subtree char=20 (2646 positions): emitted 3609 radix nodes  (cum total 762908, max_ep_depth=16, 0.8s)
[radix-corpus] subtree char=21 (7655 positions): emitted 10423 radix nodes  (cum total 773331, max_ep_depth=16, 0.8s)
[radix-corpus] subtree char=22 (784 positions): emitted 1122 radix nodes  (cum total 774453, max_ep_depth=16, 0.8s)
[radix-corpus] subtree char=23 (253 positions): emitted 349 radix nodes  (cum total 774802, max_ep_depth=16, 0.8s)
[radix-corpus] subtree char=24 (1922 positions): emitted 2654 radix nodes  (cum total 777456, max_ep_depth=16, 0.8s)
[radix-corpus] subtree char=25 (3463 positions): emitted 4347 radix nodes  (cum total 781803, max_ep_depth=16, 0.8s)
[radix-corpus] subtree char=26 (1272 positions): emitted 1821 radix nodes  (cum total 783624, max_ep_depth=16, 0.8s)
[radix-corpus] subtree char=27 (925 positions): emitted 1305 radix nodes  (cum total 784929, max_ep_depth=16, 0.8s)
[radix-corpus] subtree char=28 (1637 positions): emitted 2205 radix nodes  (cum total 787134, max_ep_depth=16, 0.8s)
[radix-corpus] subtree char=29 (341 positions): emitted 474 radix nodes  (cum total 787608, max_ep_depth=16, 0.8s)
[radix-corpus] subtree char=30 (942 positions): emitted 1235 radix nodes  (cum total 788843, max_ep_depth=16, 0.8s)
[radix-corpus] subtree char=31 (2930 positions): emitted 4178 radix nodes  (cum total 793021, max_ep_depth=16, 0.8s)
[radix-corpus] subtree char=32 (4177 positions): emitted 5854 radix nodes  (cum total 798875, max_ep_depth=16, 0.8s)
[radix-corpus] subtree char=33 (159 positions): emitted 227 radix nodes  (cum total 799102, max_ep_depth=16, 0.8s)
[radix-corpus] subtree char=34 (258 positions): emitted 337 radix nodes  (cum total 799439, max_ep_depth=16, 0.8s)
[radix-corpus] subtree char=35 (2258 positions): emitted 3207 radix nodes  (cum total 802646, max_ep_depth=16, 0.8s)
[radix-corpus] subtree char=36 (179 positions): emitted 220 radix nodes  (cum total 802866, max_ep_depth=16, 0.8s)
[radix-corpus] subtree char=37 (831 positions): emitted 1231 radix nodes  (cum total 804097, max_ep_depth=16, 0.8s)
[radix-corpus] subtree char=38 (20 positions): emitted 30 radix nodes  (cum total 804127, max_ep_depth=16, 0.8s)
[radix-corpus] subtree char=39 (147196 positions): emitted 213887 radix nodes  (cum total 1018014, max_ep_depth=16, 1.0s)
[radix-corpus] subtree char=40 (28651 positions): emitted 41813 radix nodes  (cum total 1059827, max_ep_depth=16, 1.1s)
[radix-corpus] subtree char=41 (42591 positions): emitted 61831 radix nodes  (cum total 1121658, max_ep_depth=16, 1.1s)
[radix-corpus] subtree char=42 (76188 positions): emitted 111110 radix nodes  (cum total 1232768, max_ep_depth=16, 1.1s)
[radix-corpus] subtree char=43 (232149 positions): emitted 337799 radix nodes  (cum total 1570567, max_ep_depth=16, 1.5s)
[radix-corpus] subtree char=44 (40345 positions): emitted 58646 radix nodes  (cum total 1629213, max_ep_depth=16, 1.5s)
[radix-corpus] subtree char=45 (38108 positions): emitted 55927 radix nodes  (cum total 1685140, max_ep_depth=16, 1.6s)
[radix-corpus] subtree char=46 (119289 positions): emitted 171932 radix nodes  (cum total 1857072, max_ep_depth=16, 1.7s)
[radix-corpus] subtree char=47 (122134 positions): emitted 177033 radix nodes  (cum total 2034105, max_ep_depth=16, 1.8s)
[radix-corpus] subtree char=48 (1655 positions): emitted 2450 radix nodes  (cum total 2036555, max_ep_depth=16, 1.8s)
[radix-corpus] subtree char=49 (14148 positions): emitted 20611 radix nodes  (cum total 2057166, max_ep_depth=16, 1.8s)
[radix-corpus] subtree char=50 (77058 positions): emitted 112747 radix nodes  (cum total 2169913, max_ep_depth=16, 1.9s)
[radix-corpus] subtree char=51 (44176 positions): emitted 64487 radix nodes  (cum total 2234400, max_ep_depth=16, 1.9s)
[radix-corpus] subtree char=52 (129370 positions): emitted 188687 radix nodes  (cum total 2423087, max_ep_depth=16, 2.0s)
[radix-corpus] subtree char=53 (137993 positions): emitted 200644 radix nodes  (cum total 2623731, max_ep_depth=16, 2.2s)
[radix-corpus] subtree char=54 (30333 positions): emitted 44305 radix nodes  (cum total 2668036, max_ep_depth=16, 2.2s)
[radix-corpus] subtree char=55 (2316 positions): emitted 3301 radix nodes  (cum total 2671337, max_ep_depth=16, 2.2s)
[radix-corpus] subtree char=56 (106829 positions): emitted 155972 radix nodes  (cum total 2827309, max_ep_depth=16, 2.3s)
[radix-corpus] subtree char=57 (118722 positions): emitted 172983 radix nodes  (cum total 3000292, max_ep_depth=16, 2.4s)
[radix-corpus] subtree char=58 (165123 positions): emitted 237961 radix nodes  (cum total 3238253, max_ep_depth=16, 2.6s)
[radix-corpus] subtree char=59 (52222 positions): emitted 76060 radix nodes  (cum total 3314313, max_ep_depth=16, 2.7s)
[radix-corpus] subtree char=60 (17477 positions): emitted 25578 radix nodes  (cum total 3339891, max_ep_depth=16, 2.7s)
[radix-corpus] subtree char=61 (41107 positions): emitted 59553 radix nodes  (cum total 3399444, max_ep_depth=16, 2.7s)
[radix-corpus] subtree char=62 (2313 positions): emitted 3447 radix nodes  (cum total 3402891, max_ep_depth=16, 2.7s)
[radix-corpus] subtree char=63 (36663 positions): emitted 54029 radix nodes  (cum total 3456920, max_ep_depth=16, 2.7s)
[radix-corpus] subtree char=64 (1671 positions): emitted 2341 radix nodes  (cum total 3459261, max_ep_depth=16, 2.7s)
[radix-corpus] done: 3459261 radix nodes, 18280947 total edge chars, 17 endpoint depths, 2.74s
  radix_count:        3459261
  total_edge_chars:   18280947
  max_endpoint_depth: 16
