AGPT CUDA Training Engine
  Model: d=64 heads=4 layers=2 ff=256 vocab=65 seq=32 head_dim=16
  Loaded 108481 weight floats (423.8 KB)
  Loaded optimizer state from checkpoint (adam_t=22225)
  LR schedule horizon: 500 total SE (override; this call runs 5 SE)
Loading radix trie from /tmp/shake_ms_n100_se5_70pct_d16_radix...
  Radix trie: 5008664 nodes, 25414699 total edge chars, 17 endpoint depths
  Radix loaded: 8400883 counts entries, 43341257 ancestor char entries
  d_split: 3249446/5008664 nodes have a mass=1 ancestor (mean depth 10.22)
  lr-schedule: warmup-cosine (peak=0.003, warmup_epochs=1)
  optimizer: rmsprop (lr=0.003)
  entropy lambda: 1.000 (branching-endpoint icing enabled)
  mass weighting: log (head-of-edge count restores corpus-frequency exposure)
  curriculum: flat (d=max each epoch)
  max edge_len: 15, max ancestor chars: 15, max KV per node: 30, max endpoint depth: 16
  mass=1 compaction: 22015403 / 25414699 chars are mass=1 (86.6%); cache holds 3399296 positions
  loop points: 97214 (mass>1 leaves; 5.5% of 1759217 mass>1 nodes)
  KV cache: 1740.4 MB unified memory (bf16 compact)
  GPU memory: 2993.9 MB used, 5192.9 MB free, 8186.8 MB total
  65 root-child subtrees: sizes min=3 max=798769 avg=77056.4 (total=5008663 radix nodes)
Epoch 1: loss=1.521949  (15.84 sec, 65 subtrees, 548 chunks, 25414697 nodes)
  residual top-10 (subtree_mass × max(avg_loss − 1.522, 0)):
    rc   rootID   mass      avg_loss     score 
    59   4688505  626979    1.7051       114830.8
    58   4346438  2210999   1.5350       28892.2
    54   3810112  364295    1.5578       13042.2
    5    901121   214932    1.5760       11611.9
    60   4798500  209819    1.5661       9261.2
    44   2292224  497183    1.5373       7614.7
    61   4834577  545680    1.5356       7458.5
    7    1013955  66562     1.6270       6992.3
    1    96702    5640250   1.5230       5905.2
    40   1493818  337387    1.5367       4982.5
    top-10: 34.6% of mass, 77.9% of excess-loss
Epoch 2: loss=1.520881  (15.65 sec, 65 subtrees, 548 chunks, 25414694 nodes)
  residual top-10 (subtree_mass × max(avg_loss − 1.521, 0)):
    rc   rootID   mass      avg_loss     score 
    59   4688505  626979    1.6325       69957.1
    1    96702    5640250   1.5288       44398.9
    44   2292224  497183    1.5549       16935.6
    5    901121   214932    1.5838       13515.9
    40   1493818  337387    1.5511       10204.4
    6    936796   538688    1.5363       8280.8
    54   3810112  364295    1.5429       8006.1
    7    1013955  66562     1.6308       7314.7
    39   1183039  1870304   1.5242       6150.6
    58   4346438  2210999   1.5233       5364.4
    top-10: 39.9% of mass, 76.2% of excess-loss
Epoch 3: loss=1.519079  (15.65 sec, 65 subtrees, 548 chunks, 25414698 nodes)
  residual top-10 (subtree_mass × max(avg_loss − 1.519, 0)):
    rc   rootID   mass      avg_loss     score 
    59   4688505  626979    1.6765       98691.1
    1    96702    5640250   1.5235       25127.5
    58   4346438  2210999   1.5282       20103.1
    5    901121   214932    1.5746       11941.3
    54   3810112  364295    1.5421       8396.8
    44   2292224  497183    1.5359       8365.9
    7    1013955  66562     1.6283       7268.8
    6    936796   538688    1.5308       6299.3
    40   1493818  337387    1.5341       5051.2
    32   1166202  48660     1.6222       5019.0
    top-10: 34.0% of mass, 76.8% of excess-loss
Epoch 4: loss=1.516571  (15.65 sec, 65 subtrees, 548 chunks, 25414698 nodes)
  residual top-10 (subtree_mass × max(avg_loss − 1.517, 0)):
    rc   rootID   mass      avg_loss     score 
    59   4688505  626979    1.6165       62656.9
    1    96702    5640250   1.5235       38799.9
    5    901121   214932    1.5822       14104.2
    6    936796   538688    1.5339       9323.5
    39   1183039  1870304   1.5211       8443.1
    7    1013955  66562     1.6315       7650.3
    44   2292224  497183    1.5299       6623.1
    40   1493818  337387    1.5348       6137.8
    54   3810112  364295    1.5317       5502.5
    60   4798500  209819    1.5426       5452.7
    top-10: 33.5% of mass, 72.3% of excess-loss
Epoch 5: loss=1.516574  (15.65 sec, 65 subtrees, 548 chunks, 25414699 nodes)
  residual top-10 (subtree_mass × max(avg_loss − 1.517, 0)):
    rc   rootID   mass      avg_loss     score 
    59   4688505  626979    1.6203       65045.6
    1    96702    5640250   1.5222       31681.3
    5    901121   214932    1.5733       12194.3
    39   1183039  1870304   1.5231       12128.1
    44   2292224  497183    1.5346       8969.3
    54   3810112  364295    1.5401       8573.9
    40   1493818  337387    1.5396       7752.3
    7    1013955  66562     1.6257       7260.4
    58   4346438  2210999   1.5199       7249.5
    6    936796   538688    1.5282       6269.3
    top-10: 39.9% of mass, 72.9% of excess-loss
Saved to /home/trans/Projects/agpt/rnd/streaming-agpt-v1/models/seed300_ms_n100_se5_stage70.model
Done.
  Appended optimizer state to /home/trans/Projects/agpt/rnd/streaming-agpt-v1/models/seed300_ms_n100_se5_stage70.model (adam_t=22550)
