AGPT CUDA Training Engine
  Model: d=64 heads=4 layers=2 ff=256 vocab=65 seq=32 head_dim=16
  Loaded 108481 weight floats (423.8 KB)
  Loaded optimizer state from checkpoint (adam_t=2170)
  LR schedule horizon: 500 total SE (override; this call runs 5 SE)
Loading radix trie from /tmp/shake_ms_n100_se5_8pct_d16_radix...
  Radix trie: 577170 nodes, 3302735 total edge chars, 17 endpoint depths
  Radix loaded: 963483 counts entries, 4409881 ancestor char entries
  d_split: 373771/577170 nodes have a mass=1 ancestor (mean depth 9.30)
  lr-schedule: warmup-cosine (peak=0.003, warmup_epochs=1)
  optimizer: rmsprop (lr=0.003)
  entropy lambda: 1.000 (branching-endpoint icing enabled)
  mass weighting: log (head-of-edge count restores corpus-frequency exposure)
  curriculum: flat (d=max each epoch)
  max edge_len: 16, max ancestor chars: 15, max KV per node: 31, max endpoint depth: 16
  mass=1 compaction: 2877840 / 3302735 chars are mass=1 (87.1%); cache holds 424895 positions
  loop points: 8844 (mass>1 leaves; 4.3% of 203398 mass>1 nodes)
  KV cache: 217.5 MB unified memory (bf16 compact)
  GPU memory: 2782.1 MB used, 5404.8 MB free, 8186.8 MB total
  63 root-child subtrees: sizes min=1 max=93309 avg=9161.4 (total=577169 radix nodes)
Epoch 1: loss=2.860941  (2.10 sec, 63 subtrees, 116 chunks, 3302735 nodes)
  residual top-10 (subtree_mass × max(avg_loss − 2.861, 0)):
    rc   rootID   mass      avg_loss     score 
    41   205384   296350    4.4129       459914.3
    37   134969   176704    3.7953       165105.3
    42   262664   50368     5.5948       137697.3
    40   187476   90366     3.9334       96912.1
    44   281324   147247    3.3402       70575.5
    45   308604   157253    3.2609       62896.7
    43   272847   39350     4.1378       50242.7
    38   169722   32014     3.3613       16018.7
    39   176286   54959     3.1117       13780.4
    52   436978   34103     3.1298       9170.1
    top-10: 35.3% of mass, 99.9% of excess-loss
Epoch 2: loss=2.145105  (2.02 sec, 63 subtrees, 116 chunks, 3302735 nodes)
  residual top-10 (subtree_mass × max(avg_loss − 2.145, 0)):
    rc   rootID   mass      avg_loss     score 
    1    11017    608630    2.2851       85201.3
    37   134969   176704    2.5441       70498.3
    38   169722   32014     2.6350       15683.9
    41   205384   296350    2.1861       12156.3
    39   176286   54959     2.3539       11477.3
    40   187476   90366     2.2667       10988.8
    0    1        51005     2.3112       8472.8
    42   262664   50368     2.2788       6731.6
    5    108092   42992     2.2681       5288.9
    4    104534   17560     2.3909       4316.8
    top-10: 46.5% of mass, 97.4% of excess-loss
Epoch 3: loss=1.861272  (2.03 sec, 63 subtrees, 116 chunks, 3302735 nodes)
  residual top-10 (subtree_mass × max(avg_loss − 1.861, 0)):
    rc   rootID   mass      avg_loss     score 
    1    11017    608630    1.9233       37746.2
    37   134969   176704    1.9838       21655.7
    42   262664   50368     2.0310       8548.5
    38   169722   32014     2.0537       6161.1
    57   538419   59657     1.9391       4644.1
    39   176286   54959     1.9220       3339.1
    0    1        51005     1.9211       3051.4
    5    108092   42992     1.9281       2874.8
    4    104534   17560     1.9569       1680.0
    40   187476   90366     1.8795       1646.6
    top-10: 38.8% of mass, 97.1% of excess-loss
Epoch 4: loss=1.777164  (2.04 sec, 63 subtrees, 116 chunks, 3302735 nodes)
  residual top-10 (subtree_mass × max(avg_loss − 1.777, 0)):
    rc   rootID   mass      avg_loss     score 
    37   134969   176704    1.8877       19531.1
    42   262664   50368     1.9459       8499.7
    45   308604   157253    1.8136       5727.6
    38   169722   32014     1.9105       4268.1
    57   538419   59657     1.8271       2980.1
    39   176286   54959     1.8236       2553.4
    43   272847   39350     1.8213       1737.5
    40   187476   90366     1.7954       1646.8
    44   281324   147247    1.7844       1066.6
    4    104534   17560     1.8282       896.8 
    top-10: 27.0% of mass, 97.0% of excess-loss
Epoch 5: loss=1.732947  (2.01 sec, 63 subtrees, 116 chunks, 3302735 nodes)
  residual top-10 (subtree_mass × max(avg_loss − 1.733, 0)):
    rc   rootID   mass      avg_loss     score 
    37   134969   176704    1.8247       16205.6
    57   538419   59657     1.9158       10906.5
    38   169722   32014     1.9451       6792.5
    42   262664   50368     1.8501       5901.3
    39   176286   54959     1.7841       2812.3
    45   308604   157253    1.7465       2131.6
    58   551042   24126     1.7874       1314.3
    52   436978   34103     1.7555       769.3 
    40   187476   90366     1.7387       522.2 
    43   272847   39350     1.7385       217.7 
    top-10: 23.5% of mass, 98.4% of excess-loss
Saved to /home/trans/Projects/agpt/rnd/streaming-agpt-v1/models/seed100_ms_n100_se5_stage8.model
Done.
  Appended optimizer state to /home/trans/Projects/agpt/rnd/streaming-agpt-v1/models/seed100_ms_n100_se5_stage8.model (adam_t=2485)
