AGPT CUDA Training Engine
  Model: d=64 heads=4 layers=2 ff=256 vocab=65 seq=32 head_dim=16
  Loaded 108481 weight floats (423.8 KB)
  Loaded optimizer state from checkpoint (adam_t=1550)
  LR schedule horizon: 500 total SE (override; this call runs 5 SE)
Loading radix trie from /tmp/shake_ms_n100_se5_6pct_d16_radix...
  Radix trie: 433510 nodes, 2557287 total edge chars, 17 endpoint depths
  Radix loaded: 723054 counts entries, 3196647 ancestor char entries
  d_split: 281276/433510 nodes have a mass=1 ancestor (mean depth 9.03)
  lr-schedule: warmup-cosine (peak=0.003, warmup_epochs=1)
  optimizer: rmsprop (lr=0.003)
  entropy lambda: 1.000 (branching-endpoint icing enabled)
  mass weighting: log (head-of-edge count restores corpus-frequency exposure)
  curriculum: flat (d=max each epoch)
  max edge_len: 16, max ancestor chars: 15, max KV per node: 31, max endpoint depth: 16
  mass=1 compaction: 2240454 / 2557287 chars are mass=1 (87.6%); cache holds 316833 positions
  loop points: 5897 (mass>1 leaves; 3.9% of 152233 mass>1 nodes)
  KV cache: 162.2 MB unified memory (bf16 compact)
  GPU memory: 2771.3 MB used, 5415.5 MB free, 8186.8 MB total
  62 root-child subtrees: sizes min=1 max=70986 avg=6992.1 (total=433509 radix nodes)
Epoch 1: loss=1.853961  (1.76 sec, 62 subtrees, 99 chunks, 2557287 nodes)
  residual top-10 (subtree_mass × max(avg_loss − 1.854, 0)):
    rc   rootID   mass      avg_loss     score 
    41   198470   36301     2.9277       38976.1
    40   155702   213431    2.0111       33530.4
    39   142456   64453     2.3073       29218.3
    42   206069   28505     2.0823       6509.5
    43   212388   105286    1.9078       5670.1
    4    79502    13745     2.2330       5210.0
    56   404521   43672     1.9620       4716.9
    5    82359    31438     2.0019       4649.8
    37   129060   23859     1.9317       1855.1
    57   414075   17099     1.9343       1373.9
    top-10: 25.9% of mass, 99.5% of excess-loss
Epoch 2: loss=1.799752  (1.56 sec, 62 subtrees, 99 chunks, 2557287 nodes)
  residual top-10 (subtree_mass × max(avg_loss − 1.800, 0)):
    rc   rootID   mass      avg_loss     score 
    41   198470   36301     2.3248       19059.8
    39   142456   64453     2.0415       15580.2
    56   404521   43672     2.0900       12677.6
    40   155702   213431    1.8418       8970.0
    51   328490   24460     2.1368       8245.0
    4    79502    13745     2.0630       3617.9
    5    82359    31438     1.8744       2347.1
    42   206069   28505     1.8777       2221.5
    43   212388   105286    1.8196       2094.4
    37   129060   23859     1.8625       1497.9
    top-10: 26.2% of mass, 97.3% of excess-loss
Epoch 3: loss=1.777174  (1.56 sec, 62 subtrees, 99 chunks, 2557287 nodes)
  residual top-10 (subtree_mass × max(avg_loss − 1.777, 0)):
    rc   rootID   mass      avg_loss     score 
    41   198470   36301     2.8041       37279.5
    39   142456   64453     2.0339       16549.1
    40   155702   213431    1.8393       13257.4
    43   212388   105286    1.8724       10022.9
    42   206069   28505     2.1216       9818.3
    51   328490   24460     1.9237       3583.0
    56   404521   43672     1.8082       1356.6
    37   129060   23859     1.8303       1268.5
    36   103173   126923    1.7863       1163.7
    0    1        37442     1.6833       0.0   
    top-10: 31.6% of mass, 100.0% of excess-loss
Epoch 4: loss=1.738700  (1.55 sec, 62 subtrees, 99 chunks, 2557287 nodes)
  residual top-10 (subtree_mass × max(avg_loss − 1.739, 0)):
    rc   rootID   mass      avg_loss     score 
    41   198470   36301     2.4100       24369.0
    39   142456   64453     1.9406       13010.3
    56   404521   43672     1.9959       11233.3
    36   103173   126923    1.7892       6414.6
    40   155702   213431    1.7686       6377.1
    42   206069   28505     1.8629       3540.0
    51   328490   24460     1.8511       2748.4
    43   212388   105286    1.7591       2150.2
    37   129060   23859     1.8109       1721.6
    57   414075   17099     1.8037       1111.0
    top-10: 30.7% of mass, 99.9% of excess-loss
Epoch 5: loss=1.715717  (1.56 sec, 62 subtrees, 99 chunks, 2557287 nodes)
  residual top-10 (subtree_mass × max(avg_loss − 1.716, 0)):
    rc   rootID   mass      avg_loss     score 
    41   198470   36301     2.1468       15649.9
    56   404521   43672     2.0669       15335.8
    39   142456   64453     1.8859       10967.0
    57   414075   17099     2.0842       6300.6
    51   328490   24460     1.8742       3876.7
    36   103173   126923    1.7426       3416.7
    37   129060   23859     1.8277       2672.6
    40   155702   213431    1.7254       2066.9
    58   417679   33899     1.7700       1839.3
    4    79502    13745     1.8198       1431.1
    top-10: 26.8% of mass, 98.7% of excess-loss
Saved to /home/trans/Projects/agpt/rnd/streaming-agpt-v1/models/seed100_ms_n100_se5_stage6.model
Done.
  Appended optimizer state to /home/trans/Projects/agpt/rnd/streaming-agpt-v1/models/seed100_ms_n100_se5_stage6.model (adam_t=1860)
