AGPT CUDA Training Engine
  Model: d=64 heads=4 layers=2 ff=256 vocab=65 seq=32 head_dim=16
  Loaded 108481 weight floats (423.8 KB)
  Loaded optimizer state from checkpoint (adam_t=1860)
  LR schedule horizon: 500 total SE (override; this call runs 5 SE)
Loading radix trie from /tmp/shake_ms_n100_se5_7pct_d16_radix...
  Radix trie: 505063 nodes, 2929517 total edge chars, 17 endpoint depths
  Radix loaded: 842860 counts entries, 3800083 ancestor char entries
  d_split: 327289/505063 nodes have a mass=1 ancestor (mean depth 9.19)
  lr-schedule: warmup-cosine (peak=0.003, warmup_epochs=1)
  optimizer: rmsprop (lr=0.003)
  entropy lambda: 1.000 (branching-endpoint icing enabled)
  mass weighting: log (head-of-edge count restores corpus-frequency exposure)
  curriculum: flat (d=max each epoch)
  max edge_len: 16, max ancestor chars: 15, max KV per node: 31, max endpoint depth: 16
  mass=1 compaction: 2557466 / 2929517 chars are mass=1 (87.3%); cache holds 372051 positions
  loop points: 7445 (mass>1 leaves; 4.2% of 177773 mass>1 nodes)
  KV cache: 190.5 MB unified memory (bf16 compact)
  GPU memory: 2775.8 MB used, 5411.0 MB free, 8186.8 MB total
  62 root-child subtrees: sizes min=1 max=82048 avg=8146.2 (total=505062 radix nodes)
Epoch 1: loss=1.633539  (1.92 sec, 62 subtrees, 104 chunks, 2929517 nodes)
  residual top-10 (subtree_mass × max(avg_loss − 1.634, 0)):
    rc   rootID   mass      avg_loss     score 
    56   471313   51187     1.9961       18557.9
    51   382537   28801     1.9554       9269.0
    36   119249   152345    1.6822       7408.0
    41   230607   42549     1.7768       6095.3
    42   239354   34048     1.7728       4741.3
    37   149649   27696     1.7309       2696.7
    57   482285   20494     1.7494       2373.5
    55   437523   179318    1.6447       2006.0
    4    91995    16048     1.6490       248.8 
    58   486507   41118     1.6357       89.2  
    top-10: 22.5% of mass, 99.8% of excess-loss
Epoch 2: loss=1.600097  (1.74 sec, 62 subtrees, 104 chunks, 2929517 nodes)
  residual top-10 (subtree_mass × max(avg_loss − 1.600, 0)):
    rc   rootID   mass      avg_loss     score 
    56   471313   51187     1.8283       11681.6
    36   119249   152345    1.6542       8241.1
    51   382537   28801     1.8681       7718.4
    41   230607   42549     1.7080       4592.4
    37   149649   27696     1.7200       3320.8
    42   239354   34048     1.6729       2478.0
    57   482285   20494     1.7209       2476.0
    50   353385   144363    1.6036       501.6 
    38   155440   45964     1.6096       437.2 
    4    91995    16048     1.6215       344.1 
    top-10: 21.4% of mass, 99.3% of excess-loss
Epoch 3: loss=1.593983  (1.73 sec, 62 subtrees, 104 chunks, 2929517 nodes)
  residual top-10 (subtree_mass × max(avg_loss − 1.594, 0)):
    rc   rootID   mass      avg_loss     score 
    56   471313   51187     1.7898       10025.7
    41   230607   42549     1.7906       8364.6
    51   382537   28801     1.8768       8145.1
    36   119249   152345    1.6432       7503.2
    42   239354   34048     1.7654       5835.0
    37   149649   27696     1.7342       3883.1
    57   482285   20494     1.6946       2061.0
    43   246788   126259    1.6067       1606.8
    4    91995    16048     1.6305       586.8 
    58   486507   41118     1.6056       477.0 
    top-10: 20.5% of mass, 98.5% of excess-loss
Epoch 4: loss=1.602484  (1.73 sec, 62 subtrees, 104 chunks, 2929516 nodes)
  residual top-10 (subtree_mass × max(avg_loss − 1.602, 0)):
    rc   rootID   mass      avg_loss     score 
    56   471313   51187     1.8334       11817.3
    41   230607   42549     1.8626       11066.5
    51   382537   28801     1.9581       10242.5
    42   239354   34048     1.8190       7370.7
    36   119249   152345    1.6409       5850.6
    47   299870   75778     1.6463       3321.5
    37   149649   27696     1.7030       2783.2
    57   482285   20494     1.7029       2058.1
    50   353385   144363    1.6152       1836.5
    43   246788   126259    1.6110       1071.2
    top-10: 26.7% of mass, 96.9% of excess-loss
Epoch 5: loss=1.597955  (1.73 sec, 62 subtrees, 104 chunks, 2929516 nodes)
  residual top-10 (subtree_mass × max(avg_loss − 1.598, 0)):
    rc   rootID   mass      avg_loss     score 
    36   119249   152345    1.6793       12392.1
    41   230607   42549     1.8468       10587.0
    56   471313   51187     1.7529       7933.7
    42   239354   34048     1.7540       5313.3
    51   382537   28801     1.7767       5148.2
    5    95275    37250     1.7254       4748.1
    37   149649   27696     1.7673       4689.2
    4    91995    16048     1.8819       4557.5
    57   482285   20494     1.7166       2432.4
    43   246788   126259    1.6128       1878.6
    top-10: 20.3% of mass, 96.1% of excess-loss
Saved to /home/trans/Projects/agpt/rnd/streaming-agpt-v1/models/seed200_ms_n100_se5_stage7.model
Done.
  Appended optimizer state to /home/trans/Projects/agpt/rnd/streaming-agpt-v1/models/seed200_ms_n100_se5_stage7.model (adam_t=2170)
