AGPT CUDA Training Engine
  Model: d=64 heads=4 layers=2 ff=256 vocab=65 seq=32 head_dim=16
  Loaded 108481 weight floats (423.8 KB)
  Loaded optimizer state from checkpoint (adam_t=29050)
  LR schedule horizon: 500 total SE (override; this call runs 5 SE)
Loading radix trie from /tmp/shake_ms_n100_se5_91pct_d16_radix...
  Radix trie: 6458513 nodes, 31925966 total edge chars, 17 endpoint depths
  Radix loaded: 10844872 counts entries, 57155073 ancestor char entries
  d_split: 4177746/6458513 nodes have a mass=1 ancestor (mean depth 10.41)
  lr-schedule: warmup-cosine (peak=0.003, warmup_epochs=1)
  optimizer: rmsprop (lr=0.003)
  entropy lambda: 1.000 (branching-endpoint icing enabled)
  mass weighting: log (head-of-edge count restores corpus-frequency exposure)
  curriculum: flat (d=max each epoch)
  max edge_len: 15, max ancestor chars: 15, max KV per node: 30, max endpoint depth: 16
  mass=1 compaction: 27516785 / 31925966 chars are mass=1 (86.2%); cache holds 4409181 positions
  loop points: 140354 (mass>1 leaves; 6.2% of 2280766 mass>1 nodes)
  KV cache: 2257.5 MB unified memory (bf16 compact)
  GPU memory: 3069.4 MB used, 5117.4 MB free, 8186.8 MB total
  65 root-child subtrees: sizes min=3 max=1022882 avg=99361.7 (total=6458512 radix nodes)
Epoch 1: loss=1.568779  (19.91 sec, 65 subtrees, 677 chunks, 31925966 nodes)
  residual top-10 (subtree_mass × max(avg_loss − 1.569, 0)):
    rc   rootID   mass      avg_loss     score 
    1    126495   7459520   1.5809       90648.5
    5    1157154  308326    1.6077       12005.3
    25   1469355  54371     1.7141       7901.2
    7    1303047  75735     1.6721       7823.1
    46   3165915  2088168   1.5724       7635.5
    32   1498896  70853     1.6691       7105.1
    6    1206449  690845    1.5788       6954.7
    44   2952433  653240    1.5794       6937.8
    13   1393424  57940     1.6858       6778.8
    15   1410304  32338     1.7761       6704.0
    top-10: 27.9% of mass, 72.2% of excess-loss
Epoch 2: loss=1.568643  (19.72 sec, 65 subtrees, 677 chunks, 31925966 nodes)
  residual top-10 (subtree_mass × max(avg_loss − 1.569, 0)):
    rc   rootID   mass      avg_loss     score 
    1    126495   7459520   1.5808       90334.8
    5    1157154  308326    1.6076       12016.3
    25   1469355  54371     1.7128       7840.1
    7    1303047  75735     1.6719       7817.1
    46   3165915  2088168   1.5723       7575.1
    44   2952433  653240    1.5802       7530.5
    32   1498896  70853     1.6696       7151.3
    6    1206449  690845    1.5785       6805.2
    13   1393424  57940     1.6846       6715.9
    15   1410304  32338     1.7739       6638.1
    top-10: 27.9% of mass, 72.2% of excess-loss
Epoch 3: loss=1.568502  (19.73 sec, 65 subtrees, 677 chunks, 31925966 nodes)
  residual top-10 (subtree_mass × max(avg_loss − 1.569, 0)):
    rc   rootID   mass      avg_loss     score 
    1    126495   7459520   1.5806       90442.5
    5    1157154  308326    1.6073       11964.1
    25   1469355  54371     1.7140       7910.4
    7    1303047  75735     1.6720       7838.5
    46   3165915  2088168   1.5723       7836.3
    32   1498896  70853     1.6690       7117.7
    6    1206449  690845    1.5785       6894.3
    44   2952433  653240    1.5790       6890.0
    13   1393424  57940     1.6851       6753.2
    15   1410304  32338     1.7746       6664.2
    top-10: 27.9% of mass, 72.1% of excess-loss
Epoch 4: loss=1.568857  (19.73 sec, 65 subtrees, 677 chunks, 31925966 nodes)
  residual top-10 (subtree_mass × max(avg_loss − 1.569, 0)):
    rc   rootID   mass      avg_loss     score 
    1    126495   7459520   1.5805       87017.1
    5    1157154  308326    1.6065       11606.1
    25   1469355  54371     1.7126       7812.9
    7    1303047  75735     1.6714       7767.2
    46   3165915  2088168   1.5724       7484.2
    44   2952433  653240    1.5799       7212.4
    32   1498896  70853     1.6681       7033.8
    15   1410304  32338     1.7772       6738.9
    13   1393424  57940     1.6846       6704.8
    6    1206449  690845    1.5780       6300.5
    top-10: 27.9% of mass, 72.0% of excess-loss
Epoch 5: loss=1.568403  (19.73 sec, 65 subtrees, 677 chunks, 31925966 nodes)
  residual top-10 (subtree_mass × max(avg_loss − 1.568, 0)):
    rc   rootID   mass      avg_loss     score 
    1    126495   7459520   1.5806       90933.0
    5    1157154  308326    1.6069       11861.2
    25   1469355  54371     1.7142       7924.9
    7    1303047  75735     1.6717       7823.2
    46   3165915  2088168   1.5721       7720.0
    32   1498896  70853     1.6691       7134.8
    44   2952433  653240    1.5791       7013.5
    6    1206449  690845    1.5783       6861.6
    13   1393424  57940     1.6843       6714.7
    15   1410304  32338     1.7738       6643.4
    top-10: 27.9% of mass, 71.9% of excess-loss
Saved to /home/trans/Projects/agpt/rnd/streaming-agpt-v1/models/seed100_ms_n100_se5_stage91.model
Done.
  Appended optimizer state to /home/trans/Projects/agpt/rnd/streaming-agpt-v1/models/seed100_ms_n100_se5_stage91.model (adam_t=29375)
