AGPT CUDA Training Engine
  Model: d=64 heads=4 layers=2 ff=256 vocab=65 seq=32 head_dim=16
  Loaded 108481 weight floats (423.8 KB)
  Loaded optimizer state from checkpoint (adam_t=13775)
  LR schedule horizon: 500 total SE (override; this call runs 5 SE)
Loading radix trie from /tmp/shake_ms_n100_se5_44pct_d16_radix...
  Radix trie: 3174584 nodes, 16930991 total edge chars, 17 endpoint depths
  Radix loaded: 5318374 counts entries, 26264692 ancestor char entries
  d_split: 2070861/3174584 nodes have a mass=1 ancestor (mean depth 9.85)
  lr-schedule: warmup-cosine (peak=0.003, warmup_epochs=1)
  optimizer: rmsprop (lr=0.003)
  entropy lambda: 1.000 (branching-endpoint icing enabled)
  mass weighting: log (head-of-edge count restores corpus-frequency exposure)
  curriculum: flat (d=max each epoch)
  max edge_len: 15, max ancestor chars: 15, max KV per node: 30, max endpoint depth: 16
  mass=1 compaction: 14797362 / 16930991 chars are mass=1 (87.4%); cache holds 2133629 positions
  loop points: 50406 (mass>1 leaves; 4.6% of 1103722 mass>1 nodes)
  KV cache: 1092.4 MB unified memory (bf16 compact)
  GPU memory: 2893.2 MB used, 5293.6 MB free, 8186.8 MB total
  65 root-child subtrees: sizes min=3 max=504151 avg=48839.7 (total=3174583 radix nodes)
Epoch 1: loss=1.625368  (10.53 sec, 65 subtrees, 382 chunks, 16930991 nodes)
  residual top-10 (subtree_mass × max(avg_loss − 1.625, 0)):
    rc   rootID   mass      avg_loss     score 
    59   2971811  377117    1.7831       59466.3
    54   2406224  224419    1.7112       19261.4
    44   1438813  305099    1.6864       18620.8
    1    58884    3391790   1.6288       11649.0
    58   2752519  1350553   1.6328       10046.5
    6    584322   307675    1.6535       8657.2
    5    566572   96367     1.7144       8580.3
    39   734982   1116592   1.6323       7771.0
    40   931230   211217    1.6578       6856.8
    60   3041464  130769    1.6744       6416.0
    top-10: 40.3% of mass, 81.0% of excess-loss
Epoch 2: loss=1.622082  (10.27 sec, 65 subtrees, 382 chunks, 16930991 nodes)
  residual top-10 (subtree_mass × max(avg_loss − 1.622, 0)):
    rc   rootID   mass      avg_loss     score 
    59   2971811  377117    1.8966       103527.4
    58   2752519  1350553   1.6500       37754.7
    54   2406224  224419    1.7336       25024.5
    44   1438813  305099    1.6628       12430.5
    60   3041464  130769    1.6898       8853.3
    5    566572   96367     1.7034       7840.2
    40   931230   211217    1.6568       7338.6
    6    584322   307675    1.6387       5100.9
    7    631617   41127     1.7362       4693.0
    61   3065020  321770    1.6322       3264.1
    top-10: 18.0% of mass, 88.3% of excess-loss
Epoch 3: loss=1.606840  (10.27 sec, 65 subtrees, 382 chunks, 16930991 nodes)
  residual top-10 (subtree_mass × max(avg_loss − 1.607, 0)):
    rc   rootID   mass      avg_loss     score 
    59   2971811  377117    1.7783       64669.7
    1    58884    3391790   1.6165       32792.4
    39   734982   1116592   1.6206       15309.6
    44   1438813  305099    1.6419       10690.9
    6    584322   307675    1.6362       9021.7
    5    566572   96367     1.6993       8913.7
    54   2406224  224419    1.6454       8649.9
    40   931230   211217    1.6475       8582.9
    60   3041464  130769    1.6577       6654.9
    7    631617   41127     1.7335       5210.4
    top-10: 33.2% of mass, 83.1% of excess-loss
Epoch 4: loss=1.603538  (10.28 sec, 65 subtrees, 382 chunks, 16930991 nodes)
  residual top-10 (subtree_mass × max(avg_loss − 1.604, 0)):
    rc   rootID   mass      avg_loss     score 
    59   2971811  377117    1.7808       66841.9
    44   1438813  305099    1.6692       20042.5
    54   2406224  224419    1.6588       12403.9
    58   2752519  1350553   1.6125       12113.1
    40   931230   211217    1.6425       8239.4
    39   734982   1116592   1.6108       8102.1
    5    566572   96367     1.6817       7536.6
    60   3041464  130769    1.6503       6112.6
    49   1866967  96303     1.6642       5839.7
    50   1885696  566645    1.6127       5215.1
    top-10: 24.0% of mass, 82.3% of excess-loss
Epoch 5: loss=1.601533  (10.28 sec, 65 subtrees, 382 chunks, 16930991 nodes)
  residual top-10 (subtree_mass × max(avg_loss − 1.602, 0)):
    rc   rootID   mass      avg_loss     score 
    59   2971811  377117    1.8163       80977.1
    54   2406224  224419    1.7183       26213.6
    58   2752519  1350553   1.6204       25419.3
    39   734982   1116592   1.6157       15858.5
    44   1438813  305099    1.6531       15746.1
    40   931230   211217    1.6595       12254.1
    5    566572   96367     1.6805       7613.3
    60   3041464  130769    1.6454       5730.9
    7    631617   41127     1.7162       4717.5
    6    584322   307675    1.6168       4687.7
    top-10: 22.3% of mass, 87.1% of excess-loss
Saved to /home/trans/Projects/agpt/rnd/streaming-agpt-v1/models/seed200_ms_n100_se5_stage44.model
Done.
  Appended optimizer state to /home/trans/Projects/agpt/rnd/streaming-agpt-v1/models/seed200_ms_n100_se5_stage44.model (adam_t=14100)
