AGPT CUDA Training Engine
  Model: d=64 heads=4 layers=2 ff=256 vocab=65 seq=32 head_dim=16
  Loaded 108481 weight floats (423.8 KB)
  Loaded optimizer state from checkpoint (adam_t=6300)
  LR schedule horizon: 500 total SE (override; this call runs 5 SE)
Loading radix trie from /tmp/shake_ms_n100_se5_21pct_d16_radix...
  Radix trie: 1512450 nodes, 8309160 total edge chars, 17 endpoint depths
  Radix loaded: 2531392 counts entries, 12130085 ancestor char entries
  d_split: 982965/1512450 nodes have a mass=1 ancestor (mean depth 9.63)
  lr-schedule: warmup-cosine (peak=0.003, warmup_epochs=1)
  optimizer: rmsprop (lr=0.003)
  entropy lambda: 1.000 (branching-endpoint icing enabled)
  mass weighting: log (head-of-edge count restores corpus-frequency exposure)
  curriculum: flat (d=max each epoch)
  max edge_len: 16, max ancestor chars: 15, max KV per node: 31, max endpoint depth: 16
  mass=1 compaction: 7247496 / 8309160 chars are mass=1 (87.2%); cache holds 1061664 positions
  loop points: 24951 (mass>1 leaves; 4.7% of 529484 mass>1 nodes)
  KV cache: 543.6 MB unified memory (bf16 compact)
  GPU memory: 2836.6 MB used, 5350.2 MB free, 8186.8 MB total
  65 root-child subtrees: sizes min=1 max=243830 avg=23268.4 (total=1512449 radix nodes)
Epoch 1: loss=1.668253  (5.68 sec, 65 subtrees, 212 chunks, 8309160 nodes)
  residual top-10 (subtree_mass × max(avg_loss − 1.668, 0)):
    rc   rootID   mass      avg_loss     score 
    59   1412834  171915    2.1495       82727.5
    58   1310770  593765    1.7653       57626.8
    54   1147678  98802     2.0848       41151.1
    44   690370   137948    1.7253       7870.9
    40   448022   94316     1.7248       5335.6
    39   355595   505421    1.6787       5280.6
    60   1446170  63608     1.7441       4821.5
    5    273078   46461     1.7487       3738.0
    61   1458139  145108    1.6843       2333.9
    7    303008   14604     1.7893       1768.4
    top-10: 22.0% of mass, 96.9% of excess-loss
Epoch 2: loss=1.672733  (5.48 sec, 65 subtrees, 212 chunks, 8309160 nodes)
  residual top-10 (subtree_mass × max(avg_loss − 1.673, 0)):
    rc   rootID   mass      avg_loss     score 
    39   355595   505421    1.8014       65046.7
    59   1412834  171915    1.9237       43143.6
    54   1147678  98802     1.9011       22558.2
    40   448022   94316     1.8589       17556.6
    44   690370   137948    1.7814       14991.0
    58   1310770  593765    1.6959       13770.9
    60   1446170  63608     1.7321       3778.1
    5    273078   46461     1.7401       3131.8
    41   466002   147042    1.6937       3083.3
    7    303008   14604     1.7956       1794.0
    top-10: 22.0% of mass, 96.3% of excess-loss
Epoch 3: loss=1.634761  (5.31 sec, 65 subtrees, 212 chunks, 8309160 nodes)
  residual top-10 (subtree_mass × max(avg_loss − 1.635, 0)):
    rc   rootID   mass      avg_loss     score 
    59   1412834  171915    1.8606       38817.3
    54   1147678  98802     1.8457       20837.9
    39   355595   505421    1.6719       18784.5
    44   690370   137948    1.7086       10189.4
    40   448022   94316     1.7057       6693.1
    1    28191    1600286   1.6373       4077.4
    5    273078   46461     1.7085       3426.4
    6    281903   130373    1.6559       2760.1
    58   1310770  593765    1.6391       2574.3
    7    303008   14604     1.7818       2147.4
    top-10: 39.8% of mass, 91.3% of excess-loss
Epoch 4: loss=1.664092  (5.27 sec, 65 subtrees, 212 chunks, 8309160 nodes)
  residual top-10 (subtree_mass × max(avg_loss − 1.664, 0)):
    rc   rootID   mass      avg_loss     score 
    59   1412834  171915    2.5114       145658.6
    58   1310770  593765    1.8163       90376.7
    54   1147678  98802     1.9610       29338.2
    61   1458139  145108    1.7495       12398.7
    60   1446170  63608     1.8564       12235.5
    40   448022   94316     1.7105       4376.1
    44   690370   137948    1.6923       3885.1
    5    273078   46461     1.7304       3078.5
    7    303008   14604     1.7828       1733.6
    31   349233   6653      1.7761       745.0 
    top-10: 16.1% of mass, 98.6% of excess-loss
Epoch 5: loss=1.633980  (5.10 sec, 65 subtrees, 212 chunks, 8309160 nodes)
  residual top-10 (subtree_mass × max(avg_loss − 1.634, 0)):
    rc   rootID   mass      avg_loss     score 
    59   1412834  171915    1.8295       33612.9
    1    28191    1600286   1.6527       29924.7
    54   1147678  98802     1.8283       19201.2
    39   355595   505421    1.6607       13523.4
    44   690370   137948    1.6976       8777.5
    5    273078   46461     1.7931       7394.6
    58   1310770  593765    1.6433       5527.9
    40   448022   94316     1.6921       5480.9
    6    281903   130373    1.6727       5046.3
    7    303008   14604     1.7855       2212.1
    top-10: 39.8% of mass, 92.1% of excess-loss
Saved to /home/trans/Projects/agpt/rnd/streaming-agpt-v1/models/seed100_ms_n100_se5_stage21.model
Done.
  Appended optimizer state to /home/trans/Projects/agpt/rnd/streaming-agpt-v1/models/seed100_ms_n100_se5_stage21.model (adam_t=6625)
