AGPT CUDA Training Engine
  Model: d=64 heads=4 layers=2 ff=256 vocab=65 seq=32 head_dim=16
  Loaded 108481 weight floats (423.8 KB)
  Loaded optimizer state from checkpoint (adam_t=8900)
  LR schedule horizon: 500 total SE (override; this call runs 5 SE)
Loading radix trie from /tmp/shake_ms_n100_se5_29pct_d16_radix...
  Radix trie: 2094985 nodes, 11431491 total edge chars, 17 endpoint depths
  Radix loaded: 3507517 counts entries, 16937016 ancestor char entries
  d_split: 1366207/2094985 nodes have a mass=1 ancestor (mean depth 9.68)
  lr-schedule: warmup-cosine (peak=0.003, warmup_epochs=1)
  optimizer: rmsprop (lr=0.003)
  entropy lambda: 1.000 (branching-endpoint icing enabled)
  mass weighting: log (head-of-edge count restores corpus-frequency exposure)
  curriculum: flat (d=max each epoch)
  max edge_len: 16, max ancestor chars: 15, max KV per node: 31, max endpoint depth: 16
  mass=1 compaction: 10003685 / 11431491 chars are mass=1 (87.5%); cache holds 1427806 positions
  loop points: 32057 (mass>1 leaves; 4.4% of 728777 mass>1 nodes)
  KV cache: 731.0 MB unified memory (bf16 compact)
  GPU memory: 2872.2 MB used, 5314.6 MB free, 8186.8 MB total
  65 root-child subtrees: sizes min=1 max=334815 avg=32230.5 (total=2094984 radix nodes)
Epoch 1: loss=1.610895  (7.10 sec, 65 subtrees, 271 chunks, 11431491 nodes)
  residual top-10 (subtree_mass × max(avg_loss − 1.611, 0)):
    rc   rootID   mass      avg_loss     score 
    59   1958934  243330    2.1748       137205.3
    58   1814869  857128    1.7069       82280.9
    54   1587198  142776    1.8427       33094.1
    60   2005252  87425     1.7797       14755.9
    61   2021429  204709    1.6751       13150.0
    40   614586   134763    1.6526       5617.9
    5    375145   59418     1.6839       4337.9
    7    416469   22370     1.7458       3017.7
    44   950079   195324    1.6254       2834.6
    2    373274   7874      1.7742       1286.1
    top-10: 16.3% of mass, 97.7% of excess-loss
Epoch 2: loss=1.594994  (6.88 sec, 65 subtrees, 271 chunks, 11431491 nodes)
  residual top-10 (subtree_mass × max(avg_loss − 1.595, 0)):
    rc   rootID   mass      avg_loss     score 
    59   1958934  243330    2.1103       125397.8
    60   2005252  87425     1.7694       15246.3
    61   2021429  204709    1.6692       15189.7
    58   1814869  857128    1.6087       11766.0
    40   614586   134763    1.6436       6551.9
    39   485415   714539    1.6027       5495.8
    44   950079   195324    1.6229       5455.4
    5    375145   59418     1.6821       5176.2
    54   1587198  142776    1.6288       4833.1
    6    386565   187285    1.6134       3446.9
    top-10: 23.6% of mass, 94.0% of excess-loss
Epoch 3: loss=1.594450  (6.88 sec, 65 subtrees, 271 chunks, 11431491 nodes)
  residual top-10 (subtree_mass × max(avg_loss − 1.594, 0)):
    rc   rootID   mass      avg_loss     score 
    59   1958934  243330    2.0945       121671.3
    58   1814869  857128    1.6250       26222.5
    54   1587198  142776    1.6778       11894.6
    60   2005252  87425     1.7084       9960.1
    61   2021429  204709    1.6358       8465.4
    40   614586   134763    1.6393       6045.9
    5    375145   59418     1.6773       4924.4
    39   485415   714539    1.5995       3618.8
    44   950079   195324    1.6121       3438.5
    6    386565   187285    1.6112       3144.0
    top-10: 23.6% of mass, 92.6% of excess-loss
Epoch 4: loss=1.641929  (6.89 sec, 65 subtrees, 271 chunks, 11431491 nodes)
  residual top-10 (subtree_mass × max(avg_loss − 1.642, 0)):
    rc   rootID   mass      avg_loss     score 
    59   1958934  243330    2.3872       181346.0
    58   1814869  857128    1.7055       54485.6
    60   2005252  87425     1.9710       28765.4
    61   2021429  204709    1.7753       27296.9
    54   1587198  142776    1.8126       24371.3
    44   950079   195324    1.7597       22995.8
    40   614586   134763    1.7443       13799.9
    5    375145   59418     1.7226       4792.6
    45   985543   170943    1.6639       3751.6
    7    416469   22370     1.7447       2299.1
    top-10: 17.7% of mass, 98.1% of excess-loss
Epoch 5: loss=1.600901  (6.89 sec, 65 subtrees, 271 chunks, 11431491 nodes)
  residual top-10 (subtree_mass × max(avg_loss − 1.601, 0)):
    rc   rootID   mass      avg_loss     score 
    1    38459    2207237   1.6296       63374.3
    59   1958934  243330    1.7982       48009.8
    39   485415   714539    1.6259       17844.2
    54   1587198  142776    1.6808       11411.2
    6    386565   187285    1.6585       10784.7
    40   614586   134763    1.6642       8533.6
    5    375145   59418     1.7445       8532.8
    60   2005252  87425     1.6547       4706.5
    44   950079   195324    1.6226       4243.7
    7    416469   22370     1.7669       3712.4
    top-10: 33.4% of mass, 92.9% of excess-loss
Saved to /home/trans/Projects/agpt/rnd/streaming-agpt-v1/models/seed200_ms_n100_se5_stage29.model
Done.
  Appended optimizer state to /home/trans/Projects/agpt/rnd/streaming-agpt-v1/models/seed200_ms_n100_se5_stage29.model (adam_t=9225)
