[radix-corpus] corpus: /tmp/shake_ms_n100_se5_26pct.txt (1300000 tokens, vocab=65)
[radix-corpus] max_depth=16, output=/tmp/shake_ms_n100_se5_26pct_d16_radix
[radix-corpus] subtree char=0 (24377 positions): emitted 34577 radix nodes  (cum total 34578, max_ep_depth=16, 0.0s)
[radix-corpus] subtree char=1 (215373 positions): emitted 300725 radix nodes  (cum total 335303, max_ep_depth=16, 0.3s)
[radix-corpus] subtree char=2 (1145 positions): emitted 1677 radix nodes  (cum total 336980, max_ep_depth=16, 0.3s)
[radix-corpus] subtree char=3 (2 positions): emitted 3 radix nodes  (cum total 336983, max_ep_depth=16, 0.3s)
[radix-corpus] subtree char=4 (1 positions): emitted 1 radix nodes  (cum total 336984, max_ep_depth=16, 0.3s)
[radix-corpus] subtree char=5 (7467 positions): emitted 10321 radix nodes  (cum total 347305, max_ep_depth=16, 0.3s)
[radix-corpus] subtree char=6 (18789 positions): emitted 26635 radix nodes  (cum total 373940, max_ep_depth=16, 0.3s)
[radix-corpus] subtree char=7 (3291 positions): emitted 4888 radix nodes  (cum total 378828, max_ep_depth=16, 0.3s)
[radix-corpus] subtree char=8 (10526 positions): emitted 14444 radix nodes  (cum total 393272, max_ep_depth=16, 0.3s)
[radix-corpus] subtree char=9 (92 positions): emitted 116 radix nodes  (cum total 393388, max_ep_depth=16, 0.3s)
[radix-corpus] subtree char=10 (370 positions): emitted 533 radix nodes  (cum total 393921, max_ep_depth=16, 0.3s)
[radix-corpus] subtree char=11 (3546 positions): emitted 5070 radix nodes  (cum total 398991, max_ep_depth=16, 0.3s)
[radix-corpus] subtree char=12 (920 positions): emitted 1341 radix nodes  (cum total 400332, max_ep_depth=16, 0.3s)
[radix-corpus] subtree char=13 (1797 positions): emitted 2517 radix nodes  (cum total 402849, max_ep_depth=16, 0.3s)
[radix-corpus] subtree char=14 (1826 positions): emitted 2585 radix nodes  (cum total 405434, max_ep_depth=16, 0.3s)
[radix-corpus] subtree char=15 (1528 positions): emitted 1881 radix nodes  (cum total 407315, max_ep_depth=16, 0.3s)
[radix-corpus] subtree char=16 (888 positions): emitted 1307 radix nodes  (cum total 408622, max_ep_depth=16, 0.3s)
[radix-corpus] subtree char=17 (1293 positions): emitted 1542 radix nodes  (cum total 410164, max_ep_depth=16, 0.3s)
[radix-corpus] subtree char=18 (511 positions): emitted 724 radix nodes  (cum total 410888, max_ep_depth=16, 0.3s)
[radix-corpus] subtree char=19 (489 positions): emitted 653 radix nodes  (cum total 411541, max_ep_depth=16, 0.3s)
[radix-corpus] subtree char=20 (1549 positions): emitted 2104 radix nodes  (cum total 413645, max_ep_depth=16, 0.3s)
[radix-corpus] subtree char=21 (4727 positions): emitted 6315 radix nodes  (cum total 419960, max_ep_depth=16, 0.3s)
[radix-corpus] subtree char=22 (473 positions): emitted 671 radix nodes  (cum total 420631, max_ep_depth=16, 0.3s)
[radix-corpus] subtree char=23 (181 positions): emitted 245 radix nodes  (cum total 420876, max_ep_depth=16, 0.3s)
[radix-corpus] subtree char=24 (1191 positions): emitted 1573 radix nodes  (cum total 422449, max_ep_depth=16, 0.3s)
[radix-corpus] subtree char=25 (2126 positions): emitted 2687 radix nodes  (cum total 425136, max_ep_depth=16, 0.3s)
[radix-corpus] subtree char=26 (718 positions): emitted 1004 radix nodes  (cum total 426140, max_ep_depth=16, 0.3s)
[radix-corpus] subtree char=27 (546 positions): emitted 753 radix nodes  (cum total 426893, max_ep_depth=16, 0.3s)
[radix-corpus] subtree char=28 (876 positions): emitted 1199 radix nodes  (cum total 428092, max_ep_depth=16, 0.3s)
[radix-corpus] subtree char=29 (227 positions): emitted 316 radix nodes  (cum total 428408, max_ep_depth=16, 0.3s)
[radix-corpus] subtree char=30 (593 positions): emitted 808 radix nodes  (cum total 429216, max_ep_depth=16, 0.3s)
[radix-corpus] subtree char=31 (1437 positions): emitted 2046 radix nodes  (cum total 431262, max_ep_depth=16, 0.3s)
[radix-corpus] subtree char=32 (2114 positions): emitted 2986 radix nodes  (cum total 434248, max_ep_depth=16, 0.3s)
[radix-corpus] subtree char=33 (88 positions): emitted 122 radix nodes  (cum total 434370, max_ep_depth=16, 0.3s)
[radix-corpus] subtree char=34 (150 positions): emitted 164 radix nodes  (cum total 434534, max_ep_depth=16, 0.3s)
[radix-corpus] subtree char=35 (1256 positions): emitted 1770 radix nodes  (cum total 436304, max_ep_depth=16, 0.3s)
[radix-corpus] subtree char=36 (129 positions): emitted 135 radix nodes  (cum total 436439, max_ep_depth=16, 0.3s)
[radix-corpus] subtree char=37 (474 positions): emitted 709 radix nodes  (cum total 437148, max_ep_depth=16, 0.3s)
[radix-corpus] subtree char=38 (13 positions): emitted 20 radix nodes  (cum total 437168, max_ep_depth=16, 0.3s)
[radix-corpus] subtree char=39 (79201 positions): emitted 115386 radix nodes  (cum total 552554, max_ep_depth=16, 0.4s)
[radix-corpus] subtree char=40 (15346 positions): emitted 22508 radix nodes  (cum total 575062, max_ep_depth=16, 0.4s)
[radix-corpus] subtree char=41 (23480 positions): emitted 34203 radix nodes  (cum total 609265, max_ep_depth=16, 0.4s)
[radix-corpus] subtree char=42 (40180 positions): emitted 58714 radix nodes  (cum total 667979, max_ep_depth=16, 0.5s)
[radix-corpus] subtree char=43 (126501 positions): emitted 184931 radix nodes  (cum total 852910, max_ep_depth=16, 0.6s)
[radix-corpus] subtree char=44 (21865 positions): emitted 31861 radix nodes  (cum total 884771, max_ep_depth=16, 0.6s)
[radix-corpus] subtree char=45 (20009 positions): emitted 29355 radix nodes  (cum total 914126, max_ep_depth=16, 0.6s)
[radix-corpus] subtree char=46 (63637 positions): emitted 92216 radix nodes  (cum total 1006342, max_ep_depth=16, 0.7s)
[radix-corpus] subtree char=47 (66387 positions): emitted 96518 radix nodes  (cum total 1102860, max_ep_depth=16, 0.7s)
[radix-corpus] subtree char=48 (973 positions): emitted 1461 radix nodes  (cum total 1104321, max_ep_depth=16, 0.7s)
[radix-corpus] subtree char=49 (6921 positions): emitted 10126 radix nodes  (cum total 1114447, max_ep_depth=16, 0.7s)
[radix-corpus] subtree char=50 (41819 positions): emitted 61017 radix nodes  (cum total 1175464, max_ep_depth=16, 0.7s)
[radix-corpus] subtree char=51 (24602 positions): emitted 36046 radix nodes  (cum total 1211510, max_ep_depth=16, 0.8s)
[radix-corpus] subtree char=52 (70068 positions): emitted 102686 radix nodes  (cum total 1314196, max_ep_depth=16, 0.9s)
[radix-corpus] subtree char=53 (74486 positions): emitted 108746 radix nodes  (cum total 1422942, max_ep_depth=16, 0.9s)
[radix-corpus] subtree char=54 (16237 positions): emitted 23967 radix nodes  (cum total 1446909, max_ep_depth=16, 0.9s)
[radix-corpus] subtree char=55 (1297 positions): emitted 1870 radix nodes  (cum total 1448779, max_ep_depth=16, 0.9s)
[radix-corpus] subtree char=56 (58073 positions): emitted 84951 radix nodes  (cum total 1533730, max_ep_depth=16, 1.1s)
[radix-corpus] subtree char=57 (63500 positions): emitted 92928 radix nodes  (cum total 1626658, max_ep_depth=16, 1.1s)
[radix-corpus] subtree char=58 (88739 positions): emitted 128476 radix nodes  (cum total 1755134, max_ep_depth=16, 1.2s)
[radix-corpus] subtree char=59 (28304 positions): emitted 41421 radix nodes  (cum total 1796555, max_ep_depth=16, 1.2s)
[radix-corpus] subtree char=60 (9907 positions): emitted 14597 radix nodes  (cum total 1811152, max_ep_depth=16, 1.2s)
[radix-corpus] subtree char=61 (22010 positions): emitted 32000 radix nodes  (cum total 1843152, max_ep_depth=16, 1.2s)
[radix-corpus] subtree char=62 (1329 positions): emitted 2001 radix nodes  (cum total 1845153, max_ep_depth=16, 1.2s)
[radix-corpus] subtree char=63 (20793 positions): emitted 30654 radix nodes  (cum total 1875807, max_ep_depth=16, 1.2s)
[radix-corpus] subtree char=64 (1237 positions): emitted 1711 radix nodes  (cum total 1877518, max_ep_depth=16, 1.2s)
[radix-corpus] done: 1877518 radix nodes, 10292000 total edge chars, 17 endpoint depths, 1.23s
  radix_count:        1877518
  total_edge_chars:   10292000
  max_endpoint_depth: 16
