AGPT CUDA Training Engine
  Model: d=64 heads=4 layers=2 ff=256 vocab=65 seq=32 head_dim=16
  Loaded 108481 weight floats (423.8 KB)
  Loaded optimizer state from checkpoint (adam_t=28725)
  LR schedule horizon: 500 total SE (override; this call runs 5 SE)
Loading radix trie from /tmp/shake_ms_n100_se5_90pct_d16_radix...
  Radix trie: 6390189 nodes, 31628171 total edge chars, 17 endpoint depths
  Radix loaded: 10729555 counts entries, 56491024 ancestor char entries
  d_split: 4134399/6390189 nodes have a mass=1 ancestor (mean depth 10.40)
  lr-schedule: warmup-cosine (peak=0.003, warmup_epochs=1)
  optimizer: rmsprop (lr=0.003)
  entropy lambda: 1.000 (branching-endpoint icing enabled)
  mass weighting: log (head-of-edge count restores corpus-frequency exposure)
  curriculum: flat (d=max each epoch)
  max edge_len: 15, max ancestor chars: 15, max KV per node: 30, max endpoint depth: 16
  mass=1 compaction: 27268098 / 31628171 chars are mass=1 (86.2%); cache holds 4360073 positions
  loop points: 137956 (mass>1 leaves; 6.1% of 2255789 mass>1 nodes)
  KV cache: 2232.4 MB unified memory (bf16 compact)
  GPU memory: 3069.4 MB used, 5117.4 MB free, 8186.8 MB total
  65 root-child subtrees: sizes min=3 max=1012319 avg=98310.6 (total=6390188 radix nodes)
Epoch 1: loss=1.543984  (19.96 sec, 65 subtrees, 672 chunks, 31628171 nodes)
  residual top-10 (subtree_mass × max(avg_loss − 1.544, 0)):
    rc   rootID   mass      avg_loss     score 
    1    125100   7371140   1.5553       83640.2
    5    1145093  303711    1.5867       12980.7
    7    1289508  75324     1.6473       7783.2
    13   1378885  57015     1.6719       7293.4
    32   1483088  70131     1.6453       7102.1
    6    1193722  684258    1.5540       6848.3
    44   2921221  645624    1.5541       6556.5
    25   1454041  53707     1.6629       6389.0
    15   1395575  32172     1.7381       6244.1
    28   1467917  37049     1.7000       5779.6
    top-10: 23.0% of mass, 70.4% of excess-loss
Epoch 2: loss=1.543868  (19.52 sec, 65 subtrees, 672 chunks, 31628171 nodes)
  residual top-10 (subtree_mass × max(avg_loss − 1.544, 0)):
    rc   rootID   mass      avg_loss     score 
    1    125100   7371140   1.5553       84041.8
    5    1145093  303711    1.5862       12856.3
    7    1289508  75324     1.6475       7809.2
    13   1378885  57015     1.6724       7326.7
    32   1483088  70131     1.6449       7088.6
    6    1193722  684258    1.5539       6868.2
    25   1454041  53707     1.6615       6319.1
    15   1395575  32172     1.7399       6305.8
    44   2921221  645624    1.5533       6087.4
    28   1467917  37049     1.7007       5809.7
    top-10: 23.0% of mass, 70.5% of excess-loss
Epoch 3: loss=1.543738  (19.54 sec, 65 subtrees, 672 chunks, 31628171 nodes)
  residual top-10 (subtree_mass × max(avg_loss − 1.544, 0)):
    rc   rootID   mass      avg_loss     score 
    1    125100   7371140   1.5551       83974.2
    5    1145093  303711    1.5853       12630.6
    7    1289508  75324     1.6484       7886.0
    13   1378885  57015     1.6717       7297.2
    32   1483088  70131     1.6453       7119.8
    6    1193722  684258    1.5536       6743.8
    25   1454041  53707     1.6609       6294.2
    15   1395575  32172     1.7382       6257.8
    44   2921221  645624    1.5534       6232.4
    28   1467917  37049     1.7006       5811.5
    top-10: 23.0% of mass, 70.6% of excess-loss
Epoch 4: loss=1.543612  (19.54 sec, 65 subtrees, 672 chunks, 31628171 nodes)
  residual top-10 (subtree_mass × max(avg_loss − 1.544, 0)):
    rc   rootID   mass      avg_loss     score 
    1    125100   7371140   1.5551       84488.8
    5    1145093  303711    1.5852       12626.4
    7    1289508  75324     1.6471       7791.9
    13   1378885  57015     1.6726       7351.5
    32   1483088  70131     1.6448       7095.3
    6    1193722  684258    1.5536       6847.6
    25   1454041  53707     1.6618       6348.0
    15   1395575  32172     1.7407       6341.2
    44   2921221  645624    1.5532       6175.5
    28   1467917  37049     1.6998       5787.2
    top-10: 23.0% of mass, 70.6% of excess-loss
Epoch 5: loss=1.543468  (19.53 sec, 65 subtrees, 672 chunks, 31628171 nodes)
  residual top-10 (subtree_mass × max(avg_loss − 1.543, 0)):
    rc   rootID   mass      avg_loss     score 
    1    125100   7371140   1.5549       84533.9
    5    1145093  303711    1.5848       12565.6
    7    1289508  75324     1.6479       7865.8
    13   1378885  57015     1.6712       7285.1
    32   1483088  70131     1.6452       7134.4
    6    1193722  684258    1.5534       6773.1
    25   1454041  53707     1.6613       6326.3
    44   2921221  645624    1.5530       6168.3
    15   1395575  32172     1.7351       6164.7
    28   1467917  37049     1.7002       5807.2
    top-10: 23.0% of mass, 70.7% of excess-loss
Saved to /home/trans/Projects/agpt/rnd/streaming-agpt-v1/models/seed200_ms_n100_se5_stage90.model
Done.
  Appended optimizer state to /home/trans/Projects/agpt/rnd/streaming-agpt-v1/models/seed200_ms_n100_se5_stage90.model (adam_t=29050)
