Vocab source: /home/trans/Projects/agpt/data/input.txt → 65 unique chars
Test file: /home/trans/Projects/agpt/data/input.txt (1115394 bytes)
Auto-detected architecture from checkpoint: d_model=64, n_heads=4, n_layers=2, d_ff=256 (ckpt seq_len=32, eval seq_len=16)
Model loaded: /home/trans/Projects/agpt/rnd/streaming-agpt-v1/models/seed100_stream100x5_stage100.model (d_model=64, n_layers=2, vocab=65, seq_len=16)
Tokens: 1115394
  204/4096 (1487.6/s, ETA 3s)
  408/4096 (1366.7/s, ETA 3s)
  612/4096 (1326.5/s, ETA 3s)
  816/4096 (1347.8/s, ETA 2s)
  1020/4096 (1303.3/s, ETA 2s)
  1224/4096 (1241.7/s, ETA 2s)
  1428/4096 (1233.4/s, ETA 2s)
  1632/4096 (1242.6/s, ETA 2s)
  1836/4096 (1253.0/s, ETA 2s)
  2040/4096 (1264.3/s, ETA 2s)
  2244/4096 (1281.2/s, ETA 1s)
  2448/4096 (1281.8/s, ETA 1s)
  2652/4096 (1276.4/s, ETA 1s)
  2856/4096 (1287.1/s, ETA 1s)
  3060/4096 (1294.4/s, ETA 1s)
  3264/4096 (1298.0/s, ETA 1s)
  3468/4096 (1307.7/s, ETA 0s)
  3672/4096 (1295.6/s, ETA 0s)
  3876/4096 (1285.4/s, ETA 0s)
  4080/4096 (1279.2/s, ETA 0s)

Positions scored:  4096
Mean per-token NLL: 1.435538 nats
Perplexity:         4.2019
Bits per character: 2.0710 bpc
Elapsed:            3.2s (1283.0 pos/sec)
