AGPT CUDA Training Engine
  Model: d=64 heads=4 layers=2 ff=256 vocab=65 seq=32 head_dim=16
  Loaded 108481 weight floats (423.8 KB)
  Loaded optimizer state from checkpoint (adam_t=26450)
  LR schedule horizon: 500 total SE (override; this call runs 5 SE)
Loading radix trie from /tmp/shake_ms_n100_se5_83pct_d16_radix...
  Radix trie: 5908127 nodes, 29498441 total edge chars, 17 endpoint depths
  Radix loaded: 9916032 counts entries, 51844100 ancestor char entries
  d_split: 3826275/5908127 nodes have a mass=1 ancestor (mean depth 10.34)
  lr-schedule: warmup-cosine (peak=0.003, warmup_epochs=1)
  optimizer: rmsprop (lr=0.003)
  entropy lambda: 1.000 (branching-endpoint icing enabled)
  mass weighting: log (head-of-edge count restores corpus-frequency exposure)
  curriculum: flat (d=max each epoch)
  max edge_len: 15, max ancestor chars: 15, max KV per node: 30, max endpoint depth: 16
  mass=1 compaction: 25476742 / 29498441 chars are mass=1 (86.4%); cache holds 4021699 positions
  loop points: 122798 (mass>1 leaves; 5.9% of 2081851 mass>1 nodes)
  KV cache: 2059.1 MB unified memory (bf16 compact)
  GPU memory: 3040.0 MB used, 5146.8 MB free, 8186.8 MB total
  65 root-child subtrees: sizes min=3 max=939053 avg=90894.2 (total=5908126 radix nodes)
Epoch 1: loss=1.571357  (18.38 sec, 65 subtrees, 629 chunks, 29498441 nodes)
  residual top-10 (subtree_mass × max(avg_loss − 1.571, 0)):
    rc   rootID   mass      avg_loss     score 
    1    115659   6770312   1.5814       67749.8
    59   5529883  750184    1.6073       26928.2
    5    1061625  276014    1.6158       12265.1
    44   2704626  590506    1.5850       8056.0
    7    1195584  72807     1.6716       7294.8
    25   1349240  51619     1.7032       6807.6
    6    1106182  635403    1.5818       6604.5
    32   1375863  63384     1.6699       6247.3
    15   1294237  30859     1.7688       6091.6
    13   1279169  50740     1.6889       5963.1
    top-10: 25.0% of mass, 72.5% of excess-loss
Epoch 2: loss=1.569775  (18.16 sec, 65 subtrees, 629 chunks, 29498441 nodes)
  residual top-10 (subtree_mass × max(avg_loss − 1.570, 0)):
    rc   rootID   mass      avg_loss     score 
    1    115659   6770312   1.5819       82352.6
    5    1061625  276014    1.6151       12508.8
    44   2704626  590506    1.5840       8397.9
    6    1106182  635403    1.5820       7789.6
    7    1195584  72807     1.6719       7432.0
    39   1396551  2241257   1.5731       7347.4
    25   1349240  51619     1.7021       6829.6
    32   1375863  63384     1.6708       6405.2
    15   1294237  30859     1.7696       6167.0
    13   1279169  50740     1.6888       6039.7
    top-10: 29.0% of mass, 73.5% of excess-loss
Epoch 3: loss=1.569520  (18.17 sec, 65 subtrees, 629 chunks, 29498441 nodes)
  residual top-10 (subtree_mass × max(avg_loss − 1.570, 0)):
    rc   rootID   mass      avg_loss     score 
    1    115659   6770312   1.5807       75973.6
    5    1061625  276014    1.6138       12223.6
    44   2704626  590506    1.5836       8332.9
    6    1106182  635403    1.5814       7579.3
    7    1195584  72807     1.6712       7401.9
    25   1349240  51619     1.7022       6850.3
    39   1396551  2241257   1.5724       6520.4
    32   1375863  63384     1.6697       6352.9
    15   1294237  30859     1.7703       6197.0
    13   1279169  50740     1.6887       6046.8
    top-10: 29.0% of mass, 70.7% of excess-loss
Epoch 4: loss=1.571614  (18.18 sec, 65 subtrees, 629 chunks, 29498441 nodes)
  residual top-10 (subtree_mass × max(avg_loss − 1.572, 0)):
    rc   rootID   mass      avg_loss     score 
    1    115659   6770312   1.5805       59954.2
    59   5529883  750184    1.6328       45919.9
    58   5127795  2645818   1.5774       15265.4
    5    1061625  276014    1.6136       11597.8
    7    1195584  72807     1.6712       7249.2
    25   1349240  51619     1.7025       6757.6
    44   2704626  590506    1.5831       6754.7
    32   1375863  63384     1.6705       6269.5
    15   1294237  30859     1.7706       6139.2
    13   1279169  50740     1.6880       5903.6
    top-10: 30.4% of mass, 75.7% of excess-loss
Epoch 5: loss=1.568864  (18.18 sec, 65 subtrees, 629 chunks, 29498441 nodes)
  residual top-10 (subtree_mass × max(avg_loss − 1.569, 0)):
    rc   rootID   mass      avg_loss     score 
    1    115659   6770312   1.5807       80019.6
    5    1061625  276014    1.6119       11877.5
    44   2704626  590506    1.5831       8397.2
    7    1195584  72807     1.6706       7403.9
    6    1106182  635403    1.5804       7314.0
    25   1349240  51619     1.7005       6792.9
    39   1396551  2241257   1.5718       6624.2
    32   1375863  63384     1.6693       6363.2
    15   1294237  30859     1.7718       6261.2
    13   1279169  50740     1.6878       6033.8
    top-10: 29.0% of mass, 71.7% of excess-loss
Saved to /home/trans/Projects/agpt/rnd/streaming-agpt-v1/models/seed100_ms_n100_se5_stage83.model
Done.
  Appended optimizer state to /home/trans/Projects/agpt/rnd/streaming-agpt-v1/models/seed100_ms_n100_se5_stage83.model (adam_t=26775)
