[radix-corpus] corpus: /tmp/shake_ms_n100_se5_70pct.txt (3500000 tokens, vocab=65)
[radix-corpus] max_depth=16, output=/tmp/shake_ms_n100_se5_70pct_d16_radix
[radix-corpus] subtree char=0 (67762 positions): emitted 96701 radix nodes  (cum total 96702, max_ep_depth=16, 0.1s)
[radix-corpus] subtree char=1 (577085 positions): emitted 798769 radix nodes  (cum total 895471, max_ep_depth=16, 1.3s)
[radix-corpus] subtree char=2 (3972 positions): emitted 5642 radix nodes  (cum total 901113, max_ep_depth=16, 1.3s)
[radix-corpus] subtree char=3 (2 positions): emitted 3 radix nodes  (cum total 901116, max_ep_depth=16, 1.3s)
[radix-corpus] subtree char=4 (4 positions): emitted 5 radix nodes  (cum total 901121, max_ep_depth=16, 1.3s)
[radix-corpus] subtree char=5 (26328 positions): emitted 35675 radix nodes  (cum total 936796, max_ep_depth=16, 1.3s)
[radix-corpus] subtree char=6 (55917 positions): emitted 77159 radix nodes  (cum total 1013955, max_ep_depth=16, 1.4s)
[radix-corpus] subtree char=7 (10030 positions): emitted 14931 radix nodes  (cum total 1028886, max_ep_depth=16, 1.4s)
[radix-corpus] subtree char=8 (28049 positions): emitted 38771 radix nodes  (cum total 1067657, max_ep_depth=16, 1.4s)
[radix-corpus] subtree char=9 (113 positions): emitted 129 radix nodes  (cum total 1067786, max_ep_depth=16, 1.4s)
[radix-corpus] subtree char=10 (811 positions): emitted 1176 radix nodes  (cum total 1068962, max_ep_depth=16, 1.4s)
[radix-corpus] subtree char=11 (8006 positions): emitted 11560 radix nodes  (cum total 1080522, max_ep_depth=16, 1.4s)
[radix-corpus] subtree char=12 (3421 positions): emitted 4818 radix nodes  (cum total 1085340, max_ep_depth=16, 1.4s)
[radix-corpus] subtree char=13 (4785 positions): emitted 6759 radix nodes  (cum total 1092099, max_ep_depth=16, 1.4s)
[radix-corpus] subtree char=14 (3706 positions): emitted 5272 radix nodes  (cum total 1097371, max_ep_depth=16, 1.4s)
[radix-corpus] subtree char=15 (3140 positions): emitted 4045 radix nodes  (cum total 1101416, max_ep_depth=16, 1.4s)
[radix-corpus] subtree char=16 (2435 positions): emitted 3422 radix nodes  (cum total 1104838, max_ep_depth=16, 1.4s)
[radix-corpus] subtree char=17 (2295 positions): emitted 2891 radix nodes  (cum total 1107729, max_ep_depth=16, 1.4s)
[radix-corpus] subtree char=18 (1400 positions): emitted 1984 radix nodes  (cum total 1109713, max_ep_depth=16, 1.4s)
[radix-corpus] subtree char=19 (1235 positions): emitted 1715 radix nodes  (cum total 1111428, max_ep_depth=16, 1.4s)
[radix-corpus] subtree char=20 (4225 positions): emitted 5798 radix nodes  (cum total 1117226, max_ep_depth=16, 1.4s)
[radix-corpus] subtree char=21 (14925 positions): emitted 20307 radix nodes  (cum total 1137533, max_ep_depth=16, 1.5s)
[radix-corpus] subtree char=22 (1791 positions): emitted 2569 radix nodes  (cum total 1140102, max_ep_depth=16, 1.5s)
[radix-corpus] subtree char=23 (290 positions): emitted 400 radix nodes  (cum total 1140502, max_ep_depth=16, 1.5s)
[radix-corpus] subtree char=24 (2553 positions): emitted 3558 radix nodes  (cum total 1144060, max_ep_depth=16, 1.5s)
[radix-corpus] subtree char=25 (5485 positions): emitted 6493 radix nodes  (cum total 1150553, max_ep_depth=16, 1.5s)
[radix-corpus] subtree char=26 (1829 positions): emitted 2625 radix nodes  (cum total 1153178, max_ep_depth=16, 1.5s)
[radix-corpus] subtree char=27 (1384 positions): emitted 1959 radix nodes  (cum total 1155137, max_ep_depth=16, 1.5s)
[radix-corpus] subtree char=28 (2641 positions): emitted 3555 radix nodes  (cum total 1158692, max_ep_depth=16, 1.5s)
[radix-corpus] subtree char=29 (364 positions): emitted 503 radix nodes  (cum total 1159195, max_ep_depth=16, 1.5s)
[radix-corpus] subtree char=30 (1166 positions): emitted 1556 radix nodes  (cum total 1160751, max_ep_depth=16, 1.5s)
[radix-corpus] subtree char=31 (3822 positions): emitted 5451 radix nodes  (cum total 1166202, max_ep_depth=16, 1.5s)
[radix-corpus] subtree char=32 (5951 positions): emitted 8324 radix nodes  (cum total 1174526, max_ep_depth=16, 1.5s)
[radix-corpus] subtree char=33 (243 positions): emitted 315 radix nodes  (cum total 1174841, max_ep_depth=16, 1.5s)
[radix-corpus] subtree char=34 (381 positions): emitted 507 radix nodes  (cum total 1175348, max_ep_depth=16, 1.5s)
[radix-corpus] subtree char=35 (3694 positions): emitted 5162 radix nodes  (cum total 1180510, max_ep_depth=16, 1.5s)
[radix-corpus] subtree char=36 (341 positions): emitted 459 radix nodes  (cum total 1180969, max_ep_depth=16, 1.5s)
[radix-corpus] subtree char=37 (1396 positions): emitted 2039 radix nodes  (cum total 1183008, max_ep_depth=16, 1.5s)
[radix-corpus] subtree char=38 (21 positions): emitted 31 radix nodes  (cum total 1183039, max_ep_depth=16, 1.5s)
[radix-corpus] subtree char=39 (215221 positions): emitted 310779 radix nodes  (cum total 1493818, max_ep_depth=16, 1.7s)
[radix-corpus] subtree char=40 (40632 positions): emitted 58966 radix nodes  (cum total 1552784, max_ep_depth=16, 1.8s)
[radix-corpus] subtree char=41 (61047 positions): emitted 88043 radix nodes  (cum total 1640827, max_ep_depth=16, 1.8s)
[radix-corpus] subtree char=42 (115869 positions): emitted 167691 radix nodes  (cum total 1808518, max_ep_depth=16, 2.0s)
[radix-corpus] subtree char=43 (334577 positions): emitted 483706 radix nodes  (cum total 2292224, max_ep_depth=16, 2.5s)
[radix-corpus] subtree char=44 (57921 positions): emitted 83949 radix nodes  (cum total 2376173, max_ep_depth=16, 2.5s)
[radix-corpus] subtree char=45 (55702 positions): emitted 81545 radix nodes  (cum total 2457718, max_ep_depth=16, 2.6s)
[radix-corpus] subtree char=46 (171665 positions): emitted 245310 radix nodes  (cum total 2703028, max_ep_depth=16, 2.8s)
[radix-corpus] subtree char=47 (175103 positions): emitted 252003 radix nodes  (cum total 2955031, max_ep_depth=16, 3.0s)
[radix-corpus] subtree char=48 (2172 positions): emitted 3202 radix nodes  (cum total 2958233, max_ep_depth=16, 3.0s)
[radix-corpus] subtree char=49 (21891 positions): emitted 31759 radix nodes  (cum total 2989992, max_ep_depth=16, 3.0s)
[radix-corpus] subtree char=50 (107447 positions): emitted 156638 radix nodes  (cum total 3146630, max_ep_depth=16, 3.1s)
[radix-corpus] subtree char=51 (66660 positions): emitted 96954 radix nodes  (cum total 3243584, max_ep_depth=16, 3.2s)
[radix-corpus] subtree char=52 (187552 positions): emitted 272234 radix nodes  (cum total 3515818, max_ep_depth=16, 3.4s)
[radix-corpus] subtree char=53 (203627 positions): emitted 294294 radix nodes  (cum total 3810112, max_ep_depth=16, 3.7s)
[radix-corpus] subtree char=54 (43700 positions): emitted 63382 radix nodes  (cum total 3873494, max_ep_depth=16, 3.7s)
[radix-corpus] subtree char=55 (3069 positions): emitted 4350 radix nodes  (cum total 3877844, max_ep_depth=16, 3.7s)
[radix-corpus] subtree char=56 (154178 positions): emitted 224079 radix nodes  (cum total 4101923, max_ep_depth=16, 3.9s)
[radix-corpus] subtree char=57 (168900 positions): emitted 244515 radix nodes  (cum total 4346438, max_ep_depth=16, 4.1s)
[radix-corpus] subtree char=58 (239324 positions): emitted 342067 radix nodes  (cum total 4688505, max_ep_depth=16, 4.4s)
[radix-corpus] subtree char=59 (75935 positions): emitted 109995 radix nodes  (cum total 4798500, max_ep_depth=16, 4.5s)
[radix-corpus] subtree char=60 (24815 positions): emitted 36077 radix nodes  (cum total 4834577, max_ep_depth=16, 4.5s)
[radix-corpus] subtree char=61 (61122 positions): emitted 87842 radix nodes  (cum total 4922419, max_ep_depth=16, 4.5s)
[radix-corpus] subtree char=62 (3342 positions): emitted 4941 radix nodes  (cum total 4927360, max_ep_depth=16, 4.5s)
[radix-corpus] subtree char=63 (53597 positions): emitted 78582 radix nodes  (cum total 5005942, max_ep_depth=16, 4.6s)
[radix-corpus] subtree char=64 (1934 positions): emitted 2722 radix nodes  (cum total 5008664, max_ep_depth=16, 4.6s)
[radix-corpus] done: 5008664 radix nodes, 25414699 total edge chars, 17 endpoint depths, 4.57s
  radix_count:        5008664
  total_edge_chars:   25414699
  max_endpoint_depth: 16
