AGPT CUDA Training Engine
  Model: d=64 heads=4 layers=2 ff=256 vocab=65 seq=32 head_dim=16
  Loaded 108481 weight floats (423.8 KB)
  Loaded optimizer state from checkpoint (adam_t=25475)
  LR schedule horizon: 500 total SE (override; this call runs 5 SE)
Loading radix trie from /tmp/shake_ms_n100_se5_80pct_d16_radix...
  Radix trie: 5698687 nodes, 28532480 total edge chars, 17 endpoint depths
  Radix loaded: 9563257 counts entries, 49884919 ancestor char entries
  d_split: 3691541/5698687 nodes have a mass=1 ancestor (mean depth 10.32)
  lr-schedule: warmup-cosine (peak=0.003, warmup_epochs=1)
  optimizer: rmsprop (lr=0.003)
  entropy lambda: 1.000 (branching-endpoint icing enabled)
  mass weighting: log (head-of-edge count restores corpus-frequency exposure)
  curriculum: flat (d=max each epoch)
  max edge_len: 15, max ancestor chars: 15, max KV per node: 30, max endpoint depth: 16
  mass=1 compaction: 24654397 / 28532480 chars are mass=1 (86.4%); cache holds 3878083 positions
  loop points: 117169 (mass>1 leaves; 5.8% of 2007145 mass>1 nodes)
  KV cache: 1985.6 MB unified memory (bf16 compact)
  GPU memory: 3029.5 MB used, 5157.3 MB free, 8186.8 MB total
  65 root-child subtrees: sizes min=3 max=907336 avg=87672.1 (total=5698686 radix nodes)
Epoch 1: loss=1.572683  (17.76 sec, 65 subtrees, 610 chunks, 28532480 nodes)
  residual top-10 (subtree_mass × max(avg_loss − 1.573, 0)):
    rc   rootID   mass      avg_loss     score 
    59   5333482  722208    1.6945       87948.6
    1    111161   6518983   1.5779       34237.7
    58   4945605  2544196   1.5858       33437.5
    54   4336715  417918    1.6053       13615.1
    5    1024991  260173    1.6099       9684.5
    7    1153832  72004     1.6709       7075.5
    44   2609510  565565    1.5839       6336.6
    25   1302374  50989     1.6960       6289.7
    15   1248993  30187     1.7633       5755.3
    32   1328089  60054     1.6648       5532.1
    top-10: 31.4% of mass, 80.4% of excess-loss
Epoch 2: loss=1.566916  (17.54 sec, 65 subtrees, 610 chunks, 28532480 nodes)
  residual top-10 (subtree_mass × max(avg_loss − 1.567, 0)):
    rc   rootID   mass      avg_loss     score 
    1    111161   6518983   1.5782       73497.4
    5    1024991  260173    1.6086       10855.8
    59   5333482  722208    1.5813       10379.0
    39   1347734  2157712   1.5712       9139.7
    44   2609510  565565    1.5811       8018.0
    6    1067164  614961    1.5792       7540.4
    7    1153832  72004     1.6708       7481.3
    25   1302374  50989     1.6951       6536.1
    15   1248993  30187     1.7598       5823.1
    32   1328089  60054     1.6635       5802.3
    top-10: 30.9% of mass, 72.3% of excess-loss
Epoch 3: loss=1.565918  (17.55 sec, 65 subtrees, 610 chunks, 28532480 nodes)
  residual top-10 (subtree_mass × max(avg_loss − 1.566, 0)):
    rc   rootID   mass      avg_loss     score 
    1    111161   6518983   1.5770       72558.5
    5    1024991  260173    1.6073       10779.3
    39   1347734  2157712   1.5704       9744.9
    44   2609510  565565    1.5817       8908.7
    6    1067164  614961    1.5782       7571.3
    7    1153832  72004     1.6700       7491.8
    25   1302374  50989     1.6950       6581.0
    32   1328089  60054     1.6641       5897.4
    15   1248993  30187     1.7602       5864.6
    13   1234770  47535     1.6836       5593.0
    top-10: 29.0% of mass, 71.9% of excess-loss
Epoch 4: loss=1.566071  (17.55 sec, 65 subtrees, 610 chunks, 28532480 nodes)
  residual top-10 (subtree_mass × max(avg_loss − 1.566, 0)):
    rc   rootID   mass      avg_loss     score 
    1    111161   6518983   1.5766       68946.2
    5    1024991  260173    1.6101       11449.9
    39   1347734  2157712   1.5706       9668.0
    44   2609510  565565    1.5806       8231.1
    6    1067164  614961    1.5793       8141.8
    7    1153832  72004     1.6709       7544.8
    59   5333482  722208    1.5765       7499.7
    25   1302374  50989     1.6957       6610.9
    15   1248993  30187     1.7642       5982.3
    32   1328089  60054     1.6629       5816.3
    top-10: 30.9% of mass, 71.3% of excess-loss
Epoch 5: loss=1.567917  (17.57 sec, 65 subtrees, 610 chunks, 28532480 nodes)
  residual top-10 (subtree_mass × max(avg_loss − 1.568, 0)):
    rc   rootID   mass      avg_loss     score 
    1    111161   6518983   1.5766       56764.4
    59   5333482  722208    1.6201       37683.8
    5    1024991  260173    1.6077       10356.9
    44   2609510  565565    1.5832       8652.9
    7    1153832  72004     1.6708       7409.8
    58   4945605  2544196   1.5707       7114.7
    6    1067164  614961    1.5793       7003.2
    25   1302374  50989     1.6933       6393.0
    15   1248993  30187     1.7613       5838.5
    39   1347734  2157712   1.5706       5792.3
    top-10: 37.8% of mass, 72.5% of excess-loss
Saved to /home/trans/Projects/agpt/rnd/streaming-agpt-v1/models/seed100_ms_n100_se5_stage80.model
Done.
  Appended optimizer state to /home/trans/Projects/agpt/rnd/streaming-agpt-v1/models/seed100_ms_n100_se5_stage80.model (adam_t=25800)
