AGPT CUDA Training Engine
  Model: d=64 heads=4 layers=2 ff=256 vocab=65 seq=32 head_dim=16
  Loaded 108481 weight floats (423.8 KB)
  Loaded optimizer state from checkpoint (adam_t=18000)
  LR schedule horizon: 500 total SE (override; this call runs 5 SE)
Loading radix trie from /tmp/shake_ms_n100_se5_57pct_d16_radix...
  Radix trie: 4098327 nodes, 21280789 total edge chars, 17 endpoint depths
  Radix loaded: 6868948 counts entries, 34746383 ancestor char entries
  d_split: 2665959/4098327 nodes have a mass=1 ancestor (mean depth 10.05)
  lr-schedule: warmup-cosine (peak=0.003, warmup_epochs=1)
  optimizer: rmsprop (lr=0.003)
  entropy lambda: 1.000 (branching-endpoint icing enabled)
  mass weighting: log (head-of-edge count restores corpus-frequency exposure)
  curriculum: flat (d=max each epoch)
  max edge_len: 15, max ancestor chars: 15, max KV per node: 30, max endpoint depth: 16
  mass=1 compaction: 18515104 / 21280789 chars are mass=1 (87.0%); cache holds 2765685 positions
  loop points: 71919 (mass>1 leaves; 5.0% of 1432367 mass>1 nodes)
  KV cache: 1416.0 MB unified memory (bf16 compact)
  GPU memory: 2941.5 MB used, 5245.4 MB free, 8186.8 MB total
  65 root-child subtrees: sizes min=3 max=651812 avg=63051.2 (total=4098326 radix nodes)
Epoch 1: loss=1.556239  (13.34 sec, 65 subtrees, 466 chunks, 21280788 nodes)
  residual top-10 (subtree_mass × max(avg_loss − 1.556, 0)):
    rc   rootID   mass      avg_loss     score 
    59   3837547  499422    1.6737       58679.9
    1    78265    4492400   1.5647       37910.9
    44   1867919  403497    1.6026       18722.8
    39   960246   1484031   1.5682       17816.5
    5    734828   152101    1.6542       14900.1
    6    761279   423628    1.5891       13907.3
    40   1213380  270834    1.6015       12259.8
    54   3111655  292400    1.5819       7508.6
    60   3927331  169113    1.6001       7418.0
    7    823905   54775     1.6746       6484.7
    top-10: 33.3% of mass, 80.0% of excess-loss
Epoch 2: loss=1.560768  (13.04 sec, 65 subtrees, 466 chunks, 21280788 nodes)
  residual top-10 (subtree_mass × max(avg_loss − 1.561, 0)):
    rc   rootID   mass      avg_loss     score 
    59   3837547  499422    1.8920       165440.3
    58   3556503  1774595   1.5819       37455.4
    60   3927331  169113    1.6938       22494.6
    54   3111655  292400    1.6366       22178.0
    61   3957098  429387    1.6024       17889.1
    40   1213380  270834    1.6021       11183.1
    5    734828   152101    1.6246       9715.7
    44   1867919  403497    1.5773       6673.9
    7    823905   54775     1.6564       5237.9
    15   892902   21772     1.7344       3780.3
    top-10: 16.4% of mass, 87.6% of excess-loss
Epoch 3: loss=1.544405  (13.04 sec, 65 subtrees, 466 chunks, 21280789 nodes)
  residual top-10 (subtree_mass × max(avg_loss − 1.544, 0)):
    rc   rootID   mass      avg_loss     score 
    1    78265    4492400   1.5586       63943.7
    59   3837547  499422    1.6191       37286.9
    39   960246   1484031   1.5561       17396.3
    5    734828   152101    1.6283       12755.5
    6    761279   423628    1.5684       10151.2
    40   1213380  270834    1.5802       9696.2
    44   1867919  403497    1.5660       8702.0
    7    823905   54775     1.6570       6168.3
    49   2417573  132599    1.5754       4103.6
    32   946676   40729     1.6423       3987.4
    top-10: 32.1% of mass, 79.5% of excess-loss
Epoch 4: loss=1.549598  (13.05 sec, 65 subtrees, 466 chunks, 21280787 nodes)
  residual top-10 (subtree_mass × max(avg_loss − 1.550, 0)):
    rc   rootID   mass      avg_loss     score 
    59   3837547  499422    1.7570       103583.8
    58   3556503  1774595   1.5650       27363.4
    54   3111655  292400    1.6393       26241.6
    5    734828   152101    1.6176       10347.0
    60   3927331  169113    1.6028       9005.4
    40   1213380  270834    1.5777       7600.6
    61   3957098  429387    1.5665       7265.9
    44   1867919  403497    1.5652       6275.0
    7    823905   54775     1.6523       5622.9
    6    761279   423628    1.5599       4363.0
    top-10: 18.1% of mass, 81.5% of excess-loss
Epoch 5: loss=1.562713  (13.03 sec, 65 subtrees, 466 chunks, 21280788 nodes)
  residual top-10 (subtree_mass × max(avg_loss − 1.563, 0)):
    rc   rootID   mass      avg_loss     score 
    58   3556503  1774595   1.6361       130303.7
    59   3837547  499422    1.7982       117624.0
    61   3957098  429387    1.6061       18633.4
    60   3927331  169113    1.6622       16818.7
    54   3111655  292400    1.5999       10881.3
    5    734828   152101    1.6312       10417.0
    40   1213380  270834    1.5863       6381.9
    7    823905   54775     1.6611       5390.4
    6    761279   423628    1.5730       4339.5
    15   892902   21772     1.7373       3802.1
    top-10: 16.5% of mass, 88.0% of excess-loss
Saved to /home/trans/Projects/agpt/rnd/streaming-agpt-v1/models/seed300_ms_n100_se5_stage57.model
Done.
  Appended optimizer state to /home/trans/Projects/agpt/rnd/streaming-agpt-v1/models/seed300_ms_n100_se5_stage57.model (adam_t=18325)
