AGPT CUDA Training Engine
  Model: d=64 heads=4 layers=2 ff=256 vocab=65 seq=32 head_dim=16
  Loaded 108481 weight floats (423.8 KB)
  Loaded optimizer state from checkpoint (adam_t=30025)
  LR schedule horizon: 500 total SE (override; this call runs 5 SE)
Loading radix trie from /tmp/shake_ms_n100_se5_94pct_d16_radix...
  Radix trie: 6664541 nodes, 32833093 total edge chars, 17 endpoint depths
  Radix loaded: 11192776 counts entries, 59145263 ancestor char entries
  d_split: 4309374/6664541 nodes have a mass=1 ancestor (mean depth 10.44)
  lr-schedule: warmup-cosine (peak=0.003, warmup_epochs=1)
  optimizer: rmsprop (lr=0.003)
  entropy lambda: 1.000 (branching-endpoint icing enabled)
  mass weighting: log (head-of-edge count restores corpus-frequency exposure)
  curriculum: flat (d=max each epoch)
  max edge_len: 15, max ancestor chars: 15, max KV per node: 30, max endpoint depth: 16
  mass=1 compaction: 28280200 / 32833093 chars are mass=1 (86.1%); cache holds 4552893 positions
  loop points: 146983 (mass>1 leaves; 6.2% of 2355166 mass>1 nodes)
  KV cache: 2331.1 MB unified memory (bf16 compact)
  GPU memory: 3082.0 MB used, 5104.9 MB free, 8186.8 MB total
  65 root-child subtrees: sizes min=3 max=1054580 avg=102531.4 (total=6664540 radix nodes)
Epoch 1: loss=1.544109  (20.46 sec, 65 subtrees, 690 chunks, 32833093 nodes)
  residual top-10 (subtree_mass × max(avg_loss − 1.544, 0)):
    rc   rootID   mass      avg_loss     score 
    1    130639   7721284   1.5564       94611.3
    5    1193178  321298    1.5829       12450.3
    7    1343603  76991     1.6482       8011.7
    32   1545394  73183     1.6522       7908.9
    13   1436572  60916     1.6676       7524.5
    25   1514579  55306     1.6634       6597.2
    28   1529164  42247     1.6995       6566.0
    44   3045160  675881    1.5538       6552.6
    15   1454067  32853     1.7378       6364.3
    46   3265283  2163877   1.5469       5933.4
    top-10: 26.3% of mass, 71.5% of excess-loss
Epoch 2: loss=1.544070  (20.29 sec, 65 subtrees, 690 chunks, 32833093 nodes)
  residual top-10 (subtree_mass × max(avg_loss − 1.544, 0)):
    rc   rootID   mass      avg_loss     score 
    1    130639   7721284   1.5563       94110.8
    5    1193178  321298    1.5823       12279.0
    7    1343603  76991     1.6483       8021.9
    32   1545394  73183     1.6519       7889.4
    13   1436572  60916     1.6693       7629.9
    25   1514579  55306     1.6634       6601.1
    28   1529164  42247     1.6989       6541.5
    44   3045160  675881    1.5537       6503.6
    15   1454067  32853     1.7384       6385.1
    46   3265283  2163877   1.5470       6296.9
    top-10: 26.3% of mass, 71.4% of excess-loss
Epoch 3: loss=1.543944  (20.28 sec, 65 subtrees, 690 chunks, 32833093 nodes)
  residual top-10 (subtree_mass × max(avg_loss − 1.544, 0)):
    rc   rootID   mass      avg_loss     score 
    1    130639   7721284   1.5562       94473.6
    5    1193178  321298    1.5820       12223.5
    7    1343603  76991     1.6484       8041.8
    32   1545394  73183     1.6513       7855.1
    13   1436572  60916     1.6679       7551.1
    25   1514579  55306     1.6631       6589.5
    44   3045160  675881    1.5537       6568.3
    28   1529164  42247     1.6980       6509.8
    15   1454067  32853     1.7388       6402.0
    46   3265283  2163877   1.5467       6064.6
    top-10: 26.3% of mass, 71.4% of excess-loss
Epoch 4: loss=1.543902  (20.30 sec, 65 subtrees, 690 chunks, 32833093 nodes)
  residual top-10 (subtree_mass × max(avg_loss − 1.544, 0)):
    rc   rootID   mass      avg_loss     score 
    1    130639   7721284   1.5562       94706.6
    5    1193178  321298    1.5819       12208.3
    7    1343603  76991     1.6483       8041.5
    32   1545394  73183     1.6517       7886.2
    13   1436572  60916     1.6682       7572.7
    28   1529164  42247     1.7004       6609.9
    44   3045160  675881    1.5537       6593.2
    25   1514579  55306     1.6629       6579.2
    15   1454067  32853     1.7366       6330.2
    46   3265283  2163877   1.5467       6072.2
    top-10: 26.3% of mass, 71.6% of excess-loss
Epoch 5: loss=1.543860  (20.29 sec, 65 subtrees, 690 chunks, 32833093 nodes)
  residual top-10 (subtree_mass × max(avg_loss − 1.544, 0)):
    rc   rootID   mass      avg_loss     score 
    1    130639   7721284   1.5562       94911.4
    5    1193178  321298    1.5815       12078.3
    7    1343603  76991     1.6479       8013.5
    32   1545394  73183     1.6516       7888.1
    13   1436572  60916     1.6686       7595.7
    25   1514579  55306     1.6648       6689.8
    44   3045160  675881    1.5536       6608.3
    28   1529164  42247     1.6998       6589.0
    15   1454067  32853     1.7399       6440.5
    46   3265283  2163877   1.5467       6040.4
    top-10: 26.3% of mass, 71.5% of excess-loss
Saved to /home/trans/Projects/agpt/rnd/streaming-agpt-v1/models/seed200_ms_n100_se5_stage94.model
Done.
  Appended optimizer state to /home/trans/Projects/agpt/rnd/streaming-agpt-v1/models/seed200_ms_n100_se5_stage94.model (adam_t=30350)
