AGPT CUDA Training Engine
  Model: d=64 heads=4 layers=2 ff=256 vocab=65 seq=32 head_dim=16
  Loaded 108481 weight floats (423.8 KB)
  Loaded optimizer state from checkpoint (adam_t=31650)
  LR schedule horizon: 500 total SE (override; this call runs 5 SE)
Loading radix trie from /tmp/shake_ms_n100_se5_99pct_d16_radix...
  Radix trie: 7004402 nodes, 34314161 total edge chars, 17 endpoint depths
  Radix loaded: 11767342 counts entries, 62453342 ancestor char entries
  d_split: 4525645/7004402 nodes have a mass=1 ancestor (mean depth 10.48)
  lr-schedule: warmup-cosine (peak=0.003, warmup_epochs=1)
  optimizer: rmsprop (lr=0.003)
  entropy lambda: 1.000 (branching-endpoint icing enabled)
  mass weighting: log (head-of-edge count restores corpus-frequency exposure)
  curriculum: flat (d=max each epoch)
  max edge_len: 15, max ancestor chars: 15, max KV per node: 30, max endpoint depth: 16
  mass=1 compaction: 29520704 / 34314161 chars are mass=1 (86.0%); cache holds 4793457 positions
  loop points: 158865 (mass>1 leaves; 6.4% of 2478756 mass>1 nodes)
  KV cache: 2454.2 MB unified memory (bf16 compact)
  GPU memory: 3100.8 MB used, 5086.0 MB free, 8186.8 MB total
  65 root-child subtrees: sizes min=3 max=1105872 avg=107760.0 (total=7004401 radix nodes)
Epoch 1: loss=1.570785  (21.72 sec, 65 subtrees, 725 chunks, 34314161 nodes)
  residual top-10 (subtree_mass × max(avg_loss − 1.571, 0)):
    rc   rootID   mass      avg_loss     score 
    1    137380   8156531   1.5832       101207.3
    5    1251529  339313    1.6090       12965.9
    25   1587716  56795     1.7260       8815.8
    32   1620595  77238     1.6766       8173.6
    7    1408735  79136     1.6736       8136.7
    44   3198268  715727    1.5818       7851.1
    28   1603133  47458     1.7330       7697.6
    15   1524758  34217     1.7937       7627.2
    13   1506007  66781     1.6847       7604.2
    46   3429711  2289296   1.5738       6919.3
    top-10: 26.3% of mass, 72.6% of excess-loss
Epoch 2: loss=1.570776  (21.26 sec, 65 subtrees, 725 chunks, 34314161 nodes)
  residual top-10 (subtree_mass × max(avg_loss − 1.571, 0)):
    rc   rootID   mass      avg_loss     score 
    1    137380   8156531   1.5832       101543.5
    5    1251529  339313    1.6091       13016.8
    25   1587716  56795     1.7253       8776.5
    7    1408735  79136     1.6740       8165.2
    32   1620595  77238     1.6763       8148.0
    44   3198268  715727    1.5816       7771.3
    28   1603133  47458     1.7333       7711.4
    15   1524758  34217     1.7944       7653.2
    13   1506007  66781     1.6849       7621.1
    46   3429711  2289296   1.5740       7324.4
    top-10: 26.3% of mass, 72.6% of excess-loss
Epoch 3: loss=1.570744  (21.27 sec, 65 subtrees, 725 chunks, 34314161 nodes)
  residual top-10 (subtree_mass × max(avg_loss − 1.571, 0)):
    rc   rootID   mass      avg_loss     score 
    1    137380   8156531   1.5832       101533.5
    5    1251529  339313    1.6088       12897.6
    25   1587716  56795     1.7268       8864.6
    32   1620595  77238     1.6758       8110.9
    7    1408735  79136     1.6731       8100.7
    28   1603133  47458     1.7330       7701.7
    44   3198268  715727    1.5815       7667.0
    15   1524758  34217     1.7923       7582.3
    13   1506007  66781     1.6832       7507.0
    46   3429711  2289296   1.5738       7005.9
    top-10: 26.3% of mass, 72.4% of excess-loss
Epoch 4: loss=1.570763  (21.27 sec, 65 subtrees, 725 chunks, 34314161 nodes)
  residual top-10 (subtree_mass × max(avg_loss − 1.571, 0)):
    rc   rootID   mass      avg_loss     score 
    1    137380   8156531   1.5832       101345.1
    5    1251529  339313    1.6092       13033.1
    25   1587716  56795     1.7254       8780.7
    7    1408735  79136     1.6738       8153.2
    32   1620595  77238     1.6760       8131.5
    28   1603133  47458     1.7344       7767.6
    15   1524758  34217     1.7955       7689.3
    44   3198268  715727    1.5814       7648.1
    13   1506007  66781     1.6826       7470.0
    46   3429711  2289296   1.5737       6688.5
    top-10: 26.3% of mass, 72.4% of excess-loss
Epoch 5: loss=1.570754  (21.27 sec, 65 subtrees, 725 chunks, 34314161 nodes)
  residual top-10 (subtree_mass × max(avg_loss − 1.571, 0)):
    rc   rootID   mass      avg_loss     score 
    1    137380   8156531   1.5833       101992.5
    5    1251529  339313    1.6089       12942.5
    25   1587716  56795     1.7249       8756.6
    32   1620595  77238     1.6760       8129.4
    7    1408735  79136     1.6734       8124.5
    44   3198268  715727    1.5816       7782.3
    28   1603133  47458     1.7338       7736.3
    15   1524758  34217     1.7934       7617.8
    13   1506007  66781     1.6831       7501.0
    46   3429711  2289296   1.5737       6809.0
    top-10: 26.3% of mass, 72.4% of excess-loss
Saved to /home/trans/Projects/agpt/rnd/streaming-agpt-v1/models/seed100_ms_n100_se5_stage99.model
Done.
  Appended optimizer state to /home/trans/Projects/agpt/rnd/streaming-agpt-v1/models/seed100_ms_n100_se5_stage99.model (adam_t=31975)
