AGPT CUDA Training Engine
  Model: d=64 heads=4 layers=2 ff=256 vocab=65 seq=32 head_dim=16
  Loaded 108481 weight floats (423.8 KB)
  Loaded optimizer state from checkpoint (adam_t=18000)
  LR schedule horizon: 500 total SE (override; this call runs 5 SE)
Loading radix trie from /tmp/shake_ms_n100_se5_57pct_d16_radix...
  Radix trie: 4098327 nodes, 21280789 total edge chars, 17 endpoint depths
  Radix loaded: 6868948 counts entries, 34746383 ancestor char entries
  d_split: 2665959/4098327 nodes have a mass=1 ancestor (mean depth 10.05)
  lr-schedule: warmup-cosine (peak=0.003, warmup_epochs=1)
  optimizer: rmsprop (lr=0.003)
  entropy lambda: 1.000 (branching-endpoint icing enabled)
  mass weighting: log (head-of-edge count restores corpus-frequency exposure)
  curriculum: flat (d=max each epoch)
  max edge_len: 15, max ancestor chars: 15, max KV per node: 30, max endpoint depth: 16
  mass=1 compaction: 18515104 / 21280789 chars are mass=1 (87.0%); cache holds 2765685 positions
  loop points: 71919 (mass>1 leaves; 5.0% of 1432367 mass>1 nodes)
  KV cache: 1416.0 MB unified memory (bf16 compact)
  GPU memory: 2941.5 MB used, 5245.4 MB free, 8186.8 MB total
  65 root-child subtrees: sizes min=3 max=651812 avg=63051.2 (total=4098326 radix nodes)
Epoch 1: loss=1.574519  (13.32 sec, 65 subtrees, 466 chunks, 21280789 nodes)
  residual top-10 (subtree_mass × max(avg_loss − 1.575, 0)):
    rc   rootID   mass      avg_loss     score 
    59   3837547  499422    1.8022       113705.2
    58   3556503  1774595   1.5912       29559.9
    54   3111655  292400    1.6261       15090.7
    44   1867919  403497    1.6035       11696.7
    5    734828   152101    1.6442       10591.6
    39   960246   1484031   1.5808       9358.4
    40   1213380  270834    1.6079       9045.2
    60   3927331  169113    1.6271       8885.6
    6    761279   423628    1.5882       5789.4
    7    823905   54775     1.6716       5317.8
    top-10: 22.3% of mass, 84.0% of excess-loss
Epoch 2: loss=1.573423  (13.03 sec, 65 subtrees, 466 chunks, 21280789 nodes)
  residual top-10 (subtree_mass × max(avg_loss − 1.573, 0)):
    rc   rootID   mass      avg_loss     score 
    59   3837547  499422    1.7922       109252.3
    58   3556503  1774595   1.5845       19656.4
    54   3111655  292400    1.6317       17033.0
    5    734828   152101    1.6419       10414.3
    39   960246   1484031   1.5804       10379.4
    40   1213380  270834    1.6075       9238.3
    1    78265    4492400   1.5755       9186.6
    60   3927331  169113    1.6246       8661.9
    44   1867919  403497    1.5917       7390.0
    6    761279   423628    1.5868       5665.8
    top-10: 40.3% of mass, 81.0% of excess-loss
Epoch 3: loss=1.586151  (13.04 sec, 65 subtrees, 466 chunks, 21280789 nodes)
  residual top-10 (subtree_mass × max(avg_loss − 1.586, 0)):
    rc   rootID   mass      avg_loss     score 
    59   3837547  499422    1.8064       110014.6
    44   1867919  403497    1.6437       23206.4
    47   2206885  1241890   1.6001       17353.4
    40   1213380  270834    1.6460       16202.3
    58   3556503  1774595   1.5949       15586.6
    39   960246   1484031   1.5950       13124.7
    54   3111655  292400    1.6253       11433.2
    60   3927331  169113    1.6498       10769.0
    5    734828   152101    1.6471       9269.5
    45   1937263  363823    1.6061       7260.0
    top-10: 26.9% of mass, 82.5% of excess-loss
Epoch 4: loss=1.566957  (13.04 sec, 65 subtrees, 466 chunks, 21280789 nodes)
  residual top-10 (subtree_mass × max(avg_loss − 1.567, 0)):
    rc   rootID   mass      avg_loss     score 
    59   3837547  499422    1.6588       45850.0
    1    78265    4492400   1.5767       43885.1
    39   960246   1484031   1.5795       18615.7
    5    734828   152101    1.6419       11404.5
    6    761279   423628    1.5882       9020.1
    44   1867919  403497    1.5887       8763.5
    40   1213380  270834    1.5963       7938.2
    54   3111655  292400    1.5885       6295.5
    7    823905   54775     1.6747       5902.2
    60   3927331  169113    1.5898       3869.5
    top-10: 33.3% of mass, 78.4% of excess-loss
Epoch 5: loss=1.566615  (13.04 sec, 65 subtrees, 466 chunks, 21280789 nodes)
  residual top-10 (subtree_mass × max(avg_loss − 1.567, 0)):
    rc   rootID   mass      avg_loss     score 
    59   3837547  499422    1.6562       44738.3
    39   960246   1484031   1.5833       24755.7
    1    78265    4492400   1.5707       18272.7
    6    761279   423628    1.5976       13129.6
    40   1213380  270834    1.6149       13089.9
    5    734828   152101    1.6480       12383.2
    44   1867919  403497    1.5965       12075.9
    7    823905   54775     1.6749       5928.9
    60   3927331  169113    1.5978       5270.1
    54   3111655  292400    1.5846       5251.9
    top-10: 33.3% of mass, 77.3% of excess-loss
Saved to /home/trans/Projects/agpt/rnd/streaming-agpt-v1/models/seed200_ms_n100_se5_stage57.model
Done.
  Appended optimizer state to /home/trans/Projects/agpt/rnd/streaming-agpt-v1/models/seed200_ms_n100_se5_stage57.model (adam_t=18325)
