[radix-corpus] corpus: /tmp/shake_ms_n100_se5_43pct.txt (2150000 tokens, vocab=65)
[radix-corpus] max_depth=16, output=/tmp/shake_ms_n100_se5_43pct_d16_radix
[radix-corpus] subtree char=0 (40082 positions): emitted 57386 radix nodes  (cum total 57387, max_ep_depth=16, 0.0s)
[radix-corpus] subtree char=1 (351902 positions): emitted 492982 radix nodes  (cum total 550369, max_ep_depth=16, 0.6s)
[radix-corpus] subtree char=2 (2397 positions): emitted 3468 radix nodes  (cum total 553837, max_ep_depth=16, 0.6s)
[radix-corpus] subtree char=3 (2 positions): emitted 3 radix nodes  (cum total 553840, max_ep_depth=16, 0.6s)
[radix-corpus] subtree char=4 (3 positions): emitted 4 radix nodes  (cum total 553844, max_ep_depth=16, 0.6s)
[radix-corpus] subtree char=5 (12407 positions): emitted 17271 radix nodes  (cum total 571115, max_ep_depth=16, 0.6s)
[radix-corpus] subtree char=6 (32637 positions): emitted 46113 radix nodes  (cum total 617228, max_ep_depth=16, 0.7s)
[radix-corpus] subtree char=7 (6376 positions): emitted 9507 radix nodes  (cum total 626735, max_ep_depth=16, 0.7s)
[radix-corpus] subtree char=8 (16178 positions): emitted 22395 radix nodes  (cum total 649130, max_ep_depth=16, 0.7s)
[radix-corpus] subtree char=9 (113 positions): emitted 129 radix nodes  (cum total 649259, max_ep_depth=16, 0.7s)
[radix-corpus] subtree char=10 (555 positions): emitted 804 radix nodes  (cum total 650063, max_ep_depth=16, 0.7s)
[radix-corpus] subtree char=11 (6162 positions): emitted 8876 radix nodes  (cum total 658939, max_ep_depth=16, 0.7s)
[radix-corpus] subtree char=12 (1760 positions): emitted 2569 radix nodes  (cum total 661508, max_ep_depth=16, 0.7s)
[radix-corpus] subtree char=13 (3227 positions): emitted 4475 radix nodes  (cum total 665983, max_ep_depth=16, 0.7s)
[radix-corpus] subtree char=14 (2605 positions): emitted 3712 radix nodes  (cum total 669695, max_ep_depth=16, 0.7s)
[radix-corpus] subtree char=15 (2124 positions): emitted 2612 radix nodes  (cum total 672307, max_ep_depth=16, 0.7s)
[radix-corpus] subtree char=16 (1393 positions): emitted 2037 radix nodes  (cum total 674344, max_ep_depth=16, 0.7s)
[radix-corpus] subtree char=17 (1649 positions): emitted 1970 radix nodes  (cum total 676314, max_ep_depth=16, 0.7s)
[radix-corpus] subtree char=18 (973 positions): emitted 1395 radix nodes  (cum total 677709, max_ep_depth=16, 0.7s)
[radix-corpus] subtree char=19 (819 positions): emitted 1131 radix nodes  (cum total 678840, max_ep_depth=16, 0.7s)
[radix-corpus] subtree char=20 (2357 positions): emitted 3166 radix nodes  (cum total 682006, max_ep_depth=16, 0.7s)
[radix-corpus] subtree char=21 (6727 positions): emitted 9163 radix nodes  (cum total 691169, max_ep_depth=16, 0.7s)
[radix-corpus] subtree char=22 (685 positions): emitted 985 radix nodes  (cum total 692154, max_ep_depth=16, 0.7s)
[radix-corpus] subtree char=23 (231 positions): emitted 315 radix nodes  (cum total 692469, max_ep_depth=16, 0.7s)
[radix-corpus] subtree char=24 (1710 positions): emitted 2342 radix nodes  (cum total 694811, max_ep_depth=16, 0.7s)
[radix-corpus] subtree char=25 (2873 positions): emitted 3660 radix nodes  (cum total 698471, max_ep_depth=16, 0.7s)
[radix-corpus] subtree char=26 (1164 positions): emitted 1659 radix nodes  (cum total 700130, max_ep_depth=16, 0.7s)
[radix-corpus] subtree char=27 (836 positions): emitted 1180 radix nodes  (cum total 701310, max_ep_depth=16, 0.7s)
[radix-corpus] subtree char=28 (1530 positions): emitted 2031 radix nodes  (cum total 703341, max_ep_depth=16, 0.7s)
[radix-corpus] subtree char=29 (327 positions): emitted 451 radix nodes  (cum total 703792, max_ep_depth=16, 0.7s)
[radix-corpus] subtree char=30 (899 positions): emitted 1165 radix nodes  (cum total 704957, max_ep_depth=16, 0.7s)
[radix-corpus] subtree char=31 (2631 positions): emitted 3779 radix nodes  (cum total 708736, max_ep_depth=16, 0.7s)
[radix-corpus] subtree char=32 (3700 positions): emitted 5153 radix nodes  (cum total 713889, max_ep_depth=16, 0.7s)
[radix-corpus] subtree char=33 (147 positions): emitted 212 radix nodes  (cum total 714101, max_ep_depth=16, 0.7s)
[radix-corpus] subtree char=34 (227 positions): emitted 289 radix nodes  (cum total 714390, max_ep_depth=16, 0.7s)
[radix-corpus] subtree char=35 (2063 positions): emitted 2906 radix nodes  (cum total 717296, max_ep_depth=16, 0.7s)
[radix-corpus] subtree char=36 (159 positions): emitted 183 radix nodes  (cum total 717479, max_ep_depth=16, 0.7s)
[radix-corpus] subtree char=37 (686 positions): emitted 1025 radix nodes  (cum total 718504, max_ep_depth=16, 0.7s)
[radix-corpus] subtree char=38 (20 positions): emitted 30 radix nodes  (cum total 718534, max_ep_depth=16, 0.7s)
[radix-corpus] subtree char=39 (131855 positions): emitted 191889 radix nodes  (cum total 910423, max_ep_depth=16, 0.9s)
[radix-corpus] subtree char=40 (26061 positions): emitted 38092 radix nodes  (cum total 948515, max_ep_depth=16, 0.9s)
[radix-corpus] subtree char=41 (38476 positions): emitted 55890 radix nodes  (cum total 1004405, max_ep_depth=16, 0.9s)
[radix-corpus] subtree char=42 (67484 positions): emitted 98596 radix nodes  (cum total 1103001, max_ep_depth=16, 1.0s)
[radix-corpus] subtree char=43 (208217 positions): emitted 303520 radix nodes  (cum total 1406521, max_ep_depth=16, 1.3s)
[radix-corpus] subtree char=44 (36032 positions): emitted 52343 radix nodes  (cum total 1458864, max_ep_depth=16, 1.3s)
[radix-corpus] subtree char=45 (33998 positions): emitted 49889 radix nodes  (cum total 1508753, max_ep_depth=16, 1.3s)
[radix-corpus] subtree char=46 (107062 positions): emitted 154630 radix nodes  (cum total 1663383, max_ep_depth=16, 1.4s)
[radix-corpus] subtree char=47 (109724 positions): emitted 159244 radix nodes  (cum total 1822627, max_ep_depth=16, 1.5s)
[radix-corpus] subtree char=48 (1541 positions): emitted 2287 radix nodes  (cum total 1824914, max_ep_depth=16, 1.5s)
[radix-corpus] subtree char=49 (12580 positions): emitted 18369 radix nodes  (cum total 1843283, max_ep_depth=16, 1.5s)
[radix-corpus] subtree char=50 (70134 positions): emitted 102615 radix nodes  (cum total 1945898, max_ep_depth=16, 1.6s)
[radix-corpus] subtree char=51 (39731 positions): emitted 58081 radix nodes  (cum total 2003979, max_ep_depth=16, 1.6s)
[radix-corpus] subtree char=52 (115590 positions): emitted 168851 radix nodes  (cum total 2172830, max_ep_depth=16, 1.8s)
[radix-corpus] subtree char=53 (123154 positions): emitted 179345 radix nodes  (cum total 2352175, max_ep_depth=16, 2.0s)
[radix-corpus] subtree char=54 (27405 positions): emitted 40075 radix nodes  (cum total 2392250, max_ep_depth=16, 2.0s)
[radix-corpus] subtree char=55 (2060 positions): emitted 2935 radix nodes  (cum total 2395185, max_ep_depth=16, 2.0s)
[radix-corpus] subtree char=56 (95398 positions): emitted 139346 radix nodes  (cum total 2534531, max_ep_depth=16, 2.1s)
[radix-corpus] subtree char=57 (106974 positions): emitted 156128 radix nodes  (cum total 2690659, max_ep_depth=16, 2.2s)
[radix-corpus] subtree char=58 (148532 positions): emitted 214294 radix nodes  (cum total 2904953, max_ep_depth=16, 2.3s)
[radix-corpus] subtree char=59 (46601 positions): emitted 67955 radix nodes  (cum total 2972908, max_ep_depth=16, 2.4s)
[radix-corpus] subtree char=60 (15751 positions): emitted 23084 radix nodes  (cum total 2995992, max_ep_depth=16, 2.4s)
[radix-corpus] subtree char=61 (36805 positions): emitted 53445 radix nodes  (cum total 3049437, max_ep_depth=16, 2.4s)
[radix-corpus] subtree char=62 (2087 positions): emitted 3121 radix nodes  (cum total 3052558, max_ep_depth=16, 2.4s)
[radix-corpus] subtree char=63 (32785 positions): emitted 48348 radix nodes  (cum total 3100906, max_ep_depth=16, 2.4s)
[radix-corpus] subtree char=64 (1627 positions): emitted 2276 radix nodes  (cum total 3103182, max_ep_depth=16, 2.4s)
[radix-corpus] done: 3103182 radix nodes, 16584699 total edge chars, 17 endpoint depths, 2.41s
  radix_count:        3103182
  total_edge_chars:   16584699
  max_endpoint_depth: 16
