[radix-corpus] corpus: /tmp/shake_ms_n100_se5_69pct.txt (3450000 tokens, vocab=65)
[radix-corpus] max_depth=16, output=/tmp/shake_ms_n100_se5_69pct_d16_radix
[radix-corpus] subtree char=0 (66788 positions): emitted 95362 radix nodes  (cum total 95363, max_ep_depth=16, 0.1s)
[radix-corpus] subtree char=1 (568688 positions): emitted 787676 radix nodes  (cum total 883039, max_ep_depth=16, 1.1s)
[radix-corpus] subtree char=2 (3939 positions): emitted 5591 radix nodes  (cum total 888630, max_ep_depth=16, 1.2s)
[radix-corpus] subtree char=3 (2 positions): emitted 3 radix nodes  (cum total 888633, max_ep_depth=16, 1.2s)
[radix-corpus] subtree char=4 (4 positions): emitted 5 radix nodes  (cum total 888638, max_ep_depth=16, 1.2s)
[radix-corpus] subtree char=5 (25863 positions): emitted 35088 radix nodes  (cum total 923726, max_ep_depth=16, 1.2s)
[radix-corpus] subtree char=6 (55058 positions): emitted 76071 radix nodes  (cum total 999797, max_ep_depth=16, 1.2s)
[radix-corpus] subtree char=7 (9895 positions): emitted 14736 radix nodes  (cum total 1014533, max_ep_depth=16, 1.2s)
[radix-corpus] subtree char=8 (27617 positions): emitted 38189 radix nodes  (cum total 1052722, max_ep_depth=16, 1.2s)
[radix-corpus] subtree char=9 (113 positions): emitted 129 radix nodes  (cum total 1052851, max_ep_depth=16, 1.2s)
[radix-corpus] subtree char=10 (804 positions): emitted 1165 radix nodes  (cum total 1054016, max_ep_depth=16, 1.2s)
[radix-corpus] subtree char=11 (7939 positions): emitted 11461 radix nodes  (cum total 1065477, max_ep_depth=16, 1.2s)
[radix-corpus] subtree char=12 (3371 positions): emitted 4764 radix nodes  (cum total 1070241, max_ep_depth=16, 1.2s)
[radix-corpus] subtree char=13 (4716 positions): emitted 6654 radix nodes  (cum total 1076895, max_ep_depth=16, 1.2s)
[radix-corpus] subtree char=14 (3636 positions): emitted 5169 radix nodes  (cum total 1082064, max_ep_depth=16, 1.3s)
[radix-corpus] subtree char=15 (3094 positions): emitted 3981 radix nodes  (cum total 1086045, max_ep_depth=16, 1.3s)
[radix-corpus] subtree char=16 (2420 positions): emitted 3402 radix nodes  (cum total 1089447, max_ep_depth=16, 1.3s)
[radix-corpus] subtree char=17 (2282 positions): emitted 2873 radix nodes  (cum total 1092320, max_ep_depth=16, 1.3s)
[radix-corpus] subtree char=18 (1389 positions): emitted 1969 radix nodes  (cum total 1094289, max_ep_depth=16, 1.3s)
[radix-corpus] subtree char=19 (1212 positions): emitted 1684 radix nodes  (cum total 1095973, max_ep_depth=16, 1.3s)
[radix-corpus] subtree char=20 (4113 positions): emitted 5659 radix nodes  (cum total 1101632, max_ep_depth=16, 1.3s)
[radix-corpus] subtree char=21 (14546 positions): emitted 19811 radix nodes  (cum total 1121443, max_ep_depth=16, 1.3s)
[radix-corpus] subtree char=22 (1759 positions): emitted 2532 radix nodes  (cum total 1123975, max_ep_depth=16, 1.3s)
[radix-corpus] subtree char=23 (289 positions): emitted 398 radix nodes  (cum total 1124373, max_ep_depth=16, 1.3s)
[radix-corpus] subtree char=24 (2533 positions): emitted 3532 radix nodes  (cum total 1127905, max_ep_depth=16, 1.3s)
[radix-corpus] subtree char=25 (5390 positions): emitted 6371 radix nodes  (cum total 1134276, max_ep_depth=16, 1.3s)
[radix-corpus] subtree char=26 (1809 positions): emitted 2595 radix nodes  (cum total 1136871, max_ep_depth=16, 1.3s)
[radix-corpus] subtree char=27 (1359 positions): emitted 1922 radix nodes  (cum total 1138793, max_ep_depth=16, 1.3s)
[radix-corpus] subtree char=28 (2594 positions): emitted 3488 radix nodes  (cum total 1142281, max_ep_depth=16, 1.3s)
[radix-corpus] subtree char=29 (363 positions): emitted 502 radix nodes  (cum total 1142783, max_ep_depth=16, 1.3s)
[radix-corpus] subtree char=30 (1151 positions): emitted 1533 radix nodes  (cum total 1144316, max_ep_depth=16, 1.3s)
[radix-corpus] subtree char=31 (3790 positions): emitted 5397 radix nodes  (cum total 1149713, max_ep_depth=16, 1.3s)
[radix-corpus] subtree char=32 (5885 positions): emitted 8234 radix nodes  (cum total 1157947, max_ep_depth=16, 1.3s)
[radix-corpus] subtree char=33 (240 positions): emitted 312 radix nodes  (cum total 1158259, max_ep_depth=16, 1.3s)
[radix-corpus] subtree char=34 (377 positions): emitted 503 radix nodes  (cum total 1158762, max_ep_depth=16, 1.3s)
[radix-corpus] subtree char=35 (3590 positions): emitted 5023 radix nodes  (cum total 1163785, max_ep_depth=16, 1.3s)
[radix-corpus] subtree char=36 (338 positions): emitted 453 radix nodes  (cum total 1164238, max_ep_depth=16, 1.3s)
[radix-corpus] subtree char=37 (1380 positions): emitted 2020 radix nodes  (cum total 1166258, max_ep_depth=16, 1.3s)
[radix-corpus] subtree char=38 (21 positions): emitted 31 radix nodes  (cum total 1166289, max_ep_depth=16, 1.3s)
[radix-corpus] subtree char=39 (212122 positions): emitted 306426 radix nodes  (cum total 1472715, max_ep_depth=16, 1.6s)
[radix-corpus] subtree char=40 (40050 positions): emitted 58127 radix nodes  (cum total 1530842, max_ep_depth=16, 1.6s)
[radix-corpus] subtree char=41 (60177 positions): emitted 86816 radix nodes  (cum total 1617658, max_ep_depth=16, 1.7s)
[radix-corpus] subtree char=42 (114042 positions): emitted 165116 radix nodes  (cum total 1782774, max_ep_depth=16, 1.8s)
[radix-corpus] subtree char=43 (329958 positions): emitted 477175 radix nodes  (cum total 2259949, max_ep_depth=16, 2.4s)
[radix-corpus] subtree char=44 (57122 positions): emitted 82816 radix nodes  (cum total 2342765, max_ep_depth=16, 2.4s)
[radix-corpus] subtree char=45 (54818 positions): emitted 80258 radix nodes  (cum total 2423023, max_ep_depth=16, 2.4s)
[radix-corpus] subtree char=46 (169398 positions): emitted 242228 radix nodes  (cum total 2665251, max_ep_depth=16, 2.6s)
[radix-corpus] subtree char=47 (172615 positions): emitted 248480 radix nodes  (cum total 2913731, max_ep_depth=16, 2.9s)
[radix-corpus] subtree char=48 (2151 positions): emitted 3173 radix nodes  (cum total 2916904, max_ep_depth=16, 2.9s)
[radix-corpus] subtree char=49 (21519 positions): emitted 31222 radix nodes  (cum total 2948126, max_ep_depth=16, 2.9s)
[radix-corpus] subtree char=50 (106052 positions): emitted 154594 radix nodes  (cum total 3102720, max_ep_depth=16, 3.0s)
[radix-corpus] subtree char=51 (65685 positions): emitted 95594 radix nodes  (cum total 3198314, max_ep_depth=16, 3.1s)
[radix-corpus] subtree char=52 (184840 positions): emitted 268388 radix nodes  (cum total 3466702, max_ep_depth=16, 3.3s)
[radix-corpus] subtree char=53 (200675 positions): emitted 290126 radix nodes  (cum total 3756828, max_ep_depth=16, 3.5s)
[radix-corpus] subtree char=54 (43101 positions): emitted 62534 radix nodes  (cum total 3819362, max_ep_depth=16, 3.5s)
[radix-corpus] subtree char=55 (3029 positions): emitted 4303 radix nodes  (cum total 3823665, max_ep_depth=16, 3.5s)
[radix-corpus] subtree char=56 (151953 positions): emitted 220922 radix nodes  (cum total 4044587, max_ep_depth=16, 3.7s)
[radix-corpus] subtree char=57 (166702 positions): emitted 241413 radix nodes  (cum total 4286000, max_ep_depth=16, 3.9s)
[radix-corpus] subtree char=58 (235934 positions): emitted 337372 radix nodes  (cum total 4623372, max_ep_depth=16, 4.2s)
[radix-corpus] subtree char=59 (74938 positions): emitted 108586 radix nodes  (cum total 4731958, max_ep_depth=16, 4.3s)
[radix-corpus] subtree char=60 (24495 positions): emitted 35627 radix nodes  (cum total 4767585, max_ep_depth=16, 4.3s)
[radix-corpus] subtree char=61 (60115 positions): emitted 86448 radix nodes  (cum total 4854033, max_ep_depth=16, 4.3s)
[radix-corpus] subtree char=62 (3302 positions): emitted 4882 radix nodes  (cum total 4858915, max_ep_depth=16, 4.3s)
[radix-corpus] subtree char=63 (52924 positions): emitted 77611 radix nodes  (cum total 4936526, max_ep_depth=16, 4.4s)
[radix-corpus] subtree char=64 (1926 positions): emitted 2710 radix nodes  (cum total 4939236, max_ep_depth=16, 4.4s)
[radix-corpus] done: 4939236 radix nodes, 25105167 total edge chars, 17 endpoint depths, 4.38s
  radix_count:        4939236
  total_edge_chars:   25105167
  max_endpoint_depth: 16
