AGPT CUDA Training Engine
  Model: d=64 heads=4 layers=2 ff=256 vocab=65 seq=32 head_dim=16
  Loaded 108481 weight floats (423.8 KB)
  Loaded optimizer state from checkpoint (adam_t=7275)
  LR schedule horizon: 500 total SE (override; this call runs 5 SE)
Loading radix trie from /tmp/shake_ms_n100_se5_24pct_d16_radix...
  Radix trie: 1731575 nodes, 9517392 total edge chars, 17 endpoint depths
  Radix loaded: 2898484 counts entries, 13889658 ancestor char entries
  d_split: 1127563/1731575 nodes have a mass=1 ancestor (mean depth 9.62)
  lr-schedule: warmup-cosine (peak=0.003, warmup_epochs=1)
  optimizer: rmsprop (lr=0.003)
  entropy lambda: 1.000 (branching-endpoint icing enabled)
  mass weighting: log (head-of-edge count restores corpus-frequency exposure)
  curriculum: flat (d=max each epoch)
  max edge_len: 16, max ancestor chars: 15, max KV per node: 31, max endpoint depth: 16
  mass=1 compaction: 8321314 / 9517392 chars are mass=1 (87.4%); cache holds 1196078 positions
  loop points: 27261 (mass>1 leaves; 4.5% of 604011 mass>1 nodes)
  KV cache: 612.4 MB unified memory (bf16 compact)
  GPU memory: 2855.5 MB used, 5331.4 MB free, 8186.8 MB total
  65 root-child subtrees: sizes min=1 max=277810 avg=26639.6 (total=1731574 radix nodes)
Epoch 1: loss=1.648410  (5.90 sec, 65 subtrees, 237 chunks, 9517392 nodes)
  residual top-10 (subtree_mass × max(avg_loss − 1.648, 0)):
    rc   rootID   mass      avg_loss     score 
    44   787651   159218    2.0650       66334.2
    59   1618325  198163    1.8012       30283.7
    40   510659   108689    1.9118       28623.0
    45   816989   136749    1.7870       18955.5
    50   1028207  291231    1.6905       12267.0
    46   843886   492402    1.6706       10908.7
    41   531390   170340    1.7089       10296.7
    49   1019094  44654     1.8239       7836.7
    54   1312510  115081    1.6796       3593.4
    60   1656539  72802     1.6886       2927.4
    top-10: 18.3% of mass, 93.1% of excess-loss
Epoch 2: loss=1.601164  (5.72 sec, 65 subtrees, 237 chunks, 9517391 nodes)
  residual top-10 (subtree_mass × max(avg_loss − 1.601, 0)):
    rc   rootID   mass      avg_loss     score 
    59   1618325  198163    1.9346       66080.8
    39   404641   581731    1.6276       15402.4
    54   1312510  115081    1.7021       11610.2
    60   1656539  72802     1.7506       10882.2
    40   510659   108689    1.6829       8882.3
    61   1670140  166842    1.6541       8834.8
    44   787651   159218    1.6345       5301.4
    6    320764   151490    1.6297       4330.0
    5    311261   49681     1.6880       4313.6
    58   1500328  692059    1.6060       3319.7
    top-10: 23.4% of mass, 89.0% of excess-loss
Epoch 3: loss=1.605064  (5.71 sec, 65 subtrees, 237 chunks, 9517392 nodes)
  residual top-10 (subtree_mass × max(avg_loss − 1.605, 0)):
    rc   rootID   mass      avg_loss     score 
    59   1618325  198163    1.9848       75248.7
    44   787651   159218    1.7039       15736.6
    40   510659   108689    1.7332       13932.0
    54   1312510  115081    1.7074       11772.1
    58   1500328  692059    1.6188       9487.0
    60   1656539  72802     1.7322       9256.7
    39   404641   581731    1.6192       8251.2
    61   1670140  166842    1.6345       4913.2
    49   1019094  44654     1.6882       3712.3
    5    311261   49681     1.6681       3131.5
    top-10: 22.4% of mass, 91.4% of excess-loss
Epoch 4: loss=1.593336  (5.72 sec, 65 subtrees, 237 chunks, 9517392 nodes)
  residual top-10 (subtree_mass × max(avg_loss − 1.593, 0)):
    rc   rootID   mass      avg_loss     score 
    59   1618325  198163    1.9058       61925.2
    54   1312510  115081    1.7367       16499.0
    39   404641   581731    1.6140       12001.5
    40   510659   108689    1.6999       11579.0
    58   1500328  692059    1.6043       7591.9
    44   787651   159218    1.6364       6855.5
    5    311261   49681     1.7150       6046.3
    60   1656539  72802     1.6536       4387.0
    6    320764   151490    1.6209       4180.5
    49   1019094  44654     1.6752       3657.3
    top-10: 22.2% of mass, 89.1% of excess-loss
Epoch 5: loss=1.608833  (5.72 sec, 65 subtrees, 237 chunks, 9517392 nodes)
  residual top-10 (subtree_mass × max(avg_loss − 1.609, 0)):
    rc   rootID   mass      avg_loss     score 
    59   1618325  198163    2.1620       109624.8
    58   1500328  692059    1.6913       57051.9
    54   1312510  115081    1.9305       37013.9
    60   1656539  72802     1.7945       13514.3
    61   1670140  166842    1.6583       8253.0
    40   510659   108689    1.6625       5835.2
    49   1019094  44654     1.7342       5596.0
    50   1028207  291231    1.6234       4244.8
    5    311261   49681     1.6692       2996.9
    44   787651   159218    1.6247       2518.4
    top-10: 19.4% of mass, 95.8% of excess-loss
Saved to /home/trans/Projects/agpt/rnd/streaming-agpt-v1/models/seed300_ms_n100_se5_stage24.model
Done.
  Appended optimizer state to /home/trans/Projects/agpt/rnd/streaming-agpt-v1/models/seed300_ms_n100_se5_stage24.model (adam_t=7600)
