AGPT CUDA Training Engine
  Model: d=64 heads=4 layers=2 ff=256 vocab=65 seq=32 head_dim=16
  Loaded 108481 weight floats (423.8 KB)
  Loaded optimizer state from checkpoint (adam_t=26125)
  LR schedule horizon: 500 total SE (override; this call runs 5 SE)
Loading radix trie from /tmp/shake_ms_n100_se5_82pct_d16_radix...
  Radix trie: 5838734 nodes, 29181727 total edge chars, 17 endpoint depths
  Radix loaded: 9799142 counts entries, 51190627 ancestor char entries
  d_split: 3781818/5838734 nodes have a mass=1 ancestor (mean depth 10.33)
  lr-schedule: warmup-cosine (peak=0.003, warmup_epochs=1)
  optimizer: rmsprop (lr=0.003)
  entropy lambda: 1.000 (branching-endpoint icing enabled)
  mass weighting: log (head-of-edge count restores corpus-frequency exposure)
  curriculum: flat (d=max each epoch)
  max edge_len: 15, max ancestor chars: 15, max KV per node: 30, max endpoint depth: 16
  mass=1 compaction: 25208864 / 29181727 chars are mass=1 (86.4%); cache holds 3972863 positions
  loop points: 120788 (mass>1 leaves; 5.9% of 2056915 mass>1 nodes)
  KV cache: 2034.1 MB unified memory (bf16 compact)
  GPU memory: 3035.8 MB used, 5151.0 MB free, 8186.8 MB total
  65 root-child subtrees: sizes min=3 max=928682 avg=89826.7 (total=5838733 radix nodes)
Epoch 1: loss=1.521284  (18.24 sec, 65 subtrees, 624 chunks, 29181727 nodes)
  residual top-10 (subtree_mass × max(avg_loss − 1.521, 0)):
    rc   rootID   mass      avg_loss     score 
    59   5464546  741425    1.6400       87991.1
    1    114258   6686542   1.5262       32833.9
    58   5067299  2610590   1.5326       29418.2
    5    1049741  271741    1.5741       14364.1
    7    1182195  72412     1.6234       7394.7
    54   4443430  428267    1.5379       7134.3
    25   1334210  51421     1.6558       6916.6
    13   1264947  49569     1.6606       6907.8
    15   1279697  30626     1.7441       6824.3
    32   1360571  62312     1.6171       5972.9
    top-10: 29.9% of mass, 76.7% of excess-loss
Epoch 2: loss=1.517556  (17.97 sec, 65 subtrees, 624 chunks, 29181726 nodes)
  residual top-10 (subtree_mass × max(avg_loss − 1.518, 0)):
    rc   rootID   mass      avg_loss     score 
    1    114258   6686542   1.5266       60511.3
    59   5464546  741425    1.5655       35581.4
    5    1049741  271741    1.5723       14884.6
    7    1182195  72412     1.6236       7682.2
    25   1334210  51421     1.6552       7077.9
    13   1264947  49569     1.6591       7018.6
    15   1279697  30626     1.7439       6931.7
    44   2673332  581433    1.5288       6536.5
    32   1360571  62312     1.6172       6210.8
    6    1093666  628971    1.5266       5681.8
    top-10: 25.0% of mass, 71.4% of excess-loss
Epoch 3: loss=1.517586  (17.99 sec, 65 subtrees, 624 chunks, 29181726 nodes)
  residual top-10 (subtree_mass × max(avg_loss − 1.518, 0)):
    rc   rootID   mass      avg_loss     score 
    1    114258   6686542   1.5255       53211.3
    59   5464546  741425    1.5726       40807.8
    5    1049741  271741    1.5681       13726.5
    7    1182195  72412     1.6225       7600.4
    25   1334210  51421     1.6544       7036.6
    13   1264947  49569     1.6589       7003.2
    15   1279697  30626     1.7428       6895.9
    44   2673332  581433    1.5291       6681.9
    58   5067299  2610590   1.5201       6604.1
    32   1360571  62312     1.6153       6085.6
    top-10: 30.4% of mass, 70.6% of excess-loss
Epoch 4: loss=1.515500  (17.99 sec, 65 subtrees, 624 chunks, 29181727 nodes)
  residual top-10 (subtree_mass × max(avg_loss − 1.516, 0)):
    rc   rootID   mass      avg_loss     score 
    1    114258   6686542   1.5260       70035.4
    5    1049741  271741    1.5682       14308.3
    59   5464546  741425    1.5266       8257.7
    7    1182195  72412     1.6235       7820.0
    39   1380933  2212894   1.5187       7135.1
    25   1334210  51421     1.6527       7057.5
    13   1264947  49569     1.6573       7031.1
    15   1279697  30626     1.7436       6985.0
    44   2673332  581433    1.5273       6860.7
    32   1360571  62312     1.6173       6343.4
    top-10: 29.3% of mass, 67.9% of excess-loss
Epoch 5: loss=1.515175  (17.98 sec, 65 subtrees, 624 chunks, 29181727 nodes)
  residual top-10 (subtree_mass × max(avg_loss − 1.515, 0)):
    rc   rootID   mass      avg_loss     score 
    1    114258   6686542   1.5251       66312.0
    5    1049741  271741    1.5696       14787.0
    7    1182195  72412     1.6234       7835.4
    25   1334210  51421     1.6535       7114.2
    15   1279697  30626     1.7453       7047.7
    13   1264947  49569     1.6567       7014.5
    39   1380933  2212894   1.5183       6915.9
    59   5464546  741425    1.5243       6782.8
    44   2673332  581433    1.5267       6691.9
    32   1360571  62312     1.6162       6294.3
    top-10: 29.3% of mass, 66.9% of excess-loss
Saved to /home/trans/Projects/agpt/rnd/streaming-agpt-v1/models/seed300_ms_n100_se5_stage82.model
Done.
  Appended optimizer state to /home/trans/Projects/agpt/rnd/streaming-agpt-v1/models/seed300_ms_n100_se5_stage82.model (adam_t=26450)
