AGPT CUDA Training Engine
  Model: d=64 heads=4 layers=2 ff=256 vocab=65 seq=32 head_dim=16
  Loaded 108481 weight floats (423.8 KB)
  Loaded optimizer state from checkpoint (adam_t=12150)
  LR schedule horizon: 500 total SE (override; this call runs 5 SE)
Loading radix trie from /tmp/shake_ms_n100_se5_39pct_d16_radix...
  Radix trie: 2815552 nodes, 15178682 total edge chars, 17 endpoint depths
  Radix loaded: 4716446 counts entries, 23057222 ancestor char entries
  d_split: 1838028/2815552 nodes have a mass=1 ancestor (mean depth 9.77)
  lr-schedule: warmup-cosine (peak=0.003, warmup_epochs=1)
  optimizer: rmsprop (lr=0.003)
  entropy lambda: 1.000 (branching-endpoint icing enabled)
  mass weighting: log (head-of-edge count restores corpus-frequency exposure)
  curriculum: flat (d=max each epoch)
  max edge_len: 15, max ancestor chars: 15, max KV per node: 30, max endpoint depth: 16
  mass=1 compaction: 13285567 / 15178682 chars are mass=1 (87.5%); cache holds 1893115 positions
  loop points: 43509 (mass>1 leaves; 4.5% of 977523 mass>1 nodes)
  KV cache: 969.3 MB unified memory (bf16 compact)
  GPU memory: 2866.0 MB used, 5320.9 MB free, 8186.8 MB total
  65 root-child subtrees: sizes min=3 max=447394 avg=43316.2 (total=2815551 radix nodes)
Epoch 1: loss=1.658568  (9.62 sec, 65 subtrees, 347 chunks, 15178682 nodes)
  residual top-10 (subtree_mass × max(avg_loss − 1.659, 0)):
    rc   rootID   mass      avg_loss     score 
    59   2635103  332070    2.6912       342906.5
    58   2440240  1187800   1.7541       113440.9
    61   2718403  280755    1.8806       62325.6
    60   2697135  116790    2.1890       61944.7
    54   2133725  196525    1.7651       20944.3
    63   2769565  234700    1.7087       11763.7
    5    501973   78070     1.7048       3606.4
    40   823628   188617    1.6768       3447.2
    7    558078   35422     1.7543       3389.8
    15   605654   14854     1.8018       2127.2
    top-10: 16.3% of mass, 97.9% of excess-loss
Epoch 2: loss=1.612363  (9.19 sec, 65 subtrees, 347 chunks, 15178682 nodes)
  residual top-10 (subtree_mass × max(avg_loss − 1.612, 0)):
    rc   rootID   mass      avg_loss     score 
    1    51405    2984609   1.6713       176020.7
    39   649621   978383    1.6350       22194.4
    6    516777   264174    1.6695       15103.3
    59   2635103  332070    1.6474       11632.8
    0    1        267975    1.6542       11220.3
    40   823628   188617    1.6598       8946.2
    5    501973   78070     1.7268       8931.0
    44   1274247  267674    1.6331       5551.3
    7    558078   35422     1.7670       5478.3
    2    498799   14211     1.8191       2937.4
    top-10: 33.1% of mass, 90.8% of excess-loss
Epoch 3: loss=1.594889  (9.19 sec, 65 subtrees, 347 chunks, 15178682 nodes)
  residual top-10 (subtree_mass × max(avg_loss − 1.595, 0)):
    rc   rootID   mass      avg_loss     score 
    59   2635103  332070    1.7464       50300.6
    54   2133725  196525    1.6782       16369.1
    1    51405    2984609   1.5997       14313.6
    39   649621   978383    1.6043       9166.1
    40   823628   188617    1.6399       8488.2
    6    516777   264174    1.6266       8373.2
    5    501973   78070     1.6844       6988.1
    60   2697135  116790    1.6424       5543.8
    7    558078   35422     1.7404       5154.6
    44   1274247  267674    1.6117       4509.2
    top-10: 33.2% of mass, 81.8% of excess-loss
Epoch 4: loss=1.597399  (9.20 sec, 65 subtrees, 347 chunks, 15178682 nodes)
  residual top-10 (subtree_mass × max(avg_loss − 1.597, 0)):
    rc   rootID   mass      avg_loss     score 
    59   2635103  332070    1.9460       115761.3
    58   2440240  1187800   1.6331       42415.6
    54   2133725  196525    1.7335       26743.9
    60   2697135  116790    1.6629       7652.3
    40   823628   188617    1.6362       7320.3
    5    501973   78070     1.6788       6355.4
    6    516777   264174    1.6191       5731.8
    7    558078   35422     1.7318       4761.7
    44   1274247  267674    1.6117       3825.2
    61   2718403  280755    1.6076       2863.8
    top-10: 18.0% of mass, 89.8% of excess-loss
Epoch 5: loss=1.585428  (9.19 sec, 65 subtrees, 347 chunks, 15178682 nodes)
  residual top-10 (subtree_mass × max(avg_loss − 1.585, 0)):
    rc   rootID   mass      avg_loss     score 
    59   2635103  332070    1.7658       59911.3
    54   2133725  196525    1.7192       26289.6
    39   649621   978383    1.5961       10458.3
    1    51405    2984609   1.5884       8812.4
    6    516777   264174    1.6183       8692.3
    40   823628   188617    1.6291       8245.0
    5    501973   78070     1.6794       7339.7
    44   1274247  267674    1.6122       7179.2
    7    558078   35422     1.7278       5042.4
    60   2697135  116790    1.6176       3758.4
    top-10: 33.2% of mass, 84.2% of excess-loss
Saved to /home/trans/Projects/agpt/rnd/streaming-agpt-v1/models/seed300_ms_n100_se5_stage39.model
Done.
  Appended optimizer state to /home/trans/Projects/agpt/rnd/streaming-agpt-v1/models/seed300_ms_n100_se5_stage39.model (adam_t=12475)
