AGPT CUDA Training Engine
  Model: d=64 heads=4 layers=2 ff=256 vocab=65 seq=32 head_dim=16
  Loaded 108481 weight floats (423.8 KB)
  Loaded optimizer state from checkpoint (adam_t=20925)
  LR schedule horizon: 500 total SE (override; this call runs 5 SE)
Loading radix trie from /tmp/shake_ms_n100_se5_66pct_d16_radix...
  Radix trie: 4729639 nodes, 24160372 total edge chars, 17 endpoint depths
  Radix loaded: 7931038 counts entries, 40686836 ancestor char entries
  d_split: 3070770/4729639 nodes have a mass=1 ancestor (mean depth 10.18)
  lr-schedule: warmup-cosine (peak=0.003, warmup_epochs=1)
  optimizer: rmsprop (lr=0.003)
  entropy lambda: 1.000 (branching-endpoint icing enabled)
  mass weighting: log (head-of-edge count restores corpus-frequency exposure)
  curriculum: flat (d=max each epoch)
  max edge_len: 15, max ancestor chars: 15, max KV per node: 30, max endpoint depth: 16
  mass=1 compaction: 20955018 / 24160372 chars are mass=1 (86.7%); cache holds 3205354 positions
  loop points: 89190 (mass>1 leaves; 5.4% of 1658868 mass>1 nodes)
  KV cache: 1641.1 MB unified memory (bf16 compact)
  GPU memory: 2981.3 MB used, 5205.5 MB free, 8186.8 MB total
  65 root-child subtrees: sizes min=3 max=753248 avg=72763.7 (total=4729638 radix nodes)
Epoch 1: loss=1.536420  (15.26 sec, 65 subtrees, 519 chunks, 24160372 nodes)
  residual top-10 (subtree_mass × max(avg_loss − 1.536, 0)):
    rc   rootID   mass      avg_loss     score 
    59   4427254  588730    1.8291       172304.2
    58   4103814  2075250   1.5689       67442.2
    54   3595496  343555    1.6906       52982.7
    60   4531302  197282    1.6128       15059.0
    61   4565418  509347    1.5587       11328.5
    5    849639   195537    1.5885       10187.9
    7    955021   63075     1.6338       6143.2
    32   1098262  46313     1.6283       4255.5
    15   1034153  23438     1.7117       4107.6
    13   1022728  33476     1.6497       3793.2
    top-10: 14.0% of mass, 89.6% of excess-loss
Epoch 2: loss=1.523902  (14.83 sec, 65 subtrees, 519 chunks, 24160371 nodes)
  residual top-10 (subtree_mass × max(avg_loss − 1.524, 0)):
    rc   rootID   mass      avg_loss     score 
    1    91011    5280461   1.5357       62498.1
    59   4427254  588730    1.6149       53574.3
    5    849639   195537    1.5879       12521.9
    54   3595496  343555    1.5549       10642.7
    44   2161890  468056    1.5443       9536.3
    39   1114103  1751234   1.5288       8532.8
    6    882453   501895    1.5381       7131.1
    7    955021   63075     1.6356       7044.4
    40   1407218  316744    1.5437       6262.9
    32   1098262  46313     1.6309       4957.4
    top-10: 32.9% of mass, 77.7% of excess-loss
Epoch 3: loss=1.520558  (14.84 sec, 65 subtrees, 519 chunks, 24160370 nodes)
  residual top-10 (subtree_mass × max(avg_loss − 1.521, 0)):
    rc   rootID   mass      avg_loss     score 
    59   4427254  588730    1.5896       40630.0
    1    91011    5280461   1.5279       38893.5
    5    849639   195537    1.5853       12665.6
    39   1114103  1751234   1.5270       11287.4
    44   2161890  468056    1.5394       8832.2
    40   1407218  316744    1.5475       8547.8
    54   3595496  343555    1.5443       8160.4
    6    882453   501895    1.5352       7348.1
    7    955021   63075     1.6328       7078.2
    32   1098262  46313     1.6280       4974.6
    top-10: 32.9% of mass, 73.3% of excess-loss
Epoch 4: loss=1.523829  (14.85 sec, 65 subtrees, 519 chunks, 24160372 nodes)
  residual top-10 (subtree_mass × max(avg_loss − 1.524, 0)):
    rc   rootID   mass      avg_loss     score 
    59   4427254  588730    1.6391       67851.3
    54   3595496  343555    1.5770       18251.5
    1    91011    5280461   1.5272       18014.8
    5    849639   195537    1.6043       15730.4
    6    882453   501895    1.5436       9947.5
    40   1407218  316744    1.5478       7578.7
    60   4531302  197282    1.5611       7348.8
    39   1114103  1751234   1.5280       7342.8
    44   2161890  468056    1.5394       7267.1
    7    955021   63075     1.6387       7244.6
    top-10: 33.4% of mass, 74.1% of excess-loss
Epoch 5: loss=1.522970  (14.85 sec, 65 subtrees, 519 chunks, 24160372 nodes)
  residual top-10 (subtree_mass × max(avg_loss − 1.523, 0)):
    rc   rootID   mass      avg_loss     score 
    59   4427254  588730    1.6049       48238.5
    1    91011    5280461   1.5282       27774.0
    39   1114103  1751234   1.5337       18825.0
    5    849639   195537    1.6109       17196.9
    6    882453   501895    1.5558       16461.8
    44   2161890  468056    1.5437       9702.4
    40   1407218  316744    1.5507       8774.5
    7    955021   63075     1.6481       7890.4
    54   3595496  343555    1.5425       6697.2
    32   1098262  46313     1.6341       5148.2
    top-10: 32.9% of mass, 74.6% of excess-loss
Saved to /home/trans/Projects/agpt/rnd/streaming-agpt-v1/models/seed300_ms_n100_se5_stage66.model
Done.
  Appended optimizer state to /home/trans/Projects/agpt/rnd/streaming-agpt-v1/models/seed300_ms_n100_se5_stage66.model (adam_t=21250)
