AGPT CUDA Training Engine
  Model: d=64 heads=4 layers=2 ff=256 vocab=65 seq=32 head_dim=16
  Loaded 108481 weight floats (423.8 KB)
  Loaded optimizer state from checkpoint (adam_t=17025)
  LR schedule horizon: 500 total SE (override; this call runs 5 SE)
Loading radix trie from /tmp/shake_ms_n100_se5_54pct_d16_radix...
  Radix trie: 3885061 nodes, 20265763 total edge chars, 17 endpoint depths
  Radix loaded: 6510596 counts entries, 32799880 ancestor char entries
  d_split: 2527967/3885061 nodes have a mass=1 ancestor (mean depth 10.02)
  lr-schedule: warmup-cosine (peak=0.003, warmup_epochs=1)
  optimizer: rmsprop (lr=0.003)
  entropy lambda: 1.000 (branching-endpoint icing enabled)
  mass weighting: log (head-of-edge count restores corpus-frequency exposure)
  curriculum: flat (d=max each epoch)
  max edge_len: 15, max ancestor chars: 15, max KV per node: 30, max endpoint depth: 16
  mass=1 compaction: 17640586 / 20265763 chars are mass=1 (87.0%); cache holds 2625177 positions
  loop points: 67172 (mass>1 leaves; 4.9% of 1357093 mass>1 nodes)
  KV cache: 1344.1 MB unified memory (bf16 compact)
  GPU memory: 2928.9 MB used, 5258.0 MB free, 8186.8 MB total
  65 root-child subtrees: sizes min=3 max=616797 avg=59770.2 (total=3885060 radix nodes)
Epoch 1: loss=1.620919  (12.66 sec, 65 subtrees, 447 chunks, 20265763 nodes)
  residual top-10 (subtree_mass × max(avg_loss − 1.621, 0)):
    rc   rootID   mass      avg_loss     score 
    59   3637887  470912    1.8414       103818.7
    1    73857    4232419   1.6291       34615.2
    58   3371131  1675936   1.6344       22612.1
    54   2947658  276147    1.6954       20563.9
    5    695143   137220    1.6788       7947.7
    60   3723029  160268    1.6646       6995.1
    6    719217   396386    1.6378       6692.5
    44   1767657  382267    1.6348       5310.7
    7    778226   51748     1.7199       5122.6
    49   2289908  122532    1.6509       3676.9
    top-10: 33.9% of mass, 85.9% of excess-loss
Epoch 2: loss=1.609347  (12.39 sec, 65 subtrees, 447 chunks, 20265763 nodes)
  residual top-10 (subtree_mass × max(avg_loss − 1.609, 0)):
    rc   rootID   mass      avg_loss     score 
    1    73857    4232419   1.6189       40480.8
    59   3637887  470912    1.6849       35558.9
    39   906688   1397893   1.6205       15542.2
    6    719217   396386    1.6364       10726.0
    44   1767657  382267    1.6366       10431.8
    5    695143   137220    1.6800       9688.8
    54   2947658  276147    1.6309       5952.6
    7    778226   51748     1.7175       5597.1
    40   1146650  255631    1.6310       5522.9
    49   2289908  122532    1.6443       4277.0
    top-10: 33.1% of mass, 79.2% of excess-loss
Epoch 3: loss=1.629056  (12.39 sec, 65 subtrees, 447 chunks, 20265762 nodes)
  residual top-10 (subtree_mass × max(avg_loss − 1.629, 0)):
    rc   rootID   mass      avg_loss     score 
    59   3637887  470912    2.0161       182269.2
    58   3371131  1675936   1.7298       168901.4
    54   2947658  276147    1.7586       35770.8
    60   3723029  160268    1.6971       10903.5
    5    695143   137220    1.6786       6793.2
    61   3751384  402962    1.6423       5349.2
    7    778226   51748     1.7111       4244.6
    49   2289908  122532    1.6604       3838.9
    2    690654   21972     1.7709       3116.9
    15   843710   20910     1.7760       3073.5
    top-10: 14.3% of mass, 95.0% of excess-loss
Epoch 4: loss=1.625386  (12.39 sec, 65 subtrees, 447 chunks, 20265763 nodes)
  residual top-10 (subtree_mass × max(avg_loss − 1.625, 0)):
    rc   rootID   mass      avg_loss     score 
    59   3637887  470912    1.8875       123412.7
    58   3371131  1675936   1.6790       89918.8
    54   2947658  276147    1.7831       43555.7
    6    719217   396386    1.6640       15288.7
    5    695143   137220    1.7129       12002.9
    7    778226   51748     1.7310       5466.5
    2    690654   21972     1.8109       4075.5
    60   3723029  160268    1.6473       3517.9
    32   893945   38734     1.7137       3419.2
    15   843710   20910     1.7840       3317.5
    top-10: 13.9% of mass, 92.1% of excess-loss
Epoch 5: loss=1.615797  (12.39 sec, 65 subtrees, 447 chunks, 20265763 nodes)
  residual top-10 (subtree_mass × max(avg_loss − 1.616, 0)):
    rc   rootID   mass      avg_loss     score 
    59   3637887  470912    1.7127       45624.3
    39   906688   1397893   1.6350       26852.1
    44   1767657  382267    1.6812       25008.4
    40   1146650  255631    1.6842       17494.5
    58   3371131  1675936   1.6217       9967.6
    46   1896095  1199201   1.6234       9174.5
    5    695143   137220    1.6669       7012.7
    54   2947658  276147    1.6378       6076.6
    45   1833658  341675    1.6328       5795.7
    7    778226   51748     1.7089       4817.3
    top-10: 26.5% of mass, 79.2% of excess-loss
Saved to /home/trans/Projects/agpt/rnd/streaming-agpt-v1/models/seed100_ms_n100_se5_stage54.model
Done.
  Appended optimizer state to /home/trans/Projects/agpt/rnd/streaming-agpt-v1/models/seed100_ms_n100_se5_stage54.model (adam_t=17350)
