AGPT CUDA Training Engine
  Model: d=64 heads=4 layers=2 ff=256 vocab=65 seq=32 head_dim=16
  Loaded 108481 weight floats (423.8 KB)
  Loaded optimizer state from checkpoint (adam_t=29375)
  LR schedule horizon: 500 total SE (override; this call runs 5 SE)
Loading radix trie from /tmp/shake_ms_n100_se5_92pct_d16_radix...
  Radix trie: 6527369 nodes, 32231224 total edge chars, 17 endpoint depths
  Radix loaded: 10961084 counts entries, 57816982 ancestor char entries
  d_split: 4221658/6527369 nodes have a mass=1 ancestor (mean depth 10.42)
  lr-schedule: warmup-cosine (peak=0.003, warmup_epochs=1)
  optimizer: rmsprop (lr=0.003)
  entropy lambda: 1.000 (branching-endpoint icing enabled)
  mass weighting: log (head-of-edge count restores corpus-frequency exposure)
  curriculum: flat (d=max each epoch)
  max edge_len: 15, max ancestor chars: 15, max KV per node: 30, max endpoint depth: 16
  mass=1 compaction: 27773493 / 32231224 chars are mass=1 (86.2%); cache holds 4457731 positions
  loop points: 142626 (mass>1 leaves; 6.2% of 2305710 mass>1 nodes)
  KV cache: 2282.4 MB unified memory (bf16 compact)
  GPU memory: 3073.6 MB used, 5113.2 MB free, 8186.8 MB total
  65 root-child subtrees: sizes min=3 max=1033572 avg=100421.0 (total=6527368 radix nodes)
Epoch 1: loss=1.543671  (20.04 sec, 65 subtrees, 687 chunks, 32231224 nodes)
  residual top-10 (subtree_mass × max(avg_loss − 1.544, 0)):
    rc   rootID   mass      avg_loss     score 
    1    128006   7546945   1.5556       90236.8
    5    1169478  313820    1.5838       12597.9
    7    1317136  76150     1.6477       7920.9
    32   1515131  71610     1.6509       7678.3
    13   1408497  58590     1.6711       7466.9
    25   1485127  54722     1.6638       6573.2
    15   1425510  32530     1.7358       6249.2
    28   1499495  38590     1.7024       6126.3
    44   2983757  660414    1.5529       6086.4
    6    1219533  698829    1.5522       5940.9
    top-10: 22.9% of mass, 71.4% of excess-loss
Epoch 2: loss=1.543541  (19.90 sec, 65 subtrees, 687 chunks, 32231224 nodes)
  residual top-10 (subtree_mass × max(avg_loss − 1.544, 0)):
    rc   rootID   mass      avg_loss     score 
    1    128006   7546945   1.5556       90771.8
    5    1169478  313820    1.5836       12571.2
    7    1317136  76150     1.6480       7951.5
    32   1515131  71610     1.6499       7616.0
    13   1408497  58590     1.6703       7427.7
    25   1485127  54722     1.6642       6603.4
    15   1425510  32530     1.7328       6156.9
    28   1499495  38590     1.7015       6095.8
    44   2983757  660414    1.5527       6018.2
    6    1219533  698829    1.5519       5846.4
    top-10: 22.9% of mass, 71.3% of excess-loss
Epoch 3: loss=1.543443  (19.91 sec, 65 subtrees, 687 chunks, 32231224 nodes)
  residual top-10 (subtree_mass × max(avg_loss − 1.543, 0)):
    rc   rootID   mass      avg_loss     score 
    1    128006   7546945   1.5555       90701.4
    5    1169478  313820    1.5830       12421.6
    7    1317136  76150     1.6476       7931.2
    32   1515131  71610     1.6502       7648.5
    13   1408497  58590     1.6698       7400.7
    25   1485127  54722     1.6638       6587.2
    15   1425510  32530     1.7353       6241.7
    28   1499495  38590     1.7030       6158.0
    6    1219533  698829    1.5522       6138.9
    44   2983757  660414    1.5525       6012.9
    top-10: 22.9% of mass, 71.5% of excess-loss
Epoch 4: loss=1.543408  (19.91 sec, 65 subtrees, 687 chunks, 32231224 nodes)
  residual top-10 (subtree_mass × max(avg_loss − 1.543, 0)):
    rc   rootID   mass      avg_loss     score 
    1    128006   7546945   1.5553       89748.3
    5    1169478  313820    1.5828       12376.9
    7    1317136  76150     1.6475       7924.3
    32   1515131  71610     1.6498       7621.9
    13   1408497  58590     1.6698       7408.0
    25   1485127  54722     1.6650       6656.0
    15   1425510  32530     1.7355       6247.6
    44   2983757  660414    1.5528       6186.0
    6    1219533  698829    1.5521       6078.4
    28   1499495  38590     1.6998       6036.7
    top-10: 22.9% of mass, 71.2% of excess-loss
Epoch 5: loss=1.543356  (19.91 sec, 65 subtrees, 687 chunks, 32231224 nodes)
  residual top-10 (subtree_mass × max(avg_loss − 1.543, 0)):
    rc   rootID   mass      avg_loss     score 
    1    128006   7546945   1.5554       91032.2
    5    1169478  313820    1.5825       12279.1
    7    1317136  76150     1.6481       7974.9
    32   1515131  71610     1.6508       7691.1
    13   1408497  58590     1.6709       7470.8
    25   1485127  54722     1.6669       6759.8
    15   1425510  32530     1.7338       6193.6
    28   1499495  38590     1.7013       6095.3
    44   2983757  660414    1.5526       6089.2
    6    1219533  698829    1.5516       5786.3
    top-10: 22.9% of mass, 71.3% of excess-loss
Saved to /home/trans/Projects/agpt/rnd/streaming-agpt-v1/models/seed200_ms_n100_se5_stage92.model
Done.
  Appended optimizer state to /home/trans/Projects/agpt/rnd/streaming-agpt-v1/models/seed200_ms_n100_se5_stage92.model (adam_t=29700)
