[radix-corpus] corpus: /tmp/shake_ms_n100_se5_60pct.txt (3000000 tokens, vocab=65)
[radix-corpus] max_depth=16, output=/tmp/shake_ms_n100_se5_60pct_d16_radix
[radix-corpus] subtree char=0 (57644 positions): emitted 82538 radix nodes  (cum total 82539, max_ep_depth=16, 0.1s)
[radix-corpus] subtree char=1 (492733 positions): emitted 685932 radix nodes  (cum total 768471, max_ep_depth=16, 1.0s)
[radix-corpus] subtree char=2 (3528 positions): emitted 5016 radix nodes  (cum total 773487, max_ep_depth=16, 1.0s)
[radix-corpus] subtree char=3 (2 positions): emitted 3 radix nodes  (cum total 773490, max_ep_depth=16, 1.0s)
[radix-corpus] subtree char=4 (3 positions): emitted 4 radix nodes  (cum total 773494, max_ep_depth=16, 1.0s)
[radix-corpus] subtree char=5 (20847 positions): emitted 28533 radix nodes  (cum total 802027, max_ep_depth=16, 1.0s)
[radix-corpus] subtree char=6 (47398 positions): emitted 66029 radix nodes  (cum total 868056, max_ep_depth=16, 1.1s)
[radix-corpus] subtree char=7 (8803 positions): emitted 13132 radix nodes  (cum total 881188, max_ep_depth=16, 1.1s)
[radix-corpus] subtree char=8 (23658 positions): emitted 32821 radix nodes  (cum total 914009, max_ep_depth=16, 1.1s)
[radix-corpus] subtree char=9 (113 positions): emitted 129 radix nodes  (cum total 914138, max_ep_depth=16, 1.1s)
[radix-corpus] subtree char=10 (762 positions): emitted 1101 radix nodes  (cum total 915239, max_ep_depth=16, 1.1s)
[radix-corpus] subtree char=11 (7366 positions): emitted 10632 radix nodes  (cum total 925871, max_ep_depth=16, 1.1s)
[radix-corpus] subtree char=12 (2773 positions): emitted 3963 radix nodes  (cum total 929834, max_ep_depth=16, 1.1s)
[radix-corpus] subtree char=13 (4187 positions): emitted 5879 radix nodes  (cum total 935713, max_ep_depth=16, 1.1s)
[radix-corpus] subtree char=14 (3260 positions): emitted 4650 radix nodes  (cum total 940363, max_ep_depth=16, 1.1s)
[radix-corpus] subtree char=15 (2866 positions): emitted 3650 radix nodes  (cum total 944013, max_ep_depth=16, 1.1s)
[radix-corpus] subtree char=16 (2195 positions): emitted 3082 radix nodes  (cum total 947095, max_ep_depth=16, 1.1s)
[radix-corpus] subtree char=17 (2042 positions): emitted 2540 radix nodes  (cum total 949635, max_ep_depth=16, 1.1s)
[radix-corpus] subtree char=18 (1287 positions): emitted 1825 radix nodes  (cum total 951460, max_ep_depth=16, 1.1s)
[radix-corpus] subtree char=19 (1101 positions): emitted 1539 radix nodes  (cum total 952999, max_ep_depth=16, 1.1s)
[radix-corpus] subtree char=20 (3355 positions): emitted 4627 radix nodes  (cum total 957626, max_ep_depth=16, 1.1s)
[radix-corpus] subtree char=21 (11068 positions): emitted 15110 radix nodes  (cum total 972736, max_ep_depth=16, 1.1s)
[radix-corpus] subtree char=22 (1434 positions): emitted 2070 radix nodes  (cum total 974806, max_ep_depth=16, 1.1s)
[radix-corpus] subtree char=23 (272 positions): emitted 375 radix nodes  (cum total 975181, max_ep_depth=16, 1.1s)
[radix-corpus] subtree char=24 (2353 positions): emitted 3283 radix nodes  (cum total 978464, max_ep_depth=16, 1.1s)
[radix-corpus] subtree char=25 (4541 positions): emitted 5465 radix nodes  (cum total 983929, max_ep_depth=16, 1.1s)
[radix-corpus] subtree char=26 (1590 positions): emitted 2287 radix nodes  (cum total 986216, max_ep_depth=16, 1.1s)
[radix-corpus] subtree char=27 (1180 positions): emitted 1663 radix nodes  (cum total 987879, max_ep_depth=16, 1.1s)
[radix-corpus] subtree char=28 (2166 positions): emitted 2920 radix nodes  (cum total 990799, max_ep_depth=16, 1.1s)
[radix-corpus] subtree char=29 (354 positions): emitted 490 radix nodes  (cum total 991289, max_ep_depth=16, 1.1s)
[radix-corpus] subtree char=30 (1100 positions): emitted 1460 radix nodes  (cum total 992749, max_ep_depth=16, 1.1s)
[radix-corpus] subtree char=31 (3437 positions): emitted 4896 radix nodes  (cum total 997645, max_ep_depth=16, 1.1s)
[radix-corpus] subtree char=32 (5270 positions): emitted 7395 radix nodes  (cum total 1005040, max_ep_depth=16, 1.1s)
[radix-corpus] subtree char=33 (217 positions): emitted 281 radix nodes  (cum total 1005321, max_ep_depth=16, 1.1s)
[radix-corpus] subtree char=34 (345 positions): emitted 456 radix nodes  (cum total 1005777, max_ep_depth=16, 1.1s)
[radix-corpus] subtree char=35 (2908 positions): emitted 4098 radix nodes  (cum total 1009875, max_ep_depth=16, 1.1s)
[radix-corpus] subtree char=36 (278 positions): emitted 353 radix nodes  (cum total 1010228, max_ep_depth=16, 1.1s)
[radix-corpus] subtree char=37 (1141 positions): emitted 1672 radix nodes  (cum total 1011900, max_ep_depth=16, 1.1s)
[radix-corpus] subtree char=38 (21 positions): emitted 31 radix nodes  (cum total 1011931, max_ep_depth=16, 1.1s)
[radix-corpus] subtree char=39 (184098 positions): emitted 266606 radix nodes  (cum total 1278537, max_ep_depth=16, 1.4s)
[radix-corpus] subtree char=40 (35011 positions): emitted 50943 radix nodes  (cum total 1329480, max_ep_depth=16, 1.4s)
[radix-corpus] subtree char=41 (52572 positions): emitted 76071 radix nodes  (cum total 1405551, max_ep_depth=16, 1.5s)
[radix-corpus] subtree char=42 (97813 positions): emitted 142196 radix nodes  (cum total 1547747, max_ep_depth=16, 1.6s)
[radix-corpus] subtree char=43 (288744 positions): emitted 418816 radix nodes  (cum total 1966563, max_ep_depth=16, 2.0s)
[radix-corpus] subtree char=44 (49945 positions): emitted 72519 radix nodes  (cum total 2039082, max_ep_depth=16, 2.1s)
[radix-corpus] subtree char=45 (47568 positions): emitted 69732 radix nodes  (cum total 2108814, max_ep_depth=16, 2.1s)
[radix-corpus] subtree char=46 (148489 positions): emitted 213133 radix nodes  (cum total 2321947, max_ep_depth=16, 2.3s)
[radix-corpus] subtree char=47 (150970 positions): emitted 218088 radix nodes  (cum total 2540035, max_ep_depth=16, 2.4s)
[radix-corpus] subtree char=48 (1939 positions): emitted 2862 radix nodes  (cum total 2542897, max_ep_depth=16, 2.4s)
[radix-corpus] subtree char=49 (18079 positions): emitted 26281 radix nodes  (cum total 2569178, max_ep_depth=16, 2.4s)
[radix-corpus] subtree char=50 (93679 positions): emitted 136788 radix nodes  (cum total 2705966, max_ep_depth=16, 2.5s)
[radix-corpus] subtree char=51 (56010 positions): emitted 81587 radix nodes  (cum total 2787553, max_ep_depth=16, 2.6s)
[radix-corpus] subtree char=52 (161070 positions): emitted 234337 radix nodes  (cum total 3021890, max_ep_depth=16, 2.7s)
[radix-corpus] subtree char=53 (173628 positions): emitted 251669 radix nodes  (cum total 3273559, max_ep_depth=16, 2.9s)
[radix-corpus] subtree char=54 (37610 positions): emitted 54778 radix nodes  (cum total 3328337, max_ep_depth=16, 3.0s)
[radix-corpus] subtree char=55 (2738 positions): emitted 3896 radix nodes  (cum total 3332233, max_ep_depth=16, 3.0s)
[radix-corpus] subtree char=56 (133359 positions): emitted 194328 radix nodes  (cum total 3526561, max_ep_depth=16, 3.1s)
[radix-corpus] subtree char=57 (146400 positions): emitted 212687 radix nodes  (cum total 3739248, max_ep_depth=16, 3.3s)
[radix-corpus] subtree char=58 (205646 positions): emitted 295213 radix nodes  (cum total 4034461, max_ep_depth=16, 3.5s)
[radix-corpus] subtree char=59 (65101 positions): emitted 94549 radix nodes  (cum total 4129010, max_ep_depth=16, 3.5s)
[radix-corpus] subtree char=60 (21472 positions): emitted 31294 radix nodes  (cum total 4160304, max_ep_depth=16, 3.6s)
[radix-corpus] subtree char=61 (51950 positions): emitted 75013 radix nodes  (cum total 4235317, max_ep_depth=16, 3.6s)
[radix-corpus] subtree char=62 (2833 positions): emitted 4195 radix nodes  (cum total 4239512, max_ep_depth=16, 3.6s)
[radix-corpus] subtree char=63 (45828 positions): emitted 67325 radix nodes  (cum total 4306837, max_ep_depth=16, 3.6s)
[radix-corpus] subtree char=64 (1850 positions): emitted 2600 radix nodes  (cum total 4309437, max_ep_depth=16, 3.6s)
[radix-corpus] done: 4309437 radix nodes, 22245122 total edge chars, 17 endpoint depths, 3.63s
  radix_count:        4309437
  total_edge_chars:   22245122
  max_endpoint_depth: 16
