[radix-corpus] corpus: /tmp/shake_ms_n100_se5_51pct.txt (2550000 tokens, vocab=65)
[radix-corpus] max_depth=16, output=/tmp/shake_ms_n100_se5_51pct_d16_radix
[radix-corpus] subtree char=0 (48311 positions): emitted 69328 radix nodes  (cum total 69329, max_ep_depth=16, 0.0s)
[radix-corpus] subtree char=1 (416989 positions): emitted 582498 radix nodes  (cum total 651827, max_ep_depth=16, 0.7s)
[radix-corpus] subtree char=2 (2929 positions): emitted 4181 radix nodes  (cum total 656008, max_ep_depth=16, 0.7s)
[radix-corpus] subtree char=3 (2 positions): emitted 3 radix nodes  (cum total 656011, max_ep_depth=16, 0.7s)
[radix-corpus] subtree char=4 (3 positions): emitted 4 radix nodes  (cum total 656015, max_ep_depth=16, 0.7s)
[radix-corpus] subtree char=5 (15921 positions): emitted 21959 radix nodes  (cum total 677974, max_ep_depth=16, 0.7s)
[radix-corpus] subtree char=6 (39598 positions): emitted 55525 radix nodes  (cum total 733499, max_ep_depth=16, 0.8s)
[radix-corpus] subtree char=7 (7623 positions): emitted 11382 radix nodes  (cum total 744881, max_ep_depth=16, 0.8s)
[radix-corpus] subtree char=8 (19507 positions): emitted 27087 radix nodes  (cum total 771968, max_ep_depth=16, 0.8s)
[radix-corpus] subtree char=9 (113 positions): emitted 129 radix nodes  (cum total 772097, max_ep_depth=16, 0.8s)
[radix-corpus] subtree char=10 (683 positions): emitted 997 radix nodes  (cum total 773094, max_ep_depth=16, 0.8s)
[radix-corpus] subtree char=11 (6778 positions): emitted 9756 radix nodes  (cum total 782850, max_ep_depth=16, 0.8s)
[radix-corpus] subtree char=12 (2221 positions): emitted 3194 radix nodes  (cum total 786044, max_ep_depth=16, 0.8s)
[radix-corpus] subtree char=13 (3672 positions): emitted 5131 radix nodes  (cum total 791175, max_ep_depth=16, 0.8s)
[radix-corpus] subtree char=14 (2869 positions): emitted 4080 radix nodes  (cum total 795255, max_ep_depth=16, 0.8s)
[radix-corpus] subtree char=15 (2467 positions): emitted 3056 radix nodes  (cum total 798311, max_ep_depth=16, 0.8s)
[radix-corpus] subtree char=16 (1952 positions): emitted 2762 radix nodes  (cum total 801073, max_ep_depth=16, 0.8s)
[radix-corpus] subtree char=17 (1832 positions): emitted 2237 radix nodes  (cum total 803310, max_ep_depth=16, 0.8s)
[radix-corpus] subtree char=18 (1187 positions): emitted 1682 radix nodes  (cum total 804992, max_ep_depth=16, 0.8s)
[radix-corpus] subtree char=19 (966 positions): emitted 1350 radix nodes  (cum total 806342, max_ep_depth=16, 0.8s)
[radix-corpus] subtree char=20 (2808 positions): emitted 3851 radix nodes  (cum total 810193, max_ep_depth=16, 0.8s)
[radix-corpus] subtree char=21 (8059 positions): emitted 10976 radix nodes  (cum total 821169, max_ep_depth=16, 0.8s)
[radix-corpus] subtree char=22 (818 positions): emitted 1173 radix nodes  (cum total 822342, max_ep_depth=16, 0.8s)
[radix-corpus] subtree char=23 (259 positions): emitted 355 radix nodes  (cum total 822697, max_ep_depth=16, 0.8s)
[radix-corpus] subtree char=24 (2135 positions): emitted 2954 radix nodes  (cum total 825651, max_ep_depth=16, 0.8s)
[radix-corpus] subtree char=25 (3756 positions): emitted 4672 radix nodes  (cum total 830323, max_ep_depth=16, 0.8s)
[radix-corpus] subtree char=26 (1342 positions): emitted 1920 radix nodes  (cum total 832243, max_ep_depth=16, 0.8s)
[radix-corpus] subtree char=27 (980 positions): emitted 1379 radix nodes  (cum total 833622, max_ep_depth=16, 0.8s)
[radix-corpus] subtree char=28 (1758 positions): emitted 2373 radix nodes  (cum total 835995, max_ep_depth=16, 0.8s)
[radix-corpus] subtree char=29 (346 positions): emitted 480 radix nodes  (cum total 836475, max_ep_depth=16, 0.8s)
[radix-corpus] subtree char=30 (999 positions): emitted 1309 radix nodes  (cum total 837784, max_ep_depth=16, 0.8s)
[radix-corpus] subtree char=31 (3078 positions): emitted 4386 radix nodes  (cum total 842170, max_ep_depth=16, 0.8s)
[radix-corpus] subtree char=32 (4509 positions): emitted 6328 radix nodes  (cum total 848498, max_ep_depth=16, 0.8s)
[radix-corpus] subtree char=33 (170 positions): emitted 242 radix nodes  (cum total 848740, max_ep_depth=16, 0.8s)
[radix-corpus] subtree char=34 (272 positions): emitted 359 radix nodes  (cum total 849099, max_ep_depth=16, 0.8s)
[radix-corpus] subtree char=35 (2375 positions): emitted 3366 radix nodes  (cum total 852465, max_ep_depth=16, 0.8s)
[radix-corpus] subtree char=36 (181 positions): emitted 223 radix nodes  (cum total 852688, max_ep_depth=16, 0.8s)
[radix-corpus] subtree char=37 (905 positions): emitted 1343 radix nodes  (cum total 854031, max_ep_depth=16, 0.8s)
[radix-corpus] subtree char=38 (20 positions): emitted 30 radix nodes  (cum total 854061, max_ep_depth=16, 0.8s)
[radix-corpus] subtree char=39 (156433 positions): emitted 227189 radix nodes  (cum total 1081250, max_ep_depth=16, 1.0s)
[radix-corpus] subtree char=40 (30142 positions): emitted 43961 radix nodes  (cum total 1125211, max_ep_depth=16, 1.0s)
[radix-corpus] subtree char=41 (45244 positions): emitted 65623 radix nodes  (cum total 1190834, max_ep_depth=16, 1.0s)
[radix-corpus] subtree char=42 (81640 positions): emitted 119046 radix nodes  (cum total 1309880, max_ep_depth=16, 1.1s)
[radix-corpus] subtree char=43 (246690 positions): emitted 358786 radix nodes  (cum total 1668666, max_ep_depth=16, 1.4s)
[radix-corpus] subtree char=44 (42931 positions): emitted 62360 radix nodes  (cum total 1731026, max_ep_depth=16, 1.4s)
[radix-corpus] subtree char=45 (40440 positions): emitted 59315 radix nodes  (cum total 1790341, max_ep_depth=16, 1.5s)
[radix-corpus] subtree char=46 (126788 positions): emitted 182574 radix nodes  (cum total 1972915, max_ep_depth=16, 1.6s)
[radix-corpus] subtree char=47 (129551 positions): emitted 187634 radix nodes  (cum total 2160549, max_ep_depth=16, 1.7s)
[radix-corpus] subtree char=48 (1715 positions): emitted 2538 radix nodes  (cum total 2163087, max_ep_depth=16, 1.7s)
[radix-corpus] subtree char=49 (14959 positions): emitted 21806 radix nodes  (cum total 2184893, max_ep_depth=16, 1.7s)
[radix-corpus] subtree char=50 (81208 positions): emitted 118773 radix nodes  (cum total 2303666, max_ep_depth=16, 1.8s)
[radix-corpus] subtree char=51 (46826 positions): emitted 68334 radix nodes  (cum total 2372000, max_ep_depth=16, 1.8s)
[radix-corpus] subtree char=52 (137646 positions): emitted 200641 radix nodes  (cum total 2572641, max_ep_depth=16, 2.0s)
[radix-corpus] subtree char=53 (146869 positions): emitted 213428 radix nodes  (cum total 2786069, max_ep_depth=16, 2.2s)
[radix-corpus] subtree char=54 (32163 positions): emitted 46936 radix nodes  (cum total 2833005, max_ep_depth=16, 2.2s)
[radix-corpus] subtree char=55 (2418 positions): emitted 3437 radix nodes  (cum total 2836442, max_ep_depth=16, 2.2s)
[radix-corpus] subtree char=56 (114213 positions): emitted 166593 radix nodes  (cum total 3003035, max_ep_depth=16, 2.3s)
[radix-corpus] subtree char=57 (125921 positions): emitted 183374 radix nodes  (cum total 3186409, max_ep_depth=16, 2.4s)
[radix-corpus] subtree char=58 (175230 positions): emitted 252230 radix nodes  (cum total 3438639, max_ep_depth=16, 2.6s)
[radix-corpus] subtree char=59 (55443 positions): emitted 80689 radix nodes  (cum total 3519328, max_ep_depth=16, 2.7s)
[radix-corpus] subtree char=60 (18448 positions): emitted 26965 radix nodes  (cum total 3546293, max_ep_depth=16, 2.7s)
[radix-corpus] subtree char=61 (43695 positions): emitted 63290 radix nodes  (cum total 3609583, max_ep_depth=16, 2.7s)
[radix-corpus] subtree char=62 (2424 positions): emitted 3606 radix nodes  (cum total 3613189, max_ep_depth=16, 2.7s)
[radix-corpus] subtree char=63 (38830 positions): emitted 57170 radix nodes  (cum total 3670359, max_ep_depth=16, 2.8s)
[radix-corpus] subtree char=64 (1740 positions): emitted 2441 radix nodes  (cum total 3672800, max_ep_depth=16, 2.8s)
[radix-corpus] done: 3672800 radix nodes, 19280518 total edge chars, 17 endpoint depths, 2.78s
  radix_count:        3672800
  total_edge_chars:   19280518
  max_endpoint_depth: 16
