AGPT CUDA Training Engine
  Model: d=64 heads=4 layers=2 ff=256 vocab=65 seq=32 head_dim=16
  Loaded 108481 weight floats (423.8 KB)
  Loaded optimizer state from checkpoint (adam_t=22875)
  LR schedule horizon: 500 total SE (override; this call runs 5 SE)
Loading radix trie from /tmp/shake_ms_n100_se5_72pct_d16_radix...
  Radix trie: 5148649 nodes, 26030223 total edge chars, 17 endpoint depths
  Radix loaded: 8636276 counts entries, 44689576 ancestor char entries
  d_split: 3338643/5148649 nodes have a mass=1 ancestor (mean depth 10.25)
  lr-schedule: warmup-cosine (peak=0.003, warmup_epochs=1)
  optimizer: rmsprop (lr=0.003)
  entropy lambda: 1.000 (branching-endpoint icing enabled)
  mass weighting: log (head-of-edge count restores corpus-frequency exposure)
  curriculum: flat (d=max each epoch)
  max edge_len: 15, max ancestor chars: 15, max KV per node: 30, max endpoint depth: 16
  mass=1 compaction: 22531707 / 26030223 chars are mass=1 (86.6%); cache holds 3498516 positions
  loop points: 101315 (mass>1 leaves; 5.6% of 1810005 mass>1 nodes)
  KV cache: 1791.2 MB unified memory (bf16 compact)
  GPU memory: 2998.1 MB used, 5188.7 MB free, 8186.8 MB total
  65 root-child subtrees: sizes min=3 max=821683 avg=79210.0 (total=5148648 radix nodes)
Epoch 1: loss=1.514338  (16.28 sec, 65 subtrees, 557 chunks, 26030221 nodes)
  residual top-10 (subtree_mass × max(avg_loss − 1.514, 0)):
    rc   rootID   mass      avg_loss     score 
    59   4819169  648135    1.6082       60837.8
    1    99529    5824255   1.5215       41641.1
    5    926969   223058    1.5725       12972.7
    39   1216893  1930613   1.5194       9786.9
    44   2357235  512055    1.5299       7980.8
    6    963792   556511    1.5286       7949.8
    7    1043112  68102     1.6266       7645.8
    40   1536539  348147    1.5338       6782.8
    54   3916776  374520    1.5310       6250.3
    32   1199581  49827     1.6219       5360.1
    top-10: 33.0% of mass, 73.2% of excess-loss
Epoch 2: loss=1.520926  (16.02 sec, 65 subtrees, 557 chunks, 26030220 nodes)
  residual top-10 (subtree_mass × max(avg_loss − 1.521, 0)):
    rc   rootID   mass      avg_loss     score 
    59   4819169  648135    1.7403       142168.6
    58   4467387  2282699   1.5382       39411.5
    54   3916776  374520    1.5651       16551.1
    5    926969   223058    1.5725       11502.8
    60   4932367  216129    1.5588       8188.9
    7    1043112  68102     1.6249       7078.4
    44   2357235  512055    1.5315       5402.9
    32   1199581  49827     1.6212       4997.6
    25   1176929  47666     1.6231       4871.9
    15   1128657  24746     1.7144       4788.5
    top-10: 13.9% of mass, 82.0% of excess-loss
Epoch 3: loss=1.513578  (16.04 sec, 65 subtrees, 557 chunks, 26030219 nodes)
  residual top-10 (subtree_mass × max(avg_loss − 1.514, 0)):
    rc   rootID   mass      avg_loss     score 
    1    99529    5824255   1.5243       62332.1
    59   4819169  648135    1.5651       33391.8
    39   1216893  1930613   1.5223       16865.5
    5    926969   223058    1.5756       13841.8
    6    963792   556511    1.5325       10534.9
    7    1043112  68102     1.6296       7900.6
    44   2357235  512055    1.5290       7875.8
    40   1536539  348147    1.5343       7219.9
    32   1199581  49827     1.6246       5534.4
    25   1176929  47666     1.6267       5393.2
    top-10: 31.9% of mass, 74.2% of excess-loss
Epoch 4: loss=1.512363  (16.04 sec, 65 subtrees, 557 chunks, 26030222 nodes)
  residual top-10 (subtree_mass × max(avg_loss − 1.512, 0)):
    rc   rootID   mass      avg_loss     score 
    59   4819169  648135    1.5918       51490.3
    1    99529    5824255   1.5192       40065.1
    5    926969   223058    1.5680       12420.7
    39   1216893  1930613   1.5174       9815.2
    7    1043112  68102     1.6245       7636.3
    44   2357235  512055    1.5272       7592.2
    6    963792   556511    1.5255       7301.7
    40   1536539  348147    1.5311       6527.3
    54   3916776  374520    1.5282       5916.4
    32   1199581  49827     1.6199       5360.1
    top-10: 33.0% of mass, 71.8% of excess-loss
Epoch 5: loss=1.515047  (16.03 sec, 65 subtrees, 557 chunks, 26030222 nodes)
  residual top-10 (subtree_mass × max(avg_loss − 1.515, 0)):
    rc   rootID   mass      avg_loss     score 
    59   4819169  648135    1.6523       88927.0
    1    99529    5824255   1.5188       22074.5
    58   4467387  2282699   1.5218       15411.6
    5    926969   223058    1.5700       12260.8
    44   2357235  512055    1.5296       7467.3
    7    1043112  68102     1.6239       7415.5
    60   4932367  216129    1.5480       7118.4
    40   1536539  348147    1.5327       6157.6
    6    963792   556511    1.5253       5733.0
    32   1199581  49827     1.6214       5296.8
    top-10: 33.6% of mass, 73.1% of excess-loss
Saved to /home/trans/Projects/agpt/rnd/streaming-agpt-v1/models/seed300_ms_n100_se5_stage72.model
Done.
  Appended optimizer state to /home/trans/Projects/agpt/rnd/streaming-agpt-v1/models/seed300_ms_n100_se5_stage72.model (adam_t=23200)
