AGPT CUDA Training Engine
  Model: d=64 heads=4 layers=2 ff=256 vocab=65 seq=32 head_dim=16
  Loaded 108481 weight floats (423.8 KB)
  Loaded optimizer state from checkpoint (adam_t=14425)
  LR schedule horizon: 500 total SE (override; this call runs 5 SE)
Loading radix trie from /tmp/shake_ms_n100_se5_46pct_d16_radix...
  Radix trie: 3317069 nodes, 17611920 total edge chars, 17 endpoint depths
  Radix loaded: 5557539 counts entries, 27558721 ancestor char entries
  d_split: 2162958/3317069 nodes have a mass=1 ancestor (mean depth 9.89)
  lr-schedule: warmup-cosine (peak=0.003, warmup_epochs=1)
  optimizer: rmsprop (lr=0.003)
  entropy lambda: 1.000 (branching-endpoint icing enabled)
  mass weighting: log (head-of-edge count restores corpus-frequency exposure)
  curriculum: flat (d=max each epoch)
  max edge_len: 15, max ancestor chars: 15, max KV per node: 30, max endpoint depth: 16
  mass=1 compaction: 15380054 / 17611920 chars are mass=1 (87.3%); cache holds 2231866 positions
  loop points: 53535 (mass>1 leaves; 4.6% of 1154110 mass>1 nodes)
  KV cache: 1142.7 MB unified memory (bf16 compact)
  GPU memory: 2897.4 MB used, 5289.4 MB free, 8186.8 MB total
  65 root-child subtrees: sizes min=3 max=526824 avg=51031.8 (total=3317068 radix nodes)
Epoch 1: loss=1.614512  (10.85 sec, 65 subtrees, 394 chunks, 17611920 nodes)
  residual top-10 (subtree_mass × max(avg_loss − 1.615, 0)):
    rc   rootID   mass      avg_loss     score 
    59   3104803  397239    1.9235       122750.3
    58   2876144  1414204   1.6762       87263.1
    54   2514976  234247    1.9489       78338.0
    57   2710027  955298    1.6305       15307.5
    53   2322766  1102761   1.6241       10606.4
    56   2560756  819589    1.6272       10395.6
    60   3177827  137063    1.6859       9778.3
    5    592553   105651    1.6766       6558.0
    44   1504501  320543    1.6298       4904.6
    40   975011   220412    1.6338       4244.6
    top-10: 29.1% of mass, 92.3% of excess-loss
Epoch 2: loss=1.593764  (10.70 sec, 65 subtrees, 394 chunks, 17611920 nodes)
  residual top-10 (subtree_mass × max(avg_loss − 1.594, 0)):
    rc   rootID   mass      avg_loss     score 
    59   3104803  397239    1.7779       73155.2
    1    61980    3558578   1.5993       19578.4
    54   2514976  234247    1.6619       15960.1
    58   2876144  1414204   1.6047       15522.4
    39   769996   1171916   1.6044       12470.3
    5    592553   105651    1.6813       9249.6
    44   1504501  320543    1.6186       7969.2
    6    611761   325159    1.6179       7835.1
    40   975011   220412    1.6293       7829.9
    60   3177827  137063    1.6424       6670.0
    top-10: 40.3% of mass, 83.3% of excess-loss
Epoch 3: loss=1.608018  (10.70 sec, 65 subtrees, 394 chunks, 17611920 nodes)
  residual top-10 (subtree_mass × max(avg_loss − 1.608, 0)):
    rc   rootID   mass      avg_loss     score 
    59   3104803  397239    2.1121       200255.2
    58   2876144  1414204   1.6621       76438.2
    54   2514976  234247    1.7817       40692.2
    60   3177827  137063    1.7744       22806.6
    61   3202422  337023    1.6712       21302.4
    5    592553   105651    1.6705       6599.5
    40   975011   220412    1.6312       5108.3
    7    661398   43549     1.7037       4166.0
    2    588804   17547     1.7470       2439.3
    15   717448   17219     1.7364       2209.9
    top-10: 14.9% of mass, 95.4% of excess-loss
Epoch 4: loss=1.590611  (10.71 sec, 65 subtrees, 394 chunks, 17611920 nodes)
  residual top-10 (subtree_mass × max(avg_loss − 1.591, 0)):
    rc   rootID   mass      avg_loss     score 
    59   3104803  397239    1.7477       62411.1
    1    61980    3558578   1.5992       30615.6
    39   769996   1171916   1.6160       29805.3
    40   975011   220412    1.6550       14192.1
    44   1504501  320543    1.6192       9175.5
    5    592553   105651    1.6769       9115.7
    54   2514976  234247    1.6272       8566.7
    6    611761   325159    1.6146       7805.0
    60   3177827  137063    1.6386       6575.7
    7    661398   43549     1.7079       5106.8
    top-10: 33.3% of mass, 86.6% of excess-loss
Epoch 5: loss=1.584001  (10.71 sec, 65 subtrees, 394 chunks, 17611920 nodes)
  residual top-10 (subtree_mass × max(avg_loss − 1.584, 0)):
    rc   rootID   mass      avg_loss     score 
    59   3104803  397239    1.7410       62351.6
    54   2514976  234247    1.6484       15091.9
    39   769996   1171916   1.5954       13377.8
    40   975011   220412    1.6259       9234.7
    1    61980    3558578   1.5864       8377.1
    5    592553   105651    1.6621       8246.8
    44   1504501  320543    1.6085       7860.1
    60   3177827  137063    1.6294       6219.2
    6    611761   325159    1.6024       5988.2
    7    661398   43549     1.7002       5060.6
    top-10: 33.3% of mass, 80.7% of excess-loss
Saved to /home/trans/Projects/agpt/rnd/streaming-agpt-v1/models/seed200_ms_n100_se5_stage46.model
Done.
  Appended optimizer state to /home/trans/Projects/agpt/rnd/streaming-agpt-v1/models/seed200_ms_n100_se5_stage46.model (adam_t=14750)
