AGPT CUDA Training Engine
  Model: d=64 heads=4 layers=2 ff=256 vocab=65 seq=32 head_dim=16
  Loaded 108481 weight floats (423.8 KB)
  Loaded optimizer state from checkpoint (adam_t=19625)
  LR schedule horizon: 500 total SE (override; this call runs 5 SE)
Loading radix trie from /tmp/shake_ms_n100_se5_62pct_d16_radix...
  Radix trie: 4449812 nodes, 22887891 total edge chars, 17 endpoint depths
  Radix loaded: 7459855 counts entries, 38045359 ancestor char entries
  d_split: 2891128/4449812 nodes have a mass=1 ancestor (mean depth 10.13)
  lr-schedule: warmup-cosine (peak=0.003, warmup_epochs=1)
  optimizer: rmsprop (lr=0.003)
  entropy lambda: 1.000 (branching-endpoint icing enabled)
  mass weighting: log (head-of-edge count restores corpus-frequency exposure)
  curriculum: flat (d=max each epoch)
  max edge_len: 15, max ancestor chars: 15, max KV per node: 30, max endpoint depth: 16
  mass=1 compaction: 19875679 / 22887891 chars are mass=1 (86.8%); cache holds 3012212 positions
  loop points: 81449 (mass>1 leaves; 5.2% of 1558683 mass>1 nodes)
  KV cache: 1542.3 MB unified memory (bf16 compact)
  GPU memory: 2962.4 MB used, 5224.4 MB free, 8186.8 MB total
  65 root-child subtrees: sizes min=3 max=708500 avg=68458.6 (total=4449811 radix nodes)
Epoch 1: loss=1.607415  (14.20 sec, 65 subtrees, 498 chunks, 22887891 nodes)
  residual top-10 (subtree_mass × max(avg_loss − 1.607, 0)):
    rc   rootID   mass      avg_loss     score 
    59   4165789  548634    1.6990       50274.1
    6    828978   466787    1.7110       48358.8
    39   1046313  1633652   1.6280       33608.2
    5    799042   175982    1.7786       30130.6
    44   2032251  438372    1.6717       28189.1
    7    897163   59368     1.7633       9253.8
    8    910680   217078    1.6475       8712.0
    54   3381263  320535    1.6263       6061.1
    49   2626391  149115    1.6474       5955.2
    32   1031550  43955     1.7339       5561.7
    top-10: 14.9% of mass, 78.9% of excess-loss
Epoch 2: loss=1.589165  (14.03 sec, 65 subtrees, 498 chunks, 22887891 nodes)
  residual top-10 (subtree_mass × max(avg_loss − 1.589, 0)):
    rc   rootID   mass      avg_loss     score 
    1    85356    4929400   1.6076       91074.3
    59   4165789  548634    1.6223       18188.7
    39   1046313  1633652   1.5990       16124.5
    44   2032251  438372    1.6258       16074.6
    6    828978   466787    1.6141       11660.0
    5    799042   175982    1.6484       10424.1
    7    897163   59368     1.6966       6375.8
    54   3381263  320535    1.6063       5491.7
    32   1031550  43955     1.6967       4728.8
    40   1321953  296640    1.6050       4701.9
    top-10: 32.9% of mass, 80.7% of excess-loss
Epoch 3: loss=1.587632  (14.04 sec, 65 subtrees, 498 chunks, 22887891 nodes)
  residual top-10 (subtree_mass × max(avg_loss − 1.588, 0)):
    rc   rootID   mass      avg_loss     score 
    59   4165789  548634    1.7044       64048.9
    1    85356    4929400   1.5927       24889.9
    54   3381263  320535    1.6490       19656.4
    44   2032251  438372    1.6143       11690.9
    5    799042   175982    1.6404       9280.7
    58   3861099  1941474   1.5919       8201.4
    6    828978   466787    1.6043       7776.1
    39   1046313  1633652   1.5919       6947.1
    7    897163   59368     1.6885       5989.3
    60   4263493  184893    1.6199       5964.1
    top-10: 39.4% of mass, 77.0% of excess-loss
Epoch 4: loss=1.586625  (14.05 sec, 65 subtrees, 498 chunks, 22887891 nodes)
  residual top-10 (subtree_mass × max(avg_loss − 1.587, 0)):
    rc   rootID   mass      avg_loss     score 
    59   4165789  548634    1.7274       77256.5
    1    85356    4929400   1.5917       24899.6
    54   3381263  320535    1.6399       17078.5
    58   3861099  1941474   1.5923       11110.5
    44   2032251  438372    1.6067       8785.2
    5    799042   175982    1.6357       8627.9
    7    897163   59368     1.6876       5996.4
    39   1046313  1633652   1.5900       5586.9
    6    828978   466787    1.5985       5546.9
    60   4263493  184893    1.6135       4963.7
    top-10: 39.4% of mass, 77.9% of excess-loss
Epoch 5: loss=1.590734  (14.05 sec, 65 subtrees, 498 chunks, 22887891 nodes)
  residual top-10 (subtree_mass × max(avg_loss − 1.591, 0)):
    rc   rootID   mass      avg_loss     score 
    59   4165789  548634    1.8374       135318.2
    58   3861099  1941474   1.6137       44675.4
    54   3381263  320535    1.6543       20377.2
    5    799042   175982    1.6373       8189.3
    60   4263493  184893    1.6261       6531.0
    44   2032251  438372    1.6043       5945.9
    7    897163   59368     1.6861       5660.3
    32   1031550  43955     1.6871       4235.7
    31   1026542  25235     1.7313       3547.4
    15   971808   22719     1.7456       3519.5
    top-10: 13.9% of mass, 86.0% of excess-loss
Saved to /home/trans/Projects/agpt/rnd/streaming-agpt-v1/models/seed100_ms_n100_se5_stage62.model
Done.
  Appended optimizer state to /home/trans/Projects/agpt/rnd/streaming-agpt-v1/models/seed100_ms_n100_se5_stage62.model (adam_t=19950)
