[radix-corpus] corpus: /tmp/shake_ms_n100_se5_94pct.txt (4700000 tokens, vocab=65)
[radix-corpus] max_depth=16, output=/tmp/shake_ms_n100_se5_94pct_d16_radix
[radix-corpus] subtree char=0 (92923 positions): emitted 130638 radix nodes  (cum total 130639, max_ep_depth=16, 0.1s)
[radix-corpus] subtree char=1 (773216 positions): emitted 1054580 radix nodes  (cum total 1185219, max_ep_depth=16, 1.9s)
[radix-corpus] subtree char=2 (5669 positions): emitted 7951 radix nodes  (cum total 1193170, max_ep_depth=16, 1.9s)
[radix-corpus] subtree char=3 (2 positions): emitted 3 radix nodes  (cum total 1193173, max_ep_depth=16, 1.9s)
[radix-corpus] subtree char=4 (4 positions): emitted 5 radix nodes  (cum total 1193178, max_ep_depth=16, 1.9s)
[radix-corpus] subtree char=5 (37998 positions): emitted 51086 radix nodes  (cum total 1244264, max_ep_depth=16, 1.9s)
[radix-corpus] subtree char=6 (72734 positions): emitted 99339 radix nodes  (cum total 1343603, max_ep_depth=16, 2.0s)
[radix-corpus] subtree char=7 (11454 positions): emitted 17029 radix nodes  (cum total 1360632, max_ep_depth=16, 2.0s)
[radix-corpus] subtree char=8 (40051 positions): emitted 55012 radix nodes  (cum total 1415644, max_ep_depth=16, 2.0s)
[radix-corpus] subtree char=9 (122 positions): emitted 140 radix nodes  (cum total 1415784, max_ep_depth=16, 2.0s)
[radix-corpus] subtree char=10 (1170 positions): emitted 1697 radix nodes  (cum total 1417481, max_ep_depth=16, 2.0s)
[radix-corpus] subtree char=11 (8630 positions): emitted 12448 radix nodes  (cum total 1429929, max_ep_depth=16, 2.0s)
[radix-corpus] subtree char=12 (4777 positions): emitted 6643 radix nodes  (cum total 1436572, max_ep_depth=16, 2.0s)
[radix-corpus] subtree char=13 (7604 positions): emitted 10066 radix nodes  (cum total 1446638, max_ep_depth=16, 2.0s)
[radix-corpus] subtree char=14 (5218 positions): emitted 7429 radix nodes  (cum total 1454067, max_ep_depth=16, 2.0s)
[radix-corpus] subtree char=15 (4084 positions): emitted 4879 radix nodes  (cum total 1458946, max_ep_depth=16, 2.0s)
[radix-corpus] subtree char=16 (3209 positions): emitted 4500 radix nodes  (cum total 1463446, max_ep_depth=16, 2.0s)
[radix-corpus] subtree char=17 (3281 positions): emitted 3805 radix nodes  (cum total 1467251, max_ep_depth=16, 2.0s)
[radix-corpus] subtree char=18 (1935 positions): emitted 2738 radix nodes  (cum total 1469989, max_ep_depth=16, 2.0s)
[radix-corpus] subtree char=19 (1730 positions): emitted 2450 radix nodes  (cum total 1472439, max_ep_depth=16, 2.0s)
[radix-corpus] subtree char=20 (6322 positions): emitted 8298 radix nodes  (cum total 1480737, max_ep_depth=16, 2.0s)
[radix-corpus] subtree char=21 (19604 positions): emitted 25881 radix nodes  (cum total 1506618, max_ep_depth=16, 2.1s)
[radix-corpus] subtree char=22 (2112 positions): emitted 3030 radix nodes  (cum total 1509648, max_ep_depth=16, 2.1s)
[radix-corpus] subtree char=23 (660 positions): emitted 925 radix nodes  (cum total 1510573, max_ep_depth=16, 2.1s)
[radix-corpus] subtree char=24 (2856 positions): emitted 4006 radix nodes  (cum total 1514579, max_ep_depth=16, 2.1s)
[radix-corpus] subtree char=25 (6620 positions): emitted 7885 radix nodes  (cum total 1522464, max_ep_depth=16, 2.1s)
[radix-corpus] subtree char=26 (2722 positions): emitted 3866 radix nodes  (cum total 1526330, max_ep_depth=16, 2.1s)
[radix-corpus] subtree char=27 (1981 positions): emitted 2834 radix nodes  (cum total 1529164, max_ep_depth=16, 2.1s)
[radix-corpus] subtree char=28 (5341 positions): emitted 6021 radix nodes  (cum total 1535185, max_ep_depth=16, 2.1s)
[radix-corpus] subtree char=29 (376 positions): emitted 520 radix nodes  (cum total 1535705, max_ep_depth=16, 2.1s)
[radix-corpus] subtree char=30 (2390 positions): emitted 2864 radix nodes  (cum total 1538569, max_ep_depth=16, 2.1s)
[radix-corpus] subtree char=31 (4766 positions): emitted 6825 radix nodes  (cum total 1545394, max_ep_depth=16, 2.1s)
[radix-corpus] subtree char=32 (8642 positions): emitted 11552 radix nodes  (cum total 1556946, max_ep_depth=16, 2.1s)
[radix-corpus] subtree char=33 (299 positions): emitted 402 radix nodes  (cum total 1557348, max_ep_depth=16, 2.1s)
[radix-corpus] subtree char=34 (992 positions): emitted 1145 radix nodes  (cum total 1558493, max_ep_depth=16, 2.1s)
[radix-corpus] subtree char=35 (4968 positions): emitted 6925 radix nodes  (cum total 1565418, max_ep_depth=16, 2.1s)
[radix-corpus] subtree char=36 (743 positions): emitted 658 radix nodes  (cum total 1566076, max_ep_depth=16, 2.1s)
[radix-corpus] subtree char=37 (1939 positions): emitted 2750 radix nodes  (cum total 1568826, max_ep_depth=16, 2.1s)
[radix-corpus] subtree char=38 (86 positions): emitted 126 radix nodes  (cum total 1568952, max_ep_depth=16, 2.1s)
[radix-corpus] subtree char=39 (287748 positions): emitted 412484 radix nodes  (cum total 1981436, max_ep_depth=16, 2.5s)
[radix-corpus] subtree char=40 (52306 positions): emitted 75428 radix nodes  (cum total 2056864, max_ep_depth=16, 2.5s)
[radix-corpus] subtree char=41 (81914 positions): emitted 116996 radix nodes  (cum total 2173860, max_ep_depth=16, 2.6s)
[radix-corpus] subtree char=42 (159141 positions): emitted 228395 radix nodes  (cum total 2402255, max_ep_depth=16, 2.8s)
[radix-corpus] subtree char=43 (448259 positions): emitted 642905 radix nodes  (cum total 3045160, max_ep_depth=16, 3.6s)
[radix-corpus] subtree char=44 (76871 positions): emitted 110959 radix nodes  (cum total 3156119, max_ep_depth=16, 3.6s)
[radix-corpus] subtree char=45 (74898 positions): emitted 109164 radix nodes  (cum total 3265283, max_ep_depth=16, 3.7s)
[radix-corpus] subtree char=46 (231007 positions): emitted 326527 radix nodes  (cum total 3591810, max_ep_depth=16, 4.0s)
[radix-corpus] subtree char=47 (235732 positions): emitted 336735 radix nodes  (cum total 3928545, max_ep_depth=16, 4.4s)
[radix-corpus] subtree char=48 (2987 positions): emitted 4396 radix nodes  (cum total 3932941, max_ep_depth=16, 4.4s)
[radix-corpus] subtree char=49 (30066 positions): emitted 43393 radix nodes  (cum total 3976334, max_ep_depth=16, 4.4s)
[radix-corpus] subtree char=50 (143457 positions): emitted 208445 radix nodes  (cum total 4184779, max_ep_depth=16, 4.6s)
[radix-corpus] subtree char=51 (88636 positions): emitted 128064 radix nodes  (cum total 4312843, max_ep_depth=16, 4.7s)
[radix-corpus] subtree char=52 (253960 positions): emitted 366144 radix nodes  (cum total 4678987, max_ep_depth=16, 5.0s)
[radix-corpus] subtree char=53 (273080 positions): emitted 392464 radix nodes  (cum total 5071451, max_ep_depth=16, 5.5s)
[radix-corpus] subtree char=54 (57481 positions): emitted 83094 radix nodes  (cum total 5154545, max_ep_depth=16, 5.5s)
[radix-corpus] subtree char=55 (3895 positions): emitted 5478 radix nodes  (cum total 5160023, max_ep_depth=16, 5.5s)
[radix-corpus] subtree char=56 (207441 positions): emitted 299702 radix nodes  (cum total 5459725, max_ep_depth=16, 5.9s)
[radix-corpus] subtree char=57 (226666 positions): emitted 326239 radix nodes  (cum total 5785964, max_ep_depth=16, 6.1s)
[radix-corpus] subtree char=58 (319394 positions): emitted 452120 radix nodes  (cum total 6238084, max_ep_depth=16, 6.7s)
[radix-corpus] subtree char=59 (100707 positions): emitted 145145 radix nodes  (cum total 6383229, max_ep_depth=16, 6.8s)
[radix-corpus] subtree char=60 (34513 positions): emitted 49936 radix nodes  (cum total 6433165, max_ep_depth=16, 6.8s)
[radix-corpus] subtree char=61 (82615 positions): emitted 117658 radix nodes  (cum total 6550823, max_ep_depth=16, 6.9s)
[radix-corpus] subtree char=62 (4577 positions): emitted 6661 radix nodes  (cum total 6557484, max_ep_depth=16, 6.9s)
[radix-corpus] subtree char=63 (70760 positions): emitted 103252 radix nodes  (cum total 6660736, max_ep_depth=16, 6.9s)
[radix-corpus] subtree char=64 (2659 positions): emitted 3805 radix nodes  (cum total 6664541, max_ep_depth=16, 6.9s)
[radix-corpus] done: 6664541 radix nodes, 32833093 total edge chars, 17 endpoint depths, 6.92s
  radix_count:        6664541
  total_edge_chars:   32833093
  max_endpoint_depth: 16
