[radix-corpus] corpus: /tmp/shake_ms_n100_se5_58pct.txt (2900000 tokens, vocab=65)
[radix-corpus] max_depth=16, output=/tmp/shake_ms_n100_se5_58pct_d16_radix
[radix-corpus] subtree char=0 (55608 positions): emitted 79689 radix nodes  (cum total 79690, max_ep_depth=16, 0.1s)
[radix-corpus] subtree char=1 (475881 positions): emitted 663196 radix nodes  (cum total 742886, max_ep_depth=16, 1.0s)
[radix-corpus] subtree char=2 (3411 positions): emitted 4862 radix nodes  (cum total 747748, max_ep_depth=16, 1.0s)
[radix-corpus] subtree char=3 (2 positions): emitted 3 radix nodes  (cum total 747751, max_ep_depth=16, 1.0s)
[radix-corpus] subtree char=4 (3 positions): emitted 4 radix nodes  (cum total 747755, max_ep_depth=16, 1.0s)
[radix-corpus] subtree char=5 (19774 positions): emitted 27127 radix nodes  (cum total 774882, max_ep_depth=16, 1.0s)
[radix-corpus] subtree char=6 (45678 positions): emitted 63718 radix nodes  (cum total 838600, max_ep_depth=16, 1.0s)
[radix-corpus] subtree char=7 (8558 positions): emitted 12772 radix nodes  (cum total 851372, max_ep_depth=16, 1.0s)
[radix-corpus] subtree char=8 (22813 positions): emitted 31655 radix nodes  (cum total 883027, max_ep_depth=16, 1.1s)
[radix-corpus] subtree char=9 (113 positions): emitted 129 radix nodes  (cum total 883156, max_ep_depth=16, 1.1s)
[radix-corpus] subtree char=10 (754 positions): emitted 1091 radix nodes  (cum total 884247, max_ep_depth=16, 1.1s)
[radix-corpus] subtree char=11 (7232 positions): emitted 10419 radix nodes  (cum total 894666, max_ep_depth=16, 1.1s)
[radix-corpus] subtree char=12 (2646 positions): emitted 3785 radix nodes  (cum total 898451, max_ep_depth=16, 1.1s)
[radix-corpus] subtree char=13 (4087 positions): emitted 5743 radix nodes  (cum total 904194, max_ep_depth=16, 1.1s)
[radix-corpus] subtree char=14 (3106 positions): emitted 4429 radix nodes  (cum total 908623, max_ep_depth=16, 1.1s)
[radix-corpus] subtree char=15 (2831 positions): emitted 3601 radix nodes  (cum total 912224, max_ep_depth=16, 1.1s)
[radix-corpus] subtree char=16 (2171 positions): emitted 3048 radix nodes  (cum total 915272, max_ep_depth=16, 1.1s)
[radix-corpus] subtree char=17 (2001 positions): emitted 2479 radix nodes  (cum total 917751, max_ep_depth=16, 1.1s)
[radix-corpus] subtree char=18 (1268 positions): emitted 1799 radix nodes  (cum total 919550, max_ep_depth=16, 1.1s)
[radix-corpus] subtree char=19 (1070 positions): emitted 1497 radix nodes  (cum total 921047, max_ep_depth=16, 1.1s)
[radix-corpus] subtree char=20 (3241 positions): emitted 4477 radix nodes  (cum total 925524, max_ep_depth=16, 1.1s)
[radix-corpus] subtree char=21 (10303 positions): emitted 14093 radix nodes  (cum total 939617, max_ep_depth=16, 1.1s)
[radix-corpus] subtree char=22 (1216 positions): emitted 1757 radix nodes  (cum total 941374, max_ep_depth=16, 1.1s)
[radix-corpus] subtree char=23 (269 positions): emitted 369 radix nodes  (cum total 941743, max_ep_depth=16, 1.1s)
[radix-corpus] subtree char=24 (2325 positions): emitted 3241 radix nodes  (cum total 944984, max_ep_depth=16, 1.1s)
[radix-corpus] subtree char=25 (4379 positions): emitted 5292 radix nodes  (cum total 950276, max_ep_depth=16, 1.1s)
[radix-corpus] subtree char=26 (1518 positions): emitted 2179 radix nodes  (cum total 952455, max_ep_depth=16, 1.1s)
[radix-corpus] subtree char=27 (1105 positions): emitted 1558 radix nodes  (cum total 954013, max_ep_depth=16, 1.1s)
[radix-corpus] subtree char=28 (2076 positions): emitted 2804 radix nodes  (cum total 956817, max_ep_depth=16, 1.1s)
[radix-corpus] subtree char=29 (354 positions): emitted 490 radix nodes  (cum total 957307, max_ep_depth=16, 1.1s)
[radix-corpus] subtree char=30 (1090 positions): emitted 1446 radix nodes  (cum total 958753, max_ep_depth=16, 1.1s)
[radix-corpus] subtree char=31 (3378 positions): emitted 4810 radix nodes  (cum total 963563, max_ep_depth=16, 1.1s)
[radix-corpus] subtree char=32 (5142 positions): emitted 7217 radix nodes  (cum total 970780, max_ep_depth=16, 1.1s)
[radix-corpus] subtree char=33 (211 positions): emitted 273 radix nodes  (cum total 971053, max_ep_depth=16, 1.1s)
[radix-corpus] subtree char=34 (339 positions): emitted 447 radix nodes  (cum total 971500, max_ep_depth=16, 1.1s)
[radix-corpus] subtree char=35 (2749 positions): emitted 3887 radix nodes  (cum total 975387, max_ep_depth=16, 1.1s)
[radix-corpus] subtree char=36 (271 positions): emitted 340 radix nodes  (cum total 975727, max_ep_depth=16, 1.1s)
[radix-corpus] subtree char=37 (1086 positions): emitted 1600 radix nodes  (cum total 977327, max_ep_depth=16, 1.1s)
[radix-corpus] subtree char=38 (21 positions): emitted 31 radix nodes  (cum total 977358, max_ep_depth=16, 1.1s)
[radix-corpus] subtree char=39 (177854 positions): emitted 257731 radix nodes  (cum total 1235089, max_ep_depth=16, 1.4s)
[radix-corpus] subtree char=40 (33902 positions): emitted 49340 radix nodes  (cum total 1284429, max_ep_depth=16, 1.4s)
[radix-corpus] subtree char=41 (50906 positions): emitted 73727 radix nodes  (cum total 1358156, max_ep_depth=16, 1.5s)
[radix-corpus] subtree char=42 (94104 positions): emitted 136843 radix nodes  (cum total 1494999, max_ep_depth=16, 1.5s)
[radix-corpus] subtree char=43 (279545 positions): emitted 405649 radix nodes  (cum total 1900648, max_ep_depth=16, 1.9s)
[radix-corpus] subtree char=44 (48434 positions): emitted 70356 radix nodes  (cum total 1971004, max_ep_depth=16, 2.0s)
[radix-corpus] subtree char=45 (45950 positions): emitted 67362 radix nodes  (cum total 2038366, max_ep_depth=16, 2.0s)
[radix-corpus] subtree char=46 (143984 positions): emitted 206878 radix nodes  (cum total 2245244, max_ep_depth=16, 2.3s)
[radix-corpus] subtree char=47 (146198 positions): emitted 211340 radix nodes  (cum total 2456584, max_ep_depth=16, 2.5s)
[radix-corpus] subtree char=48 (1885 positions): emitted 2782 radix nodes  (cum total 2459366, max_ep_depth=16, 2.5s)
[radix-corpus] subtree char=49 (17368 positions): emitted 25287 radix nodes  (cum total 2484653, max_ep_depth=16, 2.5s)
[radix-corpus] subtree char=50 (90856 positions): emitted 132714 radix nodes  (cum total 2617367, max_ep_depth=16, 2.6s)
[radix-corpus] subtree char=51 (53928 positions): emitted 78556 radix nodes  (cum total 2695923, max_ep_depth=16, 2.7s)
[radix-corpus] subtree char=52 (155743 positions): emitted 226662 radix nodes  (cum total 2922585, max_ep_depth=16, 2.9s)
[radix-corpus] subtree char=53 (167560 positions): emitted 243024 radix nodes  (cum total 3165609, max_ep_depth=16, 3.0s)
[radix-corpus] subtree char=54 (36385 positions): emitted 53013 radix nodes  (cum total 3218622, max_ep_depth=16, 3.1s)
[radix-corpus] subtree char=55 (2663 positions): emitted 3790 radix nodes  (cum total 3222412, max_ep_depth=16, 3.1s)
[radix-corpus] subtree char=56 (129378 positions): emitted 188556 radix nodes  (cum total 3410968, max_ep_depth=16, 3.2s)
[radix-corpus] subtree char=57 (142006 positions): emitted 206441 radix nodes  (cum total 3617409, max_ep_depth=16, 3.4s)
[radix-corpus] subtree char=58 (198965 positions): emitted 285818 radix nodes  (cum total 3903227, max_ep_depth=16, 3.7s)
[radix-corpus] subtree char=59 (62861 positions): emitted 91364 radix nodes  (cum total 3994591, max_ep_depth=16, 3.7s)
[radix-corpus] subtree char=60 (20741 positions): emitted 30264 radix nodes  (cum total 4024855, max_ep_depth=16, 3.7s)
[radix-corpus] subtree char=61 (50060 positions): emitted 72307 radix nodes  (cum total 4097162, max_ep_depth=16, 3.8s)
[radix-corpus] subtree char=62 (2725 positions): emitted 4037 radix nodes  (cum total 4101199, max_ep_depth=16, 3.8s)
[radix-corpus] subtree char=63 (44087 positions): emitted 64756 radix nodes  (cum total 4165955, max_ep_depth=16, 3.8s)
[radix-corpus] subtree char=64 (1832 positions): emitted 2573 radix nodes  (cum total 4168528, max_ep_depth=16, 3.8s)
[radix-corpus] done: 4168528 radix nodes, 21605408 total edge chars, 17 endpoint depths, 3.81s
  radix_count:        4168528
  total_edge_chars:   21605408
  max_endpoint_depth: 16
