[radix-corpus] corpus: /tmp/shake_ms_n100_se5_96pct.txt (4800000 tokens, vocab=65)
[radix-corpus] max_depth=16, output=/tmp/shake_ms_n100_se5_96pct_d16_radix
[radix-corpus] subtree char=0 (94958 positions): emitted 133418 radix nodes  (cum total 133419, max_ep_depth=16, 0.1s)
[radix-corpus] subtree char=1 (789266 positions): emitted 1075017 radix nodes  (cum total 1208436, max_ep_depth=16, 1.8s)
[radix-corpus] subtree char=2 (5783 positions): emitted 8100 radix nodes  (cum total 1216536, max_ep_depth=16, 1.8s)
[radix-corpus] subtree char=3 (2 positions): emitted 3 radix nodes  (cum total 1216539, max_ep_depth=16, 1.8s)
[radix-corpus] subtree char=4 (4 positions): emitted 5 radix nodes  (cum total 1216544, max_ep_depth=16, 1.8s)
[radix-corpus] subtree char=5 (38919 positions): emitted 52308 radix nodes  (cum total 1268852, max_ep_depth=16, 1.8s)
[radix-corpus] subtree char=6 (74158 positions): emitted 101146 radix nodes  (cum total 1369998, max_ep_depth=16, 1.9s)
[radix-corpus] subtree char=7 (11560 positions): emitted 17189 radix nodes  (cum total 1387187, max_ep_depth=16, 1.9s)
[radix-corpus] subtree char=8 (41060 positions): emitted 56351 radix nodes  (cum total 1443538, max_ep_depth=16, 1.9s)
[radix-corpus] subtree char=9 (122 positions): emitted 140 radix nodes  (cum total 1443678, max_ep_depth=16, 1.9s)
[radix-corpus] subtree char=10 (1197 positions): emitted 1740 radix nodes  (cum total 1445418, max_ep_depth=16, 1.9s)
[radix-corpus] subtree char=11 (8651 positions): emitted 12484 radix nodes  (cum total 1457902, max_ep_depth=16, 1.9s)
[radix-corpus] subtree char=12 (4882 positions): emitted 6772 radix nodes  (cum total 1464674, max_ep_depth=16, 1.9s)
[radix-corpus] subtree char=13 (7858 positions): emitted 10422 radix nodes  (cum total 1475096, max_ep_depth=16, 1.9s)
[radix-corpus] subtree char=14 (5304 positions): emitted 7555 radix nodes  (cum total 1482651, max_ep_depth=16, 1.9s)
[radix-corpus] subtree char=15 (4147 positions): emitted 4963 radix nodes  (cum total 1487614, max_ep_depth=16, 1.9s)
[radix-corpus] subtree char=16 (3315 positions): emitted 4650 radix nodes  (cum total 1492264, max_ep_depth=16, 1.9s)
[radix-corpus] subtree char=17 (3377 positions): emitted 3927 radix nodes  (cum total 1496191, max_ep_depth=16, 1.9s)
[radix-corpus] subtree char=18 (1983 positions): emitted 2807 radix nodes  (cum total 1498998, max_ep_depth=16, 1.9s)
[radix-corpus] subtree char=19 (1763 positions): emitted 2494 radix nodes  (cum total 1501492, max_ep_depth=16, 1.9s)
[radix-corpus] subtree char=20 (6454 positions): emitted 8485 radix nodes  (cum total 1509977, max_ep_depth=16, 1.9s)
[radix-corpus] subtree char=21 (19867 positions): emitted 26240 radix nodes  (cum total 1536217, max_ep_depth=16, 1.9s)
[radix-corpus] subtree char=22 (2124 positions): emitted 3049 radix nodes  (cum total 1539266, max_ep_depth=16, 2.0s)
[radix-corpus] subtree char=23 (681 positions): emitted 956 radix nodes  (cum total 1540222, max_ep_depth=16, 2.0s)
[radix-corpus] subtree char=24 (2895 positions): emitted 4058 radix nodes  (cum total 1544280, max_ep_depth=16, 2.0s)
[radix-corpus] subtree char=25 (6690 positions): emitted 7977 radix nodes  (cum total 1552257, max_ep_depth=16, 2.0s)
[radix-corpus] subtree char=26 (2793 positions): emitted 3963 radix nodes  (cum total 1556220, max_ep_depth=16, 2.0s)
[radix-corpus] subtree char=27 (2046 positions): emitted 2920 radix nodes  (cum total 1559140, max_ep_depth=16, 2.0s)
[radix-corpus] subtree char=28 (5540 positions): emitted 6180 radix nodes  (cum total 1565320, max_ep_depth=16, 2.0s)
[radix-corpus] subtree char=29 (377 positions): emitted 521 radix nodes  (cum total 1565841, max_ep_depth=16, 2.0s)
[radix-corpus] subtree char=30 (2584 positions): emitted 3118 radix nodes  (cum total 1568959, max_ep_depth=16, 2.0s)
[radix-corpus] subtree char=31 (4841 positions): emitted 6932 radix nodes  (cum total 1575891, max_ep_depth=16, 2.0s)
[radix-corpus] subtree char=32 (8847 positions): emitted 11842 radix nodes  (cum total 1587733, max_ep_depth=16, 2.0s)
[radix-corpus] subtree char=33 (304 positions): emitted 409 radix nodes  (cum total 1588142, max_ep_depth=16, 2.0s)
[radix-corpus] subtree char=34 (1011 positions): emitted 1168 radix nodes  (cum total 1589310, max_ep_depth=16, 2.0s)
[radix-corpus] subtree char=35 (5048 positions): emitted 7027 radix nodes  (cum total 1596337, max_ep_depth=16, 2.0s)
[radix-corpus] subtree char=36 (757 positions): emitted 678 radix nodes  (cum total 1597015, max_ep_depth=16, 2.0s)
[radix-corpus] subtree char=37 (1967 positions): emitted 2784 radix nodes  (cum total 1599799, max_ep_depth=16, 2.0s)
[radix-corpus] subtree char=38 (94 positions): emitted 139 radix nodes  (cum total 1599938, max_ep_depth=16, 2.0s)
[radix-corpus] subtree char=39 (293680 positions): emitted 420608 radix nodes  (cum total 2020546, max_ep_depth=16, 2.4s)
[radix-corpus] subtree char=40 (53239 positions): emitted 76740 radix nodes  (cum total 2097286, max_ep_depth=16, 2.5s)
[radix-corpus] subtree char=41 (83677 positions): emitted 119468 radix nodes  (cum total 2216754, max_ep_depth=16, 2.5s)
[radix-corpus] subtree char=42 (162772 positions): emitted 233335 radix nodes  (cum total 2450089, max_ep_depth=16, 2.7s)
[radix-corpus] subtree char=43 (457872 positions): emitted 656085 radix nodes  (cum total 3106174, max_ep_depth=16, 3.5s)
[radix-corpus] subtree char=44 (78552 positions): emitted 113296 radix nodes  (cum total 3219470, max_ep_depth=16, 3.6s)
[radix-corpus] subtree char=45 (76487 positions): emitted 111446 radix nodes  (cum total 3330916, max_ep_depth=16, 3.7s)
[radix-corpus] subtree char=46 (235788 positions): emitted 332866 radix nodes  (cum total 3663782, max_ep_depth=16, 3.9s)
[radix-corpus] subtree char=47 (240843 positions): emitted 343754 radix nodes  (cum total 4007536, max_ep_depth=16, 4.3s)
[radix-corpus] subtree char=48 (3064 positions): emitted 4503 radix nodes  (cum total 4012039, max_ep_depth=16, 4.3s)
[radix-corpus] subtree char=49 (30681 positions): emitted 44281 radix nodes  (cum total 4056320, max_ep_depth=16, 4.3s)
[radix-corpus] subtree char=50 (146311 positions): emitted 212506 radix nodes  (cum total 4268826, max_ep_depth=16, 4.4s)
[radix-corpus] subtree char=51 (90430 positions): emitted 130598 radix nodes  (cum total 4399424, max_ep_depth=16, 4.5s)
[radix-corpus] subtree char=52 (259617 positions): emitted 374085 radix nodes  (cum total 4773509, max_ep_depth=16, 4.9s)
[radix-corpus] subtree char=53 (279144 positions): emitted 400853 radix nodes  (cum total 5174362, max_ep_depth=16, 5.3s)
[radix-corpus] subtree char=54 (58712 positions): emitted 84823 radix nodes  (cum total 5259185, max_ep_depth=16, 5.3s)
[radix-corpus] subtree char=55 (3970 positions): emitted 5581 radix nodes  (cum total 5264766, max_ep_depth=16, 5.3s)
[radix-corpus] subtree char=56 (211988 positions): emitted 306041 radix nodes  (cum total 5570807, max_ep_depth=16, 5.6s)
[radix-corpus] subtree char=57 (231769 positions): emitted 333304 radix nodes  (cum total 5904111, max_ep_depth=16, 5.9s)
[radix-corpus] subtree char=58 (326184 positions): emitted 461261 radix nodes  (cum total 6365372, max_ep_depth=16, 6.4s)
[radix-corpus] subtree char=59 (102582 positions): emitted 147760 radix nodes  (cum total 6513132, max_ep_depth=16, 6.5s)
[radix-corpus] subtree char=60 (35463 positions): emitted 51274 radix nodes  (cum total 6564406, max_ep_depth=16, 6.5s)
[radix-corpus] subtree char=61 (84469 positions): emitted 120175 radix nodes  (cum total 6684581, max_ep_depth=16, 6.6s)
[radix-corpus] subtree char=62 (4709 positions): emitted 6846 radix nodes  (cum total 6691427, max_ep_depth=16, 6.6s)
[radix-corpus] subtree char=63 (72035 positions): emitted 105075 radix nodes  (cum total 6796502, max_ep_depth=16, 6.7s)
[radix-corpus] subtree char=64 (2733 positions): emitted 3917 radix nodes  (cum total 6800419, max_ep_depth=16, 6.7s)
[radix-corpus] done: 6800419 radix nodes, 33431779 total edge chars, 17 endpoint depths, 6.67s
  radix_count:        6800419
  total_edge_chars:   33431779
  max_endpoint_depth: 16
