AGPT CUDA Training Engine
  Model: d=64 heads=4 layers=2 ff=256 vocab=65 seq=32 head_dim=16
  Loaded 108481 weight floats (423.8 KB)
  Loaded optimizer state from checkpoint (adam_t=13125)
  LR schedule horizon: 500 total SE (override; this call runs 5 SE)
Loading radix trie from /tmp/shake_ms_n100_se5_42pct_d16_radix...
  Radix trie: 3031524 nodes, 16235861 total edge chars, 17 endpoint depths
  Radix loaded: 5078351 counts entries, 24982024 ancestor char entries
  d_split: 1978196/3031524 nodes have a mass=1 ancestor (mean depth 9.82)
  lr-schedule: warmup-cosine (peak=0.003, warmup_epochs=1)
  optimizer: rmsprop (lr=0.003)
  entropy lambda: 1.000 (branching-endpoint icing enabled)
  mass weighting: log (head-of-edge count restores corpus-frequency exposure)
  curriculum: flat (d=max each epoch)
  max edge_len: 15, max ancestor chars: 15, max KV per node: 30, max endpoint depth: 16
  mass=1 compaction: 14198551 / 16235861 chars are mass=1 (87.5%); cache holds 2037310 positions
  loop points: 47478 (mass>1 leaves; 4.5% of 1053327 mass>1 nodes)
  KV cache: 1043.1 MB unified memory (bf16 compact)
  GPU memory: 2878.5 MB used, 5308.3 MB free, 8186.8 MB total
  65 root-child subtrees: sizes min=3 max=481743 avg=46638.8 (total=3031523 radix nodes)
Epoch 1: loss=1.596460  (10.00 sec, 65 subtrees, 367 chunks, 16235861 nodes)
  residual top-10 (subtree_mass × max(avg_loss − 1.596, 0)):
    rc   rootID   mass      avg_loss     score 
    59   2837882  358055    1.8715       98495.0
    54   2297927  213491    1.6780       17414.6
    44   1373608  290110    1.6472       14720.9
    58   2628386  1284873   1.6065       12921.2
    60   2904304  125038    1.6660       8689.1
    5    540992   88635     1.6860       7939.3
    39   701089   1061383   1.6037       7656.9
    6    557550   289629    1.6204       6943.7
    40   888525   201878    1.6282       6403.3
    7    602408   38892     1.7191       4768.4
    top-10: 22.3% of mass, 86.7% of excess-loss
Epoch 2: loss=1.600410  (9.83 sec, 65 subtrees, 367 chunks, 16235861 nodes)
  residual top-10 (subtree_mass × max(avg_loss − 1.600, 0)):
    rc   rootID   mass      avg_loss     score 
    59   2837882  358055    1.9039       108675.1
    58   2628386  1284873   1.6306       38768.0
    54   2297927  213491    1.7155       24572.4
    44   1373608  290110    1.6522       15012.5
    60   2904304  125038    1.6716       8895.9
    39   701089   1061383   1.6085       8575.6
    40   888525   201878    1.6421       8423.9
    5    540992   88635     1.6924       8154.7
    6    557550   289629    1.6227       6444.2
    7    602408   38892     1.7203       4662.6
    top-10: 22.3% of mass, 89.9% of excess-loss
Epoch 3: loss=1.592108  (9.85 sec, 65 subtrees, 367 chunks, 16235861 nodes)
  residual top-10 (subtree_mass × max(avg_loss − 1.592, 0)):
    rc   rootID   mass      avg_loss     score 
    59   2837882  358055    1.7985       73899.0
    54   2297927  213491    1.7084       24819.1
    39   701089   1061383   1.6088       17700.4
    44   1373608  290110    1.6302       11059.3
    40   888525   201878    1.6392       9515.4
    6    557550   289629    1.6240       9223.4
    5    540992   88635     1.6939       9021.4
    7    602408   38892     1.7250       5169.3
    58   2628386  1284873   1.5960       5032.7
    1    55845    3229694   1.5936       4809.1
    top-10: 39.8% of mass, 85.3% of excess-loss
Epoch 4: loss=1.602264  (9.84 sec, 65 subtrees, 367 chunks, 16235861 nodes)
  residual top-10 (subtree_mass × max(avg_loss − 1.602, 0)):
    rc   rootID   mass      avg_loss     score 
    59   2837882  358055    2.0395       156562.5
    58   2628386  1284873   1.6504       61900.0
    54   2297927  213491    1.7304       27356.3
    44   1373608  290110    1.6646       18088.9
    60   2904304  125038    1.6988       12065.1
    5    540992   88635     1.6895       7736.3
    61   2926924  305478    1.6247       6867.8
    40   888525   201878    1.6248       4549.7
    6    557550   289629    1.6176       4452.2
    7    602408   38892     1.7162       4433.0
    top-10: 18.0% of mass, 93.4% of excess-loss
Epoch 5: loss=1.595486  (9.83 sec, 65 subtrees, 367 chunks, 16235861 nodes)
  residual top-10 (subtree_mass × max(avg_loss − 1.595, 0)):
    rc   rootID   mass      avg_loss     score 
    59   2837882  358055    1.9206       116412.6
    54   2297927  213491    1.6754       17060.6
    60   2904304  125038    1.7284       16625.3
    58   2628386  1284873   1.6067       14439.3
    61   2926924  305478    1.6414       14017.6
    44   1373608  290110    1.6365       11905.0
    5    540992   88635     1.6933       8671.6
    6    557550   289629    1.6224       7784.4
    40   888525   201878    1.6251       5976.6
    7    602408   38892     1.7192       4813.2
    top-10: 18.0% of mass, 88.9% of excess-loss
Saved to /home/trans/Projects/agpt/rnd/streaming-agpt-v1/models/seed200_ms_n100_se5_stage42.model
Done.
  Appended optimizer state to /home/trans/Projects/agpt/rnd/streaming-agpt-v1/models/seed200_ms_n100_se5_stage42.model (adam_t=13450)
