AGPT CUDA Training Engine
  Model: d=64 heads=4 layers=2 ff=256 vocab=65 seq=32 head_dim=16
  Loaded 108481 weight floats (423.8 KB)
  Loaded optimizer state from checkpoint (adam_t=12475)
  LR schedule horizon: 500 total SE (override; this call runs 5 SE)
Loading radix trie from /tmp/shake_ms_n100_se5_40pct_d16_radix...
  Radix trie: 2887808 nodes, 15538585 total edge chars, 17 endpoint depths
  Radix loaded: 4837472 counts entries, 23692017 ancestor char entries
  d_split: 1885003/2887808 nodes have a mass=1 ancestor (mean depth 9.79)
  lr-schedule: warmup-cosine (peak=0.003, warmup_epochs=1)
  optimizer: rmsprop (lr=0.003)
  entropy lambda: 1.000 (branching-endpoint icing enabled)
  mass weighting: log (head-of-edge count restores corpus-frequency exposure)
  curriculum: flat (d=max each epoch)
  max edge_len: 15, max ancestor chars: 15, max KV per node: 30, max endpoint depth: 16
  mass=1 compaction: 13597881 / 15538585 chars are mass=1 (87.5%); cache holds 1940704 positions
  loop points: 44781 (mass>1 leaves; 4.5% of 1002804 mass>1 nodes)
  KV cache: 993.6 MB unified memory (bf16 compact)
  GPU memory: 2874.3 MB used, 5312.5 MB free, 8186.8 MB total
  65 root-child subtrees: sizes min=3 max=458931 avg=44427.8 (total=2887807 radix nodes)
Epoch 1: loss=1.589955  (9.67 sec, 65 subtrees, 355 chunks, 15538585 nodes)
  residual top-10 (subtree_mass × max(avg_loss − 1.590, 0)):
    rc   rootID   mass      avg_loss     score 
    59   2703049  340519    1.8540       89908.6
    58   2503268  1220075   1.6101       24517.4
    54   2188767  201778    1.6955       21293.6
    60   2766527  119527    1.6779       10514.1
    5    515068   81668     1.6990       8908.9
    40   845440   193169    1.6326       8243.9
    61   2788258  288616    1.6184       8219.6
    44   1307532  275204    1.6187       7905.7
    6    530447   272705    1.6170       7366.9
    39   666847   1006334   1.5971       7169.6
    top-10: 23.8% of mass, 85.7% of excess-loss
Epoch 2: loss=1.633381  (9.41 sec, 65 subtrees, 355 chunks, 15538585 nodes)
  residual top-10 (subtree_mass × max(avg_loss − 1.633, 0)):
    rc   rootID   mass      avg_loss     score 
    59   2703049  340519    2.4717       285469.5
    58   2503268  1220075   1.7896       190564.1
    60   2766527  119527    2.1127       57293.5
    54   2188767  201778    1.8679       47330.4
    61   2788258  288616    1.7780       41744.4
    63   2840747  241104    1.6717       9231.2
    5    515068   81668     1.7057       5906.2
    7    572984   36754     1.7334       3676.5
    2    511794   14722     1.7896       2300.3
    15   621771   15036     1.7608       1916.2
    top-10: 15.2% of mass, 98.3% of excess-loss
Epoch 3: loss=1.592071  (9.42 sec, 65 subtrees, 355 chunks, 15538584 nodes)
  residual top-10 (subtree_mass × max(avg_loss − 1.592, 0)):
    rc   rootID   mass      avg_loss     score 
    1    52863    3066185   1.6447       161399.2
    39   666847   1006334   1.6130       21064.4
    6    530447   272705    1.6467       14899.9
    59   2703049  340519    1.6324       13746.2
    5    515068   81668     1.7118       9775.6
    0    1        276510    1.6254       9213.4
    40   845440   193169    1.6302       7361.2
    44   1307532  275204    1.6179       7102.5
    7    572984   36754     1.7494       5784.0
    54   2188767  201778    1.6113       3870.8
    top-10: 34.2% of mass, 89.1% of excess-loss
Epoch 4: loss=1.582555  (9.42 sec, 65 subtrees, 355 chunks, 15538585 nodes)
  residual top-10 (subtree_mass × max(avg_loss − 1.583, 0)):
    rc   rootID   mass      avg_loss     score 
    59   2703049  340519    1.8086       76979.9
    54   2188767  201778    1.7048       24657.2
    58   2503268  1220075   1.5940       13994.0
    44   1307532  275204    1.6226       11010.3
    39   666847   1006334   1.5912       8721.9
    5    515068   81668     1.6815       8082.1
    6    530447   272705    1.6096       7361.6
    40   845440   193169    1.6197       7178.3
    60   2766527  119527    1.6348       6247.3
    7    572984   36754     1.7229       5158.4
    top-10: 22.3% of mass, 85.7% of excess-loss
Epoch 5: loss=1.605103  (9.42 sec, 65 subtrees, 355 chunks, 15538585 nodes)
  residual top-10 (subtree_mass × max(avg_loss − 1.605, 0)):
    rc   rootID   mass      avg_loss     score 
    59   2703049  340519    2.1269       177687.5
    58   2503268  1220075   1.6758       86276.5
    54   2188767  201778    1.9037       60256.0
    60   2766527  119527    1.6930       10506.3
    5    515068   81668     1.7147       8950.2
    6    530447   272705    1.6298       6731.7
    40   845440   193169    1.6361       5984.9
    61   2788258  288616    1.6240       5450.6
    7    572984   36754     1.7353       4786.2
    44   1307532  275204    1.6210       4373.1
    top-10: 18.0% of mass, 94.3% of excess-loss
Saved to /home/trans/Projects/agpt/rnd/streaming-agpt-v1/models/seed300_ms_n100_se5_stage40.model
Done.
  Appended optimizer state to /home/trans/Projects/agpt/rnd/streaming-agpt-v1/models/seed300_ms_n100_se5_stage40.model (adam_t=12800)
