AGPT CUDA Training Engine
  Model: d=64 heads=4 layers=2 ff=256 vocab=65 seq=32 head_dim=16
  Loaded 108481 weight floats (423.8 KB)
  Loaded optimizer state from checkpoint (adam_t=310)
  LR schedule horizon: 500 total SE (override; this call runs 5 SE)
Loading radix trie from /tmp/shake_ms_n100_se5_2pct_d16_radix...
  Radix trie: 140768 nodes, 940612 total edge chars, 17 endpoint depths
  Radix loaded: 235114 counts entries, 883270 ancestor char entries
  d_split: 92638/140768 nodes have a mass=1 ancestor (mean depth 7.90)
  lr-schedule: warmup-cosine (peak=0.003, warmup_epochs=1)
  optimizer: rmsprop (lr=0.003)
  entropy lambda: 1.000 (branching-endpoint icing enabled)
  mass weighting: log (head-of-edge count restores corpus-frequency exposure)
  curriculum: flat (d=max each epoch)
  max edge_len: 16, max ancestor chars: 15, max KV per node: 31, max endpoint depth: 16
  mass=1 compaction: 843240 / 940612 chars are mass=1 (89.6%); cache holds 97372 positions
  loop points: 1282 (mass>1 leaves; 2.7% of 48129 mass>1 nodes)
  KV cache: 49.9 MB unified memory (bf16 compact)
  GPU memory: 2750.6 MB used, 5436.2 MB free, 8186.8 MB total
  62 root-child subtrees: sizes min=1 max=24190 avg=2270.4 (total=140767 radix nodes)
Epoch 1: loss=2.199622  (0.63 sec, 62 subtrees, 70 chunks, 940612 nodes)
  residual top-10 (subtree_mass × max(avg_loss − 2.200, 0)):
    rc   rootID   mass      avg_loss     score 
    1    2870     184674    2.2208       3917.2
    36   35509    35392     2.2978       3473.1
    41   65803    9913      2.4738       2717.7
    4    27122    4792      2.7211       2498.8
    37   43724    6322      2.4885       1826.2
    5    28249    8854      2.3781       1580.1
    43   70227    29428     2.2315       937.0 
    42   68195    8126      2.3139       928.8 
    38   45276    10536     2.2703       744.6 
    0    1        11765     2.2596       706.0 
    top-10: 45.5% of mass, 92.8% of excess-loss
Epoch 2: loss=2.123027  (0.54 sec, 62 subtrees, 70 chunks, 940612 nodes)
  residual top-10 (subtree_mass × max(avg_loss − 2.123, 0)):
    rc   rootID   mass      avg_loss     score 
    36   35509    35392     2.2096       3065.1
    4    27122    4792      2.6055       2312.2
    41   65803    9913      2.3065       1818.4
    37   43724    6322      2.3600       1498.1
    5    28249    8854      2.2896       1474.7
    56   131720   11759     2.2261       1211.7
    38   45276    10536     2.1627       417.5 
    51   107278   6129      2.1859       385.2 
    42   68195    8126      2.1636       329.6 
    39   47925    18255     2.1390       291.8 
    top-10: 17.6% of mass, 95.4% of excess-loss
Epoch 3: loss=2.086500  (0.53 sec, 62 subtrees, 70 chunks, 940612 nodes)
  residual top-10 (subtree_mass × max(avg_loss − 2.086, 0)):
    rc   rootID   mass      avg_loss     score 
    36   35509    35392     2.2084       4314.6
    4    27122    4792      2.5832       2380.1
    37   43724    6322      2.4474       2281.8
    5    28249    8854      2.2712       1635.5
    51   107278   6129      2.2982       1297.8
    41   65803    9913      2.1937       1062.9
    38   45276    10536     2.1765       948.0 
    56   131720   11759     2.1211       407.2 
    39   47925    18255     2.1018       279.0 
    43   70227    29428     2.0946       238.4 
    top-10: 20.8% of mass, 96.5% of excess-loss
Epoch 4: loss=2.033345  (0.54 sec, 62 subtrees, 70 chunks, 940612 nodes)
  residual top-10 (subtree_mass × max(avg_loss − 2.033, 0)):
    rc   rootID   mass      avg_loss     score 
    36   35509    35392     2.1577       4399.5
    4    27122    4792      2.5235       2348.8
    5    28249    8854      2.2407       1835.6
    37   43724    6322      2.2649       1464.1
    51   107278   6129      2.2429       1284.2
    56   131720   11759     2.1036       826.7 
    41   65803    9913      2.1112       771.8 
    38   45276    10536     2.0703       389.1 
    43   70227    29428     2.0453       350.6 
    42   68195    8126      2.0668       272.2 
    top-10: 19.3% of mass, 98.0% of excess-loss
Epoch 5: loss=1.991124  (0.53 sec, 62 subtrees, 70 chunks, 940612 nodes)
  residual top-10 (subtree_mass × max(avg_loss − 1.991, 0)):
    rc   rootID   mass      avg_loss     score 
    36   35509    35392     2.1020       3925.4
    37   43724    6322      2.2893       1885.1
    51   107278   6129      2.2897       1830.2
    56   131720   11759     2.1170       1480.0
    41   65803    9913      2.1197       1274.3
    38   45276    10536     2.0408       523.1 
    4    27122    4792      2.0992       517.7 
    5    28249    8854      2.0295       339.9 
    43   70227    29428     1.9991       235.4 
    53   108987   25909     2.0001       231.4 
    top-10: 21.9% of mass, 95.7% of excess-loss
Saved to /home/trans/Projects/agpt/rnd/streaming-agpt-v1/models/seed200_ms_n100_se5_stage2.model
Done.
  Appended optimizer state to /home/trans/Projects/agpt/rnd/streaming-agpt-v1/models/seed200_ms_n100_se5_stage2.model (adam_t=620)
