AGPT CUDA Training Engine
  Model: d=64 heads=4 layers=2 ff=256 vocab=65 seq=32 head_dim=16
  Loaded 108481 weight floats (423.8 KB)
  Loaded optimizer state from checkpoint (adam_t=310)
  LR schedule horizon: 500 total SE (override; this call runs 5 SE)
Loading radix trie from /tmp/shake_ms_n100_se5_2pct_d16_radix...
  Radix trie: 140768 nodes, 940612 total edge chars, 17 endpoint depths
  Radix loaded: 235114 counts entries, 883270 ancestor char entries
  d_split: 92638/140768 nodes have a mass=1 ancestor (mean depth 7.90)
  lr-schedule: warmup-cosine (peak=0.003, warmup_epochs=1)
  optimizer: rmsprop (lr=0.003)
  entropy lambda: 1.000 (branching-endpoint icing enabled)
  mass weighting: log (head-of-edge count restores corpus-frequency exposure)
  curriculum: flat (d=max each epoch)
  max edge_len: 16, max ancestor chars: 15, max KV per node: 31, max endpoint depth: 16
  mass=1 compaction: 843240 / 940612 chars are mass=1 (89.6%); cache holds 97372 positions
  loop points: 1282 (mass>1 leaves; 2.7% of 48129 mass>1 nodes)
  KV cache: 49.9 MB unified memory (bf16 compact)
  GPU memory: 2750.6 MB used, 5436.2 MB free, 8186.8 MB total
  62 root-child subtrees: sizes min=1 max=24190 avg=2270.4 (total=140767 radix nodes)
Epoch 1: loss=2.253023  (0.64 sec, 62 subtrees, 70 chunks, 940612 nodes)
  residual top-10 (subtree_mass × max(avg_loss − 2.253, 0)):
    rc   rootID   mass      avg_loss     score 
    1    2870     184674    2.2771       4448.5
    36   35509    35392     2.3493       3408.3
    4    27122    4792      2.8292       2761.2
    5    28249    8854      2.5393       2534.5
    37   43724    6322      2.4090       985.9 
    41   65803    9913      2.3208       671.6 
    0    1        11765     2.3092       661.0 
    7    30471    5833      2.3217       400.6 
    43   70227    29428     2.2619       261.3 
    51   107278   6129      2.2947       255.7 
    top-10: 44.5% of mass, 95.2% of excess-loss
Epoch 2: loss=2.199903  (0.55 sec, 62 subtrees, 70 chunks, 940612 nodes)
  residual top-10 (subtree_mass × max(avg_loss − 2.200, 0)):
    rc   rootID   mass      avg_loss     score 
    56   131720   11759     2.5240       3811.4
    36   35509    35392     2.2887       3141.5
    4    27122    4792      2.7591       2679.5
    37   43724    6322      2.3668       1054.9
    5    28249    8854      2.3183       1048.0
    41   65803    9913      2.2840       834.0 
    57   134703   4532      2.3084       491.7 
    43   70227    29428     2.2103       305.7 
    42   68195    8126      2.2372       303.3 
    6    30114    1044      2.3136       118.7 
    top-10: 17.7% of mass, 97.2% of excess-loss
Epoch 3: loss=2.139744  (0.56 sec, 62 subtrees, 70 chunks, 940612 nodes)
  residual top-10 (subtree_mass × max(avg_loss − 2.140, 0)):
    rc   rootID   mass      avg_loss     score 
    36   35509    35392     2.2155       2680.9
    4    27122    4792      2.6024       2217.0
    5    28249    8854      2.3574       1926.8
    56   131720   11759     2.3024       1912.1
    41   65803    9913      2.2213       808.4 
    37   43724    6322      2.2663       800.3 
    7    30471    5833      2.1773       219.1 
    38   45276    10536     2.1566       177.2 
    51   107278   6129      2.1652       155.9 
    6    30114    1044      2.2682       134.1 
    top-10: 14.8% of mass, 97.0% of excess-loss
Epoch 4: loss=2.101553  (0.56 sec, 62 subtrees, 70 chunks, 940612 nodes)
  residual top-10 (subtree_mass × max(avg_loss − 2.102, 0)):
    rc   rootID   mass      avg_loss     score 
    36   35509    35392     2.1866       3008.7
    51   107278   6129      2.3043       1242.5
    4    27122    4792      2.3476       1179.1
    37   43724    6322      2.2718       1076.0
    56   131720   11759     2.1912       1054.2
    5    28249    8854      2.1966       841.2 
    41   65803    9913      2.1755       733.4 
    38   45276    10536     2.1321       322.2 
    46   84220    2403      2.1600       140.4 
    47   84866    17485     2.1079       111.2 
    top-10: 16.7% of mass, 98.1% of excess-loss
Epoch 5: loss=2.073945  (0.57 sec, 62 subtrees, 70 chunks, 940612 nodes)
  residual top-10 (subtree_mass × max(avg_loss − 2.074, 0)):
    rc   rootID   mass      avg_loss     score 
    36   35509    35392     2.1703       3410.0
    56   131720   11759     2.3049       2715.5
    55   122347   42824     2.0970       989.1 
    37   43724    6322      2.2179       910.2 
    41   65803    9913      2.1345       600.4 
    51   107278   6129      2.1499       465.4 
    57   134703   4532      2.1725       446.4 
    38   45276    10536     2.1136       418.3 
    4    27122    4792      2.1529       378.3 
    54   115369   29575     2.0845       310.7 
    top-10: 23.8% of mass, 95.6% of excess-loss
Saved to /home/trans/Projects/agpt/rnd/streaming-agpt-v1/models/seed100_ms_n100_se5_stage2.model
Done.
  Appended optimizer state to /home/trans/Projects/agpt/rnd/streaming-agpt-v1/models/seed100_ms_n100_se5_stage2.model (adam_t=620)
