AGPT CUDA Training Engine
  Model: d=64 heads=4 layers=2 ff=256 vocab=65 seq=32 head_dim=16
  Loaded 108481 weight floats (423.8 KB)
  Loaded optimizer state from checkpoint (adam_t=5335)
  LR schedule horizon: 500 total SE (override; this call runs 5 SE)
Loading radix trie from /tmp/shake_ms_n100_se5_18pct_d16_radix...
  Radix trie: 1294473 nodes, 7091577 total edge chars, 17 endpoint depths
  Radix loaded: 2165703 counts entries, 10395766 ancestor char entries
  d_split: 838651/1294473 nodes have a mass=1 ancestor (mean depth 9.65)
  lr-schedule: warmup-cosine (peak=0.003, warmup_epochs=1)
  optimizer: rmsprop (lr=0.003)
  entropy lambda: 1.000 (branching-endpoint icing enabled)
  mass weighting: log (head-of-edge count restores corpus-frequency exposure)
  curriculum: flat (d=max each epoch)
  max edge_len: 16, max ancestor chars: 15, max KV per node: 31, max endpoint depth: 16
  mass=1 compaction: 6164930 / 7091577 chars are mass=1 (86.9%); cache holds 926647 positions
  loop points: 22607 (mass>1 leaves; 5.0% of 455821 mass>1 nodes)
  KV cache: 474.4 MB unified memory (bf16 compact)
  GPU memory: 2828.2 MB used, 5358.6 MB free, 8186.8 MB total
  64 root-child subtrees: sizes min=1 max=209181 avg=20226.1 (total=1294472 radix nodes)
Epoch 1: loss=1.581431  (4.38 sec, 64 subtrees, 187 chunks, 7091576 nodes)
  residual top-10 (subtree_mass × max(avg_loss − 1.581, 0)):
    rc   rootID   mass      avg_loss     score 
    58   1208467  145893    2.2588       98820.8
    57   1121472  502654    1.6722       45644.0
    53   981199   83218     1.8431       21773.5
    38   303778   427297    1.6179       15590.0
    59   1236952  55010     1.8617       15419.0
    60   1247335  123211    1.6543       8977.6
    39   382171   80381     1.6922       8907.4
    43   590841   118622    1.5956       1677.2
    6    259166   11701     1.7123       1531.2
    4    234287   39068     1.6071       1001.0
    top-10: 21.8% of mass, 97.8% of excess-loss
Epoch 2: loss=1.566049  (4.26 sec, 64 subtrees, 187 chunks, 7091575 nodes)
  residual top-10 (subtree_mass × max(avg_loss − 1.566, 0)):
    rc   rootID   mass      avg_loss     score 
    58   1208467  145893    2.0033       63792.8
    53   981199   83218     1.8031       19723.0
    38   303778   427297    1.5993       14224.4
    57   1121472  502654    1.5926       13366.3
    60   1247335  123211    1.6317       8084.7
    59   1236952  55010     1.7122       8038.3
    39   382171   80381     1.6581       7399.3
    4    234287   39068     1.6101       1722.1
    6    259166   11701     1.7058       1634.8
    43   590841   118622    1.5796       1603.8
    top-10: 21.8% of mass, 96.0% of excess-loss
Epoch 3: loss=1.578875  (4.26 sec, 64 subtrees, 187 chunks, 7091576 nodes)
  residual top-10 (subtree_mass × max(avg_loss − 1.579, 0)):
    rc   rootID   mass      avg_loss     score 
    58   1208467  145893    2.0285       65590.6
    38   303778   427297    1.6228       18785.4
    59   1236952  55010     1.8024       12293.4
    43   590841   118622    1.6615       9804.5
    39   382171   80381     1.6818       8275.2
    60   1247335  123211    1.6379       7278.0
    53   981199   83218     1.6637       7059.4
    40   397480   126708    1.6004       2731.8
    57   1121472  502654    1.5838       2483.0
    4    234287   39068     1.6325       2093.9
    top-10: 23.4% of mass, 94.1% of excess-loss
Epoch 4: loss=1.592227  (4.26 sec, 64 subtrees, 187 chunks, 7091577 nodes)
  residual top-10 (subtree_mass × max(avg_loss − 1.592, 0)):
    rc   rootID   mass      avg_loss     score 
    43   590841   118622    2.0094       49491.8
    58   1208467  145893    1.8869       42992.3
    39   382171   80381     1.8642       21857.5
    38   303778   427297    1.6256       14272.3
    53   981199   83218     1.7252       11062.8
    44   613057   98326     1.7011       10706.1
    40   397480   126708    1.6640       9093.4
    59   1236952  55010     1.6654       4027.6
    41   421229   221291    1.6078       3436.4
    6    259166   11701     1.7048       1317.6
    top-10: 18.8% of mass, 96.7% of excess-loss
Epoch 5: loss=1.552943  (4.26 sec, 64 subtrees, 187 chunks, 7091576 nodes)
  residual top-10 (subtree_mass × max(avg_loss − 1.553, 0)):
    rc   rootID   mass      avg_loss     score 
    58   1208467  145893    1.9299       55002.1
    38   303778   427297    1.5984       19425.1
    53   981199   83218     1.7380       15402.6
    57   1121472  502654    1.5737       10423.5
    39   382171   80381     1.6423       7183.1
    59   1236952  55010     1.6660       6216.9
    43   590841   118622    1.5834       3615.6
    60   1247335  123211    1.5757       2798.7
    4    234287   39068     1.6096       2213.3
    6    259166   11701     1.6999       1719.7
    top-10: 21.8% of mass, 95.4% of excess-loss
Saved to /home/trans/Projects/agpt/rnd/streaming-agpt-v1/models/seed200_ms_n100_se5_stage18.model
Done.
  Appended optimizer state to /home/trans/Projects/agpt/rnd/streaming-agpt-v1/models/seed200_ms_n100_se5_stage18.model (adam_t=5655)
