AGPT CUDA Training Engine
  Model: d=64 heads=4 layers=2 ff=256 vocab=65 seq=32 head_dim=16
  Loaded 108481 weight floats (423.8 KB)
  Loaded optimizer state from checkpoint (adam_t=9550)
  LR schedule horizon: 500 total SE (override; this call runs 5 SE)
Loading radix trie from /tmp/shake_ms_n100_se5_31pct_d16_radix...
  Radix trie: 2238775 nodes, 12174321 total edge chars, 17 endpoint depths
  Radix loaded: 3748668 counts entries, 18162832 ancestor char entries
  d_split: 1459998/2238775 nodes have a mass=1 ancestor (mean depth 9.70)
  lr-schedule: warmup-cosine (peak=0.003, warmup_epochs=1)
  optimizer: rmsprop (lr=0.003)
  entropy lambda: 1.000 (branching-endpoint icing enabled)
  mass weighting: log (head-of-edge count restores corpus-frequency exposure)
  curriculum: flat (d=max each epoch)
  max edge_len: 16, max ancestor chars: 15, max KV per node: 31, max endpoint depth: 16
  mass=1 compaction: 10652187 / 12174321 chars are mass=1 (87.5%); cache holds 1522134 positions
  loop points: 34513 (mass>1 leaves; 4.4% of 778776 mass>1 nodes)
  KV cache: 779.3 MB unified memory (bf16 compact)
  GPU memory: 2889.0 MB used, 5297.8 MB free, 8186.8 MB total
  65 root-child subtrees: sizes min=1 max=357183 avg=34442.7 (total=2238774 radix nodes)
Epoch 1: loss=1.660223  (7.64 sec, 65 subtrees, 286 chunks, 12174321 nodes)
  residual top-10 (subtree_mass × max(avg_loss − 1.660, 0)):
    rc   rootID   mass      avg_loss     score 
    59   2093764  261660    2.0176       93521.7
    58   1939257  925312    1.7010       37764.6
    54   1695475  154496    1.8088       22961.1
    5    400130   61657     1.7678       6634.3
    40   654735   145163    1.7034       6262.2
    44   1013169  210491    1.6880       5839.8
    6    411981   201140    1.6850       4990.9
    60   2143359  93623     1.7101       4671.0
    61   2160617  219688    1.6780       3907.7
    7    443946   24156     1.8027       3440.6
    top-10: 17.9% of mass, 91.7% of excess-loss
Epoch 2: loss=1.679987  (7.65 sec, 65 subtrees, 286 chunks, 12174321 nodes)
  residual top-10 (subtree_mass × max(avg_loss − 1.680, 0)):
    rc   rootID   mass      avg_loss     score 
    59   2093764  261660    2.2633       152625.9
    58   1939257  925312    1.7911       102775.4
    54   1695475  154496    2.0265       53539.6
    60   2143359  93623     1.7758       8972.1
    61   2160617  219688    1.7147       7627.3
    5    400130   61657     1.7403       3716.0
    40   654735   145163    1.7050       3631.7
    7    443946   24156     1.7920       2706.9
    49   1315005  62298     1.7191       2435.3
    31   507189   12433     1.7865       1324.3
    top-10: 15.3% of mass, 98.3% of excess-loss
Epoch 3: loss=1.662884  (8.10 sec, 65 subtrees, 286 chunks, 12174321 nodes)
  residual top-10 (subtree_mass × max(avg_loss − 1.663, 0)):
    rc   rootID   mass      avg_loss     score 
    59   2093764  261660    1.9651       79084.9
    58   1939257  925312    1.7150       48243.8
    54   1695475  154496    1.8167       23756.5
    61   2160617  219688    1.6966       7402.8
    44   1013169  210491    1.6967       7108.0
    60   2143359  93623     1.7282       6114.0
    6    411981   201140    1.6923       5925.2
    5    400130   61657     1.7535       5585.3
    40   654735   145163    1.6897       3896.9
    7    443946   24156     1.8026       3374.4
    top-10: 17.9% of mass, 94.1% of excess-loss
Epoch 4: loss=1.683814  (8.06 sec, 65 subtrees, 286 chunks, 12174321 nodes)
  residual top-10 (subtree_mass × max(avg_loss − 1.684, 0)):
    rc   rootID   mass      avg_loss     score 
    59   2093764  261660    2.0581       97941.0
    58   1939257  925312    1.7366       48851.4
    54   1695475  154496    1.8145       20193.1
    6    411981   201140    1.7392       11146.7
    60   2143359  93623     1.7937       10291.5
    5    400130   61657     1.8360       9382.6
    61   2160617  219688    1.7101       5767.8
    40   654735   145163    1.7227       5644.1
    7    443946   24156     1.8283       3490.4
    49   1315005  62298     1.7196       2228.9
    top-10: 16.7% of mass, 94.7% of excess-loss
Epoch 5: loss=1.656420  (8.04 sec, 65 subtrees, 286 chunks, 12174321 nodes)
  residual top-10 (subtree_mass × max(avg_loss − 1.656, 0)):
    rc   rootID   mass      avg_loss     score 
    59   2093764  261660    1.9087       66012.5
    1    40977    2362794   1.6659       22301.8
    39   516670   766706    1.6755       14660.4
    54   1695475  154496    1.7140       8894.3
    60   2143359  93623     1.7480       8571.8
    40   654735   145163    1.7151       8524.3
    6    411981   201140    1.6896       6665.4
    61   2160617  219688    1.6861       6523.8
    44   1013169  210491    1.6844       5884.7
    5    400130   61657     1.7513       5851.2
    top-10: 34.9% of mass, 89.2% of excess-loss
Saved to /home/trans/Projects/agpt/rnd/streaming-agpt-v1/models/seed100_ms_n100_se5_stage31.model
Done.
  Appended optimizer state to /home/trans/Projects/agpt/rnd/streaming-agpt-v1/models/seed100_ms_n100_se5_stage31.model (adam_t=9875)
