AGPT CUDA Training Engine
  Model: d=64 heads=4 layers=2 ff=256 vocab=65 seq=32 head_dim=16
  Loaded 108481 weight floats (423.8 KB)
  Loaded optimizer state from checkpoint (adam_t=17350)
  LR schedule horizon: 500 total SE (override; this call runs 5 SE)
Loading radix trie from /tmp/shake_ms_n100_se5_55pct_d16_radix...
  Radix trie: 3956799 nodes, 20612793 total edge chars, 17 endpoint depths
  Radix loaded: 6631087 counts entries, 33446468 ancestor char entries
  d_split: 2574661/3956799 nodes have a mass=1 ancestor (mean depth 10.03)
  lr-schedule: warmup-cosine (peak=0.003, warmup_epochs=1)
  optimizer: rmsprop (lr=0.003)
  entropy lambda: 1.000 (branching-endpoint icing enabled)
  mass weighting: log (head-of-edge count restores corpus-frequency exposure)
  curriculum: flat (d=max each epoch)
  max edge_len: 15, max ancestor chars: 15, max KV per node: 30, max endpoint depth: 16
  mass=1 compaction: 17941814 / 20612793 chars are mass=1 (87.0%); cache holds 2670979 positions
  loop points: 68527 (mass>1 leaves; 5.0% of 1382137 mass>1 nodes)
  KV cache: 1367.5 MB unified memory (bf16 compact)
  GPU memory: 2933.1 MB used, 5253.8 MB free, 8186.8 MB total
  65 root-child subtrees: sizes min=3 max=628709 avg=60873.8 (total=3956798 radix nodes)
Epoch 1: loss=1.616661  (12.76 sec, 65 subtrees, 453 chunks, 20612792 nodes)
  residual top-10 (subtree_mass × max(avg_loss − 1.617, 0)):
    rc   rootID   mass      avg_loss     score 
    59   3704977  480402    1.8101       92943.1
    58   3433428  1708461   1.6295       21972.5
    1    75370    4319095   1.6207       17393.3
    54   3002763  281798    1.6646       13508.1
    44   1801410  389618    1.6441       10705.1
    39   924967   1426711   1.6233       9516.4
    5    708675   141916    1.6725       7930.4
    6    733516   405481    1.6352       7523.4
    7    793786   52775     1.7175       5322.3
    40   1169405  260449    1.6364       5147.6
    top-10: 39.8% of mass, 82.9% of excess-loss
Epoch 2: loss=1.623212  (12.59 sec, 65 subtrees, 453 chunks, 20612791 nodes)
  residual top-10 (subtree_mass × max(avg_loss − 1.623, 0)):
    rc   rootID   mass      avg_loss     score 
    59   3704977  480402    2.0365       198549.6
    58   3433428  1708461   1.6627       67540.8
    54   3002763  281798    1.6708       13421.3
    60   3791714  163235    1.6983       12252.5
    61   3820537  411639    1.6469       9741.2
    44   1801410  389618    1.6405       6731.6
    5    708675   141916    1.6666       6151.1
    40   1169405  260449    1.6408       4583.9
    7    793786   52775     1.7097       4563.8
    15   860429   21503     1.7691       3136.9
    top-10: 16.4% of mass, 92.2% of excess-loss
Epoch 3: loss=1.608235  (12.60 sec, 65 subtrees, 453 chunks, 20612793 nodes)
  residual top-10 (subtree_mass × max(avg_loss − 1.608, 0)):
    rc   rootID   mass      avg_loss     score 
    59   3704977  480402    1.7272       57164.6
    1    75370    4319095   1.6204       52331.3
    54   3002763  281798    1.6600       14598.4
    39   924967   1426711   1.6177       13533.7
    6    733516   405481    1.6400       12900.4
    44   1801410  389618    1.6399       12341.4
    5    708675   141916    1.6813       10375.8
    7    793786   52775     1.7145       5608.1
    40   1169405  260449    1.6256       4526.7
    32   911906   39371     1.7042       3779.6
    top-10: 32.8% of mass, 83.2% of excess-loss
Epoch 4: loss=1.604070  (12.62 sec, 65 subtrees, 453 chunks, 20612793 nodes)
  residual top-10 (subtree_mass × max(avg_loss − 1.604, 0)):
    rc   rootID   mass      avg_loss     score 
    59   3704977  480402    1.7706       80006.5
    1    75370    4319095   1.6088       20476.0
    58   3433428  1708461   1.6126       14582.9
    44   1801410  389618    1.6262       8608.7
    39   924967   1426711   1.6096       7864.3
    5    708675   141916    1.6593       7839.2
    60   3791714  163235    1.6474       7067.4
    54   3002763  281798    1.6289       6995.1
    6    733516   405481    1.6202       6532.6
    7    793786   52775     1.7033       5238.4
    top-10: 39.4% of mass, 79.2% of excess-loss
Epoch 5: loss=1.604285  (12.61 sec, 65 subtrees, 453 chunks, 20612793 nodes)
  residual top-10 (subtree_mass × max(avg_loss − 1.604, 0)):
    rc   rootID   mass      avg_loss     score 
    59   3704977  480402    1.6830       37790.8
    1    75370    4319095   1.6096       22767.7
    54   3002763  281798    1.6600       15695.2
    44   1801410  389618    1.6397       13811.1
    39   924967   1426711   1.6116       10482.9
    5    708675   141916    1.6694       9241.2
    6    733516   405481    1.6268       9120.2
    40   1169405  260449    1.6304       6795.2
    49   2332943  125595    1.6476       5435.4
    7    793786   52775     1.7048       5303.6
    top-10: 33.1% of mass, 78.8% of excess-loss
Saved to /home/trans/Projects/agpt/rnd/streaming-agpt-v1/models/seed100_ms_n100_se5_stage55.model
Done.
  Appended optimizer state to /home/trans/Projects/agpt/rnd/streaming-agpt-v1/models/seed100_ms_n100_se5_stage55.model (adam_t=17675)
