[radix-corpus] corpus: /tmp/shake_ms_n100_se5_49pct.txt (2450000 tokens, vocab=65)
[radix-corpus] max_depth=16, output=/tmp/shake_ms_n100_se5_49pct_d16_radix
[radix-corpus] subtree char=0 (46306 positions): emitted 66425 radix nodes  (cum total 66426, max_ep_depth=16, 0.1s)
[radix-corpus] subtree char=1 (400773 positions): emitted 560211 radix nodes  (cum total 626637, max_ep_depth=16, 0.7s)
[radix-corpus] subtree char=2 (2810 positions): emitted 4014 radix nodes  (cum total 630651, max_ep_depth=16, 0.7s)
[radix-corpus] subtree char=3 (2 positions): emitted 3 radix nodes  (cum total 630654, max_ep_depth=16, 0.7s)
[radix-corpus] subtree char=4 (3 positions): emitted 4 radix nodes  (cum total 630658, max_ep_depth=16, 0.7s)
[radix-corpus] subtree char=5 (15129 positions): emitted 20917 radix nodes  (cum total 651575, max_ep_depth=16, 0.7s)
[radix-corpus] subtree char=6 (37896 positions): emitted 53220 radix nodes  (cum total 704795, max_ep_depth=16, 0.7s)
[radix-corpus] subtree char=7 (7350 positions): emitted 10962 radix nodes  (cum total 715757, max_ep_depth=16, 0.7s)
[radix-corpus] subtree char=8 (18655 positions): emitted 25893 radix nodes  (cum total 741650, max_ep_depth=16, 0.7s)
[radix-corpus] subtree char=9 (113 positions): emitted 129 radix nodes  (cum total 741779, max_ep_depth=16, 0.7s)
[radix-corpus] subtree char=10 (643 positions): emitted 939 radix nodes  (cum total 742718, max_ep_depth=16, 0.7s)
[radix-corpus] subtree char=11 (6630 positions): emitted 9549 radix nodes  (cum total 752267, max_ep_depth=16, 0.7s)
[radix-corpus] subtree char=12 (2118 positions): emitted 3048 radix nodes  (cum total 755315, max_ep_depth=16, 0.7s)
[radix-corpus] subtree char=13 (3555 positions): emitted 4960 radix nodes  (cum total 760275, max_ep_depth=16, 0.7s)
[radix-corpus] subtree char=14 (2774 positions): emitted 3956 radix nodes  (cum total 764231, max_ep_depth=16, 0.7s)
[radix-corpus] subtree char=15 (2349 positions): emitted 2914 radix nodes  (cum total 767145, max_ep_depth=16, 0.7s)
[radix-corpus] subtree char=16 (1795 positions): emitted 2561 radix nodes  (cum total 769706, max_ep_depth=16, 0.7s)
[radix-corpus] subtree char=17 (1774 positions): emitted 2166 radix nodes  (cum total 771872, max_ep_depth=16, 0.7s)
[radix-corpus] subtree char=18 (1119 positions): emitted 1594 radix nodes  (cum total 773466, max_ep_depth=16, 0.7s)
[radix-corpus] subtree char=19 (933 positions): emitted 1305 radix nodes  (cum total 774771, max_ep_depth=16, 0.7s)
[radix-corpus] subtree char=20 (2704 positions): emitted 3693 radix nodes  (cum total 778464, max_ep_depth=16, 0.7s)
[radix-corpus] subtree char=21 (7791 positions): emitted 10602 radix nodes  (cum total 789066, max_ep_depth=16, 0.7s)
[radix-corpus] subtree char=22 (792 positions): emitted 1135 radix nodes  (cum total 790201, max_ep_depth=16, 0.7s)
[radix-corpus] subtree char=23 (255 positions): emitted 352 radix nodes  (cum total 790553, max_ep_depth=16, 0.7s)
[radix-corpus] subtree char=24 (1978 positions): emitted 2734 radix nodes  (cum total 793287, max_ep_depth=16, 0.7s)
[radix-corpus] subtree char=25 (3550 positions): emitted 4436 radix nodes  (cum total 797723, max_ep_depth=16, 0.7s)
[radix-corpus] subtree char=26 (1292 positions): emitted 1846 radix nodes  (cum total 799569, max_ep_depth=16, 0.7s)
[radix-corpus] subtree char=27 (942 positions): emitted 1329 radix nodes  (cum total 800898, max_ep_depth=16, 0.7s)
[radix-corpus] subtree char=28 (1670 positions): emitted 2251 radix nodes  (cum total 803149, max_ep_depth=16, 0.7s)
[radix-corpus] subtree char=29 (343 positions): emitted 477 radix nodes  (cum total 803626, max_ep_depth=16, 0.7s)
[radix-corpus] subtree char=30 (957 positions): emitted 1258 radix nodes  (cum total 804884, max_ep_depth=16, 0.7s)
[radix-corpus] subtree char=31 (2958 positions): emitted 4214 radix nodes  (cum total 809098, max_ep_depth=16, 0.7s)
[radix-corpus] subtree char=32 (4296 positions): emitted 6021 radix nodes  (cum total 815119, max_ep_depth=16, 0.7s)
[radix-corpus] subtree char=33 (165 positions): emitted 236 radix nodes  (cum total 815355, max_ep_depth=16, 0.7s)
[radix-corpus] subtree char=34 (261 positions): emitted 341 radix nodes  (cum total 815696, max_ep_depth=16, 0.7s)
[radix-corpus] subtree char=35 (2295 positions): emitted 3258 radix nodes  (cum total 818954, max_ep_depth=16, 0.7s)
[radix-corpus] subtree char=36 (181 positions): emitted 223 radix nodes  (cum total 819177, max_ep_depth=16, 0.7s)
[radix-corpus] subtree char=37 (853 positions): emitted 1267 radix nodes  (cum total 820444, max_ep_depth=16, 0.7s)
[radix-corpus] subtree char=38 (20 positions): emitted 30 radix nodes  (cum total 820474, max_ep_depth=16, 0.7s)
[radix-corpus] subtree char=39 (150263 positions): emitted 218314 radix nodes  (cum total 1038788, max_ep_depth=16, 0.9s)
[radix-corpus] subtree char=40 (29159 positions): emitted 42552 radix nodes  (cum total 1081340, max_ep_depth=16, 0.9s)
[radix-corpus] subtree char=41 (43427 positions): emitted 63039 radix nodes  (cum total 1144379, max_ep_depth=16, 1.0s)
[radix-corpus] subtree char=42 (77952 positions): emitted 113689 radix nodes  (cum total 1258068, max_ep_depth=16, 1.0s)
[radix-corpus] subtree char=43 (236928 positions): emitted 344690 radix nodes  (cum total 1602758, max_ep_depth=16, 1.4s)
[radix-corpus] subtree char=44 (41263 positions): emitted 59955 radix nodes  (cum total 1662713, max_ep_depth=16, 1.4s)
[radix-corpus] subtree char=45 (38936 positions): emitted 57133 radix nodes  (cum total 1719846, max_ep_depth=16, 1.4s)
[radix-corpus] subtree char=46 (121747 positions): emitted 175394 radix nodes  (cum total 1895240, max_ep_depth=16, 1.5s)
[radix-corpus] subtree char=47 (124685 positions): emitted 180694 radix nodes  (cum total 2075934, max_ep_depth=16, 1.7s)
[radix-corpus] subtree char=48 (1686 positions): emitted 2492 radix nodes  (cum total 2078426, max_ep_depth=16, 1.7s)
[radix-corpus] subtree char=49 (14412 positions): emitted 20987 radix nodes  (cum total 2099413, max_ep_depth=16, 1.7s)
[radix-corpus] subtree char=50 (78488 positions): emitted 114831 radix nodes  (cum total 2214244, max_ep_depth=16, 1.8s)
[radix-corpus] subtree char=51 (45043 positions): emitted 65741 radix nodes  (cum total 2279985, max_ep_depth=16, 1.8s)
[radix-corpus] subtree char=52 (132198 positions): emitted 192763 radix nodes  (cum total 2472748, max_ep_depth=16, 2.0s)
[radix-corpus] subtree char=53 (141018 positions): emitted 204999 radix nodes  (cum total 2677747, max_ep_depth=16, 2.2s)
[radix-corpus] subtree char=54 (30950 positions): emitted 45199 radix nodes  (cum total 2722946, max_ep_depth=16, 2.2s)
[radix-corpus] subtree char=55 (2353 positions): emitted 3355 radix nodes  (cum total 2726301, max_ep_depth=16, 2.2s)
[radix-corpus] subtree char=56 (109273 positions): emitted 159486 radix nodes  (cum total 2885787, max_ep_depth=16, 2.3s)
[radix-corpus] subtree char=57 (121110 positions): emitted 176427 radix nodes  (cum total 3062214, max_ep_depth=16, 2.4s)
[radix-corpus] subtree char=58 (168589 positions): emitted 242858 radix nodes  (cum total 3305072, max_ep_depth=16, 2.6s)
[radix-corpus] subtree char=59 (53304 positions): emitted 77617 radix nodes  (cum total 3382689, max_ep_depth=16, 2.7s)
[radix-corpus] subtree char=60 (17802 positions): emitted 26041 radix nodes  (cum total 3408730, max_ep_depth=16, 2.7s)
[radix-corpus] subtree char=61 (41954 positions): emitted 60777 radix nodes  (cum total 3469507, max_ep_depth=16, 2.7s)
[radix-corpus] subtree char=62 (2346 positions): emitted 3496 radix nodes  (cum total 3473003, max_ep_depth=16, 2.7s)
[radix-corpus] subtree char=63 (37396 positions): emitted 55097 radix nodes  (cum total 3528100, max_ep_depth=16, 2.7s)
[radix-corpus] subtree char=64 (1688 positions): emitted 2366 radix nodes  (cum total 3530466, max_ep_depth=16, 2.7s)
[radix-corpus] done: 3530466 radix nodes, 18614651 total edge chars, 17 endpoint depths, 2.73s
  radix_count:        3530466
  total_edge_chars:   18614651
  max_endpoint_depth: 16
