AGPT CUDA Training Engine
  Model: d=64 heads=4 layers=2 ff=256 vocab=65 seq=32 head_dim=16
  Loaded 108481 weight floats (423.8 KB)
  Loaded optimizer state from checkpoint (adam_t=5655)
  LR schedule horizon: 500 total SE (override; this call runs 5 SE)
Loading radix trie from /tmp/shake_ms_n100_se5_19pct_d16_radix...
  Radix trie: 1366988 nodes, 7492113 total edge chars, 17 endpoint depths
  Radix loaded: 2287376 counts entries, 10980018 ancestor char entries
  d_split: 886568/1366988 nodes have a mass=1 ancestor (mean depth 9.65)
  lr-schedule: warmup-cosine (peak=0.003, warmup_epochs=1)
  optimizer: rmsprop (lr=0.003)
  entropy lambda: 1.000 (branching-endpoint icing enabled)
  mass weighting: log (head-of-edge count restores corpus-frequency exposure)
  curriculum: flat (d=max each epoch)
  max edge_len: 16, max ancestor chars: 15, max KV per node: 31, max endpoint depth: 16
  mass=1 compaction: 6519379 / 7492113 chars are mass=1 (87.0%); cache holds 972734 positions
  loop points: 23469 (mass>1 leaves; 4.9% of 480419 mass>1 nodes)
  KV cache: 498.0 MB unified memory (bf16 compact)
  GPU memory: 2832.4 MB used, 5354.4 MB free, 8186.8 MB total
  64 root-child subtrees: sizes min=1 max=220878 avg=21359.2 (total=1366987 radix nodes)
Epoch 1: loss=1.750600  (5.03 sec, 64 subtrees, 194 chunks, 7492109 nodes)
  residual top-10 (subtree_mass × max(avg_loss − 1.751, 0)):
    rc   rootID   mass      avg_loss     score 
    57   1184337  533354    2.1897       234213.2
    58   1276392  155388    2.5925       130814.0
    53   1036865  88443     2.5566       71282.1
    55   1055282  328018    1.9289       58495.9
    60   1317498  130293    1.9280       23116.9
    59   1306619  57740     2.1481       22952.8
    52   956713   434853    1.7943       19019.4
    56   1118035  359626    1.8031       18880.6
    62   1342229  121421    1.8254       9083.5
    54   1053906  7608      2.1332       2910.6
    top-10: 28.9% of mass, 99.7% of excess-loss
Epoch 2: loss=1.687381  (4.68 sec, 64 subtrees, 194 chunks, 7492112 nodes)
  residual top-10 (subtree_mass × max(avg_loss − 1.687, 0)):
    rc   rootID   mass      avg_loss     score 
    1    25699    1452759   1.7635       110613.2
    58   1276392  155388    2.0790       60848.6
    57   1184337  533354    1.7361       25975.5
    53   1036865  88443     1.9066       19384.8
    38   321675   454205    1.7150       12528.1
    0    1        128889    1.7559       8829.0
    39   404892   85036     1.7294       3576.0
    59   1306619  57740     1.7436       3243.3
    4    247484   43037     1.7600       3125.1
    6    274443   12739     1.8350       1880.7
    top-10: 39.2% of mass, 96.8% of excess-loss
Epoch 3: loss=1.622317  (4.56 sec, 64 subtrees, 194 chunks, 7492111 nodes)
  residual top-10 (subtree_mass × max(avg_loss − 1.622, 0)):
    rc   rootID   mass      avg_loss     score 
    38   321675   454205    1.6821       27153.2
    58   1276392  155388    1.7585       21167.1
    39   404892   85036     1.7116       7589.7
    1    25699    1452759   1.6274       7365.8
    53   1036865  88443     1.6866       5684.4
    43   624560   123954    1.6536       3879.6
    4    247484   43037     1.6811       2530.1
    6    274443   12739     1.7763       1961.8
    59   1306619  57740     1.6534       1797.2
    44   647727   106264    1.6368       1542.6
    top-10: 33.6% of mass, 90.6% of excess-loss
Epoch 4: loss=1.622753  (4.63 sec, 64 subtrees, 194 chunks, 7492110 nodes)
  residual top-10 (subtree_mass × max(avg_loss − 1.623, 0)):
    rc   rootID   mass      avg_loss     score 
    58   1276392  155388    1.8676       38047.1
    53   1036865  88443     1.8523       20298.9
    38   321675   454205    1.6645       18968.8
    57   1184337  533354    1.6500       14555.5
    39   404892   85036     1.7311       9216.7
    59   1306619  57740     1.6586       2068.5
    4    247484   43037     1.6696       2017.4
    6    274443   12739     1.7598       1745.9
    43   624560   123954    1.6364       1689.1
    48   805866   33513     1.6601       1250.7
    top-10: 20.7% of mass, 95.4% of excess-loss
Epoch 5: loss=1.631763  (4.60 sec, 64 subtrees, 194 chunks, 7492112 nodes)
  residual top-10 (subtree_mass × max(avg_loss − 1.632, 0)):
    rc   rootID   mass      avg_loss     score 
    58   1276392  155388    2.0169       59840.4
    53   1036865  88443     2.0283       35073.1
    57   1184337  533354    1.6771       24205.2
    38   321675   454205    1.6654       15284.8
    39   404892   85036     1.7035       6097.8
    59   1306619  57740     1.7098       4506.4
    52   956713   434853    1.6390       3165.0
    60   1317498  130293    1.6439       1577.1
    6    274443   12739     1.7528       1542.1
    4    247484   43037     1.6630       1343.6
    top-10: 26.0% of mass, 96.2% of excess-loss
Saved to /home/trans/Projects/agpt/rnd/streaming-agpt-v1/models/seed100_ms_n100_se5_stage19.model
Done.
  Appended optimizer state to /home/trans/Projects/agpt/rnd/streaming-agpt-v1/models/seed100_ms_n100_se5_stage19.model (adam_t=5975)
