AGPT CUDA Training Engine
  Model: d=64 heads=4 layers=2 ff=256 vocab=65 seq=32 head_dim=16
  Loaded 108481 weight floats (423.8 KB)
  Loaded optimizer state from checkpoint (adam_t=27100)
  LR schedule horizon: 500 total SE (override; this call runs 5 SE)
Loading radix trie from /tmp/shake_ms_n100_se5_85pct_d16_radix...
  Radix trie: 6045900 nodes, 30102105 total edge chars, 17 endpoint depths
  Radix loaded: 10148549 counts entries, 53179162 ancestor char entries
  d_split: 3914039/6045900 nodes have a mass=1 ancestor (mean depth 10.36)
  lr-schedule: warmup-cosine (peak=0.003, warmup_epochs=1)
  optimizer: rmsprop (lr=0.003)
  entropy lambda: 1.000 (branching-endpoint icing enabled)
  mass weighting: log (head-of-edge count restores corpus-frequency exposure)
  curriculum: flat (d=max each epoch)
  max edge_len: 15, max ancestor chars: 15, max KV per node: 30, max endpoint depth: 16
  mass=1 compaction: 25982377 / 30102105 chars are mass=1 (86.3%); cache holds 4119728 positions
  loop points: 127371 (mass>1 leaves; 6.0% of 2131860 mass>1 nodes)
  KV cache: 2109.3 MB unified memory (bf16 compact)
  GPU memory: 3048.4 MB used, 5138.4 MB free, 8186.8 MB total
  65 root-child subtrees: sizes min=3 max=959977 avg=93013.8 (total=6045899 radix nodes)
Epoch 1: loss=1.569450  (18.75 sec, 65 subtrees, 640 chunks, 30102105 nodes)
  residual top-10 (subtree_mass × max(avg_loss − 1.569, 0)):
    rc   rootID   mass      avg_loss     score 
    1    118242   6942486   1.5813       82575.3
    5    1085275  283082    1.6156       13057.5
    44   2766773  607127    1.5834       8488.6
    7    1222019  73501     1.6712       7480.4
    25   1378699  51968     1.7100       7304.8
    6    1130895  648548    1.5799       6783.3
    32   1405910  65496     1.6689       6512.6
    13   1307316  52238     1.6892       6256.5
    15   1322772  31255     1.7691       6238.5
    31   1399602  32077     1.7436       5586.2
    top-10: 23.0% of mass, 71.2% of excess-loss
Epoch 2: loss=1.569266  (18.54 sec, 65 subtrees, 640 chunks, 30102105 nodes)
  residual top-10 (subtree_mass × max(avg_loss − 1.569, 0)):
    rc   rootID   mass      avg_loss     score 
    1    118242   6942486   1.5808       79842.4
    5    1085275  283082    1.6145       12796.2
    59   5659262  767862    1.5808       8824.8
    44   2766773  607127    1.5836       8703.6
    7    1222019  73501     1.6711       7488.3
    25   1378699  51968     1.7095       7290.0
    32   1405910  65496     1.6674       6427.8
    6    1130895  648548    1.5789       6237.1
    15   1322772  31255     1.7688       6236.4
    13   1307316  52238     1.6865       6121.6
    top-10: 24.9% of mass, 71.3% of excess-loss
Epoch 3: loss=1.568739  (18.55 sec, 65 subtrees, 640 chunks, 30102105 nodes)
  residual top-10 (subtree_mass × max(avg_loss − 1.569, 0)):
    rc   rootID   mass      avg_loss     score 
    1    118242   6942486   1.5812       86339.6
    5    1085275  283082    1.6148       13039.1
    44   2766773  607127    1.5828       8566.3
    7    1222019  73501     1.6710       7517.5
    25   1378699  51968     1.7112       7402.6
    6    1130895  648548    1.5791       6695.3
    32   1405910  65496     1.6677       6482.2
    13   1307316  52238     1.6879       6227.0
    15   1322772  31255     1.7664       6176.8
    31   1399602  32077     1.7425       5573.6
    top-10: 23.0% of mass, 73.0% of excess-loss
Epoch 4: loss=1.568715  (18.56 sec, 65 subtrees, 640 chunks, 30102105 nodes)
  residual top-10 (subtree_mass × max(avg_loss − 1.569, 0)):
    rc   rootID   mass      avg_loss     score 
    1    118242   6942486   1.5804       80920.9
    5    1085275  283082    1.6137       12727.9
    44   2766773  607127    1.5819       8006.9
    7    1222019  73501     1.6703       7467.1
    25   1378699  51968     1.7109       7389.4
    32   1405910  65496     1.6674       6466.4
    15   1322772  31255     1.7699       6289.0
    6    1130895  648548    1.5784       6258.7
    59   5659262  767862    1.5768       6244.6
    13   1307316  52238     1.6880       6229.6
    top-10: 24.9% of mass, 70.6% of excess-loss
Epoch 5: loss=1.568548  (18.56 sec, 65 subtrees, 640 chunks, 30102105 nodes)
  residual top-10 (subtree_mass × max(avg_loss − 1.569, 0)):
    rc   rootID   mass      avg_loss     score 
    1    118242   6942486   1.5801       80262.9
    5    1085275  283082    1.6129       12547.5
    44   2766773  607127    1.5835       9072.7
    7    1222019  73501     1.6708       7512.2
    25   1378699  51968     1.7106       7384.7
    32   1405910  65496     1.6671       6456.0
    13   1307316  52238     1.6881       6242.7
    6    1130895  648548    1.5782       6227.4
    15   1322772  31255     1.7676       6222.8
    39   1427175  2300762   1.5710       5659.0
    top-10: 28.9% of mass, 70.7% of excess-loss
Saved to /home/trans/Projects/agpt/rnd/streaming-agpt-v1/models/seed100_ms_n100_se5_stage85.model
Done.
  Appended optimizer state to /home/trans/Projects/agpt/rnd/streaming-agpt-v1/models/seed100_ms_n100_se5_stage85.model (adam_t=27425)
