AGPT CUDA Training Engine
  Model: d=64 heads=4 layers=2 ff=256 vocab=65 seq=32 head_dim=16
  Loaded 108481 weight floats (423.8 KB)
  Loaded optimizer state from checkpoint (adam_t=1550)
  LR schedule horizon: 500 total SE (override; this call runs 5 SE)
Loading radix trie from /tmp/shake_ms_n100_se5_6pct_d16_radix...
  Radix trie: 433510 nodes, 2557287 total edge chars, 17 endpoint depths
  Radix loaded: 723054 counts entries, 3196647 ancestor char entries
  d_split: 281276/433510 nodes have a mass=1 ancestor (mean depth 9.03)
  lr-schedule: warmup-cosine (peak=0.003, warmup_epochs=1)
  optimizer: rmsprop (lr=0.003)
  entropy lambda: 1.000 (branching-endpoint icing enabled)
  mass weighting: log (head-of-edge count restores corpus-frequency exposure)
  curriculum: flat (d=max each epoch)
  max edge_len: 16, max ancestor chars: 15, max KV per node: 31, max endpoint depth: 16
  mass=1 compaction: 2240454 / 2557287 chars are mass=1 (87.6%); cache holds 316833 positions
  loop points: 5897 (mass>1 leaves; 3.9% of 152233 mass>1 nodes)
  KV cache: 162.2 MB unified memory (bf16 compact)
  GPU memory: 2771.6 MB used, 5415.2 MB free, 8186.8 MB total
  62 root-child subtrees: sizes min=1 max=70986 avg=6992.1 (total=433509 radix nodes)
Epoch 1: loss=1.929176  (1.59 sec, 62 subtrees, 99 chunks, 2557287 nodes)
  residual top-10 (subtree_mass × max(avg_loss − 1.929, 0)):
    rc   rootID   mass      avg_loss     score 
    41   198470   36301     3.8842       70967.6
    40   155702   213431    2.1244       41667.0
    44   232627   113828    2.2782       39723.5
    43   212388   105286    2.2245       31097.0
    39   142456   64453     2.3315       25931.8
    42   206069   28505     2.6209       19716.3
    47   257821   62955     1.9636       2169.6
    46   255899   8126      2.0428       923.0 
    45   255541   1459      2.4776       800.1 
    0    1        37442     1.6906       0.0   
    top-10: 30.1% of mass, 100.0% of excess-loss
Epoch 2: loss=1.789646  (1.51 sec, 62 subtrees, 99 chunks, 2557287 nodes)
  residual top-10 (subtree_mass × max(avg_loss − 1.790, 0)):
    rc   rootID   mass      avg_loss     score 
    41   198470   36301     2.8216       37459.2
    39   142456   64453     2.0765       18491.5
    40   155702   213431    1.8629       15641.5
    43   212388   105286    1.8870       10254.1
    42   206069   28505     1.9851       5571.8
    51   328490   24460     1.8524       1534.8
    37   129060   23859     1.8443       1302.9
    36   103173   126923    1.7995       1249.5
    44   232627   113828    1.7961       740.1 
    4    79502    13745     1.8435       739.8 
    top-10: 33.7% of mass, 99.6% of excess-loss
Epoch 3: loss=1.769872  (1.51 sec, 62 subtrees, 99 chunks, 2557287 nodes)
  residual top-10 (subtree_mass × max(avg_loss − 1.770, 0)):
    rc   rootID   mass      avg_loss     score 
    41   198470   36301     2.2997       19233.1
    39   142456   64453     1.9324       10473.5
    4    79502    13745     2.4537       9399.2
    56   404521   43672     1.9550       8083.2
    5    82359    31438     1.9393       5327.8
    43   212388   105286    1.8202       5299.8
    40   155702   213431    1.7832       2853.1
    51   328490   24460     1.8839       2790.3
    42   206069   28505     1.8484       2237.7
    57   414075   17099     1.7993       503.5 
    top-10: 25.9% of mass, 98.9% of excess-loss
Epoch 4: loss=1.738337  (1.51 sec, 62 subtrees, 99 chunks, 2557287 nodes)
  residual top-10 (subtree_mass × max(avg_loss − 1.738, 0)):
    rc   rootID   mass      avg_loss     score 
    39   142456   64453     1.9293       12307.6
    41   198470   36301     2.0190       10188.7
    36   103173   126923    1.8180       10109.2
    40   155702   213431    1.7655       5795.9
    51   328490   24460     1.9330       4762.1
    56   404521   43672     1.8383       4364.5
    37   129060   23859     1.8617       2943.2
    4    79502    13745     1.8684       1787.7
    5    82359    31438     1.7940       1749.4
    57   414075   17099     1.8023       1093.9
    top-10: 26.7% of mass, 97.2% of excess-loss
Epoch 5: loss=1.739227  (1.51 sec, 62 subtrees, 99 chunks, 2557286 nodes)
  residual top-10 (subtree_mass × max(avg_loss − 1.739, 0)):
    rc   rootID   mass      avg_loss     score 
    41   198470   36301     2.3315       21501.4
    39   142456   64453     1.9468       13375.8
    36   103173   126923    1.8005       7779.3
    40   155702   213431    1.7744       7516.5
    51   328490   24460     2.0389       7330.5
    56   404521   43672     1.8186       3464.7
    4    79502    13745     1.9657       3112.7
    37   129060   23859     1.8222       1979.8
    5    82359    31438     1.7978       1841.2
    42   206069   28505     1.7959       1614.7
    top-10: 27.2% of mass, 97.9% of excess-loss
Saved to /home/trans/Projects/agpt/rnd/streaming-agpt-v1/models/seed300_ms_n100_se5_stage6.model
Done.
  Appended optimizer state to /home/trans/Projects/agpt/rnd/streaming-agpt-v1/models/seed300_ms_n100_se5_stage6.model (adam_t=1860)
