AGPT CUDA Training Engine
  Model: d=64 heads=4 layers=2 ff=256 vocab=65 seq=32 head_dim=16
  Loaded 108481 weight floats (423.8 KB)
  Loaded optimizer state from checkpoint (adam_t=2170)
  LR schedule horizon: 500 total SE (override; this call runs 5 SE)
Loading radix trie from /tmp/shake_ms_n100_se5_8pct_d16_radix...
  Radix trie: 577170 nodes, 3302735 total edge chars, 17 endpoint depths
  Radix loaded: 963483 counts entries, 4409881 ancestor char entries
  d_split: 373771/577170 nodes have a mass=1 ancestor (mean depth 9.30)
  lr-schedule: warmup-cosine (peak=0.003, warmup_epochs=1)
  optimizer: rmsprop (lr=0.003)
  entropy lambda: 1.000 (branching-endpoint icing enabled)
  mass weighting: log (head-of-edge count restores corpus-frequency exposure)
  curriculum: flat (d=max each epoch)
  max edge_len: 16, max ancestor chars: 15, max KV per node: 31, max endpoint depth: 16
  mass=1 compaction: 2877840 / 3302735 chars are mass=1 (87.1%); cache holds 424895 positions
  loop points: 8844 (mass>1 leaves; 4.3% of 203398 mass>1 nodes)
  KV cache: 217.5 MB unified memory (bf16 compact)
  GPU memory: 2782.1 MB used, 5404.8 MB free, 8186.8 MB total
  63 root-child subtrees: sizes min=1 max=93309 avg=9161.4 (total=577169 radix nodes)
Epoch 1: loss=2.916454  (2.02 sec, 63 subtrees, 116 chunks, 3302735 nodes)
  residual top-10 (subtree_mass × max(avg_loss − 2.916, 0)):
    rc   rootID   mass      avg_loss     score 
    41   205384   296350    5.2599       694476.8
    37   134969   176704    5.2404       410649.0
    40   187476   90366     4.4206       135919.7
    42   262664   50368     4.8367       96718.3
    44   281324   147247    3.1728       37746.6
    43   272847   39350     3.6578       29173.6
    39   176286   54959     3.4411       28831.3
    38   169722   32014     3.7137       25523.1
    45   308604   157253    3.0651       23376.8
    36   134968   1         3.3980       0.5   
    top-10: 34.2% of mass, 100.0% of excess-loss
Epoch 2: loss=2.164474  (1.96 sec, 63 subtrees, 116 chunks, 3302735 nodes)
  residual top-10 (subtree_mass × max(avg_loss − 2.164, 0)):
    rc   rootID   mass      avg_loss     score 
    37   134969   176704    2.7158       97420.5
    1    11017    608630    2.2489       51391.5
    38   169722   32014     2.7152       17631.0
    41   205384   296350    2.2229       17320.4
    39   176286   54959     2.4468       15518.4
    40   187476   90366     2.3051       12709.1
    42   262664   50368     2.2865       6144.5
    0    1        51005     2.2789       5834.5
    5    108092   42992     2.2437       3404.1
    4    104534   17560     2.3147       2637.8
    top-10: 46.5% of mass, 97.3% of excess-loss
Epoch 3: loss=1.838069  (1.96 sec, 63 subtrees, 116 chunks, 3302735 nodes)
  residual top-10 (subtree_mass × max(avg_loss − 1.838, 0)):
    rc   rootID   mass      avg_loss     score 
    1    11017    608630    1.9234       51917.1
    37   134969   176704    1.9441       18728.5
    57   538419   59657     2.0768       14243.9
    0    1        51005     1.9299       4686.1
    38   169722   32014     1.9680       4160.1
    5    108092   42992     1.9097       3078.0
    4    104534   17560     1.9393       1777.7
    42   262664   50368     1.8636       1283.4
    45   308604   157253    1.8461       1268.4
    39   176286   54959     1.8555       958.2 
    top-10: 41.0% of mass, 97.1% of excess-loss
Epoch 4: loss=1.717313  (1.96 sec, 63 subtrees, 116 chunks, 3302735 nodes)
  residual top-10 (subtree_mass × max(avg_loss − 1.717, 0)):
    rc   rootID   mass      avg_loss     score 
    37   134969   176704    1.8138       17050.4
    57   538419   59657     1.9803       15688.4
    1    11017    608630    1.7305       8038.9
    38   169722   32014     1.8883       5472.5
    42   262664   50368     1.8007       4199.9
    58   551042   24126     1.8475       3141.5
    45   308604   157253    1.7353       2831.0
    39   176286   54959     1.7613       2416.9
    59   555941   48474     1.7521       1687.7
    4    104534   17560     1.7614       773.4 
    top-10: 40.3% of mass, 97.2% of excess-loss
Epoch 5: loss=1.657225  (1.96 sec, 63 subtrees, 116 chunks, 3302735 nodes)
  residual top-10 (subtree_mass × max(avg_loss − 1.657, 0)):
    rc   rootID   mass      avg_loss     score 
    37   134969   176704    1.7497       16340.8
    38   169722   32014     1.9212       8449.5
    57   538419   59657     1.7642       6379.6
    42   262664   50368     1.7616       5257.3
    39   176286   54959     1.7252       3735.5
    1    11017    608630    1.6628       3398.2
    43   272847   39350     1.7027       1790.8
    58   551042   24126     1.6952       915.7 
    45   308604   157253    1.6628       872.2 
    40   187476   90366     1.6615       387.7 
    top-10: 42.4% of mass, 98.4% of excess-loss
Saved to /home/trans/Projects/agpt/rnd/streaming-agpt-v1/models/seed200_ms_n100_se5_stage8.model
Done.
  Appended optimizer state to /home/trans/Projects/agpt/rnd/streaming-agpt-v1/models/seed200_ms_n100_se5_stage8.model (adam_t=2485)
