AGPT CUDA Training Engine
  Model: d=64 heads=4 layers=2 ff=256 vocab=65 seq=32 head_dim=16
  Loaded 108481 weight floats (423.8 KB)
  Loaded optimizer state from checkpoint (adam_t=29700)
  LR schedule horizon: 500 total SE (override; this call runs 5 SE)
Loading radix trie from /tmp/shake_ms_n100_se5_93pct_d16_radix...
  Radix trie: 6595927 nodes, 32531932 total edge chars, 17 endpoint depths
  Radix loaded: 11076926 counts entries, 58481545 ancestor char entries
  d_split: 4265444/6595927 nodes have a mass=1 ancestor (mean depth 10.43)
  lr-schedule: warmup-cosine (peak=0.003, warmup_epochs=1)
  optimizer: rmsprop (lr=0.003)
  entropy lambda: 1.000 (branching-endpoint icing enabled)
  mass weighting: log (head-of-edge count restores corpus-frequency exposure)
  curriculum: flat (d=max each epoch)
  max edge_len: 15, max ancestor chars: 15, max KV per node: 30, max endpoint depth: 16
  mass=1 compaction: 28026143 / 32531932 chars are mass=1 (86.1%); cache holds 4505789 positions
  loop points: 144884 (mass>1 leaves; 6.2% of 2330482 mass>1 nodes)
  KV cache: 2307.0 MB unified memory (bf16 compact)
  GPU memory: 3082.0 MB used, 5104.9 MB free, 8186.8 MB total
  65 root-child subtrees: sizes min=3 max=1043941 avg=101475.8 (total=6595926 radix nodes)
Epoch 1: loss=1.544271  (20.30 sec, 65 subtrees, 687 chunks, 32531932 nodes)
  residual top-10 (subtree_mass × max(avg_loss − 1.544, 0)):
    rc   rootID   mass      avg_loss     score 
    1    129346   7633357   1.5566       93938.4
    5    1181207  317470    1.5837       12513.4
    7    1330194  76571     1.6479       7938.6
    32   1530182  72420     1.6517       7780.4
    13   1422396  59532     1.6718       7590.2
    25   1499704  55116     1.6639       6593.4
    28   1514209  40384     1.7021       6373.5
    15   1439624  32687     1.7343       6212.0
    44   3014504  668268    1.5534       6129.3
    6    1231772  705285    1.5521       5548.1
    top-10: 22.9% of mass, 71.3% of excess-loss
Epoch 2: loss=1.544193  (20.07 sec, 65 subtrees, 687 chunks, 32531932 nodes)
  residual top-10 (subtree_mass × max(avg_loss − 1.544, 0)):
    rc   rootID   mass      avg_loss     score 
    1    129346   7633357   1.5567       95307.6
    5    1181207  317470    1.5836       12518.4
    7    1330194  76571     1.6483       7973.7
    32   1530182  72420     1.6511       7739.3
    13   1422396  59532     1.6709       7541.4
    25   1499704  55116     1.6643       6622.2
    15   1439624  32687     1.7362       6276.9
    28   1514209  40384     1.6995       6270.2
    44   3014504  668268    1.5535       6212.8
    46   3232445  2138970   1.5470       5971.5
    top-10: 26.3% of mass, 71.5% of excess-loss
Epoch 3: loss=1.544068  (20.09 sec, 65 subtrees, 687 chunks, 32531932 nodes)
  residual top-10 (subtree_mass × max(avg_loss − 1.544, 0)):
    rc   rootID   mass      avg_loss     score 
    1    129346   7633357   1.5565       95090.5
    5    1181207  317470    1.5829       12320.3
    7    1330194  76571     1.6482       7975.1
    32   1530182  72420     1.6517       7794.9
    13   1422396  59532     1.6707       7540.2
    25   1499704  55116     1.6651       6671.5
    28   1514209  40384     1.7035       6437.5
    44   3014504  668268    1.5535       6335.1
    15   1439624  32687     1.7333       6185.6
    46   3232445  2138970   1.5468       5888.9
    top-10: 26.3% of mass, 71.6% of excess-loss
Epoch 4: loss=1.543945  (20.11 sec, 65 subtrees, 687 chunks, 32531932 nodes)
  residual top-10 (subtree_mass × max(avg_loss − 1.544, 0)):
    rc   rootID   mass      avg_loss     score 
    1    129346   7633357   1.5564       95239.4
    5    1181207  317470    1.5824       12221.7
    7    1330194  76571     1.6485       8002.5
    32   1530182  72420     1.6513       7774.0
    13   1422396  59532     1.6707       7544.4
    25   1499704  55116     1.6633       6579.0
    28   1514209  40384     1.7003       6313.7
    15   1439624  32687     1.7353       6254.1
    46   3232445  2138970   1.5468       6134.5
    44   3014504  668268    1.5531       6126.0
    top-10: 26.3% of mass, 71.6% of excess-loss
Epoch 5: loss=1.543905  (20.10 sec, 65 subtrees, 687 chunks, 32531932 nodes)
  residual top-10 (subtree_mass × max(avg_loss − 1.544, 0)):
    rc   rootID   mass      avg_loss     score 
    1    129346   7633357   1.5563       94921.1
    5    1181207  317470    1.5823       12191.5
    7    1330194  76571     1.6480       7974.4
    32   1530182  72420     1.6509       7751.5
    13   1422396  59532     1.6707       7547.3
    25   1499704  55116     1.6647       6655.7
    15   1439624  32687     1.7388       6369.3
    28   1514209  40384     1.7002       6313.5
    44   3014504  668268    1.5532       6196.8
    46   3232445  2138970   1.5468       6136.2
    top-10: 26.3% of mass, 71.6% of excess-loss
Saved to /home/trans/Projects/agpt/rnd/streaming-agpt-v1/models/seed200_ms_n100_se5_stage93.model
Done.
  Appended optimizer state to /home/trans/Projects/agpt/rnd/streaming-agpt-v1/models/seed200_ms_n100_se5_stage93.model (adam_t=30025)
