AGPT CUDA Training Engine
  Model: d=64 heads=4 layers=2 ff=256 vocab=65 seq=32 head_dim=16
  Loaded 108481 weight floats (423.8 KB)
  Loaded optimizer state from checkpoint (adam_t=5015)
  LR schedule horizon: 500 total SE (override; this call runs 5 SE)
Loading radix trie from /tmp/shake_ms_n100_se5_17pct_d16_radix...
  Radix trie: 1221493 nodes, 6673569 total edge chars, 17 endpoint depths
  Radix loaded: 2043191 counts entries, 9828393 ancestor char entries
  d_split: 789966/1221493 nodes have a mass=1 ancestor (mean depth 9.67)
  lr-schedule: warmup-cosine (peak=0.003, warmup_epochs=1)
  optimizer: rmsprop (lr=0.003)
  entropy lambda: 1.000 (branching-endpoint icing enabled)
  mass weighting: log (head-of-edge count restores corpus-frequency exposure)
  curriculum: flat (d=max each epoch)
  max edge_len: 16, max ancestor chars: 15, max KV per node: 31, max endpoint depth: 16
  mass=1 compaction: 5790495 / 6673569 chars are mass=1 (86.8%); cache holds 883074 positions
  loop points: 22025 (mass>1 leaves; 5.1% of 431526 mass>1 nodes)
  KV cache: 452.1 MB unified memory (bf16 compact)
  GPU memory: 2819.8 MB used, 5367.0 MB free, 8186.8 MB total
  64 root-child subtrees: sizes min=1 max=197442 avg=19085.8 (total=1221492 radix nodes)
Epoch 1: loss=1.639272  (4.38 sec, 64 subtrees, 181 chunks, 6673564 nodes)
  residual top-10 (subtree_mass × max(avg_loss − 1.639, 0)):
    rc   rootID   mass      avg_loss     score 
    58   1140072  136858    1.9133       37496.9
    38   287193   402834    1.7130       29699.5
    39   361132   76057     1.8265       14240.5
    53   925851   77483     1.7448       8178.5
    59   1166822  52428     1.7281       4658.4
    43   558111   112213    1.6790       4459.3
    49   725856   198009    1.6618       4452.0
    4    221272   37812     1.7522       4271.2
    5    228445   100926    1.6636       2456.7
    48   719951   28551     1.7046       1866.2
    top-10: 17.8% of mass, 89.0% of excess-loss
Epoch 2: loss=1.628936  (4.17 sec, 64 subtrees, 181 chunks, 6673569 nodes)
  residual top-10 (subtree_mass × max(avg_loss − 1.629, 0)):
    rc   rootID   mass      avg_loss     score 
    58   1140072  136858    1.9482       43693.3
    38   287193   402834    1.6913       25119.6
    53   925851   77483     1.8883       20098.2
    57   1058062  473008    1.6673       18142.2
    39   361132   76057     1.7797       11469.7
    59   1166822  52428     1.7126       4386.3
    43   558111   112213    1.6475       2085.0
    6    244807   10835     1.7645       1468.3
    4    221272   37812     1.6631       1292.8
    31   283118   10184     1.7467       1199.8
    top-10: 20.3% of mass, 94.7% of excess-loss
Epoch 3: loss=1.647810  (4.15 sec, 64 subtrees, 181 chunks, 6673569 nodes)
  residual top-10 (subtree_mass × max(avg_loss − 1.648, 0)):
    rc   rootID   mass      avg_loss     score 
    58   1140072  136858    2.1449       68032.9
    57   1058062  473008    1.6990       24198.5
    53   925851   77483     1.9220       21246.6
    43   558111   112213    1.7633       12956.6
    38   287193   402834    1.6759       11300.3
    39   361132   76057     1.7752       9690.8
    49   725856   198009    1.6875       7863.1
    59   1166822  52428     1.7510       5408.8
    44   579162   91293     1.6897       3820.7
    48   719951   28551     1.7449       2773.3
    top-10: 24.1% of mass, 95.8% of excess-loss
Epoch 4: loss=1.625522  (4.20 sec, 64 subtrees, 181 chunks, 6673567 nodes)
  residual top-10 (subtree_mass × max(avg_loss − 1.626, 0)):
    rc   rootID   mass      avg_loss     score 
    58   1140072  136858    1.9508       44513.1
    57   1058062  473008    1.6778       24729.6
    38   287193   402834    1.6754       20108.9
    53   925851   77483     1.8556       17824.9
    39   361132   76057     1.7374       8511.4
    59   1166822  52428     1.7551       6794.0
    49   725856   198009    1.6576       6354.3
    43   558111   112213    1.6795       6056.1
    60   1176731  115332    1.6573       3668.4
    48   719951   28551     1.7036       2228.8
    top-10: 24.4% of mass, 94.2% of excess-loss
Epoch 5: loss=1.631581  (4.17 sec, 64 subtrees, 181 chunks, 6673569 nodes)
  residual top-10 (subtree_mass × max(avg_loss − 1.632, 0)):
    rc   rootID   mass      avg_loss     score 
    58   1140072  136858    1.9492       43470.0
    38   287193   402834    1.6862       22013.2
    39   361132   76057     1.9016       20536.1
    59   1166822  52428     1.7657       7029.6
    57   1058062  473008    1.6439       5837.3
    43   558111   112213    1.6834       5819.1
    53   925851   77483     1.7064       5798.0
    49   725856   198009    1.6608       5780.6
    60   1176731  115332    1.6805       5642.6
    40   375596   120015    1.6560       2936.0
    top-10: 25.7% of mass, 92.3% of excess-loss
Saved to /home/trans/Projects/agpt/rnd/streaming-agpt-v1/models/seed100_ms_n100_se5_stage17.model
Done.
  Appended optimizer state to /home/trans/Projects/agpt/rnd/streaming-agpt-v1/models/seed100_ms_n100_se5_stage17.model (adam_t=5335)
