[radix-corpus] corpus: /tmp/shake_ms_n100_se5_80pct.txt (4000000 tokens, vocab=65)
[radix-corpus] max_depth=16, output=/tmp/shake_ms_n100_se5_80pct_d16_radix
[radix-corpus] subtree char=0 (78755 positions): emitted 111160 radix nodes  (cum total 111161, max_ep_depth=16, 0.1s)
[radix-corpus] subtree char=1 (660467 positions): emitted 907336 radix nodes  (cum total 1018497, max_ep_depth=16, 1.5s)
[radix-corpus] subtree char=2 (4578 positions): emitted 6486 radix nodes  (cum total 1024983, max_ep_depth=16, 1.5s)
[radix-corpus] subtree char=3 (2 positions): emitted 3 radix nodes  (cum total 1024986, max_ep_depth=16, 1.5s)
[radix-corpus] subtree char=4 (4 positions): emitted 5 radix nodes  (cum total 1024991, max_ep_depth=16, 1.5s)
[radix-corpus] subtree char=5 (31295 positions): emitted 42173 radix nodes  (cum total 1067164, max_ep_depth=16, 1.5s)
[radix-corpus] subtree char=6 (63239 positions): emitted 86668 radix nodes  (cum total 1153832, max_ep_depth=16, 1.5s)
[radix-corpus] subtree char=7 (10770 positions): emitted 16029 radix nodes  (cum total 1169861, max_ep_depth=16, 1.5s)
[radix-corpus] subtree char=8 (33092 positions): emitted 45662 radix nodes  (cum total 1215523, max_ep_depth=16, 1.6s)
[radix-corpus] subtree char=9 (118 positions): emitted 135 radix nodes  (cum total 1215658, max_ep_depth=16, 1.6s)
[radix-corpus] subtree char=10 (959 positions): emitted 1385 radix nodes  (cum total 1217043, max_ep_depth=16, 1.6s)
[radix-corpus] subtree char=11 (8418 positions): emitted 12145 radix nodes  (cum total 1229188, max_ep_depth=16, 1.6s)
[radix-corpus] subtree char=12 (3979 positions): emitted 5582 radix nodes  (cum total 1234770, max_ep_depth=16, 1.6s)
[radix-corpus] subtree char=13 (6149 positions): emitted 8131 radix nodes  (cum total 1242901, max_ep_depth=16, 1.6s)
[radix-corpus] subtree char=14 (4266 positions): emitted 6092 radix nodes  (cum total 1248993, max_ep_depth=16, 1.6s)
[radix-corpus] subtree char=15 (3762 positions): emitted 4450 radix nodes  (cum total 1253443, max_ep_depth=16, 1.6s)
[radix-corpus] subtree char=16 (2685 positions): emitted 3762 radix nodes  (cum total 1257205, max_ep_depth=16, 1.6s)
[radix-corpus] subtree char=17 (2896 positions): emitted 3295 radix nodes  (cum total 1260500, max_ep_depth=16, 1.6s)
[radix-corpus] subtree char=18 (1554 positions): emitted 2209 radix nodes  (cum total 1262709, max_ep_depth=16, 1.6s)
[radix-corpus] subtree char=19 (1403 positions): emitted 1970 radix nodes  (cum total 1264679, max_ep_depth=16, 1.6s)
[radix-corpus] subtree char=20 (5272 positions): emitted 6827 radix nodes  (cum total 1271506, max_ep_depth=16, 1.6s)
[radix-corpus] subtree char=21 (17875 positions): emitted 23582 radix nodes  (cum total 1295088, max_ep_depth=16, 1.6s)
[radix-corpus] subtree char=22 (2075 positions): emitted 2976 radix nodes  (cum total 1298064, max_ep_depth=16, 1.6s)
[radix-corpus] subtree char=23 (384 positions): emitted 543 radix nodes  (cum total 1298607, max_ep_depth=16, 1.6s)
[radix-corpus] subtree char=24 (2692 positions): emitted 3767 radix nodes  (cum total 1302374, max_ep_depth=16, 1.6s)
[radix-corpus] subtree char=25 (6059 positions): emitted 7169 radix nodes  (cum total 1309543, max_ep_depth=16, 1.6s)
[radix-corpus] subtree char=26 (2139 positions): emitted 3057 radix nodes  (cum total 1312600, max_ep_depth=16, 1.6s)
[radix-corpus] subtree char=27 (1617 positions): emitted 2306 radix nodes  (cum total 1314906, max_ep_depth=16, 1.6s)
[radix-corpus] subtree char=28 (3919 positions): emitted 4731 radix nodes  (cum total 1319637, max_ep_depth=16, 1.6s)
[radix-corpus] subtree char=29 (372 positions): emitted 515 radix nodes  (cum total 1320152, max_ep_depth=16, 1.6s)
[radix-corpus] subtree char=30 (1677 positions): emitted 1858 radix nodes  (cum total 1322010, max_ep_depth=16, 1.6s)
[radix-corpus] subtree char=31 (4254 positions): emitted 6079 radix nodes  (cum total 1328089, max_ep_depth=16, 1.6s)
[radix-corpus] subtree char=32 (7195 positions): emitted 9595 radix nodes  (cum total 1337684, max_ep_depth=16, 1.6s)
[radix-corpus] subtree char=33 (265 positions): emitted 345 radix nodes  (cum total 1338029, max_ep_depth=16, 1.6s)
[radix-corpus] subtree char=34 (740 positions): emitted 781 radix nodes  (cum total 1338810, max_ep_depth=16, 1.6s)
[radix-corpus] subtree char=35 (4247 positions): emitted 5923 radix nodes  (cum total 1344733, max_ep_depth=16, 1.6s)
[radix-corpus] subtree char=36 (700 positions): emitted 605 radix nodes  (cum total 1345338, max_ep_depth=16, 1.6s)
[radix-corpus] subtree char=37 (1636 positions): emitted 2349 radix nodes  (cum total 1347687, max_ep_depth=16, 1.6s)
[radix-corpus] subtree char=38 (31 positions): emitted 47 radix nodes  (cum total 1347734, max_ep_depth=16, 1.6s)
[radix-corpus] subtree char=39 (245490 positions): emitted 353521 radix nodes  (cum total 1701255, max_ep_depth=16, 2.0s)
[radix-corpus] subtree char=40 (45486 positions): emitted 65846 radix nodes  (cum total 1767101, max_ep_depth=16, 2.0s)
[radix-corpus] subtree char=41 (69607 positions): emitted 100046 radix nodes  (cum total 1867147, max_ep_depth=16, 2.0s)
[radix-corpus] subtree char=42 (133719 positions): emitted 192956 radix nodes  (cum total 2060103, max_ep_depth=16, 2.2s)
[radix-corpus] subtree char=43 (381115 positions): emitted 549407 radix nodes  (cum total 2609510, max_ep_depth=16, 2.8s)
[radix-corpus] subtree char=44 (65216 positions): emitted 94399 radix nodes  (cum total 2703909, max_ep_depth=16, 2.9s)
[radix-corpus] subtree char=45 (63567 positions): emitted 92888 radix nodes  (cum total 2796797, max_ep_depth=16, 2.9s)
[radix-corpus] subtree char=46 (195855 positions): emitted 278782 radix nodes  (cum total 3075579, max_ep_depth=16, 3.2s)
[radix-corpus] subtree char=47 (199703 positions): emitted 286694 radix nodes  (cum total 3362273, max_ep_depth=16, 3.4s)
[radix-corpus] subtree char=48 (2462 positions): emitted 3626 radix nodes  (cum total 3365899, max_ep_depth=16, 3.4s)
[radix-corpus] subtree char=49 (25365 positions): emitted 36681 radix nodes  (cum total 3402580, max_ep_depth=16, 3.5s)
[radix-corpus] subtree char=50 (122286 positions): emitted 178022 radix nodes  (cum total 3580602, max_ep_depth=16, 3.6s)
[radix-corpus] subtree char=51 (75977 positions): emitted 110200 radix nodes  (cum total 3690802, max_ep_depth=16, 3.6s)
[radix-corpus] subtree char=52 (214685 positions): emitted 310904 radix nodes  (cum total 4001706, max_ep_depth=16, 3.9s)
[radix-corpus] subtree char=53 (232272 positions): emitted 335009 radix nodes  (cum total 4336715, max_ep_depth=16, 4.2s)
[radix-corpus] subtree char=54 (49485 positions): emitted 71704 radix nodes  (cum total 4408419, max_ep_depth=16, 4.3s)
[radix-corpus] subtree char=55 (3419 positions): emitted 4840 radix nodes  (cum total 4413259, max_ep_depth=16, 4.3s)
[radix-corpus] subtree char=56 (175746 positions): emitted 254853 radix nodes  (cum total 4668112, max_ep_depth=16, 4.5s)
[radix-corpus] subtree char=57 (192152 positions): emitted 277493 radix nodes  (cum total 4945605, max_ep_depth=16, 4.7s)
[radix-corpus] subtree char=58 (272368 positions): emitted 387877 radix nodes  (cum total 5333482, max_ep_depth=16, 5.0s)
[radix-corpus] subtree char=59 (86469 positions): emitted 125009 radix nodes  (cum total 5458491, max_ep_depth=16, 5.1s)
[radix-corpus] subtree char=60 (28597 positions): emitted 41515 radix nodes  (cum total 5500006, max_ep_depth=16, 5.1s)
[radix-corpus] subtree char=61 (70331 positions): emitted 100594 radix nodes  (cum total 5600600, max_ep_depth=16, 5.2s)
[radix-corpus] subtree char=62 (3837 positions): emitted 5644 radix nodes  (cum total 5606244, max_ep_depth=16, 5.2s)
[radix-corpus] subtree char=63 (61133 positions): emitted 89444 radix nodes  (cum total 5695688, max_ep_depth=16, 5.2s)
[radix-corpus] subtree char=64 (2118 positions): emitted 2999 radix nodes  (cum total 5698687, max_ep_depth=16, 5.2s)
[radix-corpus] done: 5698687 radix nodes, 28532480 total edge chars, 17 endpoint depths, 5.23s
  radix_count:        5698687
  total_edge_chars:   28532480
  max_endpoint_depth: 16
