Vocab source: /home/trans/Projects/agpt/data/gutenberg_5m.txt → 65 unique chars
Test file: /home/trans/Projects/agpt/data/gutenberg_5m.txt (5000000 bytes)
Auto-detected architecture from checkpoint: d_model=64, n_heads=4, n_layers=2, d_ff=256 (ckpt seq_len=32, eval seq_len=16)
Model loaded: /home/trans/Projects/agpt/rnd/streaming-agpt-v1/models/seed100_ms_n100_se1_stage100.model (d_model=64, n_layers=2, vocab=65, seq_len=16)
Tokens: 5000000
  204/4096 (1572.1/s, ETA 2s)
  408/4096 (1337.5/s, ETA 3s)
  612/4096 (1305.6/s, ETA 3s)
  816/4096 (1276.4/s, ETA 3s)
  1020/4096 (1299.3/s, ETA 2s)
  1224/4096 (1336.4/s, ETA 2s)
  1428/4096 (1337.0/s, ETA 2s)
  1632/4096 (1361.0/s, ETA 2s)
  1836/4096 (1375.7/s, ETA 2s)
  2040/4096 (1398.4/s, ETA 1s)
  2244/4096 (1407.8/s, ETA 1s)
  2448/4096 (1418.0/s, ETA 1s)
  2652/4096 (1413.0/s, ETA 1s)
  2856/4096 (1399.7/s, ETA 1s)
  3060/4096 (1398.3/s, ETA 1s)
  3264/4096 (1403.9/s, ETA 1s)
  3468/4096 (1412.8/s, ETA 0s)
  3672/4096 (1419.7/s, ETA 0s)
  3876/4096 (1421.1/s, ETA 0s)
  4080/4096 (1429.0/s, ETA 0s)

Positions scored:  4096
Mean per-token NLL: 1.527143 nats
Perplexity:         4.6050
Bits per character: 2.2032 bpc
Elapsed:            2.9s (1422.4 pos/sec)
