AGPT CUDA Training Engine
  Model: d=64 heads=4 layers=2 ff=256 vocab=65 seq=32 head_dim=16
  Loaded 108481 weight floats (423.8 KB)
  Loaded optimizer state from checkpoint (adam_t=27100)
  LR schedule horizon: 500 total SE (override; this call runs 5 SE)
Loading radix trie from /tmp/shake_ms_n100_se5_85pct_d16_radix...
  Radix trie: 6045900 nodes, 30102105 total edge chars, 17 endpoint depths
  Radix loaded: 10148549 counts entries, 53179162 ancestor char entries
  d_split: 3914039/6045900 nodes have a mass=1 ancestor (mean depth 10.36)
  lr-schedule: warmup-cosine (peak=0.003, warmup_epochs=1)
  optimizer: rmsprop (lr=0.003)
  entropy lambda: 1.000 (branching-endpoint icing enabled)
  mass weighting: log (head-of-edge count restores corpus-frequency exposure)
  curriculum: flat (d=max each epoch)
  max edge_len: 15, max ancestor chars: 15, max KV per node: 30, max endpoint depth: 16
  mass=1 compaction: 25982377 / 30102105 chars are mass=1 (86.3%); cache holds 4119728 positions
  loop points: 127371 (mass>1 leaves; 6.0% of 2131860 mass>1 nodes)
  KV cache: 2109.3 MB unified memory (bf16 compact)
  GPU memory: 3048.4 MB used, 5138.4 MB free, 8186.8 MB total
  65 root-child subtrees: sizes min=3 max=959977 avg=93013.8 (total=6045899 radix nodes)
Epoch 1: loss=1.516894  (18.98 sec, 65 subtrees, 640 chunks, 30102105 nodes)
  residual top-10 (subtree_mass × max(avg_loss − 1.517, 0)):
    rc   rootID   mass      avg_loss     score 
    1    118242   6942486   1.5270       70034.0
    59   5659262  767862    1.5429       19938.6
    5    1085275  283082    1.5702       15102.5
    7    1222019  73501     1.6242       7889.9
    25   1378699  51968     1.6644       7664.9
    44   2766773  607127    1.5292       7468.3
    15   1322772  31255     1.7500       7286.0
    13   1307316  52238     1.6561       7271.9
    32   1405910  65496     1.6134       6320.9
    31   1399602  32077     1.6933       5657.5
    top-10: 23.3% of mass, 70.7% of excess-loss
Epoch 2: loss=1.516564  (18.54 sec, 65 subtrees, 640 chunks, 30102105 nodes)
  residual top-10 (subtree_mass × max(avg_loss − 1.517, 0)):
    rc   rootID   mass      avg_loss     score 
    1    118242   6942486   1.5269       71803.5
    59   5659262  767862    1.5389       17138.0
    5    1085275  283082    1.5696       15020.7
    7    1222019  73501     1.6243       7917.6
    25   1378699  51968     1.6680       7867.8
    13   1307316  52238     1.6557       7266.9
    15   1322772  31255     1.7468       7196.2
    44   2766773  607127    1.5276       6716.7
    32   1405910  65496     1.6142       6394.0
    31   1399602  32077     1.6934       5673.4
    top-10: 23.3% of mass, 70.2% of excess-loss
Epoch 3: loss=1.515715  (18.56 sec, 65 subtrees, 640 chunks, 30102105 nodes)
  residual top-10 (subtree_mass × max(avg_loss − 1.516, 0)):
    rc   rootID   mass      avg_loss     score 
    1    118242   6942486   1.5269       77930.5
    5    1085275  283082    1.5689       15058.5
    7    1222019  73501     1.6243       7981.6
    25   1378699  51968     1.6649       7755.0
    13   1307316  52238     1.6558       7317.0
    15   1322772  31255     1.7460       7196.5
    44   2766773  607127    1.5265       6522.2
    32   1405910  65496     1.6151       6509.9
    31   1399602  32077     1.6932       5693.9
    28   1391783  33437     1.6660       5026.4
    top-10: 21.4% of mass, 68.7% of excess-loss
Epoch 4: loss=1.515982  (18.57 sec, 65 subtrees, 640 chunks, 30102104 nodes)
  residual top-10 (subtree_mass × max(avg_loss − 1.516, 0)):
    rc   rootID   mass      avg_loss     score 
    1    118242   6942486   1.5266       74037.6
    5    1085275  283082    1.5692       15059.2
    59   5659262  767862    1.5318       12137.5
    7    1222019  73501     1.6238       7925.0
    25   1378699  51968     1.6673       7866.0
    13   1307316  52238     1.6553       7278.5
    15   1322772  31255     1.7452       7164.3
    44   2766773  607127    1.5269       6632.8
    32   1405910  65496     1.6135       6385.1
    31   1399602  32077     1.6934       5690.5
    top-10: 23.3% of mass, 69.5% of excess-loss
Epoch 5: loss=1.515586  (18.57 sec, 65 subtrees, 640 chunks, 30102104 nodes)
  residual top-10 (subtree_mass × max(avg_loss − 1.516, 0)):
    rc   rootID   mass      avg_loss     score 
    1    118242   6942486   1.5264       75160.5
    5    1085275  283082    1.5676       14732.9
    59   5659262  767862    1.5283       9789.0
    7    1222019  73501     1.6238       7951.6
    25   1378699  51968     1.6669       7865.6
    13   1307316  52238     1.6571       7393.1
    15   1322772  31255     1.7461       7204.0
    32   1405910  65496     1.6131       6389.8
    44   2766773  607127    1.5260       6340.1
    31   1399602  32077     1.6943       5734.2
    top-10: 23.3% of mass, 69.2% of excess-loss
Saved to /home/trans/Projects/agpt/rnd/streaming-agpt-v1/models/seed300_ms_n100_se5_stage85.model
Done.
  Appended optimizer state to /home/trans/Projects/agpt/rnd/streaming-agpt-v1/models/seed300_ms_n100_se5_stage85.model (adam_t=27425)
