AGPT CUDA Training Engine
  Model: d=64 heads=4 layers=2 ff=256 vocab=65 seq=32 head_dim=16
  Loaded 108481 weight floats (423.8 KB)
  Loaded optimizer state from checkpoint (adam_t=23850)
  LR schedule horizon: 500 total SE (override; this call runs 5 SE)
Loading radix trie from /tmp/shake_ms_n100_se5_75pct_d16_radix...
  Radix trie: 5350775 nodes, 26937904 total edge chars, 17 endpoint depths
  Radix loaded: 8976728 counts entries, 46614448 ancestor char entries
  d_split: 3467857/5350775 nodes have a mass=1 ancestor (mean depth 10.28)
  lr-schedule: warmup-cosine (peak=0.003, warmup_epochs=1)
  optimizer: rmsprop (lr=0.003)
  entropy lambda: 1.000 (branching-endpoint icing enabled)
  mass weighting: log (head-of-edge count restores corpus-frequency exposure)
  curriculum: flat (d=max each epoch)
  max edge_len: 15, max ancestor chars: 15, max KV per node: 30, max endpoint depth: 16
  mass=1 compaction: 23296909 / 26937904 chars are mass=1 (86.5%); cache holds 3640995 positions
  loop points: 107408 (mass>1 leaves; 5.7% of 1882917 mass>1 nodes)
  KV cache: 1864.2 MB unified memory (bf16 compact)
  GPU memory: 3012.8 MB used, 5174.1 MB free, 8186.8 MB total
  65 root-child subtrees: sizes min=3 max=854182 avg=82319.6 (total=5350774 radix nodes)
Epoch 1: loss=1.515057  (16.84 sec, 65 subtrees, 577 chunks, 26937904 nodes)
  residual top-10 (subtree_mass × max(avg_loss − 1.515, 0)):
    rc   rootID   mass      avg_loss     score 
    59   5008016  675287    1.6155       67819.1
    1    103829   6096961   1.5209       35880.1
    54   4071716  391058    1.5534       15008.2
    5    963952   235839    1.5682       12528.0
    58   4642648  2381177   1.5184       7863.5
    7    1084950  69833     1.6243       7628.1
    39   1266424  2016250   1.5185       6943.8
    44   2451974  532500    1.5273       6495.3
    13   1160629  42236     1.6463       5544.8
    15   1173688  28650     1.7062       5477.3
    top-10: 37.3% of mass, 72.2% of excess-loss
Epoch 2: loss=1.519431  (16.58 sec, 65 subtrees, 577 chunks, 26937904 nodes)
  residual top-10 (subtree_mass × max(avg_loss − 1.519, 0)):
    rc   rootID   mass      avg_loss     score 
    59   5008016  675287    1.7025       123618.5
    58   4642648  2381177   1.5347       36240.4
    54   4071716  391058    1.5740       21342.7
    1    103829   6096961   1.5215       12909.7
    5    963952   235839    1.5707       12081.1
    7    1084950  69833     1.6259       7435.3
    60   5125538  225926    1.5446       5685.9
    15   1173688  28650     1.7081       5405.1
    13   1160629  42236     1.6462       5354.4
    25   1224473  48586     1.6246       5108.4
    top-10: 30.5% of mass, 80.0% of excess-loss
Epoch 3: loss=1.510136  (16.58 sec, 65 subtrees, 577 chunks, 26937904 nodes)
  residual top-10 (subtree_mass × max(avg_loss − 1.510, 0)):
    rc   rootID   mass      avg_loss     score 
    1    103829   6096961   1.5218       70868.9
    39   1266424  2016250   1.5175       14926.1
    5    963952   235839    1.5620       12232.5
    7    1084950  69833     1.6239       7947.5
    44   2451974  532500    1.5248       7800.2
    6    1002580  581846    1.5233       7654.4
    40   1598829  362551    1.5262       5838.4
    59   5008016  675287    1.5185       5660.5
    13   1160629  42236     1.6436       5638.7
    25   1224473  48586     1.6254       5602.5
    top-10: 31.9% of mass, 69.4% of excess-loss
Epoch 4: loss=1.512920  (16.61 sec, 65 subtrees, 577 chunks, 26937903 nodes)
  residual top-10 (subtree_mass × max(avg_loss − 1.513, 0)):
    rc   rootID   mass      avg_loss     score 
    59   5008016  675287    1.6027       60648.3
    1    103829   6096961   1.5191       37476.0
    5    963952   235839    1.5619       11546.7
    54   4071716  391058    1.5347       8519.0
    7    1084950  69833     1.6225       7654.0
    58   4642648  2381177   1.5161       7623.7
    39   1266424  2016250   1.5167       7618.2
    44   2451974  532500    1.5266       7265.5
    13   1160629  42236     1.6427       5481.3
    15   1173688  28650     1.7025       5430.7
    top-10: 37.3% of mass, 70.4% of excess-loss
Epoch 5: loss=1.510359  (16.60 sec, 65 subtrees, 577 chunks, 26937904 nodes)
  residual top-10 (subtree_mass × max(avg_loss − 1.510, 0)):
    rc   rootID   mass      avg_loss     score 
    1    103829   6096961   1.5198       57555.9
    59   5008016  675287    1.5382       18788.5
    39   1266424  2016250   1.5171       13503.7
    5    963952   235839    1.5654       12980.3
    44   2451974  532500    1.5272       8978.4
    7    1084950  69833     1.6240       7935.1
    6    1002580  581846    1.5229       7309.0
    40   1598829  362551    1.5299       7080.8
    54   4071716  391058    1.5253       5834.1
    13   1160629  42236     1.6424       5578.2
    top-10: 32.9% of mass, 69.1% of excess-loss
Saved to /home/trans/Projects/agpt/rnd/streaming-agpt-v1/models/seed300_ms_n100_se5_stage75.model
Done.
  Appended optimizer state to /home/trans/Projects/agpt/rnd/streaming-agpt-v1/models/seed300_ms_n100_se5_stage75.model (adam_t=24175)
