[radix-corpus] corpus: /tmp/shake_ms_n100_se5_53pct.txt (2650000 tokens, vocab=65)
[radix-corpus] max_depth=16, output=/tmp/shake_ms_n100_se5_53pct_d16_radix
[radix-corpus] subtree char=0 (50440 positions): emitted 72304 radix nodes  (cum total 72305, max_ep_depth=16, 0.0s)
[radix-corpus] subtree char=1 (433793 positions): emitted 605521 radix nodes  (cum total 677826, max_ep_depth=16, 0.7s)
[radix-corpus] subtree char=2 (3054 positions): emitted 4355 radix nodes  (cum total 682181, max_ep_depth=16, 0.7s)
[radix-corpus] subtree char=3 (2 positions): emitted 3 radix nodes  (cum total 682184, max_ep_depth=16, 0.7s)
[radix-corpus] subtree char=4 (3 positions): emitted 4 radix nodes  (cum total 682188, max_ep_depth=16, 0.7s)
[radix-corpus] subtree char=5 (16990 positions): emitted 23377 radix nodes  (cum total 705565, max_ep_depth=16, 0.7s)
[radix-corpus] subtree char=6 (41338 positions): emitted 57861 radix nodes  (cum total 763426, max_ep_depth=16, 0.8s)
[radix-corpus] subtree char=7 (7918 positions): emitted 11805 radix nodes  (cum total 775231, max_ep_depth=16, 0.8s)
[radix-corpus] subtree char=8 (20540 positions): emitted 28476 radix nodes  (cum total 803707, max_ep_depth=16, 0.8s)
[radix-corpus] subtree char=9 (113 positions): emitted 129 radix nodes  (cum total 803836, max_ep_depth=16, 0.8s)
[radix-corpus] subtree char=10 (709 positions): emitted 1032 radix nodes  (cum total 804868, max_ep_depth=16, 0.8s)
[radix-corpus] subtree char=11 (6908 positions): emitted 9951 radix nodes  (cum total 814819, max_ep_depth=16, 0.8s)
[radix-corpus] subtree char=12 (2330 positions): emitted 3351 radix nodes  (cum total 818170, max_ep_depth=16, 0.8s)
[radix-corpus] subtree char=13 (3793 positions): emitted 5311 radix nodes  (cum total 823481, max_ep_depth=16, 0.8s)
[radix-corpus] subtree char=14 (2932 positions): emitted 4172 radix nodes  (cum total 827653, max_ep_depth=16, 0.8s)
[radix-corpus] subtree char=15 (2582 positions): emitted 3225 radix nodes  (cum total 830878, max_ep_depth=16, 0.8s)
[radix-corpus] subtree char=16 (2062 positions): emitted 2898 radix nodes  (cum total 833776, max_ep_depth=16, 0.8s)
[radix-corpus] subtree char=17 (1874 positions): emitted 2294 radix nodes  (cum total 836070, max_ep_depth=16, 0.8s)
[radix-corpus] subtree char=18 (1225 positions): emitted 1735 radix nodes  (cum total 837805, max_ep_depth=16, 0.8s)
[radix-corpus] subtree char=19 (992 positions): emitted 1385 radix nodes  (cum total 839190, max_ep_depth=16, 0.8s)
[radix-corpus] subtree char=20 (2941 positions): emitted 4043 radix nodes  (cum total 843233, max_ep_depth=16, 0.8s)
[radix-corpus] subtree char=21 (8625 positions): emitted 11771 radix nodes  (cum total 855004, max_ep_depth=16, 0.8s)
[radix-corpus] subtree char=22 (836 positions): emitted 1199 radix nodes  (cum total 856203, max_ep_depth=16, 0.8s)
[radix-corpus] subtree char=23 (260 positions): emitted 357 radix nodes  (cum total 856560, max_ep_depth=16, 0.8s)
[radix-corpus] subtree char=24 (2224 positions): emitted 3088 radix nodes  (cum total 859648, max_ep_depth=16, 0.8s)
[radix-corpus] subtree char=25 (3887 positions): emitted 4822 radix nodes  (cum total 864470, max_ep_depth=16, 0.8s)
[radix-corpus] subtree char=26 (1393 positions): emitted 1993 radix nodes  (cum total 866463, max_ep_depth=16, 0.8s)
[radix-corpus] subtree char=27 (1004 positions): emitted 1412 radix nodes  (cum total 867875, max_ep_depth=16, 0.8s)
[radix-corpus] subtree char=28 (1796 positions): emitted 2427 radix nodes  (cum total 870302, max_ep_depth=16, 0.8s)
[radix-corpus] subtree char=29 (349 positions): emitted 484 radix nodes  (cum total 870786, max_ep_depth=16, 0.8s)
[radix-corpus] subtree char=30 (1028 positions): emitted 1354 radix nodes  (cum total 872140, max_ep_depth=16, 0.8s)
[radix-corpus] subtree char=31 (3176 positions): emitted 4519 radix nodes  (cum total 876659, max_ep_depth=16, 0.8s)
[radix-corpus] subtree char=32 (4724 positions): emitted 6619 radix nodes  (cum total 883278, max_ep_depth=16, 0.8s)
[radix-corpus] subtree char=33 (176 positions): emitted 250 radix nodes  (cum total 883528, max_ep_depth=16, 0.8s)
[radix-corpus] subtree char=34 (281 positions): emitted 371 radix nodes  (cum total 883899, max_ep_depth=16, 0.8s)
[radix-corpus] subtree char=35 (2459 positions): emitted 3493 radix nodes  (cum total 887392, max_ep_depth=16, 0.8s)
[radix-corpus] subtree char=36 (186 positions): emitted 231 radix nodes  (cum total 887623, max_ep_depth=16, 0.8s)
[radix-corpus] subtree char=37 (967 positions): emitted 1431 radix nodes  (cum total 889054, max_ep_depth=16, 0.8s)
[radix-corpus] subtree char=38 (20 positions): emitted 30 radix nodes  (cum total 889084, max_ep_depth=16, 0.8s)
[radix-corpus] subtree char=39 (162422 positions): emitted 235761 radix nodes  (cum total 1124845, max_ep_depth=16, 1.1s)
[radix-corpus] subtree char=40 (31168 positions): emitted 45431 radix nodes  (cum total 1170276, max_ep_depth=16, 1.1s)
[radix-corpus] subtree char=41 (46850 positions): emitted 67936 radix nodes  (cum total 1238212, max_ep_depth=16, 1.1s)
[radix-corpus] subtree char=42 (85253 positions): emitted 124199 radix nodes  (cum total 1362411, max_ep_depth=16, 1.2s)
[radix-corpus] subtree char=43 (256329 positions): emitted 372516 radix nodes  (cum total 1734927, max_ep_depth=16, 1.6s)
[radix-corpus] subtree char=44 (44612 positions): emitted 64798 radix nodes  (cum total 1799725, max_ep_depth=16, 1.7s)
[radix-corpus] subtree char=45 (41811 positions): emitted 61309 radix nodes  (cum total 1861034, max_ep_depth=16, 1.7s)
[radix-corpus] subtree char=46 (131904 positions): emitted 189793 radix nodes  (cum total 2050827, max_ep_depth=16, 1.8s)
[radix-corpus] subtree char=47 (134284 positions): emitted 194393 radix nodes  (cum total 2245220, max_ep_depth=16, 2.0s)
[radix-corpus] subtree char=48 (1748 positions): emitted 2584 radix nodes  (cum total 2247804, max_ep_depth=16, 2.0s)
[radix-corpus] subtree char=49 (15545 positions): emitted 22670 radix nodes  (cum total 2270474, max_ep_depth=16, 2.0s)
[radix-corpus] subtree char=50 (83815 positions): emitted 122536 radix nodes  (cum total 2393010, max_ep_depth=16, 2.1s)
[radix-corpus] subtree char=51 (48705 positions): emitted 71053 radix nodes  (cum total 2464063, max_ep_depth=16, 2.1s)
[radix-corpus] subtree char=52 (142808 positions): emitted 208045 radix nodes  (cum total 2672108, max_ep_depth=16, 2.2s)
[radix-corpus] subtree char=53 (152811 positions): emitted 221925 radix nodes  (cum total 2894033, max_ep_depth=16, 2.4s)
[radix-corpus] subtree char=54 (33294 positions): emitted 48551 radix nodes  (cum total 2942584, max_ep_depth=16, 2.4s)
[radix-corpus] subtree char=55 (2490 positions): emitted 3544 radix nodes  (cum total 2946128, max_ep_depth=16, 2.4s)
[radix-corpus] subtree char=56 (118995 positions): emitted 173534 radix nodes  (cum total 3119662, max_ep_depth=16, 2.5s)
[radix-corpus] subtree char=57 (130400 positions): emitted 189857 radix nodes  (cum total 3309519, max_ep_depth=16, 2.7s)
[radix-corpus] subtree char=58 (182165 positions): emitted 262104 radix nodes  (cum total 3571623, max_ep_depth=16, 2.9s)
[radix-corpus] subtree char=59 (57483 positions): emitted 83633 radix nodes  (cum total 3655256, max_ep_depth=16, 2.9s)
[radix-corpus] subtree char=60 (19087 positions): emitted 27892 radix nodes  (cum total 3683148, max_ep_depth=16, 3.0s)
[radix-corpus] subtree char=61 (45504 positions): emitted 65857 radix nodes  (cum total 3749005, max_ep_depth=16, 3.0s)
[radix-corpus] subtree char=62 (2512 positions): emitted 3739 radix nodes  (cum total 3752744, max_ep_depth=16, 3.0s)
[radix-corpus] subtree char=63 (40307 positions): emitted 59305 radix nodes  (cum total 3812049, max_ep_depth=16, 3.0s)
[radix-corpus] subtree char=64 (1768 positions): emitted 2479 radix nodes  (cum total 3814528, max_ep_depth=16, 3.0s)
[radix-corpus] done: 3814528 radix nodes, 19936613 total edge chars, 17 endpoint depths, 3.04s
  radix_count:        3814528
  total_edge_chars:   19936613
  max_endpoint_depth: 16
