AGPT CUDA Training Engine
  Model: d=64 heads=4 layers=2 ff=256 vocab=65 seq=32 head_dim=16
  Loaded 108481 weight floats (423.8 KB)
  Loaded optimizer state from checkpoint (adam_t=11825)
  LR schedule horizon: 500 total SE (override; this call runs 5 SE)
Loading radix trie from /tmp/shake_ms_n100_se5_38pct_d16_radix...
  Radix trie: 2743509 nodes, 14802444 total edge chars, 17 endpoint depths
  Radix loaded: 4595511 counts entries, 22446776 ancestor char entries
  d_split: 1790804/2743509 nodes have a mass=1 ancestor (mean depth 9.77)
  lr-schedule: warmup-cosine (peak=0.003, warmup_epochs=1)
  optimizer: rmsprop (lr=0.003)
  entropy lambda: 1.000 (branching-endpoint icing enabled)
  mass weighting: log (head-of-edge count restores corpus-frequency exposure)
  curriculum: flat (d=max each epoch)
  max edge_len: 15, max ancestor chars: 15, max KV per node: 30, max endpoint depth: 16
  mass=1 compaction: 12955019 / 14802444 chars are mass=1 (87.5%); cache holds 1847425 positions
  loop points: 42362 (mass>1 leaves; 4.4% of 952704 mass>1 nodes)
  KV cache: 945.9 MB unified memory (bf16 compact)
  GPU memory: 2866.0 MB used, 5320.9 MB free, 8186.8 MB total
  65 root-child subtrees: sizes min=3 max=435718 avg=42207.8 (total=2743508 radix nodes)
Epoch 1: loss=1.607844  (9.20 sec, 65 subtrees, 340 chunks, 14802444 nodes)
  residual top-10 (subtree_mass × max(avg_loss − 1.608, 0)):
    rc   rootID   mass      avg_loss     score 
    59   2567284  324014    1.9371       106693.1
    58   2377451  1154661   1.6352       31569.5
    60   2627906  114125    1.7230       13140.7
    54   2078469  191660    1.6581       9640.4
    61   2648704  272884    1.6403       8848.5
    40   801195   182509    1.6465       7046.1
    39   631662   951951    1.6144       6268.2
    5    488713   75661     1.6888       6128.1
    50   1627194  493007    1.6187       5338.2
    6    503093   256664    1.6260       4654.6
    top-10: 25.2% of mass, 87.8% of excess-loss
Epoch 2: loss=1.615502  (8.97 sec, 65 subtrees, 340 chunks, 14802444 nodes)
  residual top-10 (subtree_mass × max(avg_loss − 1.616, 0)):
    rc   rootID   mass      avg_loss     score 
    59   2567284  324014    2.0261       133053.2
    58   2377451  1154661   1.6629       54738.6
    54   2078469  191660    1.7488       25541.1
    60   2627906  114125    1.7186       11771.1
    61   2648704  272884    1.6459       8305.1
    5    488713   75661     1.6934       5892.1
    40   801195   182509    1.6407       4600.7
    7    543248   33710     1.7409       4225.6
    6    503093   256664    1.6316       4128.3
    44   1240389  260777    1.6263       2826.4
    top-10: 18.0% of mass, 94.2% of excess-loss
Epoch 3: loss=1.598961  (8.97 sec, 65 subtrees, 340 chunks, 14802444 nodes)
  residual top-10 (subtree_mass × max(avg_loss − 1.599, 0)):
    rc   rootID   mass      avg_loss     score 
    59   2567284  324014    1.7795       58489.8
    1    50114    2903955   1.6115       36483.8
    39   631662   951951    1.6164       16589.5
    6    503093   256664    1.6339       8969.5
    60   2627906  114125    1.6612       7100.8
    5    488713   75661     1.6914       6995.3
    40   801195   182509    1.6337       6338.4
    44   1240389  260777    1.6179       4930.4
    7    543248   33710     1.7421       4825.3
    54   2078469  191660    1.6180       3644.3
    top-10: 33.2% of mass, 87.0% of excess-loss
Epoch 4: loss=1.602689  (8.97 sec, 65 subtrees, 340 chunks, 14802444 nodes)
  residual top-10 (subtree_mass × max(avg_loss − 1.603, 0)):
    rc   rootID   mass      avg_loss     score 
    59   2567284  324014    1.9235       103942.2
    58   2377451  1154661   1.6329       34888.0
    60   2627906  114125    1.7046       11625.8
    54   2078469  191660    1.6571       10420.8
    61   2648704  272884    1.6310       7718.2
    50   1627194  493007    1.6179       7479.9
    5    488713   75661     1.6854       6260.7
    6    503093   256664    1.6262       6035.9
    40   801195   182509    1.6313       5230.3
    39   631662   951951    1.6078       4872.4
    top-10: 25.2% of mass, 87.8% of excess-loss
Epoch 5: loss=1.594017  (8.99 sec, 65 subtrees, 340 chunks, 14802444 nodes)
  residual top-10 (subtree_mass × max(avg_loss − 1.594, 0)):
    rc   rootID   mass      avg_loss     score 
    59   2567284  324014    1.7994       66533.9
    1    50114    2903955   1.6012       20987.6
    39   631662   951951    1.6101       15323.4
    6    503093   256664    1.6329       9984.9
    60   2627906  114125    1.6743       9161.4
    40   801195   182509    1.6375       7942.8
    5    488713   75661     1.6936       7531.6
    44   1240389  260777    1.6192       6575.0
    54   2078469  191660    1.6206       5088.4
    7    543248   33710     1.7379       4850.5
    top-10: 33.2% of mass, 86.0% of excess-loss
Saved to /home/trans/Projects/agpt/rnd/streaming-agpt-v1/models/seed200_ms_n100_se5_stage38.model
Done.
  Appended optimizer state to /home/trans/Projects/agpt/rnd/streaming-agpt-v1/models/seed200_ms_n100_se5_stage38.model (adam_t=12150)
