AGPT CUDA Training Engine
  Model: d=64 heads=4 layers=2 ff=256 vocab=65 seq=32 head_dim=16
  Loaded 108481 weight floats (423.8 KB)
  Loaded optimizer state from checkpoint (adam_t=4375)
  LR schedule horizon: 500 total SE (override; this call runs 5 SE)
Loading radix trie from /tmp/shake_ms_n100_se5_15pct_d16_radix...
  Radix trie: 1075392 nodes, 5815053 total edge chars, 17 endpoint depths
  Radix loaded: 1798230 counts entries, 8728927 ancestor char entries
  d_split: 692897/1075392 nodes have a mass=1 ancestor (mean depth 9.76)
  lr-schedule: warmup-cosine (peak=0.003, warmup_epochs=1)
  optimizer: rmsprop (lr=0.003)
  entropy lambda: 1.000 (branching-endpoint icing enabled)
  mass weighting: log (head-of-edge count restores corpus-frequency exposure)
  curriculum: flat (d=max each epoch)
  max edge_len: 16, max ancestor chars: 15, max KV per node: 31, max endpoint depth: 16
  mass=1 compaction: 5016190 / 5815053 chars are mass=1 (86.3%); cache holds 798863 positions
  loop points: 20759 (mass>1 leaves; 5.4% of 382494 mass>1 nodes)
  KV cache: 409.0 MB unified memory (bf16 compact)
  GPU memory: 2815.6 MB used, 5371.2 MB free, 8186.8 MB total
  64 root-child subtrees: sizes min=1 max=173636 avg=16803.0 (total=1075391 radix nodes)
Epoch 1: loss=1.628831  (3.60 sec, 64 subtrees, 163 chunks, 5815052 nodes)
  residual top-10 (subtree_mass × max(avg_loss − 1.629, 0)):
    rc   rootID   mass      avg_loss     score 
    38   253225   352742    1.9400       109754.2
    43   492136   98904     2.3756       73855.0
    39   317944   66356     2.2641       42152.2
    40   330631   106413    1.8558       24156.4
    44   510763   77363     1.8145       14365.5
    41   350710   181647    1.6907       11231.1
    53   814694   66466     1.7573       8541.6
    58   1002683  120174    1.6880       7106.7
    45   526389   299524    1.6427       4161.8
    31   249601   8826      1.9498       2832.9
    top-10: 22.9% of mass, 96.0% of excess-loss
Epoch 2: loss=1.579081  (3.50 sec, 64 subtrees, 163 chunks, 5815053 nodes)
  residual top-10 (subtree_mass × max(avg_loss − 1.579, 0)):
    rc   rootID   mass      avg_loss     score 
    38   253225   352742    1.7140       47597.8
    58   1002683  120174    1.8166       28541.9
    53   814694   66466     1.8521       18147.6
    39   317944   66356     1.8405       17347.1
    55   828435   264151    1.6239       11847.9
    4    194850   34383     1.6733       3238.3
    43   492136   98904     1.6106       3117.1
    40   330631   106413    1.6053       2785.4
    59   1026304  47550     1.6231       2094.6
    31   249601   8826      1.7917       1876.5
    top-10: 19.3% of mass, 92.4% of excess-loss
Epoch 3: loss=1.551625  (3.49 sec, 64 subtrees, 163 chunks, 5815053 nodes)
  residual top-10 (subtree_mass × max(avg_loss − 1.552, 0)):
    rc   rootID   mass      avg_loss     score 
    58   1002683  120174    1.7630       25397.5
    38   253225   352742    1.6202       24195.0
    53   814694   66466     1.7186       11098.6
    39   317944   66356     1.6889       9106.1
    43   492136   98904     1.6256       7312.3
    4    194850   34383     1.6197       2341.2
    59   1026304  47550     1.5999       2293.2
    31   249601   8826      1.7656       1888.6
    16   235722   7657      1.7592       1589.0
    6    215499   8948      1.7032       1356.3
    top-10: 13.5% of mass, 90.6% of excess-loss
Epoch 4: loss=1.575242  (3.50 sec, 64 subtrees, 163 chunks, 5815053 nodes)
  residual top-10 (subtree_mass × max(avg_loss − 1.575, 0)):
    rc   rootID   mass      avg_loss     score 
    58   1002683  120174    2.0067       51846.3
    38   253225   352742    1.6916       41036.4
    53   814694   66466     1.9690       26174.4
    57   930905   412839    1.6040       11889.3
    39   317944   66356     1.7465       11361.7
    43   492136   98904     1.6212       4544.6
    59   1026304  47550     1.6337       2779.1
    31   249601   8826      1.8217       2175.2
    40   330631   106413    1.5954       2148.0
    30   248656   4610      1.9099       1542.8
    top-10: 21.3% of mass, 95.7% of excess-loss
Epoch 5: loss=1.534292  (3.50 sec, 64 subtrees, 163 chunks, 5815052 nodes)
  residual top-10 (subtree_mass × max(avg_loss − 1.534, 0)):
    rc   rootID   mass      avg_loss     score 
    58   1002683  120174    1.9341       48049.0
    53   814694   66466     1.7362       13417.3
    38   253225   352742    1.5636       10343.5
    57   930905   412839    1.5540       8137.8
    39   317944   66356     1.6479       7541.1
    43   492136   98904     1.6005       6546.3
    59   1026304  47550     1.6699       6446.6
    60   1035301  101686    1.5706       3687.3
    4    194850   34383     1.6053       2440.5
    6    215499   8948      1.6851       1349.6
    top-10: 21.7% of mass, 92.0% of excess-loss
Saved to /home/trans/Projects/agpt/rnd/streaming-agpt-v1/models/seed300_ms_n100_se5_stage15.model
Done.
  Appended optimizer state to /home/trans/Projects/agpt/rnd/streaming-agpt-v1/models/seed300_ms_n100_se5_stage15.model (adam_t=4695)
