[radix-corpus] corpus: /tmp/shake_ms_n100_se5_56pct.txt (2800000 tokens, vocab=65)
[radix-corpus] max_depth=16, output=/tmp/shake_ms_n100_se5_56pct_d16_radix
[radix-corpus] subtree char=0 (53547 positions): emitted 76800 radix nodes  (cum total 76801, max_ep_depth=16, 0.1s)
[radix-corpus] subtree char=1 (459045 positions): emitted 640403 radix nodes  (cum total 717204, max_ep_depth=16, 0.8s)
[radix-corpus] subtree char=2 (3280 positions): emitted 4672 radix nodes  (cum total 721876, max_ep_depth=16, 0.8s)
[radix-corpus] subtree char=3 (2 positions): emitted 3 radix nodes  (cum total 721879, max_ep_depth=16, 0.8s)
[radix-corpus] subtree char=4 (3 positions): emitted 4 radix nodes  (cum total 721883, max_ep_depth=16, 0.8s)
[radix-corpus] subtree char=5 (18664 positions): emitted 25639 radix nodes  (cum total 747522, max_ep_depth=16, 0.8s)
[radix-corpus] subtree char=6 (44028 positions): emitted 61517 radix nodes  (cum total 809039, max_ep_depth=16, 0.8s)
[radix-corpus] subtree char=7 (8281 positions): emitted 12352 radix nodes  (cum total 821391, max_ep_depth=16, 0.8s)
[radix-corpus] subtree char=8 (21972 positions): emitted 30509 radix nodes  (cum total 851900, max_ep_depth=16, 0.9s)
[radix-corpus] subtree char=9 (113 positions): emitted 129 radix nodes  (cum total 852029, max_ep_depth=16, 0.9s)
[radix-corpus] subtree char=10 (742 positions): emitted 1073 radix nodes  (cum total 853102, max_ep_depth=16, 0.9s)
[radix-corpus] subtree char=11 (7111 positions): emitted 10249 radix nodes  (cum total 863351, max_ep_depth=16, 0.9s)
[radix-corpus] subtree char=12 (2500 positions): emitted 3592 radix nodes  (cum total 866943, max_ep_depth=16, 0.9s)
[radix-corpus] subtree char=13 (3971 positions): emitted 5576 radix nodes  (cum total 872519, max_ep_depth=16, 0.9s)
[radix-corpus] subtree char=14 (3028 positions): emitted 4311 radix nodes  (cum total 876830, max_ep_depth=16, 0.9s)
[radix-corpus] subtree char=15 (2762 positions): emitted 3496 radix nodes  (cum total 880326, max_ep_depth=16, 0.9s)
[radix-corpus] subtree char=16 (2156 positions): emitted 3028 radix nodes  (cum total 883354, max_ep_depth=16, 0.9s)
[radix-corpus] subtree char=17 (1951 positions): emitted 2402 radix nodes  (cum total 885756, max_ep_depth=16, 0.9s)
[radix-corpus] subtree char=18 (1253 positions): emitted 1779 radix nodes  (cum total 887535, max_ep_depth=16, 0.9s)
[radix-corpus] subtree char=19 (1044 positions): emitted 1459 radix nodes  (cum total 888994, max_ep_depth=16, 0.9s)
[radix-corpus] subtree char=20 (3093 positions): emitted 4269 radix nodes  (cum total 893263, max_ep_depth=16, 0.9s)
[radix-corpus] subtree char=21 (9604 positions): emitted 13117 radix nodes  (cum total 906380, max_ep_depth=16, 0.9s)
[radix-corpus] subtree char=22 (1089 positions): emitted 1567 radix nodes  (cum total 907947, max_ep_depth=16, 0.9s)
[radix-corpus] subtree char=23 (268 positions): emitted 368 radix nodes  (cum total 908315, max_ep_depth=16, 0.9s)
[radix-corpus] subtree char=24 (2304 positions): emitted 3209 radix nodes  (cum total 911524, max_ep_depth=16, 0.9s)
[radix-corpus] subtree char=25 (4184 positions): emitted 5120 radix nodes  (cum total 916644, max_ep_depth=16, 0.9s)
[radix-corpus] subtree char=26 (1463 positions): emitted 2097 radix nodes  (cum total 918741, max_ep_depth=16, 0.9s)
[radix-corpus] subtree char=27 (1070 positions): emitted 1507 radix nodes  (cum total 920248, max_ep_depth=16, 0.9s)
[radix-corpus] subtree char=28 (1964 positions): emitted 2673 radix nodes  (cum total 922921, max_ep_depth=16, 0.9s)
[radix-corpus] subtree char=29 (353 positions): emitted 489 radix nodes  (cum total 923410, max_ep_depth=16, 0.9s)
[radix-corpus] subtree char=30 (1072 positions): emitted 1418 radix nodes  (cum total 924828, max_ep_depth=16, 0.9s)
[radix-corpus] subtree char=31 (3292 positions): emitted 4684 radix nodes  (cum total 929512, max_ep_depth=16, 0.9s)
[radix-corpus] subtree char=32 (5005 positions): emitted 7016 radix nodes  (cum total 936528, max_ep_depth=16, 0.9s)
[radix-corpus] subtree char=33 (198 positions): emitted 268 radix nodes  (cum total 936796, max_ep_depth=16, 0.9s)
[radix-corpus] subtree char=34 (335 positions): emitted 441 radix nodes  (cum total 937237, max_ep_depth=16, 0.9s)
[radix-corpus] subtree char=35 (2618 positions): emitted 3718 radix nodes  (cum total 940955, max_ep_depth=16, 0.9s)
[radix-corpus] subtree char=36 (266 positions): emitted 331 radix nodes  (cum total 941286, max_ep_depth=16, 0.9s)
[radix-corpus] subtree char=37 (1039 positions): emitted 1535 radix nodes  (cum total 942821, max_ep_depth=16, 0.9s)
[radix-corpus] subtree char=38 (20 positions): emitted 30 radix nodes  (cum total 942851, max_ep_depth=16, 0.9s)
[radix-corpus] subtree char=39 (171476 positions): emitted 248727 radix nodes  (cum total 1191578, max_ep_depth=16, 1.1s)
[radix-corpus] subtree char=40 (32737 positions): emitted 47680 radix nodes  (cum total 1239258, max_ep_depth=16, 1.1s)
[radix-corpus] subtree char=41 (49248 positions): emitted 71414 radix nodes  (cum total 1310672, max_ep_depth=16, 1.1s)
[radix-corpus] subtree char=42 (90466 positions): emitted 131648 radix nodes  (cum total 1442320, max_ep_depth=16, 1.2s)
[radix-corpus] subtree char=43 (270362 positions): emitted 392588 radix nodes  (cum total 1834908, max_ep_depth=16, 1.7s)
[radix-corpus] subtree char=44 (47013 positions): emitted 68296 radix nodes  (cum total 1903204, max_ep_depth=16, 1.8s)
[radix-corpus] subtree char=45 (44248 positions): emitted 64885 radix nodes  (cum total 1968089, max_ep_depth=16, 1.8s)
[radix-corpus] subtree char=46 (139177 positions): emitted 200078 radix nodes  (cum total 2168167, max_ep_depth=16, 2.0s)
[radix-corpus] subtree char=47 (141509 positions): emitted 204693 radix nodes  (cum total 2372860, max_ep_depth=16, 2.2s)
[radix-corpus] subtree char=48 (1835 positions): emitted 2709 radix nodes  (cum total 2375569, max_ep_depth=16, 2.2s)
[radix-corpus] subtree char=49 (16594 positions): emitted 24177 radix nodes  (cum total 2399746, max_ep_depth=16, 2.2s)
[radix-corpus] subtree char=50 (87967 positions): emitted 128571 radix nodes  (cum total 2528317, max_ep_depth=16, 2.3s)
[radix-corpus] subtree char=51 (51768 positions): emitted 75482 radix nodes  (cum total 2603799, max_ep_depth=16, 2.4s)
[radix-corpus] subtree char=52 (150440 positions): emitted 219100 radix nodes  (cum total 2822899, max_ep_depth=16, 2.5s)
[radix-corpus] subtree char=53 (161604 positions): emitted 234594 radix nodes  (cum total 3057493, max_ep_depth=16, 2.8s)
[radix-corpus] subtree char=54 (35165 positions): emitted 51282 radix nodes  (cum total 3108775, max_ep_depth=16, 2.8s)
[radix-corpus] subtree char=55 (2593 positions): emitted 3688 radix nodes  (cum total 3112463, max_ep_depth=16, 2.8s)
[radix-corpus] subtree char=56 (125597 positions): emitted 183145 radix nodes  (cum total 3295608, max_ep_depth=16, 2.9s)
[radix-corpus] subtree char=57 (137268 positions): emitted 199651 radix nodes  (cum total 3495259, max_ep_depth=16, 3.0s)
[radix-corpus] subtree char=58 (192230 positions): emitted 276394 radix nodes  (cum total 3771653, max_ep_depth=16, 3.3s)
[radix-corpus] subtree char=59 (60742 positions): emitted 88330 radix nodes  (cum total 3859983, max_ep_depth=16, 3.3s)
[radix-corpus] subtree char=60 (20063 positions): emitted 29293 radix nodes  (cum total 3889276, max_ep_depth=16, 3.3s)
[radix-corpus] subtree char=61 (48194 positions): emitted 69666 radix nodes  (cum total 3958942, max_ep_depth=16, 3.4s)
[radix-corpus] subtree char=62 (2641 positions): emitted 3919 radix nodes  (cum total 3962861, max_ep_depth=16, 3.4s)
[radix-corpus] subtree char=63 (42557 positions): emitted 62579 radix nodes  (cum total 4025440, max_ep_depth=16, 3.4s)
[radix-corpus] subtree char=64 (1816 positions): emitted 2548 radix nodes  (cum total 4027988, max_ep_depth=16, 3.4s)
[radix-corpus] done: 4027988 radix nodes, 20951741 total edge chars, 17 endpoint depths, 3.41s
  radix_count:        4027988
  total_edge_chars:   20951741
  max_endpoint_depth: 16
