AGPT CUDA Training Engine
  Model: d=64 heads=4 layers=2 ff=256 vocab=65 seq=32 head_dim=16
  Loaded 108481 weight floats (423.8 KB)
  Loaded optimizer state from checkpoint (adam_t=20275)
  LR schedule horizon: 500 total SE (override; this call runs 5 SE)
Loading radix trie from /tmp/shake_ms_n100_se5_64pct_d16_radix...
  Radix trie: 4590665 nodes, 23530248 total edge chars, 17 endpoint depths
  Radix loaded: 7696716 counts entries, 39370692 ancestor char entries
  d_split: 2981612/4590665 nodes have a mass=1 ancestor (mean depth 10.15)
  lr-schedule: warmup-cosine (peak=0.003, warmup_epochs=1)
  optimizer: rmsprop (lr=0.003)
  entropy lambda: 1.000 (branching-endpoint icing enabled)
  mass weighting: log (head-of-edge count restores corpus-frequency exposure)
  curriculum: flat (d=max each epoch)
  max edge_len: 15, max ancestor chars: 15, max KV per node: 30, max endpoint depth: 16
  mass=1 compaction: 20421647 / 23530248 chars are mass=1 (86.8%); cache holds 3108601 positions
  loop points: 85083 (mass>1 leaves; 5.3% of 1609052 mass>1 nodes)
  KV cache: 1591.6 MB unified memory (bf16 compact)
  GPU memory: 2966.6 MB used, 5220.2 MB free, 8186.8 MB total
  65 root-child subtrees: sizes min=3 max=731249 avg=70625.6 (total=4590664 radix nodes)
Epoch 1: loss=1.592957  (14.72 sec, 65 subtrees, 510 chunks, 23530246 nodes)
  residual top-10 (subtree_mass × max(avg_loss − 1.593, 0)):
    rc   rootID   mass      avg_loss     score 
    59   4297554  568265    1.7404       83762.1
    54   3489281  332015    1.6782       28300.9
    58   3983411  2008503   1.6017       17575.1
    5    824732   186007    1.6564       11800.5
    40   1365142  306069    1.6306       11530.7
    44   2097705  453005    1.6130       9092.3
    6    856217   484076    1.6106       8530.7
    7    926581   61178     1.6949       6237.2
    60   4398384  190988    1.6215       5455.6
    32   1065479  45211     1.6991       4798.3
    top-10: 16.5% of mass, 80.4% of excess-loss
Epoch 2: loss=1.585805  (14.42 sec, 65 subtrees, 510 chunks, 23530248 nodes)
  residual top-10 (subtree_mass × max(avg_loss − 1.586, 0)):
    rc   rootID   mass      avg_loss     score 
    1    88196    5106498   1.5951       47550.1
    59   4297554  568265    1.6324       26450.8
    54   3489281  332015    1.6280       14010.7
    40   1365142  306069    1.6222       11128.2
    5    824732   186007    1.6456       11125.3
    39   1080742  1691790   1.5923       11020.5
    6    856217   484076    1.6065       10006.6
    44   2097705  453005    1.6041       8274.9
    7    926581   61178     1.6926       6535.7
    32   1065479  45211     1.6937       4878.0
    top-10: 32.9% of mass, 76.2% of excess-loss
Epoch 3: loss=1.593291  (14.44 sec, 65 subtrees, 510 chunks, 23530248 nodes)
  residual top-10 (subtree_mass × max(avg_loss − 1.593, 0)):
    rc   rootID   mass      avg_loss     score 
    59   4297554  568265    1.7622       95982.3
    54   3489281  332015    1.6568       21086.0
    58   3983411  2008503   1.6038       21076.6
    44   2097705  453005    1.6169       10702.3
    40   1365142  306069    1.6234       9216.4
    5    824732   186007    1.6427       9190.7
    7    926581   61178     1.6884       5819.2
    60   4398384  190988    1.6218       5437.6
    6    856217   484076    1.6037       5046.4
    49   2710132  155834    1.6227       4578.4
    top-10: 16.9% of mass, 81.3% of excess-loss
Epoch 4: loss=1.589369  (14.44 sec, 65 subtrees, 510 chunks, 23530248 nodes)
  residual top-10 (subtree_mass × max(avg_loss − 1.589, 0)):
    rc   rootID   mass      avg_loss     score 
    59   4297554  568265    1.7129       70197.7
    1    88196    5106498   1.5939       23019.2
    54   3489281  332015    1.6464       18941.3
    58   3983411  2008503   1.5943       9915.5
    44   2097705  453005    1.6106       9627.9
    5    824732   186007    1.6408       9571.1
    40   1365142  306069    1.6188       9002.1
    6    856217   484076    1.6024       6314.1
    7    926581   61178     1.6883       6054.8
    32   1065479  45211     1.6934       4701.1
    top-10: 34.0% of mass, 77.5% of excess-loss
Epoch 5: loss=1.585126  (14.44 sec, 65 subtrees, 510 chunks, 23530248 nodes)
  residual top-10 (subtree_mass × max(avg_loss − 1.585, 0)):
    rc   rootID   mass      avg_loss     score 
    59   4297554  568265    1.6924       60939.4
    1    88196    5106498   1.5907       28713.3
    54   3489281  332015    1.6270       13905.6
    5    824732   186007    1.6350       9267.6
    44   2097705  453005    1.6052       9083.7
    40   1365142  306069    1.6118       8152.4
    6    856217   484076    1.5995       6981.8
    58   3983411  2008503   1.5885       6721.3
    7    926581   61178     1.6851       6118.8
    39   1080742  1691790   1.5883       5348.9
    top-10: 39.9% of mass, 75.6% of excess-loss
Saved to /home/trans/Projects/agpt/rnd/streaming-agpt-v1/models/seed100_ms_n100_se5_stage64.model
Done.
  Appended optimizer state to /home/trans/Projects/agpt/rnd/streaming-agpt-v1/models/seed100_ms_n100_se5_stage64.model (adam_t=20600)
