AGPT CUDA Training Engine
  Model: d=64 heads=4 layers=2 ff=256 vocab=65 seq=32 head_dim=16
  Loaded 108481 weight floats (423.8 KB)
  Loaded optimizer state from checkpoint (adam_t=7600)
  LR schedule horizon: 500 total SE (override; this call runs 5 SE)
Loading radix trie from /tmp/shake_ms_n100_se5_25pct_d16_radix...
  Radix trie: 1804436 nodes, 9904665 total edge chars, 17 endpoint depths
  Radix loaded: 3020456 counts entries, 14494614 ancestor char entries
  d_split: 1175328/1804436 nodes have a mass=1 ancestor (mean depth 9.63)
  lr-schedule: warmup-cosine (peak=0.003, warmup_epochs=1)
  optimizer: rmsprop (lr=0.003)
  entropy lambda: 1.000 (branching-endpoint icing enabled)
  mass weighting: log (head-of-edge count restores corpus-frequency exposure)
  curriculum: flat (d=max each epoch)
  max edge_len: 16, max ancestor chars: 15, max KV per node: 31, max endpoint depth: 16
  mass=1 compaction: 8661552 / 9904665 chars are mass=1 (87.4%); cache holds 1243113 positions
  loop points: 28201 (mass>1 leaves; 4.5% of 629107 mass>1 nodes)
  KV cache: 636.5 MB unified memory (bf16 compact)
  GPU memory: 2855.5 MB used, 5331.4 MB free, 8186.8 MB total
  65 root-child subtrees: sizes min=1 max=289252 avg=27760.5 (total=1804435 radix nodes)
Epoch 1: loss=1.667435  (6.09 sec, 65 subtrees, 244 chunks, 9904665 nodes)
  residual top-10 (subtree_mass × max(avg_loss − 1.667, 0)):
    rc   rootID   mass      avg_loss     score 
    59   1686567  207185    2.6859       211011.5
    58   1563396  724519    1.8093       102787.1
    54   1367507  120130    2.2185       66201.3
    61   1740551  174886    1.9168       43605.9
    60   1726421  75876     2.1713       38233.4
    56   1392326  430949    1.7275       25869.2
    53   1262838  575285    1.7012       19442.6
    63   1773227  155022    1.7205       8224.3
    57   1474082  490684    1.6731       2795.4
    55   1390492  10270     1.8286       1655.4
    top-10: 29.0% of mass, 98.5% of excess-loss
Epoch 2: loss=1.632094  (5.95 sec, 65 subtrees, 244 chunks, 9904665 nodes)
  residual top-10 (subtree_mass × max(avg_loss − 1.632, 0)):
    rc   rootID   mass      avg_loss     score 
    1    33279    1899188   1.6785       88115.6
    59   1686567  207185    1.8537       45903.4
    39   420744   607557    1.6527       12547.0
    40   531338   113678    1.7416       12444.5
    6    333969   158395    1.6816       7847.6
    54   1367507  120130    1.6945       7497.7
    5    324145   51391     1.7451       5807.4
    0    1        169625    1.6614       4970.6
    44   820056   166780    1.6588       4448.6
    60   1726421  75876     1.6764       3359.3
    top-10: 34.9% of mass, 92.2% of excess-loss
Epoch 3: loss=1.598154  (5.96 sec, 65 subtrees, 244 chunks, 9904665 nodes)
  residual top-10 (subtree_mass × max(avg_loss − 1.598, 0)):
    rc   rootID   mass      avg_loss     score 
    59   1686567  207185    1.8594       54121.8
    54   1367507  120130    1.7230       14999.7
    39   420744   607557    1.6184       12273.1
    40   531338   113678    1.6863       10024.9
    58   1563396  724519    1.6059       5646.9
    60   1726421  75876     1.6641       5000.7
    6    333969   158395    1.6231       3956.6
    44   820056   166780    1.6205       3731.9
    5    324145   51391     1.6643       3401.6
    7    359490   18516     1.7590       2977.8
    top-10: 22.0% of mass, 88.6% of excess-loss
Epoch 4: loss=1.604557  (5.95 sec, 65 subtrees, 244 chunks, 9904665 nodes)
  residual top-10 (subtree_mass × max(avg_loss − 1.605, 0)):
    rc   rootID   mass      avg_loss     score 
    59   1686567  207185    2.0381       89814.9
    54   1367507  120130    1.8552       30113.5
    58   1563396  724519    1.6282       17154.8
    44   820056   166780    1.6734       11482.9
    40   531338   113678    1.7000       10848.9
    60   1726421  75876     1.6793       5671.4
    39   420744   607557    1.6121       4610.6
    5    324145   51391     1.6857       4171.6
    7    359490   18516     1.7571       2823.7
    6    333969   158395    1.6214       2675.5
    top-10: 22.0% of mass, 92.8% of excess-loss
Epoch 5: loss=1.595094  (5.95 sec, 65 subtrees, 244 chunks, 9904665 nodes)
  residual top-10 (subtree_mass × max(avg_loss − 1.595, 0)):
    rc   rootID   mass      avg_loss     score 
    59   1686567  207185    2.0494       94122.1
    58   1563396  724519    1.6215       19138.7
    54   1367507  120130    1.7377       17127.4
    60   1726421  75876     1.7584       12392.3
    61   1740551  174886    1.6585       11086.9
    39   420744   607557    1.6132       10993.2
    40   531338   113678    1.6730       8856.2
    44   820056   166780    1.6197       4095.7
    5    324145   51391     1.6587       3270.2
    7    359490   18516     1.7562       2983.8
    top-10: 22.1% of mass, 93.4% of excess-loss
Saved to /home/trans/Projects/agpt/rnd/streaming-agpt-v1/models/seed300_ms_n100_se5_stage25.model
Done.
  Appended optimizer state to /home/trans/Projects/agpt/rnd/streaming-agpt-v1/models/seed300_ms_n100_se5_stage25.model (adam_t=7925)
