AGPT CUDA Training Engine
  Model: d=64 heads=4 layers=2 ff=256 vocab=65 seq=32 head_dim=16
  Loaded 108481 weight floats (423.8 KB)
  Loaded optimizer state from checkpoint (adam_t=17350)
  LR schedule horizon: 500 total SE (override; this call runs 5 SE)
Loading radix trie from /tmp/shake_ms_n100_se5_55pct_d16_radix...
  Radix trie: 3956799 nodes, 20612793 total edge chars, 17 endpoint depths
  Radix loaded: 6631087 counts entries, 33446468 ancestor char entries
  d_split: 2574661/3956799 nodes have a mass=1 ancestor (mean depth 10.03)
  lr-schedule: warmup-cosine (peak=0.003, warmup_epochs=1)
  optimizer: rmsprop (lr=0.003)
  entropy lambda: 1.000 (branching-endpoint icing enabled)
  mass weighting: log (head-of-edge count restores corpus-frequency exposure)
  curriculum: flat (d=max each epoch)
  max edge_len: 15, max ancestor chars: 15, max KV per node: 30, max endpoint depth: 16
  mass=1 compaction: 17941814 / 20612793 chars are mass=1 (87.0%); cache holds 2670979 positions
  loop points: 68527 (mass>1 leaves; 5.0% of 1382137 mass>1 nodes)
  KV cache: 1367.5 MB unified memory (bf16 compact)
  GPU memory: 2933.1 MB used, 5253.8 MB free, 8186.8 MB total
  65 root-child subtrees: sizes min=3 max=628709 avg=60873.8 (total=3956798 radix nodes)
Epoch 1: loss=1.560630  (13.08 sec, 65 subtrees, 453 chunks, 20612793 nodes)
  residual top-10 (subtree_mass × max(avg_loss − 1.561, 0)):
    rc   rootID   mass      avg_loss     score 
    59   3704977  480402    1.7193       76218.6
    1    75370    4319095   1.5754       63737.8
    6    733516   405481    1.6160       22449.3
    39   924967   1426711   1.5717       15845.8
    5    708675   141916    1.6722       15827.2
    54   3002763  281798    1.6112       14237.2
    40   1169405  260449    1.5960       9207.0
    44   1801410  389618    1.5814       8108.3
    7    793786   52775     1.6826       6437.1
    2    704079   22562     1.7531       4341.4
    top-10: 32.7% of mass, 85.2% of excess-loss
Epoch 2: loss=1.551952  (12.62 sec, 65 subtrees, 453 chunks, 20612793 nodes)
  residual top-10 (subtree_mass × max(avg_loss − 1.552, 0)):
    rc   rootID   mass      avg_loss     score 
    59   3704977  480402    1.7903       114492.5
    54   3002763  281798    1.6506       27812.4
    58   3433428  1708461   1.5637       20016.8
    40   1169405  260449    1.5875       9256.4
    5    708675   141916    1.6155       9013.4
    44   1801410  389618    1.5728       8106.8
    7    793786   52775     1.6560       5490.4
    6    733516   405481    1.5644       5048.9
    39   924967   1426711   1.5551       4445.9
    60   3791714  163235    1.5770       4081.9
    top-10: 22.3% of mass, 84.2% of excess-loss
Epoch 3: loss=1.549596  (12.61 sec, 65 subtrees, 453 chunks, 20612793 nodes)
  residual top-10 (subtree_mass × max(avg_loss − 1.550, 0)):
    rc   rootID   mass      avg_loss     score 
    59   3704977  480402    1.6245       35991.6
    39   924967   1426711   1.5626       18614.1
    44   1801410  389618    1.5847       13692.1
    40   1169405  260449    1.6005       13265.2
    5    708675   141916    1.6255       10777.2
    6    733516   405481    1.5737       9767.3
    54   3002763  281798    1.5780       8004.1
    7    793786   52775     1.6642       6050.4
    15   860429   21503     1.7363       4014.2
    49   2332943  125595    1.5794       3743.1
    top-10: 15.1% of mass, 76.7% of excess-loss
Epoch 4: loss=1.563327  (12.62 sec, 65 subtrees, 453 chunks, 20612792 nodes)
  residual top-10 (subtree_mass × max(avg_loss − 1.563, 0)):
    rc   rootID   mass      avg_loss     score 
    59   3704977  480402    1.9030       163198.0
    58   3433428  1708461   1.6133       85452.8
    54   3002763  281798    1.7888       63550.6
    60   3791714  163235    1.6283       10601.3
    5    708675   141916    1.6211       8204.3
    40   1169405  260449    1.5887       6608.5
    61   3820537  411639    1.5759       5155.8
    7    793786   52775     1.6556       4870.9
    15   860429   21503     1.7289       3561.3
    2    704079   22562     1.6994       3070.4
    top-10: 14.9% of mass, 92.0% of excess-loss
Epoch 5: loss=1.566506  (12.61 sec, 65 subtrees, 453 chunks, 20612790 nodes)
  residual top-10 (subtree_mass × max(avg_loss − 1.567, 0)):
    rc   rootID   mass      avg_loss     score 
    59   3704977  480402    1.7119       69862.5
    6    733516   405481    1.6959       52464.7
    5    708675   141916    1.8627       42034.2
    39   924967   1426711   1.5859       27687.4
    54   3002763  281798    1.6288       17540.7
    40   1169405  260449    1.6276       15902.9
    44   1801410  389618    1.6015       13626.3
    8    805962   188067    1.6164       9386.6
    7    793786   52775     1.7388       9091.9
    15   860429   21503     1.8037       5099.8
    top-10: 15.3% of mass, 83.5% of excess-loss
Saved to /home/trans/Projects/agpt/rnd/streaming-agpt-v1/models/seed300_ms_n100_se5_stage55.model
Done.
  Appended optimizer state to /home/trans/Projects/agpt/rnd/streaming-agpt-v1/models/seed300_ms_n100_se5_stage55.model (adam_t=17675)
