[radix-corpus] corpus: /tmp/shake_ms_n100_se5_21pct.txt (1050000 tokens, vocab=65)
[radix-corpus] max_depth=16, output=/tmp/shake_ms_n100_se5_21pct_d16_radix
[radix-corpus] subtree char=0 (20041 positions): emitted 28190 radix nodes  (cum total 28191, max_ep_depth=16, 0.0s)
[radix-corpus] subtree char=1 (175870 positions): emitted 243830 radix nodes  (cum total 272021, max_ep_depth=16, 0.2s)
[radix-corpus] subtree char=2 (721 positions): emitted 1053 radix nodes  (cum total 273074, max_ep_depth=16, 0.2s)
[radix-corpus] subtree char=3 (2 positions): emitted 3 radix nodes  (cum total 273077, max_ep_depth=16, 0.2s)
[radix-corpus] subtree char=4 (1 positions): emitted 1 radix nodes  (cum total 273078, max_ep_depth=16, 0.2s)
[radix-corpus] subtree char=5 (6441 positions): emitted 8825 radix nodes  (cum total 281903, max_ep_depth=16, 0.2s)
[radix-corpus] subtree char=6 (14912 positions): emitted 21105 radix nodes  (cum total 303008, max_ep_depth=16, 0.2s)
[radix-corpus] subtree char=7 (2506 positions): emitted 3714 radix nodes  (cum total 306722, max_ep_depth=16, 0.2s)
[radix-corpus] subtree char=8 (9103 positions): emitted 12433 radix nodes  (cum total 319155, max_ep_depth=16, 0.2s)
[radix-corpus] subtree char=9 (81 positions): emitted 107 radix nodes  (cum total 319262, max_ep_depth=16, 0.2s)
[radix-corpus] subtree char=10 (318 positions): emitted 457 radix nodes  (cum total 319719, max_ep_depth=16, 0.2s)
[radix-corpus] subtree char=11 (2715 positions): emitted 3834 radix nodes  (cum total 323553, max_ep_depth=16, 0.2s)
[radix-corpus] subtree char=12 (770 positions): emitted 1127 radix nodes  (cum total 324680, max_ep_depth=16, 0.2s)
[radix-corpus] subtree char=13 (1319 positions): emitted 1854 radix nodes  (cum total 326534, max_ep_depth=16, 0.2s)
[radix-corpus] subtree char=14 (1608 positions): emitted 2272 radix nodes  (cum total 328806, max_ep_depth=16, 0.2s)
[radix-corpus] subtree char=15 (1318 positions): emitted 1621 radix nodes  (cum total 330427, max_ep_depth=16, 0.2s)
[radix-corpus] subtree char=16 (738 positions): emitted 1080 radix nodes  (cum total 331507, max_ep_depth=16, 0.2s)
[radix-corpus] subtree char=17 (1181 positions): emitted 1412 radix nodes  (cum total 332919, max_ep_depth=16, 0.2s)
[radix-corpus] subtree char=18 (356 positions): emitted 505 radix nodes  (cum total 333424, max_ep_depth=16, 0.2s)
[radix-corpus] subtree char=19 (397 positions): emitted 522 radix nodes  (cum total 333946, max_ep_depth=16, 0.2s)
[radix-corpus] subtree char=20 (1356 positions): emitted 1847 radix nodes  (cum total 335793, max_ep_depth=16, 0.2s)
[radix-corpus] subtree char=21 (4217 positions): emitted 5588 radix nodes  (cum total 341381, max_ep_depth=16, 0.2s)
[radix-corpus] subtree char=22 (451 positions): emitted 637 radix nodes  (cum total 342018, max_ep_depth=16, 0.2s)
[radix-corpus] subtree char=23 (157 positions): emitted 208 radix nodes  (cum total 342226, max_ep_depth=16, 0.2s)
[radix-corpus] subtree char=24 (1039 positions): emitted 1346 radix nodes  (cum total 343572, max_ep_depth=16, 0.2s)
[radix-corpus] subtree char=25 (1980 positions): emitted 2470 radix nodes  (cum total 346042, max_ep_depth=16, 0.2s)
[radix-corpus] subtree char=26 (533 positions): emitted 752 radix nodes  (cum total 346794, max_ep_depth=16, 0.2s)
[radix-corpus] subtree char=27 (400 positions): emitted 550 radix nodes  (cum total 347344, max_ep_depth=16, 0.2s)
[radix-corpus] subtree char=28 (719 positions): emitted 983 radix nodes  (cum total 348327, max_ep_depth=16, 0.2s)
[radix-corpus] subtree char=29 (200 positions): emitted 282 radix nodes  (cum total 348609, max_ep_depth=16, 0.2s)
[radix-corpus] subtree char=30 (455 positions): emitted 624 radix nodes  (cum total 349233, max_ep_depth=16, 0.2s)
[radix-corpus] subtree char=31 (1024 positions): emitted 1461 radix nodes  (cum total 350694, max_ep_depth=16, 0.2s)
[radix-corpus] subtree char=32 (1702 positions): emitted 2427 radix nodes  (cum total 353121, max_ep_depth=16, 0.2s)
[radix-corpus] subtree char=33 (70 positions): emitted 99 radix nodes  (cum total 353220, max_ep_depth=16, 0.2s)
[radix-corpus] subtree char=34 (124 positions): emitted 129 radix nodes  (cum total 353349, max_ep_depth=16, 0.2s)
[radix-corpus] subtree char=35 (1032 positions): emitted 1450 radix nodes  (cum total 354799, max_ep_depth=16, 0.2s)
[radix-corpus] subtree char=36 (125 positions): emitted 130 radix nodes  (cum total 354929, max_ep_depth=16, 0.2s)
[radix-corpus] subtree char=37 (438 positions): emitted 656 radix nodes  (cum total 355585, max_ep_depth=16, 0.2s)
[radix-corpus] subtree char=38 (7 positions): emitted 10 radix nodes  (cum total 355595, max_ep_depth=16, 0.2s)
[radix-corpus] subtree char=39 (63564 positions): emitted 92427 radix nodes  (cum total 448022, max_ep_depth=16, 0.3s)
[radix-corpus] subtree char=40 (12263 positions): emitted 17980 radix nodes  (cum total 466002, max_ep_depth=16, 0.3s)
[radix-corpus] subtree char=41 (18847 positions): emitted 27450 radix nodes  (cum total 493452, max_ep_depth=16, 0.3s)
[radix-corpus] subtree char=42 (32703 positions): emitted 47769 radix nodes  (cum total 541221, max_ep_depth=16, 0.3s)
[radix-corpus] subtree char=43 (102172 positions): emitted 149149 radix nodes  (cum total 690370, max_ep_depth=16, 0.4s)
[radix-corpus] subtree char=44 (17605 positions): emitted 25628 radix nodes  (cum total 715998, max_ep_depth=16, 0.4s)
[radix-corpus] subtree char=45 (16017 positions): emitted 23483 radix nodes  (cum total 739481, max_ep_depth=16, 0.4s)
[radix-corpus] subtree char=46 (50803 positions): emitted 73453 radix nodes  (cum total 812934, max_ep_depth=16, 0.5s)
[radix-corpus] subtree char=47 (53241 positions): emitted 77311 radix nodes  (cum total 890245, max_ep_depth=16, 0.5s)
[radix-corpus] subtree char=48 (817 positions): emitted 1218 radix nodes  (cum total 891463, max_ep_depth=16, 0.5s)
[radix-corpus] subtree char=49 (5358 positions): emitted 7833 radix nodes  (cum total 899296, max_ep_depth=16, 0.5s)
[radix-corpus] subtree char=50 (33169 positions): emitted 48284 radix nodes  (cum total 947580, max_ep_depth=16, 0.5s)
[radix-corpus] subtree char=51 (19716 positions): emitted 28856 radix nodes  (cum total 976436, max_ep_depth=16, 0.6s)
[radix-corpus] subtree char=52 (56578 positions): emitted 82805 radix nodes  (cum total 1059241, max_ep_depth=16, 0.6s)
[radix-corpus] subtree char=53 (60563 positions): emitted 88437 radix nodes  (cum total 1147678, max_ep_depth=16, 0.7s)
[radix-corpus] subtree char=54 (12918 positions): emitted 18984 radix nodes  (cum total 1166662, max_ep_depth=16, 0.7s)
[radix-corpus] subtree char=55 (1084 positions): emitted 1554 radix nodes  (cum total 1168216, max_ep_depth=16, 0.7s)
[radix-corpus] subtree char=56 (47118 positions): emitted 68813 radix nodes  (cum total 1237029, max_ep_depth=16, 0.7s)
[radix-corpus] subtree char=57 (50441 positions): emitted 73741 radix nodes  (cum total 1310770, max_ep_depth=16, 0.7s)
[radix-corpus] subtree char=58 (70544 positions): emitted 102064 radix nodes  (cum total 1412834, max_ep_depth=16, 0.9s)
[radix-corpus] subtree char=59 (22781 positions): emitted 33336 radix nodes  (cum total 1446170, max_ep_depth=16, 0.9s)
[radix-corpus] subtree char=60 (8108 positions): emitted 11969 radix nodes  (cum total 1458139, max_ep_depth=16, 0.9s)
[radix-corpus] subtree char=61 (17633 positions): emitted 25666 radix nodes  (cum total 1483805, max_ep_depth=16, 0.9s)
[radix-corpus] subtree char=62 (1133 positions): emitted 1708 radix nodes  (cum total 1485513, max_ep_depth=16, 0.9s)
[radix-corpus] subtree char=63 (17294 positions): emitted 25420 radix nodes  (cum total 1510933, max_ep_depth=16, 0.9s)
[radix-corpus] subtree char=64 (1103 positions): emitted 1517 radix nodes  (cum total 1512450, max_ep_depth=16, 0.9s)
[radix-corpus] done: 1512450 radix nodes, 8309160 total edge chars, 17 endpoint depths, 0.92s
  radix_count:        1512450
  total_edge_chars:   8309160
  max_endpoint_depth: 16
