AGPT CUDA Training Engine
  Model: d=64 heads=4 layers=2 ff=256 vocab=65 seq=32 head_dim=16
  Loaded 108481 weight floats (423.8 KB)
  Loaded optimizer state from checkpoint (adam_t=31975)
  LR schedule horizon: 500 total SE (override; this call runs 5 SE)
Loading radix trie from /tmp/shake_ms_n100_se5_100pct_d16_radix...
  Radix trie: 7073694 nodes, 34623339 total edge chars, 17 endpoint depths
  Radix loaded: 11884367 counts entries, 63118178 ancestor char entries
  d_split: 4570307/7073694 nodes have a mass=1 ancestor (mean depth 10.48)
  lr-schedule: warmup-cosine (peak=0.003, warmup_epochs=1)
  optimizer: rmsprop (lr=0.003)
  entropy lambda: 1.000 (branching-endpoint icing enabled)
  mass weighting: log (head-of-edge count restores corpus-frequency exposure)
  curriculum: flat (d=max each epoch)
  max edge_len: 15, max ancestor chars: 15, max KV per node: 30, max endpoint depth: 16
  mass=1 compaction: 29783005 / 34623339 chars are mass=1 (86.0%); cache holds 4840334 positions
  loop points: 160826 (mass>1 leaves; 6.4% of 2503386 mass>1 nodes)
  KV cache: 2478.3 MB unified memory (bf16 compact)
  GPU memory: 3105.0 MB used, 5081.8 MB free, 8186.8 MB total
  65 root-child subtrees: sizes min=3 max=1116592 avg=108826.0 (total=7073693 radix nodes)
Epoch 1: loss=1.520772  (21.73 sec, 65 subtrees, 730 chunks, 34623339 nodes)
  residual top-10 (subtree_mass × max(avg_loss − 1.521, 0)):
    rc   rootID   mass      avg_loss     score 
    1    138709   8244278   1.5329       99919.3
    5    1263676  342947    1.5623       14232.2
    25   1602731  57242     1.6833       9301.2
    15   1539367  34390     1.7771       8813.8
    13   1520469  67330     1.6490       8632.4
    32   1636047  78207     1.6301       8551.8
    7    1422321  79638     1.6274       8489.7
    28   1618406  47896     1.6941       8299.7
    44   3229301  724285    1.5305       7028.9
    31   1628740  37700     1.6990       6719.5
    top-10: 21.3% of mass, 71.4% of excess-loss
Epoch 2: loss=1.520819  (21.47 sec, 65 subtrees, 730 chunks, 34623338 nodes)
  residual top-10 (subtree_mass × max(avg_loss − 1.521, 0)):
    rc   rootID   mass      avg_loss     score 
    1    138709   8244278   1.5329       99960.2
    5    1263676  342947    1.5620       14129.2
    25   1602731  57242     1.6842       9352.9
    15   1539367  34390     1.7741       8709.3
    13   1520469  67330     1.6494       8655.7
    32   1636047  78207     1.6298       8521.6
    7    1422321  79638     1.6276       8500.6
    28   1618406  47896     1.6930       8247.1
    44   3229301  724285    1.5305       7018.6
    31   1628740  37700     1.6990       6717.5
    top-10: 21.3% of mass, 71.3% of excess-loss
Epoch 3: loss=1.520789  (21.47 sec, 65 subtrees, 730 chunks, 34623339 nodes)
  residual top-10 (subtree_mass × max(avg_loss − 1.521, 0)):
    rc   rootID   mass      avg_loss     score 
    1    138709   8244278   1.5329       99504.6
    5    1263676  342947    1.5622       14185.2
    25   1602731  57242     1.6845       9369.3
    15   1539367  34390     1.7748       8735.0
    13   1520469  67330     1.6484       8589.9
    32   1636047  78207     1.6294       8498.0
    7    1422321  79638     1.6273       8480.6
    28   1618406  47896     1.6932       8258.1
    44   3229301  724285    1.5306       7087.5
    31   1628740  37700     1.6998       6747.1
    top-10: 21.3% of mass, 71.3% of excess-loss
Epoch 4: loss=1.520796  (21.48 sec, 65 subtrees, 730 chunks, 34623338 nodes)
  residual top-10 (subtree_mass × max(avg_loss − 1.521, 0)):
    rc   rootID   mass      avg_loss     score 
    1    138709   8244278   1.5329       99595.5
    5    1263676  342947    1.5624       14264.9
    25   1602731  57242     1.6820       9225.9
    15   1539367  34390     1.7756       8764.0
    13   1520469  67330     1.6488       8621.2
    7    1422321  79638     1.6281       8548.9
    32   1636047  78207     1.6300       8541.2
    28   1618406  47896     1.6939       8290.8
    44   3229301  724285    1.5308       7209.3
    31   1628740  37700     1.7002       6765.0
    top-10: 21.3% of mass, 71.4% of excess-loss
Epoch 5: loss=1.520770  (21.48 sec, 65 subtrees, 730 chunks, 34623338 nodes)
  residual top-10 (subtree_mass × max(avg_loss − 1.521, 0)):
    rc   rootID   mass      avg_loss     score 
    1    138709   8244278   1.5328       99543.1
    5    1263676  342947    1.5622       14213.7
    25   1602731  57242     1.6830       9288.5
    15   1539367  34390     1.7744       8723.2
    32   1636047  78207     1.6311       8626.5
    13   1520469  67330     1.6488       8617.5
    7    1422321  79638     1.6278       8524.0
    28   1618406  47896     1.6936       8277.4
    44   3229301  724285    1.5305       7069.4
    31   1628740  37700     1.7006       6780.2
    top-10: 21.3% of mass, 71.3% of excess-loss
Saved to /home/trans/Projects/agpt/rnd/streaming-agpt-v1/models/seed300_ms_n100_se5_stage100.model
Done.
  Appended optimizer state to /home/trans/Projects/agpt/rnd/streaming-agpt-v1/models/seed300_ms_n100_se5_stage100.model (adam_t=32300)
