AGPT CUDA Training Engine
  Model: d=64 heads=4 layers=2 ff=256 vocab=65 seq=32 head_dim=16
  Loaded 108481 weight floats (423.8 KB)
  Loaded optimizer state from checkpoint (adam_t=21900)
  LR schedule horizon: 500 total SE (override; this call runs 5 SE)
Loading radix trie from /tmp/shake_ms_n100_se5_69pct_d16_radix...
  Radix trie: 4939236 nodes, 25105167 total edge chars, 17 endpoint depths
  Radix loaded: 8283919 counts entries, 42677128 ancestor char entries
  d_split: 3205117/4939236 nodes have a mass=1 ancestor (mean depth 10.21)
  lr-schedule: warmup-cosine (peak=0.003, warmup_epochs=1)
  optimizer: rmsprop (lr=0.003)
  entropy lambda: 1.000 (branching-endpoint icing enabled)
  mass weighting: log (head-of-edge count restores corpus-frequency exposure)
  curriculum: flat (d=max each epoch)
  max edge_len: 15, max ancestor chars: 15, max KV per node: 30, max endpoint depth: 16
  mass=1 compaction: 21755096 / 25105167 chars are mass=1 (86.7%); cache holds 3350071 positions
  loop points: 95088 (mass>1 leaves; 5.5% of 1734118 mass>1 nodes)
  KV cache: 1715.2 MB unified memory (bf16 compact)
  GPU memory: 2985.5 MB used, 5201.3 MB free, 8186.8 MB total
  65 root-child subtrees: sizes min=3 max=787676 avg=75988.2 (total=4939235 radix nodes)
Epoch 1: loss=1.524849  (15.66 sec, 65 subtrees, 540 chunks, 25105165 nodes)
  residual top-10 (subtree_mass × max(avg_loss − 1.525, 0)):
    rc   rootID   mass      avg_loss     score 
    1    95363    5551776   1.5369       67116.4
    59   4623372  617792    1.5955       43621.8
    5    888638   210713    1.6060       17107.7
    6    923726   529652    1.5522       14475.6
    39   1166289  1840723   1.5320       13137.5
    44   2259949  489792    1.5461       10432.2
    7    999797   65554     1.6425       7715.0
    40   1472715  332098    1.5453       6795.0
    54   3756828  358833    1.5427       6397.7
    32   1149713  48062     1.6368       5382.9
    top-10: 32.9% of mass, 77.1% of excess-loss
Epoch 2: loss=1.523679  (15.44 sec, 65 subtrees, 540 chunks, 25105166 nodes)
  residual top-10 (subtree_mass × max(avg_loss − 1.524, 0)):
    rc   rootID   mass      avg_loss     score 
    59   4623372  617792    1.6922       104107.3
    58   4286000  2177149   1.5330       20267.9
    54   3756828  358833    1.5772       19202.7
    1    95363    5551776   1.5271       19159.5
    5    888638   210713    1.5888       13721.6
    44   2259949  489792    1.5443       10106.7
    7    999797   65554     1.6307       7017.1
    6    923726   529652    1.5357       6376.5
    60   4731958  206892    1.5504       5536.0
    40   1472715  332098    1.5403       5529.2
    top-10: 34.6% of mass, 79.0% of excess-loss
Epoch 3: loss=1.518218  (15.44 sec, 65 subtrees, 540 chunks, 25105165 nodes)
  residual top-10 (subtree_mass × max(avg_loss − 1.518, 0)):
    rc   rootID   mass      avg_loss     score 
    59   4623372  617792    1.6045       53322.0
    1    95363    5551776   1.5259       42708.4
    5    888638   210713    1.5826       13573.5
    44   2259949  489792    1.5375       9467.7
    6    923726   529652    1.5328       7709.1
    54   3756828  358833    1.5387       7361.5
    7    999797   65554     1.6295       7292.2
    39   1166289  1840723   1.5219       6836.6
    40   1472715  332098    1.5370       6249.8
    60   4731958  206892    1.5462       5794.8
    top-10: 33.5% of mass, 73.5% of excess-loss
Epoch 4: loss=1.531292  (15.45 sec, 65 subtrees, 540 chunks, 25105163 nodes)
  residual top-10 (subtree_mass × max(avg_loss − 1.531, 0)):
    rc   rootID   mass      avg_loss     score 
    59   4623372  617792    1.8168       176381.6
    58   4286000  2177149   1.5733       91389.7
    54   3756828  358833    1.6785       52809.2
    5    888638   210713    1.5802       10310.2
    44   2259949  489792    1.5454       6897.0
    7    999797   65554     1.6285       6374.4
    60   4731958  206892    1.5597       5883.3
    40   1472715  332098    1.5468       5142.5
    32   1149713  48062     1.6230       4406.1
    15   1082064  24197     1.7079       4273.2
    top-10: 14.9% of mass, 90.0% of excess-loss
Epoch 5: loss=1.516368  (15.46 sec, 65 subtrees, 540 chunks, 25105166 nodes)
  residual top-10 (subtree_mass × max(avg_loss − 1.516, 0)):
    rc   rootID   mass      avg_loss     score 
    1    95363    5551776   1.5292       71254.8
    59   4623372  617792    1.5431       16514.6
    5    888638   210713    1.5891       15328.2
    6    923726   529652    1.5406       12828.2
    39   1166289  1840723   1.5229       12064.0
    44   2259949  489792    1.5408       11944.3
    7    999797   65554     1.6351       7786.0
    40   1472715  332098    1.5367       6750.0
    32   1149713  48062     1.6274       5334.8
    15   1082064  24197     1.7144       4791.8
    top-10: 31.8% of mass, 75.2% of excess-loss
Saved to /home/trans/Projects/agpt/rnd/streaming-agpt-v1/models/seed300_ms_n100_se5_stage69.model
Done.
  Appended optimizer state to /home/trans/Projects/agpt/rnd/streaming-agpt-v1/models/seed300_ms_n100_se5_stage69.model (adam_t=22225)
