AGPT CUDA Training Engine
  Model: d=64 heads=4 layers=2 ff=256 vocab=65 seq=32 head_dim=16
  Loaded 108481 weight floats (423.8 KB)
  Loaded optimizer state from checkpoint (adam_t=12475)
  LR schedule horizon: 500 total SE (override; this call runs 5 SE)
Loading radix trie from /tmp/shake_ms_n100_se5_40pct_d16_radix...
  Radix trie: 2887808 nodes, 15538585 total edge chars, 17 endpoint depths
  Radix loaded: 4837472 counts entries, 23692017 ancestor char entries
  d_split: 1885003/2887808 nodes have a mass=1 ancestor (mean depth 9.79)
  lr-schedule: warmup-cosine (peak=0.003, warmup_epochs=1)
  optimizer: rmsprop (lr=0.003)
  entropy lambda: 1.000 (branching-endpoint icing enabled)
  mass weighting: log (head-of-edge count restores corpus-frequency exposure)
  curriculum: flat (d=max each epoch)
  max edge_len: 15, max ancestor chars: 15, max KV per node: 30, max endpoint depth: 16
  mass=1 compaction: 13597881 / 15538585 chars are mass=1 (87.5%); cache holds 1940704 positions
  loop points: 44781 (mass>1 leaves; 4.5% of 1002804 mass>1 nodes)
  KV cache: 993.6 MB unified memory (bf16 compact)
  GPU memory: 2874.1 MB used, 5312.7 MB free, 8186.8 MB total
  65 root-child subtrees: sizes min=3 max=458931 avg=44427.8 (total=2887807 radix nodes)
Epoch 1: loss=1.678946  (9.63 sec, 65 subtrees, 355 chunks, 15538584 nodes)
  residual top-10 (subtree_mass × max(avg_loss − 1.679, 0)):
    rc   rootID   mass      avg_loss     score 
    59   2703049  340519    2.0146       114309.6
    58   2503268  1220075   1.7057       32604.0
    54   2188767  201778    1.8178       28014.0
    60   2766527  119527    1.7839       12546.9
    61   2788258  288616    1.7219       12382.9
    6    530447   272705    1.7153       9923.5
    5    515068   81668     1.7946       9449.1
    44   1307532  275204    1.7101       8586.3
    1    52863    3066185   1.6811       6500.6
    7    572984   36754     1.8143       4974.4
    top-10: 35.1% of mass, 89.9% of excess-loss
Epoch 2: loss=1.654349  (9.47 sec, 65 subtrees, 355 chunks, 15538585 nodes)
  residual top-10 (subtree_mass × max(avg_loss − 1.654, 0)):
    rc   rootID   mass      avg_loss     score 
    1    52863    3066185   1.6673       39726.5
    59   2703049  340519    1.7494       32383.0
    39   666847   1006334   1.6642       9867.6
    44   1307532  275204    1.6869       8956.9
    6    530447   272705    1.6844       8201.7
    5    515068   81668     1.7530       8056.5
    54   2188767  201778    1.6890       6991.7
    7    572984   36754     1.7938       5126.6
    40   845440   193169    1.6790       4768.9
    60   2766527  119527    1.6832       3443.2
    top-10: 33.3% of mass, 83.2% of excess-loss
Epoch 3: loss=1.668245  (9.48 sec, 65 subtrees, 355 chunks, 15538585 nodes)
  residual top-10 (subtree_mass × max(avg_loss − 1.668, 0)):
    rc   rootID   mass      avg_loss     score 
    59   2703049  340519    2.0088       115976.5
    58   2503268  1220075   1.7141       55944.5
    54   2188767  201778    1.8706       40837.2
    60   2766527  119527    1.7453       9214.5
    5    515068   81668     1.7593       7436.2
    40   845440   193169    1.7006       6254.0
    61   2788258  288616    1.6853       4927.0
    44   1307532  275204    1.6851       4632.9
    7    572984   36754     1.7885       4421.5
    6    530447   272705    1.6837       4202.3
    top-10: 18.0% of mass, 91.8% of excess-loss
Epoch 4: loss=1.647342  (9.48 sec, 65 subtrees, 355 chunks, 15538585 nodes)
  residual top-10 (subtree_mass × max(avg_loss − 1.647, 0)):
    rc   rootID   mass      avg_loss     score 
    59   2703049  340519    1.8005       52144.9
    1    52863    3066185   1.6586       34473.5
    39   666847   1006334   1.6593       11989.0
    6    530447   272705    1.6821       9473.0
    5    515068   81668     1.7555       8831.1
    44   1307532  275204    1.6769       8120.9
    60   2766527  119527    1.6965       5871.5
    40   845440   193169    1.6753       5397.9
    7    572984   36754     1.7922       5323.8
    54   2188767  201778    1.6646       3487.4
    top-10: 33.3% of mass, 83.8% of excess-loss
Epoch 5: loss=1.660864  (9.49 sec, 65 subtrees, 355 chunks, 15538585 nodes)
  residual top-10 (subtree_mass × max(avg_loss − 1.661, 0)):
    rc   rootID   mass      avg_loss     score 
    59   2703049  340519    1.9500       98471.3
    58   2503268  1220075   1.7276       81447.0
    54   2188767  201778    1.8590       39983.9
    5    515068   81668     1.7412       6562.1
    44   1307532  275204    1.6832       6136.3
    60   2766527  119527    1.7057       5356.0
    40   845440   193169    1.6863       4920.0
    7    572984   36754     1.7807       4404.0
    57   2357571  827198    1.6661       4314.1
    6    530447   272705    1.6709       2741.4
    top-10: 21.2% of mass, 92.3% of excess-loss
Saved to /home/trans/Projects/agpt/rnd/streaming-agpt-v1/models/seed100_ms_n100_se5_stage40.model
Done.
  Appended optimizer state to /home/trans/Projects/agpt/rnd/streaming-agpt-v1/models/seed100_ms_n100_se5_stage40.model (adam_t=12800)
