AGPT CUDA Training Engine
  Model: d=64 heads=4 layers=2 ff=256 vocab=65 seq=32 head_dim=16
  Loaded 108481 weight floats (423.8 KB)
  Loaded optimizer state from checkpoint (adam_t=16050)
  LR schedule horizon: 500 total SE (override; this call runs 5 SE)
Loading radix trie from /tmp/shake_ms_n100_se5_51pct_d16_radix...
  Radix trie: 3672800 nodes, 19280518 total edge chars, 17 endpoint depths
  Radix loaded: 6154375 counts entries, 30833086 ancestor char entries
  d_split: 2391815/3672800 nodes have a mass=1 ancestor (mean depth 9.98)
  lr-schedule: warmup-cosine (peak=0.003, warmup_epochs=1)
  optimizer: rmsprop (lr=0.003)
  entropy lambda: 1.000 (branching-endpoint icing enabled)
  mass weighting: log (head-of-edge count restores corpus-frequency exposure)
  curriculum: flat (d=max each epoch)
  max edge_len: 15, max ancestor chars: 15, max KV per node: 30, max endpoint depth: 16
  mass=1 compaction: 16801410 / 19280518 chars are mass=1 (87.1%); cache holds 2479108 positions
  loop points: 61873 (mass>1 leaves; 4.8% of 1280984 mass>1 nodes)
  KV cache: 1269.3 MB unified memory (bf16 compact)
  GPU memory: 2916.3 MB used, 5270.5 MB free, 8186.8 MB total
  65 root-child subtrees: sizes min=3 max=582498 avg=56504.6 (total=3672799 radix nodes)
Epoch 1: loss=1.552664  (11.89 sec, 65 subtrees, 427 chunks, 19280517 nodes)
  residual top-10 (subtree_mass × max(avg_loss − 1.553, 0)):
    rc   rootID   mass      avg_loss     score 
    59   3438639  443665    1.7024       66454.1
    1    69329    3974067   1.5595       27162.4
    54   2786069  260870    1.6218       18045.9
    44   1668666  359356    1.5887       12935.4
    5    656015   123566    1.6498       12003.7
    58   3186409  1575785   1.5593       10409.1
    6    677974   369509    1.5773       9093.6
    40   1081250  242711    1.5825       7233.2
    39   854061   1314037   1.5573       6062.4
    7    733499   48968     1.6661       5554.3
    top-10: 39.8% of mass, 79.9% of excess-loss
Epoch 2: loss=1.552915  (11.75 sec, 65 subtrees, 427 chunks, 19280518 nodes)
  residual top-10 (subtree_mass × max(avg_loss − 1.553, 0)):
    rc   rootID   mass      avg_loss     score 
    59   3438639  443665    1.7999       109585.7
    58   3186409  1575785   1.5682       24045.0
    54   2786069  260870    1.6296       20003.3
    40   1081250  242711    1.6019       11888.6
    44   1668666  359356    1.5858       11812.9
    5    656015   123566    1.6332       9924.4
    60   3519328  151667    1.6107       8769.3
    61   3546293  378096    1.5710       6830.5
    7    733499   48968     1.6596       5225.4
    6    677974   369509    1.5659       4796.4
    top-10: 18.0% of mass, 84.3% of excess-loss
Epoch 3: loss=1.553277  (11.76 sec, 65 subtrees, 427 chunks, 19280518 nodes)
  residual top-10 (subtree_mass × max(avg_loss − 1.553, 0)):
    rc   rootID   mass      avg_loss     score 
    59   3438639  443665    1.8176       117258.1
    54   2786069  260870    1.6751       31787.2
    58   3186409  1575785   1.5650       18414.1
    60   3519328  151667    1.6320       11945.8
    61   3546293  378096    1.5812       10566.2
    5    656015   123566    1.6283       9266.8
    40   1081250  242711    1.5856       7855.9
    44   1668666  359356    1.5723       6843.8
    7    733499   48968     1.6578       5120.5
    49   2163087  114714    1.5830       3413.1
    top-10: 16.9% of mass, 85.4% of excess-loss
Epoch 4: loss=1.548985  (11.77 sec, 65 subtrees, 427 chunks, 19280517 nodes)
  residual top-10 (subtree_mass × max(avg_loss − 1.549, 0)):
    rc   rootID   mass      avg_loss     score 
    59   3438639  443665    1.7467       87719.7
    1    69329    3974067   1.5536       18361.9
    54   2786069  260870    1.5958       12217.9
    58   3186409  1575785   1.5561       11147.6
    60   3519328  151667    1.6209       10901.6
    5    656015   123566    1.6344       10555.3
    40   1081250  242711    1.5855       8857.9
    61   3546293  378096    1.5689       7540.7
    44   1668666  359356    1.5697       7437.5
    6    677974   369509    1.5686       7256.9
    top-10: 36.0% of mass, 78.5% of excess-loss
Epoch 5: loss=1.559260  (11.76 sec, 65 subtrees, 427 chunks, 19280516 nodes)
  residual top-10 (subtree_mass × max(avg_loss − 1.559, 0)):
    rc   rootID   mass      avg_loss     score 
    59   3438639  443665    1.8996       151016.6
    58   3186409  1575785   1.6111       81731.8
    54   2786069  260870    1.7510       50008.0
    60   3519328  151667    1.6379       11923.2
    61   3546293  378096    1.5837       9245.8
    5    656015   123566    1.6253       8156.3
    40   1081250  242711    1.5841       6024.9
    44   1668666  359356    1.5731       4975.1
    7    733499   48968     1.6558       4726.4
    15   795255   19032     1.7313       3274.7
    top-10: 16.4% of mass, 91.8% of excess-loss
Saved to /home/trans/Projects/agpt/rnd/streaming-agpt-v1/models/seed300_ms_n100_se5_stage51.model
Done.
  Appended optimizer state to /home/trans/Projects/agpt/rnd/streaming-agpt-v1/models/seed300_ms_n100_se5_stage51.model (adam_t=16375)
