AGPT CUDA Training Engine
  Model: d=64 heads=4 layers=2 ff=256 vocab=65 seq=32 head_dim=16
  Loaded 108481 weight floats (423.8 KB)
  Loaded optimizer state from checkpoint (adam_t=12800)
  LR schedule horizon: 500 total SE (override; this call runs 5 SE)
Loading radix trie from /tmp/shake_ms_n100_se5_41pct_d16_radix...
  Radix trie: 2960177 nodes, 15892496 total edge chars, 17 endpoint depths
  Radix loaded: 4958566 counts entries, 24336044 ancestor char entries
  d_split: 1931965/2960177 nodes have a mass=1 ancestor (mean depth 9.80)
  lr-schedule: warmup-cosine (peak=0.003, warmup_epochs=1)
  optimizer: rmsprop (lr=0.003)
  entropy lambda: 1.000 (branching-endpoint icing enabled)
  mass weighting: log (head-of-edge count restores corpus-frequency exposure)
  curriculum: flat (d=max each epoch)
  max edge_len: 15, max ancestor chars: 15, max KV per node: 30, max endpoint depth: 16
  mass=1 compaction: 13903856 / 15892496 chars are mass=1 (87.5%); cache holds 1988640 positions
  loop points: 45980 (mass>1 leaves; 4.5% of 1028211 mass>1 nodes)
  KV cache: 1018.2 MB unified memory (bf16 compact)
  GPU memory: 2878.5 MB used, 5308.3 MB free, 8186.8 MB total
  65 root-child subtrees: sizes min=3 max=470632 avg=45541.2 (total=2960176 radix nodes)
Epoch 1: loss=1.594386  (9.76 sec, 65 subtrees, 362 chunks, 15892496 nodes)
  residual top-10 (subtree_mass × max(avg_loss − 1.594, 0)):
    rc   rootID   mass      avg_loss     score 
    59   2770897  349464    1.7807       65118.5
    39   684111   1033458   1.6121       18255.3
    44   1340827  282851    1.6326       10795.7
    54   2243946  207455    1.6453       10558.2
    6    544215   281494    1.6253       8708.3
    5    528324   84705     1.6946       8489.5
    40   867108   197505    1.6357       8167.5
    60   2835920  122264    1.6607       8110.4
    1    54340    3148665   1.5969       7798.0
    7    587945   37877     1.7255       4965.4
    top-10: 33.3% of mass, 84.2% of excess-loss
Epoch 2: loss=1.623085  (9.63 sec, 65 subtrees, 362 chunks, 15892496 nodes)
  residual top-10 (subtree_mass × max(avg_loss − 1.623, 0)):
    rc   rootID   mass      avg_loss     score 
    59   2770897  349464    2.0419       146352.8
    58   2566340  1251706   1.7244       126799.6
    54   2243946  207455    1.9427       66300.8
    60   2835920  122264    1.7829       19544.3
    57   2417227  848175    1.6457       19155.4
    61   2858093  297191    1.6567       9997.8
    5    528324   84705     1.6986       6400.1
    49   1740621  89085     1.6735       4488.1
    7    587945   37877     1.7266       3922.0
    44   1340827  282851    1.6368       3892.8
    top-10: 20.7% of mass, 94.9% of excess-loss
Epoch 3: loss=1.601262  (9.62 sec, 65 subtrees, 362 chunks, 15892496 nodes)
  residual top-10 (subtree_mass × max(avg_loss − 1.601, 0)):
    rc   rootID   mass      avg_loss     score 
    59   2770897  349464    1.7865       64736.4
    1    54340    3148665   1.6098       26798.3
    54   2243946  207455    1.6799       16313.5
    44   1340827  282851    1.6346       9442.7
    60   2835920  122264    1.6755       9078.9
    6    544215   281494    1.6320       8658.8
    40   867108   197505    1.6412       7897.7
    5    528324   84705     1.6944       7891.5
    39   684111   1033458   1.6082       7182.6
    7    587945   37877     1.7278       4793.9
    top-10: 33.3% of mass, 85.6% of excess-loss
Epoch 4: loss=1.621558  (9.63 sec, 65 subtrees, 362 chunks, 15892496 nodes)
  residual top-10 (subtree_mass × max(avg_loss − 1.622, 0)):
    rc   rootID   mass      avg_loss     score 
    59   2770897  349464    2.2193       208878.9
    58   2566340  1251706   1.6533       39761.4
    61   2858093  297191    1.7027       24108.3
    60   2835920  122264    1.7986       21641.9
    6    544215   281494    1.6673       12881.6
    54   2243946  207455    1.6777       11656.6
    5    528324   84705     1.7391       9958.0
    40   867108   197505    1.6493       5487.3
    7    587945   37877     1.7524       4957.6
    49   1740621  89085     1.6649       3857.6
    top-10: 16.9% of mass, 92.9% of excess-loss
Epoch 5: loss=1.605740  (9.63 sec, 65 subtrees, 362 chunks, 15892496 nodes)
  residual top-10 (subtree_mass × max(avg_loss − 1.606, 0)):
    rc   rootID   mass      avg_loss     score 
    59   2770897  349464    1.8517       85970.2
    1    54340    3148665   1.6264       65026.3
    39   684111   1033458   1.6196       14344.3
    6    544215   281494    1.6550       13865.3
    5    528324   84705     1.7232       9945.3
    54   2243946  207455    1.6440       7932.4
    44   1340827  282851    1.6336       7886.3
    40   867108   197505    1.6445       7650.9
    60   2835920  122264    1.6565       6207.9
    7    587945   37877     1.7426       5185.4
    top-10: 33.3% of mass, 89.7% of excess-loss
Saved to /home/trans/Projects/agpt/rnd/streaming-agpt-v1/models/seed200_ms_n100_se5_stage41.model
Done.
  Appended optimizer state to /home/trans/Projects/agpt/rnd/streaming-agpt-v1/models/seed200_ms_n100_se5_stage41.model (adam_t=13125)
