AGPT CUDA Training Engine
  Model: d=64 heads=4 layers=2 ff=256 vocab=65 seq=32 head_dim=16
  Loaded 108481 weight floats (423.8 KB)
  Loaded optimizer state from checkpoint (adam_t=24825)
  LR schedule horizon: 500 total SE (override; this call runs 5 SE)
Loading radix trie from /tmp/shake_ms_n100_se5_78pct_d16_radix...
  Radix trie: 5560265 nodes, 27902441 total edge chars, 17 endpoint depths
  Radix loaded: 9329849 counts entries, 48577913 ancestor char entries
  d_split: 3602609/5560265 nodes have a mass=1 ancestor (mean depth 10.31)
  lr-schedule: warmup-cosine (peak=0.003, warmup_epochs=1)
  optimizer: rmsprop (lr=0.003)
  entropy lambda: 1.000 (branching-endpoint icing enabled)
  mass weighting: log (head-of-edge count restores corpus-frequency exposure)
  curriculum: flat (d=max each epoch)
  max edge_len: 15, max ancestor chars: 15, max KV per node: 30, max endpoint depth: 16
  mass=1 compaction: 24118971 / 27902441 chars are mass=1 (86.4%); cache holds 3783470 positions
  loop points: 113231 (mass>1 leaves; 5.8% of 1957655 mass>1 nodes)
  KV cache: 1937.1 MB unified memory (bf16 compact)
  GPU memory: 3021.1 MB used, 5165.7 MB free, 8186.8 MB total
  65 root-child subtrees: sizes min=3 max=886354 avg=85542.5 (total=5560264 radix nodes)
Epoch 1: loss=1.526470  (17.41 sec, 65 subtrees, 597 chunks, 27902439 nodes)
  residual top-10 (subtree_mass × max(avg_loss − 1.526, 0)):
    rc   rootID   mass      avg_loss     score 
    59   5203901  704040    1.7337       145904.8
    58   4824881  2479299   1.5631       90895.6
    54   4231380  406416    1.6023       30806.9
    5    1000918  251463    1.5707       11110.4
    7    1126896  71045     1.6228       6843.4
    15   1219526  29796     1.7385       6317.0
    25   1271858  49945     1.6463       5985.8
    13   1205807  45089     1.6502       5580.8
    32   1296886  57982     1.6087       4765.2
    31   1290942  30249     1.6767       4542.9
    top-10: 11.8% of mass, 87.2% of excess-loss
Epoch 2: loss=1.516665  (17.17 sec, 65 subtrees, 597 chunks, 27902440 nodes)
  residual top-10 (subtree_mass × max(avg_loss − 1.517, 0)):
    rc   rootID   mass      avg_loss     score 
    1    108280   6350861   1.5271       66244.6
    59   5203901  704040    1.5484       22362.4
    5    1000918  251463    1.5831       16701.0
    39   1315982  2099933   1.5239       15278.1
    6    1041833  602530    1.5388       13317.6
    7    1126896  71045     1.6329       8257.0
    25   1271858  49945     1.6562       6967.9
    15   1219526  29796     1.7493       6931.0
    13   1205807  45089     1.6600       6463.6
    44   2546853  551495    1.5278       6150.8
    top-10: 30.9% of mass, 72.2% of excess-loss
Epoch 3: loss=1.513314  (17.17 sec, 65 subtrees, 597 chunks, 27902438 nodes)
  residual top-10 (subtree_mass × max(avg_loss − 1.513, 0)):
    rc   rootID   mass      avg_loss     score 
    1    108280   6350861   1.5228       60188.0
    59   5203901  704040    1.5355       15642.0
    5    1000918  251463    1.5662       13286.8
    39   1315982  2099933   1.5191       12084.3
    7    1126896  71045     1.6228       7775.3
    44   2546853  551495    1.5270       7533.3
    25   1271858  49945     1.6471       6682.5
    15   1219526  29796     1.7355       6619.1
    6    1041833  602530    1.5239       6381.5
    13   1205807  45089     1.6502       6172.7
    top-10: 30.9% of mass, 68.8% of excess-loss
Epoch 4: loss=1.513193  (17.17 sec, 65 subtrees, 597 chunks, 27902441 nodes)
  residual top-10 (subtree_mass × max(avg_loss − 1.513, 0)):
    rc   rootID   mass      avg_loss     score 
    1    108280   6350861   1.5220       55906.7
    59   5203901  704040    1.5473       24015.9
    5    1000918  251463    1.5656       13181.9
    39   1315982  2099933   1.5180       10028.1
    7    1126896  71045     1.6219       7725.7
    44   2546853  551495    1.5270       7637.3
    15   1219526  29796     1.7347       6600.7
    25   1271858  49945     1.6449       6576.5
    13   1205807  45089     1.6493       6138.6
    6    1041833  602530    1.5233       6068.6
    top-10: 30.9% of mass, 68.9% of excess-loss
Epoch 5: loss=1.513315  (17.19 sec, 65 subtrees, 597 chunks, 27902441 nodes)
  residual top-10 (subtree_mass × max(avg_loss − 1.513, 0)):
    rc   rootID   mass      avg_loss     score 
    1    108280   6350861   1.5217       53503.5
    59   5203901  704040    1.5529       27861.5
    5    1000918  251463    1.5667       13418.9
    39   1315982  2099933   1.5183       10520.6
    44   2546853  551495    1.5281       8150.4
    7    1126896  71045     1.6223       7746.3
    15   1219526  29796     1.7329       6544.0
    25   1271858  49945     1.6442       6537.9
    6    1041833  602530    1.5238       6315.1
    13   1205807  45089     1.6483       6085.6
    top-10: 30.9% of mass, 69.6% of excess-loss
Saved to /home/trans/Projects/agpt/rnd/streaming-agpt-v1/models/seed300_ms_n100_se5_stage78.model
Done.
  Appended optimizer state to /home/trans/Projects/agpt/rnd/streaming-agpt-v1/models/seed300_ms_n100_se5_stage78.model (adam_t=25150)
