AGPT CUDA Training Engine
  Model: d=64 heads=4 layers=2 ff=256 vocab=65 seq=32 head_dim=16
  Loaded 108481 weight floats (423.8 KB)
  Loaded optimizer state from checkpoint (adam_t=4695)
  LR schedule horizon: 500 total SE (override; this call runs 5 SE)
Loading radix trie from /tmp/shake_ms_n100_se5_16pct_d16_radix...
  Radix trie: 1148146 nodes, 6244737 total edge chars, 17 endpoint depths
  Radix loaded: 1920350 counts entries, 9275003 ancestor char entries
  d_split: 741299/1148146 nodes have a mass=1 ancestor (mean depth 9.71)
  lr-schedule: warmup-cosine (peak=0.003, warmup_epochs=1)
  optimizer: rmsprop (lr=0.003)
  entropy lambda: 1.000 (branching-endpoint icing enabled)
  mass weighting: log (head-of-edge count restores corpus-frequency exposure)
  curriculum: flat (d=max each epoch)
  max edge_len: 16, max ancestor chars: 15, max KV per node: 31, max endpoint depth: 16
  mass=1 compaction: 5403761 / 6244737 chars are mass=1 (86.5%); cache holds 840976 positions
  loop points: 21438 (mass>1 leaves; 5.3% of 406846 mass>1 nodes)
  KV cache: 430.6 MB unified memory (bf16 compact)
  GPU memory: 2815.6 MB used, 5371.2 MB free, 8186.8 MB total
  64 root-child subtrees: sizes min=1 max=185570 avg=17939.8 (total=1148145 radix nodes)
Epoch 1: loss=1.751965  (3.86 sec, 64 subtrees, 173 chunks, 6244737 nodes)
  residual top-10 (subtree_mass × max(avg_loss − 1.752, 0)):
    rc   rootID   mass      avg_loss     score 
    43   525124   105508    3.5146       185973.0
    38   270214   377675    2.0557       114697.7
    42   410611   633745    1.9002       93926.1
    45   561936   319345    1.9603       66520.7
    39   339548   71307     2.5697       58309.5
    44   544947   84491     2.3285       48716.1
    40   353111   113332    2.0407       32718.7
    41   374418   195283    1.8963       28187.7
    46   617140   322801    1.8138       19966.0
    48   676905   26238     1.8222       1843.2
    top-10: 34.9% of mass, 99.8% of excess-loss
Epoch 2: loss=1.575203  (3.76 sec, 64 subtrees, 173 chunks, 6244735 nodes)
  residual top-10 (subtree_mass × max(avg_loss − 1.575, 0)):
    rc   rootID   mass      avg_loss     score 
    38   270214   377675    1.7797       77223.4
    39   339548   71307     1.8204       17484.8
    58   1071049  128843    1.6826       13836.4
    43   525124   105508    1.6822       11285.4
    40   353111   113332    1.6472       8161.1
    41   374418   195283    1.6077       6338.3
    6    230217   9989      1.7236       1482.6
    4    208088   36522     1.6144       1433.1
    44   544947   84491     1.5884       1115.6
    34   268425   5567      1.7600       1028.5
    top-10: 17.5% of mass, 95.9% of excess-loss
Epoch 3: loss=1.557476  (3.76 sec, 64 subtrees, 173 chunks, 6244737 nodes)
  residual top-10 (subtree_mass × max(avg_loss − 1.557, 0)):
    rc   rootID   mass      avg_loss     score 
    38   270214   377675    1.6479       34151.7
    58   1071049  128843    1.7747       27985.9
    57   994106   443404    1.5990       18395.4
    39   339548   71307     1.7241       11880.7
    43   525124   105508    1.6353       8210.0
    53   870085   71962     1.6710       8169.3
    59   1096284  49985     1.6251       3382.1
    4    208088   36522     1.6346       2815.1
    40   353111   113332    1.5752       2005.0
    6    230217   9989      1.7157       1580.3
    top-10: 21.9% of mass, 93.3% of excess-loss
Epoch 4: loss=1.533505  (3.76 sec, 64 subtrees, 173 chunks, 6244736 nodes)
  residual top-10 (subtree_mass × max(avg_loss − 1.534, 0)):
    rc   rootID   mass      avg_loss     score 
    38   270214   377675    1.6424       41140.4
    58   1071049  128843    1.7400       26610.9
    39   339548   71307     1.7143       12888.8
    43   525124   105508    1.6261       9767.9
    53   870085   71962     1.5921       4215.5
    40   353111   113332    1.5669       3780.2
    4    208088   36522     1.5823       1782.9
    6    230217   9989      1.6958       1621.4
    59   1096284  49985     1.5549       1070.4
    31   266362   9387      1.6452       1048.2
    top-10: 15.1% of mass, 94.1% of excess-loss
Epoch 5: loss=1.535227  (3.76 sec, 64 subtrees, 173 chunks, 6244737 nodes)
  residual top-10 (subtree_mass × max(avg_loss − 1.535, 0)):
    rc   rootID   mass      avg_loss     score 
    58   1071049  128843    1.9567       54307.3
    38   270214   377675    1.6140       29733.5
    43   525124   105508    1.6690       14110.3
    53   870085   71962     1.7306       14056.1
    39   339548   71307     1.7147       12798.5
    57   994106   443404    1.5422       3090.7
    59   1096284  49985     1.5876       2616.2
    6    230217   9989      1.6755       1401.1
    44   544947   84491     1.5508       1314.9
    4    208088   36522     1.5697       1259.7
    top-10: 21.4% of mass, 95.4% of excess-loss
Saved to /home/trans/Projects/agpt/rnd/streaming-agpt-v1/models/seed200_ms_n100_se5_stage16.model
Done.
  Appended optimizer state to /home/trans/Projects/agpt/rnd/streaming-agpt-v1/models/seed200_ms_n100_se5_stage16.model (adam_t=5015)
