Vocab source: /home/trans/Projects/agpt/data/input.txt → 65 unique chars
Test file: /home/trans/Projects/agpt/data/input.txt (1115394 bytes)
Auto-detected architecture from checkpoint: d_model=64, n_heads=4, n_layers=2, d_ff=256 (ckpt seq_len=128, eval seq_len=16)
Model loaded: /home/trans/Projects/agpt/rnd/streaming-agpt-v1/models/streaming_stage100.model (d_model=64, n_layers=2, vocab=65, seq_len=16)
Tokens: 1115394
  204/4096 (1390.4/s, ETA 3s)
  408/4096 (1397.6/s, ETA 3s)
  612/4096 (1428.9/s, ETA 2s)
  816/4096 (1413.3/s, ETA 2s)
  1020/4096 (1343.6/s, ETA 2s)
  1224/4096 (1318.4/s, ETA 2s)
  1428/4096 (1330.8/s, ETA 2s)
  1632/4096 (1350.3/s, ETA 2s)
  1836/4096 (1346.9/s, ETA 2s)
  2040/4096 (1349.2/s, ETA 2s)
  2244/4096 (1349.8/s, ETA 1s)
  2448/4096 (1328.3/s, ETA 1s)
  2652/4096 (1329.0/s, ETA 1s)
  2856/4096 (1342.8/s, ETA 1s)
  3060/4096 (1349.2/s, ETA 1s)
  3264/4096 (1351.4/s, ETA 1s)
  3468/4096 (1350.7/s, ETA 0s)
  3672/4096 (1335.7/s, ETA 0s)
  3876/4096 (1336.0/s, ETA 0s)
  4080/4096 (1331.7/s, ETA 0s)

Positions scored:  4096
Mean per-token NLL: 1.622285 nats
Perplexity:         5.0647
Bits per character: 2.3405 bpc
Elapsed:            3.1s (1335.6 pos/sec)
