Vocab source: /home/trans/Projects/agpt/data/input.txt → 65 unique chars
Test file: /home/trans/Projects/agpt/data/input.txt (1115394 bytes)
Auto-detected architecture from checkpoint: d_model=64, n_heads=4, n_layers=2, d_ff=256 (ckpt seq_len=128, eval seq_len=16)
Model loaded: /home/trans/Projects/agpt/rnd/streaming-agpt-v1/models/streaming_stage60.model (d_model=64, n_layers=2, vocab=65, seq_len=16)
Tokens: 1115394
  204/4096 (1407.0/s, ETA 3s)
  408/4096 (1467.6/s, ETA 3s)
  612/4096 (1505.1/s, ETA 2s)
  816/4096 (1474.1/s, ETA 2s)
  1020/4096 (1487.2/s, ETA 2s)
  1224/4096 (1464.5/s, ETA 2s)
  1428/4096 (1470.8/s, ETA 2s)
  1632/4096 (1471.2/s, ETA 2s)
  1836/4096 (1480.1/s, ETA 2s)
  2040/4096 (1487.1/s, ETA 1s)
  2244/4096 (1479.3/s, ETA 1s)
  2448/4096 (1419.2/s, ETA 1s)
  2652/4096 (1410.4/s, ETA 1s)
  2856/4096 (1418.0/s, ETA 1s)
  3060/4096 (1427.4/s, ETA 1s)
  3264/4096 (1423.4/s, ETA 1s)
  3468/4096 (1434.4/s, ETA 0s)
  3672/4096 (1421.1/s, ETA 0s)
  3876/4096 (1427.5/s, ETA 0s)
  4080/4096 (1419.9/s, ETA 0s)

Positions scored:  4096
Mean per-token NLL: 1.813873 nats
Perplexity:         6.1342
Bits per character: 2.6169 bpc
Elapsed:            2.9s (1423.9 pos/sec)
