AGPT CUDA Training Engine
  Model: d=64 heads=4 layers=2 ff=256 vocab=65 seq=128 head_dim=16
  Loaded 108481 weight floats (423.8 KB)
Loading radix trie from /tmp/shake_20pct_d16_radix...
  Radix trie: 323253 nodes, 2104480 total edge chars, 17 endpoint depths
  Radix loaded: 541919 counts entries, 2124456 ancestor char entries
  d_split: 214185/323253 nodes have a mass=1 ancestor (mean depth 8.13)
  optimizer: rmsprop (lr=0.003)
  entropy lambda: 1.000 (branching-endpoint icing enabled)
  mass weighting: log (head-of-edge count restores corpus-frequency exposure)
  curriculum: flat (d=max each epoch)
  max edge_len: 15, max ancestor chars: 15, max KV per node: 30, max endpoint depth: 16
  mass=1 compaction: 1899088 / 2104480 chars are mass=1 (90.2%); cache holds 205392 positions
  loop points: 3113 (mass>1 leaves; 2.9% of 109067 mass>1 nodes)
  KV cache: 105.2 MB unified memory (bf16 compact)
  GPU memory: 2721.0 MB used, 5465.8 MB free, 8186.8 MB total
  62 root-child subtrees: sizes min=3 max=49107 avg=5213.7 (total=323252 radix nodes)
Epoch 1: loss=3.421762  (1.63 sec, 62 subtrees, 85 chunks, 2104480 nodes)
  residual top-10 (subtree_mass × max(avg_loss − 3.422, 0)):
    rc   rootID   mass      avg_loss     score 
    1    10559    254131    5.2516       465021.2
    0    1        54963     5.1615       95622.4
    5    62229    28080     5.1946       49782.5
    4    60291    8076      6.5625       25364.6
    8    70077    15141     4.2365       12336.3
    7    68457    11004     4.5167       12049.1
    28   90561    4637      5.8040       11046.4
    2    59666    2611      5.8844       6430.0
    6    67913    1776      4.8016       2450.6
    9    73260    4148      3.7875       1517.3
    top-10: 25.7% of mass, 99.5% of excess-loss
Epoch 2: loss=2.632025  (1.26 sec, 62 subtrees, 85 chunks, 2104480 nodes)
  residual top-10 (subtree_mass × max(avg_loss − 2.632, 0)):
    rc   rootID   mass      avg_loss     score 
    1    10559    254131    2.7260       23893.1
    56   301061   36335     3.1885       20220.1
    55   281506   93989     2.7309       9297.1
    0    1        54963     2.7428       6085.9
    28   90561    4637      3.4769       3917.5
    4    60291    8076      2.9373       2465.8
    7    68457    11004     2.8542       2444.9
    5    62229    28080     2.7189       2439.7
    37   115069   14005     2.7939       2267.6
    2    59666    2611      3.3173       1789.4
    top-10: 34.0% of mass, 92.0% of excess-loss
Epoch 3: loss=2.443302  (1.30 sec, 62 subtrees, 85 chunks, 2104480 nodes)
  residual top-10 (subtree_mass × max(avg_loss − 2.443, 0)):
    rc   rootID   mass      avg_loss     score 
    1    10559    254131    2.5002       14459.3
    36   99068    71330     2.5200       5469.7
    0    1        54963     2.5185       4130.8
    7    68457    11004     2.6527       2303.7
    5    62229    28080     2.5191       2129.2
    4    60291    8076      2.6926       2013.2
    41   160961   18718     2.5100       1248.6
    2    59666    2611      2.7772       871.8 
    37   115069   14005     2.4948       721.2 
    28   90561    4637      2.5825       645.4 
    top-10: 31.3% of mass, 90.4% of excess-loss
Epoch 4: loss=2.391612  (1.28 sec, 62 subtrees, 85 chunks, 2104480 nodes)
  residual top-10 (subtree_mass × max(avg_loss − 2.392, 0)):
    rc   rootID   mass      avg_loss     score 
    56   301061   36335     2.6085       7881.3
    36   99068    71330     2.4431       3673.6
    1    10559    254131    2.4051       3432.0
    4    60291    8076      2.6323       1943.6
    55   281506   93989     2.4104       1762.8
    5    62229    28080     2.4536       1739.7
    2    59666    2611      2.9244       1391.0
    0    1        54963     2.4167       1377.7
    41   160961   18718     2.4623       1322.4
    57   309503   10888     2.4924       1097.1
    top-10: 38.7% of mass, 86.6% of excess-loss
Epoch 5: loss=2.335102  (1.29 sec, 62 subtrees, 85 chunks, 2104480 nodes)
  residual top-10 (subtree_mass × max(avg_loss − 2.335, 0)):
    rc   rootID   mass      avg_loss     score 
    1    10559    254131    2.3691       8632.6
    36   99068    71330     2.4185       5949.9
    0    1        54963     2.3840       2688.9
    5    62229    28080     2.4155       2258.8
    41   160961   18718     2.4507       2164.1
    4    60291    8076      2.6023       2157.6
    37   115069   14005     2.4507       1618.5
    56   301061   36335     2.3743       1423.6
    7    68457    11004     2.4255       994.3 
    2    59666    2611      2.6671       867.0 
    top-10: 33.4% of mass, 90.5% of excess-loss
Epoch 6: loss=2.297334  (1.29 sec, 62 subtrees, 85 chunks, 2104480 nodes)
  residual top-10 (subtree_mass × max(avg_loss − 2.297, 0)):
    rc   rootID   mass      avg_loss     score 
    36   99068    71330     2.3780       5752.1
    1    10559    254131    2.3087       2895.1
    5    62229    28080     2.3883       2554.5
    4    60291    8076      2.6033       2471.2
    56   301061   36335     2.3508       1942.6
    41   160961   18718     2.3972       1869.7
    37   115069   14005     2.4082       1552.2
    7    68457    11004     2.3969       1095.3
    2    59666    2611      2.6786       995.6 
    0    1        54963     2.3132       870.5 
    top-10: 33.4% of mass, 84.7% of excess-loss
Epoch 7: loss=2.270108  (1.28 sec, 62 subtrees, 85 chunks, 2104480 nodes)
  residual top-10 (subtree_mass × max(avg_loss − 2.270, 0)):
    rc   rootID   mass      avg_loss     score 
    36   99068    71330     2.4243       10997.8
    5    62229    28080     2.3858       3248.8
    1    10559    254131    2.2814       2862.9
    37   115069   14005     2.4362       2326.6
    4    60291    8076      2.5475       2240.6
    2    59666    2611      3.0669       2080.4
    56   301061   36335     2.3262       2038.1
    7    68457    11004     2.3845       1258.3
    41   160961   18718     2.3313       1144.6
    39   123287   40145     2.2887       747.4 
    top-10: 32.4% of mass, 92.4% of excess-loss
Epoch 8: loss=2.241853  (1.29 sec, 62 subtrees, 85 chunks, 2104480 nodes)
  residual top-10 (subtree_mass × max(avg_loss − 2.242, 0)):
    rc   rootID   mass      avg_loss     score 
    56   301061   36335     2.4897       9005.8
    36   99068    71330     2.3275       6109.7
    57   309503   10888     2.6335       4264.0
    37   115069   14005     2.4351       2706.5
    4    60291    8076      2.5360       2375.8
    5    62229    28080     2.3189       2162.4
    41   160961   18718     2.3171       1408.6
    2    59666    2611      2.6379       1034.2
    28   90561    4637      2.3702       595.2 
    38   118408   21231     2.2682       559.5 
    top-10: 14.4% of mass, 94.3% of excess-loss
Epoch 9: loss=2.198572  (1.26 sec, 62 subtrees, 85 chunks, 2104480 nodes)
  residual top-10 (subtree_mass × max(avg_loss − 2.199, 0)):
    rc   rootID   mass      avg_loss     score 
    56   301061   36335     2.3545       5666.1
    36   99068    71330     2.2641       4671.4
    1    10559    254131    2.2099       2883.0
    4    60291    8076      2.5170       2571.8
    5    62229    28080     2.2780       2229.0
    57   309503   10888     2.3897       2081.5
    37   115069   14005     2.3187       1683.0
    41   160961   18718     2.2520       1000.4
    0    1        54963     2.2164       978.5 
    58   311963   22734     2.2275       656.5 
    top-10: 34.7% of mass, 92.6% of excess-loss
Epoch 10: loss=2.178663  (1.29 sec, 62 subtrees, 85 chunks, 2104480 nodes)
  residual top-10 (subtree_mass × max(avg_loss − 2.179, 0)):
    rc   rootID   mass      avg_loss     score 
    36   99068    71330     2.2629       6005.9
    56   301061   36335     2.2970       4299.8
    1    10559    254131    2.1914       3246.7
    37   115069   14005     2.3659       2622.9
    57   309503   10888     2.3755       2143.3
    4    60291    8076      2.4275       2009.7
    5    62229    28080     2.2469       1914.8
    51   249111   13780     2.2925       1568.6
    2    59666    2611      2.6844       1320.4
    41   160961   18718     2.2299       959.5 
    top-10: 30.6% of mass, 96.4% of excess-loss
Epoch 11: loss=2.146828  (1.26 sec, 62 subtrees, 85 chunks, 2104480 nodes)
  residual top-10 (subtree_mass × max(avg_loss − 2.147, 0)):
    rc   rootID   mass      avg_loss     score 
    36   99068    71330     2.2277       5771.7
    1    10559    254131    2.1599       3311.0
    37   115069   14005     2.3153       2359.4
    56   301061   36335     2.2100       2294.6
    51   249111   13780     2.2966       2064.1
    4    60291    8076      2.3720       1818.1
    5    62229    28080     2.2058       1656.1
    28   90561    4637      2.3465       925.7 
    41   160961   18718     2.1960       921.1 
    57   309503   10888     2.2282       886.1 
    top-10: 30.8% of mass, 93.0% of excess-loss
Epoch 12: loss=2.129927  (1.30 sec, 62 subtrees, 85 chunks, 2104480 nodes)
  residual top-10 (subtree_mass × max(avg_loss − 2.130, 0)):
    rc   rootID   mass      avg_loss     score 
    56   301061   36335     2.2984       6123.1
    36   99068    71330     2.1978       4840.5
    57   309503   10888     2.3438       2328.3
    37   115069   14005     2.2818       2126.5
    41   160961   18718     2.2365       1994.2
    5    62229    28080     2.1942       1803.8
    4    60291    8076      2.3467       1751.0
    1    10559    254131    2.1350       1278.9
    2    59666    2611      2.4164       747.9 
    51   249111   13780     2.1748       618.7 
    top-10: 30.6% of mass, 95.3% of excess-loss
Epoch 13: loss=2.113956  (1.27 sec, 62 subtrees, 85 chunks, 2104480 nodes)
  residual top-10 (subtree_mass × max(avg_loss − 2.114, 0)):
    rc   rootID   mass      avg_loss     score 
    36   99068    71330     2.1681       3861.0
    41   160961   18718     2.3079       3630.5
    51   249111   13780     2.3322       3007.3
    37   115069   14005     2.2917       2488.6
    4    60291    8076      2.3439       1857.0
    43   168871   72629     2.1346       1500.1
    57   309503   10888     2.2497       1478.5
    5    62229    28080     2.1592       1269.3
    38   118408   21231     2.1680       1147.6
    56   301061   36335     2.1383       884.2 
    top-10: 19.7% of mass, 91.4% of excess-loss
Epoch 14: loss=2.089985  (1.27 sec, 62 subtrees, 85 chunks, 2104480 nodes)
  residual top-10 (subtree_mass × max(avg_loss − 2.090, 0)):
    rc   rootID   mass      avg_loss     score 
    36   99068    71330     2.1672       5507.0
    51   249111   13780     2.3992       4260.8
    56   301061   36335     2.1543       2338.6
    37   115069   14005     2.2394       2092.5
    4    60291    8076      2.2976       1676.6
    41   160961   18718     2.1728       1549.9
    5    62229    28080     2.1450       1546.2
    57   309503   10888     2.1821       1002.6
    28   90561    4637      2.2798       880.1 
    2    59666    2611      2.4068       827.2 
    top-10: 13.9% of mass, 93.2% of excess-loss
Epoch 15: loss=2.074916  (1.27 sec, 62 subtrees, 85 chunks, 2104480 nodes)
  residual top-10 (subtree_mass × max(avg_loss − 2.075, 0)):
    rc   rootID   mass      avg_loss     score 
    56   301061   36335     2.3680       10650.3
    36   99068    71330     2.1436       4896.1
    57   309503   10888     2.3486       2980.2
    4    60291    8076      2.3369       2115.7
    37   115069   14005     2.1961       1696.5
    51   249111   13780     2.1959       1666.7
    5    62229    28080     2.1314       1585.5
    41   160961   18718     2.1474       1357.6
    55   281506   93989     2.0859       1033.0
    28   90561    4637      2.1798       486.2 
    top-10: 20.1% of mass, 95.8% of excess-loss
Epoch 16: loss=2.056966  (1.26 sec, 62 subtrees, 85 chunks, 2104480 nodes)
  residual top-10 (subtree_mass × max(avg_loss − 2.057, 0)):
    rc   rootID   mass      avg_loss     score 
    56   301061   36335     2.2772       8002.4
    36   99068    71330     2.1206       4539.9
    57   309503   10888     2.4377       4145.0
    4    60291    8076      2.3591       2440.0
    41   160961   18718     2.1851       2398.6
    5    62229    28080     2.1214       1809.3
    37   115069   14005     2.1536       1353.3
    1    10559    254131    2.0607       939.8 
    58   311963   22734     2.0821       572.1 
    28   90561    4637      2.1769       556.0 
    top-10: 31.4% of mass, 95.8% of excess-loss
Epoch 17: loss=2.048770  (1.26 sec, 62 subtrees, 85 chunks, 2104480 nodes)
  residual top-10 (subtree_mass × max(avg_loss − 2.049, 0)):
    rc   rootID   mass      avg_loss     score 
    36   99068    71330     2.1550       7577.0
    5    62229    28080     2.1802       3690.2
    4    60291    8076      2.4273       3057.2
    37   115069   14005     2.2634       3006.2
    56   301061   36335     2.1197       2576.8
    41   160961   18718     2.1258       1442.5
    51   249111   13780     2.1338       1171.7
    57   309503   10888     2.1341       929.5 
    28   90561    4637      2.2247       815.7 
    30   93759    8490      2.0890       341.4 
    top-10: 14.3% of mass, 95.1% of excess-loss
Epoch 18: loss=2.033024  (1.25 sec, 62 subtrees, 85 chunks, 2104480 nodes)
  residual top-10 (subtree_mass × max(avg_loss − 2.033, 0)):
    rc   rootID   mass      avg_loss     score 
    1    10559    254131    2.0514       4671.8
    5    62229    28080     2.1931       4494.4
    36   99068    71330     2.0919       4197.9
    56   301061   36335     2.1449       4065.2
    4    60291    8076      2.4332       3232.1
    51   249111   13780     2.1850       2093.7
    57   309503   10888     2.2251       2091.8
    37   115069   14005     2.1462       1585.4
    41   160961   18718     2.0941       1143.7
    2    59666    2611      2.3218       754.0 
    top-10: 30.6% of mass, 97.5% of excess-loss
Epoch 19: loss=2.031157  (1.25 sec, 62 subtrees, 85 chunks, 2104480 nodes)
  residual top-10 (subtree_mass × max(avg_loss − 2.031, 0)):
    rc   rootID   mass      avg_loss     score 
    36   99068    71330     2.1533       8710.2
    56   301061   36335     2.1022       2581.6
    37   115069   14005     2.1921       2253.8
    41   160961   18718     2.1176       1617.3
    4    60291    8076      2.2243       1559.9
    5    62229    28080     2.0795       1357.5
    28   90561    4637      2.3068       1278.0
    51   249111   13780     2.0870       769.5 
    57   309503   10888     2.0916       658.0 
    39   123287   40145     2.0460       595.1 
    top-10: 16.5% of mass, 89.9% of excess-loss
Epoch 20: loss=2.014084  (1.25 sec, 62 subtrees, 85 chunks, 2104480 nodes)
  residual top-10 (subtree_mass × max(avg_loss − 2.014, 0)):
    rc   rootID   mass      avg_loss     score 
    56   301061   36335     2.1283       4148.7
    1    10559    254131    2.0302       4106.9
    51   249111   13780     2.2988       3923.1
    36   99068    71330     2.0673       3793.4
    57   309503   10888     2.2799       2894.2
    5    62229    28080     2.1047       2544.4
    4    60291    8076      2.2994       2304.4
    41   160961   18718     2.1196       1974.8
    37   115069   14005     2.1048       1271.1
    2    59666    2611      2.2638       652.0 
    top-10: 30.6% of mass, 97.8% of excess-loss
Saved to /home/trans/Projects/agpt/rnd/streaming-agpt-v1/models/streaming_stage20.model
Done.
