AGPT CUDA Training Engine
  Model: d=64 heads=4 layers=2 ff=256 vocab=65 seq=128 head_dim=16
  Loaded 108481 weight floats (423.8 KB)
  Loaded optimizer state from checkpoint (adam_t=1240)
Loading radix trie from /tmp/shake_40pct_d16_radix...
  Radix trie: 639957 nodes, 3962507 total edge chars, 17 endpoint depths
  Radix loaded: 1073204 counts entries, 4506628 ancestor char entries
  d_split: 422466/639957 nodes have a mass=1 ancestor (mean depth 8.62)
  optimizer: rmsprop (lr=0.003)
  entropy lambda: 1.000 (branching-endpoint icing enabled)
  mass weighting: log (head-of-edge count restores corpus-frequency exposure)
  curriculum: flat (d=max each epoch)
  max edge_len: 15, max ancestor chars: 15, max KV per node: 30, max endpoint depth: 16
  mass=1 compaction: 3540650 / 3962507 chars are mass=1 (89.4%); cache holds 421857 positions
  loop points: 7621 (mass>1 leaves; 3.5% of 217490 mass>1 nodes)
  KV cache: 216.0 MB unified memory (bf16 compact)
  GPU memory: 2740.1 MB used, 5446.7 MB free, 8186.8 MB total
  63 root-child subtrees: sizes min=3 max=98513 avg=10158.0 (total=639956 radix nodes)
Epoch 1: loss=2.200934  (2.63 sec, 63 subtrees, 122 chunks, 3962507 nodes)
  residual top-10 (subtree_mass × max(avg_loss − 2.201, 0)):
    rc   rootID   mass      avg_loss     score 
    42   316789   43288     4.2964       90708.8
    45   363844   127194    2.9082       89954.7
    44   334037   152143    2.6955       75244.9
    43   325963   36094     3.3163       40258.2
    48   394607   90208     2.3503       13471.9
    2    117514   4591      3.6439       6624.6
    4    118548   15676     2.5593       5617.5
    47   390587   18267     2.4970       5408.9
    5    122082   59596     2.2677       3979.2
    46   390203   1522      2.7547       842.8 
    top-10: 17.3% of mass, 100.0% of excess-loss
Epoch 2: loss=1.984641  (2.49 sec, 63 subtrees, 122 chunks, 3962507 nodes)
  residual top-10 (subtree_mass × max(avg_loss − 1.985, 0)):
    rc   rootID   mass      avg_loss     score 
    57   597515   71254     2.2183       16652.6
    37   194986   150820    2.0476       9495.4
    1    19001    545903    1.9991       7879.4
    5    122082   59596     2.0829       5857.6
    58   613131   21722     2.1921       4506.7
    0    1        108185    2.0167       3469.8
    4    118548   15676     2.1611       2766.5
    59   617736   47326     2.0422       2724.8
    42   316789   43288     2.0310       2006.8
    38   226569   29851     2.0487       1913.7
    top-10: 34.5% of mass, 92.5% of excess-loss
Epoch 3: loss=1.972650  (2.49 sec, 63 subtrees, 122 chunks, 3962507 nodes)
  residual top-10 (subtree_mass × max(avg_loss − 1.973, 0)):
    rc   rootID   mass      avg_loss     score 
    57   597515   71254     2.2722       21341.3
    56   558703   198655    2.0247       10348.5
    37   194986   150820    2.0305       8722.5
    42   316789   43288     2.1424       7349.2
    5    122082   59596     2.0561       4971.9
    58   613131   21722     2.1510       3874.5
    4    118548   15676     2.1650       3015.9
    38   226569   29851     2.0727       2987.3
    59   617736   47326     2.0300       2714.1
    52   494229   28647     2.0278       1579.8
    top-10: 21.0% of mass, 94.6% of excess-loss
Epoch 4: loss=1.959088  (2.44 sec, 63 subtrees, 122 chunks, 3962507 nodes)
  residual top-10 (subtree_mass × max(avg_loss − 1.959, 0)):
    rc   rootID   mass      avg_loss     score 
    57   597515   71254     2.4407       34313.5
    58   613131   21722     2.3746       9025.0
    5    122082   59596     2.0987       8318.0
    59   617736   47326     2.1006       6697.1
    56   558703   198655    1.9825       4645.0
    4    118548   15676     2.2388       4385.1
    37   194986   150820    1.9853       3951.1
    38   226569   29851     2.0527       2794.7
    52   494229   28647     2.0500       2604.0
    42   316789   43288     2.0183       2564.4
    top-10: 21.0% of mass, 95.6% of excess-loss
Epoch 5: loss=1.919450  (2.43 sec, 63 subtrees, 122 chunks, 3962507 nodes)
  residual top-10 (subtree_mass × max(avg_loss − 1.919, 0)):
    rc   rootID   mass      avg_loss     score 
    57   597515   71254     2.2016       20103.3
    1    19001    545903    1.9327       7211.2
    5    122082   59596     2.0334       6791.5
    37   194986   150820    1.9557       5460.3
    0    1        108185    1.9557       3917.4
    42   316789   43288     2.0051       3706.6
    4    118548   15676     2.1317       3326.5
    58   613131   21722     2.0494       2823.1
    38   226569   29851     1.9824       1879.7
    2    117514   4591      2.2338       1443.4
    top-10: 33.1% of mass, 94.4% of excess-loss
Epoch 6: loss=1.927699  (2.44 sec, 63 subtrees, 122 chunks, 3962507 nodes)
  residual top-10 (subtree_mass × max(avg_loss − 1.928, 0)):
    rc   rootID   mass      avg_loss     score 
    57   597515   71254     2.4596       37897.2
    59   617736   47326     2.1747       11691.2
    56   558703   198655    1.9844       11273.7
    58   613131   21722     2.3626       9447.4
    5    122082   59596     2.0702       8490.3
    42   316789   43288     2.0400       4859.5
    61   627796   58995     2.0087       4777.1
    4    118548   15676     2.2179       4549.4
    52   494229   28647     2.0428       3297.8
    38   226569   29851     2.0248       2899.9
    top-10: 18.1% of mass, 97.2% of excess-loss
Epoch 7: loss=1.919568  (2.45 sec, 63 subtrees, 122 chunks, 3962507 nodes)
  residual top-10 (subtree_mass × max(avg_loss − 1.920, 0)):
    rc   rootID   mass      avg_loss     score 
    57   597515   71254     2.2324       22290.8
    1    19001    545903    1.9402       11289.7
    56   558703   198655    1.9728       10567.7
    5    122082   59596     2.0953       10472.9
    4    118548   15676     2.2919       5837.3
    58   613131   21722     2.1038       4002.7
    52   494229   28647     2.0474       3662.7
    59   617736   47326     1.9732       2538.2
    0    1        108185    1.9414       2358.1
    42   316789   43288     1.9722       2278.4
    top-10: 35.9% of mass, 91.6% of excess-loss
Epoch 8: loss=1.881807  (2.48 sec, 63 subtrees, 122 chunks, 3962507 nodes)
  residual top-10 (subtree_mass × max(avg_loss − 1.882, 0)):
    rc   rootID   mass      avg_loss     score 
    57   597515   71254     2.0836       14375.8
    58   613131   21722     2.2747       8534.4
    59   617736   47326     2.0251       6782.8
    5    122082   59596     1.9914       6533.7
    37   194986   150820    1.9119       4539.5
    4    118548   15676     2.1674       4476.6
    42   316789   43288     1.9674       3703.1
    38   226569   29851     1.9647       2475.9
    52   494229   28647     1.9657       2403.6
    2    117514   4591      2.0707       867.0 
    top-10: 14.9% of mass, 95.9% of excess-loss
Epoch 9: loss=1.863123  (2.44 sec, 63 subtrees, 122 chunks, 3962507 nodes)
  residual top-10 (subtree_mass × max(avg_loss − 1.863, 0)):
    rc   rootID   mass      avg_loss     score 
    57   597515   71254     2.0169       10958.7
    45   363844   127194    1.9284       8306.7
    37   194986   150820    1.8976       5204.8
    5    122082   59596     1.9411       4649.6
    42   316789   43288     1.9527       3879.5
    58   613131   21722     2.0281       3583.7
    52   494229   28647     1.9715       3106.0
    4    118548   15676     2.0491       2915.0
    38   226569   29851     1.9462       2479.9
    59   617736   47326     1.9082       2135.5
    top-10: 18.8% of mass, 90.7% of excess-loss
Epoch 10: loss=1.855601  (2.54 sec, 63 subtrees, 122 chunks, 3962507 nodes)
  residual top-10 (subtree_mass × max(avg_loss − 1.856, 0)):
    rc   rootID   mass      avg_loss     score 
    45   363844   127194    2.0349       22799.6
    57   597515   71254     2.0202       11725.7
    42   316789   43288     1.9877       5717.8
    5    122082   59596     1.9238       4063.4
    37   194986   150820    1.8754       2979.7
    48   394607   90208     1.8878       2901.0
    47   390587   18267     2.0128       2871.9
    52   494229   28647     1.9503       2713.7
    4    118548   15676     2.0279       2700.6
    58   613131   21722     1.9664       2407.1
    top-10: 19.7% of mass, 88.4% of excess-loss
Epoch 11: loss=1.869856  (2.52 sec, 63 subtrees, 122 chunks, 3962507 nodes)
  residual top-10 (subtree_mass × max(avg_loss − 1.870, 0)):
    rc   rootID   mass      avg_loss     score 
    57   597515   71254     2.2739       28793.1
    42   316789   43288     2.3226       19596.3
    58   613131   21722     2.3350       10103.0
    59   617736   47326     2.0802       9953.6
    37   194986   150820    1.9289       8910.7
    38   226569   29851     2.0456       5246.0
    45   363844   127194    1.9021       4106.9
    5    122082   59596     1.9339       3819.4
    4    118548   15676     2.0714       3159.9
    44   334037   152143    1.8871       2623.2
    top-10: 22.7% of mass, 92.1% of excess-loss
Epoch 12: loss=1.828620  (2.50 sec, 63 subtrees, 122 chunks, 3962507 nodes)
  residual top-10 (subtree_mass × max(avg_loss − 1.829, 0)):
    rc   rootID   mass      avg_loss     score 
    57   597515   71254     2.0594       16444.2
    1    19001    545903    1.8446       8706.2
    5    122082   59596     1.9157       5192.1
    42   316789   43288     1.9376       4718.8
    37   194986   150820    1.8589       4561.8
    58   613131   21722     2.0158       4065.3
    52   494229   28647     1.9530       3562.4
    0    1        108185    1.8575       3127.1
    4    118548   15676     1.9959       2621.7
    38   226569   29851     1.9024       2203.1
    top-10: 33.9% of mass, 92.3% of excess-loss
Epoch 13: loss=1.837518  (2.51 sec, 63 subtrees, 122 chunks, 3962507 nodes)
  residual top-10 (subtree_mass × max(avg_loss − 1.838, 0)):
    rc   rootID   mass      avg_loss     score 
    57   597515   71254     2.0979       18553.1
    42   316789   43288     2.0594       9604.7
    37   194986   150820    1.8901       7925.3
    5    122082   59596     1.9676       7752.0
    58   613131   21722     2.1467       6715.9
    59   617736   47326     1.9695       6246.6
    4    118548   15676     2.1024       4152.7
    52   494229   28647     1.9694       3777.9
    38   226569   29851     1.9574       3578.4
    45   363844   127194    1.8578       2579.9
    top-10: 18.8% of mass, 91.5% of excess-loss
Epoch 14: loss=1.817115  (2.49 sec, 63 subtrees, 122 chunks, 3962507 nodes)
  residual top-10 (subtree_mass × max(avg_loss − 1.817, 0)):
    rc   rootID   mass      avg_loss     score 
    57   597515   71254     1.9658       10595.7
    5    122082   59596     1.9777       9570.9
    37   194986   150820    1.8560       5864.3
    42   316789   43288     1.9336       5043.0
    4    118548   15676     2.1056       4522.5
    45   363844   127194    1.8407       3005.5
    58   613131   21722     1.9542       2977.3
    38   226569   29851     1.9083       2723.2
    1    19001    545903    1.8211       2165.5
    52   494229   28647     1.8760       1686.5
    top-10: 34.5% of mass, 91.3% of excess-loss
Epoch 15: loss=1.807308  (2.50 sec, 63 subtrees, 122 chunks, 3962507 nodes)
  residual top-10 (subtree_mass × max(avg_loss − 1.807, 0)):
    rc   rootID   mass      avg_loss     score 
    57   597515   71254     2.0547       17631.1
    5    122082   59596     1.9372       7740.3
    37   194986   150820    1.8495       6370.0
    52   494229   28647     2.0157       5970.7
    58   613131   21722     2.0772       5863.0
    42   316789   43288     1.9019       4093.1
    4    118548   15676     2.0671       4072.8
    38   226569   29851     1.9298       3655.1
    59   617736   47326     1.8770       3297.1
    2    117514   4591      2.1254       1460.3
    top-10: 14.9% of mass, 95.9% of excess-loss
Epoch 16: loss=1.838207  (2.50 sec, 63 subtrees, 122 chunks, 3962507 nodes)
  residual top-10 (subtree_mass × max(avg_loss − 1.838, 0)):
    rc   rootID   mass      avg_loss     score 
    57   597515   71254     2.3578       37023.4
    56   558703   198655    1.9144       15133.3
    45   363844   127194    1.9317       11886.3
    58   613131   21722     2.3508       11135.4
    59   617736   47326     2.0439       9733.0
    52   494229   28647     2.0399       5777.8
    42   316789   43288     1.9500       4838.4
    5    122082   59596     1.8905       3114.9
    47   390587   18267     1.9704       2415.4
    4    118548   15676     1.9784       2197.2
    top-10: 19.9% of mass, 93.1% of excess-loss
Epoch 17: loss=1.812065  (2.51 sec, 63 subtrees, 122 chunks, 3962507 nodes)
  residual top-10 (subtree_mass × max(avg_loss − 1.812, 0)):
    rc   rootID   mass      avg_loss     score 
    57   597515   71254     2.0384       16129.3
    5    122082   59596     1.9092       5786.4
    56   558703   198655    1.8409       5737.8
    52   494229   28647     1.9956       5256.8
    58   613131   21722     2.0276       4680.8
    37   194986   150820    1.8396       4153.4
    59   617736   47326     1.8901       3691.0
    42   316789   43288     1.8824       3046.0
    51   455671   187380    1.8275       2883.9
    38   226569   29851     1.9073       2842.6
    top-10: 26.4% of mass, 90.0% of excess-loss
Epoch 18: loss=1.801122  (2.50 sec, 63 subtrees, 122 chunks, 3962507 nodes)
  residual top-10 (subtree_mass × max(avg_loss − 1.801, 0)):
    rc   rootID   mass      avg_loss     score 
    57   597515   71254     1.9729       12241.1
    5    122082   59596     1.9501       8878.7
    37   194986   150820    1.8496       7317.5
    1    19001    545903    1.8141       7086.1
    58   613131   21722     2.0294       4957.8
    42   316789   43288     1.9093       4683.0
    38   226569   29851     1.9306       3864.9
    4    118548   15676     2.0354       3673.2
    52   494229   28647     1.9004       2844.7
    59   617736   47326     1.8586       2721.9
    top-10: 32.0% of mass, 95.0% of excess-loss
Epoch 19: loss=1.783877  (2.51 sec, 63 subtrees, 122 chunks, 3962507 nodes)
  residual top-10 (subtree_mass × max(avg_loss − 1.784, 0)):
    rc   rootID   mass      avg_loss     score 
    57   597515   71254     2.1190       23876.7
    5    122082   59596     1.9034       7121.6
    56   558703   198655    1.8106       5310.8
    58   613131   21722     2.0113       4940.8
    59   617736   47326     1.8867       4866.9
    45   363844   127194    1.8174       4265.2
    37   194986   150820    1.8101       3949.2
    42   316789   43288     1.8651       3514.9
    4    118548   15676     2.0021       3420.8
    52   494229   28647     1.8985       3283.8
    top-10: 24.1% of mass, 93.2% of excess-loss
Epoch 20: loss=1.782735  (2.51 sec, 63 subtrees, 122 chunks, 3962507 nodes)
  residual top-10 (subtree_mass × max(avg_loss − 1.783, 0)):
    rc   rootID   mass      avg_loss     score 
    57   597515   71254     1.9598       12619.8
    5    122082   59596     1.9542       10220.0
    42   316789   43288     1.9451       7027.3
    45   363844   127194    1.8328       6363.7
    4    118548   15676     2.0773       4617.2
    37   194986   150820    1.8131       4579.0
    58   613131   21722     1.9661       3983.4
    38   226569   29851     1.8742       2731.3
    52   494229   28647     1.8722       2563.4
    44   334037   152143    1.7963       2066.2
    top-10: 22.1% of mass, 90.2% of excess-loss
Saved to /home/trans/Projects/agpt/rnd/streaming-agpt-v1/models/streaming_stage40.model
Done.
  Appended optimizer state to /home/trans/Projects/agpt/rnd/streaming-agpt-v1/models/streaming_stage40.model (adam_t=2500)
