Vocab source: /home/trans/Projects/agpt/data/input.txt → 65 unique chars
Test file: /home/trans/Projects/agpt/data/input.txt (1115394 bytes)
Auto-detected architecture from checkpoint: d_model=64, n_heads=4, n_layers=2, d_ff=256 (ckpt seq_len=128, eval seq_len=16)
Model loaded: /home/trans/Projects/agpt/rnd/streaming-agpt-v1/models/streaming_stage80.model (d_model=64, n_layers=2, vocab=65, seq_len=16)
Tokens: 1115394
  204/4096 (995.7/s, ETA 4s)
  408/4096 (1011.8/s, ETA 4s)
  612/4096 (1039.1/s, ETA 3s)
  816/4096 (1113.9/s, ETA 3s)
  1020/4096 (1109.7/s, ETA 3s)
  1224/4096 (1081.4/s, ETA 3s)
  1428/4096 (1091.6/s, ETA 2s)
  1632/4096 (1122.2/s, ETA 2s)
  1836/4096 (1130.7/s, ETA 2s)
  2040/4096 (1159.6/s, ETA 2s)
  2244/4096 (1173.5/s, ETA 2s)
  2448/4096 (1168.6/s, ETA 1s)
  2652/4096 (1154.0/s, ETA 1s)
  2856/4096 (1149.1/s, ETA 1s)
  3060/4096 (1157.9/s, ETA 1s)
  3264/4096 (1152.9/s, ETA 1s)
  3468/4096 (1158.4/s, ETA 1s)
  3672/4096 (1162.5/s, ETA 0s)
  3876/4096 (1176.2/s, ETA 0s)
  4080/4096 (1170.9/s, ETA 0s)

Positions scored:  4096
Mean per-token NLL: 1.637833 nats
Perplexity:         5.1440
Bits per character: 2.3629 bpc
Elapsed:            3.5s (1174.4 pos/sec)
