AGPT CUDA Training Engine
  Model: d=64 heads=4 layers=2 ff=256 vocab=65 seq=128 head_dim=16
  Loaded 108481 weight floats (423.8 KB)
  No optimizer state in checkpoint; starting cold
Loading radix trie from /tmp/shake_baseline_d16_radix...
  Radix trie: 1607928 nodes, 9313896 total edge chars, 17 endpoint depths
  Radix loaded: 2697118 counts entries, 12276596 ancestor char entries
  d_split: 1062377/1607928 nodes have a mass=1 ancestor (mean depth 9.21)
  lr-schedule: warmup-cosine (peak=0.003, warmup_epochs=1)
  optimizer: rmsprop (lr=0.003)
  curriculum: flat (d=max each epoch)
  max edge_len: 16, max ancestor chars: 15, max KV per node: 31, max endpoint depth: 16
  mass=1 compaction: 8275783 / 9313896 chars are mass=1 (88.9%); cache holds 1038113 positions
  loop points: 18684 (mass>1 leaves; 3.4% of 545550 mass>1 nodes)
  KV cache: 531.5 MB unified memory (bf16 compact)
  GPU memory: 3090.0 MB used, 82003.8 MB free, 85093.8 MB total
  65 root-child subtrees: sizes min=1 max=246583 avg=24737.3 (total=1607927 radix nodes)
Epoch 1: loss=3.204464  (2.15 sec, 65 subtrees, 225 chunks, 9313896 nodes)
  residual top-10 (subtree_mass × max(avg_loss − 3.204, 0)):
    rc   rootID   mass      avg_loss     score 
    1    50944    1479765   4.6716       2171020.1
    0    1        297533    5.0475       548361.6
    6    309644   167551    3.6832       80216.6
    10   349444   84126     3.7714       47692.2
    5    300532   44208     4.0380       36847.2
    8    341198   57485     3.6835       27538.0
    2    297527   13758     4.5313       18254.6
    7    338414   10559     3.9504       7876.0
    13   372685   55068     3.3235       6552.9
    11   364300   27722     3.4071       5616.3
    top-10: 26.0% of mass, 99.7% of excess-loss
Epoch 2: loss=2.516900  (2.02 sec, 65 subtrees, 225 chunks, 9313896 nodes)
  residual top-10 (subtree_mass × max(avg_loss − 2.517, 0)):
    rc   rootID   mass      avg_loss     score 
    1    50944    1479765   2.7138       291395.4
    10   349444   84126     3.6498       95306.6
    6    309644   167551    2.8873       62063.0
    5    300532   44208     3.5229       44474.3
    0    1        297533    2.6653       44153.2
    39   493671   419607    2.5677       21329.3
    8    341198   57485     2.8056       16594.5
    13   372685   55068     2.6543       7566.5
    11   364300   27722     2.7644       6861.3
    12   369639   16107     2.8514       5388.0
    top-10: 30.8% of mass, 97.8% of excess-loss
Epoch 3: loss=2.366034  (2.03 sec, 65 subtrees, 225 chunks, 9313896 nodes)
  residual top-10 (subtree_mass × max(avg_loss − 2.366, 0)):
    rc   rootID   mass      avg_loss     score 
    1    50944    1479765   2.4306       95584.8
    6    309644   167551    2.6188       42346.5
    5    300532   44208     3.1902       36434.2
    39   493671   419607    2.4290       26434.5
    10   349444   84126     2.6664       25270.9
    0    1        297533    2.4050       11579.6
    8    341198   57485     2.4668       5793.5
    12   369639   16107     2.6990       5363.2
    13   372685   55068     2.4616       5263.1
    11   364300   27722     2.4943       3555.8
    top-10: 30.8% of mass, 96.3% of excess-loss
Epoch 4: loss=2.300740  (2.02 sec, 65 subtrees, 225 chunks, 9313896 nodes)
  residual top-10 (subtree_mass × max(avg_loss − 2.301, 0)):
    rc   rootID   mass      avg_loss     score 
    6    309644   167551    2.5982       49846.6
    1    50944    1479765   2.3247       35401.2
    10   349444   84126     2.7052       34024.8
    5    300532   44208     3.0182       31715.6
    39   493671   419607    2.3575       23803.2
    8    341198   57485     2.4400       8003.4
    46   840714   415269    2.3133       5197.6
    13   372685   55068     2.3944       5156.0
    12   369639   16107     2.5394       3843.7
    44   798168   118584    2.3322       3734.6
    top-10: 33.2% of mass, 93.5% of excess-loss
Epoch 5: loss=2.236492  (2.02 sec, 65 subtrees, 225 chunks, 9313896 nodes)
  residual top-10 (subtree_mass × max(avg_loss − 2.236, 0)):
    rc   rootID   mass      avg_loss     score 
    1    50944    1479765   2.2761       58647.5
    6    309644   167551    2.4403       34154.9
    5    300532   44208     2.9114       29837.4
    39   493671   419607    2.2726       15145.0
    10   349444   84126     2.3146       6573.1
    8    341198   57485     2.3161       4578.9
    47   915694   343840    2.2488       4244.2
    0    1        297533    2.2476       3292.0
    56   1258453  358000    2.2442       2769.2
    12   369639   16107     2.3737       2210.7
    top-10: 38.0% of mass, 96.9% of excess-loss
Epoch 6: loss=2.183716  (2.02 sec, 65 subtrees, 225 chunks, 9313896 nodes)
  residual top-10 (subtree_mass × max(avg_loss − 2.184, 0)):
    rc   rootID   mass      avg_loss     score 
    6    309644   167551    2.4806       49741.8
    5    300532   44208     3.0012       36137.8
    39   493671   419607    2.2690       35786.2
    1    50944    1479765   2.2046       30946.3
    8    341198   57485     2.3017       6785.0
    10   349444   84126     2.2630       6668.5
    40   574911   82726     2.2272       3595.7
    7    338414   10559     2.4492       2803.2
    44   798168   118584    2.1989       1802.7
    12   369639   16107     2.2836       1608.8
    top-10: 28.9% of mass, 97.7% of excess-loss
Epoch 7: loss=2.147146  (2.02 sec, 65 subtrees, 225 chunks, 9313896 nodes)
  residual top-10 (subtree_mass × max(avg_loss − 2.147, 0)):
    rc   rootID   mass      avg_loss     score 
    1    50944    1479765   2.2046       85013.4
    6    309644   167551    2.3757       38302.4
    5    300532   44208     2.8050       29083.0
    39   493671   419607    2.2098       26292.9
    10   349444   84126     2.2555       9117.8
    0    1        297533    2.1652       5361.3
    8    341198   57485     2.2332       4944.0
    7    338414   10559     2.3513       2155.1
    30   457660   31233     2.2137       2078.4
    12   369639   16107     2.2599       1816.0
    top-10: 30.3% of mass, 98.8% of excess-loss
Epoch 8: loss=2.108545  (2.02 sec, 65 subtrees, 225 chunks, 9313896 nodes)
  residual top-10 (subtree_mass × max(avg_loss − 2.109, 0)):
    rc   rootID   mass      avg_loss     score 
    6    309644   167551    2.3566       41568.0
    1    50944    1479765   2.1320       34687.9
    39   493671   419607    2.1794       29715.5
    5    300532   44208     2.7373       27798.1
    10   349444   84126     2.3157       17425.1
    0    1        297533    2.1312       6735.2
    13   372685   55068     2.1919       4590.2
    8    341198   57485     2.1880       4569.5
    12   369639   16107     2.3629       4097.0
    11   364300   27722     2.2016       2580.6
    top-10: 30.8% of mass, 96.2% of excess-loss
Epoch 9: loss=2.109675  (2.02 sec, 65 subtrees, 225 chunks, 9313896 nodes)
  residual top-10 (subtree_mass × max(avg_loss − 2.110, 0)):
    rc   rootID   mass      avg_loss     score 
    10   349444   84126     2.9598       71517.8
    6    309644   167551    2.3751       44469.8
    5    300532   44208     2.7725       29301.3
    39   493671   419607    2.1628       22288.8
    11   364300   27722     2.4134       8421.2
    8    341198   57485     2.2061       5545.1
    13   372685   55068     2.2037       5180.1
    12   369639   16107     2.3375       3669.4
    0    1        297533    2.1188       2713.4
    7    338414   10559     2.3169       2188.2
    top-10: 13.7% of mass, 98.8% of excess-loss
Epoch 10: loss=2.057629  (2.02 sec, 65 subtrees, 225 chunks, 9313896 nodes)
  residual top-10 (subtree_mass × max(avg_loss − 2.058, 0)):
    rc   rootID   mass      avg_loss     score 
    6    309644   167551    2.3342       46345.9
    5    300532   44208     2.6687       27013.5
    39   493671   419607    2.1174       25072.6
    10   349444   84126     2.2362       15021.4
    13   372685   55068     2.1806       6771.5
    12   369639   16107     2.4255       5926.1
    8    341198   57485     2.1491       5258.3
    1    50944    1479765   2.0602       3846.0
    7    338414   10559     2.2993       2551.3
    46   840714   415269    2.0631       2270.3
    top-10: 32.0% of mass, 96.1% of excess-loss
Epoch 11: loss=2.030525  (2.02 sec, 65 subtrees, 225 chunks, 9313896 nodes)
  residual top-10 (subtree_mass × max(avg_loss − 2.031, 0)):
    rc   rootID   mass      avg_loss     score 
    6    309644   167551    2.2563       37829.2
    39   493671   419607    2.1089       32903.8
    1    50944    1479765   2.0505       29613.3
    5    300532   44208     2.6405       26964.8
    10   349444   84126     2.3276       24989.7
    8    341198   57485     2.1550       7156.1
    40   574911   82726     2.0680       3099.3
    11   364300   27722     2.1351       2899.9
    7    338414   10559     2.2612       2435.8
    12   369639   16107     2.1321       1636.5
    top-10: 27.8% of mass, 97.8% of excess-loss
Epoch 12: loss=1.995252  (2.02 sec, 65 subtrees, 225 chunks, 9313896 nodes)
  residual top-10 (subtree_mass × max(avg_loss − 1.995, 0)):
    rc   rootID   mass      avg_loss     score 
    39   493671   419607    2.0730       32642.6
    6    309644   167551    2.1787       30745.0
    5    300532   44208     2.6130       27307.2
    1    50944    1479765   2.0089       20228.0
    10   349444   84126     2.2331       20012.9
    11   364300   27722     2.3159       8888.1
    46   840714   415269    2.0100       6145.1
    12   369639   16107     2.3372       5507.7
    13   372685   55068     2.0459       2786.5
    40   574911   82726     2.0280       2711.2
    top-10: 32.5% of mass, 95.8% of excess-loss
Epoch 13: loss=1.977562  (2.02 sec, 65 subtrees, 225 chunks, 9313896 nodes)
  residual top-10 (subtree_mass × max(avg_loss − 1.978, 0)):
    rc   rootID   mass      avg_loss     score 
    6    309644   167551    2.1656       31500.7
    39   493671   419607    2.0522       31308.2
    5    300532   44208     2.4740       21945.8
    1    50944    1479765   1.9847       10552.9
    42   614321   234101    2.0145       8643.9
    43   660187   735168    1.9864       6472.5
    8    341198   57485     2.0251       2734.6
    40   574911   82726     2.0083       2546.5
    7    338414   10559     2.1311       1620.8
    30   457660   31233     2.0219       1385.1
    top-10: 37.9% of mass, 98.0% of excess-loss
Epoch 14: loss=1.943288  (2.02 sec, 65 subtrees, 225 chunks, 9313896 nodes)
  residual top-10 (subtree_mass × max(avg_loss − 1.943, 0)):
    rc   rootID   mass      avg_loss     score 
    1    50944    1479765   1.9919       71934.7
    39   493671   419607    2.0402       40652.9
    6    309644   167551    2.1016       26518.2
    5    300532   44208     2.4201       21079.5
    0    1        297533    1.9842       12172.6
    40   574911   82726     1.9861       3542.0
    30   457660   31233     2.0485       3285.0
    10   349444   84126     1.9641       1753.8
    31   464280   29454     1.9977       1604.0
    32   470512   50448     1.9666       1173.6
    top-10: 31.2% of mass, 98.7% of excess-loss
Epoch 15: loss=1.943978  (2.02 sec, 65 subtrees, 225 chunks, 9313896 nodes)
  residual top-10 (subtree_mass × max(avg_loss − 1.944, 0)):
    rc   rootID   mass      avg_loss     score 
    6    309644   167551    2.3072       60863.3
    10   349444   84126     2.4543       42927.3
    5    300532   44208     2.6252       30115.7
    39   493671   419607    2.0148       29697.9
    11   364300   27722     2.2381       8154.9
    42   614321   234101    1.9709       6309.2
    13   372685   55068     2.0475       5702.5
    12   369639   16107     2.2479       4896.0
    8    341198   57485     2.0103       3810.8
    46   840714   415269    1.9507       2809.2
    top-10: 17.7% of mass, 95.4% of excess-loss
Epoch 16: loss=1.915875  (2.02 sec, 65 subtrees, 225 chunks, 9313896 nodes)
  residual top-10 (subtree_mass × max(avg_loss − 1.916, 0)):
    rc   rootID   mass      avg_loss     score 
    6    309644   167551    2.1784       43990.2
    39   493671   419607    1.9962       33722.6
    5    300532   44208     2.4322       22826.6
    10   349444   84126     2.0377       10252.5
    1    50944    1479765   1.9218       8796.0
    44   798168   118584    1.9497       4005.7
    46   840714   415269    1.9253       3918.5
    12   369639   16107     2.1163       3227.5
    40   574911   82726     1.9531       3083.3
    13   372685   55068     1.9623       2553.9
    top-10: 33.5% of mass, 95.8% of excess-loss
Epoch 17: loss=1.885014  (2.02 sec, 65 subtrees, 225 chunks, 9313896 nodes)
  residual top-10 (subtree_mass × max(avg_loss − 1.885, 0)):
    rc   rootID   mass      avg_loss     score 
    1    50944    1479765   1.9147       43927.4
    6    309644   167551    2.1238       40015.8
    39   493671   419607    1.9662       34058.9
    5    300532   44208     2.3619       21081.9
    10   349444   84126     1.9883       8692.6
    40   574911   82726     1.9235       3187.6
    8    341198   57485     1.9211       2073.5
    7    338414   10559     2.0401       1637.7
    30   457660   31233     1.9307       1427.3
    11   364300   27722     1.9147       822.7 
    top-10: 28.0% of mass, 99.2% of excess-loss
Epoch 18: loss=1.873498  (2.02 sec, 65 subtrees, 225 chunks, 9313896 nodes)
  residual top-10 (subtree_mass × max(avg_loss − 1.873, 0)):
    rc   rootID   mass      avg_loss     score 
    6    309644   167551    2.2661       65788.8
    39   493671   419607    1.9652       38476.9
    5    300532   44208     2.5111       28187.5
    1    50944    1479765   1.8882       21694.0
    40   574911   82726     1.9182       3695.2
    58   1402652  543420    1.8794       3202.4
    7    338414   10559     2.0511       1875.6
    30   457660   31233     1.9326       1847.3
    8    341198   57485     1.9023       1653.1
    46   840714   415269    1.8760       1023.2
    top-10: 37.8% of mass, 99.8% of excess-loss
Epoch 19: loss=1.859983  (2.02 sec, 65 subtrees, 225 chunks, 9313896 nodes)
  residual top-10 (subtree_mass × max(avg_loss − 1.860, 0)):
    rc   rootID   mass      avg_loss     score 
    6    309644   167551    2.1335       45822.4
    39   493671   419607    1.9634       43391.7
    5    300532   44208     2.4706       26995.4
    1    50944    1479765   1.8661       9037.7
    10   349444   84126     1.9370       6480.8
    40   574911   82726     1.9168       4703.3
    63   1577668  160299    1.8847       3957.5
    8    341198   57485     1.9149       3155.9
    7    338414   10559     2.0246       1738.1
    11   364300   27722     1.9178       1601.5
    top-10: 29.5% of mass, 98.4% of excess-loss
Epoch 20: loss=1.842658  (2.02 sec, 65 subtrees, 225 chunks, 9313896 nodes)
  residual top-10 (subtree_mass × max(avg_loss − 1.843, 0)):
    rc   rootID   mass      avg_loss     score 
    1    50944    1479765   1.8835       60452.3
    39   493671   419607    1.9307       36936.0
    6    309644   167551    2.0505       34817.0
    5    300532   44208     2.3257       21355.5
    0    1        297533    1.8797       11013.0
    40   574911   82726     1.8920       4079.9
    30   457660   31233     1.8975       1712.7
    7    338414   10559     1.9939       1597.3
    8    341198   57485     1.8677       1441.6
    32   470512   50448     1.8682       1286.2
    top-10: 30.7% of mass, 99.3% of excess-loss
Epoch 21: loss=1.830730  (2.02 sec, 65 subtrees, 225 chunks, 9313896 nodes)
  residual top-10 (subtree_mass × max(avg_loss − 1.831, 0)):
    rc   rootID   mass      avg_loss     score 
    1    50944    1479765   1.8629       47615.7
    6    309644   167551    2.0575       37989.5
    39   493671   419607    1.9126       34352.8
    5    300532   44208     2.3966       25014.1
    0    1        297533    1.8441       3964.5
    40   574911   82726     1.8723       3438.6
    30   457660   31233     1.9318       3156.7
    10   349444   84126     1.8565       2164.6
    7    338414   10559     1.9801       1577.2
    46   840714   415269    1.8338       1293.1
    top-10: 35.3% of mass, 98.0% of excess-loss
Epoch 22: loss=1.832196  (2.02 sec, 65 subtrees, 225 chunks, 9313896 nodes)
  residual top-10 (subtree_mass × max(avg_loss − 1.832, 0)):
    rc   rootID   mass      avg_loss     score 
    6    309644   167551    2.2350       67482.4
    39   493671   419607    1.9301       41086.6
    5    300532   44208     2.4969       29384.5
    10   349444   84126     1.9235       7681.3
    46   840714   415269    1.8449       5262.7
    8    341198   57485     1.9231       5227.9
    40   574911   82726     1.8759       3616.4
    7    338414   10559     2.0879       2700.3
    11   364300   27722     1.9207       2453.4
    30   457660   31233     1.8961       1996.7
    top-10: 15.6% of mass, 97.9% of excess-loss
Epoch 23: loss=1.807445  (2.02 sec, 65 subtrees, 225 chunks, 9313896 nodes)
  residual top-10 (subtree_mass × max(avg_loss − 1.807, 0)):
    rc   rootID   mass      avg_loss     score 
    1    50944    1479765   1.8477       59545.7
    39   493671   419607    1.9019       39652.1
    6    309644   167551    2.0440       39643.0
    5    300532   44208     2.3442       23729.9
    0    1        297533    1.8406       9862.2
    40   574911   82726     1.8459       3182.4
    10   349444   84126     1.8387       2628.5
    8    341198   57485     1.8474       2297.4
    7    338414   10559     1.9824       1847.6
    11   364300   27722     1.8505       1194.9
    top-10: 31.1% of mass, 99.4% of excess-loss
Epoch 24: loss=1.797871  (2.02 sec, 65 subtrees, 225 chunks, 9313896 nodes)
  residual top-10 (subtree_mass × max(avg_loss − 1.798, 0)):
    rc   rootID   mass      avg_loss     score 
    1    50944    1479765   1.8425       66111.5
    39   493671   419607    1.9019       43654.6
    6    309644   167551    2.0470       41744.3
    5    300532   44208     2.2319       19185.8
    10   349444   84126     1.9123       9623.2
    0    1        297533    1.8101       3650.4
    40   574911   82726     1.8407       3539.1
    8    341198   57485     1.8271       1680.9
    7    338414   10559     1.9514       1621.5
    11   364300   27722     1.8552       1590.2
    top-10: 31.1% of mass, 99.4% of excess-loss
Epoch 25: loss=1.780503  (2.02 sec, 65 subtrees, 225 chunks, 9313896 nodes)
  residual top-10 (subtree_mass × max(avg_loss − 1.781, 0)):
    rc   rootID   mass      avg_loss     score 
    39   493671   419607    1.8811       42223.7
    1    50944    1479765   1.8070       39200.2
    6    309644   167551    1.9796       33356.4
    5    300532   44208     2.2068       18844.0
    0    1        297533    1.7925       3573.3
    40   574911   82726     1.8228       3498.1
    30   457660   31233     1.8495       2156.5
    58   1402652  543420    1.7834       1561.2
    7    338414   10559     1.8905       1161.7
    46   840714   415269    1.7832       1125.5
    top-10: 40.6% of mass, 98.9% of excess-loss
Epoch 26: loss=1.764011  (2.02 sec, 65 subtrees, 225 chunks, 9313896 nodes)
  residual top-10 (subtree_mass × max(avg_loss − 1.764, 0)):
    rc   rootID   mass      avg_loss     score 
    39   493671   419607    1.8950       54983.0
    6    309644   167551    1.9314       28050.1
    1    50944    1479765   1.7810       25094.1
    5    300532   44208     2.1040       15031.8
    40   574911   82726     1.8384       6154.8
    10   349444   84126     1.8237       5024.1
    46   840714   415269    1.7684       1818.1
    7    338414   10559     1.8935       1366.9
    11   364300   27722     1.8034       1090.9
    30   457660   31233     1.7970       1030.9
    top-10: 32.1% of mass, 98.9% of excess-loss
Epoch 27: loss=1.760305  (2.02 sec, 65 subtrees, 225 chunks, 9313896 nodes)
  residual top-10 (subtree_mass × max(avg_loss − 1.760, 0)):
    rc   rootID   mass      avg_loss     score 
    39   493671   419607    1.8789       49770.9
    6    309644   167551    2.0300       45186.6
    5    300532   44208     2.3394       25599.2
    1    50944    1479765   1.7645       6219.7
    40   574911   82726     1.8217       5079.3
    63   1577668  160299    1.7759       2499.3
    46   840714   415269    1.7659       2320.3
    42   614321   234101    1.7685       1914.9
    7    338414   10559     1.9352       1847.2
    8    341198   57485     1.7895       1676.2
    top-10: 35.7% of mass, 96.9% of excess-loss
Epoch 28: loss=1.752907  (2.02 sec, 65 subtrees, 225 chunks, 9313896 nodes)
  residual top-10 (subtree_mass × max(avg_loss − 1.753, 0)):
    rc   rootID   mass      avg_loss     score 
    39   493671   419607    1.8516       41421.1
    6    309644   167551    1.9597       34643.4
    1    50944    1479765   1.7722       28597.2
    5    300532   44208     2.2393       21500.6
    63   1577668  160299    1.7873       5514.3
    10   349444   84126     1.8024       4160.1
    40   574911   82726     1.7959       3552.6
    46   840714   415269    1.7613       3505.8
    11   364300   27722     1.8257       2017.7
    7    338414   10559     1.9038       1593.7
    top-10: 33.6% of mass, 98.3% of excess-loss
Epoch 29: loss=1.753468  (2.02 sec, 65 subtrees, 225 chunks, 9313896 nodes)
  residual top-10 (subtree_mass × max(avg_loss − 1.753, 0)):
    rc   rootID   mass      avg_loss     score 
    1    50944    1479765   1.7847       46286.1
    39   493671   419607    1.8498       40421.1
    6    309644   167551    1.9744       37017.9
    5    300532   44208     2.3076       24496.3
    10   349444   84126     1.8863       11171.8
    0    1        297533    1.7837       8993.5
    40   574911   82726     1.7979       3676.3
    7    338414   10559     1.8811       1348.1
    11   364300   27722     1.7986       1251.0
    12   369639   16107     1.8267       1179.7
    top-10: 30.6% of mass, 99.9% of excess-loss
Epoch 30: loss=1.734020  (2.02 sec, 65 subtrees, 225 chunks, 9313896 nodes)
  residual top-10 (subtree_mass × max(avg_loss − 1.734, 0)):
    rc   rootID   mass      avg_loss     score 
    39   493671   419607    1.8266       38866.1
    6    309644   167551    1.9268       32292.2
    1    50944    1479765   1.7558       32263.2
    5    300532   44208     2.2611       23300.8
    40   574911   82726     1.7807       3865.6
    10   349444   84126     1.7669       2764.8
    50   993056   244544    1.7433       2267.6
    46   840714   415269    1.7390       2055.1
    7    338414   10559     1.8513       1238.5
    11   364300   27722     1.7736       1098.1
    top-10: 34.6% of mass, 99.3% of excess-loss
Epoch 31: loss=1.721251  (2.02 sec, 65 subtrees, 225 chunks, 9313896 nodes)
  residual top-10 (subtree_mass × max(avg_loss − 1.721, 0)):
    rc   rootID   mass      avg_loss     score 
    39   493671   419607    1.8268       44280.0
    1    50944    1479765   1.7407       28767.0
    6    309644   167551    1.8305       18301.2
    5    300532   44208     2.0362       13924.4
    46   840714   415269    1.7544       13761.2
    40   574911   82726     1.7810       4945.5
    42   614321   234101    1.7320       2518.1
    44   798168   118584    1.7371       1882.9
    47   915694   343840    1.7260       1616.5
    41   591555   114034    1.7331       1356.7
    top-10: 39.8% of mass, 99.1% of excess-loss
Epoch 32: loss=1.710520  (2.02 sec, 65 subtrees, 225 chunks, 9313896 nodes)
  residual top-10 (subtree_mass × max(avg_loss − 1.711, 0)):
    rc   rootID   mass      avg_loss     score 
    39   493671   419607    1.8469       57226.2
    1    50944    1479765   1.7333       33740.5
    6    309644   167551    1.8025       15414.8
    5    300532   44208     1.9903       12367.0
    40   574911   82726     1.7851       6171.5
    30   457660   31233     1.8452       4207.2
    46   840714   415269    1.7180       3097.7
    41   591555   114034    1.7200       1083.1
    31   464280   29454     1.7378       803.6 
    7    338414   10559     1.7662       588.3 
    top-10: 32.5% of mass, 98.8% of excess-loss
Epoch 33: loss=1.701558  (2.02 sec, 65 subtrees, 225 chunks, 9313896 nodes)
  residual top-10 (subtree_mass × max(avg_loss − 1.702, 0)):
    rc   rootID   mass      avg_loss     score 
    39   493671   419607    1.8126       46596.6
    1    50944    1479765   1.7315       44292.9
    6    309644   167551    1.8164       19247.3
    46   840714   415269    1.7331       13098.0
    5    300532   44208     1.9534       11131.8
    40   574911   82726     1.7545       4383.0
    42   614321   234101    1.7180       3843.1
    41   591555   114034    1.7188       1966.2
    44   798168   118584    1.7180       1948.9
    63   1577668  160299    1.7133       1881.9
    top-10: 37.6% of mass, 99.6% of excess-loss
Epoch 34: loss=1.692941  (2.02 sec, 65 subtrees, 225 chunks, 9313896 nodes)
  residual top-10 (subtree_mass × max(avg_loss − 1.693, 0)):
    rc   rootID   mass      avg_loss     score 
    39   493671   419607    1.8108       49470.0
    1    50944    1479765   1.7167       35169.6
    6    309644   167551    1.7853       15475.3
    46   840714   415269    1.7182       10488.6
    5    300532   44208     1.9110       9639.5
    40   574911   82726     1.7575       5342.6
    42   614321   234101    1.7051       2842.2
    32   470512   50448     1.7375       2246.3
    0    1        297533    1.6995       1960.6
    44   798168   118584    1.7066       1623.5
    top-10: 38.5% of mass, 97.2% of excess-loss
Epoch 35: loss=1.693575  (2.02 sec, 65 subtrees, 225 chunks, 9313896 nodes)
  residual top-10 (subtree_mass × max(avg_loss − 1.694, 0)):
    rc   rootID   mass      avg_loss     score 
    39   493671   419607    1.8289       56791.7
    1    50944    1479765   1.7067       19407.0
    43   660187   735168    1.7132       14400.5
    6    309644   167551    1.7775       14065.0
    42   614321   234101    1.7451       12056.3
    5    300532   44208     1.9286       10392.0
    46   840714   415269    1.7160       9313.9
    40   574911   82726     1.7751       6747.9
    41   591555   114034    1.7310       4264.6
    44   798168   118584    1.7178       2868.3
    top-10: 44.3% of mass, 97.6% of excess-loss
Epoch 36: loss=1.684023  (2.02 sec, 65 subtrees, 225 chunks, 9313896 nodes)
  residual top-10 (subtree_mass × max(avg_loss − 1.684, 0)):
    rc   rootID   mass      avg_loss     score 
    1    50944    1479765   1.7223       56609.8
    39   493671   419607    1.7903       44585.1
    6    309644   167551    1.8205       22874.4
    5    300532   44208     1.9417       11390.4
    40   574911   82726     1.7342       4154.9
    46   840714   415269    1.6881       1674.5
    0    1        297533    1.6892       1534.4
    7    338414   10559     1.7738       948.5 
    63   1577668  160299    1.6894       861.4 
    32   470512   50448     1.6938       495.4 
    top-10: 36.4% of mass, 100.0% of excess-loss
Epoch 37: loss=1.673001  (2.02 sec, 65 subtrees, 225 chunks, 9313896 nodes)
  residual top-10 (subtree_mass × max(avg_loss − 1.673, 0)):
    rc   rootID   mass      avg_loss     score 
    39   493671   419607    1.7784       44232.1
    1    50944    1479765   1.6929       29480.0
    6    309644   167551    1.7947       20383.1
    5    300532   44208     1.9315       11429.3
    46   840714   415269    1.6974       10134.5
    40   574911   82726     1.7446       5925.7
    41   591555   114034    1.6803       835.4 
    44   798168   118584    1.6799       823.9 
    42   614321   234101    1.6765       811.9 
    7    338414   10559     1.7347       651.9 
    top-10: 35.9% of mass, 99.2% of excess-loss
Epoch 38: loss=1.666920  (2.02 sec, 65 subtrees, 225 chunks, 9313896 nodes)
  residual top-10 (subtree_mass × max(avg_loss − 1.667, 0)):
    rc   rootID   mass      avg_loss     score 
    39   493671   419607    1.7856       49806.6
    1    50944    1479765   1.6955       42287.5
    6    309644   167551    1.7898       20596.8
    5    300532   44208     1.9423       12173.2
    40   574911   82726     1.7313       5322.5
    46   840714   415269    1.6729       2480.5
    41   591555   114034    1.6766       1102.7
    42   614321   234101    1.6704       824.6 
    7    338414   10559     1.7426       798.7 
    30   457660   31233     1.6873       636.2 
    top-10: 34.9% of mass, 99.9% of excess-loss
Epoch 39: loss=1.660638  (2.02 sec, 65 subtrees, 225 chunks, 9313896 nodes)
  residual top-10 (subtree_mass × max(avg_loss − 1.661, 0)):
    rc   rootID   mass      avg_loss     score 
    39   493671   419607    1.7892       53953.5
    1    50944    1479765   1.6853       36548.9
    6    309644   167551    1.7552       15845.3
    5    300532   44208     1.8875       10030.6
    46   840714   415269    1.6810       8473.6
    40   574911   82726     1.7503       7417.9
    42   614321   234101    1.6856       5832.3
    41   591555   114034    1.6992       4400.4
    43   660187   735168    1.6638       2318.8
    44   798168   118584    1.6780       2056.9
    top-10: 44.3% of mass, 99.6% of excess-loss
Epoch 40: loss=1.654456  (2.02 sec, 65 subtrees, 225 chunks, 9313896 nodes)
  residual top-10 (subtree_mass × max(avg_loss − 1.654, 0)):
    rc   rootID   mass      avg_loss     score 
    39   493671   419607    1.7824       53667.4
    1    50944    1479765   1.6895       51791.5
    6    309644   167551    1.7317       12941.8
    5    300532   44208     1.8245       7516.5
    40   574911   82726     1.7281       6093.6
    46   840714   415269    1.6668       5124.0
    41   591555   114034    1.6688       1631.8
    42   614321   234101    1.6607       1468.4
    63   1577668  160299    1.6632       1408.6
    44   798168   118584    1.6585       475.5 
    top-10: 37.6% of mass, 99.7% of excess-loss
Epoch 41: loss=1.649929  (2.02 sec, 65 subtrees, 225 chunks, 9313896 nodes)
  residual top-10 (subtree_mass × max(avg_loss − 1.650, 0)):
    rc   rootID   mass      avg_loss     score 
    1    50944    1479765   1.6924       62861.2
    39   493671   419607    1.7615       46810.0
    6    309644   167551    1.7264       12811.2
    5    300532   44208     1.8362       8236.7
    46   840714   415269    1.6671       7118.6
    40   574911   82726     1.7135       5261.8
    0    1        297533    1.6614       3399.7
    42   614321   234101    1.6617       2754.1
    41   591555   114034    1.6662       1851.1
    44   798168   118584    1.6627       1508.8
    top-10: 39.2% of mass, 99.8% of excess-loss
Epoch 42: loss=1.643493  (2.02 sec, 65 subtrees, 225 chunks, 9313896 nodes)
  residual top-10 (subtree_mass × max(avg_loss − 1.643, 0)):
    rc   rootID   mass      avg_loss     score 
    39   493671   419607    1.8186       73483.9
    1    50944    1479765   1.6661       33500.5
    6    309644   167551    1.7057       10422.2
    40   574911   82726     1.7293       7098.7
    5    300532   44208     1.7859       6294.1
    46   840714   415269    1.6548       4699.2
    63   1577668  160299    1.6616       2901.4
    42   614321   234101    1.6553       2762.1
    41   591555   114034    1.6667       2643.5
    44   798168   118584    1.6509       883.1 
    top-10: 37.6% of mass, 99.8% of excess-loss
Epoch 43: loss=1.634254  (2.02 sec, 65 subtrees, 225 chunks, 9313896 nodes)
  residual top-10 (subtree_mass × max(avg_loss − 1.634, 0)):
    rc   rootID   mass      avg_loss     score 
    39   493671   419607    1.7572       51591.5
    1    50944    1479765   1.6624       41719.8
    6    309644   167551    1.7129       13175.5
    5    300532   44208     1.8060       7591.1
    40   574911   82726     1.7038       5755.5
    46   840714   415269    1.6449       4419.5
    63   1577668  160299    1.6510       2685.3
    41   591555   114034    1.6536       2202.7
    42   614321   234101    1.6421       1833.1
    0    1        297533    1.6404       1829.5
    top-10: 39.7% of mass, 99.2% of excess-loss
Epoch 44: loss=1.630584  (2.02 sec, 65 subtrees, 225 chunks, 9313896 nodes)
  residual top-10 (subtree_mass × max(avg_loss − 1.631, 0)):
    rc   rootID   mass      avg_loss     score 
    1    50944    1479765   1.6723       61769.0
    39   493671   419607    1.7407       46198.0
    6    309644   167551    1.6861       9308.0
    46   840714   415269    1.6443       5716.4
    0    1        297533    1.6493       5566.4
    5    300532   44208     1.7564       5564.0
    40   574911   82726     1.6868       4651.7
    30   457660   31233     1.7331       3201.2
    31   464280   29454     1.6893       1730.0
    32   470512   50448     1.6577       1369.6
    top-10: 35.1% of mass, 97.5% of excess-loss
Epoch 45: loss=1.624660  (2.02 sec, 65 subtrees, 225 chunks, 9313896 nodes)
  residual top-10 (subtree_mass × max(avg_loss − 1.625, 0)):
    rc   rootID   mass      avg_loss     score 
    1    50944    1479765   1.6572       48083.5
    39   493671   419607    1.7337       45756.8
    6    309644   167551    1.6979       12279.3
    46   840714   415269    1.6429       7562.0
    5    300532   44208     1.7943       7501.2
    40   574911   82726     1.6815       4703.2
    42   614321   234101    1.6314       1576.5
    41   591555   114034    1.6365       1355.7
    44   798168   118584    1.6340       1109.0
    7    338414   10559     1.6670       447.1 
    top-10: 35.9% of mass, 100.0% of excess-loss
Epoch 46: loss=1.617658  (2.02 sec, 65 subtrees, 225 chunks, 9313896 nodes)
  residual top-10 (subtree_mass × max(avg_loss − 1.618, 0)):
    rc   rootID   mass      avg_loss     score 
    39   493671   419607    1.7310       47548.1
    1    50944    1479765   1.6393       32041.8
    6    309644   167551    1.6826       10886.7
    5    300532   44208     1.7534       6002.8
    46   840714   415269    1.6311       5567.2
    58   1402652  543420    1.6274       5320.9
    40   574911   82726     1.6809       5229.0
    56   1258453  358000    1.6305       4594.7
    57   1329804  377747    1.6276       3750.1
    63   1577668  160299    1.6299       1967.9
    top-10: 47.1% of mass, 96.3% of excess-loss
Epoch 47: loss=1.620323  (2.02 sec, 65 subtrees, 225 chunks, 9313896 nodes)
  residual top-10 (subtree_mass × max(avg_loss − 1.620, 0)):
    rc   rootID   mass      avg_loss     score 
    39   493671   419607    1.7638       60184.0
    1    50944    1479765   1.6492       42715.8
    6    309644   167551    1.6886       11439.0
    46   840714   415269    1.6382       7416.2
    5    300532   44208     1.7858       7314.9
    40   574911   82726     1.7085       7297.5
    42   614321   234101    1.6327       2899.1
    41   591555   114034    1.6422       2491.0
    44   798168   118584    1.6313       1306.3
    32   470512   50448     1.6428       1133.3
    top-10: 36.4% of mass, 99.4% of excess-loss
Epoch 48: loss=1.608022  (2.02 sec, 65 subtrees, 225 chunks, 9313896 nodes)
  residual top-10 (subtree_mass × max(avg_loss − 1.608, 0)):
    rc   rootID   mass      avg_loss     score 
    39   493671   419607    1.7199       46949.2
    1    50944    1479765   1.6362       41666.0
    6    309644   167551    1.6612       8917.3
    46   840714   415269    1.6294       8881.9
    40   574911   82726     1.6705       5167.9
    5    300532   44208     1.7157       4761.4
    42   614321   234101    1.6195       2696.8
    63   1577668  160299    1.6219       2228.4
    41   591555   114034    1.6270       2169.6
    44   798168   118584    1.6229       1769.2
    top-10: 37.6% of mass, 99.8% of excess-loss
Epoch 49: loss=1.607594  (2.02 sec, 65 subtrees, 225 chunks, 9313896 nodes)
  residual top-10 (subtree_mass × max(avg_loss − 1.608, 0)):
    rc   rootID   mass      avg_loss     score 
    39   493671   419607    1.7292       51025.8
    1    50944    1479765   1.6292       31967.7
    46   840714   415269    1.6383       12761.8
    6    309644   167551    1.6787       11919.3
    5    300532   44208     1.7505       6315.5
    40   574911   82726     1.6755       5621.6
    42   614321   234101    1.6248       4020.4
    41   591555   114034    1.6329       2891.3
    44   798168   118584    1.6275       2364.8
    63   1577668  160299    1.6171       1520.3
    top-10: 37.6% of mass, 98.9% of excess-loss
Epoch 50: loss=1.601752  (2.02 sec, 65 subtrees, 225 chunks, 9313896 nodes)
  residual top-10 (subtree_mass × max(avg_loss − 1.602, 0)):
    rc   rootID   mass      avg_loss     score 
    39   493671   419607    1.7287       53279.8
    1    50944    1479765   1.6278       38542.6
    6    309644   167551    1.6577       9370.0
    46   840714   415269    1.6221       8436.1
    40   574911   82726     1.6722       5830.6
    5    300532   44208     1.7186       5164.0
    42   614321   234101    1.6170       3573.0
    41   591555   114034    1.6249       2644.2
    63   1577668  160299    1.6170       2445.8
    44   798168   118584    1.6167       1774.4
    top-10: 37.6% of mass, 99.8% of excess-loss
Epoch 51: loss=1.599696  (2.02 sec, 65 subtrees, 225 chunks, 9313896 nodes)
  residual top-10 (subtree_mass × max(avg_loss − 1.600, 0)):
    rc   rootID   mass      avg_loss     score 
    1    50944    1479765   1.6365       54422.3
    39   493671   419607    1.6993       41789.8
    6    309644   167551    1.6625       10518.0
    46   840714   415269    1.6160       6758.4
    5    300532   44208     1.7315       5828.0
    40   574911   82726     1.6534       4445.4
    10   349444   84126     1.6419       3549.2
    41   591555   114034    1.6135       1568.9
    42   614321   234101    1.6059       1450.9
    44   798168   118584    1.6094       1147.9
    top-10: 36.8% of mass, 98.5% of excess-loss
Epoch 52: loss=1.594386  (2.02 sec, 65 subtrees, 225 chunks, 9313896 nodes)
  residual top-10 (subtree_mass × max(avg_loss − 1.594, 0)):
    rc   rootID   mass      avg_loss     score 
    39   493671   419607    1.7028       45477.2
    1    50944    1479765   1.6189       36279.8
    6    309644   167551    1.6499       9306.8
    46   840714   415269    1.6154       8724.1
    10   349444   84126     1.6612       5621.2
    40   574911   82726     1.6588       5330.6
    5    300532   44208     1.6975       4559.1
    42   614321   234101    1.6051       2507.4
    41   591555   114034    1.6105       1839.1
    44   798168   118584    1.6076       1572.0
    top-10: 36.8% of mass, 97.9% of excess-loss
Epoch 53: loss=1.590306  (2.02 sec, 65 subtrees, 225 chunks, 9313896 nodes)
  residual top-10 (subtree_mass × max(avg_loss − 1.590, 0)):
    rc   rootID   mass      avg_loss     score 
    1    50944    1479765   1.6220       46916.8
    39   493671   419607    1.6906       42070.3
    6    309644   167551    1.6469       9489.9
    46   840714   415269    1.6112       8667.7
    5    300532   44208     1.7039       5020.3
    40   574911   82726     1.6459       4602.0
    58   1402652  543420    1.5956       2899.5
    42   614321   234101    1.5990       2045.5
    41   591555   114034    1.6081       2034.0
    44   798168   118584    1.6019       1377.2
    top-10: 42.1% of mass, 97.9% of excess-loss
Epoch 54: loss=1.585245  (2.02 sec, 65 subtrees, 225 chunks, 9313896 nodes)
  residual top-10 (subtree_mass × max(avg_loss − 1.585, 0)):
    rc   rootID   mass      avg_loss     score 
    39   493671   419607    1.6917       44666.0
    1    50944    1479765   1.6148       43698.8
    6    309644   167551    1.6475       10433.1
    46   840714   415269    1.6097       10175.2
    5    300532   44208     1.7038       5240.7
    40   574911   82726     1.6465       5066.9
    42   614321   234101    1.5975       2858.8
    41   591555   114034    1.6060       2368.2
    44   798168   118584    1.5999       1743.0
    63   1577668  160299    1.5958       1699.5
    top-10: 37.6% of mass, 99.5% of excess-loss
Epoch 55: loss=1.584936  (2.02 sec, 65 subtrees, 225 chunks, 9313896 nodes)
  residual top-10 (subtree_mass × max(avg_loss − 1.585, 0)):
    rc   rootID   mass      avg_loss     score 
    1    50944    1479765   1.6171       47568.7
    39   493671   419607    1.6966       46870.4
    46   840714   415269    1.6102       10501.8
    6    309644   167551    1.6332       8094.3
    40   574911   82726     1.6545       5756.2
    5    300532   44208     1.6819       4285.3
    42   614321   234101    1.5994       3389.2
    41   591555   114034    1.6114       3012.1
    44   798168   118584    1.6013       1942.4
    63   1577668  160299    1.5889       637.1 
    top-10: 37.6% of mass, 99.6% of excess-loss
Epoch 56: loss=1.577346  (2.02 sec, 65 subtrees, 225 chunks, 9313896 nodes)
  residual top-10 (subtree_mass × max(avg_loss − 1.577, 0)):
    rc   rootID   mass      avg_loss     score 
    39   493671   419607    1.6785       42443.7
    1    50944    1479765   1.6051       41023.3
    6    309644   167551    1.6393       10372.6
    46   840714   415269    1.6000       9400.8
    5    300532   44208     1.6875       4869.9
    40   574911   82726     1.6356       4823.0
    63   1577668  160299    1.5960       2996.3
    42   614321   234101    1.5897       2884.5
    58   1402652  543420    1.5819       2454.5
    41   591555   114034    1.5970       2246.6
    top-10: 42.6% of mass, 97.4% of excess-loss
Epoch 57: loss=1.577461  (2.02 sec, 65 subtrees, 225 chunks, 9313896 nodes)
  residual top-10 (subtree_mass × max(avg_loss − 1.577, 0)):
    rc   rootID   mass      avg_loss     score 
    1    50944    1479765   1.6142       54426.3
    39   493671   419607    1.6743       40630.7
    46   840714   415269    1.5985       8728.3
    6    309644   167551    1.6254       8039.2
    40   574911   82726     1.6352       4775.3
    5    300532   44208     1.6756       4336.6
    42   614321   234101    1.5885       2585.7
    63   1577668  160299    1.5918       2292.3
    41   591555   114034    1.5975       2283.2
    58   1402652  543420    1.5807       1760.7
    top-10: 42.6% of mass, 97.9% of excess-loss
Epoch 58: loss=1.574255  (2.02 sec, 65 subtrees, 225 chunks, 9313896 nodes)
  residual top-10 (subtree_mass × max(avg_loss − 1.574, 0)):
    rc   rootID   mass      avg_loss     score 
    1    50944    1479765   1.6080       49891.9
    39   493671   419607    1.6712       40662.7
    6    309644   167551    1.6416       11289.1
    46   840714   415269    1.5953       8729.2
    5    300532   44208     1.6883       5041.8
    40   574911   82726     1.6297       4589.6
    42   614321   234101    1.5840       2277.0
    41   591555   114034    1.5942       2270.8
    58   1402652  543420    1.5784       2252.7
    57   1329804  377747    1.5783       1542.8
    top-10: 45.1% of mass, 98.1% of excess-loss
Epoch 59: loss=1.571287  (2.02 sec, 65 subtrees, 225 chunks, 9313896 nodes)
  residual top-10 (subtree_mass × max(avg_loss − 1.571, 0)):
    rc   rootID   mass      avg_loss     score 
    39   493671   419607    1.6684       40740.1
    1    50944    1479765   1.5985       40328.9
    6    309644   167551    1.6660       15868.5
    46   840714   415269    1.5933       9142.6
    5    300532   44208     1.7618       8421.9
    40   574911   82726     1.6305       4894.9
    42   614321   234101    1.5844       3058.1
    41   591555   114034    1.5927       2446.7
    63   1577668  160299    1.5840       2036.1
    44   798168   118584    1.5863       1781.8
    top-10: 37.6% of mass, 97.6% of excess-loss
Epoch 60: loss=1.567880  (2.02 sec, 65 subtrees, 225 chunks, 9313896 nodes)
  residual top-10 (subtree_mass × max(avg_loss − 1.568, 0)):
    rc   rootID   mass      avg_loss     score 
    1    50944    1479765   1.6006       48348.3
    39   493671   419607    1.6604       38816.3
    46   840714   415269    1.5916       9856.1
    6    309644   167551    1.6204       8793.6
    40   574911   82726     1.6249       4713.5
    5    300532   44208     1.6603       4083.8
    58   1402652  543420    1.5752       3967.9
    42   614321   234101    1.5808       3019.8
    63   1577668  160299    1.5820       2271.3
    41   591555   114034    1.5876       2245.0
    top-10: 42.6% of mass, 96.8% of excess-loss
Epoch 61: loss=1.564523  (2.02 sec, 65 subtrees, 225 chunks, 9313896 nodes)
  residual top-10 (subtree_mass × max(avg_loss − 1.565, 0)):
    rc   rootID   mass      avg_loss     score 
    1    50944    1479765   1.5971       48196.8
    39   493671   419607    1.6647       42054.3
    46   840714   415269    1.5879       9690.7
    6    309644   167551    1.6136       8223.8
    40   574911   82726     1.6242       4940.1
    5    300532   44208     1.6617       4294.3
    42   614321   234101    1.5777       3078.1
    58   1402652  543420    1.5700       2977.8
    41   591555   114034    1.5865       2507.1
    44   798168   118584    1.5798       1813.5
    top-10: 42.1% of mass, 97.7% of excess-loss
Epoch 62: loss=1.561759  (2.02 sec, 65 subtrees, 225 chunks, 9313896 nodes)
  residual top-10 (subtree_mass × max(avg_loss − 1.562, 0)):
    rc   rootID   mass      avg_loss     score 
    1    50944    1479765   1.5905       42551.2
    39   493671   419607    1.6581       40428.9
    46   840714   415269    1.5876       10726.6
    6    309644   167551    1.6125       8505.8
    40   574911   82726     1.6197       4793.0
    58   1402652  543420    1.5688       3808.2
    5    300532   44208     1.6413       3517.2
    42   614321   234101    1.5756       3229.4
    41   591555   114034    1.5836       2491.0
    57   1329804  377747    1.5679       2335.2
    top-10: 45.1% of mass, 96.3% of excess-loss
Epoch 63: loss=1.558402  (2.02 sec, 65 subtrees, 225 chunks, 9313896 nodes)
  residual top-10 (subtree_mass × max(avg_loss − 1.558, 0)):
    rc   rootID   mass      avg_loss     score 
    39   493671   419607    1.6595       42415.7
    1    50944    1479765   1.5848       39023.4
    46   840714   415269    1.5848       10946.8
    6    309644   167551    1.6023       7355.6
    40   574911   82726     1.6235       5386.7
    42   614321   234101    1.5740       3652.1
    58   1402652  543420    1.5651       3620.9
    5    300532   44208     1.6389       3560.1
    41   591555   114034    1.5836       2876.4
    57   1329804  377747    1.5645       2318.2
    top-10: 45.1% of mass, 95.4% of excess-loss
Epoch 64: loss=1.557096  (2.02 sec, 65 subtrees, 225 chunks, 9313896 nodes)
  residual top-10 (subtree_mass × max(avg_loss − 1.557, 0)):
    rc   rootID   mass      avg_loss     score 
    1    50944    1479765   1.5876       45199.4
    39   493671   419607    1.6491       38585.2
    46   840714   415269    1.5830       10768.9
    6    309644   167551    1.6012       7390.6
    40   574911   82726     1.6159       4864.0
    58   1402652  543420    1.5648       4175.9
    42   614321   234101    1.5715       3367.6
    5    300532   44208     1.6287       3167.2
    41   591555   114034    1.5793       2526.7
    57   1329804  377747    1.5637       2485.9
    top-10: 45.1% of mass, 96.1% of excess-loss
Epoch 65: loss=1.553684  (2.02 sec, 65 subtrees, 225 chunks, 9313896 nodes)
  residual top-10 (subtree_mass × max(avg_loss − 1.554, 0)):
    rc   rootID   mass      avg_loss     score 
    1    50944    1479765   1.5816       41355.9
    39   493671   419607    1.6495       40198.2
    46   840714   415269    1.5810       11362.8
    6    309644   167551    1.5962       7127.5
    40   574911   82726     1.6144       5021.5
    58   1402652  543420    1.5615       4272.2
    42   614321   234101    1.5690       3593.7
    5    300532   44208     1.6274       3260.6
    41   591555   114034    1.5775       2719.5
    57   1329804  377747    1.5607       2653.0
    top-10: 45.1% of mass, 95.2% of excess-loss
Epoch 66: loss=1.551418  (2.02 sec, 65 subtrees, 225 chunks, 9313896 nodes)
  residual top-10 (subtree_mass × max(avg_loss − 1.551, 0)):
    rc   rootID   mass      avg_loss     score 
    1    50944    1479765   1.5789       40630.0
    39   493671   419607    1.6424       38180.5
    46   840714   415269    1.5790       11442.0
    6    309644   167551    1.5925       6890.7
    58   1402652  543420    1.5610       5193.4
    40   574911   82726     1.6111       4939.7
    42   614321   234101    1.5674       3731.9
    57   1329804  377747    1.5597       3119.0
    5    300532   44208     1.6171       2903.1
    41   591555   114034    1.5755       2747.4
    top-10: 45.1% of mass, 94.5% of excess-loss
Epoch 67: loss=1.549930  (2.02 sec, 65 subtrees, 225 chunks, 9313896 nodes)
  residual top-10 (subtree_mass × max(avg_loss − 1.550, 0)):
    rc   rootID   mass      avg_loss     score 
    1    50944    1479765   1.5801       44655.7
    39   493671   419607    1.6411       38242.8
    46   840714   415269    1.5773       11370.0
    6    309644   167551    1.5896       6641.2
    40   574911   82726     1.6105       5012.7
    58   1402652  543420    1.5588       4804.9
    42   614321   234101    1.5659       3729.4
    5    300532   44208     1.6173       2979.0
    57   1329804  377747    1.5575       2852.0
    41   591555   114034    1.5738       2726.5
    top-10: 45.1% of mass, 94.9% of excess-loss
Epoch 68: loss=1.547874  (2.02 sec, 65 subtrees, 225 chunks, 9313896 nodes)
  residual top-10 (subtree_mass × max(avg_loss − 1.548, 0)):
    rc   rootID   mass      avg_loss     score 
    1    50944    1479765   1.5748       39896.2
    39   493671   419607    1.6429       39870.3
    46   840714   415269    1.5758       11614.5
    6    309644   167551    1.5897       6999.7
    58   1402652  543420    1.5579       5451.6
    40   574911   82726     1.6106       5191.2
    42   614321   234101    1.5644       3873.5
    57   1329804  377747    1.5566       3294.9
    5    300532   44208     1.6127       2866.4
    43   660187   735168    1.5518       2863.5
    top-10: 52.3% of mass, 94.3% of excess-loss
Epoch 69: loss=1.546503  (2.02 sec, 65 subtrees, 225 chunks, 9313896 nodes)
  residual top-10 (subtree_mass × max(avg_loss − 1.547, 0)):
    rc   rootID   mass      avg_loss     score 
    39   493671   419607    1.6407       39532.2
    1    50944    1479765   1.5730       39279.4
    46   840714   415269    1.5754       11991.2
    6    309644   167551    1.5839       6267.6
    58   1402652  543420    1.5566       5482.9
    40   574911   82726     1.6104       5285.3
    42   614321   234101    1.5642       4147.2
    43   660187   735168    1.5515       3643.6
    57   1329804  377747    1.5551       3235.4
    41   591555   114034    1.5722       2932.7
    top-10: 53.1% of mass, 94.3% of excess-loss
Epoch 70: loss=1.544624  (2.02 sec, 65 subtrees, 225 chunks, 9313896 nodes)
  residual top-10 (subtree_mass × max(avg_loss − 1.545, 0)):
    rc   rootID   mass      avg_loss     score 
    1    50944    1479765   1.5718       40148.4
    39   493671   419607    1.6342       37598.9
    46   840714   415269    1.5737       12092.9
    6    309644   167551    1.5812       6120.8
    58   1402652  543420    1.5556       5953.9
    40   574911   82726     1.6067       5132.8
    42   614321   234101    1.5623       4129.1
    57   1329804  377747    1.5541       3576.7
    43   660187   735168    1.5495       3561.5
    41   591555   114034    1.5707       2971.0
    top-10: 53.1% of mass, 94.3% of excess-loss
Epoch 71: loss=1.545743  (2.02 sec, 65 subtrees, 225 chunks, 9313896 nodes)
  residual top-10 (subtree_mass × max(avg_loss − 1.546, 0)):
    rc   rootID   mass      avg_loss     score 
    1    50944    1479765   1.5715       38177.2
    39   493671   419607    1.6232       32514.9
    6    309644   167551    1.6222       12804.6
    46   840714   415269    1.5745       11947.3
    5    300532   44208     1.6784       5865.3
    58   1402652  543420    1.5559       5533.7
    40   574911   82726     1.6037       4790.6
    42   614321   234101    1.5624       3909.1
    43   660187   735168    1.5503       3365.8
    57   1329804  377747    1.5540       3128.9
    top-10: 52.3% of mass, 94.3% of excess-loss
Epoch 72: loss=1.540772  (2.02 sec, 65 subtrees, 225 chunks, 9313896 nodes)
  residual top-10 (subtree_mass × max(avg_loss − 1.541, 0)):
    rc   rootID   mass      avg_loss     score 
    1    50944    1479765   1.5685       41049.9
    39   493671   419607    1.6186       32638.0
    46   840714   415269    1.5716       12781.4
    58   1402652  543420    1.5535       6934.6
    6    309644   167551    1.5798       6540.6
    40   574911   82726     1.5997       4875.3
    43   660187   735168    1.5470       4553.2
    42   614321   234101    1.5593       4342.7
    57   1329804  377747    1.5515       4062.5
    41   591555   114034    1.5659       2867.6
    top-10: 53.1% of mass, 93.3% of excess-loss
Epoch 73: loss=1.538818  (2.02 sec, 65 subtrees, 225 chunks, 9313896 nodes)
  residual top-10 (subtree_mass × max(avg_loss − 1.539, 0)):
    rc   rootID   mass      avg_loss     score 
    1    50944    1479765   1.5667       41202.4
    39   493671   419607    1.6149       31945.1
    46   840714   415269    1.5701       12994.0
    58   1402652  543420    1.5521       7228.6
    6    309644   167551    1.5740       5888.7
    40   574911   82726     1.5984       4930.7
    43   660187   735168    1.5454       4844.4
    42   614321   234101    1.5576       4396.2
    57   1329804  377747    1.5499       4196.7
    41   591555   114034    1.5639       2854.6
    top-10: 53.1% of mass, 93.3% of excess-loss
Epoch 74: loss=1.537384  (2.02 sec, 65 subtrees, 225 chunks, 9313896 nodes)
  residual top-10 (subtree_mass × max(avg_loss − 1.537, 0)):
    rc   rootID   mass      avg_loss     score 
    1    50944    1479765   1.5646       40250.4
    39   493671   419607    1.6129       31672.2
    46   840714   415269    1.5692       13220.4
    58   1402652  543420    1.5511       7453.4
    6    309644   167551    1.5739       6122.6
    43   660187   735168    1.5443       5116.8
    40   574911   82726     1.5966       4898.7
    42   614321   234101    1.5564       4440.3
    57   1329804  377747    1.5484       4178.2
    41   591555   114034    1.5629       2906.3
    top-10: 53.1% of mass, 93.0% of excess-loss
Epoch 75: loss=1.535750  (2.02 sec, 65 subtrees, 225 chunks, 9313896 nodes)
  residual top-10 (subtree_mass × max(avg_loss − 1.536, 0)):
    rc   rootID   mass      avg_loss     score 
    1    50944    1479765   1.5631       40408.4
    39   493671   419607    1.6092       30803.5
    46   840714   415269    1.5679       13340.9
    58   1402652  543420    1.5501       7802.9
    6    309644   167551    1.5717       6025.7
    43   660187   735168    1.5429       5269.2
    40   574911   82726     1.5946       4866.9
    42   614321   234101    1.5549       4490.5
    57   1329804  377747    1.5471       4300.9
    41   591555   114034    1.5612       2903.7
    top-10: 53.1% of mass, 92.8% of excess-loss
Epoch 76: loss=1.534585  (2.02 sec, 65 subtrees, 225 chunks, 9313896 nodes)
  residual top-10 (subtree_mass × max(avg_loss − 1.535, 0)):
    rc   rootID   mass      avg_loss     score 
    1    50944    1479765   1.5615       39770.0
    39   493671   419607    1.6071       30420.7
    46   840714   415269    1.5672       13532.4
    58   1402652  543420    1.5494       8030.2
    6    309644   167551    1.5691       5775.5
    43   660187   735168    1.5424       5752.1
    40   574911   82726     1.5943       4943.2
    42   614321   234101    1.5543       4615.9
    57   1329804  377747    1.5456       4166.3
    41   591555   114034    1.5607       2976.1
    top-10: 53.1% of mass, 92.7% of excess-loss
Epoch 77: loss=1.532944  (2.02 sec, 65 subtrees, 225 chunks, 9313896 nodes)
  residual top-10 (subtree_mass × max(avg_loss − 1.533, 0)):
    rc   rootID   mass      avg_loss     score 
    1    50944    1479765   1.5597       39651.2
    39   493671   419607    1.6026       29243.1
    46   840714   415269    1.5660       13737.3
    58   1402652  543420    1.5485       8465.6
    6    309644   167551    1.5681       5883.1
    43   660187   735168    1.5409       5828.1
    40   574911   82726     1.5918       4865.6
    42   614321   234101    1.5526       4592.4
    57   1329804  377747    1.5446       4403.6
    52   1074317  367799    1.5413       3085.3
    top-10: 56.1% of mass, 92.4% of excess-loss
Epoch 78: loss=1.531937  (2.02 sec, 65 subtrees, 225 chunks, 9313896 nodes)
  residual top-10 (subtree_mass × max(avg_loss − 1.532, 0)):
    rc   rootID   mass      avg_loss     score 
    1    50944    1479765   1.5583       39048.3
    39   493671   419607    1.6010       28978.1
    46   840714   415269    1.5655       13931.5
    58   1402652  543420    1.5480       8716.9
    43   660187   735168    1.5402       6090.0
    6    309644   167551    1.5657       5664.2
    40   574911   82726     1.5907       4863.3
    42   614321   234101    1.5518       4651.0
    57   1329804  377747    1.5438       4497.8
    52   1074317  367799    1.5407       3231.5
    top-10: 56.1% of mass, 92.2% of excess-loss
Epoch 79: loss=1.530836  (2.02 sec, 65 subtrees, 225 chunks, 9313896 nodes)
  residual top-10 (subtree_mass × max(avg_loss − 1.531, 0)):
    rc   rootID   mass      avg_loss     score 
    1    50944    1479765   1.5571       38797.5
    39   493671   419607    1.5963       27458.6
    46   840714   415269    1.5651       14235.1
    58   1402652  543420    1.5474       9021.2
    43   660187   735168    1.5397       6495.4
    6    309644   167551    1.5642       5589.4
    40   574911   82726     1.5896       4860.7
    42   614321   234101    1.5511       4736.5
    57   1329804  377747    1.5432       4689.5
    52   1074317  367799    1.5403       3463.8
    top-10: 56.1% of mass, 91.9% of excess-loss
Epoch 80: loss=1.529772  (2.02 sec, 65 subtrees, 225 chunks, 9313896 nodes)
  residual top-10 (subtree_mass × max(avg_loss − 1.530, 0)):
    rc   rootID   mass      avg_loss     score 
    1    50944    1479765   1.5559       38657.3
    39   493671   419607    1.5931       26555.7
    46   840714   415269    1.5644       14381.5
    58   1402652  543420    1.5470       9372.8
    43   660187   735168    1.5388       6619.8
    6    309644   167551    1.5627       5514.9
    57   1329804  377747    1.5426       4852.5
    40   574911   82726     1.5878       4798.1
    42   614321   234101    1.5500       4736.8
    52   1074317  367799    1.5397       3664.8
    top-10: 56.1% of mass, 91.6% of excess-loss
Epoch 81: loss=1.528800  (2.02 sec, 65 subtrees, 225 chunks, 9313896 nodes)
  residual top-10 (subtree_mass × max(avg_loss − 1.529, 0)):
    rc   rootID   mass      avg_loss     score 
    1    50944    1479765   1.5548       38531.0
    39   493671   419607    1.5897       25549.9
    46   840714   415269    1.5638       14554.6
    58   1402652  543420    1.5466       9649.7
    43   660187   735168    1.5383       6982.7
    6    309644   167551    1.5609       5385.3
    57   1329804  377747    1.5422       5058.0
    42   614321   234101    1.5494       4830.1
    40   574911   82726     1.5868       4797.1
    52   1074317  367799    1.5394       3881.0
    top-10: 56.1% of mass, 91.3% of excess-loss
Epoch 82: loss=1.527797  (2.02 sec, 65 subtrees, 225 chunks, 9313896 nodes)
  residual top-10 (subtree_mass × max(avg_loss − 1.528, 0)):
    rc   rootID   mass      avg_loss     score 
    1    50944    1479765   1.5539       38669.0
    39   493671   419607    1.5857       24304.3
    46   840714   415269    1.5633       14740.8
    58   1402652  543420    1.5462       10005.1
    43   660187   735168    1.5374       7060.3
    6    309644   167551    1.5593       5277.7
    57   1329804  377747    1.5417       5237.4
    42   614321   234101    1.5484       4824.7
    40   574911   82726     1.5854       4764.7
    52   1074317  367799    1.5389       4078.3
    top-10: 56.1% of mass, 91.0% of excess-loss
Epoch 83: loss=1.527087  (2.02 sec, 65 subtrees, 225 chunks, 9313896 nodes)
  residual top-10 (subtree_mass × max(avg_loss − 1.527, 0)):
    rc   rootID   mass      avg_loss     score 
    1    50944    1479765   1.5532       38586.3
    39   493671   419607    1.5828       23366.3
    46   840714   415269    1.5630       14923.6
    58   1402652  543420    1.5460       10266.4
    43   660187   735168    1.5370       7293.3
    57   1329804  377747    1.5414       5387.9
    6    309644   167551    1.5582       5221.0
    42   614321   234101    1.5480       4901.9
    40   574911   82726     1.5845       4745.9
    52   1074317  367799    1.5387       4258.6
    top-10: 56.1% of mass, 90.7% of excess-loss
Epoch 84: loss=1.526327  (2.02 sec, 65 subtrees, 225 chunks, 9313896 nodes)
  residual top-10 (subtree_mass × max(avg_loss − 1.526, 0)):
    rc   rootID   mass      avg_loss     score 
    1    50944    1479765   1.5524       38644.0
    39   493671   419607    1.5789       22049.1
    46   840714   415269    1.5627       15098.6
    58   1402652  543420    1.5458       10574.1
    43   660187   735168    1.5365       7465.5
    57   1329804  377747    1.5411       5581.4
    6    309644   167551    1.5577       5251.3
    42   614321   234101    1.5472       4897.5
    40   574911   82726     1.5833       4714.1
    52   1074317  367799    1.5384       4458.1
    top-10: 56.1% of mass, 90.4% of excess-loss
Epoch 85: loss=1.525758  (2.02 sec, 65 subtrees, 225 chunks, 9313896 nodes)
  residual top-10 (subtree_mass × max(avg_loss − 1.526, 0)):
    rc   rootID   mass      avg_loss     score 
    1    50944    1479765   1.5520       38888.2
    39   493671   419607    1.5759       21060.6
    46   840714   415269    1.5624       15216.1
    58   1402652  543420    1.5457       10826.8
    43   660187   735168    1.5361       7591.8
    57   1329804  377747    1.5409       5737.7
    6    309644   167551    1.5570       5235.3
    42   614321   234101    1.5468       4927.4
    40   574911   82726     1.5823       4678.1
    52   1074317  367799    1.5383       4625.3
    top-10: 56.1% of mass, 90.2% of excess-loss
Epoch 86: loss=1.525110  (2.02 sec, 65 subtrees, 225 chunks, 9313896 nodes)
  residual top-10 (subtree_mass × max(avg_loss − 1.525, 0)):
    rc   rootID   mass      avg_loss     score 
    1    50944    1479765   1.5514       38851.8
    39   493671   419607    1.5727       19986.4
    46   840714   415269    1.5621       15376.5
    58   1402652  543420    1.5456       11126.1
    43   660187   735168    1.5357       7800.6
    57   1329804  377747    1.5408       5932.7
    6    309644   167551    1.5557       5118.1
    42   614321   234101    1.5462       4941.8
    52   1074317  367799    1.5381       4781.2
    40   574911   82726     1.5811       4635.0
    top-10: 56.1% of mass, 89.9% of excess-loss
Epoch 87: loss=1.524573  (2.02 sec, 65 subtrees, 225 chunks, 9313896 nodes)
  residual top-10 (subtree_mass × max(avg_loss − 1.525, 0)):
    rc   rootID   mass      avg_loss     score 
    1    50944    1479765   1.5509       38970.1
    39   493671   419607    1.5694       18793.6
    46   840714   415269    1.5619       15496.6
    58   1402652  543420    1.5455       11376.4
    43   660187   735168    1.5354       7929.4
    57   1329804  377747    1.5407       6103.4
    6    309644   167551    1.5551       5118.5
    52   1074317  367799    1.5380       4946.7
    42   614321   234101    1.5456       4929.3
    40   574911   82726     1.5797       4560.1
    top-10: 56.1% of mass, 89.6% of excess-loss
Epoch 88: loss=1.524130  (2.02 sec, 65 subtrees, 225 chunks, 9313896 nodes)
  residual top-10 (subtree_mass × max(avg_loss − 1.524, 0)):
    rc   rootID   mass      avg_loss     score 
    1    50944    1479765   1.5506       39136.4
    39   493671   419607    1.5666       17819.0
    46   840714   415269    1.5617       15606.0
    58   1402652  543420    1.5456       11644.9
    43   660187   735168    1.5350       7981.5
    57   1329804  377747    1.5407       6245.6
    52   1074317  367799    1.5380       5097.9
    6    309644   167551    1.5543       5049.7
    42   614321   234101    1.5452       4927.3
    40   574911   82726     1.5787       4513.4
    top-10: 56.1% of mass, 89.4% of excess-loss
Epoch 89: loss=1.523698  (2.02 sec, 65 subtrees, 225 chunks, 9313896 nodes)
  residual top-10 (subtree_mass × max(avg_loss − 1.524, 0)):
    rc   rootID   mass      avg_loss     score 
    1    50944    1479765   1.5504       39447.1
    39   493671   419607    1.5633       16612.6
    46   840714   415269    1.5616       15730.6
    58   1402652  543420    1.5457       11934.2
    43   660187   735168    1.5346       8021.3
    57   1329804  377747    1.5407       6419.2
    52   1074317  367799    1.5380       5262.5
    6    309644   167551    1.5537       5031.7
    42   614321   234101    1.5445       4862.1
    40   574911   82726     1.5769       4399.5
    top-10: 56.1% of mass, 89.1% of excess-loss
Epoch 90: loss=1.523328  (2.02 sec, 65 subtrees, 225 chunks, 9313896 nodes)
  residual top-10 (subtree_mass × max(avg_loss − 1.523, 0)):
    rc   rootID   mass      avg_loss     score 
    1    50944    1479765   1.5501       39689.3
    46   840714   415269    1.5614       15805.7
    39   493671   419607    1.5606       15652.9
    58   1402652  543420    1.5458       12189.9
    43   660187   735168    1.5343       8043.1
    57   1329804  377747    1.5407       6574.2
    52   1074317  367799    1.5380       5402.9
    6    309644   167551    1.5532       5009.4
    42   614321   234101    1.5439       4808.3
    40   574911   82726     1.5755       4313.3
    top-10: 56.1% of mass, 88.9% of excess-loss
Epoch 91: loss=1.523031  (2.02 sec, 65 subtrees, 225 chunks, 9313896 nodes)
  residual top-10 (subtree_mass × max(avg_loss − 1.523, 0)):
    rc   rootID   mass      avg_loss     score 
    1    50944    1479765   1.5500       39939.3
    46   840714   415269    1.5613       15896.5
    39   493671   419607    1.5578       14604.3
    58   1402652  543420    1.5459       12434.9
    43   660187   735168    1.5339       7972.2
    57   1329804  377747    1.5409       6742.9
    52   1074317  367799    1.5382       5585.8
    6    309644   167551    1.5527       4974.7
    42   614321   234101    1.5432       4730.3
    40   574911   82726     1.5738       4202.3
    top-10: 56.1% of mass, 88.6% of excess-loss
Epoch 92: loss=1.522814  (2.02 sec, 65 subtrees, 225 chunks, 9313896 nodes)
  residual top-10 (subtree_mass × max(avg_loss − 1.523, 0)):
    rc   rootID   mass      avg_loss     score 
    1    50944    1479765   1.5501       40315.4
    46   840714   415269    1.5612       15950.8
    39   493671   419607    1.5555       13694.4
    58   1402652  543420    1.5462       12701.5
    43   660187   735168    1.5335       7846.6
    57   1329804  377747    1.5411       6902.6
    52   1074317  367799    1.5383       5701.6
    6    309644   167551    1.5523       4947.3
    42   614321   234101    1.5426       4628.0
    40   574911   82726     1.5723       4089.8
    top-10: 56.1% of mass, 88.4% of excess-loss
Epoch 93: loss=1.522573  (2.02 sec, 65 subtrees, 225 chunks, 9313896 nodes)
  residual top-10 (subtree_mass × max(avg_loss − 1.523, 0)):
    rc   rootID   mass      avg_loss     score 
    1    50944    1479765   1.5502       40855.9
    46   840714   415269    1.5611       16018.1
    58   1402652  543420    1.5464       12974.5
    39   493671   419607    1.5530       12757.3
    43   660187   735168    1.5330       7658.7
    57   1329804  377747    1.5413       7062.5
    52   1074317  367799    1.5384       5824.9
    6    309644   167551    1.5521       4952.7
    42   614321   234101    1.5418       4496.9
    40   574911   82726     1.5706       3971.6
    top-10: 56.1% of mass, 88.3% of excess-loss
Epoch 94: loss=1.522369  (2.02 sec, 65 subtrees, 225 chunks, 9313896 nodes)
  residual top-10 (subtree_mass × max(avg_loss − 1.522, 0)):
    rc   rootID   mass      avg_loss     score 
    1    50944    1479765   1.5504       41461.8
    46   840714   415269    1.5610       16046.1
    58   1402652  543420    1.5467       13248.0
    39   493671   419607    1.5507       11873.8
    43   660187   735168    1.5324       7349.0
    57   1329804  377747    1.5415       7235.0
    52   1074317  367799    1.5385       5950.5
    6    309644   167551    1.5519       4944.8
    42   614321   234101    1.5409       4328.1
    40   574911   82726     1.5686       3827.1
    top-10: 56.1% of mass, 88.1% of excess-loss
Epoch 95: loss=1.522198  (2.02 sec, 65 subtrees, 225 chunks, 9313896 nodes)
  residual top-10 (subtree_mass × max(avg_loss − 1.522, 0)):
    rc   rootID   mass      avg_loss     score 
    1    50944    1479765   1.5507       42133.5
    46   840714   415269    1.5608       16041.8
    58   1402652  543420    1.5471       13530.7
    39   493671   419607    1.5487       11109.6
    57   1329804  377747    1.5418       7422.4
    43   660187   735168    1.5317       6998.2
    52   1074317  367799    1.5387       6064.0
    6    309644   167551    1.5517       4936.2
    42   614321   234101    1.5400       4162.2
    40   574911   82726     1.5670       3704.7
    top-10: 56.1% of mass, 87.8% of excess-loss
Epoch 96: loss=1.522035  (2.02 sec, 65 subtrees, 225 chunks, 9313896 nodes)
  residual top-10 (subtree_mass × max(avg_loss − 1.522, 0)):
    rc   rootID   mass      avg_loss     score 
    1    50944    1479765   1.5511       42971.6
    46   840714   415269    1.5606       15997.7
    58   1402652  543420    1.5475       13817.0
    39   493671   419607    1.5469       10414.6
    57   1329804  377747    1.5422       7605.7
    43   660187   735168    1.5310       6567.8
    52   1074317  367799    1.5388       6158.5
    6    309644   167551    1.5515       4929.2
    42   614321   234101    1.5390       3976.3
    47   915694   343840    1.5327       3669.8
    top-10: 59.1% of mass, 87.7% of excess-loss
Epoch 97: loss=1.521880  (2.02 sec, 65 subtrees, 225 chunks, 9313896 nodes)
  residual top-10 (subtree_mass × max(avg_loss − 1.522, 0)):
    rc   rootID   mass      avg_loss     score 
    1    50944    1479765   1.5515       43858.6
    46   840714   415269    1.5602       15892.8
    58   1402652  543420    1.5478       14092.6
    39   493671   419607    1.5453       9810.8
    57   1329804  377747    1.5425       7779.1
    52   1074317  367799    1.5388       6224.0
    43   660187   735168    1.5302       6125.4
    6    309644   167551    1.5515       4968.5
    42   614321   234101    1.5381       3796.8
    47   915694   343840    1.5324       3623.2
    top-10: 59.1% of mass, 87.6% of excess-loss
Epoch 98: loss=1.521719  (2.02 sec, 65 subtrees, 225 chunks, 9313896 nodes)
  residual top-10 (subtree_mass × max(avg_loss − 1.522, 0)):
    rc   rootID   mass      avg_loss     score 
    1    50944    1479765   1.5520       44858.0
    46   840714   415269    1.5597       15781.0
    58   1402652  543420    1.5480       14273.3
    39   493671   419607    1.5442       9422.0
    57   1329804  377747    1.5426       7885.1
    52   1074317  367799    1.5387       6243.8
    43   660187   735168    1.5295       5728.8
    6    309644   167551    1.5515       4989.9
    42   614321   234101    1.5374       3662.8
    47   915694   343840    1.5320       3536.7
    top-10: 59.1% of mass, 87.5% of excess-loss
Epoch 99: loss=1.521581  (2.02 sec, 65 subtrees, 225 chunks, 9313896 nodes)
  residual top-10 (subtree_mass × max(avg_loss − 1.522, 0)):
    rc   rootID   mass      avg_loss     score 
    1    50944    1479765   1.5525       45688.8
    46   840714   415269    1.5594       15694.5
    58   1402652  543420    1.5480       14382.7
    39   493671   419607    1.5434       9162.6
    57   1329804  377747    1.5426       7951.4
    52   1074317  367799    1.5385       6237.0
    43   660187   735168    1.5290       5474.1
    6    309644   167551    1.5515       5017.1
    42   614321   234101    1.5368       3569.3
    47   915694   343840    1.5317       3477.3
    top-10: 59.1% of mass, 87.5% of excess-loss
Epoch 100: loss=1.521520  (2.02 sec, 65 subtrees, 225 chunks, 9313896 nodes)
  residual top-10 (subtree_mass × max(avg_loss − 1.522, 0)):
    rc   rootID   mass      avg_loss     score 
    1    50944    1479765   1.5527       46164.7
    46   840714   415269    1.5592       15649.4
    58   1402652  543420    1.5480       14406.3
    39   493671   419607    1.5431       9069.3
    57   1329804  377747    1.5426       7966.3
    52   1074317  367799    1.5385       6229.5
    43   660187   735168    1.5288       5360.5
    6    309644   167551    1.5516       5047.6
    42   614321   234101    1.5366       3531.9
    47   915694   343840    1.5316       3449.1
    top-10: 59.1% of mass, 87.6% of excess-loss
Saved to rnd/beta2-diagnostic/b0.99_e100_s2/run.model
Done.
  Appended optimizer state to rnd/beta2-diagnostic/b0.99_e100_s2/run.model (adam_t=6500)
