INFO: --anc-grad: per-subtree descendant→ancestor gradient flow enabled (Wk/Wv get full gradient instead of own-edge-only)
AGPT CUDA Training Engine
  Model: d=256 heads=16 layers=4 ff=1024 vocab=65 seq=16(header) head_dim=16
  Loaded 3192897 weight floats (12472.3 KB)
  Loaded optimizer state from checkpoint (adam_t=0)
Loading radix trie from /tmp/gutenberg_5m_baseline_d16_radix...
  Radix trie: 7073694 nodes, 34623339 total edge chars, 17 endpoint depths
  Radix loaded: 11884367 counts entries, 63118178 ancestor char entries
  d_split: 4570307/7073694 nodes have a mass=1 ancestor (mean depth 10.48)
  lr-schedule: warmup-cosine (peak=0.003, warmup_epochs=5)
  optimizer: rmsprop (lr=0.003)
  curriculum: flat (d=max each epoch)
  max edge_len: 15, max ancestor chars: 15, max KV per node: 30, max endpoint depth: 16
  mass=1 compaction: 29783005 / 34623339 chars are mass=1 (86.0%); cache holds 4840334 positions
  loop points: 160826 (mass>1 leaves; 6.4% of 2503386 mass>1 nodes)
  KV cache: 19826.0 MB unified memory (bf16 compact)
  GPU memory: 12491.5 MB used, 72604.4 MB free, 85095.9 MB total
  65 root-child subtrees: sizes min=3 max=1116592 avg=108826.0 (total=7073693 radix nodes)
  anc-grad: max_n_subtree_compact_chars=785090, 4 layers x 3 buffers x 803.93 MB + 19.36 MB lookup = 9716.79 MB total
Epoch 1: loss=3.123288  (55.76 sec, 65 subtrees, 730 chunks, 34623339 nodes)
  residual top-10 (subtree_mass × max(avg_loss − 3.123, 0)):
    rc   rootID   mass      avg_loss     score 
    1    138709   8244278   4.5003       11352391.8
    0    1        824077    4.8837       1450695.5
    6    1317879  754528    4.0144       672331.7
    5    1263676  342947    4.0016       301227.9
    2    1255301  46307     4.9425       84242.7
    8    1439897  392288    3.2840       63038.4
    13   1520469  67330     3.8163       46662.3
    11   1500886  77582     3.5775       35242.1
    12   1513476  42580     3.7434       26406.4
    7    1422321  79638     3.4159       23303.8
    top-10: 23.8% of mass, 99.6% of excess-loss
Epoch 2: loss=2.522694  (54.46 sec, 65 subtrees, 730 chunks, 34623339 nodes)
  residual top-10 (subtree_mass × max(avg_loss − 2.523, 0)):
    rc   rootID   mass      avg_loss     score 
    1    138709   8244278   2.6379       949681.0
    6    1317879  754528    3.4418       693463.6
    5    1263676  342947    3.8907       469156.4
    39   1660971  2741100   2.6273       286823.5
    42   2302712  1539203   2.6868       252602.1
    8    1439897  392288    3.1338       239736.2
    43   2546378  4367096   2.5765       235102.4
    41   2178351  766679    2.7159       148095.4
    40   2098840  473230    2.6722       70732.5
    7    1422321  79638     3.2459       57594.3
    top-10: 43.2% of mass, 97.0% of excess-loss
Epoch 3: loss=2.336419  (54.41 sec, 65 subtrees, 730 chunks, 34623339 nodes)
  residual top-10 (subtree_mass × max(avg_loss − 2.336, 0)):
    rc   rootID   mass      avg_loss     score 
    1    138709   8244278   2.4302       772932.2
    6    1317879  754528    3.1636       624167.5
    5    1263676  342947    3.9595       556631.8
    39   1660971  2741100   2.4739       376751.9
    8    1439897  392288    3.1778       330082.2
    7    1422321  79638     3.2855       75581.4
    40   2098840  473230    2.4507       54070.6
    42   2302712  1539203   2.3701       51788.8
    41   2178351  766679    2.3878       39383.3
    13   1520469  67330     2.5128       11875.1
    top-10: 33.8% of mass, 97.5% of excess-loss
Epoch 4: loss=2.224406  (54.41 sec, 65 subtrees, 730 chunks, 34623339 nodes)
  residual top-10 (subtree_mass × max(avg_loss − 2.224, 0)):
    rc   rootID   mass      avg_loss     score 
    6    1317879  754528    3.1471       696172.6
    5    1263676  342947    3.8135       544959.8
    39   1660971  2741100   2.4228       543804.9
    8    1439897  392288    3.6027       540676.8
    40   2098840  473230    2.4268       95758.4
    7    1422321  79638     3.3626       90645.8
    42   2302712  1539203   2.2699       69985.1
    41   2178351  766679    2.3081       64159.2
    11   1500886  77582     2.6960       36587.1
    13   1520469  67330     2.5952       24963.4
    top-10: 15.9% of mass, 96.4% of excess-loss
Epoch 5: loss=2.178890  (54.40 sec, 65 subtrees, 730 chunks, 34623339 nodes)
  residual top-10 (subtree_mass × max(avg_loss − 2.179, 0)):
    rc   rootID   mass      avg_loss     score 
    6    1317879  754528    3.4506       959574.6
    8    1439897  392288    3.6735       586325.3
    5    1263676  342947    3.8385       569159.7
    39   1660971  2741100   2.3098       358747.9
    7    1422321  79638     3.7222       122904.8
    52   4575546  2450327   2.2197       100116.7
    40   2098840  473230    2.3040       59193.1
    41   2178351  766679    2.2291       38491.9
    11   1500886  77582     2.5444       28359.2
    13   1520469  67330     2.5644       25957.5
    top-10: 17.9% of mass, 96.9% of excess-loss
Epoch 6: loss=2.113508  (54.43 sec, 65 subtrees, 730 chunks, 34623339 nodes)
  residual top-10 (subtree_mass × max(avg_loss − 2.114, 0)):
    rc   rootID   mass      avg_loss     score 
    6    1317879  754528    3.1554       786166.2
    39   1660971  2741100   2.3009       513676.8
    5    1263676  342947    3.4762       467343.1
    8    1439897  392288    3.0620       372098.2
    7    1422321  79638     3.4486       106327.9
    40   2098840  473230    2.2092       45296.0
    11   1500886  77582     2.4345       24906.4
    13   1520469  67330     2.4728       24190.6
    41   2178351  766679    2.1335       15365.0
    21   1567603  178953    2.1972       14981.0
    top-10: 12.9% of mass, 96.0% of excess-loss
Epoch 7: loss=2.056005  (54.34 sec, 65 subtrees, 730 chunks, 34623339 nodes)
  residual top-10 (subtree_mass × max(avg_loss − 2.056, 0)):
    rc   rootID   mass      avg_loss     score 
    6    1317879  754528    2.9057       641141.7
    39   1660971  2741100   2.2361       493579.3
    5    1263676  342947    3.3657       449161.4
    8    1439897  392288    2.4621       159293.1
    7    1422321  79638     2.8135       60324.9
    40   2098840  473230    2.1699       53892.3
    41   2178351  766679    2.1106       41828.7
    11   1500886  77582     2.3091       19635.0
    42   2302712  1539203   2.0664       16003.6
    13   1520469  67330     2.2821       15223.3
    top-10: 15.9% of mass, 96.5% of excess-loss
Epoch 8: loss=2.015471  (54.42 sec, 65 subtrees, 730 chunks, 34623339 nodes)
  residual top-10 (subtree_mass × max(avg_loss − 2.015, 0)):
    rc   rootID   mass      avg_loss     score 
    6    1317879  754528    2.7442       549852.4
    39   1660971  2741100   2.1893       476369.0
    5    1263676  342947    3.3997       474700.6
    8    1439897  392288    2.4010       151237.5
    43   2546378  4367096   2.0333       77709.0
    42   2302712  1539203   2.0586       66410.8
    41   2178351  766679    2.0973       62723.3
    40   2098840  473230    2.1478       62622.3
    7    1422321  79638     2.4997       38565.7
    13   1520469  67330     2.2447       15433.5
    top-10: 25.3% of mass, 96.4% of excess-loss
Epoch 9: loss=2.041216  (54.40 sec, 65 subtrees, 730 chunks, 34623339 nodes)
  residual top-10 (subtree_mass × max(avg_loss − 2.041, 0)):
    rc   rootID   mass      avg_loss     score 
    6    1317879  754528    3.0489       760310.0
    39   1660971  2741100   2.2454       559690.9
    5    1263676  342947    3.3876       461724.2
    8    1439897  392288    2.5144       185635.8
    7    1422321  79638     2.8303       62841.8
    43   2546378  4367096   2.0504       39983.6
    46   3463254  2317775   2.0569       36240.6
    40   2098840  473230    2.1163       35515.2
    11   1500886  77582     2.3420       23336.2
    41   2178351  766679    2.0706       22531.5
    top-10: 27.0% of mass, 93.3% of excess-loss
Epoch 10: loss=1.997517  (54.36 sec, 65 subtrees, 730 chunks, 34623339 nodes)
  residual top-10 (subtree_mass × max(avg_loss − 1.998, 0)):
    rc   rootID   mass      avg_loss     score 
    39   1660971  2741100   2.1584       440890.0
    6    1317879  754528    2.5318       403107.7
    5    1263676  342947    3.0583       363806.9
    8    1439897  392288    2.3471       137149.7
    42   2302712  1539203   2.0434       70571.7
    7    1422321  79638     2.4445       35599.0
    40   2098840  473230    2.0720       35231.5
    11   1500886  77582     2.3715       29016.8
    41   2178351  766679    2.0348       28616.7
    43   2546378  4367096   2.0030       23759.6
    top-10: 25.3% of mass, 94.2% of excess-loss
Epoch 11: loss=1.996868  (54.35 sec, 65 subtrees, 730 chunks, 34623339 nodes)
  residual top-10 (subtree_mass × max(avg_loss − 1.997, 0)):
    rc   rootID   mass      avg_loss     score 
    6    1317879  754528    3.2783       966899.4
    39   1660971  2741100   2.1689       471667.2
    5    1263676  342947    3.2615       433687.1
    8    1439897  392288    2.8525       335641.7
    7    1422321  79638     3.2522       99972.2
    40   2098840  473230    2.0583       29067.7
    11   1500886  77582     2.3010       23598.3
    13   1520469  67330     2.2128       14539.1
    12   1513476  42580     2.2629       11326.4
    21   1567603  178953    2.0394       7610.7
    top-10: 11.3% of mass, 97.9% of excess-loss
Epoch 12: loss=1.975391  (54.35 sec, 65 subtrees, 730 chunks, 34623339 nodes)
  residual top-10 (subtree_mass × max(avg_loss − 1.975, 0)):
    rc   rootID   mass      avg_loss     score 
    6    1317879  754528    2.9749       754168.2
    5    1263676  342947    3.6229       564999.9
    39   1660971  2741100   2.1359       439852.2
    8    1439897  392288    2.5163       212187.8
    7    1422321  79638     2.7524       61875.6
    40   2098840  473230    2.0403       30709.1
    11   1500886  77582     2.1946       17006.3
    13   1520469  67330     2.1748       13424.7
    41   2178351  766679    1.9907       11702.7
    12   1513476  42580     2.2133       10131.8
    top-10: 12.6% of mass, 97.6% of excess-loss
Epoch 13: loss=1.930380  (54.40 sec, 65 subtrees, 730 chunks, 34623339 nodes)
  residual top-10 (subtree_mass × max(avg_loss − 1.930, 0)):
    rc   rootID   mass      avg_loss     score 
    6    1317879  754528    2.5753       486585.5
    39   1660971  2741100   2.0612       358661.0
    5    1263676  342947    2.7842       292832.0
    8    1439897  392288    2.3042       146634.8
    7    1422321  79638     2.5162       46650.0
    40   2098840  473230    1.9654       16584.0
    11   1500886  77582     2.0662       10538.7
    13   1520469  67330     2.0658       9115.4
    44   3229301  724285    1.9401       7063.3
    12   1513476  42580     2.0613       5576.3
    top-10: 12.5% of mass, 97.6% of excess-loss
Epoch 14: loss=1.920326  (54.40 sec, 65 subtrees, 730 chunks, 34623339 nodes)
  residual top-10 (subtree_mass × max(avg_loss − 1.920, 0)):
    rc   rootID   mass      avg_loss     score 
    6    1317879  754528    2.6498       550422.6
    39   1660971  2741100   2.0706       411933.0
    5    1263676  342947    2.9821       364135.8
    8    1439897  392288    2.2471       128206.8
    7    1422321  79638     2.4254       40221.4
    40   2098840  473230    1.9687       22879.3
    11   1500886  77582     2.0344       8848.8
    13   1520469  67330     2.0502       8742.0
    41   2178351  766679    1.9290       6623.1
    12   1513476  42580     2.0623       6043.7
    top-10: 12.6% of mass, 97.7% of excess-loss
Epoch 15: loss=1.900342  (54.37 sec, 65 subtrees, 730 chunks, 34623339 nodes)
  residual top-10 (subtree_mass × max(avg_loss − 1.900, 0)):
    rc   rootID   mass      avg_loss     score 
    6    1317879  754528    2.4663       427016.6
    39   1660971  2741100   2.0528       417896.6
    5    1263676  342947    2.8886       338936.2
    8    1439897  392288    2.1004       78494.2
    7    1422321  79638     2.2372       26825.4
    40   2098840  473230    1.9349       16357.9
    11   1500886  77582     2.0081       8357.2
    13   1520469  67330     1.9992       6655.1
    12   1513476  42580     2.0110       4711.0
    15   1539367  34390     2.0213       4161.2
    top-10: 11.0% of mass, 98.2% of excess-loss
Epoch 16: loss=1.874808  (54.34 sec, 65 subtrees, 730 chunks, 34623339 nodes)
  residual top-10 (subtree_mass × max(avg_loss − 1.875, 0)):
    rc   rootID   mass      avg_loss     score 
    6    1317879  754528    2.5288       493489.4
    39   1660971  2741100   2.0082       365726.0
    5    1263676  342947    2.8080       320037.2
    8    1439897  392288    2.1646       113698.0
    7    1422321  79638     2.3421       37213.1
    40   2098840  473230    1.9128       17960.2
    11   1500886  77582     1.9750       7775.2
    13   1520469  67330     1.9774       6910.0
    12   1513476  42580     1.9781       4398.9
    32   1636047  78207     1.9190       3454.1
    top-10: 11.1% of mass, 98.3% of excess-loss
Epoch 17: loss=1.912454  (54.38 sec, 65 subtrees, 730 chunks, 34623339 nodes)
  residual top-10 (subtree_mass × max(avg_loss − 1.912, 0)):
    rc   rootID   mass      avg_loss     score 
    6    1317879  754528    3.4103       1130135.7
    39   1660971  2741100   2.0812       462645.7
    5    1263676  342947    3.1696       431133.2
    8    1439897  392288    2.4140       196756.0
    7    1422321  79638     2.9666       83952.2
    40   2098840  473230    1.9732       28739.8
    11   1500886  77582     2.1234       16367.9
    13   1520469  67330     2.1158       13688.4
    12   1513476  42580     2.1291       9224.0
    15   1539367  34390     2.1197       7125.7
    top-10: 11.0% of mass, 98.2% of excess-loss
Epoch 18: loss=1.895586  (54.39 sec, 65 subtrees, 730 chunks, 34623339 nodes)
  residual top-10 (subtree_mass × max(avg_loss − 1.896, 0)):
    rc   rootID   mass      avg_loss     score 
    6    1317879  754528    2.7178       620352.3
    5    1263676  342947    3.0359       391075.1
    39   1660971  2741100   1.9844       243378.6
    8    1439897  392288    2.3700       186110.7
    7    1422321  79638     2.8151       73229.0
    11   1500886  77582     2.0748       13906.7
    13   1520469  67330     2.0898       13073.3
    40   2098840  473230    1.9158       9574.7
    12   1513476  42580     2.1108       9164.8
    15   1539367  34390     2.1077       7294.5
    top-10: 11.0% of mass, 97.4% of excess-loss
Epoch 19: loss=1.849569  (54.42 sec, 65 subtrees, 730 chunks, 34623339 nodes)
  residual top-10 (subtree_mass × max(avg_loss − 1.850, 0)):
    rc   rootID   mass      avg_loss     score 
    6    1317879  754528    2.3830       402519.8
    5    1263676  342947    3.0213       401843.4
    39   1660971  2741100   1.9341       231814.1
    8    1439897  392288    2.0329       71905.6
    7    1422321  79638     2.1642       25055.7
    40   2098840  473230    1.8749       11977.9
    13   1520469  67330     1.9501       6772.0
    11   1500886  77582     1.9318       6379.0
    32   1636047  78207     1.9089       4639.1
    2    1255301  46307     1.9333       3875.3
    top-10: 11.1% of mass, 97.8% of excess-loss
Epoch 20: loss=1.814872  (54.35 sec, 65 subtrees, 730 chunks, 34623339 nodes)
  residual top-10 (subtree_mass × max(avg_loss − 1.815, 0)):
    rc   rootID   mass      avg_loss     score 
    39   1660971  2741100   1.9251       302277.9
    6    1317879  754528    2.1428       247406.4
    5    1263676  342947    2.4450       216112.2
    8    1439897  392288    1.9350       47126.1
    40   2098840  473230    1.8527       17878.1
    7    1422321  79638     2.0262       16830.5
    44   3229301  724285    1.8267       8567.3
    13   1520469  67330     1.8861       4794.2
    42   2302712  1539203   1.8177       4320.6
    32   1636047  78207     1.8618       3669.9
    top-10: 15.8% of mass, 97.1% of excess-loss
Epoch 21: loss=1.799606  (54.34 sec, 65 subtrees, 730 chunks, 34623339 nodes)
  residual top-10 (subtree_mass × max(avg_loss − 1.800, 0)):
    rc   rootID   mass      avg_loss     score 
    39   1660971  2741100   1.9385       380757.3
    5    1263676  342947    2.2701       161368.6
    6    1317879  754528    2.0116       159993.2
    8    1439897  392288    1.8760       29961.6
    40   2098840  473230    1.8474       22610.8
    42   2302712  1539203   1.8106       16905.3
    44   3229301  724285    1.8198       14638.6
    7    1422321  79638     1.9636       13057.4
    41   2178351  766679    1.8115       9101.4
    13   1520469  67330     1.8960       6487.7
    top-10: 17.3% of mass, 96.9% of excess-loss
Epoch 22: loss=1.815488  (54.35 sec, 65 subtrees, 730 chunks, 34623339 nodes)
  residual top-10 (subtree_mass × max(avg_loss − 1.815, 0)):
    rc   rootID   mass      avg_loss     score 
    6    1317879  754528    2.3991       440362.4
    39   1660971  2741100   1.9328       321610.5
    5    1263676  342947    2.5889       265251.8
    8    1439897  392288    2.1158       117818.1
    42   2302712  1539203   1.8454       45986.8
    43   2546378  4367096   1.8259       45519.1
    7    1422321  79638     2.3608       43427.6
    40   2098840  473230    1.8714       26446.2
    41   2178351  766679    1.8440       21830.1
    44   3229301  724285    1.8346       13864.4
    top-10: 26.7% of mass, 96.4% of excess-loss
Epoch 23: loss=1.790347  (54.41 sec, 65 subtrees, 730 chunks, 34623339 nodes)
  residual top-10 (subtree_mass × max(avg_loss − 1.790, 0)):
    rc   rootID   mass      avg_loss     score 
    5    1263676  342947    2.6536       296045.6
    6    1317879  754528    2.1688       285558.5
    39   1660971  2741100   1.8938       283593.4
    8    1439897  392288    1.9715       71054.0
    7    1422321  79638     2.0668       22018.0
    40   2098840  473230    1.8213       14631.0
    11   1500886  77582     1.8654       5825.9
    13   1520469  67330     1.8764       5791.9
    15   1539367  34390     1.8896       3412.2
    32   1636047  78207     1.8295       3060.1
    top-10: 11.1% of mass, 97.8% of excess-loss
Epoch 24: loss=1.757273  (54.41 sec, 65 subtrees, 730 chunks, 34623339 nodes)
  residual top-10 (subtree_mass × max(avg_loss − 1.757, 0)):
    rc   rootID   mass      avg_loss     score 
    39   1660971  2741100   1.8696       307864.0
    6    1317879  754528    2.0135       193305.2
    5    1263676  342947    2.2289       161741.8
    8    1439897  392288    1.8409       32813.6
    40   2098840  473230    1.7935       17131.9
    7    1422321  79638     1.9424       14744.1
    44   3229301  724285    1.7715       10312.2
    42   2302712  1539203   1.7633       9330.3
    11   1500886  77582     1.8236       5147.9
    13   1520469  67330     1.8212       4304.1
    top-10: 15.8% of mass, 97.0% of excess-loss
Epoch 25: loss=1.761131  (54.35 sec, 65 subtrees, 730 chunks, 34623339 nodes)
  residual top-10 (subtree_mass × max(avg_loss − 1.761, 0)):
    rc   rootID   mass      avg_loss     score 
    39   1660971  2741100   1.8996       379624.7
    6    1317879  754528    2.0321       204481.1
    5    1263676  342947    2.1630       137816.5
    43   2546378  4367096   1.7915       132527.3
    42   2302712  1539203   1.8333       111043.2
    41   2178351  766679    1.8439       63430.7
    8    1439897  392288    1.8885       49975.0
    40   2098840  473230    1.8342       34593.0
    7    1422321  79638     1.9939       18536.9
    44   3229301  724285    1.7847       17090.4
    top-10: 26.7% of mass, 97.9% of excess-loss
Epoch 26: loss=1.760603  (54.35 sec, 65 subtrees, 730 chunks, 34623339 nodes)
  residual top-10 (subtree_mass × max(avg_loss − 1.761, 0)):
    rc   rootID   mass      avg_loss     score 
    6    1317879  754528    2.5382       586727.4
    39   1660971  2741100   1.8796       326068.2
    5    1263676  342947    2.6704       311999.3
    8    1439897  392288    2.0909       129571.3
    7    1422321  79638     2.4034       51194.7
    40   2098840  473230    1.7949       16234.2
    11   1500886  77582     1.8617       7842.0
    13   1520469  67330     1.8408       5399.1
    44   3229301  724285    1.7677       5158.1
    12   1513476  42580     1.8378       3287.6
    top-10: 12.5% of mass, 98.9% of excess-loss
Epoch 27: loss=1.785937  (54.35 sec, 65 subtrees, 730 chunks, 34623339 nodes)
  residual top-10 (subtree_mass × max(avg_loss − 1.786, 0)):
    rc   rootID   mass      avg_loss     score 
    6    1317879  754528    2.9877       906769.2
    39   1660971  2741100   1.9265       385215.6
    5    1263676  342947    2.7625       334902.1
    8    1439897  392288    2.4186       248171.9
    7    1422321  79638     2.7953       80384.8
    40   2098840  473230    1.8451       27981.9
    11   1500886  77582     1.9558       13177.1
    41   2178351  766679    1.8013       11752.5
    13   1520469  67330     1.9188       8945.6
    12   1513476  42580     1.9296       6115.9
    top-10: 12.6% of mass, 98.5% of excess-loss
Epoch 28: loss=1.740215  (54.41 sec, 65 subtrees, 730 chunks, 34623339 nodes)
  residual top-10 (subtree_mass × max(avg_loss − 1.740, 0)):
    rc   rootID   mass      avg_loss     score 
    39   1660971  2741100   1.9018       442927.6
    5    1263676  342947    2.1054       125227.6
    6    1317879  754528    1.8964       117867.7
    40   2098840  473230    1.7930       24963.3
    42   2302712  1539203   1.7559       24164.0
    43   2546378  4367096   1.7457       23971.2
    8    1439897  392288    1.7935       20899.1
    44   3229301  724285    1.7666       19102.7
    46   3463254  2317775   1.7472       16076.3
    7    1422321  79638     1.8823       11315.6
    top-10: 30.1% of mass, 96.3% of excess-loss
Epoch 29: loss=1.733566  (54.39 sec, 65 subtrees, 730 chunks, 34623339 nodes)
  residual top-10 (subtree_mass × max(avg_loss − 1.734, 0)):
    rc   rootID   mass      avg_loss     score 
    39   1660971  2741100   1.8933       437843.1
    6    1317879  754528    2.1869       342035.9
    5    1263676  342947    2.2830       188417.7
    8    1439897  392288    2.0038       105990.0
    7    1422321  79638     2.1346       31935.4
    40   2098840  473230    1.7911       27208.4
    11   1500886  77582     1.8369       8020.3
    44   3229301  724285    1.7446       7968.0
    41   2178351  766679    1.7429       7186.0
    42   2302712  1539203   1.7380       6830.1
    top-10: 17.3% of mass, 97.3% of excess-loss
Epoch 30: loss=1.707111  (54.38 sec, 65 subtrees, 730 chunks, 34623339 nodes)
  residual top-10 (subtree_mass × max(avg_loss − 1.707, 0)):
    rc   rootID   mass      avg_loss     score 
    39   1660971  2741100   1.8189       306312.8
    6    1317879  754528    1.8710       123688.4
    5    1263676  342947    2.0381       113499.0
    1    138709   8244278   1.7140       57055.7
    8    1439897  392288    1.7779       27750.3
    40   2098840  473230    1.7498       20223.1
    42   2302712  1539203   1.7166       14628.7
    7    1422321  79638     1.8608       12241.6
    44   3229301  724285    1.7233       11760.5
    41   2178351  766679    1.7186       8795.9
    top-10: 35.2% of mass, 96.6% of excess-loss
Epoch 31: loss=1.690998  (54.34 sec, 65 subtrees, 730 chunks, 34623339 nodes)
  residual top-10 (subtree_mass × max(avg_loss − 1.691, 0)):
    rc   rootID   mass      avg_loss     score 
    39   1660971  2741100   1.8203       354418.0
    6    1317879  754528    1.8650       131321.4
    5    1263676  342947    1.9741       97090.8
    42   2302712  1539203   1.7107       30272.4
    43   2546378  4367096   1.6975       28373.0
    40   2098840  473230    1.7440       25090.2
    44   3229301  724285    1.7212       21883.3
    41   2178351  766679    1.7117       15879.8
    8    1439897  392288    1.7278       14431.7
    7    1422321  79638     1.8335       11346.1
    top-10: 26.7% of mass, 95.9% of excess-loss
Epoch 32: loss=1.682615  (54.38 sec, 65 subtrees, 730 chunks, 34623339 nodes)
  residual top-10 (subtree_mass × max(avg_loss − 1.683, 0)):
    rc   rootID   mass      avg_loss     score 
    39   1660971  2741100   1.8270       395908.3
    6    1317879  754528    1.8273       109199.3
    5    1263676  342947    1.9392       87988.2
    43   2546378  4367096   1.6997       74663.7
    42   2302712  1539203   1.7227       61722.0
    41   2178351  766679    1.7294       35872.8
    40   2098840  473230    1.7572       35274.7
    8    1439897  392288    1.7346       20380.1
    44   3229301  724285    1.7033       15006.3
    7    1422321  79638     1.8454       12965.4
    top-10: 26.7% of mass, 98.9% of excess-loss
Epoch 33: loss=1.676050  (54.40 sec, 65 subtrees, 730 chunks, 34623339 nodes)
  residual top-10 (subtree_mass × max(avg_loss − 1.676, 0)):
    rc   rootID   mass      avg_loss     score 
    39   1660971  2741100   1.8266       412682.7
    6    1317879  754528    1.8735       149012.3
    5    1263676  342947    1.8839       71277.1
    43   2546378  4367096   1.6875       50172.4
    42   2302712  1539203   1.6983       34243.6
    8    1439897  392288    1.7574       31928.0
    40   2098840  473230    1.7299       25460.9
    44   3229301  724285    1.7102       24725.6
    7    1422321  79638     1.8682       15299.6
    46   3463254  2317775   1.6820       13767.8
    top-10: 30.1% of mass, 94.8% of excess-loss
Epoch 34: loss=1.647079  (54.41 sec, 65 subtrees, 730 chunks, 34623339 nodes)
  residual top-10 (subtree_mass × max(avg_loss − 1.647, 0)):
    rc   rootID   mass      avg_loss     score 
    39   1660971  2741100   1.7633       318480.0
    6    1317879  754528    1.7269       60209.9
    5    1263676  342947    1.7378       31102.6
    43   2546378  4367096   1.6541       30488.1
    44   3229301  724285    1.6779       22292.7
    42   2302712  1539203   1.6606       20799.1
    46   3463254  2317775   1.6549       18065.9
    40   2098840  473230    1.6833       17140.8
    7    1422321  79638     1.7698       9774.0
    41   2178351  766679    1.6582       8522.1
    top-10: 30.9% of mass, 94.3% of excess-loss
Epoch 35: loss=1.639450  (54.36 sec, 65 subtrees, 730 chunks, 34623339 nodes)
  residual top-10 (subtree_mass × max(avg_loss − 1.639, 0)):
    rc   rootID   mass      avg_loss     score 
    39   1660971  2741100   1.7550       316847.3
    6    1317879  754528    1.7800       106039.3
    5    1263676  342947    1.8260       63963.6
    8    1439897  392288    1.7265       34166.3
    40   2098840  473230    1.6745       16572.0
    44   3229301  724285    1.6618       16178.4
    42   2302712  1539203   1.6485       13909.4
    7    1422321  79638     1.8114       13693.3
    46   3463254  2317775   1.6432       8619.8
    11   1500886  77582     1.7149       5855.2
    top-10: 20.7% of mass, 96.8% of excess-loss
Epoch 36: loss=1.628913  (54.35 sec, 65 subtrees, 730 chunks, 34623339 nodes)
  residual top-10 (subtree_mass × max(avg_loss − 1.629, 0)):
    rc   rootID   mass      avg_loss     score 
    39   1660971  2741100   1.7583       354644.0
    43   2546378  4367096   1.6473       80346.1
    42   2302712  1539203   1.6624       51610.5
    44   3229301  724285    1.6701       29855.3
    6    1317879  754528    1.6644       26777.0
    40   2098840  473230    1.6777       23065.8
    41   2178351  766679    1.6560       20770.5
    46   3463254  2317775   1.6365       17688.8
    5    1263676  342947    1.6651       12398.1
    45   3347168  678815    1.6393       7065.0
    top-10: 32.3% of mass, 96.8% of excess-loss
Epoch 37: loss=1.614152  (54.37 sec, 65 subtrees, 730 chunks, 34623339 nodes)
  residual top-10 (subtree_mass × max(avg_loss − 1.614, 0)):
    rc   rootID   mass      avg_loss     score 
    39   1660971  2741100   1.7468       363716.5
    1    138709   8244278   1.6195       44213.2
    40   2098840  473230    1.6620       22637.2
    42   2302712  1539203   1.6268       19411.6
    44   3229301  724285    1.6403       18927.3
    5    1263676  342947    1.6672       18209.6
    6    1317879  754528    1.6375       17583.0
    11   1500886  77582     1.7338       9283.1
    41   2178351  766679    1.6250       8322.1
    7    1422321  79638     1.6819       5397.7
    top-10: 34.5% of mass, 95.0% of excess-loss
Epoch 38: loss=1.605258  (54.40 sec, 65 subtrees, 730 chunks, 34623339 nodes)
  residual top-10 (subtree_mass × max(avg_loss − 1.605, 0)):
    rc   rootID   mass      avg_loss     score 
    39   1660971  2741100   1.7267       332877.7
    43   2546378  4367096   1.6229       77104.6
    42   2302712  1539203   1.6289       36355.6
    44   3229301  724285    1.6388       24326.9
    41   2178351  766679    1.6363       23805.6
    46   3463254  2317775   1.6155       23770.4
    40   2098840  473230    1.6505       21432.8
    6    1317879  754528    1.6329       20893.5
    5    1263676  342947    1.6409       12217.7
    45   3347168  678815    1.6163       7474.0
    top-10: 32.3% of mass, 97.3% of excess-loss
Epoch 39: loss=1.587122  (54.43 sec, 65 subtrees, 730 chunks, 34623339 nodes)
  residual top-10 (subtree_mass × max(avg_loss − 1.587, 0)):
    rc   rootID   mass      avg_loss     score 
    39   1660971  2741100   1.7035       318896.0
    43   2546378  4367096   1.6097       98699.5
    42   2302712  1539203   1.6169       45818.5
    44   3229301  724285    1.6330       33229.0
    46   3463254  2317775   1.6001       30068.9
    40   2098840  473230    1.6348       22577.8
    41   2178351  766679    1.6148       21218.5
    6    1317879  754528    1.6011       10570.8
    45   3347168  678815    1.5991       8141.4
    7    1422321  79638     1.6578       5625.4
    top-10: 31.7% of mass, 97.1% of excess-loss
Epoch 40: loss=1.601120  (54.37 sec, 65 subtrees, 730 chunks, 34623339 nodes)
  residual top-10 (subtree_mass × max(avg_loss − 1.601, 0)):
    rc   rootID   mass      avg_loss     score 
    39   1660971  2741100   1.9003       820159.8
    40   2098840  473230    1.7505       70686.6
    43   2546378  4367096   1.6171       69588.0
    42   2302712  1539203   1.6330       49081.5
    41   2178351  766679    1.6580       43621.5
    44   3229301  724285    1.6304       21234.7
    46   3463254  2317775   1.6036       5736.2
    7    1422321  79638     1.6380       2934.8
    31   1628740  37700     1.6591       2185.3
    32   1636047  78207     1.6131       935.3 
    top-10: 28.8% of mass, 99.8% of excess-loss
Epoch 41: loss=1.599806  (54.36 sec, 65 subtrees, 730 chunks, 34623339 nodes)
  residual top-10 (subtree_mass × max(avg_loss − 1.600, 0)):
    rc   rootID   mass      avg_loss     score 
    39   1660971  2741100   1.7651       453139.7
    6    1317879  754528    1.8488       187897.6
    5    1263676  342947    1.9119       107017.9
    8    1439897  392288    1.8045       80315.5
    40   2098840  473230    1.6578       27460.4
    7    1422321  79638     1.9161       25188.8
    42   2302712  1539203   1.6133       20764.4
    43   2546378  4367096   1.6039       17843.0
    44   3229301  724285    1.6223       16259.0
    41   2178351  766679    1.6199       15440.2
    top-10: 26.7% of mass, 97.4% of excess-loss
Epoch 42: loss=1.573213  (54.34 sec, 65 subtrees, 730 chunks, 34623339 nodes)
  residual top-10 (subtree_mass × max(avg_loss − 1.573, 0)):
    rc   rootID   mass      avg_loss     score 
    39   1660971  2741100   1.7234       411571.8
    40   2098840  473230    1.6466       34723.2
    41   2178351  766679    1.6101       28280.5
    42   2302712  1539203   1.5915       28146.7
    1    138709   8244278   1.5766       27732.4
    43   2546378  4367096   1.5786       23544.7
    44   3229301  724285    1.6009       20032.3
    5    1263676  342947    1.6100       12600.3
    6    1317879  754528    1.5895       12288.1
    46   3463254  2317775   1.5767       8004.4
    top-10: 48.9% of mass, 97.2% of excess-loss
Epoch 43: loss=1.558007  (54.44 sec, 65 subtrees, 730 chunks, 34623339 nodes)
  residual top-10 (subtree_mass × max(avg_loss − 1.558, 0)):
    rc   rootID   mass      avg_loss     score 
    39   1660971  2741100   1.6944       373854.6
    43   2546378  4367096   1.5672       39951.8
    42   2302712  1539203   1.5802       34163.0
    40   2098840  473230    1.6232       30852.0
    41   2178351  766679    1.5977       30404.3
    44   3229301  724285    1.5797       15734.1
    1    138709   8244278   1.5595       12675.5
    6    1317879  754528    1.5694       8600.5
    7    1422321  79638     1.6282       5589.3
    31   1628740  37700     1.6490       3430.6
    top-10: 43.3% of mass, 98.0% of excess-loss
Epoch 44: loss=1.555570  (54.39 sec, 65 subtrees, 730 chunks, 34623339 nodes)
  residual top-10 (subtree_mass × max(avg_loss − 1.556, 0)):
    rc   rootID   mass      avg_loss     score 
    39   1660971  2741100   1.7114       427098.9
    43   2546378  4367096   1.5694       60195.9
    42   2302712  1539203   1.5867       47877.8
    40   2098840  473230    1.6240       32378.9
    41   2178351  766679    1.5877       24602.9
    44   3229301  724285    1.5884       23791.0
    5    1263676  342947    1.5935       13014.3
    46   3463254  2317775   1.5607       11792.9
    6    1317879  754528    1.5691       10206.0
    7    1422321  79638     1.6206       5175.0
    top-10: 30.9% of mass, 97.5% of excess-loss
Epoch 45: loss=1.545095  (54.38 sec, 65 subtrees, 730 chunks, 34623339 nodes)
  residual top-10 (subtree_mass × max(avg_loss − 1.545, 0)):
    rc   rootID   mass      avg_loss     score 
    39   1660971  2741100   1.6732       351179.3
    6    1317879  754528    1.6177       54805.8
    5    1263676  342947    1.6242       27138.4
    42   2302712  1539203   1.5620       26076.8
    40   2098840  473230    1.5967       24423.4
    44   3229301  724285    1.5737       20734.1
    43   2546378  4367096   1.5489       16711.6
    46   3463254  2317775   1.5519       15688.8
    41   2178351  766679    1.5650       15281.5
    7    1422321  79638     1.6633       9414.2
    top-10: 30.9% of mass, 97.6% of excess-loss
Epoch 46: loss=1.544653  (54.34 sec, 65 subtrees, 730 chunks, 34623339 nodes)
  residual top-10 (subtree_mass × max(avg_loss − 1.545, 0)):
    rc   rootID   mass      avg_loss     score 
    39   1660971  2741100   1.7089       450334.3
    41   2178351  766679    1.6232       60208.3
    42   2302712  1539203   1.5837       60118.3
    43   2546378  4367096   1.5584       59925.4
    40   2098840  473230    1.6406       45394.2
    6    1317879  754528    1.5864       31494.0
    5    1263676  342947    1.5952       17334.7
    44   3229301  724285    1.5671       16255.2
    7    1422321  79638     1.6341       7125.6
    46   3463254  2317775   1.5470       5549.2
    top-10: 30.9% of mass, 98.0% of excess-loss
Epoch 47: loss=1.525837  (54.37 sec, 65 subtrees, 730 chunks, 34623339 nodes)
  residual top-10 (subtree_mass × max(avg_loss − 1.526, 0)):
    rc   rootID   mass      avg_loss     score 
    39   1660971  2741100   1.6797       421670.4
    40   2098840  473230    1.5911       30872.5
    46   3463254  2317775   1.5337       18279.1
    44   3229301  724285    1.5509       18155.4
    42   2302712  1539203   1.5359       15494.1
    41   2178351  766679    1.5406       11285.0
    7    1422321  79638     1.5952       5521.4
    6    1317879  754528    1.5310       3917.5
    45   3347168  678815    1.5312       3618.3
    31   1628740  37700     1.6084       3113.0
    top-10: 22.2% of mass, 99.4% of excess-loss
Epoch 48: loss=1.516645  (54.43 sec, 65 subtrees, 730 chunks, 34623339 nodes)
  residual top-10 (subtree_mass × max(avg_loss − 1.517, 0)):
    rc   rootID   mass      avg_loss     score 
    39   1660971  2741100   1.6477       359145.3
    43   2546378  4367096   1.5246       34744.4
    42   2302712  1539203   1.5310       22021.4
    44   3229301  724285    1.5470       21954.4
    40   2098840  473230    1.5627       21783.5
    46   3463254  2317775   1.5256       20841.9
    41   2178351  766679    1.5368       15467.7
    45   3347168  678815    1.5270       7048.2
    7    1422321  79638     1.5830       5286.6
    31   1628740  37700     1.5750       2199.2
    top-10: 30.1% of mass, 99.3% of excess-loss
Epoch 49: loss=1.514277  (54.41 sec, 65 subtrees, 730 chunks, 34623339 nodes)
  residual top-10 (subtree_mass × max(avg_loss − 1.514, 0)):
    rc   rootID   mass      avg_loss     score 
    39   1660971  2741100   1.6591       396883.7
    46   3463254  2317775   1.5310       38742.0
    43   2546378  4367096   1.5228       37319.3
    40   2098840  473230    1.5695       26141.2
    42   2302712  1539203   1.5307       25285.7
    44   3229301  724285    1.5432       20967.6
    41   2178351  766679    1.5360       16621.8
    47   3809957  2279927   1.5210       15288.0
    45   3347168  678815    1.5287       9804.1
    7    1422321  79638     1.5737       4732.1
    top-10: 35.0% of mass, 99.2% of excess-loss
Epoch 50: loss=1.504728  (54.37 sec, 65 subtrees, 730 chunks, 34623339 nodes)
  residual top-10 (subtree_mass × max(avg_loss − 1.505, 0)):
    rc   rootID   mass      avg_loss     score 
    39   1660971  2741100   1.6381       365580.0
    43   2546378  4367096   1.5124       33504.3
    42   2302712  1539203   1.5253       31706.1
    41   2178351  766679    1.5398       26900.9
    46   3463254  2317775   1.5161       26402.0
    40   2098840  473230    1.5576       25034.9
    44   3229301  724285    1.5322       19932.8
    1    138709   8244278   1.5068       16806.0
    7    1422321  79638     1.5640       4723.7
    45   3347168  678815    1.5116       4672.1
    top-10: 48.1% of mass, 98.7% of excess-loss
Epoch 51: loss=1.491662  (54.35 sec, 65 subtrees, 730 chunks, 34623339 nodes)
  residual top-10 (subtree_mass × max(avg_loss − 1.492, 0)):
    rc   rootID   mass      avg_loss     score 
    39   1660971  2741100   1.5957       285201.9
    1    138709   8244278   1.4957       32998.8
    46   3463254  2317775   1.5039       28330.0
    43   2546378  4367096   1.4977       26173.0
    42   2302712  1539203   1.5065       22866.4
    44   3229301  724285    1.5198       20393.9
    40   2098840  473230    1.5282       17312.2
    41   2178351  766679    1.5078       12405.3
    45   3347168  678815    1.5002       5776.6
    7    1422321  79638     1.5556       5093.0
    top-10: 48.1% of mass, 98.5% of excess-loss
Epoch 52: loss=1.490768  (54.39 sec, 65 subtrees, 730 chunks, 34623339 nodes)
  residual top-10 (subtree_mass × max(avg_loss − 1.491, 0)):
    rc   rootID   mass      avg_loss     score 
    39   1660971  2741100   1.6539       447174.6
    40   2098840  473230    1.5458       26044.6
    42   2302712  1539203   1.5067       24488.1
    41   2178351  766679    1.5175       20465.8
    44   3229301  724285    1.5155       17930.8
    46   3463254  2317775   1.4967       13801.0
    43   2546378  4367096   1.4927       8592.9
    7    1422321  79638     1.5508       4779.1
    11   1500886  77582     1.5284       2916.9
    31   1628740  37700     1.5444       2020.4
    top-10: 28.8% of mass, 99.3% of excess-loss
Epoch 53: loss=1.492609  (54.42 sec, 65 subtrees, 730 chunks, 34623339 nodes)
  residual top-10 (subtree_mass × max(avg_loss − 1.493, 0)):
    rc   rootID   mass      avg_loss     score 
    39   1660971  2741100   1.6384       399727.8
    42   2302712  1539203   1.5144       33578.4
    46   3463254  2317775   1.5065       32161.7
    43   2546378  4367096   1.4999       31646.4
    40   2098840  473230    1.5588       31307.6
    41   2178351  766679    1.5232       23463.0
    44   3229301  724285    1.5235       22391.5
    5    1263676  342947    1.5159       7981.8
    45   3347168  678815    1.5042       7857.2
    7    1422321  79638     1.5654       5794.9
    top-10: 30.8% of mass, 97.5% of excess-loss
Epoch 54: loss=1.474641  (54.43 sec, 65 subtrees, 730 chunks, 34623338 nodes)
  residual top-10 (subtree_mass × max(avg_loss − 1.475, 0)):
    rc   rootID   mass      avg_loss     score 
    39   1660971  2741100   1.6171       390507.9
    1    138709   8244278   1.4822       62618.3
    40   2098840  473230    1.5321       27187.8
    41   2178351  766679    1.4936       14506.8
    44   3229301  724285    1.4940       13989.1
    42   2302712  1539203   1.4807       9319.1
    46   3463254  2317775   1.4781       8095.3
    7    1422321  79638     1.5422       5381.7
    31   1628740  37700     1.5278       2003.3
    35   1650038  43657     1.4969       973.4 
    top-10: 37.2% of mass, 99.7% of excess-loss
Epoch 55: loss=1.474335  (54.36 sec, 65 subtrees, 730 chunks, 34623339 nodes)
  residual top-10 (subtree_mass × max(avg_loss − 1.474, 0)):
    rc   rootID   mass      avg_loss     score 
    39   1660971  2741100   1.6190       396471.8
    43   2546378  4367096   1.4813       30489.0
    40   2098840  473230    1.5376       29918.2
    42   2302712  1539203   1.4932       29051.1
    41   2178351  766679    1.5061       24354.2
    46   3463254  2317775   1.4842       22975.7
    44   3229301  724285    1.5021       20117.8
    7    1422321  79638     1.5375       5032.3
    45   3347168  678815    1.4803       4054.1
    35   1650038  43657     1.5145       1751.7
    top-10: 30.1% of mass, 99.7% of excess-loss
Epoch 56: loss=1.466592  (54.40 sec, 65 subtrees, 730 chunks, 34623339 nodes)
  residual top-10 (subtree_mass × max(avg_loss − 1.467, 0)):
    rc   rootID   mass      avg_loss     score 
    39   1660971  2741100   1.6184       416198.1
    40   2098840  473230    1.5248       27529.7
    42   2302712  1539203   1.4829       25074.7
    1    138709   8244278   1.4694       23486.7
    41   2178351  766679    1.4960       22537.9
    44   3229301  724285    1.4905       17345.6
    43   2546378  4367096   1.4702       15787.5
    46   3463254  2317775   1.4708       9818.1
    7    1422321  79638     1.5300       5045.8
    31   1628740  37700     1.5316       2451.6
    top-10: 46.7% of mass, 99.5% of excess-loss
Epoch 57: loss=1.458550  (54.36 sec, 65 subtrees, 730 chunks, 34623339 nodes)
  residual top-10 (subtree_mass × max(avg_loss − 1.459, 0)):
    rc   rootID   mass      avg_loss     score 
    39   1660971  2741100   1.5771       324951.7
    6    1317879  754528    1.4938       26624.6
    46   3463254  2317775   1.4688       23796.7
    44   3229301  724285    1.4860       19887.2
    40   2098840  473230    1.4995       19360.2
    42   2302712  1539203   1.4709       18942.3
    43   2546378  4367096   1.4626       17597.1
    5    1263676  342947    1.5033       15334.4
    41   2178351  766679    1.4768       13963.6
    7    1422321  79638     1.5396       6457.7
    top-10: 30.9% of mass, 98.6% of excess-loss
Epoch 58: loss=1.447236  (54.43 sec, 65 subtrees, 730 chunks, 34623339 nodes)
  residual top-10 (subtree_mass × max(avg_loss − 1.447, 0)):
    rc   rootID   mass      avg_loss     score 
    39   1660971  2741100   1.5648       322246.3
    1    138709   8244278   1.4553       66112.4
    40   2098840  473230    1.4832       17041.3
    44   3229301  724285    1.4692       15943.9
    46   3463254  2317775   1.4539       15496.3
    42   2302712  1539203   1.4528       8610.0
    41   2178351  766679    1.4580       8224.2
    7    1422321  79638     1.5226       6000.8
    31   1628740  37700     1.4984       1927.6
    6    1317879  754528    1.4490       1359.3
    top-10: 38.8% of mass, 99.7% of excess-loss
Epoch 59: loss=1.447315  (54.40 sec, 65 subtrees, 730 chunks, 34623339 nodes)
  residual top-10 (subtree_mass × max(avg_loss − 1.447, 0)):
    rc   rootID   mass      avg_loss     score 
    39   1660971  2741100   1.5799       363517.2
    46   3463254  2317775   1.4576       23895.9
    40   2098840  473230    1.4944       22291.3
    42   2302712  1539203   1.4599       19433.5
    44   3229301  724285    1.4738       19217.3
    41   2178351  766679    1.4676       15576.2
    43   2546378  4367096   1.4499       11256.2
    1    138709   8244278   1.4483       7827.7
    45   3347168  678815    1.4550       5199.9
    7    1422321  79638     1.5077       4812.4
    top-10: 48.1% of mass, 99.2% of excess-loss
Epoch 60: loss=1.438115  (54.37 sec, 65 subtrees, 730 chunks, 34623339 nodes)
  residual top-10 (subtree_mass × max(avg_loss − 1.438, 0)):
    rc   rootID   mass      avg_loss     score 
    39   1660971  2741100   1.5445       291580.0
    1    138709   8244278   1.4466       69614.2
    46   3463254  2317775   1.4487       24558.3
    43   2546378  4367096   1.4427       20106.6
    44   3229301  724285    1.4656       19872.0
    42   2302712  1539203   1.4495       17545.8
    40   2098840  473230    1.4729       16479.9
    41   2178351  766679    1.4530       11414.0
    45   3347168  678815    1.4466       5791.9
    7    1422321  79638     1.5029       5161.5
    top-10: 48.1% of mass, 99.6% of excess-loss
Epoch 61: loss=1.436210  (54.37 sec, 65 subtrees, 730 chunks, 34623339 nodes)
  residual top-10 (subtree_mass × max(avg_loss − 1.436, 0)):
    rc   rootID   mass      avg_loss     score 
    39   1660971  2741100   1.5934       430762.5
    40   2098840  473230    1.4998       30114.7
    1    138709   8244278   1.4392       24589.7
    41   2178351  766679    1.4589       17416.7
    42   2302712  1539203   1.4475       17380.5
    44   3229301  724285    1.4587       16308.7
    46   3463254  2317775   1.4413       11809.3
    7    1422321  79638     1.4962       4781.3
    45   3347168  678815    1.4389       1797.8
    31   1628740  37700     1.4712       1319.0
    top-10: 38.6% of mass, 100.0% of excess-loss
Epoch 62: loss=1.424113  (54.36 sec, 65 subtrees, 730 chunks, 34623339 nodes)
  residual top-10 (subtree_mass × max(avg_loss − 1.424, 0)):
    rc   rootID   mass      avg_loss     score 
    39   1660971  2741100   1.5106       237137.1
    1    138709   8244278   1.4333       75829.4
    46   3463254  2317775   1.4347       24648.8
    44   3229301  724285    1.4475       16953.6
    40   2098840  473230    1.4552       14693.4
    41   2178351  766679    1.4388       11255.1
    42   2302712  1539203   1.4314       11155.2
    7    1422321  79638     1.4932       5501.4
    45   3347168  678815    1.4288       3180.9
    31   1628740  37700     1.4601       1356.5
    top-10: 38.6% of mass, 99.6% of excess-loss
Epoch 63: loss=1.419959  (54.44 sec, 65 subtrees, 730 chunks, 34623339 nodes)
  residual top-10 (subtree_mass × max(avg_loss − 1.420, 0)):
    rc   rootID   mass      avg_loss     score 
    39   1660971  2741100   1.5026       226520.2
    1    138709   8244278   1.4299       81744.0
    46   3463254  2317775   1.4316       26926.5
    44   3229301  724285    1.4459       18782.9
    42   2302712  1539203   1.4290       13907.8
    40   2098840  473230    1.4489       13703.3
    41   2178351  766679    1.4330       9979.6
    7    1422321  79638     1.4855       5223.4
    45   3347168  678815    1.4270       4757.5
    31   1628740  37700     1.4506       1155.1
    top-10: 38.6% of mass, 99.5% of excess-loss
Epoch 64: loss=1.429168  (54.42 sec, 65 subtrees, 730 chunks, 34623338 nodes)
  residual top-10 (subtree_mass × max(avg_loss − 1.429, 0)):
    rc   rootID   mass      avg_loss     score 
    39   1660971  2741100   1.5661       375445.7
    6    1317879  754528    1.5119       62437.2
    5    1263676  342947    1.5931       56221.6
    40   2098840  473230    1.4662       17529.6
    44   3229301  724285    1.4490       14380.9
    42   2302712  1539203   1.4361       10608.3
    7    1422321  79638     1.5589       10328.8
    41   2178351  766679    1.4423       10069.8
    46   3463254  2317775   1.4327       8152.7
    11   1500886  77582     1.4603       2413.5
    top-10: 21.5% of mass, 99.6% of excess-loss
Epoch 65: loss=1.414916  (54.43 sec, 65 subtrees, 730 chunks, 34623339 nodes)
  residual top-10 (subtree_mass × max(avg_loss − 1.415, 0)):
    rc   rootID   mass      avg_loss     score 
    39   1660971  2741100   1.5082       255719.3
    1    138709   8244278   1.4249       82341.9
    46   3463254  2317775   1.4241       21254.7
    44   3229301  724285    1.4401       18212.2
    40   2098840  473230    1.4458       14615.2
    42   2302712  1539203   1.4239       13860.6
    41   2178351  766679    1.4318       12967.3
    7    1422321  79638     1.4851       5590.5
    45   3347168  678815    1.4207       3897.7
    50   4218803  1289869   1.4168       2458.4
    top-10: 41.4% of mass, 99.5% of excess-loss
Epoch 66: loss=1.409631  (54.40 sec, 65 subtrees, 730 chunks, 34623337 nodes)
  residual top-10 (subtree_mass × max(avg_loss − 1.410, 0)):
    rc   rootID   mass      avg_loss     score 
    39   1660971  2741100   1.5138       285658.3
    1    138709   8244278   1.4176       65755.5
    46   3463254  2317775   1.4176       18385.0
    44   3229301  724285    1.4317       15978.8
    40   2098840  473230    1.4405       14594.6
    41   2178351  766679    1.4262       12699.8
    42   2302712  1539203   1.4164       10381.5
    7    1422321  79638     1.4790       5526.4
    45   3347168  678815    1.4141       3061.9
    50   4218803  1289869   1.4105       1085.1
    top-10: 41.4% of mass, 99.7% of excess-loss
Epoch 67: loss=1.430668  (54.42 sec, 65 subtrees, 730 chunks, 34623339 nodes)
  residual top-10 (subtree_mass × max(avg_loss − 1.431, 0)):
    rc   rootID   mass      avg_loss     score 
    39   1660971  2741100   1.6030       472391.3
    43   2546378  4367096   1.4496       82589.4
    42   2302712  1539203   1.4630       49714.4
    40   2098840  473230    1.5155       40123.7
    46   3463254  2317775   1.4474       38666.3
    41   2178351  766679    1.4758       34612.4
    44   3229301  724285    1.4681       27117.3
    45   3347168  678815    1.4450       9703.9
    7    1422321  79638     1.4726       3338.8
    47   3809957  2279927   1.4313       1534.0
    top-10: 35.0% of mass, 100.0% of excess-loss
Epoch 68: loss=1.408530  (54.34 sec, 65 subtrees, 730 chunks, 34623339 nodes)
  residual top-10 (subtree_mass × max(avg_loss − 1.409, 0)):
    rc   rootID   mass      avg_loss     score 
    39   1660971  2741100   1.5101       278523.2
    1    138709   8244278   1.4197       92047.8
    46   3463254  2317775   1.4163       18044.4
    44   3229301  724285    1.4330       17752.2
    40   2098840  473230    1.4460       17726.0
    42   2302712  1539203   1.4177       14121.5
    41   2178351  766679    1.4259       13350.6
    7    1422321  79638     1.4767       5426.5
    45   3347168  678815    1.4127       2836.8
    31   1628740  37700     1.4310       846.1 
    top-10: 38.6% of mass, 100.0% of excess-loss
Epoch 69: loss=1.399414  (54.40 sec, 65 subtrees, 730 chunks, 34623338 nodes)
  residual top-10 (subtree_mass × max(avg_loss − 1.399, 0)):
    rc   rootID   mass      avg_loss     score 
    39   1660971  2741100   1.4903       249190.9
    1    138709   8244278   1.4104       90883.4
    46   3463254  2317775   1.4079       19670.7
    44   3229301  724285    1.4224       16655.6
    40   2098840  473230    1.4316       15238.5
    41   2178351  766679    1.4175       13858.8
    42   2302712  1539203   1.4073       12095.1
    7    1422321  79638     1.4669       5373.2
    50   4218803  1289869   1.4025       4026.6
    45   3347168  678815    1.4040       3086.1
    top-10: 41.4% of mass, 99.6% of excess-loss
Epoch 70: loss=1.391008  (54.39 sec, 65 subtrees, 730 chunks, 34623339 nodes)
  residual top-10 (subtree_mass × max(avg_loss − 1.391, 0)):
    rc   rootID   mass      avg_loss     score 
    39   1660971  2741100   1.4462       151157.6
    1    138709   8244278   1.4041       107973.7
    46   3463254  2317775   1.4025       26627.3
    44   3229301  724285    1.4161       18159.2
    40   2098840  473230    1.4204       13928.5
    42   2302712  1539203   1.3992       12576.3
    41   2178351  766679    1.4069       12164.1
    50   4218803  1289869   1.3967       7294.2
    7    1422321  79638     1.4603       5516.0
    45   3347168  678815    1.3981       4794.1
    top-10: 41.4% of mass, 99.5% of excess-loss
Epoch 71: loss=1.388157  (54.38 sec, 65 subtrees, 730 chunks, 34623339 nodes)
  residual top-10 (subtree_mass × max(avg_loss − 1.388, 0)):
    rc   rootID   mass      avg_loss     score 
    39   1660971  2741100   1.4514       173439.8
    1    138709   8244278   1.4006       102623.7
    46   3463254  2317775   1.3994       25985.3
    44   3229301  724285    1.4127       17745.2
    40   2098840  473230    1.4186       14388.7
    42   2302712  1539203   1.3968       13329.4
    41   2178351  766679    1.4049       12839.5
    50   4218803  1289869   1.3935       6911.3
    45   3347168  678815    1.3967       5786.9
    7    1422321  79638     1.4557       5382.0
    top-10: 41.4% of mass, 99.7% of excess-loss
Epoch 72: loss=1.387024  (54.34 sec, 65 subtrees, 730 chunks, 34623338 nodes)
  residual top-10 (subtree_mass × max(avg_loss − 1.387, 0)):
    rc   rootID   mass      avg_loss     score 
    39   1660971  2741100   1.4583       195460.2
    1    138709   8244278   1.3966       78784.6
    46   3463254  2317775   1.3989       27526.7
    44   3229301  724285    1.4131       18897.2
    40   2098840  473230    1.4220       16571.1
    42   2302712  1539203   1.3964       14365.6
    41   2178351  766679    1.4035       12662.0
    50   4218803  1289869   1.3923       6784.1
    45   3347168  678815    1.3949       5329.0
    7    1422321  79638     1.4526       5218.7
    top-10: 41.4% of mass, 99.8% of excess-loss
Epoch 73: loss=1.380388  (54.38 sec, 65 subtrees, 730 chunks, 34623338 nodes)
  residual top-10 (subtree_mass × max(avg_loss − 1.380, 0)):
    rc   rootID   mass      avg_loss     score 
    39   1660971  2741100   1.4338       146440.5
    1    138709   8244278   1.3951       121395.9
    46   3463254  2317775   1.3921       27052.0
    44   3229301  724285    1.4046       17504.3
    40   2098840  473230    1.4082       13140.4
    41   2178351  766679    1.3952       11346.8
    42   2302712  1539203   1.3877       11251.0
    50   4218803  1289869   1.3867       8134.3
    7    1422321  79638     1.4488       5444.2
    45   3347168  678815    1.3880       5198.2
    top-10: 41.4% of mass, 99.6% of excess-loss
Epoch 74: loss=1.379076  (54.39 sec, 65 subtrees, 730 chunks, 34623339 nodes)
  residual top-10 (subtree_mass × max(avg_loss − 1.379, 0)):
    rc   rootID   mass      avg_loss     score 
    39   1660971  2741100   1.4420       172388.4
    1    138709   8244278   1.3905       94251.9
    46   3463254  2317775   1.3913       28270.2
    44   3229301  724285    1.4049       18682.3
    40   2098840  473230    1.4118       15485.4
    41   2178351  766679    1.3965       13324.8
    42   2302712  1539203   1.3874       12835.9
    50   4218803  1289869   1.3845       6959.7
    45   3347168  678815    1.3878       5945.9
    7    1422321  79638     1.4451       5259.2
    top-10: 41.4% of mass, 99.7% of excess-loss
Epoch 75: loss=1.373449  (54.38 sec, 65 subtrees, 730 chunks, 34623339 nodes)
  residual top-10 (subtree_mass × max(avg_loss − 1.373, 0)):
    rc   rootID   mass      avg_loss     score 
    1    138709   8244278   1.3895       132019.6
    39   1660971  2741100   1.4194       126087.1
    46   3463254  2317775   1.3853       27541.6
    44   3229301  724285    1.3989       18464.7
    40   2098840  473230    1.4002       12669.5
    41   2178351  766679    1.3879       11094.5
    42   2302712  1539203   1.3798       9846.2
    50   4218803  1289869   1.3801       8602.7
    7    1422321  79638     1.4421       5467.5
    45   3347168  678815    1.3814       5408.8
    top-10: 41.4% of mass, 98.9% of excess-loss
Epoch 76: loss=1.370951  (54.36 sec, 65 subtrees, 730 chunks, 34623339 nodes)
  residual top-10 (subtree_mass × max(avg_loss − 1.371, 0)):
    rc   rootID   mass      avg_loss     score 
    1    138709   8244278   1.3849       115128.7
    39   1660971  2741100   1.4094       105395.4
    46   3463254  2317775   1.3849       32220.0
    44   3229301  724285    1.3972       18998.1
    40   2098840  473230    1.4011       14255.2
    42   2302712  1539203   1.3796       13314.3
    41   2178351  766679    1.3876       12741.1
    50   4218803  1289869   1.3787       10006.9
    45   3347168  678815    1.3805       6481.7
    58   6141841  3228512   1.3728       6083.8
    top-10: 48.3% of mass, 97.5% of excess-loss
Epoch 77: loss=1.369978  (54.34 sec, 65 subtrees, 730 chunks, 34623339 nodes)
  residual top-10 (subtree_mass × max(avg_loss − 1.370, 0)):
    rc   rootID   mass      avg_loss     score 
    39   1660971  2741100   1.4246       149816.2
    1    138709   8244278   1.3838       113881.2
    46   3463254  2317775   1.3820       27888.3
    44   3229301  724285    1.3949       18082.0
    41   2178351  766679    1.3897       15111.7
    40   2098840  473230    1.4004       14390.8
    42   2302712  1539203   1.3791       14070.9
    50   4218803  1289869   1.3768       8752.3
    45   3347168  678815    1.3790       6143.4
    7    1422321  79638     1.4360       5255.5
    top-10: 41.4% of mass, 99.2% of excess-loss
Epoch 78: loss=1.364458  (54.39 sec, 65 subtrees, 730 chunks, 34623339 nodes)
  residual top-10 (subtree_mass × max(avg_loss − 1.364, 0)):
    rc   rootID   mass      avg_loss     score 
    1    138709   8244278   1.3807       134234.4
    39   1660971  2741100   1.3995       96152.0
    46   3463254  2317775   1.3778       30972.0
    44   3229301  724285    1.3895       18157.4
    40   2098840  473230    1.3888       11525.4
    42   2302712  1539203   1.3716       10947.5
    41   2178351  766679    1.3787       10942.5
    50   4218803  1289869   1.3727       10640.2
    58   6141841  3228512   1.3674       9404.3
    45   3347168  678815    1.3737       6289.1
    top-10: 48.3% of mass, 96.8% of excess-loss
Epoch 79: loss=1.363045  (54.38 sec, 65 subtrees, 730 chunks, 34623339 nodes)
  residual top-10 (subtree_mass × max(avg_loss − 1.363, 0)):
    rc   rootID   mass      avg_loss     score 
    1    138709   8244278   1.3781       124303.0
    39   1660971  2741100   1.3973       93952.9
    46   3463254  2317775   1.3772       32734.0
    44   3229301  724285    1.3889       18718.1
    42   2302712  1539203   1.3713       12638.9
    40   2098840  473230    1.3892       12388.6
    41   2178351  766679    1.3783       11709.9
    50   4218803  1289869   1.3717       11193.5
    58   6141841  3228512   1.3662       10215.3
    45   3347168  678815    1.3731       6828.4
    top-10: 48.3% of mass, 95.9% of excess-loss
Epoch 80: loss=1.360651  (54.40 sec, 65 subtrees, 730 chunks, 34623339 nodes)
  residual top-10 (subtree_mass × max(avg_loss − 1.361, 0)):
    rc   rootID   mass      avg_loss     score 
    1    138709   8244278   1.3768       133398.4
    39   1660971  2741100   1.3929       88393.2
    46   3463254  2317775   1.3745       32169.3
    44   3229301  724285    1.3861       18459.4
    42   2302712  1539203   1.3689       12704.6
    40   2098840  473230    1.3854       11705.4
    41   2178351  766679    1.3757       11508.8
    50   4218803  1289869   1.3695       11418.1
    58   6141841  3228512   1.3639       10553.3
    45   3347168  678815    1.3708       6884.4
    top-10: 48.3% of mass, 95.8% of excess-loss
Epoch 81: loss=1.357991  (54.33 sec, 65 subtrees, 730 chunks, 34623339 nodes)
  residual top-10 (subtree_mass × max(avg_loss − 1.358, 0)):
    rc   rootID   mass      avg_loss     score 
    1    138709   8244278   1.3748       138485.1
    39   1660971  2741100   1.3868       79083.4
    46   3463254  2317775   1.3725       33600.2
    44   3229301  724285    1.3835       18505.7
    58   6141841  3228512   1.3623       13768.2
    42   2302712  1539203   1.3659       12168.7
    40   2098840  473230    1.3827       11669.5
    50   4218803  1289869   1.3669       11541.1
    41   2178351  766679    1.3729       11451.2
    45   3347168  678815    1.3686       7175.7
    top-10: 48.3% of mass, 95.2% of excess-loss
Epoch 82: loss=1.355862  (54.37 sec, 65 subtrees, 730 chunks, 34623339 nodes)
  residual top-10 (subtree_mass × max(avg_loss − 1.356, 0)):
    rc   rootID   mass      avg_loss     score 
    1    138709   8244278   1.3725       137471.8
    39   1660971  2741100   1.3844       78349.3
    46   3463254  2317775   1.3705       33905.4
    44   3229301  724285    1.3817       18718.7
    58   6141841  3228512   1.3604       14668.7
    42   2302712  1539203   1.3644       13073.8
    41   2178351  766679    1.3715       11995.3
    50   4218803  1289869   1.3651       11892.9
    40   2098840  473230    1.3803       11576.4
    45   3347168  678815    1.3667       7349.0
    top-10: 48.3% of mass, 94.9% of excess-loss
Epoch 83: loss=1.354242  (54.37 sec, 65 subtrees, 730 chunks, 34623339 nodes)
  residual top-10 (subtree_mass × max(avg_loss − 1.354, 0)):
    rc   rootID   mass      avg_loss     score 
    1    138709   8244278   1.3709       137590.0
    39   1660971  2741100   1.3813       74080.0
    46   3463254  2317775   1.3691       34538.8
    44   3229301  724285    1.3799       18578.4
    58   6141841  3228512   1.3591       15808.3
    42   2302712  1539203   1.3628       13129.8
    50   4218803  1289869   1.3639       12473.2
    41   2178351  766679    1.3698       11899.8
    40   2098840  473230    1.3783       11395.1
    45   3347168  678815    1.3654       7563.5
    top-10: 48.3% of mass, 94.2% of excess-loss
Epoch 84: loss=1.352950  (54.40 sec, 65 subtrees, 730 chunks, 34623339 nodes)
  residual top-10 (subtree_mass × max(avg_loss − 1.353, 0)):
    rc   rootID   mass      avg_loss     score 
    1    138709   8244278   1.3699       139458.1
    39   1660971  2741100   1.3781       68886.7
    46   3463254  2317775   1.3678       34412.4
    44   3229301  724285    1.3786       18572.9
    58   6141841  3228512   1.3583       17124.5
    42   2302712  1539203   1.3616       13368.5
    50   4218803  1289869   1.3632       13271.8
    41   2178351  766679    1.3680       11561.7
    40   2098840  473230    1.3757       10749.6
    45   3347168  678815    1.3645       7859.8
    top-10: 48.3% of mass, 93.4% of excess-loss
Epoch 85: loss=1.351497  (54.39 sec, 65 subtrees, 730 chunks, 34623338 nodes)
  residual top-10 (subtree_mass × max(avg_loss − 1.351, 0)):
    rc   rootID   mass      avg_loss     score 
    1    138709   8244278   1.3686       141382.9
    39   1660971  2741100   1.3753       65279.1
    46   3463254  2317775   1.3666       34956.3
    44   3229301  724285    1.3773       18707.6
    58   6141841  3228512   1.3572       18460.3
    42   2302712  1539203   1.3602       13444.9
    50   4218803  1289869   1.3614       12755.4
    41   2178351  766679    1.3671       11993.7
    40   2098840  473230    1.3743       10767.7
    45   3347168  678815    1.3636       8197.8
    top-10: 48.3% of mass, 93.1% of excess-loss
Epoch 86: loss=1.350163  (54.34 sec, 65 subtrees, 730 chunks, 34623338 nodes)
  residual top-10 (subtree_mass × max(avg_loss − 1.350, 0)):
    rc   rootID   mass      avg_loss     score 
    1    138709   8244278   1.3679       145908.7
    39   1660971  2741100   1.3712       57759.4
    46   3463254  2317775   1.3654       35332.0
    58   6141841  3228512   1.3564       20259.7
    44   3229301  724285    1.3762       18855.1
    50   4218803  1289869   1.3603       13109.2
    42   2302712  1539203   1.3580       12125.2
    41   2178351  766679    1.3643       10869.7
    40   2098840  473230    1.3713       9984.7
    53   4965123  2594188   1.3539       9747.7
    top-10: 52.5% of mass, 92.6% of excess-loss
Epoch 87: loss=1.348966  (54.36 sec, 65 subtrees, 730 chunks, 34623339 nodes)
  residual top-10 (subtree_mass × max(avg_loss − 1.349, 0)):
    rc   rootID   mass      avg_loss     score 
    1    138709   8244278   1.3668       147408.4
    39   1660971  2741100   1.3703       58567.9
    46   3463254  2317775   1.3644       35684.9
    58   6141841  3228512   1.3553       20425.7
    44   3229301  724285    1.3747       18630.1
    42   2302712  1539203   1.3580       13883.1
    50   4218803  1289869   1.3589       12818.5
    41   2178351  766679    1.3644       11813.1
    40   2098840  473230    1.3704       10127.5
    53   4965123  2594188   1.3527       9682.7
    top-10: 52.5% of mass, 92.7% of excess-loss
Epoch 88: loss=1.347855  (54.39 sec, 65 subtrees, 730 chunks, 34623339 nodes)
  residual top-10 (subtree_mass × max(avg_loss − 1.348, 0)):
    rc   rootID   mass      avg_loss     score 
    1    138709   8244278   1.3658       147842.9
    39   1660971  2741100   1.3675       53872.3
    46   3463254  2317775   1.3635       36244.4
    58   6141841  3228512   1.3546       21750.4
    44   3229301  724285    1.3743       19131.1
    42   2302712  1539203   1.3568       13748.7
    50   4218803  1289869   1.3580       13121.0
    41   2178351  766679    1.3630       11647.2
    53   4965123  2594188   1.3518       10328.2
    40   2098840  473230    1.3679       9496.6
    top-10: 52.5% of mass, 92.0% of excess-loss
Epoch 89: loss=1.347016  (54.42 sec, 65 subtrees, 730 chunks, 34623339 nodes)
  residual top-10 (subtree_mass × max(avg_loss − 1.347, 0)):
    rc   rootID   mass      avg_loss     score 
    1    138709   8244278   1.3651       149247.7
    39   1660971  2741100   1.3659       51784.9
    46   3463254  2317775   1.3627       36444.9
    58   6141841  3228512   1.3540       22621.8
    44   3229301  724285    1.3735       19148.8
    42   2302712  1539203   1.3561       13931.8
    50   4218803  1289869   1.3572       13164.7
    41   2178351  766679    1.3621       11544.6
    53   4965123  2594188   1.3512       10856.6
    40   2098840  473230    1.3666       9268.1
    top-10: 52.5% of mass, 91.7% of excess-loss
Epoch 90: loss=1.346098  (54.37 sec, 65 subtrees, 730 chunks, 34623339 nodes)
  residual top-10 (subtree_mass × max(avg_loss − 1.346, 0)):
    rc   rootID   mass      avg_loss     score 
    1    138709   8244278   1.3647       153602.2
    39   1660971  2741100   1.3635       47575.3
    46   3463254  2317775   1.3619       36737.7
    58   6141841  3228512   1.3533       23390.6
    44   3229301  724285    1.3726       19179.8
    42   2302712  1539203   1.3550       13706.6
    50   4218803  1289869   1.3565       13394.1
    53   4965123  2594188   1.3506       11586.0
    41   2178351  766679    1.3603       10871.8
    40   2098840  473230    1.3645       8715.5
    top-10: 52.5% of mass, 91.5% of excess-loss
Epoch 91: loss=1.345615  (54.36 sec, 65 subtrees, 730 chunks, 34623337 nodes)
  residual top-10 (subtree_mass × max(avg_loss − 1.346, 0)):
    rc   rootID   mass      avg_loss     score 
    1    138709   8244278   1.3641       152549.0
    39   1660971  2741100   1.3621       45213.4
    46   3463254  2317775   1.3617       37389.6
    58   6141841  3228512   1.3531       24221.8
    44   3229301  724285    1.3719       19037.8
    42   2302712  1539203   1.3548       14174.4
    50   4218803  1289869   1.3562       13605.3
    53   4965123  2594188   1.3503       12124.6
    41   2178351  766679    1.3595       10646.8
    45   3347168  678815    1.3589       9049.7
    top-10: 52.9% of mass, 91.0% of excess-loss
Epoch 92: loss=1.345021  (54.34 sec, 65 subtrees, 730 chunks, 34623339 nodes)
  residual top-10 (subtree_mass × max(avg_loss − 1.345, 0)):
    rc   rootID   mass      avg_loss     score 
    1    138709   8244278   1.3640       156308.5
    39   1660971  2741100   1.3604       42156.6
    46   3463254  2317775   1.3613       37777.6
    58   6141841  3228512   1.3527       24935.8
    44   3229301  724285    1.3714       19127.0
    50   4218803  1289869   1.3556       13659.7
    42   2302712  1539203   1.3538       13516.2
    53   4965123  2594188   1.3499       12706.0
    41   2178351  766679    1.3584       10239.0
    45   3347168  678815    1.3585       9134.0
    top-10: 52.9% of mass, 90.9% of excess-loss
Epoch 93: loss=1.344636  (54.39 sec, 65 subtrees, 730 chunks, 34623339 nodes)
  residual top-10 (subtree_mass × max(avg_loss − 1.345, 0)):
    rc   rootID   mass      avg_loss     score 
    1    138709   8244278   1.3637       157137.9
    39   1660971  2741100   1.3594       40475.7
    46   3463254  2317775   1.3612       38466.7
    58   6141841  3228512   1.3526       25817.0
    44   3229301  724285    1.3712       19227.8
    50   4218803  1289869   1.3553       13711.5
    42   2302712  1539203   1.3533       13362.7
    53   4965123  2594188   1.3498       13352.5
    41   2178351  766679    1.3573       9701.6
    45   3347168  678815    1.3584       9362.3
    top-10: 52.9% of mass, 90.7% of excess-loss
Epoch 94: loss=1.344334  (54.39 sec, 65 subtrees, 730 chunks, 34623339 nodes)
  residual top-10 (subtree_mass × max(avg_loss − 1.344, 0)):
    rc   rootID   mass      avg_loss     score 
    1    138709   8244278   1.3637       159503.3
    46   3463254  2317775   1.3611       38896.0
    39   1660971  2741100   1.3581       37864.7
    58   6141841  3228512   1.3526       26778.2
    44   3229301  724285    1.3707       19095.9
    53   4965123  2594188   1.3498       14109.3
    50   4218803  1289869   1.3552       14023.0
    42   2302712  1539203   1.3525       12517.8
    45   3347168  678815    1.3581       9311.5
    47   3809957  2279927   1.3483       9129.6
    top-10: 56.2% of mass, 90.5% of excess-loss
Epoch 95: loss=1.344064  (54.41 sec, 65 subtrees, 730 chunks, 34623339 nodes)
  residual top-10 (subtree_mass × max(avg_loss − 1.344, 0)):
    rc   rootID   mass      avg_loss     score 
    1    138709   8244278   1.3636       161417.6
    46   3463254  2317775   1.3610       39359.4
    39   1660971  2741100   1.3573       36159.3
    58   6141841  3228512   1.3527       27903.8
    44   3229301  724285    1.3701       18885.3
    53   4965123  2594188   1.3498       14857.4
    50   4218803  1289869   1.3553       14441.2
    42   2302712  1539203   1.3514       11322.0
    47   3809957  2279927   1.3482       9524.1
    45   3347168  678815    1.3577       9253.0
    top-10: 56.2% of mass, 90.6% of excess-loss
Epoch 96: loss=1.343865  (54.34 sec, 65 subtrees, 730 chunks, 34623339 nodes)
  residual top-10 (subtree_mass × max(avg_loss − 1.344, 0)):
    rc   rootID   mass      avg_loss     score 
    1    138709   8244278   1.3639       165053.3
    46   3463254  2317775   1.3608       39155.9
    39   1660971  2741100   1.3565       34768.5
    58   6141841  3228512   1.3528       28991.9
    44   3229301  724285    1.3696       18626.9
    53   4965123  2594188   1.3499       15531.7
    50   4218803  1289869   1.3552       14628.7
    42   2302712  1539203   1.3503       9901.5
    47   3809957  2279927   1.3480       9399.2
    45   3347168  678815    1.3572       9054.8
    top-10: 56.2% of mass, 90.7% of excess-loss
Epoch 97: loss=1.343647  (54.35 sec, 65 subtrees, 730 chunks, 34623339 nodes)
  residual top-10 (subtree_mass × max(avg_loss − 1.344, 0)):
    rc   rootID   mass      avg_loss     score 
    1    138709   8244278   1.3642       169425.5
    46   3463254  2317775   1.3603       38557.7
    39   1660971  2741100   1.3562       34323.8
    58   6141841  3228512   1.3530       30275.1
    44   3229301  724285    1.3688       18192.5
    53   4965123  2594188   1.3498       15982.8
    50   4218803  1289869   1.3550       14701.7
    57   5794595  2162522   1.3479       9153.5
    47   3809957  2279927   1.3475       8895.7
    45   3347168  678815    1.3562       8548.4
    top-10: 57.6% of mass, 90.9% of excess-loss
Epoch 98: loss=1.343398  (54.39 sec, 65 subtrees, 730 chunks, 34623339 nodes)
  residual top-10 (subtree_mass × max(avg_loss − 1.343, 0)):
    rc   rootID   mass      avg_loss     score 
    1    138709   8244278   1.3646       174620.5
    46   3463254  2317775   1.3597       37809.2
    39   1660971  2741100   1.3560       34547.1
    58   6141841  3228512   1.3530       31117.8
    44   3229301  724285    1.3679       17713.1
    53   4965123  2594188   1.3496       16219.0
    50   4218803  1289869   1.3548       14671.9
    57   5794595  2162522   1.3478       9587.0
    47   3809957  2279927   1.3470       8238.8
    45   3347168  678815    1.3553       8048.5
    top-10: 57.6% of mass, 91.6% of excess-loss
Epoch 99: loss=1.343209  (54.39 sec, 65 subtrees, 730 chunks, 34623339 nodes)
  residual top-10 (subtree_mass × max(avg_loss − 1.343, 0)):
    rc   rootID   mass      avg_loss     score 
    1    138709   8244278   1.3649       178624.7
    46   3463254  2317775   1.3593       37245.8
    39   1660971  2741100   1.3560       34994.6
    58   6141841  3228512   1.3530       31571.3
    44   3229301  724285    1.3672       17370.6
    53   4965123  2594188   1.3495       16353.4
    50   4218803  1289869   1.3544       14495.0
    57   5794595  2162522   1.3478       9963.4
    45   3347168  678815    1.3545       7632.0
    47   3809957  2279927   1.3465       7492.9
    top-10: 57.6% of mass, 92.1% of excess-loss
Epoch 100: loss=1.343118  (54.40 sec, 65 subtrees, 730 chunks, 34623339 nodes)
  residual top-10 (subtree_mass × max(avg_loss − 1.343, 0)):
    rc   rootID   mass      avg_loss     score 
    1    138709   8244278   1.3650       180030.1
    46   3463254  2317775   1.3591       37006.9
    39   1660971  2741100   1.3560       35357.8
    58   6141841  3228512   1.3530       31835.2
    44   3229301  724285    1.3670       17304.8
    53   4965123  2594188   1.3494       16187.3
    50   4218803  1289869   1.3544       14524.5
    57   5794595  2162522   1.3477       9949.2
    45   3347168  678815    1.3542       7510.9
    47   3809957  2279927   1.3464       7369.2
    top-10: 57.6% of mass, 92.2% of excess-loss
Saved to /tmp/gut_l4_d256_100se/depth_s1/trained.model
Done.
  Appended optimizer state to /tmp/gut_l4_d256_100se/depth_s1/trained.model (adam_t=6500)
