INFO: --anc-grad: per-subtree descendant→ancestor gradient flow enabled (Wk/Wv get full gradient instead of own-edge-only)
AGPT CUDA Training Engine
  Model: d=128 heads=8 layers=12 ff=512 vocab=65 seq=16(header) head_dim=16
  Loaded 2396225 weight floats (9360.3 KB)
  Loaded optimizer state from checkpoint (adam_t=0)
Loading radix trie from /tmp/gutenberg_5m_baseline_d16_radix...
  Radix trie: 7073694 nodes, 34623339 total edge chars, 17 endpoint depths
  Radix loaded: 11884367 counts entries, 63118178 ancestor char entries
  d_split: 4570307/7073694 nodes have a mass=1 ancestor (mean depth 10.48)
  lr-schedule: warmup-cosine (peak=0.003, warmup_epochs=5)
  optimizer: rmsprop (lr=0.003)
  curriculum: flat (d=max each epoch)
  max edge_len: 15, max ancestor chars: 15, max KV per node: 30, max endpoint depth: 16
  mass=1 compaction: 29783005 / 34623339 chars are mass=1 (86.0%); cache holds 4840334 positions
  loop points: 160826 (mass>1 leaves; 6.4% of 2503386 mass>1 nodes)
  KV cache: 29739.0 MB unified memory (bf16 compact)
  GPU memory: 10987.8 MB used, 74108.0 MB free, 85095.9 MB total
  65 root-child subtrees: sizes min=3 max=1116592 avg=108826.0 (total=7073693 radix nodes)
  anc-grad: max_n_subtree_compact_chars=785090, 12 layers x 3 buffers x 401.97 MB + 19.36 MB lookup = 14515.26 MB total
Epoch 1: loss=3.135265  (95.26 sec, 65 subtrees, 730 chunks, 34623339 nodes)
  residual top-10 (subtree_mass × max(avg_loss − 3.135, 0)):
    rc   rootID   mass      avg_loss     score 
    1    138709   8244278   4.5275       11478220.3
    0    1        824077    5.2439       1737706.9
    6    1317879  754528    3.9867       642418.9
    5    1263676  342947    4.0879       326687.8
    8    1439897  392288    3.3715       92681.0
    2    1255301  46307     4.1821       48477.5
    7    1422321  79638     3.6933       44443.5
    11   1500886  77582     3.3905       19798.4
    21   1567603  178953    3.2284       16659.5
    16   1544473  24477     3.6269       12032.7
    top-10: 24.1% of mass, 99.5% of excess-loss
Epoch 2: loss=2.501755  (93.45 sec, 65 subtrees, 730 chunks, 34623339 nodes)
  residual top-10 (subtree_mass × max(avg_loss − 2.502, 0)):
    rc   rootID   mass      avg_loss     score 
    6    1317879  754528    3.1849       515438.6
    1    138709   8244278   2.5614       491400.5
    43   2546378  4367096   2.5805       343936.7
    5    1263676  342947    3.3818       301809.5
    56   5475765  1903021   2.5859       160102.5
    8    1439897  392288    2.8283       128088.8
    44   3229301  724285    2.5867       61520.0
    7    1422321  79638     3.0464       43373.5
    0    1        824077    2.5483       38378.9
    39   1660971  2741100   2.5110       25438.0
    top-10: 44.7% of mass, 94.5% of excess-loss
Epoch 3: loss=2.343975  (93.46 sec, 65 subtrees, 730 chunks, 34623339 nodes)
  residual top-10 (subtree_mass × max(avg_loss − 2.344, 0)):
    rc   rootID   mass      avg_loss     score 
    6    1317879  754528    3.3135       731565.7
    1    138709   8244278   2.4164       596987.2
    5    1263676  342947    3.4702       386224.8
    39   1660971  2741100   2.4835       382328.1
    8    1439897  392288    2.8481       197774.1
    7    1422321  79638     3.1820       66741.5
    40   2098840  473230    2.4707       59992.9
    0    1        824077    2.3985       44925.8
    44   3229301  724285    2.3847       29474.8
    43   2546378  4367096   2.3505       28676.2
    top-10: 41.6% of mass, 95.0% of excess-loss
Epoch 4: loss=2.253351  (93.41 sec, 65 subtrees, 730 chunks, 34623339 nodes)
  residual top-10 (subtree_mass × max(avg_loss − 2.253, 0)):
    rc   rootID   mass      avg_loss     score 
    5    1263676  342947    4.2285       677355.9
    6    1317879  754528    3.1442       672178.8
    8    1439897  392288    3.4515       470028.1
    1    138709   8244278   2.2875       281510.7
    39   1660971  2741100   2.3288       206916.6
    7    1422321  79638     3.2676       80769.9
    11   1500886  77582     2.6021       27053.4
    13   1520469  67330     2.5622       20794.2
    12   1513476  42580     2.6228       15731.1
    42   2302712  1539203   2.2612       12078.7
    top-10: 31.3% of mass, 97.1% of excess-loss
Epoch 5: loss=2.196738  (93.43 sec, 65 subtrees, 730 chunks, 34623339 nodes)
  residual top-10 (subtree_mass × max(avg_loss − 2.197, 0)):
    rc   rootID   mass      avg_loss     score 
    6    1317879  754528    3.8410       1240660.4
    8    1439897  392288    3.5259       521412.7
    5    1263676  342947    3.6122       485411.5
    39   1660971  2741100   2.2921       261509.8
    7    1422321  79638     3.7513       123805.4
    42   2302712  1539203   2.2212       37647.5
    40   2098840  473230    2.2639       31801.1
    11   1500886  77582     2.4893       22697.8
    21   1567603  178953    2.3166       21447.9
    13   1520469  67330     2.5105       21123.6
    top-10: 14.6% of mass, 96.0% of excess-loss
Epoch 6: loss=2.113268  (93.46 sec, 65 subtrees, 730 chunks, 34623339 nodes)
  residual top-10 (subtree_mass × max(avg_loss − 2.113, 0)):
    rc   rootID   mass      avg_loss     score 
    6    1317879  754528    3.2605       865582.3
    5    1263676  342947    3.9774       639289.6
    39   1660971  2741100   2.2155       280247.0
    8    1439897  392288    2.8068       272047.4
    7    1422321  79638     3.1136       79663.9
    11   1500886  77582     2.4727       27886.6
    13   1520469  67330     2.4460       22401.3
    12   1513476  42580     2.5164       17165.8
    40   2098840  473230    2.1462       15573.0
    21   1567603  178953    2.1789       11750.8
    top-10: 11.3% of mass, 96.8% of excess-loss
Epoch 7: loss=2.042233  (93.42 sec, 65 subtrees, 730 chunks, 34623339 nodes)
  residual top-10 (subtree_mass × max(avg_loss − 2.042, 0)):
    rc   rootID   mass      avg_loss     score 
    6    1317879  754528    2.8307       594892.7
    5    1263676  342947    3.2441       412189.2
    39   1660971  2741100   2.1458       284011.7
    8    1439897  392288    2.4378       155159.3
    7    1422321  79638     2.6253       46433.0
    13   1520469  67330     2.4687       28711.3
    11   1500886  77582     2.3888       26890.6
    42   2302712  1539203   2.0577       23832.3
    12   1513476  42580     2.5230       20471.2
    41   2178351  766679    2.0685       20144.8
    top-10: 14.9% of mass, 94.3% of excess-loss
Epoch 8: loss=2.000754  (93.45 sec, 65 subtrees, 730 chunks, 34623339 nodes)
  residual top-10 (subtree_mass × max(avg_loss − 2.001, 0)):
    rc   rootID   mass      avg_loss     score 
    6    1317879  754528    3.1837       892601.3
    5    1263676  342947    3.2466       427274.8
    39   1660971  2741100   2.1214       330741.3
    8    1439897  392288    2.5321       208458.4
    7    1422321  79638     3.0182       81025.4
    40   2098840  473230    2.0668       31238.6
    11   1500886  77582     2.1876       14496.5
    13   1520469  67330     2.2132       14301.8
    12   1513476  42580     2.2332       9895.9
    15   1539367  34390     2.1957       6704.6
    top-10: 11.0% of mass, 97.4% of excess-loss
Epoch 9: loss=2.005582  (93.45 sec, 65 subtrees, 730 chunks, 34623339 nodes)
  residual top-10 (subtree_mass × max(avg_loss − 2.006, 0)):
    rc   rootID   mass      avg_loss     score 
    6    1317879  754528    2.8132       609400.9
    5    1263676  342947    3.4060       480268.6
    39   1660971  2741100   2.1340       351909.4
    8    1439897  392288    2.5263       204259.6
    7    1422321  79638     2.6683       52777.6
    11   1500886  77582     2.3518       26861.7
    40   2098840  473230    2.0546       23181.3
    13   1520469  67330     2.3428       22705.8
    12   1513476  42580     2.4552       19144.5
    15   1539367  34390     2.3313       11201.9
    top-10: 11.0% of mass, 95.3% of excess-loss
Epoch 10: loss=1.969902  (93.41 sec, 65 subtrees, 730 chunks, 34623339 nodes)
  residual top-10 (subtree_mass × max(avg_loss − 1.970, 0)):
    rc   rootID   mass      avg_loss     score 
    6    1317879  754528    2.9041       704865.1
    5    1263676  342947    3.0938       385424.6
    39   1660971  2741100   2.0823       307970.7
    8    1439897  392288    2.6201       255055.9
    7    1422321  79638     3.0086       82715.9
    11   1500886  77582     2.1737       15814.9
    40   2098840  473230    2.0024       15398.7
    13   1520469  67330     2.1869       14611.1
    12   1513476  42580     2.1984       9729.4
    15   1539367  34390     2.1874       7481.0
    top-10: 11.0% of mass, 96.7% of excess-loss
Epoch 11: loss=1.921662  (93.45 sec, 65 subtrees, 730 chunks, 34623339 nodes)
  residual top-10 (subtree_mass × max(avg_loss − 1.922, 0)):
    rc   rootID   mass      avg_loss     score 
    6    1317879  754528    2.4684       412555.4
    39   1660971  2741100   2.0659       395373.2
    5    1263676  342947    2.8776       327832.9
    8    1439897  392288    2.2769       139353.3
    7    1422321  79638     2.3787       36398.0
    40   2098840  473230    1.9774       26355.2
    41   2178351  766679    1.9351       10276.0
    11   1500886  77582     2.0525       10146.9
    13   1520469  67330     2.0692       9935.6
    12   1513476  42580     2.0852       6964.3
    top-10: 12.6% of mass, 96.8% of excess-loss
Epoch 12: loss=1.883936  (93.46 sec, 65 subtrees, 730 chunks, 34623339 nodes)
  residual top-10 (subtree_mass × max(avg_loss − 1.884, 0)):
    rc   rootID   mass      avg_loss     score 
    6    1317879  754528    2.4661       439257.0
    5    1263676  342947    3.0217       390179.1
    39   1660971  2741100   1.9810       266064.0
    8    1439897  392288    2.1295       96319.6
    7    1422321  79638     2.2729       30977.4
    40   2098840  473230    1.9167       15490.9
    11   1500886  77582     2.0062       9488.4
    13   1520469  67330     2.0244       9455.1
    12   1513476  42580     2.0237       5952.8
    42   2302712  1539203   1.8876       5699.6
    top-10: 14.3% of mass, 96.2% of excess-loss
Epoch 13: loss=1.877063  (93.43 sec, 65 subtrees, 730 chunks, 34623339 nodes)
  residual top-10 (subtree_mass × max(avg_loss − 1.877, 0)):
    rc   rootID   mass      avg_loss     score 
    39   1660971  2741100   2.0622       507473.6
    6    1317879  754528    2.3616       365560.8
    5    1263676  342947    2.7499       299344.4
    8    1439897  392288    2.2782       157352.1
    40   2098840  473230    2.1009       105934.6
    41   2178351  766679    1.9618       64954.5
    7    1422321  79638     2.4166       42968.8
    42   2302712  1539203   1.8932       24793.2
    11   1500886  77582     2.0194       11042.4
    13   1520469  67330     2.0208       9677.4
    top-10: 15.9% of mass, 97.4% of excess-loss
Epoch 14: loss=1.828421  (93.44 sec, 65 subtrees, 730 chunks, 34623339 nodes)
  residual top-10 (subtree_mass × max(avg_loss − 1.828, 0)):
    rc   rootID   mass      avg_loss     score 
    39   1660971  2741100   1.9496       332198.5
    6    1317879  754528    2.1956       277014.6
    5    1263676  342947    2.4684       219471.0
    8    1439897  392288    1.9631       52839.5
    40   2098840  473230    1.8881       28260.4
    42   2302712  1539203   1.8404       18512.9
    7    1422321  79638     2.0342       16387.3
    41   2178351  766679    1.8453       12956.9
    13   1520469  67330     1.9401       7522.4
    44   3229301  724285    1.8371       6266.3
    top-10: 17.3% of mass, 96.4% of excess-loss
Epoch 15: loss=1.827969  (93.43 sec, 65 subtrees, 730 chunks, 34623339 nodes)
  residual top-10 (subtree_mass × max(avg_loss − 1.828, 0)):
    rc   rootID   mass      avg_loss     score 
    6    1317879  754528    2.6193       597113.6
    5    1263676  342947    2.8914       364687.7
    39   1660971  2741100   1.9492       332220.3
    8    1439897  392288    2.1817       138757.7
    7    1422321  79638     2.2965       37313.8
    40   2098840  473230    1.8685       19180.3
    11   1500886  77582     2.0003       13371.6
    13   1520469  67330     1.9804       10265.3
    12   1513476  42580     1.9902       6908.8
    15   1539367  34390     1.9738       5013.6
    top-10: 11.0% of mass, 98.3% of excess-loss
Epoch 16: loss=1.871450  (93.43 sec, 65 subtrees, 730 chunks, 34623339 nodes)
  residual top-10 (subtree_mass × max(avg_loss − 1.871, 0)):
    rc   rootID   mass      avg_loss     score 
    6    1317879  754528    3.2753       1059276.4
    5    1263676  342947    3.5251       567116.7
    39   1660971  2741100   1.9737       280231.6
    8    1439897  392288    2.5637       271553.4
    7    1422321  79638     3.2307       108251.7
    11   1500886  77582     2.1457       21277.3
    13   1520469  67330     2.1110       16126.5
    12   1513476  42580     2.1673       12596.0
    40   2098840  473230    1.8909       9226.4
    15   1539367  34390     2.1059       8063.9
    top-10: 11.0% of mass, 98.0% of excess-loss
Epoch 17: loss=1.805932  (93.43 sec, 65 subtrees, 730 chunks, 34623339 nodes)
  residual top-10 (subtree_mass × max(avg_loss − 1.806, 0)):
    rc   rootID   mass      avg_loss     score 
    6    1317879  754528    2.3761       430213.1
    39   1660971  2741100   1.9156       300672.8
    5    1263676  342947    2.6264       281389.9
    8    1439897  392288    2.0633       100945.8
    7    1422321  79638     2.2614       36268.6
    40   2098840  473230    1.8419       17030.5
    11   1500886  77582     1.9368       10152.2
    13   1520469  67330     1.9461       9435.0
    12   1513476  42580     1.9578       6466.3
    15   1539367  34390     1.9706       5663.9
    top-10: 11.0% of mass, 97.2% of excess-loss
Epoch 18: loss=1.773666  (93.47 sec, 65 subtrees, 730 chunks, 34623339 nodes)
  residual top-10 (subtree_mass × max(avg_loss − 1.774, 0)):
    rc   rootID   mass      avg_loss     score 
    6    1317879  754528    2.1746       302482.1
    39   1660971  2741100   1.8839       302148.5
    5    1263676  342947    2.4603       235467.2
    8    1439897  392288    1.9243       59086.8
    7    1422321  79638     2.0688       23501.2
    40   2098840  473230    1.8131       18658.0
    44   3229301  724285    1.7854       8531.7
    42   2302712  1539203   1.7776       6036.2
    13   1520469  67330     1.8571       5614.8
    15   1539367  34390     1.8943       4150.0
    top-10: 15.7% of mass, 97.3% of excess-loss
Epoch 19: loss=1.742515  (93.47 sec, 65 subtrees, 730 chunks, 34623339 nodes)
  residual top-10 (subtree_mass × max(avg_loss − 1.743, 0)):
    rc   rootID   mass      avg_loss     score 
    39   1660971  2741100   1.8755       364438.5
    6    1317879  754528    1.9538       159412.4
    5    1263676  342947    2.1651       144909.5
    42   2302712  1539203   1.7662       36494.3
    8    1439897  392288    1.8341       35914.5
    40   2098840  473230    1.8129       33322.6
    41   2178351  766679    1.7721       22714.7
    43   2546378  4367096   1.7467       18066.1
    44   3229301  724285    1.7661       17079.9
    7    1422321  79638     1.9418       15868.5
    top-10: 26.7% of mass, 96.5% of excess-loss
Epoch 20: loss=1.713762  (93.48 sec, 65 subtrees, 730 chunks, 34623339 nodes)
  residual top-10 (subtree_mass × max(avg_loss − 1.714, 0)):
    rc   rootID   mass      avg_loss     score 
    39   1660971  2741100   1.8368       337318.6
    6    1317879  754528    1.8987       139520.5
    5    1263676  342947    2.0483       114735.8
    8    1439897  392288    1.8311       46017.0
    40   2098840  473230    1.7532       18643.2
    44   3229301  724285    1.7378       17406.5
    7    1422321  79638     1.9249       16812.2
    42   2302712  1539203   1.7234       14886.4
    41   2178351  766679    1.7238       7671.2
    46   3463254  2317775   1.7159       4848.6
    top-10: 22.2% of mass, 95.1% of excess-loss
Epoch 21: loss=1.706477  (93.47 sec, 65 subtrees, 730 chunks, 34623339 nodes)
  residual top-10 (subtree_mass × max(avg_loss − 1.706, 0)):
    rc   rootID   mass      avg_loss     score 
    6    1317879  754528    2.1467       332123.4
    39   1660971  2741100   1.8187       307737.8
    5    1263676  342947    2.2500       186396.0
    8    1439897  392288    1.7994       36450.0
    7    1422321  79638     1.9867       22315.3
    40   2098840  473230    1.7473       19312.7
    44   3229301  724285    1.7289       16229.9
    42   2302712  1539203   1.7098       5142.1
    13   1520469  67330     1.7714       4372.9
    45   3347168  678815    1.7122       3877.6
    top-10: 17.1% of mass, 97.6% of excess-loss
Epoch 22: loss=1.676655  (93.47 sec, 65 subtrees, 730 chunks, 34623339 nodes)
  residual top-10 (subtree_mass × max(avg_loss − 1.677, 0)):
    rc   rootID   mass      avg_loss     score 
    39   1660971  2741100   1.8008       340270.0
    6    1317879  754528    1.9036       171229.2
    5    1263676  342947    2.0568       130376.6
    40   2098840  473230    1.7253       23010.0
    7    1422321  79638     1.8798       16174.3
    8    1439897  392288    1.7165       15618.7
    44   3229301  724285    1.6919       11023.6
    42   2302712  1539203   1.6831       9845.5
    41   2178351  766679    1.6870       7929.0
    13   1520469  67330     1.7346       3902.5
    top-10: 17.3% of mass, 96.9% of excess-loss
Epoch 23: loss=1.663360  (93.45 sec, 65 subtrees, 730 chunks, 34623339 nodes)
  residual top-10 (subtree_mass × max(avg_loss − 1.663, 0)):
    rc   rootID   mass      avg_loss     score 
    39   1660971  2741100   1.7800       319702.7
    6    1317879  754528    1.8598       148220.2
    5    1263676  342947    1.9895       111846.2
    43   2546378  4367096   1.6703       30520.8
    8    1439897  392288    1.7341       27744.1
    40   2098840  473230    1.7094       21802.2
    42   2302712  1539203   1.6770       21023.9
    44   3229301  724285    1.6896       19040.7
    7    1422321  79638     1.8704       16486.5
    41   2178351  766679    1.6828       14941.0
    top-10: 26.7% of mass, 95.5% of excess-loss
Epoch 24: loss=1.643483  (93.43 sec, 65 subtrees, 730 chunks, 34623339 nodes)
  residual top-10 (subtree_mass × max(avg_loss − 1.643, 0)):
    rc   rootID   mass      avg_loss     score 
    39   1660971  2741100   1.7844       386282.2
    6    1317879  754528    1.8031       120447.9
    5    1263676  342947    1.9263       96986.8
    40   2098840  473230    1.7220       37140.3
    42   2302712  1539203   1.6675       36985.8
    43   2546378  4367096   1.6514       34416.0
    41   2178351  766679    1.6839       30974.2
    7    1422321  79638     1.8099       13250.4
    44   3229301  724285    1.6609       12598.2
    8    1439897  392288    1.6696       10256.3
    top-10: 26.7% of mass, 97.7% of excess-loss
Epoch 25: loss=1.628918  (93.46 sec, 65 subtrees, 730 chunks, 34623339 nodes)
  residual top-10 (subtree_mass × max(avg_loss − 1.629, 0)):
    rc   rootID   mass      avg_loss     score 
    39   1660971  2741100   1.7632       368040.7
    6    1317879  754528    1.7748       110084.5
    5    1263676  342947    1.8896       89402.1
    42   2302712  1539203   1.6493       31411.9
    41   2178351  766679    1.6682       30094.6
    43   2546378  4367096   1.6357       29699.4
    40   2098840  473230    1.6860       27029.5
    8    1439897  392288    1.6793       19757.1
    44   3229301  724285    1.6515       16344.4
    7    1422321  79638     1.8077       14236.4
    top-10: 26.7% of mass, 95.4% of excess-loss
Epoch 26: loss=1.679267  (93.41 sec, 65 subtrees, 730 chunks, 34623339 nodes)
  residual top-10 (subtree_mass × max(avg_loss − 1.679, 0)):
    rc   rootID   mass      avg_loss     score 
    6    1317879  754528    2.6002       694888.2
    5    1263676  342947    2.8740       409723.0
    8    1439897  392288    2.3310       255665.0
    39   1660971  2741100   1.7722       254871.4
    7    1422321  79638     2.6924       80682.5
    11   1500886  77582     2.0102       25672.3
    13   1520469  67330     2.0224       23103.0
    12   1513476  42580     1.9874       13118.7
    15   1539367  34390     1.9925       10773.7
    40   2098840  473230    1.7013       10432.6
    top-10: 11.0% of mass, 97.7% of excess-loss
Epoch 27: loss=1.791389  (93.42 sec, 65 subtrees, 730 chunks, 34623339 nodes)
  residual top-10 (subtree_mass × max(avg_loss − 1.791, 0)):
    rc   rootID   mass      avg_loss     score 
    6    1317879  754528    3.8964       1588265.3
    8    1439897  392288    3.6609       733373.3
    5    1263676  342947    3.6196       626988.2
    39   1660971  2741100   1.9491       432303.5
    7    1422321  79638     3.6991       151924.7
    11   1500886  77582     2.4531       51340.0
    13   1520469  67330     2.2285       29429.1
    12   1513476  42580     2.3237       22664.3
    40   2098840  473230    1.8193       13222.5
    14   1531441  43678     2.0815       12672.0
    top-10: 11.0% of mass, 98.0% of excess-loss
Epoch 28: loss=1.697041  (93.45 sec, 65 subtrees, 730 chunks, 34623339 nodes)
  residual top-10 (subtree_mass × max(avg_loss − 1.697, 0)):
    rc   rootID   mass      avg_loss     score 
    6    1317879  754528    2.2189       393727.5
    5    1263676  342947    2.6226       317425.9
    39   1660971  2741100   1.7956       270084.8
    8    1439897  392288    1.8810       72176.6
    7    1422321  79638     2.1135       33166.6
    40   2098840  473230    1.7183       10063.2
    13   1520469  67330     1.8011       7007.9
    11   1500886  77582     1.7838       6729.9
    15   1539367  34390     1.8511       5297.1
    44   3229301  724285    1.7022       3756.0
    top-10: 12.5% of mass, 97.8% of excess-loss
Epoch 29: loss=1.665857  (93.40 sec, 65 subtrees, 730 chunks, 34623339 nodes)
  residual top-10 (subtree_mass × max(avg_loss − 1.666, 0)):
    rc   rootID   mass      avg_loss     score 
    6    1317879  754528    2.1547       368851.5
    39   1660971  2741100   1.7588       254857.0
    5    1263676  342947    2.2306       193663.7
    8    1439897  392288    1.8123       57458.6
    7    1422321  79638     1.9971       26379.9
    40   2098840  473230    1.6958       14160.3
    44   3229301  724285    1.6830       12385.5
    42   2302712  1539203   1.6714       8591.5
    41   2178351  766679    1.6733       5738.1
    13   1520469  67330     1.7486       5573.5
    top-10: 17.3% of mass, 96.9% of excess-loss
Epoch 30: loss=1.667453  (93.44 sec, 65 subtrees, 730 chunks, 34623339 nodes)
  residual top-10 (subtree_mass × max(avg_loss − 1.667, 0)):
    rc   rootID   mass      avg_loss     score 
    6    1317879  754528    2.5385       657261.7
    5    1263676  342947    2.7266       363246.5
    39   1660971  2741100   1.7600       253682.0
    8    1439897  392288    1.8856       85579.0
    7    1422321  79638     2.3005       50410.8
    40   2098840  473230    1.6854       8502.0
    13   1520469  67330     1.7654       6594.6
    11   1500886  77582     1.7500       6404.9
    15   1539367  34390     1.8085       4852.0
    12   1513476  42580     1.7365       2939.7
    top-10: 11.0% of mass, 98.7% of excess-loss
Epoch 31: loss=1.644445  (93.45 sec, 65 subtrees, 730 chunks, 34623339 nodes)
  residual top-10 (subtree_mass × max(avg_loss − 1.644, 0)):
    rc   rootID   mass      avg_loss     score 
    39   1660971  2741100   1.7660       333171.2
    6    1317879  754528    1.9178       206232.0
    5    1263676  342947    2.2196       197250.0
    8    1439897  392288    1.7263       32111.6
    43   2546378  4367096   1.6501       24864.4
    40   2098840  473230    1.6816       17564.8
    7    1422321  79638     1.8627       17383.8
    44   3229301  724285    1.6679       17023.8
    42   2302712  1539203   1.6540       14728.5
    41   2178351  766679    1.6508       4840.8
    top-10: 26.7% of mass, 96.4% of excess-loss
Epoch 32: loss=1.617855  (93.41 sec, 65 subtrees, 730 chunks, 34623339 nodes)
  residual top-10 (subtree_mass × max(avg_loss − 1.618, 0)):
    rc   rootID   mass      avg_loss     score 
    39   1660971  2741100   1.7164       270114.6
    6    1317879  754528    1.8400       167630.0
    5    1263676  342947    2.0989       164981.3
    8    1439897  392288    1.6690       20049.8
    1    138709   8244278   1.6201       18831.2
    40   2098840  473230    1.6513       15831.5
    7    1422321  79638     1.8059       14972.2
    44   3229301  724285    1.6333       11197.7
    42   2302712  1539203   1.6231       8105.9
    15   1539367  34390     1.7243       3660.7
    top-10: 33.6% of mass, 97.0% of excess-loss
Epoch 33: loss=1.601274  (93.45 sec, 65 subtrees, 730 chunks, 34623339 nodes)
  residual top-10 (subtree_mass × max(avg_loss − 1.601, 0)):
    rc   rootID   mass      avg_loss     score 
    39   1660971  2741100   1.7202       326056.5
    6    1317879  754528    1.7085       80880.5
    5    1263676  342947    1.8061       70239.6
    44   3229301  724285    1.6252       17298.8
    42   2302712  1539203   1.6116       15878.7
    40   2098840  473230    1.6332       15092.5
    46   3463254  2317775   1.6065       12065.3
    43   2546378  4367096   1.6036       10160.9
    7    1422321  79638     1.7277       10064.6
    45   3347168  678815    1.6115       6917.9
    top-10: 30.8% of mass, 94.8% of excess-loss
Epoch 34: loss=1.613684  (93.43 sec, 65 subtrees, 730 chunks, 34623339 nodes)
  residual top-10 (subtree_mass × max(avg_loss − 1.614, 0)):
    rc   rootID   mass      avg_loss     score 
    39   1660971  2741100   1.8691       700157.2
    6    1317879  754528    1.6987       64164.9
    43   2546378  4367096   1.6281       63030.3
    5    1263676  342947    1.7561       48848.5
    40   2098840  473230    1.7158       48302.5
    42   2302712  1539203   1.6370       35959.4
    41   2178351  766679    1.6544       31194.7
    44   3229301  724285    1.6419       20427.8
    7    1422321  79638     1.7177       8282.9
    45   3347168  678815    1.6230       6305.7
    top-10: 27.3% of mass, 99.0% of excess-loss
Epoch 35: loss=1.578888  (93.42 sec, 65 subtrees, 730 chunks, 34623339 nodes)
  residual top-10 (subtree_mass × max(avg_loss − 1.579, 0)):
    rc   rootID   mass      avg_loss     score 
    39   1660971  2741100   1.6942       316095.4
    5    1263676  342947    1.7072       43990.9
    6    1317879  754528    1.6329       40761.2
    43   2546378  4367096   1.5880       39876.3
    1    138709   8244278   1.5834       37358.5
    42   2302712  1539203   1.5991       31182.1
    44   3229301  724285    1.6092       21972.2
    40   2098840  473230    1.6215       20152.3
    41   2178351  766679    1.5954       12651.0
    46   3463254  2317775   1.5831       9747.1
    top-10: 48.9% of mass, 95.2% of excess-loss
Epoch 36: loss=1.561664  (93.46 sec, 65 subtrees, 730 chunks, 34623339 nodes)
  residual top-10 (subtree_mass × max(avg_loss − 1.562, 0)):
    rc   rootID   mass      avg_loss     score 
    39   1660971  2741100   1.6830       332557.5
    5    1263676  342947    1.6821       41293.0
    6    1317879  754528    1.6059       33340.3
    46   3463254  2317775   1.5714       22573.8
    40   2098840  473230    1.6009       18566.1
    44   3229301  724285    1.5868       18172.4
    42   2302712  1539203   1.5723       16392.9
    43   2546378  4367096   1.5648       13656.3
    7    1422321  79638     1.6666       8355.4
    41   2178351  766679    1.5724       8254.2
    top-10: 30.9% of mass, 94.4% of excess-loss
Epoch 37: loss=1.549615  (93.43 sec, 65 subtrees, 730 chunks, 34623339 nodes)
  residual top-10 (subtree_mass × max(avg_loss − 1.550, 0)):
    rc   rootID   mass      avg_loss     score 
    39   1660971  2741100   1.6536       284956.0
    5    1263676  342947    1.6998       51494.4
    6    1317879  754528    1.6145       48993.8
    1    138709   8244278   1.5520       19580.8
    40   2098840  473230    1.5814       15024.4
    44   3229301  724285    1.5701       14842.9
    42   2302712  1539203   1.5591       14544.9
    7    1422321  79638     1.6716       9716.9
    41   2178351  766679    1.5564       5228.9
    46   3463254  2317775   1.5515       4383.9
    top-10: 39.4% of mass, 95.0% of excess-loss
Epoch 38: loss=1.539801  (93.42 sec, 65 subtrees, 730 chunks, 34623339 nodes)
  residual top-10 (subtree_mass × max(avg_loss − 1.540, 0)):
    rc   rootID   mass      avg_loss     score 
    39   1660971  2741100   1.6508       304353.2
    6    1317879  754528    1.5955       42044.9
    5    1263676  342947    1.6385       33845.1
    40   2098840  473230    1.5795       18775.4
    42   2302712  1539203   1.5517       18248.3
    44   3229301  724285    1.5634       17078.8
    43   2546378  4367096   1.5431       14609.9
    41   2178351  766679    1.5530       10127.3
    7    1422321  79638     1.6573       9356.0
    46   3463254  2317775   1.5436       8702.1
    top-10: 30.9% of mass, 96.7% of excess-loss
Epoch 39: loss=1.526824  (93.45 sec, 65 subtrees, 730 chunks, 34623339 nodes)
  residual top-10 (subtree_mass × max(avg_loss − 1.527, 0)):
    rc   rootID   mass      avg_loss     score 
    39   1660971  2741100   1.6556       352911.1
    1    138709   8244278   1.5361       76507.0
    40   2098840  473230    1.5703       20574.5
    44   3229301  724285    1.5497       16593.9
    42   2302712  1539203   1.5374       16249.1
    43   2546378  4367096   1.5301       14119.7
    46   3463254  2317775   1.5328       13790.8
    41   2178351  766679    1.5409       10807.1
    7    1422321  79638     1.6098       6610.8
    6    1317879  754528    1.5346       5837.0
    top-10: 48.3% of mass, 96.0% of excess-loss
Epoch 40: loss=1.513128  (93.41 sec, 65 subtrees, 730 chunks, 34623339 nodes)
  residual top-10 (subtree_mass × max(avg_loss − 1.513, 0)):
    rc   rootID   mass      avg_loss     score 
    39   1660971  2741100   1.6328       327936.9
    1    138709   8244278   1.5212       66215.4
    43   2546378  4367096   1.5191       25960.5
    44   3229301  724285    1.5448       22907.8
    46   3463254  2317775   1.5220       20523.1
    42   2302712  1539203   1.5263       20296.6
    40   2098840  473230    1.5524       18588.4
    6    1317879  754528    1.5255       9329.3
    45   3347168  678815    1.5247       7882.2
    7    1422321  79638     1.6043       7264.7
    top-10: 48.1% of mass, 95.2% of excess-loss
Epoch 41: loss=1.508703  (93.45 sec, 65 subtrees, 730 chunks, 34623339 nodes)
  residual top-10 (subtree_mass × max(avg_loss − 1.509, 0)):
    rc   rootID   mass      avg_loss     score 
    39   1660971  2741100   1.6412       363082.4
    43   2546378  4367096   1.5210       53699.0
    42   2302712  1539203   1.5392       46937.5
    40   2098840  473230    1.5675       27827.1
    41   2178351  766679    1.5387       22999.3
    44   3229301  724285    1.5370       20490.3
    46   3463254  2317775   1.5141       12494.4
    7    1422321  79638     1.5817       5811.6
    45   3347168  678815    1.5170       5606.9
    31   1628740  37700     1.5742       2467.7
    top-10: 30.1% of mass, 98.6% of excess-loss
Epoch 42: loss=1.502551  (93.43 sec, 65 subtrees, 730 chunks, 34623339 nodes)
  residual top-10 (subtree_mass × max(avg_loss − 1.503, 0)):
    rc   rootID   mass      avg_loss     score 
    39   1660971  2741100   1.6430       384918.2
    1    138709   8244278   1.5067       33827.8
    42   2302712  1539203   1.5213       28838.9
    40   2098840  473230    1.5597       27022.4
    43   2546378  4367096   1.5078       22972.6
    41   2178351  766679    1.5256       17662.3
    44   3229301  724285    1.5248       16086.0
    7    1422321  79638     1.5780       6010.3
    45   3347168  678815    1.5083       3874.4
    31   1628740  37700     1.5591       2133.6
    top-10: 43.1% of mass, 99.3% of excess-loss
Epoch 43: loss=1.493241  (93.41 sec, 65 subtrees, 730 chunks, 34623339 nodes)
  residual top-10 (subtree_mass × max(avg_loss − 1.493, 0)):
    rc   rootID   mass      avg_loss     score 
    39   1660971  2741100   1.6265       365150.2
    1    138709   8244278   1.4964       26435.5
    46   3463254  2317775   1.5038       24488.1
    42   2302712  1539203   1.5091       24348.3
    40   2098840  473230    1.5402       22240.2
    44   3229301  724285    1.5189       18613.2
    43   2546378  4367096   1.4973       17793.4
    41   2178351  766679    1.5129       15063.4
    7    1422321  79638     1.5741       6441.5
    45   3347168  678815    1.5023       6138.6
    top-10: 48.1% of mass, 98.5% of excess-loss
Epoch 44: loss=1.487274  (93.45 sec, 65 subtrees, 730 chunks, 34623339 nodes)
  residual top-10 (subtree_mass × max(avg_loss − 1.487, 0)):
    rc   rootID   mass      avg_loss     score 
    39   1660971  2741100   1.6363       408447.7
    42   2302712  1539203   1.5080       31856.5
    43   2546378  4367096   1.4943       30800.7
    40   2098840  473230    1.5521       30665.1
    41   2178351  766679    1.5250       28898.7
    1    138709   8244278   1.4897       20097.3
    44   3229301  724285    1.5086       15472.6
    7    1422321  79638     1.5664       6300.0
    31   1628740  37700     1.5416       2047.4
    35   1650038  43657     1.5158       1244.9
    top-10: 41.7% of mass, 99.6% of excess-loss
Epoch 45: loss=1.475026  (93.43 sec, 65 subtrees, 730 chunks, 34623339 nodes)
  residual top-10 (subtree_mass × max(avg_loss − 1.475, 0)):
    rc   rootID   mass      avg_loss     score 
    39   1660971  2741100   1.6009       344917.6
    1    138709   8244278   1.4834       69211.9
    42   2302712  1539203   1.4904       23671.7
    40   2098840  473230    1.5194       21015.1
    43   2546378  4367096   1.4792       18353.0
    44   3229301  724285    1.4975       16281.6
    46   3463254  2317775   1.4819       15837.7
    41   2178351  766679    1.4899       11423.1
    7    1422321  79638     1.5547       6342.1
    45   3347168  678815    1.4791       2789.4
    top-10: 48.1% of mass, 98.8% of excess-loss
Epoch 46: loss=1.469891  (93.43 sec, 65 subtrees, 730 chunks, 34623339 nodes)
  residual top-10 (subtree_mass × max(avg_loss − 1.470, 0)):
    rc   rootID   mass      avg_loss     score 
    39   1660971  2741100   1.6004       357708.5
    42   2302712  1539203   1.4896       30349.9
    43   2546378  4367096   1.4764       28222.0
    46   3463254  2317775   1.4818       27602.7
    44   3229301  724285    1.5024       23517.5
    40   2098840  473230    1.5128       20294.5
    41   2178351  766679    1.4874       13428.7
    7    1422321  79638     1.5503       6404.1
    45   3347168  678815    1.4780       5503.1
    31   1628740  37700     1.5334       2395.0
    top-10: 30.1% of mass, 99.3% of excess-loss
Epoch 47: loss=1.469800  (93.46 sec, 65 subtrees, 730 chunks, 34623339 nodes)
  residual top-10 (subtree_mass × max(avg_loss − 1.470, 0)):
    rc   rootID   mass      avg_loss     score 
    39   1660971  2741100   1.6395       465283.2
    40   2098840  473230    1.5340       30373.0
    42   2302712  1539203   1.4859       24707.2
    1    138709   8244278   1.4723       20781.6
    41   2178351  766679    1.4931       17872.2
    44   3229301  724285    1.4904       14929.0
    43   2546378  4367096   1.4714       6935.9
    7    1422321  79638     1.5356       5237.0
    46   3463254  2317775   1.4720       5023.1
    31   1628740  37700     1.5166       1766.0
    top-10: 46.7% of mass, 99.7% of excess-loss
Epoch 48: loss=1.458336  (93.43 sec, 65 subtrees, 730 chunks, 34623339 nodes)
  residual top-10 (subtree_mass × max(avg_loss − 1.458, 0)):
    rc   rootID   mass      avg_loss     score 
    39   1660971  2741100   1.6028       396025.1
    1    138709   8244278   1.4651       55507.0
    40   2098840  473230    1.5068       22954.5
    42   2302712  1539203   1.4713       19994.1
    44   3229301  724285    1.4820       17121.8
    46   3463254  2317775   1.4650       15462.9
    41   2178351  766679    1.4748       12645.0
    43   2546378  4367096   1.4598       6250.5
    7    1422321  79638     1.5368       6246.1
    45   3347168  678815    1.4635       3476.4
    top-10: 48.1% of mass, 99.3% of excess-loss
Epoch 49: loss=1.449483  (93.45 sec, 65 subtrees, 730 chunks, 34623339 nodes)
  residual top-10 (subtree_mass × max(avg_loss − 1.449, 0)):
    rc   rootID   mass      avg_loss     score 
    39   1660971  2741100   1.5808       359947.9
    1    138709   8244278   1.4531       29759.4
    42   2302712  1539203   1.4657       24995.7
    46   3463254  2317775   1.4589       21877.8
    40   2098840  473230    1.4933       20737.8
    43   2546378  4367096   1.4540       19928.0
    44   3229301  724285    1.4742       17887.5
    41   2178351  766679    1.4682       14354.3
    45   3347168  678815    1.4582       5909.6
    7    1422321  79638     1.5236       5898.7
    top-10: 48.1% of mass, 99.3% of excess-loss
Epoch 50: loss=1.461769  (93.46 sec, 65 subtrees, 730 chunks, 34623339 nodes)
  residual top-10 (subtree_mass × max(avg_loss − 1.462, 0)):
    rc   rootID   mass      avg_loss     score 
    39   1660971  2741100   1.6959       641780.8
    43   2546378  4367096   1.4741       53833.2
    42   2302712  1539203   1.4911       45093.9
    40   2098840  473230    1.5527       43024.7
    41   2178351  766679    1.5025       31255.4
    44   3229301  724285    1.4913       21395.6
    46   3463254  2317775   1.4659       9595.3
    45   3347168  678815    1.4698       5481.7
    7    1422321  79638     1.5227       4848.8
    35   1650038  43657     1.5006       1697.3
    top-10: 30.1% of mass, 99.8% of excess-loss
Epoch 51: loss=1.439853  (93.43 sec, 65 subtrees, 730 chunks, 34623339 nodes)
  residual top-10 (subtree_mass × max(avg_loss − 1.440, 0)):
    rc   rootID   mass      avg_loss     score 
    39   1660971  2741100   1.5610       332195.2
    1    138709   8244278   1.4472       60528.8
    43   2546378  4367096   1.4478       34645.2
    42   2302712  1539203   1.4579       27833.8
    46   3463254  2317775   1.4507       25125.7
    40   2098840  473230    1.4842       20990.9
    44   3229301  724285    1.4685       20754.5
    41   2178351  766679    1.4600       15409.8
    45   3347168  678815    1.4492       6343.0
    7    1422321  79638     1.5169       6137.4
    top-10: 48.1% of mass, 99.5% of excess-loss
Epoch 52: loss=1.432010  (93.46 sec, 65 subtrees, 730 chunks, 34623339 nodes)
  residual top-10 (subtree_mass × max(avg_loss − 1.432, 0)):
    rc   rootID   mass      avg_loss     score 
    39   1660971  2741100   1.5741       389610.2
    1    138709   8244278   1.4408       72430.0
    40   2098840  473230    1.4812       23256.6
    42   2302712  1539203   1.4426       16314.8
    41   2178351  766679    1.4511       14642.9
    44   3229301  724285    1.4519       14408.8
    46   3463254  2317775   1.4357       8467.7
    7    1422321  79638     1.5017       5551.4
    45   3347168  678815    1.4374       3639.4
    31   1628740  37700     1.5132       3059.9
    top-10: 38.6% of mass, 99.4% of excess-loss
Epoch 53: loss=1.423485  (93.46 sec, 65 subtrees, 730 chunks, 34623339 nodes)
  residual top-10 (subtree_mass × max(avg_loss − 1.423, 0)):
    rc   rootID   mass      avg_loss     score 
    39   1660971  2741100   1.5351       305987.2
    1    138709   8244278   1.4301       54625.6
    43   2546378  4367096   1.4306       31255.3
    46   3463254  2317775   1.4352       27230.5
    42   2302712  1539203   1.4406       26313.8
    44   3229301  724285    1.4543       22350.4
    40   2098840  473230    1.4664       20331.8
    41   2178351  766679    1.4444       16068.2
    45   3347168  678815    1.4332       6595.7
    7    1422321  79638     1.4984       5964.5
    top-10: 48.1% of mass, 99.6% of excess-loss
Epoch 54: loss=1.418006  (93.42 sec, 65 subtrees, 730 chunks, 34623338 nodes)
  residual top-10 (subtree_mass × max(avg_loss − 1.418, 0)):
    rc   rootID   mass      avg_loss     score 
    39   1660971  2741100   1.5417       339008.2
    1    138709   8244278   1.4228       39934.5
    46   3463254  2317775   1.4296       26862.0
    40   2098840  473230    1.4636       21565.0
    44   3229301  724285    1.4438       18688.2
    42   2302712  1539203   1.4294       17463.0
    41   2178351  766679    1.4335       11846.2
    7    1422321  79638     1.4931       5983.9
    45   3347168  678815    1.4262       5553.7
    43   2546378  4367096   1.4187       3082.5
    top-10: 48.1% of mass, 99.1% of excess-loss
Epoch 55: loss=1.414970  (93.46 sec, 65 subtrees, 730 chunks, 34623339 nodes)
  residual top-10 (subtree_mass × max(avg_loss − 1.415, 0)):
    rc   rootID   mass      avg_loss     score 
    39   1660971  2741100   1.5552       384304.3
    1    138709   8244278   1.4204       44600.2
    43   2546378  4367096   1.4195       19841.7
    40   2098840  473230    1.4568       19815.3
    42   2302712  1539203   1.4276       19462.7
    44   3229301  724285    1.4365       15565.8
    41   2178351  766679    1.4331       13907.8
    46   3463254  2317775   1.4195       10585.6
    7    1422321  79638     1.4907       6029.5
    45   3347168  678815    1.4187       2504.2
    top-10: 48.1% of mass, 99.6% of excess-loss
Epoch 56: loss=1.410130  (93.44 sec, 65 subtrees, 730 chunks, 34623339 nodes)
  residual top-10 (subtree_mass × max(avg_loss − 1.410, 0)):
    rc   rootID   mass      avg_loss     score 
    39   1660971  2741100   1.5382       350999.4
    1    138709   8244278   1.4157       45873.1
    42   2302712  1539203   1.4262       24714.7
    40   2098840  473230    1.4536       20577.2
    44   3229301  724285    1.4355       18344.3
    43   2546378  4367096   1.4141       17217.7
    46   3463254  2317775   1.4169       15651.6
    41   2178351  766679    1.4283       13949.6
    7    1422321  79638     1.4807       5621.7
    45   3347168  678815    1.4138       2458.8
    top-10: 48.1% of mass, 99.6% of excess-loss
Epoch 57: loss=1.404405  (93.43 sec, 65 subtrees, 730 chunks, 34623338 nodes)
  residual top-10 (subtree_mass × max(avg_loss − 1.404, 0)):
    rc   rootID   mass      avg_loss     score 
    39   1660971  2741100   1.5206       318491.0
    1    138709   8244278   1.4087       35531.0
    42   2302712  1539203   1.4214       26131.3
    40   2098840  473230    1.4471       20223.2
    43   2546378  4367096   1.4087       18885.0
    44   3229301  724285    1.4274       16651.9
    46   3463254  2317775   1.4114       16175.2
    41   2178351  766679    1.4236       14753.9
    7    1422321  79638     1.4773       5804.5
    45   3347168  678815    1.4099       3742.5
    top-10: 48.1% of mass, 98.7% of excess-loss
Epoch 58: loss=1.398265  (93.48 sec, 65 subtrees, 730 chunks, 34623339 nodes)
  residual top-10 (subtree_mass × max(avg_loss − 1.398, 0)):
    rc   rootID   mass      avg_loss     score 
    39   1660971  2741100   1.5274       353984.9
    1    138709   8244278   1.4074       74929.7
    40   2098840  473230    1.4370       18338.8
    42   2302712  1539203   1.4093       16910.9
    44   3229301  724285    1.4182       14432.9
    46   3463254  2317775   1.4035       12220.6
    41   2178351  766679    1.4123       10742.7
    7    1422321  79638     1.4700       5711.9
    45   3347168  678815    1.4024       2826.4
    31   1628740  37700     1.4350       1385.8
    top-10: 38.6% of mass, 100.0% of excess-loss
Epoch 59: loss=1.395170  (93.44 sec, 65 subtrees, 730 chunks, 34623339 nodes)
  residual top-10 (subtree_mass × max(avg_loss − 1.395, 0)):
    rc   rootID   mass      avg_loss     score 
    39   1660971  2741100   1.5219       347244.3
    1    138709   8244278   1.3994       34833.3
    46   3463254  2317775   1.4067       26744.4
    40   2098840  473230    1.4487       25341.8
    44   3229301  724285    1.4201       18032.1
    42   2302712  1539203   1.4057       16208.5
    41   2178351  766679    1.4129       13616.9
    45   3347168  678815    1.4045       6348.5
    7    1422321  79638     1.4645       5519.7
    50   4218803  1289869   1.3975       2974.6
    top-10: 41.4% of mass, 99.7% of excess-loss
Epoch 60: loss=1.392457  (93.46 sec, 65 subtrees, 730 chunks, 34623339 nodes)
  residual top-10 (subtree_mass × max(avg_loss − 1.392, 0)):
    rc   rootID   mass      avg_loss     score 
    39   1660971  2741100   1.5292       374869.8
    1    138709   8244278   1.3975       41334.0
    40   2098840  473230    1.4372       21157.5
    42   2302712  1539203   1.4052       19591.2
    46   3463254  2317775   1.3993       15901.5
    44   3229301  724285    1.4143       15846.0
    41   2178351  766679    1.4106       13902.5
    43   2546378  4367096   1.3945       8934.6
    45   3347168  678815    1.4008       5687.1
    7    1422321  79638     1.4585       5262.5
    top-10: 48.1% of mass, 99.8% of excess-loss
Epoch 61: loss=1.384165  (93.49 sec, 65 subtrees, 730 chunks, 34623339 nodes)
  residual top-10 (subtree_mass × max(avg_loss − 1.384, 0)):
    rc   rootID   mass      avg_loss     score 
    39   1660971  2741100   1.4831       271083.1
    1    138709   8244278   1.3941       82208.0
    46   3463254  2317775   1.3964       28398.0
    44   3229301  724285    1.4097       18479.5
    40   2098840  473230    1.4220       17909.2
    42   2302712  1539203   1.3956       17551.6
    41   2178351  766679    1.4009       12800.3
    45   3347168  678815    1.3990       10088.7
    43   2546378  4367096   1.3858       7262.1
    7    1422321  79638     1.4553       5667.8
    top-10: 48.1% of mass, 99.3% of excess-loss
Epoch 62: loss=1.380941  (93.47 sec, 65 subtrees, 730 chunks, 34623339 nodes)
  residual top-10 (subtree_mass × max(avg_loss − 1.381, 0)):
    rc   rootID   mass      avg_loss     score 
    39   1660971  2741100   1.4972       318731.3
    1    138709   8244278   1.3875       54117.3
    46   3463254  2317775   1.3896       20183.3
    40   2098840  473230    1.4192       18105.1
    42   2302712  1539203   1.3925       17864.1
    44   3229301  724285    1.4030       16000.0
    41   2178351  766679    1.3982       13225.9
    45   3347168  678815    1.3921       7566.1
    7    1422321  79638     1.4505       5538.6
    50   4218803  1289869   1.3827       2321.6
    top-10: 41.4% of mass, 99.7% of excess-loss
Epoch 63: loss=1.378862  (93.45 sec, 65 subtrees, 730 chunks, 34623338 nodes)
  residual top-10 (subtree_mass × max(avg_loss − 1.379, 0)):
    rc   rootID   mass      avg_loss     score 
    39   1660971  2741100   1.5180       381298.7
    1    138709   8244278   1.3844       46013.8
    42   2302712  1539203   1.3917       19798.4
    40   2098840  473230    1.4193       19112.9
    44   3229301  724285    1.3999       15204.5
    46   3463254  2317775   1.3847       13469.1
    41   2178351  766679    1.3959       13060.0
    45   3347168  678815    1.3889       6821.2
    7    1422321  79638     1.4482       5518.1
    31   1628740  37700     1.3836       177.2 
    top-10: 38.6% of mass, 100.0% of excess-loss
Epoch 64: loss=1.375115  (93.45 sec, 65 subtrees, 730 chunks, 34623339 nodes)
  residual top-10 (subtree_mass × max(avg_loss − 1.375, 0)):
    rc   rootID   mass      avg_loss     score 
    39   1660971  2741100   1.5033       351385.1
    1    138709   8244278   1.3808       46482.8
    46   3463254  2317775   1.3847       22122.0
    40   2098840  473230    1.4147       18756.4
    44   3229301  724285    1.3984       16879.3
    42   2302712  1539203   1.3860       16701.1
    41   2178351  766679    1.3947       15029.5
    45   3347168  678815    1.3885       9105.4
    7    1422321  79638     1.4430       5405.4
    50   4218803  1289869   1.3767       2087.3
    top-10: 41.4% of mass, 100.0% of excess-loss
Epoch 65: loss=1.368107  (93.44 sec, 65 subtrees, 730 chunks, 34623339 nodes)
  residual top-10 (subtree_mass × max(avg_loss − 1.368, 0)):
    rc   rootID   mass      avg_loss     score 
    39   1660971  2741100   1.4697       278442.4
    1    138709   8244278   1.3781       82717.5
    46   3463254  2317775   1.3770       20600.9
    42   2302712  1539203   1.3794       17366.9
    44   3229301  724285    1.3890       15140.4
    40   2098840  473230    1.3995       14863.5
    41   2178351  766679    1.3819       10572.8
    45   3347168  678815    1.3785       7026.2
    7    1422321  79638     1.4374       5519.6
    50   4218803  1289869   1.3722       5292.7
    top-10: 41.4% of mass, 100.0% of excess-loss
Epoch 66: loss=1.364881  (93.42 sec, 65 subtrees, 730 chunks, 34623339 nodes)
  residual top-10 (subtree_mass × max(avg_loss − 1.365, 0)):
    rc   rootID   mass      avg_loss     score 
    39   1660971  2741100   1.4619       265872.6
    1    138709   8244278   1.3738       73379.3
    46   3463254  2317775   1.3751       23619.5
    42   2302712  1539203   1.3776       19649.4
    44   3229301  724285    1.3870       15985.7
    40   2098840  473230    1.3984       15849.4
    41   2178351  766679    1.3811       12410.2
    50   4218803  1289869   1.3700       6592.5
    45   3347168  678815    1.3733       5683.0
    7    1422321  79638     1.4328       5405.7
    top-10: 41.4% of mass, 99.8% of excess-loss
Epoch 67: loss=1.360209  (93.45 sec, 65 subtrees, 730 chunks, 34623338 nodes)
  residual top-10 (subtree_mass × max(avg_loss − 1.360, 0)):
    rc   rootID   mass      avg_loss     score 
    39   1660971  2741100   1.4452       233020.7
    1    138709   8244278   1.3717       95000.7
    46   3463254  2317775   1.3705       23897.6
    42   2302712  1539203   1.3717       17678.0
    44   3229301  724285    1.3824       16065.5
    40   2098840  473230    1.3932       15634.0
    41   2178351  766679    1.3735       10162.9
    50   4218803  1289869   1.3661       7576.3
    45   3347168  678815    1.3692       6122.2
    7    1422321  79638     1.4284       5429.5
    top-10: 41.4% of mass, 100.0% of excess-loss
Epoch 68: loss=1.360536  (93.46 sec, 65 subtrees, 730 chunks, 34623338 nodes)
  residual top-10 (subtree_mass × max(avg_loss − 1.361, 0)):
    rc   rootID   mass      avg_loss     score 
    39   1660971  2741100   1.4837       337604.3
    1    138709   8244278   1.3673       55411.1
    46   3463254  2317775   1.3693       20336.2
    42   2302712  1539203   1.3724       18208.7
    40   2098840  473230    1.3944       16037.8
    44   3229301  724285    1.3814       15138.0
    41   2178351  766679    1.3752       11278.0
    7    1422321  79638     1.4251       5137.9
    45   3347168  678815    1.3670       4402.1
    50   4218803  1289869   1.3637       4137.0
    top-10: 41.4% of mass, 100.0% of excess-loss
Epoch 69: loss=1.354874  (93.42 sec, 65 subtrees, 730 chunks, 34623339 nodes)
  residual top-10 (subtree_mass × max(avg_loss − 1.355, 0)):
    rc   rootID   mass      avg_loss     score 
    39   1660971  2741100   1.4453       247826.1
    1    138709   8244278   1.3661       92447.8
    46   3463254  2317775   1.3650       23557.7
    42   2302712  1539203   1.3664       17706.3
    44   3229301  724285    1.3768       15910.7
    40   2098840  473230    1.3862       14807.8
    41   2178351  766679    1.3703       11791.6
    50   4218803  1289869   1.3608       7696.9
    45   3347168  678815    1.3635       5879.0
    7    1422321  79638     1.4215       5304.3
    top-10: 41.4% of mass, 99.8% of excess-loss
Epoch 70: loss=1.350438  (93.47 sec, 65 subtrees, 730 chunks, 34623339 nodes)
  residual top-10 (subtree_mass × max(avg_loss − 1.350, 0)):
    rc   rootID   mass      avg_loss     score 
    39   1660971  2741100   1.4260       207035.9
    1    138709   8244278   1.3633       105915.6
    46   3463254  2317775   1.3617       26157.4
    42   2302712  1539203   1.3624       18476.1
    44   3229301  724285    1.3730       16326.4
    40   2098840  473230    1.3803       14147.1
    41   2178351  766679    1.3654       11445.5
    50   4218803  1289869   1.3571       8569.6
    45   3347168  678815    1.3606       6872.5
    7    1422321  79638     1.4163       5244.2
    top-10: 41.4% of mass, 99.6% of excess-loss
Epoch 71: loss=1.349270  (93.42 sec, 65 subtrees, 730 chunks, 34623338 nodes)
  residual top-10 (subtree_mass × max(avg_loss − 1.349, 0)):
    rc   rootID   mass      avg_loss     score 
    39   1660971  2741100   1.4411       251605.8
    1    138709   8244278   1.3600       88342.9
    46   3463254  2317775   1.3602       25392.4
    42   2302712  1539203   1.3614       18673.0
    44   3229301  724285    1.3712       15876.1
    40   2098840  473230    1.3806       14802.8
    41   2178351  766679    1.3652       12208.9
    50   4218803  1289869   1.3549       7319.0
    45   3347168  678815    1.3595       6973.4
    7    1422321  79638     1.4113       4941.2
    top-10: 41.4% of mass, 99.7% of excess-loss
Epoch 72: loss=1.344627  (93.41 sec, 65 subtrees, 730 chunks, 34623339 nodes)
  residual top-10 (subtree_mass × max(avg_loss − 1.345, 0)):
    rc   rootID   mass      avg_loss     score 
    39   1660971  2741100   1.4169       198141.6
    1    138709   8244278   1.3574       105196.0
    46   3463254  2317775   1.3572       29123.1
    42   2302712  1539203   1.3574       19704.1
    44   3229301  724285    1.3675       16574.6
    40   2098840  473230    1.3756       14655.8
    41   2178351  766679    1.3596       11494.1
    50   4218803  1289869   1.3517       9098.7
    45   3347168  678815    1.3549       6955.8
    7    1422321  79638     1.4081       5056.9
    top-10: 41.4% of mass, 98.7% of excess-loss
Epoch 73: loss=1.342487  (93.44 sec, 65 subtrees, 730 chunks, 34623339 nodes)
  residual top-10 (subtree_mass × max(avg_loss − 1.342, 0)):
    rc   rootID   mass      avg_loss     score 
    39   1660971  2741100   1.4222       218631.8
    1    138709   8244278   1.3552       104978.7
    46   3463254  2317775   1.3542       27125.1
    42   2302712  1539203   1.3553       19793.1
    44   3229301  724285    1.3648       16151.3
    40   2098840  473230    1.3738       14814.0
    41   2178351  766679    1.3589       12563.0
    45   3347168  678815    1.3574       10135.9
    50   4218803  1289869   1.3486       7900.1
    7    1422321  79638     1.4043       4921.9
    top-10: 41.4% of mass, 99.5% of excess-loss
Epoch 74: loss=1.339894  (93.42 sec, 65 subtrees, 730 chunks, 34623338 nodes)
  residual top-10 (subtree_mass × max(avg_loss − 1.340, 0)):
    rc   rootID   mass      avg_loss     score 
    39   1660971  2741100   1.4117       196862.2
    1    138709   8244278   1.3528       106279.5
    46   3463254  2317775   1.3527       29669.5
    42   2302712  1539203   1.3535       20894.8
    44   3229301  724285    1.3631       16826.2
    40   2098840  473230    1.3715       14957.2
    41   2178351  766679    1.3569       13069.1
    50   4218803  1289869   1.3474       9676.9
    45   3347168  678815    1.3541       9646.5
    7    1422321  79638     1.3998       4769.7
    top-10: 41.4% of mass, 98.6% of excess-loss
Epoch 75: loss=1.336563  (93.44 sec, 65 subtrees, 730 chunks, 34623339 nodes)
  residual top-10 (subtree_mass × max(avg_loss − 1.337, 0)):
    rc   rootID   mass      avg_loss     score 
    39   1660971  2741100   1.3951       160454.2
    1    138709   8244278   1.3509       118408.9
    46   3463254  2317775   1.3505       32382.9
    42   2302712  1539203   1.3500       20662.1
    44   3229301  724285    1.3606       17425.2
    40   2098840  473230    1.3658       13845.0
    41   2178351  766679    1.3525       12247.4
    50   4218803  1289869   1.3460       12123.7
    45   3347168  678815    1.3485       8100.9
    7    1422321  79638     1.3961       4742.2
    top-10: 41.4% of mass, 96.5% of excess-loss
Epoch 76: loss=1.335338  (93.44 sec, 65 subtrees, 730 chunks, 34623339 nodes)
  residual top-10 (subtree_mass × max(avg_loss − 1.335, 0)):
    rc   rootID   mass      avg_loss     score 
    39   1660971  2741100   1.4045       189701.8
    1    138709   8244278   1.3493       114753.3
    46   3463254  2317775   1.3486       30668.6
    42   2302712  1539203   1.3488       20783.9
    44   3229301  724285    1.3583       16633.4
    40   2098840  473230    1.3653       14181.4
    41   2178351  766679    1.3519       12711.0
    50   4218803  1289869   1.3432       10168.2
    45   3347168  678815    1.3492       9421.1
    7    1422321  79638     1.3942       4688.5
    top-10: 41.4% of mass, 97.9% of excess-loss
Epoch 77: loss=1.332657  (93.41 sec, 65 subtrees, 730 chunks, 34623339 nodes)
  residual top-10 (subtree_mass × max(avg_loss − 1.333, 0)):
    rc   rootID   mass      avg_loss     score 
    39   1660971  2741100   1.3907       158970.6
    1    138709   8244278   1.3478       124852.0
    46   3463254  2317775   1.3473       33879.3
    42   2302712  1539203   1.3468       21743.6
    44   3229301  724285    1.3571       17707.5
    40   2098840  473230    1.3623       14005.7
    41   2178351  766679    1.3495       12920.0
    50   4218803  1289869   1.3417       11653.9
    45   3347168  678815    1.3458       8902.3
    58   6141841  3228512   1.3344       5519.9
    top-10: 48.3% of mass, 95.8% of excess-loss
Epoch 78: loss=1.330970  (93.43 sec, 65 subtrees, 730 chunks, 34623339 nodes)
  residual top-10 (subtree_mass × max(avg_loss − 1.331, 0)):
    rc   rootID   mass      avg_loss     score 
    39   1660971  2741100   1.3901       161990.1
    1    138709   8244278   1.3461       124673.1
    46   3463254  2317775   1.3457       34123.3
    42   2302712  1539203   1.3453       22095.7
    44   3229301  724285    1.3552       17516.6
    40   2098840  473230    1.3602       13827.9
    41   2178351  766679    1.3477       12805.2
    50   4218803  1289869   1.3399       11542.0
    45   3347168  678815    1.3432       8296.3
    58   6141841  3228512   1.3330       6578.8
    top-10: 48.3% of mass, 95.6% of excess-loss
Epoch 79: loss=1.329121  (93.43 sec, 65 subtrees, 730 chunks, 34623339 nodes)
  residual top-10 (subtree_mass × max(avg_loss − 1.329, 0)):
    rc   rootID   mass      avg_loss     score 
    39   1660971  2741100   1.3826       146693.0
    1    138709   8244278   1.3447       128122.3
    46   3463254  2317775   1.3445       35565.0
    42   2302712  1539203   1.3439       22799.4
    44   3229301  724285    1.3539       17948.2
    40   2098840  473230    1.3576       13471.2
    41   2178351  766679    1.3463       13156.6
    50   4218803  1289869   1.3388       12440.3
    58   6141841  3228512   1.3320       9321.2
    45   3347168  678815    1.3425       9060.1
    top-10: 48.3% of mass, 94.5% of excess-loss
Epoch 80: loss=1.327867  (93.44 sec, 65 subtrees, 730 chunks, 34623339 nodes)
  residual top-10 (subtree_mass × max(avg_loss − 1.328, 0)):
    rc   rootID   mass      avg_loss     score 
    39   1660971  2741100   1.3816       147406.2
    1    138709   8244278   1.3436       129493.0
    46   3463254  2317775   1.3433       35838.4
    42   2302712  1539203   1.3427       22875.6
    44   3229301  724285    1.3525       17808.5
    40   2098840  473230    1.3570       13796.7
    41   2178351  766679    1.3458       13780.4
    50   4218803  1289869   1.3373       12139.6
    45   3347168  678815    1.3447       11454.0
    58   6141841  3228512   1.3309       9875.7
    top-10: 48.3% of mass, 94.4% of excess-loss
Epoch 81: loss=1.326945  (93.44 sec, 65 subtrees, 730 chunks, 34623339 nodes)
  residual top-10 (subtree_mass × max(avg_loss − 1.327, 0)):
    rc   rootID   mass      avg_loss     score 
    39   1660971  2741100   1.3813       148927.7
    1    138709   8244278   1.3427       129985.2
    46   3463254  2317775   1.3424       35756.5
    42   2302712  1539203   1.3427       24286.5
    44   3229301  724285    1.3518       17979.2
    41   2178351  766679    1.3455       14252.5
    40   2098840  473230    1.3569       14190.0
    45   3347168  678815    1.3457       12746.6
    50   4218803  1289869   1.3364       12203.4
    58   6141841  3228512   1.3301       10144.8
    top-10: 48.3% of mass, 94.1% of excess-loss
Epoch 82: loss=1.324990  (93.41 sec, 65 subtrees, 730 chunks, 34623339 nodes)
  residual top-10 (subtree_mass × max(avg_loss − 1.325, 0)):
    rc   rootID   mass      avg_loss     score 
    1    138709   8244278   1.3417       137654.2
    39   1660971  2741100   1.3695       121999.2
    46   3463254  2317775   1.3415       38338.3
    42   2302712  1539203   1.3408       24386.2
    44   3229301  724285    1.3502       18223.3
    58   6141841  3228512   1.3294       14222.3
    41   2178351  766679    1.3433       14014.4
    40   2098840  473230    1.3530       13235.0
    50   4218803  1289869   1.3352       13121.6
    45   3347168  678815    1.3441       12943.0
    top-10: 48.3% of mass, 92.1% of excess-loss
Epoch 83: loss=1.324459  (93.44 sec, 65 subtrees, 730 chunks, 34623339 nodes)
  residual top-10 (subtree_mass × max(avg_loss − 1.324, 0)):
    rc   rootID   mass      avg_loss     score 
    1    138709   8244278   1.3409       135324.7
    39   1660971  2741100   1.3717       129387.5
    46   3463254  2317775   1.3411       38464.5
    42   2302712  1539203   1.3406       24902.3
    44   3229301  724285    1.3494       18042.3
    41   2178351  766679    1.3439       14919.4
    58   6141841  3228512   1.3290       14783.0
    40   2098840  473230    1.3536       13787.5
    45   3347168  678815    1.3443       13442.9
    50   4218803  1289869   1.3346       13017.7
    top-10: 48.3% of mass, 92.2% of excess-loss
Epoch 84: loss=1.323200  (93.44 sec, 65 subtrees, 730 chunks, 34623338 nodes)
  residual top-10 (subtree_mass × max(avg_loss − 1.323, 0)):
    rc   rootID   mass      avg_loss     score 
    1    138709   8244278   1.3406       143427.9
    39   1660971  2741100   1.3659       117181.1
    46   3463254  2317775   1.3402       39382.5
    42   2302712  1539203   1.3390       24322.5
    44   3229301  724285    1.3484       18259.8
    58   6141841  3228512   1.3285       17187.9
    41   2178351  766679    1.3417       14209.0
    53   4965123  2594188   1.3285       13802.1
    50   4218803  1289869   1.3338       13685.2
    40   2098840  473230    1.3511       13181.2
    top-10: 52.5% of mass, 91.3% of excess-loss
Epoch 85: loss=1.322859  (93.41 sec, 65 subtrees, 730 chunks, 34623338 nodes)
  residual top-10 (subtree_mass × max(avg_loss − 1.323, 0)):
    rc   rootID   mass      avg_loss     score 
    1    138709   8244278   1.3399       140293.3
    39   1660971  2741100   1.3669       120631.6
    46   3463254  2317775   1.3401       39975.3
    42   2302712  1539203   1.3396       25733.8
    44   3229301  724285    1.3483       18446.5
    58   6141841  3228512   1.3280       16570.8
    41   2178351  766679    1.3436       15915.7
    43   2546378  4367096   1.3264       15650.9
    45   3347168  678815    1.3437       14138.2
    53   4965123  2594188   1.3282       13885.5
    top-10: 59.7% of mass, 91.1% of excess-loss
Epoch 86: loss=1.322029  (93.46 sec, 65 subtrees, 730 chunks, 34623339 nodes)
  residual top-10 (subtree_mass × max(avg_loss − 1.322, 0)):
    rc   rootID   mass      avg_loss     score 
    1    138709   8244278   1.3392       141667.5
    39   1660971  2741100   1.3628       111738.1
    46   3463254  2317775   1.3399       41371.0
    42   2302712  1539203   1.3388       25742.4
    44   3229301  724285    1.3477       18627.4
    58   6141841  3228512   1.3277       18460.5
    43   2546378  4367096   1.3260       17258.8
    41   2178351  766679    1.3425       15674.9
    53   4965123  2594188   1.3280       15387.0
    45   3347168  678815    1.3422       13673.6
    top-10: 59.7% of mass, 90.5% of excess-loss
Epoch 87: loss=1.321510  (93.45 sec, 65 subtrees, 730 chunks, 34623339 nodes)
  residual top-10 (subtree_mass × max(avg_loss − 1.322, 0)):
    rc   rootID   mass      avg_loss     score 
    1    138709   8244278   1.3390       143997.5
    39   1660971  2741100   1.3611       108481.8
    46   3463254  2317775   1.3397       42149.4
    42   2302712  1539203   1.3385       26156.4
    58   6141841  3228512   1.3274       18985.5
    44   3229301  724285    1.3475       18851.6
    43   2546378  4367096   1.3257       18417.6
    53   4965123  2594188   1.3278       16273.1
    41   2178351  766679    1.3424       15988.0
    45   3347168  678815    1.3420       13902.3
    top-10: 59.7% of mass, 90.3% of excess-loss
Epoch 88: loss=1.321305  (93.41 sec, 65 subtrees, 730 chunks, 34623339 nodes)
  residual top-10 (subtree_mass × max(avg_loss − 1.321, 0)):
    rc   rootID   mass      avg_loss     score 
    1    138709   8244278   1.3388       143993.9
    39   1660971  2741100   1.3602       106519.0
    46   3463254  2317775   1.3397       42737.4
    42   2302712  1539203   1.3388       26957.5
    43   2546378  4367096   1.3262       21402.2
    44   3229301  724285    1.3477       19134.6
    58   6141841  3228512   1.3272       19089.9
    41   2178351  766679    1.3434       16946.6
    53   4965123  2594188   1.3278       16774.1
    45   3347168  678815    1.3431       14810.3
    top-10: 59.7% of mass, 90.3% of excess-loss
Epoch 89: loss=1.320920  (93.49 sec, 65 subtrees, 730 chunks, 34623339 nodes)
  residual top-10 (subtree_mass × max(avg_loss − 1.321, 0)):
    rc   rootID   mass      avg_loss     score 
    1    138709   8244278   1.3384       144390.9
    39   1660971  2741100   1.3570       98793.0
    46   3463254  2317775   1.3399       43925.2
    42   2302712  1539203   1.3386       27141.5
    43   2546378  4367096   1.3263       23507.3
    58   6141841  3228512   1.3272       20184.5
    44   3229301  724285    1.3479       19528.0
    53   4965123  2594188   1.3278       17946.5
    41   2178351  766679    1.3432       17047.0
    45   3347168  678815    1.3436       15404.4
    top-10: 59.7% of mass, 90.0% of excess-loss
Epoch 90: loss=1.320825  (93.45 sec, 65 subtrees, 730 chunks, 34623338 nodes)
  residual top-10 (subtree_mass × max(avg_loss − 1.321, 0)):
    rc   rootID   mass      avg_loss     score 
    1    138709   8244278   1.3384       144592.3
    39   1660971  2741100   1.3549       93367.5
    46   3463254  2317775   1.3403       45158.1
    42   2302712  1539203   1.3387       27555.6
    43   2546378  4367096   1.3268       25962.1
    58   6141841  3228512   1.3273       20834.1
    44   3229301  724285    1.3484       19954.6
    53   4965123  2594188   1.3281       18754.9
    41   2178351  766679    1.3437       17554.4
    45   3347168  678815    1.3444       16030.7
    top-10: 59.7% of mass, 89.8% of excess-loss
Epoch 91: loss=1.320688  (93.41 sec, 65 subtrees, 730 chunks, 34623339 nodes)
  residual top-10 (subtree_mass × max(avg_loss − 1.321, 0)):
    rc   rootID   mass      avg_loss     score 
    1    138709   8244278   1.3383       145574.7
    39   1660971  2741100   1.3518       85204.6
    46   3463254  2317775   1.3409       46757.3
    43   2546378  4367096   1.3271       27867.9
    42   2302712  1539203   1.3386       27639.3
    58   6141841  3228512   1.3273       21472.3
    44   3229301  724285    1.3487       20282.7
    53   4965123  2594188   1.3285       20215.5
    41   2178351  766679    1.3433       17310.0
    45   3347168  678815    1.3456       16884.9
    top-10: 59.7% of mass, 89.4% of excess-loss
Epoch 92: loss=1.320623  (93.46 sec, 65 subtrees, 730 chunks, 34623339 nodes)
  residual top-10 (subtree_mass × max(avg_loss − 1.321, 0)):
    rc   rootID   mass      avg_loss     score 
    1    138709   8244278   1.3382       145036.4
    39   1660971  2741100   1.3487       77043.3
    46   3463254  2317775   1.3416       48706.4
    43   2546378  4367096   1.3273       29045.8
    42   2302712  1539203   1.3384       27331.4
    58   6141841  3228512   1.3277       22817.7
    53   4965123  2594188   1.3291       21881.1
    44   3229301  724285    1.3491       20619.3
    45   3347168  678815    1.3464       17465.8
    41   2178351  766679    1.3426       16876.8
    top-10: 59.7% of mass, 88.9% of excess-loss
Epoch 93: loss=1.320632  (93.43 sec, 65 subtrees, 730 chunks, 34623339 nodes)
  residual top-10 (subtree_mass × max(avg_loss − 1.321, 0)):
    rc   rootID   mass      avg_loss     score 
    1    138709   8244278   1.3384       146622.5
    39   1660971  2741100   1.3455       68047.2
    46   3463254  2317775   1.3423       50107.9
    43   2546378  4367096   1.3272       28747.3
    42   2302712  1539203   1.3378       26376.4
    58   6141841  3228512   1.3281       24122.6
    53   4965123  2594188   1.3299       24115.2
    44   3229301  724285    1.3496       20951.7
    45   3347168  678815    1.3473       18079.4
    41   2178351  766679    1.3413       15812.9
    top-10: 59.7% of mass, 88.3% of excess-loss
Epoch 94: loss=1.320624  (93.42 sec, 65 subtrees, 730 chunks, 34623339 nodes)
  residual top-10 (subtree_mass × max(avg_loss − 1.321, 0)):
    rc   rootID   mass      avg_loss     score 
    1    138709   8244278   1.3387       149219.9
    39   1660971  2741100   1.3422       59106.1
    46   3463254  2317775   1.3427       51139.7
    53   4965123  2594188   1.3310       26829.6
    58   6141841  3228512   1.3287       26064.3
    43   2546378  4367096   1.3266       25880.4
    42   2302712  1539203   1.3368       24849.4
    44   3229301  724285    1.3493       20771.8
    45   3347168  678815    1.3478       18438.7
    47   3809957  2279927   1.3281       17107.3
    top-10: 63.0% of mass, 88.0% of excess-loss
Epoch 95: loss=1.320447  (93.45 sec, 65 subtrees, 730 chunks, 34623338 nodes)
  residual top-10 (subtree_mass × max(avg_loss − 1.320, 0)):
    rc   rootID   mass      avg_loss     score 
    1    138709   8244278   1.3392       154672.9
    46   3463254  2317775   1.3426       51393.3
    39   1660971  2741100   1.3387       50029.9
    53   4965123  2594188   1.3319       29766.7
    58   6141841  3228512   1.3295       29092.7
    42   2302712  1539203   1.3349       22283.0
    43   2546378  4367096   1.3251       20295.8
    44   3229301  724285    1.3482       20099.9
    45   3347168  678815    1.3474       18296.8
    47   3809957  2279927   1.3283       17813.5
    top-10: 63.0% of mass, 87.6% of excess-loss
Epoch 96: loss=1.320017  (93.42 sec, 65 subtrees, 730 chunks, 34623338 nodes)
  residual top-10 (subtree_mass × max(avg_loss − 1.320, 0)):
    rc   rootID   mass      avg_loss     score 
    1    138709   8244278   1.3400       164579.9
    46   3463254  2317775   1.3416       49978.4
    39   1660971  2741100   1.3353       41901.9
    58   6141841  3228512   1.3301       32701.6
    53   4965123  2594188   1.3324       32183.5
    42   2302712  1539203   1.3327       19499.9
    44   3229301  724285    1.3462       18928.3
    45   3347168  678815    1.3457       17436.2
    47   3809957  2279927   1.3275       17027.3
    50   4218803  1289869   1.3328       16507.1
    top-10: 56.2% of mass, 87.9% of excess-loss
Epoch 97: loss=1.319337  (93.43 sec, 65 subtrees, 730 chunks, 34623339 nodes)
  residual top-10 (subtree_mass × max(avg_loss − 1.319, 0)):
    rc   rootID   mass      avg_loss     score 
    1    138709   8244278   1.3408       177097.6
    46   3463254  2317775   1.3400       47971.5
    58   6141841  3228512   1.3305       36127.2
    39   1660971  2741100   1.3325       36056.4
    53   4965123  2594188   1.3322       33362.4
    44   3229301  724285    1.3436       17604.2
    42   2302712  1539203   1.3304       16956.4
    50   4218803  1289869   1.3323       16660.5
    45   3347168  678815    1.3433       16290.9
    47   3809957  2279927   1.3259       14891.9
    top-10: 56.2% of mass, 89.0% of excess-loss
Epoch 98: loss=1.318553  (93.44 sec, 65 subtrees, 730 chunks, 34623339 nodes)
  residual top-10 (subtree_mass × max(avg_loss − 1.319, 0)):
    rc   rootID   mass      avg_loss     score 
    1    138709   8244278   1.3415       189188.0
    46   3463254  2317775   1.3385       46195.6
    58   6141841  3228512   1.3304       38173.9
    53   4965123  2594188   1.3313       32981.7
    39   1660971  2741100   1.3306       32909.7
    44   3229301  724285    1.3414       16571.8
    50   4218803  1289869   1.3313       16498.7
    42   2302712  1539203   1.3285       15296.1
    45   3347168  678815    1.3410       15222.3
    57   5794595  2162522   1.3253       14580.5
    top-10: 56.0% of mass, 90.2% of excess-loss
Epoch 99: loss=1.318005  (93.44 sec, 65 subtrees, 730 chunks, 34623339 nodes)
  residual top-10 (subtree_mass × max(avg_loss − 1.318, 0)):
    rc   rootID   mass      avg_loss     score 
    1    138709   8244278   1.3417       195336.2
    46   3463254  2317775   1.3375       45189.5
    58   6141841  3228512   1.3301       38989.2
    53   4965123  2594188   1.3306       32685.6
    39   1660971  2741100   1.3297       32062.7
    50   4218803  1289869   1.3308       16500.9
    44   3229301  724285    1.3404       16191.5
    57   5794595  2162522   1.3249       14995.9
    42   2302712  1539203   1.3275       14654.7
    45   3347168  678815    1.3395       14595.4
    top-10: 56.0% of mass, 90.6% of excess-loss
Epoch 100: loss=1.317787  (93.43 sec, 65 subtrees, 730 chunks, 34623338 nodes)
  residual top-10 (subtree_mass × max(avg_loss − 1.318, 0)):
    rc   rootID   mass      avg_loss     score 
    1    138709   8244278   1.3417       196937.2
    46   3463254  2317775   1.3371       44778.0
    58   6141841  3228512   1.3300       39386.2
    53   4965123  2594188   1.3304       32598.0
    39   1660971  2741100   1.3294       31797.4
    50   4218803  1289869   1.3305       16367.7
    44   3229301  724285    1.3399       15983.7
    57   5794595  2162522   1.3248       15240.0
    42   2302712  1539203   1.3272       14486.0
    45   3347168  678815    1.3389       14323.2
    top-10: 56.0% of mass, 90.6% of excess-loss
Saved to /tmp/gut_l12_d128_100se/depth_s3/trained.model
Done.
  Appended optimizer state to /tmp/gut_l12_d128_100se/depth_s3/trained.model (adam_t=6500)
