INFO: --anc-grad: per-subtree descendant→ancestor gradient flow enabled (Wk/Wv get full gradient instead of own-edge-only)
AGPT CUDA Training Engine
  Model: d=128 heads=8 layers=12 ff=512 vocab=65 seq=16(header) head_dim=16
  Loaded 2396225 weight floats (9360.3 KB)
  Loaded optimizer state from checkpoint (adam_t=0)
Loading radix trie from /tmp/gutenberg_5m_baseline_d16_radix...
  Radix trie: 7073694 nodes, 34623339 total edge chars, 17 endpoint depths
  Radix loaded: 11884367 counts entries, 63118178 ancestor char entries
  d_split: 4570307/7073694 nodes have a mass=1 ancestor (mean depth 10.48)
  lr-schedule: warmup-cosine (peak=0.003, warmup_epochs=5)
  optimizer: rmsprop (lr=0.003)
  curriculum: flat (d=max each epoch)
  max edge_len: 15, max ancestor chars: 15, max KV per node: 30, max endpoint depth: 16
  mass=1 compaction: 29783005 / 34623339 chars are mass=1 (86.0%); cache holds 4840334 positions
  loop points: 160826 (mass>1 leaves; 6.4% of 2503386 mass>1 nodes)
  KV cache: 29739.0 MB unified memory (bf16 compact)
  GPU memory: 10987.8 MB used, 74108.0 MB free, 85095.9 MB total
  65 root-child subtrees: sizes min=3 max=1116592 avg=108826.0 (total=7073693 radix nodes)
  anc-grad: max_n_subtree_compact_chars=785090, 12 layers x 3 buffers x 401.97 MB + 19.36 MB lookup = 14515.26 MB total
Epoch 1: loss=3.107760  (95.31 sec, 65 subtrees, 730 chunks, 34623339 nodes)
  residual top-10 (subtree_mass × max(avg_loss − 3.108, 0)):
    rc   rootID   mass      avg_loss     score 
    1    138709   8244278   4.2893       9741189.7
    0    1        824077    5.0135       1570470.4
    6    1317879  754528    4.0053       677213.1
    5    1263676  342947    4.5742       502916.1
    8    1439897  392288    3.4492       133951.6
    2    1255301  46307     3.9515       39070.7
    7    1422321  79638     3.5870       38166.6
    15   1539367  34390     3.6543       18795.4
    25   1602731  57242     3.3285       12638.0
    21   1567603  178953    3.1719       11479.3
    top-10: 24.0% of mass, 99.4% of excess-loss
Epoch 2: loss=2.528785  (93.44 sec, 65 subtrees, 730 chunks, 34623339 nodes)
  residual top-10 (subtree_mass × max(avg_loss − 2.529, 0)):
    rc   rootID   mass      avg_loss     score 
    1    138709   8244278   2.6539       1031463.8
    6    1317879  754528    3.3338       607435.8
    39   1660971  2741100   2.7365       569325.9
    5    1263676  342947    3.7646       423807.6
    8    1439897  392288    2.7736       96019.1
    40   2098840  473230    2.7272       93896.7
    41   2178351  766679    2.6441       88398.5
    0    1        824077    2.6137       69959.9
    7    1422321  79638     3.3057       61875.4
    21   1567603  178953    2.6576       23048.9
    top-10: 32.5% of mass, 97.2% of excess-loss
Epoch 3: loss=2.357025  (93.44 sec, 65 subtrees, 730 chunks, 34623339 nodes)
  residual top-10 (subtree_mass × max(avg_loss − 2.357, 0)):
    rc   rootID   mass      avg_loss     score 
    6    1317879  754528    3.2853       700421.9
    5    1263676  342947    3.8291       504850.8
    1    138709   8244278   2.4022       372714.0
    8    1439897  392288    3.1057       293704.8
    39   1660971  2741100   2.3880       84787.7
    7    1422321  79638     3.3551       79487.6
    0    1        824077    2.4045       39141.0
    42   2302712  1539203   2.3760       29253.5
    11   1500886  77582     2.5624       15934.1
    13   1520469  67330     2.5703       14359.8
    top-10: 33.0% of mass, 96.5% of excess-loss
Epoch 4: loss=2.236573  (93.42 sec, 65 subtrees, 730 chunks, 34623339 nodes)
  residual top-10 (subtree_mass × max(avg_loss − 2.237, 0)):
    rc   rootID   mass      avg_loss     score 
    6    1317879  754528    3.1994       726490.8
    5    1263676  342947    3.5607       454095.6
    1    138709   8244278   2.2713       285968.5
    8    1439897  392288    2.8363       235275.2
    39   1660971  2741100   2.2866       137022.4
    7    1422321  79638     3.1928       76152.9
    13   1520469  67330     2.4446       14009.8
    11   1500886  77582     2.3841       11444.6
    15   1539367  34390     2.5031       9165.5
    12   1513476  42580     2.4490       9047.0
    top-10: 28.0% of mass, 97.7% of excess-loss
Epoch 5: loss=2.191392  (93.44 sec, 65 subtrees, 730 chunks, 34623339 nodes)
  residual top-10 (subtree_mass × max(avg_loss − 2.191, 0)):
    rc   rootID   mass      avg_loss     score 
    6    1317879  754528    3.4079       917925.9
    5    1263676  342947    3.9849       615069.2
    8    1439897  392288    3.6724       580999.2
    39   1660971  2741100   2.3033       306822.8
    7    1422321  79638     3.5580       108831.4
    40   2098840  473230    2.3075       54932.5
    11   1500886  77582     2.5861       30619.7
    41   2178351  766679    2.2287       28582.9
    59   6621526  905338    2.2144       20873.5
    13   1520469  67330     2.4812       19513.6
    top-10: 14.5% of mass, 96.9% of excess-loss
Epoch 6: loss=2.089849  (93.38 sec, 65 subtrees, 730 chunks, 34623339 nodes)
  residual top-10 (subtree_mass × max(avg_loss − 2.090, 0)):
    rc   rootID   mass      avg_loss     score 
    6    1317879  754528    2.9325       635798.4
    5    1263676  342947    3.5309       494189.5
    39   1660971  2741100   2.2060       318443.0
    8    1439897  392288    2.5682       187655.3
    43   2546378  4367096   2.1102       88871.4
    7    1422321  79638     2.9365       67427.8
    40   2098840  473230    2.1929       48751.4
    42   2302712  1539203   2.1183       43830.0
    13   1520469  67330     2.6235       35933.2
    11   1500886  77582     2.5052       32227.4
    top-10: 23.8% of mass, 91.6% of excess-loss
Epoch 7: loss=2.010595  (93.42 sec, 65 subtrees, 730 chunks, 34623339 nodes)
  residual top-10 (subtree_mass × max(avg_loss − 2.011, 0)):
    rc   rootID   mass      avg_loss     score 
    6    1317879  754528    2.9603       716566.3
    5    1263676  342947    3.3190       448705.9
    39   1660971  2741100   2.1477       375894.8
    8    1439897  392288    2.5107       196195.6
    7    1422321  79638     2.7670       60237.5
    40   2098840  473230    2.0896       37379.8
    41   2178351  766679    2.0486       29147.0
    42   2302712  1539203   2.0231       19287.1
    11   1500886  77582     2.2338       17319.7
    13   1520469  67330     2.2222       14246.3
    top-10: 15.9% of mass, 96.8% of excess-loss
Epoch 8: loss=1.991936  (93.41 sec, 65 subtrees, 730 chunks, 34623339 nodes)
  residual top-10 (subtree_mass × max(avg_loss − 1.992, 0)):
    rc   rootID   mass      avg_loss     score 
    6    1317879  754528    3.3388       1016281.1
    5    1263676  342947    3.3946       481023.7
    39   1660971  2741100   2.1253       365506.3
    8    1439897  392288    2.6742       267649.6
    7    1422321  79638     3.0250       82269.5
    40   2098840  473230    2.0505       27708.9
    11   1500886  77582     2.3185       25331.7
    13   1520469  67330     2.2893       20019.7
    12   1513476  42580     2.3762       16360.2
    15   1539367  34390     2.2309       8218.2
    top-10: 11.0% of mass, 97.4% of excess-loss
Epoch 9: loss=1.922083  (93.40 sec, 65 subtrees, 730 chunks, 34623339 nodes)
  residual top-10 (subtree_mass × max(avg_loss − 1.922, 0)):
    rc   rootID   mass      avg_loss     score 
    6    1317879  754528    2.5583       480026.0
    5    1263676  342947    2.9519       353181.6
    39   1660971  2741100   2.0440       334183.3
    8    1439897  392288    2.2321       121596.3
    7    1422321  79638     2.3848       36849.5
    40   2098840  473230    1.9578       16905.6
    11   1500886  77582     2.0903       13046.9
    13   1520469  67330     2.0624       9450.5
    12   1513476  42580     2.0895       7129.0
    15   1539367  34390     2.0607       4767.9
    top-10: 11.0% of mass, 98.0% of excess-loss
Epoch 10: loss=1.859594  (93.42 sec, 65 subtrees, 730 chunks, 34623339 nodes)
  residual top-10 (subtree_mass × max(avg_loss − 1.860, 0)):
    rc   rootID   mass      avg_loss     score 
    39   1660971  2741100   1.9690       299974.5
    6    1317879  754528    2.2120       265888.9
    5    1263676  342947    2.5313       230347.0
    1    138709   8244278   1.8695       81752.4
    8    1439897  392288    1.9866       49810.1
    7    1422321  79638     2.0976       18954.5
    40   2098840  473230    1.8964       17416.7
    42   2302712  1539203   1.8693       14944.7
    52   4575546  2450327   1.8651       13604.2
    44   3229301  724285    1.8740       10462.2
    top-10: 38.9% of mass, 95.3% of excess-loss
Epoch 11: loss=1.829993  (93.39 sec, 65 subtrees, 730 chunks, 34623339 nodes)
  residual top-10 (subtree_mass × max(avg_loss − 1.830, 0)):
    rc   rootID   mass      avg_loss     score 
    6    1317879  754528    2.3311       378136.6
    39   1660971  2741100   1.9598       355782.9
    5    1263676  342947    2.6063       266237.9
    8    1439897  392288    2.0010       67065.7
    7    1422321  79638     2.1544       25836.4
    40   2098840  473230    1.8814       24339.3
    42   2302712  1539203   1.8400       15460.8
    11   1500886  77582     2.0133       14218.2
    13   1520469  67330     2.0043       11735.6
    41   2178351  766679    1.8445       11156.9
    top-10: 15.9% of mass, 96.5% of excess-loss
Epoch 12: loss=1.812447  (93.42 sec, 65 subtrees, 730 chunks, 34623339 nodes)
  residual top-10 (subtree_mass × max(avg_loss − 1.812, 0)):
    rc   rootID   mass      avg_loss     score 
    6    1317879  754528    2.5842       582309.1
    39   1660971  2741100   1.9648       417562.3
    5    1263676  342947    2.9966       406115.3
    8    1439897  392288    2.3834       223995.6
    7    1422321  79638     2.4873       53741.2
    40   2098840  473230    1.8807       32290.8
    11   1500886  77582     1.9869       13530.6
    13   1520469  67330     1.9857       11665.4
    41   2178351  766679    1.8256       10082.8
    12   1513476  42580     2.0019       8068.6
    top-10: 12.6% of mass, 98.4% of excess-loss
Epoch 13: loss=1.840881  (93.42 sec, 65 subtrees, 730 chunks, 34623339 nodes)
  residual top-10 (subtree_mass × max(avg_loss − 1.841, 0)):
    rc   rootID   mass      avg_loss     score 
    6    1317879  754528    3.0931       944822.6
    39   1660971  2741100   1.9832       389988.2
    5    1263676  342947    2.8651       351249.7
    8    1439897  392288    2.4961       257034.8
    7    1422321  79638     2.8422       79745.9
    40   2098840  473230    1.9070       31266.8
    11   1500886  77582     2.1945       27434.7
    13   1520469  67330     2.2119       24978.4
    42   2302712  1539203   1.8554       22331.2
    12   1513476  42580     2.2489       17373.5
    top-10: 14.3% of mass, 96.0% of excess-loss
Epoch 14: loss=1.800740  (93.40 sec, 65 subtrees, 730 chunks, 34623339 nodes)
  residual top-10 (subtree_mass × max(avg_loss − 1.801, 0)):
    rc   rootID   mass      avg_loss     score 
    6    1317879  754528    2.5331       552602.3
    39   1660971  2741100   1.9417       386249.4
    5    1263676  342947    2.8759       368725.4
    8    1439897  392288    2.1689       144407.2
    7    1422321  79638     2.4642       52838.9
    40   2098840  473230    1.8561       26203.1
    11   1500886  77582     1.9436       11081.4
    13   1520469  67330     1.9628       10910.5
    44   3229301  724285    1.8109       7361.2
    12   1513476  42580     1.9549       6562.1
    top-10: 12.5% of mass, 97.8% of excess-loss
Epoch 15: loss=1.793298  (93.42 sec, 65 subtrees, 730 chunks, 34623339 nodes)
  residual top-10 (subtree_mass × max(avg_loss − 1.793, 0)):
    rc   rootID   mass      avg_loss     score 
    6    1317879  754528    2.6349       635003.2
    5    1263676  342947    2.8183       351516.5
    39   1660971  2741100   1.9023       298668.2
    8    1439897  392288    2.1840       153279.5
    7    1422321  79638     2.6916       71536.2
    40   2098840  473230    1.8283       16585.1
    44   3229301  724285    1.8131       14319.1
    11   1500886  77582     1.9578       12764.6
    13   1520469  67330     1.9540       10822.3
    12   1513476  42580     1.9540       6843.3
    top-10: 12.5% of mass, 97.6% of excess-loss
Epoch 16: loss=1.750917  (93.41 sec, 65 subtrees, 730 chunks, 34623339 nodes)
  residual top-10 (subtree_mass × max(avg_loss − 1.751, 0)):
    rc   rootID   mass      avg_loss     score 
    6    1317879  754528    2.1950       335088.3
    39   1660971  2741100   1.8608       301156.8
    5    1263676  342947    2.3404       202171.1
    1    138709   8244278   1.7587       64350.0
    8    1439897  392288    1.8922       55438.1
    7    1422321  79638     2.0605       24650.6
    44   3229301  724285    1.7716       14969.7
    40   2098840  473230    1.7813       14366.1
    13   1520469  67330     1.8720       8155.3
    11   1500886  77582     1.8451       7310.3
    top-10: 30.5% of mass, 97.0% of excess-loss
Epoch 17: loss=1.748586  (93.39 sec, 65 subtrees, 730 chunks, 34623339 nodes)
  residual top-10 (subtree_mass × max(avg_loss − 1.749, 0)):
    rc   rootID   mass      avg_loss     score 
    6    1317879  754528    2.4251       510432.4
    39   1660971  2741100   1.8805       361531.4
    5    1263676  342947    2.7070       328690.5
    8    1439897  392288    2.2911       212808.4
    7    1422321  79638     2.4397       55037.6
    40   2098840  473230    1.7873       18302.2
    11   1500886  77582     1.8870       10737.4
    13   1520469  67330     1.8983       10080.2
    44   3229301  724285    1.7573       6318.5
    12   1513476  42580     1.8841       5768.1
    top-10: 12.5% of mass, 98.0% of excess-loss
Epoch 18: loss=1.712329  (93.41 sec, 65 subtrees, 730 chunks, 34623339 nodes)
  residual top-10 (subtree_mass × max(avg_loss − 1.712, 0)):
    rc   rootID   mass      avg_loss     score 
    6    1317879  754528    2.2410       398868.6
    5    1263676  342947    2.4625       257258.9
    39   1660971  2741100   1.8043       251989.5
    8    1439897  392288    1.8852       67813.8
    7    1422321  79638     2.0834       29551.1
    40   2098840  473230    1.7347       10600.7
    11   1500886  77582     1.8053       7210.3
    13   1520469  67330     1.8118       6696.5
    44   3229301  724285    1.7196       5231.7
    15   1539367  34390     1.8306       4066.4
    top-10: 12.5% of mass, 97.9% of excess-loss
Epoch 19: loss=1.697798  (93.39 sec, 65 subtrees, 730 chunks, 34623339 nodes)
  residual top-10 (subtree_mass × max(avg_loss − 1.698, 0)):
    rc   rootID   mass      avg_loss     score 
    39   1660971  2741100   1.8324       369061.0
    6    1317879  754528    2.1536       343940.5
    5    1263676  342947    2.3306       217004.1
    8    1439897  392288    1.8480       58913.4
    7    1422321  79638     2.0991       31962.4
    40   2098840  473230    1.7470       23306.8
    44   3229301  724285    1.7182       14758.4
    42   2302712  1539203   1.7046       10532.5
    11   1500886  77582     1.8092       8645.7
    41   2178351  766679    1.7064       6631.9
    top-10: 17.3% of mass, 97.5% of excess-loss
Epoch 20: loss=1.669180  (93.42 sec, 65 subtrees, 730 chunks, 34623339 nodes)
  residual top-10 (subtree_mass × max(avg_loss − 1.669, 0)):
    rc   rootID   mass      avg_loss     score 
    39   1660971  2741100   1.7934       340434.6
    6    1317879  754528    1.9963       246807.4
    5    1263676  342947    2.2129       186452.4
    8    1439897  392288    1.7686       38996.0
    7    1422321  79638     1.9349       21162.1
    40   2098840  473230    1.7079       18301.9
    44   3229301  724285    1.6877       13418.4
    42   2302712  1539203   1.6739       7234.4
    11   1500886  77582     1.7574       6842.2
    13   1520469  67330     1.7517       5555.2
    top-10: 15.8% of mass, 97.7% of excess-loss
Epoch 21: loss=1.654273  (93.44 sec, 65 subtrees, 730 chunks, 34623339 nodes)
  residual top-10 (subtree_mass × max(avg_loss − 1.654, 0)):
    rc   rootID   mass      avg_loss     score 
    39   1660971  2741100   1.7980       393922.7
    6    1317879  754528    1.8685       161664.4
    5    1263676  342947    1.9252       92908.8
    43   2546378  4367096   1.6700       68892.4
    42   2302712  1539203   1.6733       29224.0
    44   3229301  724285    1.6916       27043.6
    40   2098840  473230    1.6988       21087.6
    7    1422321  79638     1.8366       14517.5
    41   2178351  766679    1.6683       10748.9
    8    1439897  392288    1.6761       8574.7
    top-10: 26.7% of mass, 95.3% of excess-loss
Epoch 22: loss=1.624401  (93.41 sec, 65 subtrees, 730 chunks, 34623339 nodes)
  residual top-10 (subtree_mass × max(avg_loss − 1.624, 0)):
    rc   rootID   mass      avg_loss     score 
    39   1660971  2741100   1.7495       343001.7
    6    1317879  754528    1.7563       99496.8
    5    1263676  342947    1.8153       65462.9
    1    138709   8244278   1.6280       29917.8
    42   2302712  1539203   1.6400       24048.7
    40   2098840  473230    1.6699       21512.1
    44   3229301  724285    1.6500       18550.0
    7    1422321  79638     1.7989       13895.1
    41   2178351  766679    1.6377       10184.8
    8    1439897  392288    1.6448       7986.1
    top-10: 35.2% of mass, 94.5% of excess-loss
Epoch 23: loss=1.615551  (93.46 sec, 65 subtrees, 730 chunks, 34623339 nodes)
  residual top-10 (subtree_mass × max(avg_loss − 1.616, 0)):
    rc   rootID   mass      avg_loss     score 
    39   1660971  2741100   1.7312       317055.5
    6    1317879  754528    1.7951       135501.5
    5    1263676  342947    1.9242       105863.0
    42   2302712  1539203   1.6291       20872.8
    7    1422321  79638     1.8604       19500.1
    40   2098840  473230    1.6554       18843.1
    44   3229301  724285    1.6409       18379.4
    8    1439897  392288    1.6537       14972.4
    41   2178351  766679    1.6252       7413.4
    43   2546378  4367096   1.6172       7102.0
    top-10: 26.7% of mass, 96.8% of excess-loss
Epoch 24: loss=1.593180  (93.42 sec, 65 subtrees, 730 chunks, 34623339 nodes)
  residual top-10 (subtree_mass × max(avg_loss − 1.593, 0)):
    rc   rootID   mass      avg_loss     score 
    39   1660971  2741100   1.7478       423867.2
    6    1317879  754528    1.6767       63042.4
    5    1263676  342947    1.7652       58978.7
    1    138709   8244278   1.5978       37750.9
    43   2546378  4367096   1.5999       29231.4
    40   2098840  473230    1.6534       28486.9
    42   2302712  1539203   1.6080       22859.7
    44   3229301  724285    1.6195       19048.0
    41   2178351  766679    1.6106       13321.4
    7    1422321  79638     1.7173       9883.3
    top-10: 43.9% of mass, 96.2% of excess-loss
Epoch 25: loss=1.576118  (93.40 sec, 65 subtrees, 730 chunks, 34623339 nodes)
  residual top-10 (subtree_mass × max(avg_loss − 1.576, 0)):
    rc   rootID   mass      avg_loss     score 
    39   1660971  2741100   1.7077       360594.7
    6    1317879  754528    1.6485       54613.3
    5    1263676  342947    1.7085       45382.9
    46   3463254  2317775   1.5872       25663.7
    42   2302712  1539203   1.5906       22245.3
    44   3229301  724285    1.6059       21567.3
    40   2098840  473230    1.6185       20039.8
    47   3809957  2279927   1.5824       14355.5
    7    1422321  79638     1.6954       9501.1
    41   2178351  766679    1.5885       9460.7
    top-10: 26.4% of mass, 93.9% of excess-loss
Epoch 26: loss=1.593012  (93.44 sec, 65 subtrees, 730 chunks, 34623339 nodes)
  residual top-10 (subtree_mass × max(avg_loss − 1.593, 0)):
    rc   rootID   mass      avg_loss     score 
    39   1660971  2741100   1.7297       374664.6
    6    1317879  754528    1.9640       279944.5
    5    1263676  342947    2.1298       184085.0
    8    1439897  392288    1.9609       144332.2
    7    1422321  79638     2.0423       35779.2
    11   1500886  77582     1.8651       21109.5
    44   3229301  724285    1.6212       20396.2
    40   2098840  473230    1.6307       17842.9
    42   2302712  1539203   1.6044       17585.1
    43   2546378  4367096   1.5957       11712.1
    top-10: 25.2% of mass, 96.7% of excess-loss
Epoch 27: loss=1.574033  (93.40 sec, 65 subtrees, 730 chunks, 34623339 nodes)
  residual top-10 (subtree_mass × max(avg_loss − 1.574, 0)):
    rc   rootID   mass      avg_loss     score 
    39   1660971  2741100   1.6877       311439.2
    6    1317879  754528    1.8114       179137.4
    5    1263676  342947    1.9782       138614.0
    44   3229301  724285    1.6002       18930.0
    42   2302712  1539203   1.5862       18656.5
    7    1422321  79638     1.7900       17197.4
    40   2098840  473230    1.6102       17123.9
    43   2546378  4367096   1.5777       15818.9
    8    1439897  392288    1.6138       15618.8
    46   3463254  2317775   1.5797       13119.1
    top-10: 30.1% of mass, 96.1% of excess-loss
Epoch 28: loss=1.551002  (93.41 sec, 65 subtrees, 730 chunks, 34623339 nodes)
  residual top-10 (subtree_mass × max(avg_loss − 1.551, 0)):
    rc   rootID   mass      avg_loss     score 
    39   1660971  2741100   1.6854       368502.0
    6    1317879  754528    1.7096       119691.7
    5    1263676  342947    1.7675       74257.2
    43   2546378  4367096   1.5596       37637.5
    46   3463254  2317775   1.5636       29192.2
    44   3229301  724285    1.5887       27326.3
    42   2302712  1539203   1.5686       27096.0
    40   2098840  473230    1.5966       21581.6
    7    1422321  79638     1.7354       14684.0
    41   2178351  766679    1.5664       11807.4
    top-10: 30.9% of mass, 96.6% of excess-loss
Epoch 29: loss=1.543009  (93.43 sec, 65 subtrees, 730 chunks, 34623339 nodes)
  residual top-10 (subtree_mass × max(avg_loss − 1.543, 0)):
    rc   rootID   mass      avg_loss     score 
    39   1660971  2741100   1.6485       289043.1
    6    1317879  754528    1.8350       220294.9
    5    1263676  342947    1.9482       138949.1
    7    1422321  79638     1.8000       20466.3
    40   2098840  473230    1.5778       16473.2
    44   3229301  724285    1.5655       16279.3
    42   2302712  1539203   1.5526       14759.6
    8    1439897  392288    1.5701       10608.5
    11   1500886  77582     1.6184       5845.9
    41   2178351  766679    1.5499       5258.6
    top-10: 17.3% of mass, 97.9% of excess-loss
Epoch 30: loss=1.523274  (93.38 sec, 65 subtrees, 730 chunks, 34623339 nodes)
  residual top-10 (subtree_mass × max(avg_loss − 1.523, 0)):
    rc   rootID   mass      avg_loss     score 
    39   1660971  2741100   1.6481       342072.1
    1    138709   8244278   1.5311       64227.9
    6    1317879  754528    1.5566       25138.1
    40   2098840  473230    1.5649       19676.0
    44   3229301  724285    1.5470       17156.2
    5    1263676  342947    1.5688       15602.8
    42   2302712  1539203   1.5320       13477.4
    41   2178351  766679    1.5345       8593.9
    7    1422321  79638     1.6204       7735.4
    46   3463254  2317775   1.5265       7510.9
    top-10: 39.4% of mass, 97.3% of excess-loss
Epoch 31: loss=1.515781  (93.42 sec, 65 subtrees, 730 chunks, 34623339 nodes)
  residual top-10 (subtree_mass × max(avg_loss − 1.516, 0)):
    rc   rootID   mass      avg_loss     score 
    39   1660971  2741100   1.6680       417336.3
    43   2546378  4367096   1.5409       109658.8
    42   2302712  1539203   1.5498       52363.3
    40   2098840  473230    1.6011       40384.5
    41   2178351  766679    1.5604       34240.4
    44   3229301  724285    1.5523       26417.4
    46   3463254  2317775   1.5208       11588.3
    11   1500886  77582     1.6292       8798.9
    7    1422321  79638     1.5956       6356.1
    45   3347168  678815    1.5242       5682.7
    top-10: 30.2% of mass, 97.9% of excess-loss
Epoch 32: loss=1.501943  (93.43 sec, 65 subtrees, 730 chunks, 34623339 nodes)
  residual top-10 (subtree_mass × max(avg_loss − 1.502, 0)):
    rc   rootID   mass      avg_loss     score 
    39   1660971  2741100   1.6492       403518.1
    1    138709   8244278   1.5153       110328.2
    40   2098840  473230    1.5552       25225.3
    42   2302712  1539203   1.5149       19897.5
    44   3229301  724285    1.5240       15998.8
    41   2178351  766679    1.5182       12445.3
    7    1422321  79638     1.5850       6616.4
    6    1317879  754528    1.5090       5306.5
    5    1263676  342947    1.5122       3500.8
    11   1500886  77582     1.5451       3348.2
    top-10: 34.5% of mass, 97.9% of excess-loss
Epoch 33: loss=1.716066  (93.43 sec, 65 subtrees, 730 chunks, 34623339 nodes)
  residual top-10 (subtree_mass × max(avg_loss − 1.716, 0)):
    rc   rootID   mass      avg_loss     score 
    6    1317879  754528    4.1763       1856345.1
    8    1439897  392288    3.5544       721145.4
    5    1263676  342947    3.4807       605173.5
    39   1660971  2741100   1.8349       325652.4
    7    1422321  79638     5.3050       285814.7
    11   1500886  77582     2.6270       70671.4
    13   1520469  67330     2.3470       42479.6
    12   1513476  42580     2.4772       32409.4
    21   1567603  178953    1.8901       31136.9
    14   1531441  43678     2.1736       19984.5
    top-10: 10.4% of mass, 96.8% of excess-loss
Epoch 34: loss=1.631563  (93.44 sec, 65 subtrees, 730 chunks, 34623339 nodes)
  residual top-10 (subtree_mass × max(avg_loss − 1.632, 0)):
    rc   rootID   mass      avg_loss     score 
    6    1317879  754528    2.4596       624794.0
    5    1263676  342947    2.9464       450915.8
    39   1660971  2741100   1.7520       330131.4
    8    1439897  392288    2.2012       223475.0
    7    1422321  79638     2.4608       66041.0
    40   2098840  473230    1.6637       15201.2
    11   1500886  77582     1.8173       14406.5
    13   1520469  67330     1.7950       11001.8
    12   1513476  42580     1.7885       6683.2
    15   1539367  34390     1.7956       5642.4
    top-10: 11.0% of mass, 98.8% of excess-loss
Epoch 35: loss=1.590261  (93.41 sec, 65 subtrees, 730 chunks, 34623339 nodes)
  residual top-10 (subtree_mass × max(avg_loss − 1.590, 0)):
    rc   rootID   mass      avg_loss     score 
    6    1317879  754528    2.0655       358579.3
    39   1660971  2741100   1.7065       318586.1
    5    1263676  342947    2.4922       309310.7
    8    1439897  392288    1.7659       68902.6
    7    1422321  79638     1.9894       31788.3
    40   2098840  473230    1.6328       20126.0
    44   3229301  724285    1.6026       8970.2
    11   1500886  77582     1.7045       8863.5
    41   2178351  766679    1.5995       7058.1
    13   1520469  67330     1.6814       6138.6
    top-10: 14.1% of mass, 97.8% of excess-loss
Epoch 36: loss=1.575472  (93.42 sec, 65 subtrees, 730 chunks, 34623339 nodes)
  residual top-10 (subtree_mass × max(avg_loss − 1.575, 0)):
    rc   rootID   mass      avg_loss     score 
    6    1317879  754528    2.0691       372454.9
    39   1660971  2741100   1.6823       292847.4
    5    1263676  342947    2.2528       232288.9
    8    1439897  392288    1.7680       75538.0
    7    1422321  79638     1.9887       32905.9
    40   2098840  473230    1.6110       16801.9
    44   3229301  724285    1.5909       11195.3
    11   1500886  77582     1.6973       9451.5
    42   2302712  1539203   1.5797       6517.5
    13   1520469  67330     1.6667       6145.3
    top-10: 15.8% of mass, 97.7% of excess-loss
Epoch 37: loss=1.535638  (93.42 sec, 65 subtrees, 730 chunks, 34623339 nodes)
  residual top-10 (subtree_mass × max(avg_loss − 1.536, 0)):
    rc   rootID   mass      avg_loss     score 
    39   1660971  2741100   1.6420       291528.8
    1    138709   8244278   1.5468       91613.0
    6    1317879  754528    1.6319       72656.5
    5    1263676  342947    1.7326       67552.8
    43   2546378  4367096   1.5412       24290.6
    42   2302712  1539203   1.5509       23478.9
    40   2098840  473230    1.5754       18820.7
    44   3229301  724285    1.5592       17034.6
    41   2178351  766679    1.5514       12104.0
    7    1422321  79638     1.6749       11090.9
    top-10: 43.9% of mass, 95.9% of excess-loss
Epoch 38: loss=1.510917  (93.41 sec, 65 subtrees, 730 chunks, 34623339 nodes)
  residual top-10 (subtree_mass × max(avg_loss − 1.511, 0)):
    rc   rootID   mass      avg_loss     score 
    39   1660971  2741100   1.5977       237751.1
    1    138709   8244278   1.5207       80878.2
    6    1317879  754528    1.5787       51138.7
    5    1263676  342947    1.6253       39225.6
    44   3229301  724285    1.5322       15410.5
    40   2098840  473230    1.5424       14910.2
    42   2302712  1539203   1.5197       13588.6
    7    1422321  79638     1.6335       9762.8
    41   2178351  766679    1.5188       6073.0
    11   1500886  77582     1.5505       3072.5
    top-10: 34.5% of mass, 97.3% of excess-loss
Epoch 39: loss=1.497664  (93.43 sec, 65 subtrees, 730 chunks, 34623339 nodes)
  residual top-10 (subtree_mass × max(avg_loss − 1.498, 0)):
    rc   rootID   mass      avg_loss     score 
    39   1660971  2741100   1.6040       291353.2
    1    138709   8244278   1.5074       80337.0
    6    1317879  754528    1.5466       36927.8
    5    1263676  342947    1.5580       20708.7
    44   3229301  724285    1.5221       17684.5
    46   3463254  2317775   1.5052       17447.5
    40   2098840  473230    1.5317       16105.0
    42   2302712  1539203   1.5047       10764.4
    7    1422321  79638     1.5958       7818.7
    41   2178351  766679    1.5068       7030.7
    top-10: 39.4% of mass, 97.7% of excess-loss
Epoch 40: loss=1.486202  (93.40 sec, 65 subtrees, 730 chunks, 34623339 nodes)
  residual top-10 (subtree_mass × max(avg_loss − 1.486, 0)):
    rc   rootID   mass      avg_loss     score 
    39   1660971  2741100   1.5962       301515.2
    1    138709   8244278   1.4945       68681.1
    5    1263676  342947    1.5586       24825.4
    6    1317879  754528    1.5176       23656.4
    42   2302712  1539203   1.5003       21691.0
    40   2098840  473230    1.5288       20149.2
    43   2546378  4367096   1.4902       17539.2
    44   3229301  724285    1.5096       16977.8
    41   2178351  766679    1.5032       13014.4
    46   3463254  2317775   1.4904       9698.2
    top-10: 48.9% of mass, 96.4% of excess-loss
Epoch 41: loss=1.473455  (93.44 sec, 65 subtrees, 730 chunks, 34623339 nodes)
  residual top-10 (subtree_mass × max(avg_loss − 1.473, 0)):
    rc   rootID   mass      avg_loss     score 
    39   1660971  2741100   1.5623       243397.3
    1    138709   8244278   1.4827       75942.6
    43   2546378  4367096   1.4816       35696.3
    42   2302712  1539203   1.4910       27059.3
    44   3229301  724285    1.5045       22513.5
    46   3463254  2317775   1.4823       20578.6
    40   2098840  473230    1.5152       19746.2
    41   2178351  766679    1.4935       15343.3
    6    1317879  754528    1.4829       7125.9
    7    1422321  79638     1.5590       6816.1
    top-10: 48.3% of mass, 97.0% of excess-loss
Epoch 42: loss=1.464208  (93.42 sec, 65 subtrees, 730 chunks, 34623339 nodes)
  residual top-10 (subtree_mass × max(avg_loss − 1.464, 0)):
    rc   rootID   mass      avg_loss     score 
    39   1660971  2741100   1.5540       246258.7
    1    138709   8244278   1.4758       95535.9
    43   2546378  4367096   1.4843       87860.6
    42   2302712  1539203   1.4904       40347.5
    44   3229301  724285    1.4978       24362.2
    40   2098840  473230    1.5061       19834.0
    41   2178351  766679    1.4898       19606.3
    46   3463254  2317775   1.4699       13235.7
    6    1317879  754528    1.4787       10954.7
    7    1422321  79638     1.5500       6832.8
    top-10: 48.3% of mass, 98.2% of excess-loss
Epoch 43: loss=1.453901  (93.42 sec, 65 subtrees, 730 chunks, 34623339 nodes)
  residual top-10 (subtree_mass × max(avg_loss − 1.454, 0)):
    rc   rootID   mass      avg_loss     score 
    39   1660971  2741100   1.5614       294741.3
    1    138709   8244278   1.4659       98727.9
    42   2302712  1539203   1.4726       28730.7
    40   2098840  473230    1.5094       26242.4
    44   3229301  724285    1.4803       19132.1
    43   2546378  4367096   1.4579       17339.5
    41   2178351  766679    1.4743       15667.2
    46   3463254  2317775   1.4586       10801.7
    7    1422321  79638     1.5351       6470.1
    31   1628740  37700     1.5054       1940.9
    top-10: 46.7% of mass, 99.3% of excess-loss
Epoch 44: loss=1.448026  (93.44 sec, 65 subtrees, 730 chunks, 34623339 nodes)
  residual top-10 (subtree_mass × max(avg_loss − 1.448, 0)):
    rc   rootID   mass      avg_loss     score 
    39   1660971  2741100   1.5605       308300.8
    1    138709   8244278   1.4550       57693.6
    43   2546378  4367096   1.4540       26248.9
    42   2302712  1539203   1.4633       23460.7
    40   2098840  473230    1.4930       21274.1
    44   3229301  724285    1.4720       17362.0
    41   2178351  766679    1.4699       16788.4
    46   3463254  2317775   1.4522       9584.4
    7    1422321  79638     1.5274       6318.6
    45   3347168  678815    1.4511       2110.7
    top-10: 48.1% of mass, 99.1% of excess-loss
Epoch 45: loss=1.438462  (93.40 sec, 65 subtrees, 730 chunks, 34623339 nodes)
  residual top-10 (subtree_mass × max(avg_loss − 1.438, 0)):
    rc   rootID   mass      avg_loss     score 
    39   1660971  2741100   1.5519       311058.8
    1    138709   8244278   1.4507       101289.8
    43   2546378  4367096   1.4466       35454.4
    42   2302712  1539203   1.4577       29617.6
    40   2098840  473230    1.4843       21701.5
    41   2178351  766679    1.4639       19500.0
    44   3229301  724285    1.4638       18368.6
    46   3463254  2317775   1.4438       12479.7
    7    1422321  79638     1.5106       5747.6
    31   1628740  37700     1.4946       2114.7
    top-10: 46.7% of mass, 99.3% of excess-loss
Epoch 46: loss=1.430801  (93.41 sec, 65 subtrees, 730 chunks, 34623339 nodes)
  residual top-10 (subtree_mass × max(avg_loss − 1.431, 0)):
    rc   rootID   mass      avg_loss     score 
    39   1660971  2741100   1.5298       271405.4
    1    138709   8244278   1.4373       53296.0
    42   2302712  1539203   1.4469       24755.8
    40   2098840  473230    1.4793       22930.2
    44   3229301  724285    1.4559       18207.3
    46   3463254  2317775   1.4385       17769.5
    41   2178351  766679    1.4516       15923.0
    43   2546378  4367096   1.4343       15137.0
    7    1422321  79638     1.5088       6210.5
    45   3347168  678815    1.4329       1428.6
    top-10: 48.1% of mass, 99.5% of excess-loss
Epoch 47: loss=1.425325  (93.42 sec, 65 subtrees, 730 chunks, 34623339 nodes)
  residual top-10 (subtree_mass × max(avg_loss − 1.425, 0)):
    rc   rootID   mass      avg_loss     score 
    39   1660971  2741100   1.5327       294412.5
    1    138709   8244278   1.4309       46146.1
    42   2302712  1539203   1.4478       34625.6
    43   2546378  4367096   1.4320       29259.2
    40   2098840  473230    1.4864       28879.3
    41   2178351  766679    1.4547       22537.5
    44   3229301  724285    1.4527       19837.0
    46   3463254  2317775   1.4329       17638.5
    7    1422321  79638     1.5072       6522.7
    45   3347168  678815    1.4283       2007.4
    top-10: 48.1% of mass, 99.6% of excess-loss
Epoch 48: loss=1.420333  (93.38 sec, 65 subtrees, 730 chunks, 34623339 nodes)
  residual top-10 (subtree_mass × max(avg_loss − 1.420, 0)):
    rc   rootID   mass      avg_loss     score 
    39   1660971  2741100   1.5116       250062.4
    1    138709   8244278   1.4276       60108.0
    43   2546378  4367096   1.4296       40448.7
    42   2302712  1539203   1.4379       27064.1
    44   3229301  724285    1.4481       20091.7
    40   2098840  473230    1.4616       19540.8
    41   2178351  766679    1.4408       15685.9
    46   3463254  2317775   1.4268       14945.4
    7    1422321  79638     1.4933       5807.9
    45   3347168  678815    1.4241       2570.7
    top-10: 48.1% of mass, 99.4% of excess-loss
Epoch 49: loss=1.414097  (93.44 sec, 65 subtrees, 730 chunks, 34623339 nodes)
  residual top-10 (subtree_mass × max(avg_loss − 1.414, 0)):
    rc   rootID   mass      avg_loss     score 
    39   1660971  2741100   1.5219       295474.0
    1    138709   8244278   1.4238       79879.9
    46   3463254  2317775   1.4269       29571.6
    40   2098840  473230    1.4636       23443.3
    42   2302712  1539203   1.4286       22269.8
    44   3229301  724285    1.4412       19664.7
    41   2178351  766679    1.4367       17354.5
    43   2546378  4367096   1.4168       12013.0
    7    1422321  79638     1.4827       5463.2
    45   3347168  678815    1.4201       4105.9
    top-10: 48.1% of mass, 99.4% of excess-loss
Epoch 50: loss=1.405978  (93.45 sec, 65 subtrees, 730 chunks, 34623339 nodes)
  residual top-10 (subtree_mass × max(avg_loss − 1.406, 0)):
    rc   rootID   mass      avg_loss     score 
    39   1660971  2741100   1.5156       300598.8
    1    138709   8244278   1.4159       81992.0
    46   3463254  2317775   1.4174       26514.0
    40   2098840  473230    1.4555       23420.1
    42   2302712  1539203   1.4198       21216.9
    44   3229301  724285    1.4323       19094.9
    41   2178351  766679    1.4289       17540.1
    43   2546378  4367096   1.4092       14173.7
    7    1422321  79638     1.4748       5480.1
    45   3347168  678815    1.4128       4643.8
    top-10: 48.1% of mass, 99.5% of excess-loss
Epoch 51: loss=1.400979  (93.39 sec, 65 subtrees, 730 chunks, 34623339 nodes)
  residual top-10 (subtree_mass × max(avg_loss − 1.401, 0)):
    rc   rootID   mass      avg_loss     score 
    39   1660971  2741100   1.5025       278251.5
    1    138709   8244278   1.4095       70059.0
    46   3463254  2317775   1.4140       30086.4
    42   2302712  1539203   1.4184       26783.8
    43   2546378  4367096   1.4070       26220.9
    40   2098840  473230    1.4528       24527.9
    44   3229301  724285    1.4326       22909.3
    41   2178351  766679    1.4268       19783.6
    45   3347168  678815    1.4096       5829.5
    7    1422321  79638     1.4673       5278.2
    top-10: 48.1% of mass, 99.3% of excess-loss
Epoch 52: loss=1.400222  (93.41 sec, 65 subtrees, 730 chunks, 34623339 nodes)
  residual top-10 (subtree_mass × max(avg_loss − 1.400, 0)):
    rc   rootID   mass      avg_loss     score 
    39   1660971  2741100   1.5128       308692.8
    1    138709   8244278   1.4046       35823.1
    46   3463254  2317775   1.4133       30388.7
    42   2302712  1539203   1.4185       28174.3
    40   2098840  473230    1.4592       27898.6
    43   2546378  4367096   1.4062       26035.9
    44   3229301  724285    1.4311       22360.8
    41   2178351  766679    1.4292       22222.0
    45   3347168  678815    1.4084       5572.1
    7    1422321  79638     1.4677       5372.6
    top-10: 48.1% of mass, 99.6% of excess-loss
Epoch 53: loss=1.389073  (93.42 sec, 65 subtrees, 730 chunks, 34623339 nodes)
  residual top-10 (subtree_mass × max(avg_loss − 1.389, 0)):
    rc   rootID   mass      avg_loss     score 
    39   1660971  2741100   1.4796       248208.0
    1    138709   8244278   1.3998       88787.2
    46   3463254  2317775   1.4007       27023.3
    40   2098840  473230    1.4434       25712.0
    42   2302712  1539203   1.4032       21804.8
    44   3229301  724285    1.4166       19951.0
    41   2178351  766679    1.4122       17768.1
    43   2546378  4367096   1.3918       11829.2
    7    1422321  79638     1.4560       5329.0
    45   3347168  678815    1.3953       4233.4
    top-10: 48.1% of mass, 99.0% of excess-loss
Epoch 54: loss=1.382154  (93.40 sec, 65 subtrees, 730 chunks, 34623339 nodes)
  residual top-10 (subtree_mass × max(avg_loss − 1.382, 0)):
    rc   rootID   mass      avg_loss     score 
    39   1660971  2741100   1.4709       243285.3
    1    138709   8244278   1.3930       89044.8
    46   3463254  2317775   1.3916       21944.9
    40   2098840  473230    1.4244       19977.7
    44   3229301  724285    1.4073       18215.5
    42   2302712  1539203   1.3910       13637.8
    41   2178351  766679    1.3981       12226.4
    7    1422321  79638     1.4516       5527.2
    45   3347168  678815    1.3856       2326.7
    50   4218803  1289869   1.3838       2165.8
    top-10: 41.4% of mass, 99.5% of excess-loss
Epoch 55: loss=1.382018  (93.41 sec, 65 subtrees, 730 chunks, 34623339 nodes)
  residual top-10 (subtree_mass × max(avg_loss − 1.382, 0)):
    rc   rootID   mass      avg_loss     score 
    39   1660971  2741100   1.4779       262855.2
    1    138709   8244278   1.3904       69242.3
    46   3463254  2317775   1.3931       25601.1
    40   2098840  473230    1.4248       20263.6
    42   2302712  1539203   1.3950       20007.6
    44   3229301  724285    1.4082       18949.2
    41   2178351  766679    1.4026       15761.8
    43   2546378  4367096   1.3851       13669.7
    7    1422321  79638     1.4428       4840.2
    50   4218803  1289869   1.3854       4326.1
    top-10: 49.5% of mass, 98.5% of excess-loss
Epoch 56: loss=1.380295  (93.41 sec, 65 subtrees, 730 chunks, 34623339 nodes)
  residual top-10 (subtree_mass × max(avg_loss − 1.380, 0)):
    rc   rootID   mass      avg_loss     score 
    39   1660971  2741100   1.4964       318182.4
    1    138709   8244278   1.3859       46410.0
    40   2098840  473230    1.4451       30668.3
    46   3463254  2317775   1.3924       28094.3
    41   2178351  766679    1.4150       26600.5
    43   2546378  4367096   1.3856       23160.4
    42   2302712  1539203   1.3953       23140.2
    44   3229301  724285    1.4104       21781.1
    7    1422321  79638     1.4429       4987.6
    45   3347168  678815    1.3863       4089.4
    top-10: 48.1% of mass, 99.5% of excess-loss
Epoch 57: loss=1.374484  (93.45 sec, 65 subtrees, 730 chunks, 34623338 nodes)
  residual top-10 (subtree_mass × max(avg_loss − 1.374, 0)):
    rc   rootID   mass      avg_loss     score 
    39   1660971  2741100   1.4905       318102.5
    1    138709   8244278   1.3812       55359.8
    46   3463254  2317775   1.3859       26485.5
    40   2098840  473230    1.4203       21698.1
    44   3229301  724285    1.4014       19506.2
    42   2302712  1539203   1.3849       16025.2
    41   2178351  766679    1.3936       14664.3
    43   2546378  4367096   1.3763       8013.0
    7    1422321  79638     1.4391       5146.2
    45   3347168  678815    1.3805       4067.0
    top-10: 48.1% of mass, 99.1% of excess-loss
Epoch 58: loss=1.368934  (93.43 sec, 65 subtrees, 730 chunks, 34623339 nodes)
  residual top-10 (subtree_mass × max(avg_loss − 1.369, 0)):
    rc   rootID   mass      avg_loss     score 
    39   1660971  2741100   1.4505       223467.6
    1    138709   8244278   1.3790       82692.1
    42   2302712  1539203   1.3877       28834.3
    40   2098840  473230    1.4290       28445.9
    46   3463254  2317775   1.3804       26665.3
    41   2178351  766679    1.4011       24636.4
    43   2546378  4367096   1.3736       20476.5
    44   3229301  724285    1.3968       20157.6
    7    1422321  79638     1.4303       4887.6
    45   3347168  678815    1.3758       4669.7
    top-10: 48.1% of mass, 98.9% of excess-loss
Epoch 59: loss=1.361408  (93.37 sec, 65 subtrees, 730 chunks, 34623339 nodes)
  residual top-10 (subtree_mass × max(avg_loss − 1.361, 0)):
    rc   rootID   mass      avg_loss     score 
    39   1660971  2741100   1.4305       189375.1
    1    138709   8244278   1.3732       97289.8
    46   3463254  2317775   1.3769       36001.1
    40   2098840  473230    1.4103       23132.4
    44   3229301  724285    1.3904       21019.4
    42   2302712  1539203   1.3742       19616.4
    41   2178351  766679    1.3831       16667.3
    43   2546378  4367096   1.3650       15808.5
    45   3347168  678815    1.3705       6193.0
    50   4218803  1289869   1.3660       5947.3
    top-10: 50.8% of mass, 98.7% of excess-loss
Epoch 60: loss=1.358249  (93.41 sec, 65 subtrees, 730 chunks, 34623339 nodes)
  residual top-10 (subtree_mass × max(avg_loss − 1.358, 0)):
    rc   rootID   mass      avg_loss     score 
    39   1660971  2741100   1.4381       218845.8
    1    138709   8244278   1.3706       101583.9
    42   2302712  1539203   1.3753       26301.1
    46   3463254  2317775   1.3694       25826.8
    40   2098840  473230    1.4111       25019.2
    43   2546378  4367096   1.3637       23925.2
    44   3229301  724285    1.3857       19908.2
    41   2178351  766679    1.3830       18959.7
    7    1422321  79638     1.4205       4961.0
    50   4218803  1289869   1.3616       4374.0
    top-10: 49.5% of mass, 99.0% of excess-loss
Epoch 61: loss=1.355092  (93.38 sec, 65 subtrees, 730 chunks, 34623339 nodes)
  residual top-10 (subtree_mass × max(avg_loss − 1.355, 0)):
    rc   rootID   mass      avg_loss     score 
    39   1660971  2741100   1.4437       242938.6
    1    138709   8244278   1.3644       76953.8
    46   3463254  2317775   1.3680       29834.6
    40   2098840  473230    1.4086       25312.7
    42   2302712  1539203   1.3689       21210.4
    44   3229301  724285    1.3822       19607.9
    41   2178351  766679    1.3783       17761.4
    43   2546378  4367096   1.3580       12533.4
    50   4218803  1289869   1.3598       6053.2
    7    1422321  79638     1.4142       4707.5
    top-10: 49.5% of mass, 98.6% of excess-loss
Epoch 62: loss=1.355916  (93.41 sec, 65 subtrees, 730 chunks, 34623339 nodes)
  residual top-10 (subtree_mass × max(avg_loss − 1.356, 0)):
    rc   rootID   mass      avg_loss     score 
    39   1660971  2741100   1.4490       255261.6
    1    138709   8244278   1.3619       49544.6
    46   3463254  2317775   1.3708       34601.3
    40   2098840  473230    1.4072       24263.8
    43   2546378  4367096   1.3611       22548.6
    44   3229301  724285    1.3864       22098.1
    42   2302712  1539203   1.3703       22075.4
    41   2178351  766679    1.3792       17850.2
    50   4218803  1289869   1.3614       7064.5
    45   3347168  678815    1.3648       6004.1
    top-10: 50.8% of mass, 98.5% of excess-loss
Epoch 63: loss=1.349206  (93.42 sec, 65 subtrees, 730 chunks, 34623339 nodes)
  residual top-10 (subtree_mass × max(avg_loss − 1.349, 0)):
    rc   rootID   mass      avg_loss     score 
    39   1660971  2741100   1.4264       211607.6
    1    138709   8244278   1.3625       109288.3
    46   3463254  2317775   1.3615       28549.1
    40   2098840  473230    1.4018       24897.6
    42   2302712  1539203   1.3627       20736.9
    44   3229301  724285    1.3767       19937.0
    41   2178351  766679    1.3718       17333.2
    43   2546378  4367096   1.3524       14083.1
    50   4218803  1289869   1.3543       6535.8
    7    1422321  79638     1.4070       4600.2
    top-10: 49.5% of mass, 98.9% of excess-loss
Epoch 64: loss=1.344829  (93.40 sec, 65 subtrees, 730 chunks, 34623339 nodes)
  residual top-10 (subtree_mass × max(avg_loss − 1.345, 0)):
    rc   rootID   mass      avg_loss     score 
    39   1660971  2741100   1.4171       198008.2
    1    138709   8244278   1.3569       99357.7
    46   3463254  2317775   1.3586       31960.9
    40   2098840  473230    1.3956       24027.7
    42   2302712  1539203   1.3582       20517.7
    44   3229301  724285    1.3728       20276.8
    41   2178351  766679    1.3699       19230.3
    43   2546378  4367096   1.3484       15798.1
    50   4218803  1289869   1.3508       7722.1
    45   3347168  678815    1.3518       4731.2
    top-10: 50.8% of mass, 98.6% of excess-loss
Epoch 65: loss=1.339742  (93.41 sec, 65 subtrees, 730 chunks, 34623339 nodes)
  residual top-10 (subtree_mass × max(avg_loss − 1.340, 0)):
    rc   rootID   mass      avg_loss     score 
    39   1660971  2741100   1.4052       179357.8
    1    138709   8244278   1.3540       117928.8
    46   3463254  2317775   1.3545       34127.4
    40   2098840  473230    1.3898       23702.7
    44   3229301  724285    1.3679       20422.4
    42   2302712  1539203   1.3512       17664.3
    41   2178351  766679    1.3618       16938.5
    43   2546378  4367096   1.3420       9652.2
    50   4218803  1289869   1.3468       9050.0
    45   3347168  678815    1.3473       5136.5
    top-10: 50.8% of mass, 98.4% of excess-loss
Epoch 66: loss=1.335150  (93.39 sec, 65 subtrees, 730 chunks, 34623339 nodes)
  residual top-10 (subtree_mass × max(avg_loss − 1.335, 0)):
    rc   rootID   mass      avg_loss     score 
    39   1660971  2741100   1.3947       163109.0
    1    138709   8244278   1.3496       119005.0
    46   3463254  2317775   1.3492       32613.7
    40   2098840  473230    1.3811       21731.4
    44   3229301  724285    1.3623       19676.2
    42   2302712  1539203   1.3457       16164.1
    41   2178351  766679    1.3547       14972.1
    50   4218803  1289869   1.3432       10402.6
    43   2546378  4367096   1.3369       7698.0
    45   3347168  678815    1.3421       4689.5
    top-10: 50.8% of mass, 98.1% of excess-loss
Epoch 67: loss=1.332362  (93.42 sec, 65 subtrees, 730 chunks, 34623339 nodes)
  residual top-10 (subtree_mass × max(avg_loss − 1.332, 0)):
    rc   rootID   mass      avg_loss     score 
    39   1660971  2741100   1.3929       165897.6
    1    138709   8244278   1.3462       113779.1
    46   3463254  2317775   1.3473       34587.8
    40   2098840  473230    1.3773       21243.4
    44   3229301  724285    1.3593       19523.9
    42   2302712  1539203   1.3432       16741.5
    41   2178351  766679    1.3510       14266.6
    50   4218803  1289869   1.3400       9842.3
    43   2546378  4367096   1.3343       8602.9
    45   3347168  678815    1.3400       5184.4
    top-10: 50.8% of mass, 98.0% of excess-loss
Epoch 68: loss=1.332001  (93.40 sec, 65 subtrees, 730 chunks, 34623339 nodes)
  residual top-10 (subtree_mass × max(avg_loss − 1.332, 0)):
    rc   rootID   mass      avg_loss     score 
    39   1660971  2741100   1.4107       215817.9
    1    138709   8244278   1.3439       98391.2
    46   3463254  2317775   1.3461       32708.9
    40   2098840  473230    1.3829       24073.6
    44   3229301  724285    1.3588       19386.3
    42   2302712  1539203   1.3444       19009.4
    41   2178351  766679    1.3552       17819.3
    43   2546378  4367096   1.3345       10774.6
    50   4218803  1289869   1.3395       9707.2
    45   3347168  678815    1.3388       4613.5
    top-10: 50.8% of mass, 98.4% of excess-loss
Epoch 69: loss=1.325929  (93.41 sec, 65 subtrees, 730 chunks, 34623339 nodes)
  residual top-10 (subtree_mass × max(avg_loss − 1.326, 0)):
    rc   rootID   mass      avg_loss     score 
    39   1660971  2741100   1.3764       138368.5
    1    138709   8244278   1.3427       138021.3
    46   3463254  2317775   1.3419       37115.7
    40   2098840  473230    1.3692       20464.4
    44   3229301  724285    1.3540       20347.2
    42   2302712  1539203   1.3361       15655.3
    41   2178351  766679    1.3438       13667.6
    50   4218803  1289869   1.3352       11949.7
    43   2546378  4367096   1.3276       7399.2
    45   3347168  678815    1.3335       5141.6
    top-10: 50.8% of mass, 97.0% of excess-loss
Epoch 70: loss=1.323221  (93.43 sec, 65 subtrees, 730 chunks, 34623337 nodes)
  residual top-10 (subtree_mass × max(avg_loss − 1.323, 0)):
    rc   rootID   mass      avg_loss     score 
    39   1660971  2741100   1.3745       140497.4
    1    138709   8244278   1.3393       132553.9
    46   3463254  2317775   1.3397       38127.8
    40   2098840  473230    1.3693       21828.5
    44   3229301  724285    1.3523       21057.5
    42   2302712  1539203   1.3339       16490.5
    41   2178351  766679    1.3431       15216.4
    50   4218803  1289869   1.3334       13134.1
    43   2546378  4367096   1.3251       8066.9
    45   3347168  678815    1.3318       5835.0
    top-10: 50.8% of mass, 96.4% of excess-loss
Epoch 71: loss=1.321213  (93.38 sec, 65 subtrees, 730 chunks, 34623339 nodes)
  residual top-10 (subtree_mass × max(avg_loss − 1.321, 0)):
    rc   rootID   mass      avg_loss     score 
    39   1660971  2741100   1.3716       138001.5
    1    138709   8244278   1.3371       130942.5
    46   3463254  2317775   1.3378       38396.3
    40   2098840  473230    1.3649       20655.2
    44   3229301  724285    1.3497       20604.6
    42   2302712  1539203   1.3318       16349.9
    41   2178351  766679    1.3391       13728.1
    50   4218803  1289869   1.3316       13347.1
    43   2546378  4367096   1.3233       9314.7
    45   3347168  678815    1.3299       5911.0
    top-10: 50.8% of mass, 94.6% of excess-loss
Epoch 72: loss=1.318918  (93.44 sec, 65 subtrees, 730 chunks, 34623338 nodes)
  residual top-10 (subtree_mass × max(avg_loss − 1.319, 0)):
    rc   rootID   mass      avg_loss     score 
    1    138709   8244278   1.3356       137412.2
    39   1660971  2741100   1.3676       133323.8
    46   3463254  2317775   1.3359       39448.8
    44   3229301  724285    1.3469       20262.9
    40   2098840  473230    1.3616       20180.7
    42   2302712  1539203   1.3299       16842.8
    41   2178351  766679    1.3374       14148.9
    50   4218803  1289869   1.3299       14114.6
    43   2546378  4367096   1.3217       11944.4
    58   6141841  3228512   1.3209       6546.8
    top-10: 56.4% of mass, 94.2% of excess-loss
Epoch 73: loss=1.315958  (93.41 sec, 65 subtrees, 730 chunks, 34623339 nodes)
  residual top-10 (subtree_mass × max(avg_loss − 1.316, 0)):
    rc   rootID   mass      avg_loss     score 
    1    138709   8244278   1.3340       148751.2
    39   1660971  2741100   1.3604       121802.1
    46   3463254  2317775   1.3332       39857.5
    40   2098840  473230    1.3597       20687.8
    44   3229301  724285    1.3433       19784.0
    42   2302712  1539203   1.3268       16680.2
    50   4218803  1289869   1.3277       15173.6
    41   2178351  766679    1.3346       14306.9
    43   2546378  4367096   1.3183       10215.2
    58   6141841  3228512   1.3186       8521.8
    top-10: 56.4% of mass, 94.0% of excess-loss
Epoch 74: loss=1.313450  (93.40 sec, 65 subtrees, 730 chunks, 34623339 nodes)
  residual top-10 (subtree_mass × max(avg_loss − 1.313, 0)):
    rc   rootID   mass      avg_loss     score 
    1    138709   8244278   1.3315       148767.5
    39   1660971  2741100   1.3549       113647.8
    46   3463254  2317775   1.3310       40778.6
    44   3229301  724285    1.3420       20679.2
    40   2098840  473230    1.3528       18608.7
    42   2302712  1539203   1.3245       17046.1
    50   4218803  1289869   1.3259       16039.3
    41   2178351  766679    1.3308       13335.8
    43   2546378  4367096   1.3162       12051.5
    58   6141841  3228512   1.3170       11575.3
    top-10: 56.4% of mass, 92.3% of excess-loss
Epoch 75: loss=1.311452  (93.42 sec, 65 subtrees, 730 chunks, 34623339 nodes)
  residual top-10 (subtree_mass × max(avg_loss − 1.311, 0)):
    rc   rootID   mass      avg_loss     score 
    1    138709   8244278   1.3303       155256.5
    39   1660971  2741100   1.3515       109699.6
    46   3463254  2317775   1.3296       42129.3
    44   3229301  724285    1.3400       20642.1
    40   2098840  473230    1.3513       18844.8
    42   2302712  1539203   1.3224       16825.1
    50   4218803  1289869   1.3241       16352.7
    41   2178351  766679    1.3299       14150.4
    58   6141841  3228512   1.3157       13564.9
    43   2546378  4367096   1.3143       12629.7
    top-10: 56.4% of mass, 92.0% of excess-loss
Epoch 76: loss=1.309506  (93.39 sec, 65 subtrees, 730 chunks, 34623339 nodes)
  residual top-10 (subtree_mass × max(avg_loss − 1.310, 0)):
    rc   rootID   mass      avg_loss     score 
    1    138709   8244278   1.3285       156320.9
    39   1660971  2741100   1.3490       108177.4
    46   3463254  2317775   1.3278       42459.7
    44   3229301  724285    1.3379       20561.9
    40   2098840  473230    1.3484       18387.4
    50   4218803  1289869   1.3232       17689.8
    42   2302712  1539203   1.3208       17375.1
    58   6141841  3228512   1.3140       14510.8
    41   2178351  766679    1.3283       14442.8
    43   2546378  4367096   1.3125       12983.4
    top-10: 56.4% of mass, 91.4% of excess-loss
Epoch 77: loss=1.307527  (93.42 sec, 65 subtrees, 730 chunks, 34623339 nodes)
  residual top-10 (subtree_mass × max(avg_loss − 1.308, 0)):
    rc   rootID   mass      avg_loss     score 
    1    138709   8244278   1.3273       163266.9
    39   1660971  2741100   1.3434       98212.6
    46   3463254  2317775   1.3264       43744.2
    44   3229301  724285    1.3360       20622.5
    50   4218803  1289869   1.3221       18771.2
    42   2302712  1539203   1.3194       18275.8
    40   2098840  473230    1.3461       18263.2
    58   6141841  3228512   1.3127       16813.1
    41   2178351  766679    1.3259       14105.9
    43   2546378  4367096   1.3106       13263.7
    top-10: 56.4% of mass, 90.8% of excess-loss
Epoch 78: loss=1.306069  (93.41 sec, 65 subtrees, 730 chunks, 34623339 nodes)
  residual top-10 (subtree_mass × max(avg_loss − 1.306, 0)):
    rc   rootID   mass      avg_loss     score 
    1    138709   8244278   1.3260       164268.4
    39   1660971  2741100   1.3416       97466.8
    46   3463254  2317775   1.3256       45168.8
    44   3229301  724285    1.3343       20463.0
    50   4218803  1289869   1.3211       19339.0
    58   6141841  3228512   1.3119       18713.9
    42   2302712  1539203   1.3174       17396.3
    40   2098840  473230    1.3427       17345.5
    43   2546378  4367096   1.3094       14741.4
    41   2178351  766679    1.3237       13492.7
    top-10: 56.4% of mass, 90.2% of excess-loss
Epoch 79: loss=1.304846  (93.41 sec, 65 subtrees, 730 chunks, 34623339 nodes)
  residual top-10 (subtree_mass × max(avg_loss − 1.305, 0)):
    rc   rootID   mass      avg_loss     score 
    1    138709   8244278   1.3250       166366.2
    39   1660971  2741100   1.3391       93814.7
    46   3463254  2317775   1.3243       45043.0
    44   3229301  724285    1.3338       20946.2
    50   4218803  1289869   1.3204       20102.7
    58   6141841  3228512   1.3110       19938.1
    42   2302712  1539203   1.3168       18445.1
    40   2098840  473230    1.3424       17772.2
    43   2546378  4367096   1.3083       15117.3
    41   2178351  766679    1.3237       14459.0
    top-10: 56.4% of mass, 89.6% of excess-loss
Epoch 80: loss=1.303540  (93.42 sec, 65 subtrees, 730 chunks, 34623339 nodes)
  residual top-10 (subtree_mass × max(avg_loss − 1.304, 0)):
    rc   rootID   mass      avg_loss     score 
    1    138709   8244278   1.3243       171510.2
    39   1660971  2741100   1.3372       92343.2
    46   3463254  2317775   1.3233       45858.9
    58   6141841  3228512   1.3101       21212.3
    44   3229301  724285    1.3327       21092.4
    50   4218803  1289869   1.3192       20258.3
    42   2302712  1539203   1.3159       19090.7
    40   2098840  473230    1.3394       16948.9
    43   2546378  4367096   1.3072       15970.6
    41   2178351  766679    1.3229       14810.0
    top-10: 56.4% of mass, 89.5% of excess-loss
Epoch 81: loss=1.302306  (93.38 sec, 65 subtrees, 730 chunks, 34623339 nodes)
  residual top-10 (subtree_mass × max(avg_loss − 1.302, 0)):
    rc   rootID   mass      avg_loss     score 
    1    138709   8244278   1.3236       175766.9
    39   1660971  2741100   1.3346       88565.2
    46   3463254  2317775   1.3222       46224.8
    58   6141841  3228512   1.3093       22513.3
    50   4218803  1289869   1.3187       21190.2
    44   3229301  724285    1.3311       20867.8
    42   2302712  1539203   1.3150       19586.9
    43   2546378  4367096   1.3062       16981.5
    40   2098840  473230    1.3377       16763.5
    41   2178351  766679    1.3219       15060.3
    top-10: 56.4% of mass, 89.1% of excess-loss
Epoch 82: loss=1.301294  (93.44 sec, 65 subtrees, 730 chunks, 34623339 nodes)
  residual top-10 (subtree_mass × max(avg_loss − 1.301, 0)):
    rc   rootID   mass      avg_loss     score 
    1    138709   8244278   1.3227       176347.9
    39   1660971  2741100   1.3327       86057.7
    46   3463254  2317775   1.3217       47232.4
    58   6141841  3228512   1.3087       24010.0
    50   4218803  1289869   1.3183       21941.8
    44   3229301  724285    1.3304       21069.3
    42   2302712  1539203   1.3144       20143.8
    43   2546378  4367096   1.3055       18293.8
    40   2098840  473230    1.3354       16122.0
    41   2178351  766679    1.3205       14743.5
    top-10: 56.4% of mass, 88.6% of excess-loss
Epoch 83: loss=1.300444  (93.41 sec, 65 subtrees, 730 chunks, 34623339 nodes)
  residual top-10 (subtree_mass × max(avg_loss − 1.300, 0)):
    rc   rootID   mass      avg_loss     score 
    1    138709   8244278   1.3222       179462.1
    39   1660971  2741100   1.3307       82845.0
    46   3463254  2317775   1.3210       47537.4
    58   6141841  3228512   1.3083       25305.6
    50   4218803  1289869   1.3178       22356.2
    42   2302712  1539203   1.3144       21433.3
    44   3229301  724285    1.3299       21330.6
    43   2546378  4367096   1.3047       18724.7
    40   2098840  473230    1.3348       16256.0
    41   2178351  766679    1.3207       15557.4
    top-10: 56.4% of mass, 88.2% of excess-loss
Epoch 84: loss=1.299794  (93.38 sec, 65 subtrees, 730 chunks, 34623338 nodes)
  residual top-10 (subtree_mass × max(avg_loss − 1.300, 0)):
    rc   rootID   mass      avg_loss     score 
    1    138709   8244278   1.3218       181241.0
    39   1660971  2741100   1.3297       81912.5
    46   3463254  2317775   1.3205       48102.5
    58   6141841  3228512   1.3079       26048.7
    50   4218803  1289869   1.3173       22546.8
    42   2302712  1539203   1.3140       21886.0
    44   3229301  724285    1.3294       21448.1
    43   2546378  4367096   1.3043       19760.5
    53   4965123  2594188   1.3060       16166.0
    41   2178351  766679    1.3200       15453.4
    top-10: 61.0% of mass, 88.0% of excess-loss
Epoch 85: loss=1.299117  (93.42 sec, 65 subtrees, 730 chunks, 34623339 nodes)
  residual top-10 (subtree_mass × max(avg_loss − 1.299, 0)):
    rc   rootID   mass      avg_loss     score 
    1    138709   8244278   1.3214       183513.7
    39   1660971  2741100   1.3281       79387.7
    46   3463254  2317775   1.3201       48722.2
    58   6141841  3228512   1.3074       26873.3
    50   4218803  1289869   1.3173       23480.4
    42   2302712  1539203   1.3139       22778.0
    44   3229301  724285    1.3290       21608.7
    43   2546378  4367096   1.3039       20859.1
    53   4965123  2594188   1.3056       16782.6
    41   2178351  766679    1.3197       15745.1
    top-10: 61.0% of mass, 87.9% of excess-loss
Epoch 86: loss=1.298735  (93.40 sec, 65 subtrees, 730 chunks, 34623339 nodes)
  residual top-10 (subtree_mass × max(avg_loss − 1.299, 0)):
    rc   rootID   mass      avg_loss     score 
    1    138709   8244278   1.3210       183639.1
    39   1660971  2741100   1.3272       77956.8
    46   3463254  2317775   1.3200       49189.6
    58   6141841  3228512   1.3072       27453.6
    42   2302712  1539203   1.3143       24015.6
    50   4218803  1289869   1.3171       23630.8
    43   2546378  4367096   1.3038       22321.4
    44   3229301  724285    1.3290       21921.3
    53   4965123  2594188   1.3054       17305.8
    41   2178351  766679    1.3199       16258.4
    top-10: 61.0% of mass, 87.7% of excess-loss
Epoch 87: loss=1.298369  (93.39 sec, 65 subtrees, 730 chunks, 34623339 nodes)
  residual top-10 (subtree_mass × max(avg_loss − 1.298, 0)):
    rc   rootID   mass      avg_loss     score 
    1    138709   8244278   1.3209       185391.2
    39   1660971  2741100   1.3263       76597.2
    46   3463254  2317775   1.3198       49707.1
    58   6141841  3228512   1.3070       27968.2
    42   2302712  1539203   1.3143       24577.5
    50   4218803  1289869   1.3169       23935.4
    43   2546378  4367096   1.3038       23616.1
    44   3229301  724285    1.3288       22030.0
    53   4965123  2594188   1.3052       17595.7
    41   2178351  766679    1.3199       16481.9
    top-10: 61.0% of mass, 87.5% of excess-loss
Epoch 88: loss=1.298245  (93.42 sec, 65 subtrees, 730 chunks, 34623337 nodes)
  residual top-10 (subtree_mass × max(avg_loss − 1.298, 0)):
    rc   rootID   mass      avg_loss     score 
    1    138709   8244278   1.3206       184544.8
    39   1660971  2741100   1.3260       76053.6
    46   3463254  2317775   1.3198       50046.8
    58   6141841  3228512   1.3070       28152.7
    42   2302712  1539203   1.3150       25838.1
    43   2546378  4367096   1.3041       25440.4
    50   4218803  1289869   1.3169       24117.1
    44   3229301  724285    1.3293       22500.2
    53   4965123  2594188   1.3051       17729.8
    41   2178351  766679    1.3205       17091.9
    top-10: 61.0% of mass, 87.4% of excess-loss
Epoch 89: loss=1.298200  (93.39 sec, 65 subtrees, 730 chunks, 34623339 nodes)
  residual top-10 (subtree_mass × max(avg_loss − 1.298, 0)):
    rc   rootID   mass      avg_loss     score 
    1    138709   8244278   1.3205       184015.9
    39   1660971  2741100   1.3254       74503.0
    46   3463254  2317775   1.3201       50751.1
    58   6141841  3228512   1.3069       28228.1
    43   2546378  4367096   1.3044       27067.4
    42   2302712  1539203   1.3157       27001.9
    50   4218803  1289869   1.3174       24809.8
    44   3229301  724285    1.3299       22989.2
    53   4965123  2594188   1.3049       17415.1
    41   2178351  766679    1.3208       17345.4
    top-10: 61.0% of mass, 87.3% of excess-loss
Epoch 90: loss=1.298126  (93.41 sec, 65 subtrees, 730 chunks, 34623339 nodes)
  residual top-10 (subtree_mass × max(avg_loss − 1.298, 0)):
    rc   rootID   mass      avg_loss     score 
    1    138709   8244278   1.3205       184388.8
    39   1660971  2741100   1.3240       70866.1
    46   3463254  2317775   1.3203       51408.3
    58   6141841  3228512   1.3070       28540.7
    43   2546378  4367096   1.3047       28504.2
    42   2302712  1539203   1.3160       27559.7
    50   4218803  1289869   1.3178       25346.5
    44   3229301  724285    1.3304       23351.5
    53   4965123  2594188   1.3049       17653.7
    57   5794595  2162522   1.3062       17398.8
    top-10: 64.1% of mass, 86.9% of excess-loss
Epoch 91: loss=1.298196  (93.44 sec, 65 subtrees, 730 chunks, 34623339 nodes)
  residual top-10 (subtree_mass × max(avg_loss − 1.298, 0)):
    rc   rootID   mass      avg_loss     score 
    1    138709   8244278   1.3205       183955.9
    39   1660971  2741100   1.3228       67502.7
    46   3463254  2317775   1.3208       52423.4
    43   2546378  4367096   1.3049       29398.0
    58   6141841  3228512   1.3071       28777.4
    42   2302712  1539203   1.3162       27750.5
    50   4218803  1289869   1.3185       26218.0
    44   3229301  724285    1.3310       23743.2
    57   5794595  2162522   1.3065       17905.3
    53   4965123  2594188   1.3050       17658.5
    top-10: 64.1% of mass, 86.7% of excess-loss
Epoch 92: loss=1.298272  (93.42 sec, 65 subtrees, 730 chunks, 34623339 nodes)
  residual top-10 (subtree_mass × max(avg_loss − 1.298, 0)):
    rc   rootID   mass      avg_loss     score 
    1    138709   8244278   1.3205       183648.2
    39   1660971  2741100   1.3215       63804.9
    46   3463254  2317775   1.3213       53429.2
    43   2546378  4367096   1.3050       29420.3
    58   6141841  3228512   1.3073       29127.2
    50   4218803  1289869   1.3195       27328.0
    42   2302712  1539203   1.3159       27208.6
    44   3229301  724285    1.3312       23840.9
    57   5794595  2162522   1.3070       18835.8
    47   3809957  2279927   1.3063       18272.3
    top-10: 63.4% of mass, 86.5% of excess-loss
Epoch 93: loss=1.298431  (93.41 sec, 65 subtrees, 730 chunks, 34623339 nodes)
  residual top-10 (subtree_mass × max(avg_loss − 1.298, 0)):
    rc   rootID   mass      avg_loss     score 
    1    138709   8244278   1.3207       183634.5
    39   1660971  2741100   1.3201       59532.4
    46   3463254  2317775   1.3218       54206.0
    58   6141841  3228512   1.3077       30037.0
    50   4218803  1289869   1.3208       28857.1
    43   2546378  4367096   1.3049       28086.1
    42   2302712  1539203   1.3152       25735.7
    44   3229301  724285    1.3313       23825.4
    57   5794595  2162522   1.3076       19851.6
    47   3809957  2279927   1.3070       19617.9
    top-10: 63.4% of mass, 86.2% of excess-loss
Epoch 94: loss=1.298534  (93.38 sec, 65 subtrees, 730 chunks, 34623338 nodes)
  residual top-10 (subtree_mass × max(avg_loss − 1.299, 0)):
    rc   rootID   mass      avg_loss     score 
    1    138709   8244278   1.3210       184857.3
    39   1660971  2741100   1.3190       56160.9
    46   3463254  2317775   1.3220       54404.8
    58   6141841  3228512   1.3081       30965.4
    50   4218803  1289869   1.3221       30455.2
    43   2546378  4367096   1.3042       24662.6
    44   3229301  724285    1.3307       23293.9
    42   2302712  1539203   1.3136       23159.4
    57   5794595  2162522   1.3085       21496.2
    47   3809957  2279927   1.3074       20227.6
    top-10: 63.4% of mass, 85.7% of excess-loss
Epoch 95: loss=1.298599  (93.42 sec, 65 subtrees, 730 chunks, 34623339 nodes)
  residual top-10 (subtree_mass × max(avg_loss − 1.299, 0)):
    rc   rootID   mass      avg_loss     score 
    1    138709   8244278   1.3214       188126.3
    46   3463254  2317775   1.3217       53611.2
    39   1660971  2741100   1.3180       53310.7
    58   6141841  3228512   1.3087       32721.7
    50   4218803  1289869   1.3233       31886.6
    57   5794595  2162522   1.3096       23742.8
    44   3229301  724285    1.3295       22370.6
    47   3809957  2279927   1.3074       19985.6
    42   2302712  1539203   1.3113       19609.4
    53   4965123  2594188   1.3060       19290.4
    top-10: 59.5% of mass, 85.0% of excess-loss
Epoch 96: loss=1.298414  (93.41 sec, 65 subtrees, 730 chunks, 34623337 nodes)
  residual top-10 (subtree_mass × max(avg_loss − 1.298, 0)):
    rc   rootID   mass      avg_loss     score 
    1    138709   8244278   1.3220       194458.7
    39   1660971  2741100   1.3174       52066.9
    46   3463254  2317775   1.3208       51811.6
    58   6141841  3228512   1.3093       35191.0
    50   4218803  1289869   1.3235       32405.4
    57   5794595  2162522   1.3106       26392.0
    44   3229301  724285    1.3274       20989.1
    53   4965123  2594188   1.3063       20444.8
    47   3809957  2279927   1.3064       18294.9
    42   2302712  1539203   1.3084       15353.4
    top-10: 59.5% of mass, 86.0% of excess-loss
Epoch 97: loss=1.298060  (93.39 sec, 65 subtrees, 730 chunks, 34623339 nodes)
  residual top-10 (subtree_mass × max(avg_loss − 1.298, 0)):
    rc   rootID   mass      avg_loss     score 
    1    138709   8244278   1.3228       203770.0
    39   1660971  2741100   1.3172       52352.5
    46   3463254  2317775   1.3196       49816.9
    58   6141841  3228512   1.3097       37635.5
    50   4218803  1289869   1.3227       31778.5
    57   5794595  2162522   1.3114       28779.2
    53   4965123  2594188   1.3062       21166.1
    44   3229301  724285    1.3251       19594.3
    47   3809957  2279927   1.3050       15790.0
    56   5475765  1903021   1.3046       12511.8
    top-10: 60.3% of mass, 87.2% of excess-loss
Epoch 98: loss=1.297576  (93.41 sec, 65 subtrees, 730 chunks, 34623338 nodes)
  residual top-10 (subtree_mass × max(avg_loss − 1.298, 0)):
    rc   rootID   mass      avg_loss     score 
    1    138709   8244278   1.3236       214398.5
    39   1660971  2741100   1.3172       53812.6
    46   3463254  2317775   1.3182       47760.8
    58   6141841  3228512   1.3098       39548.0
    50   4218803  1289869   1.3212       30491.2
    57   5794595  2162522   1.3114       29951.4
    53   4965123  2594188   1.3059       21557.8
    44   3229301  724285    1.3229       18348.2
    47   3809957  2279927   1.3034       13355.5
    56   5475765  1903021   1.3045       13200.0
    top-10: 60.3% of mass, 88.9% of excess-loss
Epoch 99: loss=1.297176  (93.39 sec, 65 subtrees, 730 chunks, 34623339 nodes)
  residual top-10 (subtree_mass × max(avg_loss − 1.297, 0)):
    rc   rootID   mass      avg_loss     score 
    1    138709   8244278   1.3241       222090.1
    39   1660971  2741100   1.3173       55215.7
    46   3463254  2317775   1.3173       46621.0
    58   6141841  3228512   1.3097       40290.0
    57   5794595  2162522   1.3112       30286.3
    50   4218803  1289869   1.3200       29419.2
    53   4965123  2594188   1.3054       21463.1
    44   3229301  724285    1.3216       17705.6
    56   5475765  1903021   1.3042       13354.2
    47   3809957  2279927   1.3023       11715.3
    top-10: 60.3% of mass, 89.5% of excess-loss
Epoch 100: loss=1.297007  (93.40 sec, 65 subtrees, 730 chunks, 34623339 nodes)
  residual top-10 (subtree_mass × max(avg_loss − 1.297, 0)):
    rc   rootID   mass      avg_loss     score 
    1    138709   8244278   1.3243       225031.4
    39   1660971  2741100   1.3174       55951.6
    46   3463254  2317775   1.3170       46260.5
    58   6141841  3228512   1.3096       40749.7
    57   5794595  2162522   1.3110       30314.9
    50   4218803  1289869   1.3194       28907.8
    53   4965123  2594188   1.3053       21572.6
    44   3229301  724285    1.3212       17518.9
    56   5475765  1903021   1.3040       13373.5
    54   5381749  526964    1.3185       11349.5
    top-10: 56.4% of mass, 89.8% of excess-loss
Saved to /tmp/gut_l12_d128_100se/depth_s1/trained.model
Done.
  Appended optimizer state to /tmp/gut_l12_d128_100se/depth_s1/trained.model (adam_t=6500)
