INFO: --anc-grad: per-subtree descendant→ancestor gradient flow enabled (Wk/Wv get full gradient instead of own-edge-only)
AGPT CUDA Training Engine
  Model: d=128 heads=8 layers=8 ff=512 vocab=65 seq=16(header) head_dim=16
  Loaded 1603137 weight floats (6262.3 KB)
  Loaded optimizer state from checkpoint (adam_t=0)
Loading radix trie from /tmp/gutenberg_5m_baseline_d16_radix...
  Radix trie: 7073694 nodes, 34623339 total edge chars, 17 endpoint depths
  Radix loaded: 11884367 counts entries, 63118178 ancestor char entries
  d_split: 4570307/7073694 nodes have a mass=1 ancestor (mean depth 10.48)
  lr-schedule: warmup-cosine (peak=0.003, warmup_epochs=5)
  optimizer: rmsprop (lr=0.003)
  curriculum: flat (d=max each epoch)
  max edge_len: 15, max ancestor chars: 15, max KV per node: 30, max endpoint depth: 16
  mass=1 compaction: 29783005 / 34623339 chars are mass=1 (86.0%); cache holds 4840334 positions
  loop points: 160826 (mass>1 leaves; 6.4% of 2503386 mass>1 nodes)
  KV cache: 19826.0 MB unified memory (bf16 compact)
  GPU memory: 8871.8 MB used, 76224.1 MB free, 85095.9 MB total
  65 root-child subtrees: sizes min=3 max=1116592 avg=108826.0 (total=7073693 radix nodes)
  anc-grad: max_n_subtree_compact_chars=785090, 8 layers x 3 buffers x 401.97 MB + 19.36 MB lookup = 9691.67 MB total
Epoch 1: loss=3.143044  (63.90 sec, 65 subtrees, 730 chunks, 34623339 nodes)
  residual top-10 (subtree_mass × max(avg_loss − 3.143, 0)):
    rc   rootID   mass      avg_loss     score 
    1    138709   8244278   4.8861       14370596.5
    0    1        824077    5.4570       1906902.8
    6    1317879  754528    3.9782       630140.6
    5    1263676  342947    3.9709       283915.5
    8    1439897  392288    3.2976       60619.3
    2    1255301  46307     4.0097       40132.7
    7    1422321  79638     3.3951       20075.0
    17   1549239  26766     3.6122       12557.5
    15   1539367  34390     3.5010       12311.2
    14   1531441  43678     3.3950       11003.4
    top-10: 23.7% of mass, 99.7% of excess-loss
Epoch 2: loss=2.529486  (62.60 sec, 65 subtrees, 730 chunks, 34623339 nodes)
  residual top-10 (subtree_mass × max(avg_loss − 2.529, 0)):
    rc   rootID   mass      avg_loss     score 
    1    138709   8244278   2.6411       920315.3
    6    1317879  754528    3.5776       790822.4
    5    1263676  342947    3.8000       435728.3
    8    1439897  392288    3.0562       206620.5
    39   1660971  2741100   2.5906       167433.2
    7    1422321  79638     3.3385       64426.1
    45   3347168  678815    2.5899       41038.9
    40   2098840  473230    2.6003       33492.8
    0    1        824077    2.5506       17363.6
    44   3229301  724285    2.5476       13097.9
    top-10: 33.5% of mass, 96.8% of excess-loss
Epoch 3: loss=2.327421  (62.58 sec, 65 subtrees, 730 chunks, 34623339 nodes)
  residual top-10 (subtree_mass × max(avg_loss − 2.327, 0)):
    rc   rootID   mass      avg_loss     score 
    6    1317879  754528    3.0406       538150.4
    5    1263676  342947    3.6698       460358.0
    1    138709   8244278   2.3674       329413.1
    39   1660971  2741100   2.3872       163860.6
    46   3463254  2317775   2.3969       161151.3
    47   3809957  2279927   2.3880       138132.3
    8    1439897  392288    2.5752       97199.4
    42   2302712  1539203   2.3743       72153.2
    40   2098840  473230    2.4152       41522.5
    7    1422321  79638     2.8433       41085.0
    top-10: 42.0% of mass, 92.2% of excess-loss
Epoch 4: loss=2.227307  (62.55 sec, 65 subtrees, 730 chunks, 34623339 nodes)
  residual top-10 (subtree_mass × max(avg_loss − 2.227, 0)):
    rc   rootID   mass      avg_loss     score 
    6    1317879  754528    3.2256       753243.5
    5    1263676  342947    3.7675       528196.9
    39   1660971  2741100   2.4120       506356.4
    8    1439897  392288    2.8600       248199.2
    40   2098840  473230    2.4158       89197.9
    41   2178351  766679    2.3293       78218.5
    7    1422321  79638     2.9495       57516.4
    11   1500886  77582     2.5102       21949.3
    13   1520469  67330     2.5176       19548.6
    12   1513476  42580     2.5624       14266.5
    top-10: 12.6% of mass, 96.9% of excess-loss
Epoch 5: loss=2.165149  (62.52 sec, 65 subtrees, 730 chunks, 34623339 nodes)
  residual top-10 (subtree_mass × max(avg_loss − 2.165, 0)):
    rc   rootID   mass      avg_loss     score 
    6    1317879  754528    3.2483       817255.3
    5    1263676  342947    3.7870       556194.1
    39   1660971  2741100   2.3280       446363.7
    8    1439897  392288    2.8292       260517.7
    46   3463254  2317775   2.2210       129532.3
    7    1422321  79638     3.1860       81296.2
    40   2098840  473230    2.2901       59123.6
    45   3347168  678815    2.2149       33799.6
    11   1500886  77582     2.4692       23589.5
    13   1520469  67330     2.4911       21945.8
    top-10: 17.4% of mass, 96.2% of excess-loss
Epoch 6: loss=2.059287  (62.53 sec, 65 subtrees, 730 chunks, 34623339 nodes)
  residual top-10 (subtree_mass × max(avg_loss − 2.059, 0)):
    rc   rootID   mass      avg_loss     score 
    39   1660971  2741100   2.2741       588895.8
    6    1317879  754528    2.8082       565067.1
    5    1263676  342947    3.2886       421605.0
    8    1439897  392288    2.6017       212784.2
    40   2098840  473230    2.1924       63007.2
    7    1422321  79638     2.7330       53651.8
    41   2178351  766679    2.1031       33561.8
    11   1500886  77582     2.4203       28008.9
    13   1520469  67330     2.4364       25393.8
    12   1513476  42580     2.5011       18813.7
    top-10: 12.6% of mass, 97.1% of excess-loss
Epoch 7: loss=2.037782  (62.56 sec, 65 subtrees, 730 chunks, 34623339 nodes)
  residual top-10 (subtree_mass × max(avg_loss − 2.038, 0)):
    rc   rootID   mass      avg_loss     score 
    6    1317879  754528    3.3382       981213.5
    5    1263676  342947    3.6071       538191.8
    39   1660971  2741100   2.1849       403226.1
    8    1439897  392288    2.9826       370635.2
    7    1422321  79638     3.4948       116038.0
    40   2098840  473230    2.1148       36459.6
    11   1500886  77582     2.3315       22790.7
    13   1520469  67330     2.2876       16821.2
    12   1513476  42580     2.3241       12192.2
    15   1539367  34390     2.2716       8042.5
    top-10: 11.0% of mass, 97.9% of excess-loss
Epoch 8: loss=1.996099  (62.56 sec, 65 subtrees, 730 chunks, 34623339 nodes)
  residual top-10 (subtree_mass × max(avg_loss − 1.996, 0)):
    rc   rootID   mass      avg_loss     score 
    6    1317879  754528    3.1660       882727.6
    39   1660971  2741100   2.1799       503864.7
    5    1263676  342947    3.3079       449875.7
    8    1439897  392288    2.6286       248135.2
    7    1422321  79638     2.8672       69376.3
    40   2098840  473230    2.1150       56252.8
    41   2178351  766679    2.0632       51413.7
    11   1500886  77582     2.2312       18243.1
    13   1520469  67330     2.1978       13583.0
    12   1513476  42580     2.2417       10455.9
    top-10: 12.6% of mass, 97.5% of excess-loss
Epoch 9: loss=1.969958  (62.51 sec, 65 subtrees, 730 chunks, 34623339 nodes)
  residual top-10 (subtree_mass × max(avg_loss − 1.970, 0)):
    rc   rootID   mass      avg_loss     score 
    6    1317879  754528    3.1019       854081.4
    5    1263676  342947    3.4569       509926.7
    39   1660971  2741100   2.0790       298893.5
    8    1439897  392288    2.5598       231389.4
    7    1422321  79638     2.8631       71125.8
    11   1500886  77582     2.1995       17806.1
    13   1520469  67330     2.2086       16066.3
    40   2098840  473230    1.9956       12134.6
    12   1513476  42580     2.2311       11118.8
    15   1539367  34390     2.2050       8082.8
    top-10: 11.0% of mass, 97.2% of excess-loss
Epoch 10: loss=1.909371  (62.51 sec, 65 subtrees, 730 chunks, 34623339 nodes)
  residual top-10 (subtree_mass × max(avg_loss − 1.909, 0)):
    rc   rootID   mass      avg_loss     score 
    6    1317879  754528    2.6017       522365.5
    5    1263676  342947    2.9834       368339.2
    39   1660971  2741100   2.0332       339497.6
    8    1439897  392288    2.2507       133898.4
    1    138709   8244278   1.9146       42856.6
    7    1422321  79638     2.4121       40032.4
    40   2098840  473230    1.9317       10557.7
    13   1520469  67330     2.0378       8647.2
    11   1500886  77582     2.0056       7467.6
    12   1513476  42580     2.0521       6078.6
    top-10: 29.0% of mass, 97.8% of excess-loss
Epoch 11: loss=1.887385  (62.57 sec, 65 subtrees, 730 chunks, 34623339 nodes)
  residual top-10 (subtree_mass × max(avg_loss − 1.887, 0)):
    rc   rootID   mass      avg_loss     score 
    6    1317879  754528    2.7196       627909.0
    5    1263676  342947    3.0487       398267.4
    39   1660971  2741100   2.0114       339808.7
    8    1439897  392288    2.3593       185135.4
    7    1422321  79638     2.5610       53643.4
    40   2098840  473230    1.9258       18185.2
    11   1500886  77582     2.0483       12487.0
    13   1520469  67330     2.0400       10274.0
    12   1513476  42580     2.0521       7014.5
    15   1539367  34390     2.0443       5396.1
    top-10: 11.0% of mass, 98.1% of excess-loss
Epoch 12: loss=1.901775  (62.56 sec, 65 subtrees, 730 chunks, 34623339 nodes)
  residual top-10 (subtree_mass × max(avg_loss − 1.902, 0)):
    rc   rootID   mass      avg_loss     score 
    6    1317879  754528    2.9330       778078.6
    5    1263676  342947    3.1026       411817.3
    39   1660971  2741100   2.0338       361815.4
    8    1439897  392288    2.3773       186532.9
    7    1422321  79638     2.7530       67789.7
    40   2098840  473230    1.9442       20090.2
    11   1500886  77582     2.1450       18867.7
    13   1520469  67330     2.1321       15507.9
    12   1513476  42580     2.1771       11721.8
    15   1539367  34390     2.1171       7403.5
    top-10: 11.0% of mass, 97.5% of excess-loss
Epoch 13: loss=1.871322  (62.51 sec, 65 subtrees, 730 chunks, 34623339 nodes)
  residual top-10 (subtree_mass × max(avg_loss − 1.871, 0)):
    rc   rootID   mass      avg_loss     score 
    6    1317879  754528    2.4734       454260.5
    39   1660971  2741100   2.0177       401230.0
    5    1263676  342947    2.9876       382839.4
    8    1439897  392288    2.3451       185858.9
    7    1422321  79638     2.4181       43542.3
    40   2098840  473230    1.9479       36216.9
    42   2302712  1539203   1.8836       18874.6
    11   1500886  77582     2.0799       16182.0
    41   2178351  766679    1.8876       12444.9
    13   1520469  67330     2.0465       11795.7
    top-10: 15.9% of mass, 96.2% of excess-loss
Epoch 14: loss=1.899831  (62.52 sec, 65 subtrees, 730 chunks, 34623339 nodes)
  residual top-10 (subtree_mass × max(avg_loss − 1.900, 0)):
    rc   rootID   mass      avg_loss     score 
    6    1317879  754528    3.8290       1455603.8
    5    1263676  342947    3.2952       478548.6
    39   1660971  2741100   2.0018       279638.5
    8    1439897  392288    2.4497       215699.8
    7    1422321  79638     3.0286       89895.0
    11   1500886  77582     2.1414       18739.7
    13   1520469  67330     2.1173       14640.6
    12   1513476  42580     2.1525       10758.0
    40   2098840  473230    1.9147       7018.3
    15   1539367  34390     2.0977       6803.0
    top-10: 11.0% of mass, 98.3% of excess-loss
Epoch 15: loss=1.875630  (62.55 sec, 65 subtrees, 730 chunks, 34623339 nodes)
  residual top-10 (subtree_mass × max(avg_loss − 1.876, 0)):
    rc   rootID   mass      avg_loss     score 
    6    1317879  754528    2.6396       576410.7
    39   1660971  2741100   2.0262       412754.1
    5    1263676  342947    2.9228       359110.0
    8    1439897  392288    2.2115       131763.2
    7    1422321  79638     2.4345       44510.9
    40   2098840  473230    1.9090       15781.6
    11   1500886  77582     2.0728       15298.5
    13   1520469  67330     2.0597       12390.9
    12   1513476  42580     2.0833       8843.3
    15   1539367  34390     2.0302       5315.3
    top-10: 11.0% of mass, 97.8% of excess-loss
Epoch 16: loss=1.832406  (62.57 sec, 65 subtrees, 730 chunks, 34623339 nodes)
  residual top-10 (subtree_mass × max(avg_loss − 1.832, 0)):
    rc   rootID   mass      avg_loss     score 
    6    1317879  754528    2.6121       588315.7
    5    1263676  342947    3.0216       407838.1
    39   1660971  2741100   1.9193       238278.3
    8    1439897  392288    2.2384       159276.7
    7    1422321  79638     2.5414       56461.8
    13   1520469  67330     1.9653       8946.4
    11   1500886  77582     1.9291       7502.8
    15   1539367  34390     1.9842       5220.9
    12   1513476  42580     1.9480       4921.2
    40   2098840  473230    1.8408       3991.9
    top-10: 11.0% of mass, 98.1% of excess-loss
Epoch 17: loss=1.780579  (62.53 sec, 65 subtrees, 730 chunks, 34623339 nodes)
  residual top-10 (subtree_mass × max(avg_loss − 1.781, 0)):
    rc   rootID   mass      avg_loss     score 
    39   1660971  2741100   1.8879       294062.2
    6    1317879  754528    2.1177       254354.6
    5    1263676  342947    2.3541       196690.5
    8    1439897  392288    1.9171       53551.7
    7    1422321  79638     2.0735       23326.2
    40   2098840  473230    1.8101       13959.3
    44   3229301  724285    1.7922       8433.6
    13   1520469  67330     1.8564       5105.4
    15   1539367  34390     1.8890       3729.9
    2    1255301  46307     1.8603       3693.8
    top-10: 12.4% of mass, 97.5% of excess-loss
Epoch 18: loss=1.799537  (62.51 sec, 65 subtrees, 730 chunks, 34623339 nodes)
  residual top-10 (subtree_mass × max(avg_loss − 1.800, 0)):
    rc   rootID   mass      avg_loss     score 
    6    1317879  754528    2.4968       526069.7
    39   1660971  2741100   1.9448       398199.7
    5    1263676  342947    2.8244       351486.0
    8    1439897  392288    2.1273       128584.7
    7    1422321  79638     2.3631       44880.4
    40   2098840  473230    1.8313       15013.2
    13   1520469  67330     1.9515       10233.7
    11   1500886  77582     1.9190       9266.9
    12   1513476  42580     1.9303       5569.4
    15   1539367  34390     1.9583       5458.6
    top-10: 11.0% of mass, 98.0% of excess-loss
Epoch 19: loss=1.763628  (62.56 sec, 65 subtrees, 730 chunks, 34623339 nodes)
  residual top-10 (subtree_mass × max(avg_loss − 1.764, 0)):
    rc   rootID   mass      avg_loss     score 
    6    1317879  754528    2.3440       437922.8
    5    1263676  342947    2.6167       292570.4
    39   1660971  2741100   1.8664       281580.1
    8    1439897  392288    1.9617       77693.3
    7    1422321  79638     2.1780       32996.3
    40   2098840  473230    1.7876       11334.5
    13   1520469  67330     1.8635       6726.1
    11   1500886  77582     1.8500       6697.0
    15   1539367  34390     1.8719       3725.1
    12   1513476  42580     1.8477       3581.3
    top-10: 11.0% of mass, 98.0% of excess-loss
Epoch 20: loss=1.749053  (62.57 sec, 65 subtrees, 730 chunks, 34623339 nodes)
  residual top-10 (subtree_mass × max(avg_loss − 1.749, 0)):
    rc   rootID   mass      avg_loss     score 
    6    1317879  754528    2.4218       507575.2
    39   1660971  2741100   1.8581       298834.1
    5    1263676  342947    2.5162       263106.2
    8    1439897  392288    2.0228       107379.0
    7    1422321  79638     2.2986       43763.8
    40   2098840  473230    1.7798       14571.0
    13   1520469  67330     1.8419       6254.3
    44   3229301  724285    1.7572       5913.6
    11   1500886  77582     1.8068       4480.7
    15   1539367  34390     1.8482       3411.1
    top-10: 12.5% of mass, 98.7% of excess-loss
Epoch 21: loss=1.710635  (62.56 sec, 65 subtrees, 730 chunks, 34623339 nodes)
  residual top-10 (subtree_mass × max(avg_loss − 1.711, 0)):
    rc   rootID   mass      avg_loss     score 
    39   1660971  2741100   1.8047       257716.9
    6    1317879  754528    1.8905       135737.9
    5    1263676  342947    2.0889       129740.9
    1    138709   8244278   1.7181       61277.3
    8    1439897  392288    1.7828       28307.9
    44   3229301  724285    1.7319       15379.1
    7    1422321  79638     1.8871       14053.1
    40   2098840  473230    1.7316       9941.9
    46   3463254  2317775   1.7129       5340.9
    13   1520469  67330     1.7882       5224.9
    top-10: 35.4% of mass, 95.5% of excess-loss
Epoch 22: loss=1.716554  (62.58 sec, 65 subtrees, 730 chunks, 34623339 nodes)
  residual top-10 (subtree_mass × max(avg_loss − 1.717, 0)):
    rc   rootID   mass      avg_loss     score 
    6    1317879  754528    2.2504       402790.5
    39   1660971  2741100   1.8296       309855.9
    5    1263676  342947    2.3709       224408.2
    8    1439897  392288    1.9211       80222.5
    7    1422321  79638     2.2079       39127.2
    42   2302712  1539203   1.7378       32761.1
    40   2098840  473230    1.7585       19844.4
    43   2546378  4367096   1.7207       18076.8
    44   3229301  724285    1.7408       17543.1
    41   2178351  766679    1.7291       9610.8
    top-10: 26.7% of mass, 98.3% of excess-loss
Epoch 23: loss=1.681969  (62.63 sec, 65 subtrees, 730 chunks, 34623339 nodes)
  residual top-10 (subtree_mass × max(avg_loss − 1.682, 0)):
    rc   rootID   mass      avg_loss     score 
    39   1660971  2741100   1.7929       304127.5
    6    1317879  754528    1.8705       142228.7
    5    1263676  342947    1.9913       106090.0
    1    138709   8244278   1.6915       78854.8
    8    1439897  392288    1.7537       28136.7
    7    1422321  79638     1.9175       18758.8
    40   2098840  473230    1.7082       12432.9
    44   3229301  724285    1.6976       11300.1
    13   1520469  67330     1.7343       3520.6
    32   1636047  78207     1.7180       2821.3
    top-10: 30.5% of mass, 97.5% of excess-loss
Epoch 24: loss=1.668173  (62.58 sec, 65 subtrees, 730 chunks, 34623339 nodes)
  residual top-10 (subtree_mass × max(avg_loss − 1.668, 0)):
    rc   rootID   mass      avg_loss     score 
    39   1660971  2741100   1.8079       383077.9
    6    1317879  754528    1.8112       107908.5
    43   2546378  4367096   1.6888       90010.1
    5    1263676  342947    1.8951       77828.3
    42   2302712  1539203   1.7135       69705.0
    40   2098840  473230    1.7452       36443.1
    41   2178351  766679    1.7121       33702.5
    44   3229301  724285    1.6974       21200.1
    8    1439897  392288    1.7166       19010.5
    7    1422321  79638     1.8441       14009.9
    top-10: 26.7% of mass, 96.7% of excess-loss
Epoch 25: loss=1.650990  (62.55 sec, 65 subtrees, 730 chunks, 34623339 nodes)
  residual top-10 (subtree_mass × max(avg_loss − 1.651, 0)):
    rc   rootID   mass      avg_loss     score 
    39   1660971  2741100   1.7924       387624.2
    6    1317879  754528    1.9402       218233.6
    5    1263676  342947    2.1104       157566.2
    8    1439897  392288    1.7401       34965.5
    40   2098840  473230    1.6958       21207.3
    44   3229301  724285    1.6722       15369.1
    7    1422321  79638     1.8439       15364.3
    42   2302712  1539203   1.6559       7575.4
    11   1500886  77582     1.7209       5420.0
    13   1520469  67330     1.7159       4373.2
    top-10: 15.8% of mass, 97.4% of excess-loss
Epoch 26: loss=1.628316  (62.58 sec, 65 subtrees, 730 chunks, 34623339 nodes)
  residual top-10 (subtree_mass × max(avg_loss − 1.628, 0)):
    rc   rootID   mass      avg_loss     score 
    39   1660971  2741100   1.7707       390165.6
    6    1317879  754528    1.7525       93688.5
    5    1263676  342947    1.8212       66148.9
    43   2546378  4367096   1.6345       27144.8
    40   2098840  473230    1.6853       26956.3
    42   2302712  1539203   1.6455       26419.1
    41   2178351  766679    1.6554       20766.9
    44   3229301  724285    1.6535       18231.8
    7    1422321  79638     1.7761       11766.6
    8    1439897  392288    1.6499       8471.5
    top-10: 26.7% of mass, 96.5% of excess-loss
Epoch 27: loss=1.607833  (62.51 sec, 65 subtrees, 730 chunks, 34623339 nodes)
  residual top-10 (subtree_mass × max(avg_loss − 1.608, 0)):
    rc   rootID   mass      avg_loss     score 
    39   1660971  2741100   1.7262       324343.7
    1    138709   8244278   1.6189       91153.1
    6    1317879  754528    1.6817       55705.6
    5    1263676  342947    1.7287       41439.1
    40   2098840  473230    1.6447       17442.2
    44   3229301  724285    1.6312       16917.6
    42   2302712  1539203   1.6156       11941.9
    7    1422321  79638     1.7364       10237.8
    41   2178351  766679    1.6197       9099.8
    8    1439897  392288    1.6252       6799.8
    top-10: 35.2% of mass, 95.7% of excess-loss
Epoch 28: loss=1.617425  (62.54 sec, 65 subtrees, 730 chunks, 34623339 nodes)
  residual top-10 (subtree_mass × max(avg_loss − 1.617, 0)):
    rc   rootID   mass      avg_loss     score 
    6    1317879  754528    2.0315       312397.8
    39   1660971  2741100   1.7227       288505.3
    5    1263676  342947    2.2903       230745.2
    8    1439897  392288    1.7623       56817.5
    7    1422321  79638     1.9674       27869.9
    46   3463254  2317775   1.6264       20767.4
    44   3229301  724285    1.6408       16920.6
    40   2098840  473230    1.6443       12706.0
    11   1500886  77582     1.6982       6266.3
    13   1520469  67330     1.6940       5154.8
    top-10: 17.5% of mass, 98.8% of excess-loss
Epoch 29: loss=1.652366  (62.59 sec, 65 subtrees, 730 chunks, 34623339 nodes)
  residual top-10 (subtree_mass × max(avg_loss − 1.652, 0)):
    rc   rootID   mass      avg_loss     score 
    6    1317879  754528    2.6399       745089.5
    5    1263676  342947    2.6385       338188.4
    8    1439897  392288    2.3304       266001.7
    39   1660971  2741100   1.7454       255087.6
    7    1422321  79638     2.6092       76198.0
    11   1500886  77582     1.8134       12495.8
    13   1520469  67330     1.8071       10415.3
    40   2098840  473230    1.6660       6439.8
    12   1513476  42580     1.7813       5489.7
    15   1539367  34390     1.8088       5378.2
    top-10: 11.0% of mass, 98.8% of excess-loss
Epoch 30: loss=1.708747  (62.59 sec, 65 subtrees, 730 chunks, 34623339 nodes)
  residual top-10 (subtree_mass × max(avg_loss − 1.709, 0)):
    rc   rootID   mass      avg_loss     score 
    6    1317879  754528    3.0762       1031802.4
    5    1263676  342947    3.1727       502055.3
    8    1439897  392288    2.5638       335436.9
    39   1660971  2741100   1.8201       305275.6
    7    1422321  79638     3.1359       113658.3
    11   1500886  77582     1.9928       22039.4
    40   2098840  473230    1.7433       16360.1
    13   1520469  67330     1.9460       15976.2
    12   1513476  42580     1.9481       10192.3
    15   1539367  34390     1.9247       7428.3
    top-10: 11.0% of mass, 98.5% of excess-loss
Epoch 31: loss=1.666084  (62.57 sec, 65 subtrees, 730 chunks, 34623339 nodes)
  residual top-10 (subtree_mass × max(avg_loss − 1.666, 0)):
    rc   rootID   mass      avg_loss     score 
    6    1317879  754528    2.1975       400936.3
    39   1660971  2741100   1.7738       295357.1
    5    1263676  342947    2.4834       280294.0
    8    1439897  392288    2.0102       134989.1
    7    1422321  79638     2.1909       41794.0
    40   2098840  473230    1.7060       18884.0
    11   1500886  77582     1.7785       8724.0
    13   1520469  67330     1.7908       8394.4
    44   3229301  724285    1.6775       8242.3
    15   1539367  34390     1.8329       5735.3
    top-10: 12.5% of mass, 97.4% of excess-loss
Epoch 32: loss=1.625928  (62.57 sec, 65 subtrees, 730 chunks, 34623339 nodes)
  residual top-10 (subtree_mass × max(avg_loss − 1.626, 0)):
    rc   rootID   mass      avg_loss     score 
    39   1660971  2741100   1.7458       328540.4
    6    1317879  754528    1.8701       184198.9
    5    1263676  342947    2.1554       181591.5
    8    1439897  392288    1.7155       35153.7
    40   2098840  473230    1.6626       17357.2
    7    1422321  79638     1.8284       16125.2
    1    138709   8244278   1.6273       11661.8
    44   3229301  724285    1.6399       10111.0
    42   2302712  1539203   1.6309       7626.4
    13   1520469  67330     1.6942       4594.7
    top-10: 33.7% of mass, 97.0% of excess-loss
Epoch 33: loss=1.599193  (62.53 sec, 65 subtrees, 730 chunks, 34623339 nodes)
  residual top-10 (subtree_mass × max(avg_loss − 1.599, 0)):
    rc   rootID   mass      avg_loss     score 
    39   1660971  2741100   1.7115       307722.3
    6    1317879  754528    1.7476       112005.4
    5    1263676  342947    1.8056       70786.3
    1    138709   8244278   1.6073       67221.6
    40   2098840  473230    1.6415       20025.3
    42   2302712  1539203   1.6100       16637.5
    44   3229301  724285    1.6211       15885.4
    7    1422321  79638     1.7789       14313.3
    8    1439897  392288    1.6217       8822.8
    41   2178351  766679    1.6101       8346.8
    top-10: 35.2% of mass, 96.5% of excess-loss
Epoch 34: loss=1.572957  (62.53 sec, 65 subtrees, 730 chunks, 34623339 nodes)
  residual top-10 (subtree_mass × max(avg_loss − 1.573, 0)):
    rc   rootID   mass      avg_loss     score 
    39   1660971  2741100   1.6792       291314.9
    1    138709   8244278   1.5829       82000.1
    6    1317879  754528    1.6118       29286.5
    46   3463254  2317775   1.5809       18484.2
    40   2098840  473230    1.6088       16974.4
    44   3229301  724285    1.5956       16380.0
    5    1263676  342947    1.6207       16366.7
    42   2302712  1539203   1.5811       12467.9
    7    1422321  79638     1.6647       7304.8
    41   2178351  766679    1.5801       5475.5
    top-10: 39.4% of mass, 96.4% of excess-loss
Epoch 35: loss=1.559026  (62.54 sec, 65 subtrees, 730 chunks, 34623339 nodes)
  residual top-10 (subtree_mass × max(avg_loss − 1.559, 0)):
    rc   rootID   mass      avg_loss     score 
    39   1660971  2741100   1.6671       296360.8
    43   2546378  4367096   1.5772       79392.1
    1    138709   8244278   1.5645       44722.5
    42   2302712  1539203   1.5790       30703.9
    44   3229301  724285    1.5987       28706.9
    46   3463254  2317775   1.5702       25834.9
    40   2098840  473230    1.5983       18594.3
    41   2178351  766679    1.5749       12168.4
    45   3347168  678815    1.5749       10750.1
    6    1317879  754528    1.5696       7957.2
    top-10: 49.6% of mass, 95.4% of excess-loss
Epoch 36: loss=1.542336  (62.58 sec, 65 subtrees, 730 chunks, 34623339 nodes)
  residual top-10 (subtree_mass × max(avg_loss − 1.542, 0)):
    rc   rootID   mass      avg_loss     score 
    39   1660971  2741100   1.6580       317132.2
    1    138709   8244278   1.5555       108410.5
    40   2098840  473230    1.5805       18069.8
    44   3229301  724285    1.5585       11693.6
    7    1422321  79638     1.6182       6039.3
    41   2178351  766679    1.5480       4344.9
    6    1317879  754528    1.5476       3955.4
    42   2302712  1539203   1.5443       3087.5
    31   1628740  37700     1.6184       2869.2
    15   1539367  34390     1.5937       1765.7
    top-10: 33.8% of mass, 98.3% of excess-loss
Epoch 37: loss=1.528858  (62.61 sec, 65 subtrees, 730 chunks, 34623339 nodes)
  residual top-10 (subtree_mass × max(avg_loss − 1.529, 0)):
    rc   rootID   mass      avg_loss     score 
    39   1660971  2741100   1.6429       312614.0
    1    138709   8244278   1.5390       83469.9
    43   2546378  4367096   1.5379       39379.7
    42   2302712  1539203   1.5446       24188.7
    40   2098840  473230    1.5730       20898.5
    44   3229301  724285    1.5548       18760.8
    41   2178351  766679    1.5531       18624.4
    46   3463254  2317775   1.5340       11929.5
    7    1422321  79638     1.6003       5693.2
    45   3347168  678815    1.5331       2870.6
    top-10: 48.1% of mass, 97.8% of excess-loss
Epoch 38: loss=1.523353  (62.55 sec, 65 subtrees, 730 chunks, 34623339 nodes)
  residual top-10 (subtree_mass × max(avg_loss − 1.523, 0)):
    rc   rootID   mass      avg_loss     score 
    39   1660971  2741100   1.6631       382966.9
    1    138709   8244278   1.5278       36553.4
    40   2098840  473230    1.5760       24912.8
    42   2302712  1539203   1.5382       22799.1
    41   2178351  766679    1.5516       21635.6
    43   2546378  4367096   1.5275       18242.0
    44   3229301  724285    1.5462       16534.4
    7    1422321  79638     1.5908       5375.3
    31   1628740  37700     1.5914       2566.0
    32   1636047  78207     1.5428       1520.6
    top-10: 41.8% of mass, 99.0% of excess-loss
Epoch 39: loss=1.507956  (62.55 sec, 65 subtrees, 730 chunks, 34623339 nodes)
  residual top-10 (subtree_mass × max(avg_loss − 1.508, 0)):
    rc   rootID   mass      avg_loss     score 
    39   1660971  2741100   1.6142       291119.7
    1    138709   8244278   1.5132       43296.0
    46   3463254  2317775   1.5200       27983.0
    44   3229301  724285    1.5333       18390.4
    40   2098840  473230    1.5452       17646.4
    42   2302712  1539203   1.5178       15209.9
    47   3809957  2279927   1.5118       8813.7
    41   2178351  766679    1.5186       8162.1
    43   2546378  4367096   1.5095       6832.6
    7    1422321  79638     1.5803       5762.1
    top-10: 51.6% of mass, 96.9% of excess-loss
Epoch 40: loss=1.498404  (62.61 sec, 65 subtrees, 730 chunks, 34623339 nodes)
  residual top-10 (subtree_mass × max(avg_loss − 1.498, 0)):
    rc   rootID   mass      avg_loss     score 
    39   1660971  2741100   1.6285       356667.5
    1    138709   8244278   1.5034       41387.8
    40   2098840  473230    1.5459       22483.3
    44   3229301  724285    1.5194       15197.7
    42   2302712  1539203   1.5052       10505.5
    46   3463254  2317775   1.5029       10492.3
    41   2178351  766679    1.5113       9880.5
    7    1422321  79638     1.5670       5462.8
    31   1628740  37700     1.5556       2157.9
    11   1500886  77582     1.5249       2056.4
    top-10: 37.3% of mass, 99.0% of excess-loss
Epoch 41: loss=1.490640  (62.56 sec, 65 subtrees, 730 chunks, 34623339 nodes)
  residual top-10 (subtree_mass × max(avg_loss − 1.491, 0)):
    rc   rootID   mass      avg_loss     score 
    39   1660971  2741100   1.6080       321791.8
    43   2546378  4367096   1.5009       44916.3
    1    138709   8244278   1.4956       40715.5
    42   2302712  1539203   1.5121       33089.7
    40   2098840  473230    1.5440       25232.9
    41   2178351  766679    1.5234       25119.0
    44   3229301  724285    1.5163       18579.2
    46   3463254  2317775   1.4950       9994.5
    7    1422321  79638     1.5703       6343.4
    31   1628740  37700     1.5630       2728.0
    top-10: 46.7% of mass, 98.9% of excess-loss
Epoch 42: loss=1.481147  (62.57 sec, 65 subtrees, 730 chunks, 34623339 nodes)
  residual top-10 (subtree_mass × max(avg_loss − 1.481, 0)):
    rc   rootID   mass      avg_loss     score 
    39   1660971  2741100   1.5951       312361.8
    1    138709   8244278   1.4843       25642.0
    40   2098840  473230    1.5223       19467.4
    46   3463254  2317775   1.4895       19366.0
    44   3229301  724285    1.5059       17899.5
    42   2302712  1539203   1.4909       15044.4
    41   2178351  766679    1.4921       8403.4
    7    1422321  79638     1.5448       5065.4
    43   2546378  4367096   1.4817       2490.9
    11   1500886  77582     1.5088       2142.8
    top-10: 46.8% of mass, 98.7% of excess-loss
Epoch 43: loss=1.479050  (62.59 sec, 65 subtrees, 730 chunks, 34623339 nodes)
  residual top-10 (subtree_mass × max(avg_loss − 1.479, 0)):
    rc   rootID   mass      avg_loss     score 
    39   1660971  2741100   1.6123       365192.1
    40   2098840  473230    1.5347       26354.8
    42   2302712  1539203   1.4949       24425.2
    41   2178351  766679    1.5076       21894.5
    43   2546378  4367096   1.4835       19407.5
    44   3229301  724285    1.5027       17110.9
    1    138709   8244278   1.4811       16584.2
    46   3463254  2317775   1.4841       11645.0
    7    1422321  79638     1.5446       5219.2
    31   1628740  37700     1.5317       1984.5
    top-10: 46.7% of mass, 99.2% of excess-loss
Epoch 44: loss=1.468715  (62.57 sec, 65 subtrees, 730 chunks, 34623339 nodes)
  residual top-10 (subtree_mass × max(avg_loss − 1.469, 0)):
    rc   rootID   mass      avg_loss     score 
    39   1660971  2741100   1.6229       422664.8
    1    138709   8244278   1.4730       35132.4
    40   2098840  473230    1.5268       27487.7
    42   2302712  1539203   1.4801       17577.4
    41   2178351  766679    1.4886       15231.3
    44   3229301  724285    1.4894       14965.1
    46   3463254  2317775   1.4711       5620.8
    7    1422321  79638     1.5338       5179.5
    31   1628740  37700     1.5309       2344.8
    35   1650038  43657     1.5023       1464.4
    top-10: 37.2% of mass, 99.5% of excess-loss
Epoch 45: loss=1.455980  (62.53 sec, 65 subtrees, 730 chunks, 34623339 nodes)
  residual top-10 (subtree_mass × max(avg_loss − 1.456, 0)):
    rc   rootID   mass      avg_loss     score 
    39   1660971  2741100   1.5711       315585.9
    1    138709   8244278   1.4632       59818.0
    42   2302712  1539203   1.4699       21375.2
    40   2098840  473230    1.5002       20942.0
    44   3229301  724285    1.4806       17851.0
    46   3463254  2317775   1.4631       16391.5
    41   2178351  766679    1.4735       13468.7
    43   2546378  4367096   1.4586       11466.6
    7    1422321  79638     1.5319       6042.7
    11   1500886  77582     1.4853       2273.4
    top-10: 46.8% of mass, 99.0% of excess-loss
Epoch 46: loss=1.457940  (62.58 sec, 65 subtrees, 730 chunks, 34623339 nodes)
  residual top-10 (subtree_mass × max(avg_loss − 1.458, 0)):
    rc   rootID   mass      avg_loss     score 
    39   1660971  2741100   1.5965       379831.1
    43   2546378  4367096   1.4716       59464.6
    42   2302712  1539203   1.4768       29038.5
    46   3463254  2317775   1.4704       28769.6
    41   2178351  766679    1.4941       27729.9
    40   2098840  473230    1.5134       26255.1
    44   3229301  724285    1.4856       20003.8
    45   3347168  678815    1.4670       6128.8
    7    1422321  79638     1.5236       5225.4
    35   1650038  43657     1.5131       2406.4
    top-10: 30.1% of mass, 99.5% of excess-loss
Epoch 47: loss=1.443406  (62.57 sec, 65 subtrees, 730 chunks, 34623339 nodes)
  residual top-10 (subtree_mass × max(avg_loss − 1.443, 0)):
    rc   rootID   mass      avg_loss     score 
    39   1660971  2741100   1.5524       298760.8
    1    138709   8244278   1.4534       82739.5
    40   2098840  473230    1.4916       22808.8
    42   2302712  1539203   1.4575       21657.6
    46   3463254  2317775   1.4516       18952.7
    44   3229301  724285    1.4677       17600.6
    41   2178351  766679    1.4647       16332.8
    43   2546378  4367096   1.4458       10491.2
    7    1422321  79638     1.5109       5375.0
    31   1628740  37700     1.5026       2233.2
    top-10: 46.7% of mass, 99.3% of excess-loss
Epoch 48: loss=1.437734  (62.58 sec, 65 subtrees, 730 chunks, 34623339 nodes)
  residual top-10 (subtree_mass × max(avg_loss − 1.438, 0)):
    rc   rootID   mass      avg_loss     score 
    39   1660971  2741100   1.5478       301641.1
    1    138709   8244278   1.4452       61494.2
    40   2098840  473230    1.4820       20965.8
    46   3463254  2317775   1.4465       20353.1
    42   2302712  1539203   1.4507       19976.8
    44   3229301  724285    1.4619       17534.8
    43   2546378  4367096   1.4415       16535.3
    41   2178351  766679    1.4575       15119.5
    7    1422321  79638     1.5092       5693.4
    45   3347168  678815    1.4422       3025.6
    top-10: 48.1% of mass, 99.1% of excess-loss
Epoch 49: loss=1.444030  (62.59 sec, 65 subtrees, 730 chunks, 34623339 nodes)
  residual top-10 (subtree_mass × max(avg_loss − 1.444, 0)):
    rc   rootID   mass      avg_loss     score 
    39   1660971  2741100   1.6344       521696.3
    43   2546378  4367096   1.4559       51672.9
    42   2302712  1539203   1.4683       37368.5
    40   2098840  473230    1.5136       32920.3
    41   2178351  766679    1.4782       26219.1
    44   3229301  724285    1.4720       20252.8
    46   3463254  2317775   1.4496       12854.6
    7    1422321  79638     1.5047       4833.8
    31   1628740  37700     1.5123       2571.9
    45   3347168  678815    1.4475       2360.2
    top-10: 30.1% of mass, 100.0% of excess-loss
Epoch 50: loss=1.429098  (62.55 sec, 65 subtrees, 730 chunks, 34623339 nodes)
  residual top-10 (subtree_mass × max(avg_loss − 1.429, 0)):
    rc   rootID   mass      avg_loss     score 
    39   1660971  2741100   1.5650       372623.4
    43   2546378  4367096   1.4363       31638.5
    42   2302712  1539203   1.4487       30144.7
    40   2098840  473230    1.4875       27656.4
    46   3463254  2317775   1.4399       25074.7
    41   2178351  766679    1.4571       21488.6
    44   3229301  724285    1.4573       20442.3
    1    138709   8244278   1.4313       18487.8
    7    1422321  79638     1.4920       5008.4
    45   3347168  678815    1.4352       4119.3
    top-10: 48.1% of mass, 99.2% of excess-loss
Epoch 51: loss=1.424692  (62.55 sec, 65 subtrees, 730 chunks, 34623339 nodes)
  residual top-10 (subtree_mass × max(avg_loss − 1.425, 0)):
    rc   rootID   mass      avg_loss     score 
    39   1660971  2741100   1.5819       430980.5
    40   2098840  473230    1.4859       28961.7
    42   2302712  1539203   1.4405       24281.5
    1    138709   8244278   1.4275       23422.9
    41   2178351  766679    1.4543       22697.3
    44   3229301  724285    1.4452       14856.4
    43   2546378  4367096   1.4277       13276.4
    7    1422321  79638     1.4981       5843.6
    46   3463254  2317775   1.4268       4991.1
    31   1628740  37700     1.4682       1639.3
    top-10: 46.7% of mass, 100.0% of excess-loss
Epoch 52: loss=1.415879  (62.56 sec, 65 subtrees, 730 chunks, 34623339 nodes)
  residual top-10 (subtree_mass × max(avg_loss − 1.416, 0)):
    rc   rootID   mass      avg_loss     score 
    39   1660971  2741100   1.5345       325211.2
    1    138709   8244278   1.4225       54750.3
    40   2098840  473230    1.4695       25380.8
    46   3463254  2317775   1.4243       19472.2
    42   2302712  1539203   1.4278       18305.9
    44   3229301  724285    1.4398       17296.4
    41   2178351  766679    1.4349       14549.5
    43   2546378  4367096   1.4191       14012.6
    7    1422321  79638     1.4802       5122.8
    45   3347168  678815    1.4204       3053.7
    top-10: 48.1% of mass, 99.5% of excess-loss
Epoch 53: loss=1.413222  (62.54 sec, 65 subtrees, 730 chunks, 34623339 nodes)
  residual top-10 (subtree_mass × max(avg_loss − 1.413, 0)):
    rc   rootID   mass      avg_loss     score 
    39   1660971  2741100   1.5788       453852.7
    1    138709   8244278   1.4190       47410.6
    40   2098840  473230    1.4546       19576.8
    44   3229301  724285    1.4337       14842.6
    42   2302712  1539203   1.4222       13877.2
    41   2178351  766679    1.4290       12134.9
    46   3463254  2317775   1.4168       8294.0
    7    1422321  79638     1.4742       4854.1
    31   1628740  37700     1.4663       2002.5
    0    1        824077    1.3638       0.0   
    top-10: 38.9% of mass, 100.0% of excess-loss
Epoch 54: loss=1.404716  (62.56 sec, 65 subtrees, 730 chunks, 34623339 nodes)
  residual top-10 (subtree_mass × max(avg_loss − 1.405, 0)):
    rc   rootID   mass      avg_loss     score 
    39   1660971  2741100   1.5475       391341.5
    1    138709   8244278   1.4159       92039.3
    40   2098840  473230    1.4543       23464.8
    42   2302712  1539203   1.4163       17762.0
    41   2178351  766679    1.4258       16163.4
    44   3229301  724285    1.4270       16146.8
    46   3463254  2317775   1.4111       14837.8
    43   2546378  4367096   1.4063       6990.1
    7    1422321  79638     1.4674       4992.3
    31   1628740  37700     1.4401       1332.9
    top-10: 46.7% of mass, 99.8% of excess-loss
Epoch 55: loss=1.404321  (62.55 sec, 65 subtrees, 730 chunks, 34623339 nodes)
  residual top-10 (subtree_mass × max(avg_loss − 1.404, 0)):
    rc   rootID   mass      avg_loss     score 
    39   1660971  2741100   1.5399       371765.8
    43   2546378  4367096   1.4147       45365.0
    46   3463254  2317775   1.4178       31128.3
    42   2302712  1539203   1.4244       30974.0
    40   2098840  473230    1.4557       24320.6
    44   3229301  724285    1.4365       23305.1
    1    138709   8244278   1.4070       22096.7
    41   2178351  766679    1.4297       19494.0
    45   3347168  678815    1.4135       6228.0
    7    1422321  79638     1.4563       4139.4
    top-10: 48.1% of mass, 99.7% of excess-loss
Epoch 56: loss=1.402885  (62.54 sec, 65 subtrees, 730 chunks, 34623339 nodes)
  residual top-10 (subtree_mass × max(avg_loss − 1.403, 0)):
    rc   rootID   mass      avg_loss     score 
    39   1660971  2741100   1.6048       553451.7
    40   2098840  473230    1.4713       32368.7
    41   2178351  766679    1.4286       19702.0
    42   2302712  1539203   1.4143       17557.7
    44   3229301  724285    1.4189       11583.3
    5    1263676  342947    1.4301       9341.2
    7    1422321  79638     1.4843       6484.6
    6    1317879  754528    1.4103       5598.0
    1    138709   8244278   1.4032       2259.9
    31   1628740  37700     1.4466       1649.8
    top-10: 34.4% of mass, 100.0% of excess-loss
Epoch 57: loss=1.390664  (62.52 sec, 65 subtrees, 730 chunks, 34623339 nodes)
  residual top-10 (subtree_mass × max(avg_loss − 1.391, 0)):
    rc   rootID   mass      avg_loss     score 
    39   1660971  2741100   1.5130       335303.4
    1    138709   8244278   1.4007       83027.9
    43   2546378  4367096   1.3958       22524.9
    40   2098840  473230    1.4375       22156.1
    42   2302712  1539203   1.4048       21787.0
    44   3229301  724285    1.4144       17216.3
    41   2178351  766679    1.4125       16744.6
    46   3463254  2317775   1.3978       16451.3
    7    1422321  79638     1.4595       5481.6
    31   1628740  37700     1.4369       1744.5
    top-10: 46.7% of mass, 99.7% of excess-loss
Epoch 58: loss=1.386484  (62.54 sec, 65 subtrees, 730 chunks, 34623339 nodes)
  residual top-10 (subtree_mass × max(avg_loss − 1.386, 0)):
    rc   rootID   mass      avg_loss     score 
    39   1660971  2741100   1.5285       389149.9
    1    138709   8244278   1.3926       50226.3
    40   2098840  473230    1.4263       18853.4
    46   3463254  2317775   1.3939       17154.0
    44   3229301  724285    1.4098       16892.1
    42   2302712  1539203   1.3970       16248.8
    41   2178351  766679    1.4035       13025.6
    7    1422321  79638     1.4470       4819.6
    43   2546378  4367096   1.3873       3436.4
    31   1628740  37700     1.4212       1309.1
    top-10: 46.7% of mass, 99.6% of excess-loss
Epoch 59: loss=1.395972  (62.57 sec, 65 subtrees, 730 chunks, 34623338 nodes)
  residual top-10 (subtree_mass × max(avg_loss − 1.396, 0)):
    rc   rootID   mass      avg_loss     score 
    39   1660971  2741100   1.5721       482813.8
    43   2546378  4367096   1.4107       64434.6
    42   2302712  1539203   1.4247       44253.1
    40   2098840  473230    1.4870       43075.2
    41   2178351  766679    1.4417       35063.5
    46   3463254  2317775   1.4067       24927.4
    44   3229301  724285    1.4299       24587.6
    45   3347168  678815    1.4053       6330.4
    7    1422321  79638     1.4417       3637.7
    31   1628740  37700     1.4239       1054.6
    top-10: 30.1% of mass, 100.0% of excess-loss
Epoch 60: loss=1.384113  (62.54 sec, 65 subtrees, 730 chunks, 34623338 nodes)
  residual top-10 (subtree_mass × max(avg_loss − 1.384, 0)):
    rc   rootID   mass      avg_loss     score 
    39   1660971  2741100   1.5751       523579.2
    1    138709   8244278   1.3892       41680.3
    40   2098840  473230    1.4461       29328.1
    41   2178351  766679    1.4104       20132.8
    42   2302712  1539203   1.3946       16079.0
    44   3229301  724285    1.4035       14033.0
    7    1422321  79638     1.4447       4827.4
    46   3463254  2317775   1.3860       4477.6
    31   1628740  37700     1.4206       1377.4
    0    1        824077    1.3294       0.0   
    top-10: 38.9% of mass, 100.0% of excess-loss
Epoch 61: loss=1.373156  (62.51 sec, 65 subtrees, 730 chunks, 34623339 nodes)
  residual top-10 (subtree_mass × max(avg_loss − 1.373, 0)):
    rc   rootID   mass      avg_loss     score 
    39   1660971  2741100   1.5226       409663.1
    1    138709   8244278   1.3810       64700.8
    40   2098840  473230    1.4195       21951.6
    44   3229301  724285    1.3945       15423.1
    41   2178351  766679    1.3912       13839.3
    42   2302712  1539203   1.3820       13546.6
    46   3463254  2317775   1.3790       13456.5
    7    1422321  79638     1.4315       4650.2
    31   1628740  37700     1.3993       986.8 
    45   3347168  678815    1.3738       405.2 
    top-10: 38.6% of mass, 100.0% of excess-loss
Epoch 62: loss=1.367501  (62.51 sec, 65 subtrees, 730 chunks, 34623339 nodes)
  residual top-10 (subtree_mass × max(avg_loss − 1.368, 0)):
    rc   rootID   mass      avg_loss     score 
    39   1660971  2741100   1.4810       311027.3
    1    138709   8244278   1.3761       71030.1
    40   2098840  473230    1.4165       23183.0
    42   2302712  1539203   1.3813       21206.2
    46   3463254  2317775   1.3766       21034.4
    41   2178351  766679    1.3924       19069.3
    44   3229301  724285    1.3928       18336.8
    43   2546378  4367096   1.3713       16513.2
    7    1422321  79638     1.4245       4536.1
    45   3347168  678815    1.3714       2646.1
    top-10: 48.1% of mass, 99.9% of excess-loss
Epoch 63: loss=1.364549  (62.57 sec, 65 subtrees, 730 chunks, 34623338 nodes)
  residual top-10 (subtree_mass × max(avg_loss − 1.365, 0)):
    rc   rootID   mass      avg_loss     score 
    39   1660971  2741100   1.4974       364117.2
    1    138709   8244278   1.3753       88988.4
    40   2098840  473230    1.4076       20365.6
    46   3463254  2317775   1.3725       18446.4
    44   3229301  724285    1.3868       16135.2
    41   2178351  766679    1.3827       13941.3
    42   2302712  1539203   1.3732       13259.2
    7    1422321  79638     1.4244       4762.8
    45   3347168  678815    1.3663       1220.0
    31   1628740  37700     1.3783       516.8 
    top-10: 38.6% of mass, 100.0% of excess-loss
Epoch 64: loss=1.368456  (62.55 sec, 65 subtrees, 730 chunks, 34623338 nodes)
  residual top-10 (subtree_mass × max(avg_loss − 1.368, 0)):
    rc   rootID   mass      avg_loss     score 
    39   1660971  2741100   1.4947       345955.5
    43   2546378  4367096   1.3768       36424.2
    42   2302712  1539203   1.3903       33648.9
    40   2098840  473230    1.4338       30941.6
    41   2178351  766679    1.4031       26574.3
    46   3463254  2317775   1.3794       25474.9
    44   3229301  724285    1.3994       22438.0
    1    138709   8244278   1.3698       11185.0
    45   3347168  678815    1.3761       5217.2
    7    1422321  79638     1.4243       4448.3
    top-10: 48.1% of mass, 99.9% of excess-loss
Epoch 65: loss=1.365695  (62.50 sec, 65 subtrees, 730 chunks, 34623339 nodes)
  residual top-10 (subtree_mass × max(avg_loss − 1.366, 0)):
    rc   rootID   mass      avg_loss     score 
    39   1660971  2741100   1.5376       471330.5
    1    138709   8244278   1.3693       29801.2
    40   2098840  473230    1.4123       22060.8
    44   3229301  724285    1.3877       15954.6
    46   3463254  2317775   1.3725       15763.3
    42   2302712  1539203   1.3753       14785.9
    41   2178351  766679    1.3844       14302.9
    7    1422321  79638     1.4214       4439.0
    45   3347168  678815    1.3681       1601.0
    31   1628740  37700     1.3755       368.1 
    top-10: 38.6% of mass, 100.0% of excess-loss
Epoch 66: loss=1.361499  (62.51 sec, 65 subtrees, 730 chunks, 34623339 nodes)
  residual top-10 (subtree_mass × max(avg_loss − 1.361, 0)):
    rc   rootID   mass      avg_loss     score 
    39   1660971  2741100   1.4553       257094.1
    1    138709   8244278   1.3664       40540.5
    6    1317879  754528    1.4063       33825.8
    5    1263676  342947    1.4422       27680.8
    46   3463254  2317775   1.3705       20757.5
    40   2098840  473230    1.3987       17600.1
    44   3229301  724285    1.3852       17184.1
    42   2302712  1539203   1.3704       13767.1
    41   2178351  766679    1.3782       12767.6
    7    1422321  79638     1.4715       8758.0
    top-10: 39.4% of mass, 99.2% of excess-loss
Epoch 67: loss=1.353044  (62.56 sec, 65 subtrees, 730 chunks, 34623339 nodes)
  residual top-10 (subtree_mass × max(avg_loss − 1.353, 0)):
    rc   rootID   mass      avg_loss     score 
    39   1660971  2741100   1.4478       259675.2
    1    138709   8244278   1.3661       107888.6
    46   3463254  2317775   1.3634       23900.4
    44   3229301  724285    1.3776       17766.9
    40   2098840  473230    1.3871       16110.3
    41   2178351  766679    1.3679       11368.0
    42   2302712  1539203   1.3604       11271.8
    7    1422321  79638     1.4228       5556.7
    50   4218803  1289869   1.3563       4195.5
    45   3347168  678815    1.3575       3028.8
    top-10: 41.4% of mass, 100.0% of excess-loss
Epoch 68: loss=1.346858  (62.56 sec, 65 subtrees, 730 chunks, 34623339 nodes)
  residual top-10 (subtree_mass × max(avg_loss − 1.347, 0)):
    rc   rootID   mass      avg_loss     score 
    39   1660971  2741100   1.4366       245933.2
    1    138709   8244278   1.3605       112387.7
    46   3463254  2317775   1.3583       26615.2
    44   3229301  724285    1.3707       17264.3
    40   2098840  473230    1.3796       15475.4
    42   2302712  1539203   1.3547       12092.0
    41   2178351  766679    1.3616       11333.2
    50   4218803  1289869   1.3514       5917.4
    7    1422321  79638     1.4067       4764.5
    45   3347168  678815    1.3519       3411.0
    top-10: 41.4% of mass, 99.8% of excess-loss
Epoch 69: loss=1.342502  (62.56 sec, 65 subtrees, 730 chunks, 34623339 nodes)
  residual top-10 (subtree_mass × max(avg_loss − 1.343, 0)):
    rc   rootID   mass      avg_loss     score 
    39   1660971  2741100   1.4227       219737.6
    1    138709   8244278   1.3567       117274.6
    46   3463254  2317775   1.3548       28473.0
    44   3229301  724285    1.3677       18258.8
    40   2098840  473230    1.3742       15009.0
    42   2302712  1539203   1.3508       12707.8
    41   2178351  766679    1.3572       11248.3
    50   4218803  1289869   1.3476       6603.8
    7    1422321  79638     1.4029       4813.9
    45   3347168  678815    1.3484       4025.0
    top-10: 41.4% of mass, 99.4% of excess-loss
Epoch 70: loss=1.340157  (62.53 sec, 65 subtrees, 730 chunks, 34623339 nodes)
  residual top-10 (subtree_mass × max(avg_loss − 1.340, 0)):
    rc   rootID   mass      avg_loss     score 
    39   1660971  2741100   1.4278       240190.3
    1    138709   8244278   1.3533       108200.8
    46   3463254  2317775   1.3523       28176.7
    44   3229301  724285    1.3651       18045.1
    40   2098840  473230    1.3732       15643.1
    42   2302712  1539203   1.3481       12273.4
    41   2178351  766679    1.3549       11303.5
    50   4218803  1289869   1.3457       7103.1
    7    1422321  79638     1.3961       4454.9
    45   3347168  678815    1.3458       3822.4
    top-10: 41.4% of mass, 99.7% of excess-loss
Epoch 71: loss=1.336466  (62.59 sec, 65 subtrees, 730 chunks, 34623339 nodes)
  residual top-10 (subtree_mass × max(avg_loss − 1.336, 0)):
    rc   rootID   mass      avg_loss     score 
    39   1660971  2741100   1.4117       206241.1
    1    138709   8244278   1.3504       114793.1
    46   3463254  2317775   1.3500       31370.5
    44   3229301  724285    1.3634       19513.2
    40   2098840  473230    1.3671       14504.3
    42   2302712  1539203   1.3447       12741.5
    41   2178351  766679    1.3517       11712.1
    50   4218803  1289869   1.3432       8677.8
    45   3347168  678815    1.3434       4695.8
    7    1422321  79638     1.3921       4432.5
    top-10: 41.4% of mass, 98.9% of excess-loss
Epoch 72: loss=1.334012  (62.61 sec, 65 subtrees, 730 chunks, 34623338 nodes)
  residual top-10 (subtree_mass × max(avg_loss − 1.334, 0)):
    rc   rootID   mass      avg_loss     score 
    39   1660971  2741100   1.4132       217160.4
    1    138709   8244278   1.3481       116437.5
    46   3463254  2317775   1.3473       30851.9
    44   3229301  724285    1.3598       18692.8
    40   2098840  473230    1.3653       14817.2
    42   2302712  1539203   1.3422       12590.5
    41   2178351  766679    1.3487       11233.0
    50   4218803  1289869   1.3403       8174.9
    45   3347168  678815    1.3404       4323.6
    7    1422321  79638     1.3869       4214.4
    top-10: 41.4% of mass, 99.3% of excess-loss
Epoch 73: loss=1.331697  (62.62 sec, 65 subtrees, 730 chunks, 34623339 nodes)
  residual top-10 (subtree_mass × max(avg_loss − 1.332, 0)):
    rc   rootID   mass      avg_loss     score 
    39   1660971  2741100   1.4072       206970.0
    1    138709   8244278   1.3453       112553.9
    46   3463254  2317775   1.3456       32226.6
    44   3229301  724285    1.3586       19479.0
    40   2098840  473230    1.3613       13987.8
    42   2302712  1539203   1.3402       13123.5
    41   2178351  766679    1.3468       11611.0
    50   4218803  1289869   1.3388       9109.8
    45   3347168  678815    1.3387       4744.8
    7    1422321  79638     1.3831       4091.4
    top-10: 41.4% of mass, 98.5% of excess-loss
Epoch 74: loss=1.329449  (62.56 sec, 65 subtrees, 730 chunks, 34623339 nodes)
  residual top-10 (subtree_mass × max(avg_loss − 1.329, 0)):
    rc   rootID   mass      avg_loss     score 
    39   1660971  2741100   1.4017       198017.0
    1    138709   8244278   1.3437       117680.7
    46   3463254  2317775   1.3438       33272.6
    44   3229301  724285    1.3564       19497.0
    40   2098840  473230    1.3600       14468.5
    42   2302712  1539203   1.3382       13466.4
    41   2178351  766679    1.3450       11892.1
    50   4218803  1289869   1.3364       8989.5
    45   3347168  678815    1.3367       4936.3
    43   2546378  4367096   1.3305       4588.3
    top-10: 50.8% of mass, 98.4% of excess-loss
Epoch 75: loss=1.334903  (62.55 sec, 65 subtrees, 730 chunks, 34623339 nodes)
  residual top-10 (subtree_mass × max(avg_loss − 1.335, 0)):
    rc   rootID   mass      avg_loss     score 
    39   1660971  2741100   1.4364       278320.9
    1    138709   8244278   1.3417       55774.1
    46   3463254  2317775   1.3500       34919.3
    43   2546378  4367096   1.3408       25537.3
    42   2302712  1539203   1.3503       23747.8
    44   3229301  724285    1.3639       21015.4
    40   2098840  473230    1.3788       20783.8
    41   2178351  766679    1.3587       18217.2
    50   4218803  1289869   1.3401       6708.9
    45   3347168  678815    1.3438       6016.0
    top-10: 50.8% of mass, 99.0% of excess-loss
Epoch 76: loss=1.326806  (62.61 sec, 65 subtrees, 730 chunks, 34623337 nodes)
  residual top-10 (subtree_mass × max(avg_loss − 1.327, 0)):
    rc   rootID   mass      avg_loss     score 
    39   1660971  2741100   1.3976       194130.0
    1    138709   8244278   1.3424       128485.3
    46   3463254  2317775   1.3416       34207.8
    44   3229301  724285    1.3529       18885.2
    40   2098840  473230    1.3567       14139.5
    42   2302712  1539203   1.3355       13366.2
    41   2178351  766679    1.3424       11958.5
    50   4218803  1289869   1.3339       9160.9
    45   3347168  678815    1.3341       4970.0
    43   2546378  4367096   1.3279       4795.1
    top-10: 50.8% of mass, 98.3% of excess-loss
Epoch 77: loss=1.324232  (62.61 sec, 65 subtrees, 730 chunks, 34623339 nodes)
  residual top-10 (subtree_mass × max(avg_loss − 1.324, 0)):
    rc   rootID   mass      avg_loss     score 
    39   1660971  2741100   1.3903       181031.1
    1    138709   8244278   1.3389       120835.5
    46   3463254  2317775   1.3398       36175.9
    44   3229301  724285    1.3514       19689.5
    42   2302712  1539203   1.3339       14951.2
    40   2098840  473230    1.3542       14177.0
    41   2178351  766679    1.3409       12800.1
    50   4218803  1289869   1.3322       10325.5
    43   2546378  4367096   1.3264       9576.8
    45   3347168  678815    1.3327       5744.7
    top-10: 50.8% of mass, 97.9% of excess-loss
Epoch 78: loss=1.322482  (62.56 sec, 65 subtrees, 730 chunks, 34623339 nodes)
  residual top-10 (subtree_mass × max(avg_loss − 1.322, 0)):
    rc   rootID   mass      avg_loss     score 
    39   1660971  2741100   1.3897       184375.6
    1    138709   8244278   1.3371       120791.7
    46   3463254  2317775   1.3383       36646.7
    44   3229301  724285    1.3495       19546.0
    42   2302712  1539203   1.3324       15213.1
    40   2098840  473230    1.3526       14261.8
    41   2178351  766679    1.3389       12597.5
    50   4218803  1289869   1.3302       9900.8
    43   2546378  4367096   1.3245       8849.2
    45   3347168  678815    1.3307       5548.3
    top-10: 50.8% of mass, 97.6% of excess-loss
Epoch 79: loss=1.320726  (62.58 sec, 65 subtrees, 730 chunks, 34623339 nodes)
  residual top-10 (subtree_mass × max(avg_loss − 1.321, 0)):
    rc   rootID   mass      avg_loss     score 
    39   1660971  2741100   1.3844       174671.1
    1    138709   8244278   1.3358       124038.8
    46   3463254  2317775   1.3371       37863.4
    44   3229301  724285    1.3480       19725.3
    42   2302712  1539203   1.3304       14850.5
    40   2098840  473230    1.3502       13964.9
    41   2178351  766679    1.3370       12445.1
    50   4218803  1289869   1.3290       10730.1
    43   2546378  4367096   1.3229       9536.9
    45   3347168  678815    1.3292       5733.2
    top-10: 50.8% of mass, 96.8% of excess-loss
Epoch 80: loss=1.319079  (62.57 sec, 65 subtrees, 730 chunks, 34623339 nodes)
  residual top-10 (subtree_mass × max(avg_loss − 1.319, 0)):
    rc   rootID   mass      avg_loss     score 
    39   1660971  2741100   1.3767       157832.7
    1    138709   8244278   1.3346       127554.7
    46   3463254  2317775   1.3360       39146.7
    44   3229301  724285    1.3470       20254.0
    42   2302712  1539203   1.3293       15688.1
    40   2098840  473230    1.3478       13609.8
    41   2178351  766679    1.3357       12753.7
    43   2546378  4367096   1.3218       11885.0
    50   4218803  1289869   1.3280       11534.7
    58   6141841  3228512   1.3215       7861.6
    top-10: 56.4% of mass, 95.9% of excess-loss
Epoch 81: loss=1.318124  (62.52 sec, 65 subtrees, 730 chunks, 34623339 nodes)
  residual top-10 (subtree_mass × max(avg_loss − 1.318, 0)):
    rc   rootID   mass      avg_loss     score 
    39   1660971  2741100   1.3773       162180.4
    1    138709   8244278   1.3332       124435.6
    46   3463254  2317775   1.3352       39472.3
    44   3229301  724285    1.3460       20223.3
    42   2302712  1539203   1.3284       15759.1
    40   2098840  473230    1.3473       13803.1
    41   2178351  766679    1.3350       12947.7
    43   2546378  4367096   1.3211       12899.5
    50   4218803  1289869   1.3270       11456.2
    58   6141841  3228512   1.3209       8822.9
    top-10: 56.4% of mass, 95.8% of excess-loss
Epoch 82: loss=1.317001  (62.51 sec, 65 subtrees, 730 chunks, 34623339 nodes)
  residual top-10 (subtree_mass × max(avg_loss − 1.317, 0)):
    rc   rootID   mass      avg_loss     score 
    39   1660971  2741100   1.3726       152508.2
    1    138709   8244278   1.3324       127068.1
    46   3463254  2317775   1.3346       40780.6
    44   3229301  724285    1.3453       20489.9
    42   2302712  1539203   1.3277       16510.5
    43   2546378  4367096   1.3203       14521.5
    40   2098840  473230    1.3466       14029.3
    41   2178351  766679    1.3344       13330.0
    50   4218803  1289869   1.3264       12098.6
    58   6141841  3228512   1.3203       10528.5
    top-10: 56.4% of mass, 95.3% of excess-loss
Epoch 83: loss=1.316129  (62.57 sec, 65 subtrees, 730 chunks, 34623339 nodes)
  residual top-10 (subtree_mass × max(avg_loss − 1.316, 0)):
    rc   rootID   mass      avg_loss     score 
    39   1660971  2741100   1.3713       151138.8
    1    138709   8244278   1.3317       128446.8
    46   3463254  2317775   1.3340       41421.5
    44   3229301  724285    1.3447       20676.1
    42   2302712  1539203   1.3269       16646.9
    43   2546378  4367096   1.3196       15094.3
    40   2098840  473230    1.3460       14128.0
    41   2178351  766679    1.3337       13498.8
    50   4218803  1289869   1.3255       12077.2
    58   6141841  3228512   1.3196       11355.8
    top-10: 56.4% of mass, 95.0% of excess-loss
Epoch 84: loss=1.315261  (62.54 sec, 65 subtrees, 730 chunks, 34623339 nodes)
  residual top-10 (subtree_mass × max(avg_loss − 1.315, 0)):
    rc   rootID   mass      avg_loss     score 
    39   1660971  2741100   1.3679       144346.5
    1    138709   8244278   1.3309       129283.0
    46   3463254  2317775   1.3335       42208.7
    44   3229301  724285    1.3440       20811.9
    42   2302712  1539203   1.3265       17273.1
    43   2546378  4367096   1.3191       16977.3
    40   2098840  473230    1.3448       13974.1
    41   2178351  766679    1.3330       13602.1
    58   6141841  3228512   1.3193       13180.4
    50   4218803  1289869   1.3249       12402.8
    top-10: 56.4% of mass, 94.5% of excess-loss
Epoch 85: loss=1.314594  (62.51 sec, 65 subtrees, 730 chunks, 34623339 nodes)
  residual top-10 (subtree_mass × max(avg_loss − 1.315, 0)):
    rc   rootID   mass      avg_loss     score 
    39   1660971  2741100   1.3661       141214.4
    1    138709   8244278   1.3303       129497.4
    46   3463254  2317775   1.3331       42917.5
    44   3229301  724285    1.3436       21023.9
    43   2546378  4367096   1.3188       18294.7
    42   2302712  1539203   1.3261       17765.0
    40   2098840  473230    1.3448       14291.7
    58   6141841  3228512   1.3189       13984.9
    41   2178351  766679    1.3325       13715.0
    50   4218803  1289869   1.3243       12457.3
    top-10: 56.4% of mass, 94.1% of excess-loss
Epoch 86: loss=1.313992  (62.54 sec, 65 subtrees, 730 chunks, 34623339 nodes)
  residual top-10 (subtree_mass × max(avg_loss − 1.314, 0)):
    rc   rootID   mass      avg_loss     score 
    39   1660971  2741100   1.3630       134286.5
    1    138709   8244278   1.3298       130383.2
    46   3463254  2317775   1.3328       43683.0
    44   3229301  724285    1.3434       21283.3
    43   2546378  4367096   1.3186       19997.6
    42   2302712  1539203   1.3261       18562.9
    58   6141841  3228512   1.3187       15226.0
    40   2098840  473230    1.3443       14340.4
    41   2178351  766679    1.3322       13987.0
    50   4218803  1289869   1.3240       12850.5
    top-10: 56.4% of mass, 93.5% of excess-loss
Epoch 87: loss=1.313431  (62.56 sec, 65 subtrees, 730 chunks, 34623339 nodes)
  residual top-10 (subtree_mass × max(avg_loss − 1.313, 0)):
    rc   rootID   mass      avg_loss     score 
    1    138709   8244278   1.3294       131356.4
    39   1660971  2741100   1.3596       126499.4
    46   3463254  2317775   1.3326       44530.3
    43   2546378  4367096   1.3184       21667.7
    44   3229301  724285    1.3433       21635.3
    42   2302712  1539203   1.3258       19085.4
    58   6141841  3228512   1.3186       16664.6
    40   2098840  473230    1.3433       14144.7
    41   2178351  766679    1.3318       14086.6
    50   4218803  1289869   1.3236       13130.9
    top-10: 56.4% of mass, 92.8% of excess-loss
Epoch 88: loss=1.313167  (62.58 sec, 65 subtrees, 730 chunks, 34623339 nodes)
  residual top-10 (subtree_mass × max(avg_loss − 1.313, 0)):
    rc   rootID   mass      avg_loss     score 
    1    138709   8244278   1.3291       131104.4
    39   1660971  2741100   1.3572       120829.1
    46   3463254  2317775   1.3327       45290.7
    43   2546378  4367096   1.3186       23529.0
    44   3229301  724285    1.3434       21906.3
    42   2302712  1539203   1.3259       19655.0
    58   6141841  3228512   1.3186       17558.3
    41   2178351  766679    1.3321       14519.8
    40   2098840  473230    1.3430       14139.8
    50   4218803  1289869   1.3235       13330.5
    top-10: 56.4% of mass, 92.4% of excess-loss
Epoch 89: loss=1.312811  (62.59 sec, 65 subtrees, 730 chunks, 34623339 nodes)
  residual top-10 (subtree_mass × max(avg_loss − 1.313, 0)):
    rc   rootID   mass      avg_loss     score 
    1    138709   8244278   1.3288       131925.8
    39   1660971  2741100   1.3541       113110.5
    46   3463254  2317775   1.3327       46099.1
    43   2546378  4367096   1.3186       25146.4
    44   3229301  724285    1.3435       22198.3
    42   2302712  1539203   1.3260       20312.6
    58   6141841  3228512   1.3186       18849.5
    41   2178351  766679    1.3317       14479.3
    40   2098840  473230    1.3423       13968.1
    50   4218803  1289869   1.3233       13498.9
    top-10: 56.4% of mass, 91.7% of excess-loss
Epoch 90: loss=1.312549  (62.60 sec, 65 subtrees, 730 chunks, 34623338 nodes)
  residual top-10 (subtree_mass × max(avg_loss − 1.313, 0)):
    rc   rootID   mass      avg_loss     score 
    1    138709   8244278   1.3287       133298.3
    39   1660971  2741100   1.3505       104070.8
    46   3463254  2317775   1.3328       47047.1
    43   2546378  4367096   1.3188       27088.8
    44   3229301  724285    1.3437       22592.5
    42   2302712  1539203   1.3261       20890.8
    58   6141841  3228512   1.3188       20305.6
    41   2178351  766679    1.3313       14370.6
    50   4218803  1289869   1.3233       13852.1
    40   2098840  473230    1.3411       13496.2
    top-10: 56.4% of mass, 91.0% of excess-loss
Epoch 91: loss=1.312368  (62.59 sec, 65 subtrees, 730 chunks, 34623339 nodes)
  residual top-10 (subtree_mass × max(avg_loss − 1.312, 0)):
    rc   rootID   mass      avg_loss     score 
    1    138709   8244278   1.3287       134395.8
    39   1660971  2741100   1.3469       94660.2
    46   3463254  2317775   1.3330       47907.6
    43   2546378  4367096   1.3189       28538.0
    44   3229301  724285    1.3443       23109.5
    58   6141841  3228512   1.3191       21765.3
    42   2302712  1539203   1.3260       21028.8
    50   4218803  1289869   1.3234       14188.1
    41   2178351  766679    1.3308       14141.8
    40   2098840  473230    1.3399       13019.4
    top-10: 56.4% of mass, 90.1% of excess-loss
Epoch 92: loss=1.312197  (62.59 sec, 65 subtrees, 730 chunks, 34623339 nodes)
  residual top-10 (subtree_mass × max(avg_loss − 1.312, 0)):
    rc   rootID   mass      avg_loss     score 
    1    138709   8244278   1.3287       136226.8
    39   1660971  2741100   1.3431       84580.6
    46   3463254  2317775   1.3335       49261.2
    43   2546378  4367096   1.3189       29202.7
    44   3229301  724285    1.3446       23455.9
    58   6141841  3228512   1.3194       23337.2
    42   2302712  1539203   1.3258       20896.2
    50   4218803  1289869   1.3237       14773.1
    41   2178351  766679    1.3299       13575.3
    40   2098840  473230    1.3377       12087.4
    top-10: 56.4% of mass, 89.2% of excess-loss
Epoch 93: loss=1.312155  (62.60 sec, 65 subtrees, 730 chunks, 34623339 nodes)
  residual top-10 (subtree_mass × max(avg_loss − 1.312, 0)):
    rc   rootID   mass      avg_loss     score 
    1    138709   8244278   1.3289       138174.3
    39   1660971  2741100   1.3395       75023.3
    46   3463254  2317775   1.3338       50227.6
    43   2546378  4367096   1.3188       28936.4
    58   6141841  3228512   1.3199       25054.7
    44   3229301  724285    1.3449       23703.2
    42   2302712  1539203   1.3254       20363.0
    50   4218803  1289869   1.3240       15327.1
    47   3809957  2279927   1.3180       13367.8
    53   4965123  2594188   1.3171       12948.0
    top-10: 64.3% of mass, 88.6% of excess-loss
Epoch 94: loss=1.312091  (62.51 sec, 65 subtrees, 730 chunks, 34623338 nodes)
  residual top-10 (subtree_mass × max(avg_loss − 1.312, 0)):
    rc   rootID   mass      avg_loss     score 
    1    138709   8244278   1.3293       141508.6
    39   1660971  2741100   1.3359       65337.4
    46   3463254  2317775   1.3341       51038.8
    43   2546378  4367096   1.3184       27407.2
    58   6141841  3228512   1.3205       27224.5
    44   3229301  724285    1.3448       23661.0
    42   2302712  1539203   1.3245       19038.9
    50   4218803  1289869   1.3244       15914.4
    47   3809957  2279927   1.3185       14550.7
    53   4965123  2594188   1.3176       14380.8
    top-10: 64.3% of mass, 88.2% of excess-loss
Epoch 95: loss=1.312078  (62.50 sec, 65 subtrees, 730 chunks, 34623339 nodes)
  residual top-10 (subtree_mass × max(avg_loss − 1.312, 0)):
    rc   rootID   mass      avg_loss     score 
    1    138709   8244278   1.3297       145152.9
    39   1660971  2741100   1.3327       56472.4
    46   3463254  2317775   1.3344       51680.3
    58   6141841  3228512   1.3213       29724.5
    43   2546378  4367096   1.3176       24291.2
    44   3229301  724285    1.3444       23441.4
    42   2302712  1539203   1.3233       17234.8
    50   4218803  1289869   1.3250       16640.2
    53   4965123  2594188   1.3184       16325.9
    47   3809957  2279927   1.3189       15519.8
    top-10: 64.3% of mass, 87.8% of excess-loss
Epoch 96: loss=1.311966  (62.55 sec, 65 subtrees, 730 chunks, 34623339 nodes)
  residual top-10 (subtree_mass × max(avg_loss − 1.312, 0)):
    rc   rootID   mass      avg_loss     score 
    1    138709   8244278   1.3304       151615.7
    46   3463254  2317775   1.3341       51413.8
    39   1660971  2741100   1.3294       47918.6
    58   6141841  3228512   1.3222       32986.6
    44   3229301  724285    1.3436       22883.1
    43   2546378  4367096   1.3164       19347.3
    53   4965123  2594188   1.3189       18043.4
    50   4218803  1289869   1.3253       17197.9
    47   3809957  2279927   1.3189       15706.3
    42   2302712  1539203   1.3216       14766.3
    top-10: 64.3% of mass, 87.2% of excess-loss
Epoch 97: loss=1.311627  (62.61 sec, 65 subtrees, 730 chunks, 34623339 nodes)
  residual top-10 (subtree_mass × max(avg_loss − 1.312, 0)):
    rc   rootID   mass      avg_loss     score 
    1    138709   8244278   1.3312       161083.5
    46   3463254  2317775   1.3334       50485.5
    39   1660971  2741100   1.3265       40699.4
    58   6141841  3228512   1.3228       36095.0
    44   3229301  724285    1.3419       21922.0
    53   4965123  2594188   1.3192       19624.6
    50   4218803  1289869   1.3252       17553.0
    47   3809957  2279927   1.3182       14974.2
    57   5794595  2162522   1.3180       13869.1
    43   2546378  4367096   1.3147       13321.3
    top-10: 65.7% of mass, 87.0% of excess-loss
Epoch 98: loss=1.311154  (62.54 sec, 65 subtrees, 730 chunks, 34623337 nodes)
  residual top-10 (subtree_mass × max(avg_loss − 1.311, 0)):
    rc   rootID   mass      avg_loss     score 
    1    138709   8244278   1.3321       172729.1
    46   3463254  2317775   1.3323       48928.3
    58   6141841  3228512   1.3230       38324.1
    39   1660971  2741100   1.3242       35796.0
    44   3229301  724285    1.3401       20951.0
    53   4965123  2594188   1.3190       20317.7
    50   4218803  1289869   1.3247       17500.7
    57   5794595  2162522   1.3181       15117.5
    47   3809957  2279927   1.3171       13564.6
    42   2302712  1539203   1.3174       9645.5
    top-10: 59.5% of mass, 88.0% of excess-loss
Epoch 99: loss=1.310756  (62.52 sec, 65 subtrees, 730 chunks, 34623339 nodes)
  residual top-10 (subtree_mass × max(avg_loss − 1.311, 0)):
    rc   rootID   mass      avg_loss     score 
    1    138709   8244278   1.3328       181530.2
    46   3463254  2317775   1.3314       47746.7
    58   6141841  3228512   1.3230       39426.8
    39   1660971  2741100   1.3229       33255.3
    53   4965123  2594188   1.3186       20452.1
    44   3229301  724285    1.3388       20323.2
    50   4218803  1289869   1.3242       17291.3
    57   5794595  2162522   1.3181       15824.7
    47   3809957  2279927   1.3162       12337.0
    54   5381749  526964    1.3288       9522.5
    top-10: 57.3% of mass, 89.2% of excess-loss
Epoch 100: loss=1.310566  (62.58 sec, 65 subtrees, 730 chunks, 34623339 nodes)
  residual top-10 (subtree_mass × max(avg_loss − 1.311, 0)):
    rc   rootID   mass      avg_loss     score 
    1    138709   8244278   1.3331       186144.3
    46   3463254  2317775   1.3309       47203.5
    58   6141841  3228512   1.3229       39733.9
    39   1660971  2741100   1.3223       32250.3
    53   4965123  2594188   1.3184       20405.6
    44   3229301  724285    1.3382       20014.1
    50   4218803  1289869   1.3239       17182.3
    57   5794595  2162522   1.3180       16001.8
    47   3809957  2279927   1.3158       11844.3
    54   5381749  526964    1.3286       9479.5
    top-10: 57.3% of mass, 89.8% of excess-loss
Saved to /tmp/gut_l8_d128_100se/depth_s1/trained.model
Done.
  Appended optimizer state to /tmp/gut_l8_d128_100se/depth_s1/trained.model (adam_t=6500)
