AGPT CUDA Training Engine
  Model: d=64 heads=4 layers=2 ff=256 vocab=65 seq=128 head_dim=16
  Loaded 108481 weight floats (423.8 KB)
  No optimizer state in checkpoint; starting cold
Loading radix trie from /tmp/gutenberg_5m_baseline_d16_radix...
  Radix trie: 7073694 nodes, 34623339 total edge chars, 17 endpoint depths
  Radix loaded: 11884367 counts entries, 63118178 ancestor char entries
  d_split: 4570307/7073694 nodes have a mass=1 ancestor (mean depth 10.48)
  lr-schedule: warmup-cosine (peak=0.003, warmup_epochs=1)
  optimizer: rmsprop (lr=0.003)
  curriculum: flat (d=max each epoch)
  max edge_len: 15, max ancestor chars: 15, max KV per node: 30, max endpoint depth: 16
  mass=1 compaction: 29783005 / 34623339 chars are mass=1 (86.0%); cache holds 4840334 positions
  loop points: 160826 (mass>1 leaves; 6.4% of 2503386 mass>1 nodes)
  KV cache: 2478.3 MB unified memory (bf16 compact)
  GPU memory: 3104.8 MB used, 5082.1 MB free, 8186.8 MB total
  65 root-child subtrees: sizes min=3 max=1116592 avg=108826.0 (total=7073693 radix nodes)
Epoch 1: loss=3.587475  (22.62 sec, 65 subtrees, 730 chunks, 34623339 nodes)
  residual top-10 (subtree_mass × max(avg_loss − 3.587, 0)):
    rc   rootID   mass      avg_loss     score 
    1    138709   8244278   4.4397       7025970.2
    43   2546378  4367096   4.9387       5900893.8
    0    1        824077    5.1728       1306426.1
    40   2098840  473230    5.3797       848155.4
    41   2178351  766679    4.5225       716848.5
    42   2302712  1539203   4.0486       709782.1
    44   3229301  724285    4.3077       521624.2
    5    1263676  342947    3.8701       96921.2
    45   3347168  678815    3.7032       78581.6
    2    1255301  46307     4.0225       20143.3
    top-10: 39.5% of mass, 100.0% of excess-loss
Epoch 2: loss=2.536935  (22.15 sec, 65 subtrees, 730 chunks, 34623339 nodes)
  residual top-10 (subtree_mass × max(avg_loss − 2.537, 0)):
    rc   rootID   mass      avg_loss     score 
    1    138709   8244278   2.5933       464778.7
    50   4218803  1289869   2.6850       190936.9
    59   6621526  905338    2.7176       163571.1
    49   4172773  263541    3.0342       131044.2
    5    1263676  342947    2.7649       78186.7
    54   5381749  526964    2.6831       77013.2
    47   3809957  2279927   2.5667       67944.9
    44   3229301  724285    2.6185       59093.2
    0    1        824077    2.5813       36578.2
    6    1317879  754528    2.5657       21707.7
    top-10: 35.4% of mass, 90.3% of excess-loss
Epoch 3: loss=2.400961  (22.10 sec, 65 subtrees, 730 chunks, 34623339 nodes)
  residual top-10 (subtree_mass × max(avg_loss − 2.401, 0)):
    rc   rootID   mass      avg_loss     score 
    59   6621526  905338    2.6783       251087.1
    44   3229301  724285    2.6220       160127.4
    58   6141841  3228512   2.4367       115308.7
    1    138709   8244278   2.4142       109125.1
    5    1263676  342947    2.5877       64057.8
    54   5381749  526964    2.4942       49128.0
    6    1317879  754528    2.4366       26895.3
    8    1439897  392288    2.4444       17030.6
    17   1549239  26766     2.8702       12560.6
    2    1255301  46307     2.6687       12400.4
    top-10: 33.3% of mass, 89.8% of excess-loss
Epoch 4: loss=2.317771  (22.23 sec, 65 subtrees, 730 chunks, 34623339 nodes)
  residual top-10 (subtree_mass × max(avg_loss − 2.318, 0)):
    rc   rootID   mass      avg_loss     score 
    59   6621526  905338    2.5516       211690.4
    1    138709   8244278   2.3376       163114.4
    44   3229301  724285    2.4063       64100.3
    58   6141841  3228512   2.3347       54677.0
    5    1263676  342947    2.4624       49595.1
    6    1317879  754528    2.3626       33861.6
    8    1439897  392288    2.3722       21352.2
    17   1549239  26766     2.7911       12670.3
    2    1255301  46307     2.5406       10318.8
    32   1636047  78207     2.4395       9519.9
    top-10: 32.3% of mass, 87.9% of excess-loss
Epoch 5: loss=2.258664  (22.38 sec, 65 subtrees, 730 chunks, 34623339 nodes)
  residual top-10 (subtree_mass × max(avg_loss − 2.259, 0)):
    rc   rootID   mass      avg_loss     score 
    1    138709   8244278   2.2799       174792.0
    59   6621526  905338    2.4232       148916.3
    58   6141841  3228512   2.2739       49078.0
    5    1263676  342947    2.3891       44743.1
    44   3229301  724285    2.3143       40282.1
    6    1317879  754528    2.3036       33901.9
    8    1439897  392288    2.3173       23020.2
    17   1549239  26766     2.7146       12204.6
    54   5381749  526964    2.2775       9951.2
    2    1255301  46307     2.4728       9915.9
    top-10: 33.3% of mass, 85.4% of excess-loss
Epoch 6: loss=2.212601  (22.46 sec, 65 subtrees, 730 chunks, 34623339 nodes)
  residual top-10 (subtree_mass × max(avg_loss − 2.213, 0)):
    rc   rootID   mass      avg_loss     score 
    1    138709   8244278   2.2247       99596.8
    59   6621526  905338    2.3205       97660.4
    58   6141841  3228512   2.2327       64823.3
    5    1263676  342947    2.3218       37448.8
    6    1317879  754528    2.2538       31108.3
    8    1439897  392288    2.2874       29341.4
    17   1549239  26766     2.6760       12404.1
    44   3229301  724285    2.2286       11578.2
    32   1636047  78207     2.3451       10363.1
    13   1520469  67330     2.3582       9801.0
    top-10: 32.4% of mass, 82.9% of excess-loss
Epoch 7: loss=2.176231  (22.21 sec, 65 subtrees, 730 chunks, 34623339 nodes)
  residual top-10 (subtree_mass × max(avg_loss − 2.176, 0)):
    rc   rootID   mass      avg_loss     score 
    1    138709   8244278   2.1930       137939.5
    6    1317879  754528    2.2176       31182.5
    8    1439897  392288    2.2541       30537.2
    5    1263676  342947    2.2610       29063.8
    39   1660971  2741100   2.1830       18645.3
    17   1549239  26766     2.6519       12731.7
    32   1636047  78207     2.3217       11375.4
    13   1520469  67330     2.3347       10666.5
    47   3809957  2279927   2.1803       9308.9
    2    1255301  46307     2.3508       8084.3
    top-10: 32.8% of mass, 77.8% of excess-loss
Epoch 8: loss=2.154725  (23.82 sec, 65 subtrees, 730 chunks, 34623339 nodes)
  residual top-10 (subtree_mass × max(avg_loss − 2.155, 0)):
    rc   rootID   mass      avg_loss     score 
    1    138709   8244278   2.1635       72291.8
    6    1317879  754528    2.1931       28927.4
    8    1439897  392288    2.2255       27774.7
    5    1263676  342947    2.2321       26520.6
    47   3809957  2279927   2.1604       12932.6
    17   1549239  26766     2.6224       12517.9
    32   1636047  78207     2.3003       11385.8
    13   1520469  67330     2.3076       10292.2
    39   1660971  2741100   2.1584       10155.8
    28   1618406  47896     2.3162       7735.8
    top-10: 32.9% of mass, 72.3% of excess-loss
Epoch 9: loss=2.144543  (51.98 sec, 65 subtrees, 730 chunks, 34623339 nodes)
  residual top-10 (subtree_mass × max(avg_loss − 2.145, 0)):
    rc   rootID   mass      avg_loss     score 
    1    138709   8244278   2.1487       34363.6
    8    1439897  392288    2.2108       25987.6
    6    1317879  754528    2.1772       24616.9
    5    1263676  342947    2.2051       20771.5
    47   3809957  2279927   2.1509       14563.9
    17   1549239  26766     2.6083       12412.5
    32   1636047  78207     2.2910       11456.5
    13   1520469  67330     2.2934       10022.6
    28   1618406  47896     2.3074       7800.2
    15   1539367  34390     2.3652       7587.6
    top-10: 26.9% of mass, 69.1% of excess-loss
Epoch 10: loss=2.141998  (46.35 sec, 65 subtrees, 730 chunks, 34623339 nodes)
  residual top-10 (subtree_mass × max(avg_loss − 2.142, 0)):
    rc   rootID   mass      avg_loss     score 
    8    1439897  392288    2.2048       24621.5
    6    1317879  754528    2.1731       23503.3
    5    1263676  342947    2.1990       19558.1
    47   3809957  2279927   2.1489       15793.6
    1    138709   8244278   2.1439       15388.9
    17   1549239  26766     2.6052       12398.3
    32   1636047  78207     2.2912       11669.2
    13   1520469  67330     2.2889       9890.8
    28   1618406  47896     2.3077       7937.9
    15   1539367  34390     2.3613       7541.5
    top-10: 26.9% of mass, 66.2% of excess-loss
Saved to rnd/depth-weight/matrix-gutenberg/off_none_s3/run.model
Done.
  Appended optimizer state to rnd/depth-weight/matrix-gutenberg/off_none_s3/run.model (adam_t=650)
