AGPT CUDA Training Engine
  Model: d=64 heads=4 layers=2 ff=256 vocab=65 seq=128 head_dim=16
  Loaded 108481 weight floats (423.8 KB)
  No optimizer state in checkpoint; starting cold
Loading radix trie from /tmp/shake_baseline_d16_radix...
  Radix trie: 1607928 nodes, 9313896 total edge chars, 17 endpoint depths
  Radix loaded: 2697118 counts entries, 12276596 ancestor char entries
  d_split: 1062377/1607928 nodes have a mass=1 ancestor (mean depth 9.21)
  lr-schedule: warmup-cosine (peak=0.003, warmup_epochs=1)
  optimizer: rmsprop (lr=0.003)
  mass weighting: ? (head-of-edge count restores corpus-frequency exposure)
  curriculum: flat (d=max each epoch)
  max edge_len: 16, max ancestor chars: 15, max KV per node: 31, max endpoint depth: 16
  mass=1 compaction: 8275783 / 9313896 chars are mass=1 (88.9%); cache holds 1038113 positions
  loop points: 18684 (mass>1 leaves; 3.4% of 545550 mass>1 nodes)
  KV cache: 531.5 MB unified memory (bf16 compact)
  GPU memory: 2851.3 MB used, 5335.5 MB free, 8186.8 MB total
  65 root-child subtrees: sizes min=1 max=246583 avg=24737.3 (total=1607927 radix nodes)
Epoch 1: loss=3.022578  (5.90 sec, 65 subtrees, 225 chunks, 9313896 nodes)
  residual top-10 (subtree_mass × max(avg_loss − 3.023, 0)):
    rc   rootID   mass      avg_loss     score 
    1    50944    1479765   3.7384       1059229.0
    0    1        297533    4.3510       395238.6
    43   660187   735168    3.5485       386646.7
    40   574911   82726     4.9681       160945.0
    41   591555   114034    3.9642       107373.9
    44   798168   118584    3.6474       74097.8
    42   614321   234101    3.2767       59491.7
    47   915694   343840    3.0837       21027.2
    5    300532   44208     3.3675       15247.6
    49   982783   50950     3.2245       10285.4
    top-10: 40.7% of mass, 99.4% of excess-loss
Epoch 2: loss=2.222358  (5.53 sec, 65 subtrees, 225 chunks, 9313896 nodes)
  residual top-10 (subtree_mass × max(avg_loss − 2.222, 0)):
    rc   rootID   mass      avg_loss     score 
    59   1500853  192300    2.8184       114619.8
    58   1402652  543420    2.3668       78506.0
    1    50944    1479765   2.2614       57772.7
    6    309644   167551    2.4236       33712.7
    5    300532   44208     2.7350       22662.5
    54   1241689  76537     2.4521       17586.9
    44   798168   118584    2.3694       17437.2
    2    297527   13758     3.0341       11167.7
    0    1        297533    2.2378       4579.7
    60   1539801  58095     2.2769       3166.7
    top-10: 34.8% of mass, 99.0% of excess-loss
Epoch 3: loss=2.091381  (5.54 sec, 65 subtrees, 225 chunks, 9313896 nodes)
  residual top-10 (subtree_mass × max(avg_loss − 2.091, 0)):
    rc   rootID   mass      avg_loss     score 
    59   1500853  192300    2.3485       49442.2
    1    50944    1479765   2.1247       49355.2
    6    309644   167551    2.2241       22243.6
    5    300532   44208     2.4104       14101.3
    58   1402652  543420    2.1130       11736.8
    54   1241689  76537     2.1930       7779.6
    2    297527   13758     2.6091       7123.1
    0    1        297533    2.1134       6560.2
    8    341198   57485     2.1716       4614.0
    39   493671   419607    2.0995       3409.2
    top-10: 38.3% of mass, 97.9% of excess-loss
Epoch 4: loss=2.023463  (5.54 sec, 65 subtrees, 225 chunks, 9313896 nodes)
  residual top-10 (subtree_mass × max(avg_loss − 2.023, 0)):
    rc   rootID   mass      avg_loss     score 
    58   1402652  543420    2.1003       41769.2
    59   1500853  192300    2.1668       27558.5
    6    309644   167551    2.1175       15764.3
    5    300532   44208     2.2905       11804.3
    54   1241689  76537     2.1264       7880.2
    57   1329804  377747    2.0432       7453.6
    2    297527   13758     2.4881       6392.7
    8    341198   57485     2.1178       5422.8
    1    50944    1479765   2.0250       2291.5
    39   493671   419607    2.0272       1573.2
    top-10: 39.2% of mass, 96.3% of excess-loss
Epoch 5: loss=1.961402  (5.54 sec, 65 subtrees, 225 chunks, 9313896 nodes)
  residual top-10 (subtree_mass × max(avg_loss − 1.961, 0)):
    rc   rootID   mass      avg_loss     score 
    1    50944    1479765   1.9742       18985.6
    59   1500853  192300    2.0305       13288.1
    6    309644   167551    2.0149       8965.8
    39   493671   419607    1.9811       8268.9
    5    300532   44208     2.1025       6237.1
    58   1402652  543420    1.9685       3847.8
    8    341198   57485     2.0232       3555.2
    2    297527   13758     2.2028       3320.6
    44   798168   118584    1.9783       2003.0
    40   574911   82726     1.9829       1782.1
    top-10: 36.3% of mass, 93.6% of excess-loss
Epoch 6: loss=1.920634  (5.55 sec, 65 subtrees, 225 chunks, 9313896 nodes)
  residual top-10 (subtree_mass × max(avg_loss − 1.921, 0)):
    rc   rootID   mass      avg_loss     score 
    6    309644   167551    1.9579       6237.7
    59   1500853  192300    1.9521       6046.8
    39   493671   419607    1.9336       5434.4
    5    300532   44208     2.0381       5194.4
    56   1258453  358000    1.9311       3755.6
    54   1241689  76537     1.9652       3408.4
    2    297527   13758     2.1292       2869.6
    50   993056   244544    1.9320       2783.8
    8    341198   57485     1.9545       1945.7
    44   798168   118584    1.9357       1781.0
    top-10: 19.7% of mass, 89.8% of excess-loss
Epoch 7: loss=1.885907  (5.55 sec, 65 subtrees, 225 chunks, 9313896 nodes)
  residual top-10 (subtree_mass × max(avg_loss − 1.886, 0)):
    rc   rootID   mass      avg_loss     score 
    1    50944    1479765   1.8931       10689.6
    39   493671   419607    1.9045       7809.0
    6    309644   167551    1.9214       5953.1
    5    300532   44208     1.9832       4300.8
    44   798168   118584    1.9089       2722.9
    2    297527   13758     2.0416       2141.8
    8    341198   57485     1.9198       1947.1
    47   915694   343840    1.8915       1910.6
    42   614321   234101    1.8935       1782.7
    46   840714   415269    1.8892       1360.2
    top-10: 38.3% of mass, 92.1% of excess-loss
Epoch 8: loss=1.864945  (5.55 sec, 65 subtrees, 225 chunks, 9313896 nodes)
  residual top-10 (subtree_mass × max(avg_loss − 1.865, 0)):
    rc   rootID   mass      avg_loss     score 
    39   493671   419607    1.8804       6482.6
    47   915694   343840    1.8739       3077.3
    44   798168   118584    1.8876       2690.0
    5    300532   44208     1.9215       2498.5
    46   840714   415269    1.8707       2404.7
    6    309644   167551    1.8792       2389.5
    52   1074317  367799    1.8711       2245.7
    42   614321   234101    1.8735       1995.1
    2    297527   13758     1.9521       1198.6
    40   574911   82726     1.8743       773.5 
    top-10: 25.7% of mass, 87.6% of excess-loss
Epoch 9: loss=1.855443  (5.56 sec, 65 subtrees, 225 chunks, 9313896 nodes)
  residual top-10 (subtree_mass × max(avg_loss − 1.855, 0)):
    rc   rootID   mass      avg_loss     score 
    39   493671   419607    1.8672       4952.2
    47   915694   343840    1.8652       3361.9
    52   1074317  367799    1.8637       3043.2
    46   840714   415269    1.8622       2813.5
    44   798168   118584    1.8777       2642.8
    5    300532   44208     1.8983       1894.9
    42   614321   234101    1.8634       1865.1
    58   1402652  543420    1.8579       1322.8
    59   1500853  192300    1.8602       923.8 
    2    297527   13758     1.9125       784.4 
    top-10: 31.3% of mass, 83.6% of excess-loss
Epoch 10: loss=1.852744  (5.56 sec, 65 subtrees, 225 chunks, 9313896 nodes)
  residual top-10 (subtree_mass × max(avg_loss − 1.853, 0)):
    rc   rootID   mass      avg_loss     score 
    39   493671   419607    1.8630       4321.3
    47   915694   343840    1.8630       3509.5
    52   1074317  367799    1.8620       3397.3
    46   840714   415269    1.8602       3089.9
    44   798168   118584    1.8750       2640.6
    58   1402652  543420    1.8569       2282.6
    42   614321   234101    1.8605       1824.4
    5    300532   44208     1.8905       1668.1
    59   1500853  192300    1.8596       1320.1
    57   1329804  377747    1.8553       947.5 
    top-10: 35.6% of mass, 81.2% of excess-loss
Saved to rnd/depth-weight/matrix/mass-inv-log_none_s2/run.model
Done.
  Appended optimizer state to rnd/depth-weight/matrix/mass-inv-log_none_s2/run.model (adam_t=650)
