INFO: --anc-grad: per-subtree descendant→ancestor gradient flow enabled (Wk/Wv get full gradient instead of own-edge-only)
AGPT CUDA Training Engine
  Model: d=64 heads=4 layers=2 ff=256 vocab=65 seq=128 head_dim=16
  Loaded 108481 weight floats (423.8 KB)
  No optimizer state in checkpoint; starting cold
Loading radix trie from /tmp/shake_baseline_d16_radix...
  Radix trie: 1607928 nodes, 9313896 total edge chars, 17 endpoint depths
  Radix loaded: 2697118 counts entries, 12276596 ancestor char entries
  d_split: 1062377/1607928 nodes have a mass=1 ancestor (mean depth 9.21)
  lr-schedule: warmup-cosine (peak=0.003, warmup_epochs=1)
  optimizer: rmsprop (lr=0.003)
  curriculum: flat (d=max each epoch)
  max edge_len: 16, max ancestor chars: 15, max KV per node: 31, max endpoint depth: 16
  mass=1 compaction: 8275783 / 9313896 chars are mass=1 (88.9%); cache holds 1038113 positions
  loop points: 18684 (mass>1 leaves; 3.4% of 545550 mass>1 nodes)
  KV cache: 531.5 MB unified memory (bf16 compact)
  GPU memory: 2851.3 MB used, 5335.5 MB free, 8186.8 MB total
  65 root-child subtrees: sizes min=1 max=246583 avg=24737.3 (total=1607927 radix nodes)
  anc-grad: max_n_subtree_compact_chars=158106, 2 layers x 3 buffers x 40.48 MB + 4.15 MB lookup = 249.53 MB total
Epoch 1: loss=3.550846  (5.82 sec, 65 subtrees, 225 chunks, 9313896 nodes)
  residual top-10 (subtree_mass × max(avg_loss − 3.551, 0)):
    rc   rootID   mass      avg_loss     score 
    1    50944    1479765   4.5049       1411713.4
    0    1        297533    5.2281       499031.2
    43   660187   735168    4.1942       472955.9
    40   574911   82726     6.6951       260107.9
    41   591555   114034    4.7396       135561.9
    44   798168   118584    4.5840       122517.5
    42   614321   234101    3.7617       49372.2
    49   982783   50950     3.9330       19472.3
    5    300532   44208     3.9653       18322.6
    6    309644   167551    3.6526       17048.7
    top-10: 38.7% of mass, 99.1% of excess-loss
Epoch 2: loss=2.642489  (5.72 sec, 65 subtrees, 225 chunks, 9313896 nodes)
  residual top-10 (subtree_mass × max(avg_loss − 2.642, 0)):
    rc   rootID   mass      avg_loss     score 
    44   798168   118584    3.6914       124383.3
    43   660187   735168    2.8056       119919.5
    46   840714   415269    2.9190       114846.0
    45   821318   94570     3.1100       44208.5
    6    309644   167551    2.9049       43962.8
    5    300532   44208     3.2639       27472.1
    2    297527   13758     4.2164       21654.2
    59   1500853  192300    2.7448       19675.0
    8    341198   57485     2.8998       14794.2
    1    50944    1479765   2.6484       8808.9
    top-10: 38.6% of mass, 98.0% of excess-loss
Epoch 3: loss=2.395667  (5.72 sec, 65 subtrees, 225 chunks, 9313896 nodes)
  residual top-10 (subtree_mass × max(avg_loss − 2.396, 0)):
    rc   rootID   mass      avg_loss     score 
    58   1402652  543420    2.5151       64907.0
    59   1500853  192300    2.6876       56144.8
    1    50944    1479765   2.4250       43449.6
    54   1241689  76537     2.6847       22120.4
    6    309644   167551    2.5132       19695.9
    5    300532   44208     2.6609       11726.7
    8    341198   57485     2.5561       9224.2
    2    297527   13758     2.9061       7022.9
    0    1        297533    2.4172       6415.5
    57   1329804  377747    2.4091       5079.6
    top-10: 37.8% of mass, 97.2% of excess-loss
Epoch 4: loss=2.290774  (5.72 sec, 65 subtrees, 225 chunks, 9313896 nodes)
  residual top-10 (subtree_mass × max(avg_loss − 2.291, 0)):
    rc   rootID   mass      avg_loss     score 
    59   1500853  192300    2.5914       57814.9
    1    50944    1479765   2.3211       44850.1
    6    309644   167551    2.3786       14708.3
    5    300532   44208     2.5707       12376.4
    44   798168   118584    2.3782       10364.6
    0    1        297533    2.3203       8784.4
    2    297527   13758     2.7881       6841.9
    8    341198   57485     2.4092       6807.2
    39   493671   419607    2.2989       3409.4
    58   1402652  543420    2.2962       2923.8
    top-10: 38.8% of mass, 96.8% of excess-loss
Epoch 5: loss=2.235097  (5.72 sec, 65 subtrees, 225 chunks, 9313896 nodes)
  residual top-10 (subtree_mass × max(avg_loss − 2.235, 0)):
    rc   rootID   mass      avg_loss     score 
    58   1402652  543420    2.3142       42994.8
    59   1500853  192300    2.4205       35653.4
    54   1241689  76537     2.4611       17297.7
    1    50944    1479765   2.2452       14966.2
    57   1329804  377747    2.2744       14853.2
    56   1258453  358000    2.2752       14367.7
    6    309644   167551    2.2804       7597.5
    5    300532   44208     2.3651       5747.5
    0    1        297533    2.2531       5368.7
    2    297527   13758     2.4928       3545.0
    top-10: 41.3% of mass, 97.5% of excess-loss
Epoch 6: loss=2.163507  (5.72 sec, 65 subtrees, 225 chunks, 9313896 nodes)
  residual top-10 (subtree_mass × max(avg_loss − 2.164, 0)):
    rc   rootID   mass      avg_loss     score 
    1    50944    1479765   2.1961       48301.5
    0    1        297533    2.2038       11978.6
    6    309644   167551    2.2200       9459.0
    39   493671   419607    2.1807       7204.9
    5    300532   44208     2.2796       5131.3
    59   1500853  192300    2.1890       4906.5
    8    341198   57485     2.2260       3593.4
    2    297527   13758     2.3462       2513.3
    13   372685   55068     2.1943       1696.7
    44   798168   118584    2.1770       1605.7
    top-10: 33.1% of mass, 96.0% of excess-loss
Epoch 7: loss=2.121272  (5.71 sec, 65 subtrees, 225 chunks, 9313896 nodes)
  residual top-10 (subtree_mass × max(avg_loss − 2.121, 0)):
    rc   rootID   mass      avg_loss     score 
    1    50944    1479765   2.1368       22956.2
    6    309644   167551    2.1683       7887.4
    0    1        297533    2.1467       7580.3
    39   493671   419607    2.1360       6184.3
    5    300532   44208     2.2117       3997.2
    8    341198   57485     2.1757       3131.3
    46   840714   415269    2.1272       2475.9
    44   798168   118584    2.1393       2135.3
    2    297527   13758     2.2632       1952.4
    13   372685   55068     2.1537       1783.2
    top-10: 35.7% of mass, 92.2% of excess-loss
Epoch 8: loss=2.096740  (5.72 sec, 65 subtrees, 225 chunks, 9313896 nodes)
  residual top-10 (subtree_mass × max(avg_loss − 2.097, 0)):
    rc   rootID   mass      avg_loss     score 
    1    50944    1479765   2.1079       16478.3
    0    1        297533    2.1185       6467.0
    39   493671   419607    2.1083       4863.7
    6    309644   167551    2.1245       4657.2
    46   840714   415269    2.1049       3387.3
    5    300532   44208     2.1513       2412.2
    44   798168   118584    2.1144       2097.1
    8    341198   57485     2.1298       1899.0
    13   372685   55068     2.1292       1788.1
    2    297527   13758     2.1749       1075.8
    top-10: 35.7% of mass, 89.1% of excess-loss
Epoch 9: loss=2.085228  (5.72 sec, 65 subtrees, 225 chunks, 9313896 nodes)
  residual top-10 (subtree_mass × max(avg_loss − 2.085, 0)):
    rc   rootID   mass      avg_loss     score 
    1    50944    1479765   2.0903       7434.5
    0    1        297533    2.1012       4752.0
    46   840714   415269    2.0949       4011.6
    39   493671   419607    2.0930       3251.9
    6    309644   167551    2.1032       3010.7
    58   1402652  543420    2.0894       2275.0
    44   798168   118584    2.1031       2113.9
    5    300532   44208     2.1275       1866.9
    13   372685   55068     2.1152       1653.0
    52   1074317  367799    2.0884       1178.6
    top-10: 45.5% of mass, 80.9% of excess-loss
Epoch 10: loss=2.081896  (5.71 sec, 65 subtrees, 225 chunks, 9313896 nodes)
  residual top-10 (subtree_mass × max(avg_loss − 2.082, 0)):
    rc   rootID   mass      avg_loss     score 
    46   840714   415269    2.0921       4234.3
    0    1        297533    2.0940       3612.2
    1    50944    1479765   2.0843       3506.0
    58   1402652  543420    2.0882       3406.9
    6    309644   167551    2.0969       2509.5
    39   493671   419607    2.0877       2418.9
    44   798168   118584    2.0998       2120.2
    5    300532   44208     2.1220       1770.9
    52   1074317  367799    2.0864       1650.9
    13   372685   55068     2.1081       1443.8
    top-10: 45.5% of mass, 78.3% of excess-loss
Saved to rnd/per-fire-norm/raw-no-scale/shakespeare/seed3_on/run.model
Done.
  Appended optimizer state to rnd/per-fire-norm/raw-no-scale/shakespeare/seed3_on/run.model (adam_t=650)
