Vocab: 65 unique chars from data/gutenberg_5m.txt
Tokens: 5000000
Arch: d_model=64 n_heads=4 n_layers=2 d_ff=256 ckpt_seq=128
Model loaded
  204/4096 (1100.2/s, ETA 4s)
  408/4096 (1196.5/s, ETA 3s)
  612/4096 (1111.9/s, ETA 3s)
  816/4096 (1174.7/s, ETA 3s)
  1020/4096 (1194.3/s, ETA 3s)
  1224/4096 (1229.6/s, ETA 2s)
  1428/4096 (1210.7/s, ETA 2s)
  1632/4096 (1203.5/s, ETA 2s)
  1836/4096 (1201.7/s, ETA 2s)
  2040/4096 (1209.0/s, ETA 2s)
  2244/4096 (1218.7/s, ETA 2s)
  2448/4096 (1229.8/s, ETA 1s)
  2652/4096 (1239.3/s, ETA 1s)
  2856/4096 (1237.5/s, ETA 1s)
  3060/4096 (1226.7/s, ETA 1s)
  3264/4096 (1216.5/s, ETA 1s)
  3468/4096 (1219.1/s, ETA 1s)
  3672/4096 (1228.0/s, ETA 0s)
  3876/4096 (1237.4/s, ETA 0s)
  4080/4096 (1243.8/s, ETA 0s)

Pool mode:          deep_only
d_window:           16
Positions scored:   4096
Mean per-token NLL: 2.081087 nats
Perplexity:         8.0132
Bits per char:      3.0024 bpc
Elapsed:            3.3s (1236.4 pos/sec)
