AGPT CUDA Training Engine
  Model: d=64 heads=4 layers=2 ff=256 vocab=65 seq=128 head_dim=16
  Loaded 108481 weight floats (423.8 KB)
  No optimizer state in checkpoint; starting cold
Loading radix trie from /tmp/shake_baseline_d16_radix...
  Radix trie: 1607928 nodes, 9313896 total edge chars, 17 endpoint depths
  Radix loaded: 2697118 counts entries, 12276596 ancestor char entries
  d_split: 1062377/1607928 nodes have a mass=1 ancestor (mean depth 9.21)
  lr-schedule: warmup-cosine (peak=0.003, warmup_epochs=1)
  optimizer: rmsprop (lr=0.003)
  mass weighting: log (head-of-edge count restores corpus-frequency exposure)
  curriculum: flat (d=max each epoch)
  max edge_len: 16, max ancestor chars: 15, max KV per node: 31, max endpoint depth: 16
  mass=1 compaction: 8275783 / 9313896 chars are mass=1 (88.9%); cache holds 1038113 positions
  loop points: 18684 (mass>1 leaves; 3.4% of 545550 mass>1 nodes)
  KV cache: 531.5 MB unified memory (bf16 compact)
  GPU memory: 2851.3 MB used, 5335.5 MB free, 8186.8 MB total
  65 root-child subtrees: sizes min=1 max=246583 avg=24737.3 (total=1607927 radix nodes)
Epoch 1: loss=2.369185  (5.97 sec, 65 subtrees, 225 chunks, 9313896 nodes)
  residual top-10 (subtree_mass × max(avg_loss − 2.369, 0)):
    rc   rootID   mass      avg_loss     score 
    1    50944    1479765   3.4158       1548766.6
    0    1        297533    4.2317       554163.0
    10   349444   84126     4.1829       152580.9
    6    309644   167551    2.7235       59362.1
    8    341198   57485     3.0972       41850.4
    5    300532   44208     3.1560       34784.5
    11   364300   27722     2.8835       14258.2
    30   457660   31233     2.7625       12283.4
    2    297527   13758     3.2497       12114.6
    13   372685   55068     2.5819       11716.3
    top-10: 26.3% of mass, 98.0% of excess-loss
Epoch 2: loss=2.025412  (5.52 sec, 65 subtrees, 225 chunks, 9313896 nodes)
  residual top-10 (subtree_mass × max(avg_loss − 2.025, 0)):
    rc   rootID   mass      avg_loss     score 
    10   349444   84126     4.8189       235008.3
    6    309644   167551    2.4436       70068.5
    5    300532   44208     3.0694       46153.5
    8    341198   57485     2.5986       32951.8
    0    1        297533    2.1043       23478.9
    13   372685   55068     2.4292       22235.6
    11   364300   27722     2.8006       21489.8
    1    50944    1479765   2.0389       19993.6
    12   369639   16107     3.1714       18459.0
    39   493671   419607    2.0604       14696.7
    top-10: 30.8% of mass, 86.1% of excess-loss
Epoch 3: loss=1.941632  (5.53 sec, 65 subtrees, 225 chunks, 9313896 nodes)
  residual top-10 (subtree_mass × max(avg_loss − 1.942, 0)):
    rc   rootID   mass      avg_loss     score 
    10   349444   84126     3.2572       110677.6
    1    50944    1479765   1.9706       42793.4
    0    1        297533    2.0429       30140.7
    13   372685   55068     2.4281       26787.6
    6    309644   167551    2.0743       22232.9
    8    341198   57485     2.3017       20697.0
    12   369639   16107     3.2208       20603.0
    11   364300   27722     2.6060       18417.4
    5    300532   44208     2.3494       18027.1
    17   395702   37639     2.2075       10007.6
    top-10: 26.4% of mass, 81.3% of excess-loss
Epoch 4: loss=1.877655  (5.54 sec, 65 subtrees, 225 chunks, 9313896 nodes)
  residual top-10 (subtree_mass × max(avg_loss − 1.878, 0)):
    rc   rootID   mass      avg_loss     score 
    10   349444   84126     2.5804       59119.0
    1    50944    1479765   1.9120       50868.4
    0    1        297533    1.9945       34757.3
    8    341198   57485     2.2232       19863.5
    6    309644   167551    1.9831       17666.9
    12   369639   16107     2.8496       15655.4
    13   372685   55068     2.1178       13226.9
    5    300532   44208     2.1486       11976.2
    39   493671   419607    1.9013       9904.6
    21   413181   87608     1.9866       9542.0
    top-10: 31.5% of mass, 77.7% of excess-loss
Epoch 5: loss=1.822888  (5.55 sec, 65 subtrees, 225 chunks, 9313896 nodes)
  residual top-10 (subtree_mass × max(avg_loss − 1.823, 0)):
    rc   rootID   mass      avg_loss     score 
    1    50944    1479765   1.8642       61168.7
    0    1        297533    1.9477       37148.0
    8    341198   57485     2.1788       20462.1
    6    309644   167551    1.9122       14958.3
    10   349444   84126     1.9551       11124.0
    12   369639   16107     2.3427       8372.1
    5    300532   44208     2.0011       7880.4
    13   372685   55068     1.9398       6440.4
    39   493671   419607    1.8382       6406.4
    21   413181   87608     1.8950       6314.1
    top-10: 31.5% of mass, 79.8% of excess-loss
Epoch 6: loss=1.792406  (5.55 sec, 65 subtrees, 225 chunks, 9313896 nodes)
  residual top-10 (subtree_mass × max(avg_loss − 1.792, 0)):
    rc   rootID   mass      avg_loss     score 
    1    50944    1479765   1.8329       59850.7
    0    1        297533    1.9049       33458.9
    8    341198   57485     2.1293       19366.1
    6    309644   167551    1.8725       13421.4
    5    300532   44208     1.9304       6100.5
    12   369639   16107     2.1651       6003.1
    10   349444   84126     1.8438       4325.0
    13   372685   55068     1.8674       4129.1
    21   413181   87608     1.8387       4053.1
    15   387980   25230     1.9502       3981.6
    top-10: 26.9% of mass, 82.1% of excess-loss
Epoch 7: loss=1.773398  (5.56 sec, 65 subtrees, 225 chunks, 9313896 nodes)
  residual top-10 (subtree_mass × max(avg_loss − 1.773, 0)):
    rc   rootID   mass      avg_loss     score 
    1    50944    1479765   1.8110       55710.1
    0    1        297533    1.8787       31318.4
    8    341198   57485     2.0810       17681.1
    6    309644   167551    1.8321       9830.8
    10   349444   84126     1.8375       5388.9
    12   369639   16107     2.0985       5237.1
    5    300532   44208     1.8682       4189.8
    13   372685   55068     1.8376       3532.9
    15   387980   25230     1.9050       3320.2
    21   413181   87608     1.8050       2769.3
    top-10: 26.9% of mass, 84.5% of excess-loss
Epoch 8: loss=1.761328  (5.55 sec, 65 subtrees, 225 chunks, 9313896 nodes)
  residual top-10 (subtree_mass × max(avg_loss − 1.761, 0)):
    rc   rootID   mass      avg_loss     score 
    1    50944    1479765   1.8002       57447.6
    0    1        297533    1.8618       29887.5
    8    341198   57485     2.0588       17098.4
    6    309644   167551    1.7943       5531.3
    12   369639   16107     2.0095       3998.0
    15   387980   25230     1.8638       2586.1
    19   406003   14547     1.9071       2120.3
    5    300532   44208     1.8082       2070.6
    21   413181   87608     1.7830       1901.3
    13   372685   55068     1.7930       1745.7
    top-10: 26.1% of mass, 86.3% of excess-loss
Epoch 9: loss=1.754598  (5.56 sec, 65 subtrees, 225 chunks, 9313896 nodes)
  residual top-10 (subtree_mass × max(avg_loss − 1.755, 0)):
    rc   rootID   mass      avg_loss     score 
    1    50944    1479765   1.7937       57918.2
    0    1        297533    1.8491       28129.4
    8    341198   57485     2.0278       15703.7
    12   369639   16107     1.9845       3703.3
    6    309644   167551    1.7686       2342.3
    15   387980   25230     1.8402       2159.1
    19   406003   14547     1.8848       1893.3
    30   457660   31233     1.8015       1464.7
    20   409004   21055     1.8187       1349.6
    17   395702   37639     1.7890       1294.5
    top-10: 25.0% of mass, 87.2% of excess-loss
Epoch 10: loss=1.751749  (5.56 sec, 65 subtrees, 225 chunks, 9313896 nodes)
  residual top-10 (subtree_mass × max(avg_loss − 1.752, 0)):
    rc   rootID   mass      avg_loss     score 
    1    50944    1479765   1.7936       61855.6
    0    1        297533    1.8419       26808.4
    8    341198   57485     2.0153       15148.2
    12   369639   16107     1.9702       3519.2
    58   1402652  543420    1.7560       2283.9
    15   387980   25230     1.8309       1996.5
    19   406003   14547     1.8770       1822.2
    30   457660   31233     1.8016       1558.4
    20   409004   21055     1.8142       1315.5
    33   480616   21503     1.8123       1302.7
    top-10: 29.2% of mass, 87.6% of excess-loss
Saved to rnd/depth-weight/matrix/mass-log_events_s2/run.model
Done.
  Appended optimizer state to rnd/depth-weight/matrix/mass-log_events_s2/run.model (adam_t=650)
