AGPT CUDA Training Engine
  Model: d=64 heads=4 layers=2 ff=256 vocab=65 seq=128 head_dim=16
  Loaded 108481 weight floats (423.8 KB)
  No optimizer state in checkpoint; starting cold
Loading radix trie from /tmp/shake_baseline_d16_radix...
  Radix trie: 1607928 nodes, 9313896 total edge chars, 17 endpoint depths
  Radix loaded: 2697118 counts entries, 12276596 ancestor char entries
  d_split: 1062377/1607928 nodes have a mass=1 ancestor (mean depth 9.21)
  lr-schedule: warmup-cosine (peak=0.003, warmup_epochs=1)
  optimizer: rmsprop (lr=0.003)
  mass weighting: log (head-of-edge count restores corpus-frequency exposure)
  curriculum: flat (d=max each epoch)
  max edge_len: 16, max ancestor chars: 15, max KV per node: 31, max endpoint depth: 16
  mass=1 compaction: 8275783 / 9313896 chars are mass=1 (88.9%); cache holds 1038113 positions
  loop points: 18684 (mass>1 leaves; 3.4% of 545550 mass>1 nodes)
  KV cache: 531.5 MB unified memory (bf16 compact)
  GPU memory: 2851.3 MB used, 5335.5 MB free, 8186.8 MB total
  65 root-child subtrees: sizes min=1 max=246583 avg=24737.3 (total=1607927 radix nodes)
Epoch 1: loss=1.939945  (5.97 sec, 65 subtrees, 225 chunks, 9313896 nodes)
  residual top-10 (subtree_mass × max(avg_loss − 1.940, 0)):
    rc   rootID   mass      avg_loss     score 
    1    50944    1479765   2.1448       303172.5
    0    1        297533    2.2302       86374.0
    8    341198   57485     2.4280       28053.4
    10   349444   84126     2.1466       17382.6
    6    309644   167551    2.0140       12410.8
    12   369639   16107     2.3838       7149.6
    13   372685   55068     2.0688       7094.9
    30   457660   31233     2.1655       7045.9
    39   493671   419607    1.9538       5804.5
    17   395702   37639     2.0878       5563.6
    top-10: 30.8% of mass, 90.9% of excess-loss
Epoch 2: loss=1.929573  (5.52 sec, 65 subtrees, 225 chunks, 9313896 nodes)
  residual top-10 (subtree_mass × max(avg_loss − 1.930, 0)):
    rc   rootID   mass      avg_loss     score 
    10   349444   84126     5.0590       263269.9
    6    309644   167551    2.1104       30299.8
    5    300532   44208     2.4894       24749.8
    0    1        297533    2.0119       24483.4
    8    341198   57485     2.3474       24016.5
    13   372685   55068     2.1331       11210.2
    12   369639   16107     2.5511       10010.5
    30   457660   31233     2.2103       8767.2
    39   493671   419607    1.9491       8192.0
    11   364300   27722     2.1918       7269.9
    top-10: 14.0% of mass, 89.7% of excess-loss
Epoch 3: loss=1.908436  (5.53 sec, 65 subtrees, 225 chunks, 9313896 nodes)
  residual top-10 (subtree_mass × max(avg_loss − 1.908, 0)):
    rc   rootID   mass      avg_loss     score 
    10   349444   84126     2.9037       83730.7
    0    1        297533    1.9893       24065.7
    13   372685   55068     2.2718       20011.4
    8    341198   57485     2.2484       19543.6
    12   369639   16107     3.0518       18416.6
    5    300532   44208     2.2492       15064.0
    6    309644   167551    1.9802       12021.6
    39   493671   419607    1.9342       10803.6
    15   387980   25230     2.3194       10367.4
    17   395702   37639     2.1714       9899.3
    top-10: 14.0% of mass, 77.8% of excess-loss
Epoch 4: loss=1.877345  (5.54 sec, 65 subtrees, 225 chunks, 9313896 nodes)
  residual top-10 (subtree_mass × max(avg_loss − 1.877, 0)):
    rc   rootID   mass      avg_loss     score 
    1    50944    1479765   1.9033       38428.1
    0    1        297533    1.9962       35355.9
    10   349444   84126     2.1216       20551.1
    8    341198   57485     2.2292       20227.5
    12   369639   16107     2.7223       13609.0
    13   372685   55068     2.0838       11369.1
    6    309644   167551    1.9390       10334.0
    17   395702   37639     2.1059       8601.5
    15   387980   25230     2.1980       8090.7
    39   493671   419607    1.8960       7817.9
    top-10: 30.7% of mass, 73.7% of excess-loss
Epoch 5: loss=1.838536  (5.54 sec, 65 subtrees, 225 chunks, 9313896 nodes)
  residual top-10 (subtree_mass × max(avg_loss − 1.839, 0)):
    rc   rootID   mass      avg_loss     score 
    1    50944    1479765   1.8739       52316.8
    0    1        297533    1.9614       36545.3
    8    341198   57485     2.2111       21418.2
    6    309644   167551    1.9124       12381.5
    12   369639   16107     2.3437       8136.7
    5    300532   44208     1.9854       6491.8
    10   349444   84126     1.9093       5953.8
    15   387980   25230     2.0130       4402.8
    13   372685   55068     1.9180       4376.7
    39   493671   419607    1.8477       3865.6
    top-10: 30.8% of mass, 81.7% of excess-loss
Epoch 6: loss=1.813905  (5.55 sec, 65 subtrees, 225 chunks, 9313896 nodes)
  residual top-10 (subtree_mass × max(avg_loss − 1.814, 0)):
    rc   rootID   mass      avg_loss     score 
    1    50944    1479765   1.8513       55282.6
    0    1        297533    1.9257       33251.1
    8    341198   57485     2.1358       18506.8
    6    309644   167551    1.8705       9485.7
    12   369639   16107     2.1552       5497.3
    5    300532   44208     1.9104       4265.7
    10   349444   84126     1.8552       3475.5
    15   387980   25230     1.9491       3412.2
    13   372685   55068     1.8750       3365.6
    17   395702   37639     1.8902       2871.8
    top-10: 26.3% of mass, 83.8% of excess-loss
Epoch 7: loss=1.801642  (5.55 sec, 65 subtrees, 225 chunks, 9313896 nodes)
  residual top-10 (subtree_mass × max(avg_loss − 1.802, 0)):
    rc   rootID   mass      avg_loss     score 
    1    50944    1479765   1.8346       48766.9
    0    1        297533    1.9062       31109.3
    8    341198   57485     2.0940       16806.4
    6    309644   167551    1.8392       6295.5
    12   369639   16107     2.1036       4863.1
    15   387980   25230     1.9223       3045.4
    13   372685   55068     1.8444       2352.5
    17   395702   37639     1.8598       2188.0
    5    300532   44208     1.8505       2159.1
    10   349444   84126     1.8270       2130.6
    top-10: 26.3% of mass, 84.5% of excess-loss
Epoch 8: loss=1.791760  (5.55 sec, 65 subtrees, 225 chunks, 9313896 nodes)
  residual top-10 (subtree_mass × max(avg_loss − 1.792, 0)):
    rc   rootID   mass      avg_loss     score 
    1    50944    1479765   1.8288       54851.5
    0    1        297533    1.8914       29641.3
    8    341198   57485     2.0695       15967.7
    12   369639   16107     2.0437       4057.7
    6    309644   167551    1.8120       3391.4
    15   387980   25230     1.8876       2419.2
    17   395702   37639     1.8343       1601.7
    30   457660   31233     1.8416       1555.2
    19   406003   14547     1.8982       1548.9
    20   409004   21055     1.8598       1433.2
    top-10: 25.0% of mass, 87.7% of excess-loss
Epoch 9: loss=1.787138  (5.56 sec, 65 subtrees, 225 chunks, 9313896 nodes)
  residual top-10 (subtree_mass × max(avg_loss − 1.787, 0)):
    rc   rootID   mass      avg_loss     score 
    1    50944    1479765   1.8246       55365.9
    0    1        297533    1.8803       27720.2
    8    341198   57485     2.0547       15383.0
    12   369639   16107     2.0220       3782.4
    15   387980   25230     1.8721       2142.3
    6    309644   167551    1.7966       1593.2
    30   457660   31233     1.8330       1432.2
    19   406003   14547     1.8847       1419.2
    20   409004   21055     1.8509       1343.4
    63   1577668  160299    1.7955       1338.1
    top-10: 26.4% of mass, 88.1% of excess-loss
Epoch 10: loss=1.785610  (5.56 sec, 65 subtrees, 225 chunks, 9313896 nodes)
  residual top-10 (subtree_mass × max(avg_loss − 1.786, 0)):
    rc   rootID   mass      avg_loss     score 
    1    50944    1479765   1.8253       58739.0
    0    1        297533    1.8755       26750.6
    8    341198   57485     2.0452       14919.8
    12   369639   16107     2.0130       3662.9
    15   387980   25230     1.8665       2040.6
    63   1577668  160299    1.7967       1785.8
    30   457660   31233     1.8316       1437.8
    19   406003   14547     1.8803       1377.0
    20   409004   21055     1.8478       1309.8
    23   430059   9140      1.9240       1264.5
    top-10: 24.6% of mass, 88.6% of excess-loss
Saved to rnd/depth-weight/matrix/mass-log_events_s1/run.model
Done.
  Appended optimizer state to rnd/depth-weight/matrix/mass-log_events_s1/run.model (adam_t=650)
