AGPT CUDA Training Engine
  Model: d=64 heads=4 layers=2 ff=256 vocab=65 seq=128 head_dim=16
  Loaded 108481 weight floats (423.8 KB)
  No optimizer state in checkpoint; starting cold
Loading radix trie from /tmp/gutenberg_5m_baseline_d16_radix...
  Radix trie: 7073694 nodes, 34623339 total edge chars, 17 endpoint depths
  Radix loaded: 11884367 counts entries, 63118178 ancestor char entries
  d_split: 4570307/7073694 nodes have a mass=1 ancestor (mean depth 10.48)
  lr-schedule: warmup-cosine (peak=0.003, warmup_epochs=1)
  optimizer: rmsprop (lr=0.003)
  curriculum: flat (d=max each epoch)
  max edge_len: 15, max ancestor chars: 15, max KV per node: 30, max endpoint depth: 16
  mass=1 compaction: 29783005 / 34623339 chars are mass=1 (86.0%); cache holds 4840334 positions
  loop points: 160826 (mass>1 leaves; 6.4% of 2503386 mass>1 nodes)
  KV cache: 2478.3 MB unified memory (bf16 compact)
  GPU memory: 3105.0 MB used, 5081.8 MB free, 8186.8 MB total
  65 root-child subtrees: sizes min=3 max=1116592 avg=108826.0 (total=7073693 radix nodes)
Epoch 1: loss=0.066836  (21.69 sec, 65 subtrees, 730 chunks, 34623339 nodes)
  residual top-10 (subtree_mass × max(avg_loss − 0.067, 0)):
    rc   rootID   mass      avg_loss     score 
    1    138709   8244278   0.0861       159173.2
    43   2546378  4367096   0.0892       97808.2
    0    1        824077    0.0980       25701.2
    42   2302712  1539203   0.0796       19578.1
    40   2098840  473230    0.1064       18743.9
    41   2178351  766679    0.0874       15761.1
    44   3229301  724285    0.0785       8413.4
    5    1263676  342947    0.0740       2458.6
    6    1317879  754528    0.0693       1839.2
    2    1255301  46307     0.0745       356.6 
    top-10: 39.7% of mass, 99.9% of excess-loss
Epoch 2: loss=0.047784  (21.56 sec, 65 subtrees, 730 chunks, 34623339 nodes)
  residual top-10 (subtree_mass × max(avg_loss − 0.048, 0)):
    rc   rootID   mass      avg_loss     score 
    1    138709   8244278   0.0504       21944.2
    44   3229301  724285    0.0589       8063.0
    47   3809957  2279927   0.0489       2566.7
    46   3463254  2317775   0.0486       1878.0
    5    1263676  342947    0.0532       1841.5
    45   3347168  678815    0.0505       1824.1
    6    1317879  754528    0.0495       1300.8
    50   4218803  1289869   0.0488       1295.7
    0    1        824077    0.0492       1126.9
    49   4172773  263541    0.0511       866.1 
    top-10: 38.9% of mass, 90.4% of excess-loss
Epoch 3: loss=0.045578  (21.57 sec, 65 subtrees, 730 chunks, 34623339 nodes)
  residual top-10 (subtree_mass × max(avg_loss − 0.046, 0)):
    rc   rootID   mass      avg_loss     score 
    58   6141841  3228512   0.0491       11463.2
    1    138709   8244278   0.0468       10262.3
    59   6621526  905338    0.0553       8776.5
    61   6828350  809921    0.0475       1552.8
    5    1263676  342947    0.0496       1384.6
    6    1317879  754528    0.0469       1011.6
    44   3229301  724285    0.0470       996.6 
    54   5381749  526964    0.0473       902.7 
    60   6774952  316779    0.0475       608.6 
    8    1439897  392288    0.0469       515.0 
    top-10: 35.6% of mass, 93.2% of excess-loss
Epoch 4: loss=0.044357  (21.59 sec, 65 subtrees, 730 chunks, 34623339 nodes)
  residual top-10 (subtree_mass × max(avg_loss − 0.044, 0)):
    rc   rootID   mass      avg_loss     score 
    1    138709   8244278   0.0469       21334.7
    58   6141841  3228512   0.0455       3785.9
    59   6621526  905338    0.0468       2167.6
    6    1317879  754528    0.0467       1730.6
    5    1263676  342947    0.0484       1375.6
    0    1        824077    0.0460       1326.8
    8    1439897  392288    0.0465       838.4 
    54   5381749  526964    0.0457       718.3 
    25   1602731  57242     0.0505       350.6 
    17   1549239  26766     0.0556       301.2 
    top-10: 33.6% of mass, 93.2% of excess-loss
Epoch 5: loss=0.042843  (21.62 sec, 65 subtrees, 730 chunks, 34623339 nodes)
  residual top-10 (subtree_mass × max(avg_loss − 0.043, 0)):
    rc   rootID   mass      avg_loss     score 
    1    138709   8244278   0.0447       15524.7
    6    1317879  754528    0.0450       1646.4
    5    1263676  342947    0.0457       966.0 
    8    1439897  392288    0.0450       833.5 
    0    1        824077    0.0435       538.8 
    46   3463254  2317775   0.0430       443.6 
    25   1602731  57242     0.0490       354.8 
    17   1549239  26766     0.0544       309.2 
    21   1567603  178953    0.0444       285.8 
    28   1618406  47896     0.0485       269.0 
    top-10: 28.9% of mass, 90.4% of excess-loss
Epoch 6: loss=0.042130  (21.62 sec, 65 subtrees, 730 chunks, 34623339 nodes)
  residual top-10 (subtree_mass × max(avg_loss − 0.042, 0)):
    rc   rootID   mass      avg_loss     score 
    1    138709   8244278   0.0437       12941.9
    58   6141841  3228512   0.0427       1814.9
    6    1317879  754528    0.0442       1527.6
    5    1263676  342947    0.0446       837.1 
    8    1439897  392288    0.0442       810.2 
    46   3463254  2317775   0.0425       797.6 
    44   3229301  724285    0.0426       348.8 
    25   1602731  57242     0.0482       345.6 
    17   1549239  26766     0.0536       306.0 
    0    1        824077    0.0425       277.1 
    top-10: 37.1% of mass, 88.6% of excess-loss
Epoch 7: loss=0.041456  (21.63 sec, 65 subtrees, 730 chunks, 34623339 nodes)
  residual top-10 (subtree_mass × max(avg_loss − 0.041, 0)):
    rc   rootID   mass      avg_loss     score 
    1    138709   8244278   0.0431       13801.0
    6    1317879  754528    0.0435       1527.7
    8    1439897  392288    0.0437       885.4 
    5    1263676  342947    0.0437       761.9 
    46   3463254  2317775   0.0417       663.4 
    58   6141841  3228512   0.0416       388.6 
    0    1        824077    0.0419       368.7 
    25   1602731  57242     0.0475       348.5 
    17   1549239  26766     0.0526       299.1 
    32   1636047  78207     0.0450       279.2 
    top-10: 35.7% of mass, 89.5% of excess-loss
Epoch 8: loss=0.041063  (21.65 sec, 65 subtrees, 730 chunks, 34623339 nodes)
  residual top-10 (subtree_mass × max(avg_loss − 0.041, 0)):
    rc   rootID   mass      avg_loss     score 
    1    138709   8244278   0.0426       12637.7
    6    1317879  754528    0.0429       1409.9
    8    1439897  392288    0.0433       876.1 
    46   3463254  2317775   0.0414       800.4 
    5    1263676  342947    0.0430       655.6 
    58   6141841  3228512   0.0412       531.7 
    25   1602731  57242     0.0471       345.9 
    17   1549239  26766     0.0523       301.5 
    32   1636047  78207     0.0447       285.9 
    28   1618406  47896     0.0467       272.3 
    top-10: 34.0% of mass, 89.1% of excess-loss
Epoch 9: loss=0.040883  (21.65 sec, 65 subtrees, 730 chunks, 34623339 nodes)
  residual top-10 (subtree_mass × max(avg_loss − 0.041, 0)):
    rc   rootID   mass      avg_loss     score 
    1    138709   8244278   0.0423       12090.0
    6    1317879  754528    0.0426       1295.6
    8    1439897  392288    0.0430       849.1 
    46   3463254  2317775   0.0412       828.7 
    58   6141841  3228512   0.0411       729.3 
    5    1263676  342947    0.0426       585.5 
    25   1602731  57242     0.0469       343.4 
    17   1549239  26766     0.0522       302.2 
    32   1636047  78207     0.0446       288.4 
    28   1618406  47896     0.0466       273.1 
    top-10: 34.0% of mass, 89.2% of excess-loss
Epoch 10: loss=0.040831  (21.65 sec, 65 subtrees, 730 chunks, 34623339 nodes)
  residual top-10 (subtree_mass × max(avg_loss − 0.041, 0)):
    rc   rootID   mass      avg_loss     score 
    1    138709   8244278   0.0423       11749.0
    6    1317879  754528    0.0425       1261.9
    46   3463254  2317775   0.0412       846.7 
    58   6141841  3228512   0.0411       840.8 
    8    1439897  392288    0.0430       832.9 
    5    1263676  342947    0.0425       566.7 
    25   1602731  57242     0.0468       343.3 
    17   1549239  26766     0.0521       300.5 
    32   1636047  78207     0.0446       291.4 
    28   1618406  47896     0.0466       275.8 
    top-10: 34.0% of mass, 89.2% of excess-loss
Saved to rnd/depth-weight/matrix-gutenberg/branching-linear_none_s3/run.model
Done.
  Appended optimizer state to rnd/depth-weight/matrix-gutenberg/branching-linear_none_s3/run.model (adam_t=650)
