[00:22:03] loading init model data/input.model
/usr/lib/python3.14/site-packages/torch/cuda/__init__.py:1061: UserWarning: Can't initialize NVML
  raw_cnt = _raw_device_count_nvml()
[00:22:04] tokenizing data/input.txt
  corpus tokens (train): 1059624, heldout: 55770
  d_window=16 batch_size=128 batches_per_epoch=8278 total=82780
[00:22:51] epoch 1/10 mean_loss=2.0413 ppl_train=7.701 elapsed=47.0s
[00:23:32] epoch 2/10 mean_loss=1.6890 ppl_train=5.414 elapsed=88.6s
[00:24:08] epoch 3/10 mean_loss=1.6004 ppl_train=4.955 elapsed=124.5s
[00:24:43] epoch 4/10 mean_loss=1.5467 ppl_train=4.696 elapsed=159.0s
[00:25:18] epoch 5/10 mean_loss=1.5047 ppl_train=4.503 elapsed=194.2s
[00:25:53] epoch 6/10 mean_loss=1.4682 ppl_train=4.342 elapsed=229.4s
[00:26:29] epoch 7/10 mean_loss=1.4360 ppl_train=4.204 elapsed=264.9s
[00:27:03] epoch 8/10 mean_loss=1.4082 ppl_train=4.089 elapsed=299.1s
[00:27:38] epoch 9/10 mean_loss=1.3874 ppl_train=4.004 elapsed=334.1s
[00:28:13] epoch 10/10 mean_loss=1.3758 ppl_train=3.958 elapsed=369.0s
[00:28:13] saving /tmp/agpt_pytorch_ab_baseline.model
  wrote /tmp/agpt_pytorch_ab_baseline.model
[00:28:13] PyTorch eval on heldout (55770 tokens)
  byte_perplexity = 5.4587
  bits_per_byte   = 2.4486
  n_scored        = 55754
