[00:28:40] loading init model data/input.model
/usr/lib/python3.14/site-packages/torch/cuda/__init__.py:1061: UserWarning: Can't initialize NVML
  raw_cnt = _raw_device_count_nvml()
[00:28:41] tokenizing data/input.txt
  corpus tokens (train): 1059624, heldout: 55770
[00:28:41] precomputing chords (d=16, W=64, n_freq=16)
  precompute_chords: 1026859 unique substrings of length up to 16 from 1059624 positions, 20.0s
  d_window=16 batch_size=128 batches_per_epoch=8278 total=82780
[00:29:39] epoch 1/10 mean_loss=2.0196 ppl_train=7.535 elapsed=37.9s
[00:30:17] epoch 2/10 mean_loss=1.6841 ppl_train=5.388 elapsed=76.1s
[00:30:56] epoch 3/10 mean_loss=1.5982 ppl_train=4.944 elapsed=114.9s
[00:31:33] epoch 4/10 mean_loss=1.5458 ppl_train=4.692 elapsed=152.6s
[00:32:10] epoch 5/10 mean_loss=1.5053 ppl_train=4.506 elapsed=188.8s
[00:32:47] epoch 6/10 mean_loss=1.4705 ppl_train=4.352 elapsed=225.8s
[00:33:25] epoch 7/10 mean_loss=1.4399 ppl_train=4.220 elapsed=263.7s
[00:34:02] epoch 8/10 mean_loss=1.4131 ppl_train=4.109 elapsed=300.8s
[00:34:38] epoch 9/10 mean_loss=1.3931 ppl_train=4.027 elapsed=337.2s
[00:35:16] epoch 10/10 mean_loss=1.3819 ppl_train=3.982 elapsed=375.0s
[00:35:16] saving /tmp/agpt_pytorch_ab_bias.model
  wrote /tmp/agpt_pytorch_ab_bias.model
  wrote bias state to /tmp/agpt_pytorch_ab_bias.beta.pt
[00:35:16] rebuilding chord table on heldout slice (55770 tokens)
  precompute_chords: 55143 unique substrings of length up to 16 from 55770 positions, 1.2s
[00:35:17] PyTorch eval on heldout (55770 tokens)
  byte_perplexity = 5.4080
  bits_per_byte   = 2.4351
  n_scored        = 55754
  β per (layer, head):
    L0: +0.1057 +0.1813 +0.2020 +0.1922
    L1: -0.0259 +0.1219 +0.0891 -0.0462
