INFO: --anc-grad: per-subtree descendant→ancestor gradient flow enabled (Wk/Wv get full gradient instead of own-edge-only)
AGPT CUDA Training Engine
  Model: d=64 heads=4 layers=2 ff=256 vocab=65 seq=128 head_dim=16
  Loaded 108481 weight floats (423.8 KB)
  No optimizer state in checkpoint; starting cold
Loading radix trie from /tmp/shake_baseline_d16_radix...
  Radix trie: 1607928 nodes, 9313896 total edge chars, 17 endpoint depths
  Radix loaded: 2697118 counts entries, 12276596 ancestor char entries
  d_split: 1062377/1607928 nodes have a mass=1 ancestor (mean depth 9.21)
  lr-schedule: warmup-cosine (peak=0.003, warmup_epochs=1)
  optimizer: rmsprop (lr=0.003)
  curriculum: flat (d=max each epoch)
  max edge_len: 16, max ancestor chars: 15, max KV per node: 31, max endpoint depth: 16
  mass=1 compaction: 8275783 / 9313896 chars are mass=1 (88.9%); cache holds 1038113 positions
  loop points: 18684 (mass>1 leaves; 3.4% of 545550 mass>1 nodes)
  KV cache: 531.5 MB unified memory (bf16 compact)
  GPU memory: 2851.3 MB used, 5335.5 MB free, 8186.8 MB total
  65 root-child subtrees: sizes min=1 max=246583 avg=24737.3 (total=1607927 radix nodes)
  anc-grad: max_n_subtree_compact_chars=158106, 2 layers x 3 buffers x 40.48 MB + 4.15 MB lookup = 249.53 MB total
Epoch 1: loss=3.460263  (6.15 sec, 65 subtrees, 225 chunks, 9313896 nodes)
  residual top-10 (subtree_mass × max(avg_loss − 3.460, 0)):
    rc   rootID   mass      avg_loss     score 
    1    50944    1479765   4.5047       1545593.2
    0    1        297533    5.2280       525968.3
    43   660187   735168    3.9558       364324.7
    40   574911   82726     5.9206       203533.7
    41   591555   114034    4.7082       142312.9
    42   614321   234101    3.8405       89021.0
    44   798168   118584    3.7051       29029.7
    6    309644   167551    3.6064       24493.6
    5    300532   44208     3.8264       16186.4
    10   349444   84126     3.6029       11997.4
    top-10: 39.1% of mass, 99.3% of excess-loss
Epoch 2: loss=2.515601  (5.85 sec, 65 subtrees, 225 chunks, 9313896 nodes)
  residual top-10 (subtree_mass × max(avg_loss − 2.516, 0)):
    rc   rootID   mass      avg_loss     score 
    1    50944    1479765   2.6161       148743.6
    54   1241689  76537     3.4527       71724.2
    56   1258453  358000    2.6528       49125.8
    53   1145421  504725    2.5880       36547.1
    0    1        297533    2.6215       31494.2
    6    309644   167551    2.6515       22766.5
    2    297527   13758     4.0579       21219.6
    5    300532   44208     2.9134       17587.1
    59   1500853  192300    2.5941       15097.2
    10   349444   84126     2.6102       7960.5
    top-10: 37.4% of mass, 96.4% of excess-loss
Epoch 3: loss=2.338489  (5.80 sec, 65 subtrees, 225 chunks, 9313896 nodes)
  residual top-10 (subtree_mass × max(avg_loss − 2.338, 0)):
    rc   rootID   mass      avg_loss     score 
    1    50944    1479765   2.3816       63763.5
    59   1500853  192300    2.4651       24340.7
    54   1241689  76537     2.5951       19641.4
    10   349444   84126     2.5555       18256.0
    6    309644   167551    2.4211       13840.7
    39   493671   419607    2.3679       12360.7
    5    300532   44208     2.5625       9901.0
    0    1        297533    2.3696       9264.5
    2    297527   13758     2.8433       6945.4
    44   798168   118584    2.3830       5281.3
    top-10: 33.7% of mass, 91.7% of excess-loss
Epoch 4: loss=2.251913  (5.81 sec, 65 subtrees, 225 chunks, 9313896 nodes)
  residual top-10 (subtree_mass × max(avg_loss − 2.252, 0)):
    rc   rootID   mass      avg_loss     score 
    59   1500853  192300    2.5546       58214.3
    44   798168   118584    2.4220       20167.7
    58   1402652  543420    2.2818       16220.9
    1    50944    1479765   2.2597       11577.4
    6    309644   167551    2.3201       11425.7
    54   1241689  76537     2.3925       10760.3
    5    300532   44208     2.4309       7912.1
    2    297527   13758     2.5960       4734.5
    0    1        297533    2.2622       3062.0
    8    341198   57485     2.3051       3058.1
    top-10: 34.8% of mass, 93.2% of excess-loss
Epoch 5: loss=2.189961  (5.85 sec, 65 subtrees, 225 chunks, 9313896 nodes)
  residual top-10 (subtree_mass × max(avg_loss − 2.190, 0)):
    rc   rootID   mass      avg_loss     score 
    59   1500853  192300    2.3685       34335.4
    58   1402652  543420    2.2410       27735.6
    44   798168   118584    2.3890       23598.0
    1    50944    1479765   2.2020       17777.4
    54   1241689  76537     2.3760       14235.4
    6    309644   167551    2.2746       14183.4
    5    300532   44208     2.3898       8836.0
    0    1        297533    2.2110       6266.8
    2    297527   13758     2.5952       5575.4
    8    341198   57485     2.2388       2807.3
    top-10: 34.8% of mass, 95.6% of excess-loss
Epoch 6: loss=2.121876  (5.84 sec, 65 subtrees, 225 chunks, 9313896 nodes)
  residual top-10 (subtree_mass × max(avg_loss − 2.122, 0)):
    rc   rootID   mass      avg_loss     score 
    59   1500853  192300    2.3060       35403.1
    1    50944    1479765   2.1342       18300.9
    54   1241689  76537     2.3605       18261.2
    6    309644   167551    2.1853       10624.7
    0    1        297533    2.1427       6203.8
    5    300532   44208     2.2609       6145.6
    58   1402652  543420    2.1321       5557.7
    53   1145421  504725    2.1267       2436.3
    2    297527   13758     2.2964       2401.0
    39   493671   419607    2.1266       1990.4
    top-10: 43.5% of mass, 93.2% of excess-loss
Epoch 7: loss=2.053029  (5.83 sec, 65 subtrees, 225 chunks, 9313896 nodes)
  residual top-10 (subtree_mass × max(avg_loss − 2.053, 0)):
    rc   rootID   mass      avg_loss     score 
    1    50944    1479765   2.0795       39102.6
    6    309644   167551    2.1250       12050.8
    0    1        297533    2.0879       10365.0
    39   493671   419607    2.0741       8856.1
    5    300532   44208     2.1771       5486.4
    46   840714   415269    2.0593       2600.2
    8    341198   57485     2.0893       2085.1
    44   798168   118584    2.0700       2013.2
    13   372685   55068     2.0864       1837.6
    2    297527   13758     2.1730       1651.2
    top-10: 35.7% of mass, 94.9% of excess-loss
Epoch 8: loss=2.020750  (5.79 sec, 65 subtrees, 225 chunks, 9313896 nodes)
  residual top-10 (subtree_mass × max(avg_loss − 2.021, 0)):
    rc   rootID   mass      avg_loss     score 
    1    50944    1479765   2.0364       23205.6
    6    309644   167551    2.0725       8668.6
    0    1        297533    2.0424       6432.3
    39   493671   419607    2.0355       6202.9
    46   840714   415269    2.0311       4284.3
    5    300532   44208     2.1049       3719.3
    44   798168   118584    2.0366       1882.0
    8    341198   57485     2.0457       1434.6
    42   614321   234101    2.0267       1401.2
    13   372685   55068     2.0447       1318.1
    top-10: 38.3% of mass, 94.4% of excess-loss
Epoch 9: loss=2.005890  (5.84 sec, 65 subtrees, 225 chunks, 9313896 nodes)
  residual top-10 (subtree_mass × max(avg_loss − 2.006, 0)):
    rc   rootID   mass      avg_loss     score 
    1    50944    1479765   2.0156       14340.8
    46   840714   415269    2.0187       5306.2
    6    309644   167551    2.0361       5066.6
    0    1        297533    2.0203       4288.3
    39   493671   419607    2.0134       3156.2
    58   1402652  543420    2.0114       2974.9
    5    300532   44208     2.0571       2263.1
    44   798168   118584    2.0227       1995.1
    42   614321   234101    2.0114       1295.9
    52   1074317  367799    2.0085       950.9 
    top-10: 47.5% of mass, 89.6% of excess-loss
Epoch 10: loss=2.001369  (5.83 sec, 65 subtrees, 225 chunks, 9313896 nodes)
  residual top-10 (subtree_mass × max(avg_loss − 2.001, 0)):
    rc   rootID   mass      avg_loss     score 
    1    50944    1479765   2.0087       10836.1
    46   840714   415269    2.0150       5641.3
    58   1402652  543420    2.0101       4756.3
    6    309644   167551    2.0214       3356.7
    0    1        297533    2.0105       2716.3
    44   798168   118584    2.0184       2014.6
    5    300532   44208     2.0413       1765.1
    52   1074317  367799    2.0060       1715.6
    39   493671   419607    2.0046       1356.9
    47   915694   343840    2.0043       1009.8
    top-10: 48.8% of mass, 88.3% of excess-loss
Saved to rnd/anc-grad/v2-fix/seed3_on/run.model
Done.
  Appended optimizer state to rnd/anc-grad/v2-fix/seed3_on/run.model (adam_t=650)
