AGPT CUDA Training Engine
  Model: d=64 heads=4 layers=2 ff=256 vocab=65 seq=128 head_dim=16
  Loaded 108481 weight floats (423.8 KB)
  No optimizer state in checkpoint; starting cold
Loading radix trie from /tmp/gutenberg_5m_baseline_d16_radix...
  Radix trie: 7073694 nodes, 34623339 total edge chars, 17 endpoint depths
  Radix loaded: 11884367 counts entries, 63118178 ancestor char entries
  d_split: 4570307/7073694 nodes have a mass=1 ancestor (mean depth 10.48)
  lr-schedule: warmup-cosine (peak=0.003, warmup_epochs=1)
  optimizer: rmsprop (lr=0.003)
  mass weighting: linear (head-of-edge count restores corpus-frequency exposure)
  curriculum: flat (d=max each epoch)
  max edge_len: 15, max ancestor chars: 15, max KV per node: 30, max endpoint depth: 16
  mass=1 compaction: 29783005 / 34623339 chars are mass=1 (86.0%); cache holds 4840334 positions
  loop points: 160826 (mass>1 leaves; 6.4% of 2503386 mass>1 nodes)
  KV cache: 2478.3 MB unified memory (bf16 compact)
  GPU memory: 3105.0 MB used, 5081.8 MB free, 8186.8 MB total
  65 root-child subtrees: sizes min=3 max=1116592 avg=108826.0 (total=7073693 radix nodes)
Epoch 1: loss=8.334666  (22.93 sec, 65 subtrees, 730 chunks, 34623339 nodes)
  residual top-10 (subtree_mass × max(avg_loss − 8.335, 0)):
    rc   rootID   mass      avg_loss     score 
    1    138709   8244278   12.6131      35272952.6
    43   2546378  4367096   10.4312      9155697.6
    0    1        824077    11.6075      2697095.0
    40   2098840  473230    12.4899      1966380.8
    41   2178351  766679    10.7656      1863746.0
    44   3229301  724285    9.8991       1133060.7
    6    1317879  754528    9.4817       865485.0
    42   2302712  1539203   8.7948       708191.4
    5    1263676  342947    9.2987       330609.7
    8    1439897  392288    9.1060       302583.1
    top-10: 40.4% of mass, 99.1% of excess-loss
Epoch 2: loss=5.987259  (22.23 sec, 65 subtrees, 730 chunks, 34623339 nodes)
  residual top-10 (subtree_mass × max(avg_loss − 5.987, 0)):
    rc   rootID   mass      avg_loss     score 
    1    138709   8244278   7.4797       12304491.7
    6    1317879  754528    6.8043       616506.1
    5    1263676  342947    7.2682       439304.3
    8    1439897  392288    7.0605       421005.4
    44   3229301  724285    6.5179       384327.0
    46   3463254  2317775   6.1149       295914.5
    0    1        824077    6.2796       240935.3
    25   1602731  57242     9.6455       209407.2
    28   1618406  47896     9.5794       172049.5
    15   1539367  34390     9.7764       130307.3
    top-10: 30.1% of mass, 97.0% of excess-loss
Epoch 3: loss=5.714636  (22.25 sec, 65 subtrees, 730 chunks, 34623339 nodes)
  residual top-10 (subtree_mass × max(avg_loss − 5.715, 0)):
    rc   rootID   mass      avg_loss     score 
    1    138709   8244278   6.9459       10151037.7
    6    1317879  754528    6.5135       602799.1
    8    1439897  392288    6.5750       337494.8
    5    1263676  342947    6.6827       331980.8
    54   5381749  526964    6.3172       317505.4
    58   6141841  3228512   5.8040       288553.0
    25   1602731  57242     9.3161       206154.4
    28   1618406  47896     9.1784       165899.6
    15   1539367  34390     9.3379       124603.8
    21   1567603  178953    6.3080       106191.4
    top-10: 30.3% of mass, 96.7% of excess-loss
Epoch 4: loss=5.443722  (22.19 sec, 65 subtrees, 730 chunks, 34623339 nodes)
  residual top-10 (subtree_mass × max(avg_loss − 5.444, 0)):
    rc   rootID   mass      avg_loss     score 
    1    138709   8244278   6.7404       10690299.9
    6    1317879  754528    5.9250       363173.0
    46   3463254  2317775   5.5452       235243.6
    25   1602731  57242     8.7029       186559.4
    8    1439897  392288    5.8886       174527.5
    5    1263676  342947    5.9499       173602.5
    0    1        824077    5.6453       166123.4
    58   6141841  3228512   5.4950       165597.8
    28   1618406  47896     8.5391       148254.1
    15   1539367  34390     8.5339       106270.2
    top-10: 35.6% of mass, 97.3% of excess-loss
Epoch 5: loss=5.308804  (46.78 sec, 65 subtrees, 730 chunks, 34623339 nodes)
  residual top-10 (subtree_mass × max(avg_loss − 5.309, 0)):
    rc   rootID   mass      avg_loss     score 
    1    138709   8244278   6.5130       9928095.8
    6    1317879  754528    5.7763       352772.1
    46   3463254  2317775   5.4346       291580.1
    58   6141841  3228512   5.3759       216687.1
    5    1263676  342947    5.8901       199357.1
    25   1602731  57242     8.5114       183321.1
    8    1439897  392288    5.7306       165459.6
    28   1618406  47896     8.2763       142129.3
    0    1        824077    5.4472       114079.7
    15   1539367  34390     8.1253       96860.1
    top-10: 35.6% of mass, 97.3% of excess-loss
Epoch 6: loss=5.202329  (48.59 sec, 65 subtrees, 730 chunks, 34623339 nodes)
  residual top-10 (subtree_mass × max(avg_loss − 5.202, 0)):
    rc   rootID   mass      avg_loss     score 
    1    138709   8244278   6.3787       9698251.8
    6    1317879  754528    5.6049       303724.0
    46   3463254  2317775   5.3292       294165.6
    58   6141841  3228512   5.2831       260823.2
    25   1602731  57242     8.3349       179317.0
    28   1618406  47896     8.1267       140066.5
    5    1263676  342947    5.6027       137296.1
    8    1439897  392288    5.5400       132445.7
    21   1567603  178953    5.7054       90021.1
    15   1539367  34390     7.7082       86177.7
    top-10: 34.2% of mass, 97.3% of excess-loss
Epoch 7: loss=5.131483  (42.17 sec, 65 subtrees, 730 chunks, 34623339 nodes)
  residual top-10 (subtree_mass × max(avg_loss − 5.131, 0)):
    rc   rootID   mass      avg_loss     score 
    1    138709   8244278   6.2750       9427881.5
    46   3463254  2317775   5.2842       354033.4
    6    1317879  754528    5.5219       294581.9
    58   6141841  3228512   5.2153       270579.6
    25   1602731  57242     8.2375       177795.5
    5    1263676  342947    5.6350       172666.2
    28   1618406  47896     7.9898       136902.1
    8    1439897  392288    5.3998       105250.8
    21   1567603  178953    5.6248       88279.6
    15   1539367  34390     7.4590       80044.2
    top-10: 34.2% of mass, 97.7% of excess-loss
Epoch 8: loss=5.086379  (22.35 sec, 65 subtrees, 730 chunks, 34623339 nodes)
  residual top-10 (subtree_mass × max(avg_loss − 5.086, 0)):
    rc   rootID   mass      avg_loss     score 
    1    138709   8244278   6.2260       9395192.1
    46   3463254  2317775   5.2254       322128.4
    58   6141841  3228512   5.1810       305609.9
    6    1317879  754528    5.4442       269953.7
    25   1602731  57242     8.1886       177575.4
    28   1618406  47896     7.9267       136040.0
    8    1439897  392288    5.3377       98571.8
    21   1567603  178953    5.5769       87779.5
    15   1539367  34390     7.2772       75343.4
    5    1263676  342947    5.2887       69378.4
    top-10: 34.2% of mass, 97.9% of excess-loss
Epoch 9: loss=5.061701  (22.26 sec, 65 subtrees, 730 chunks, 34623339 nodes)
  residual top-10 (subtree_mass × max(avg_loss − 5.062, 0)):
    rc   rootID   mass      avg_loss     score 
    1    138709   8244278   6.1781       9204026.1
    58   6141841  3228512   5.1670       340090.0
    46   3463254  2317775   5.2030       327476.1
    6    1317879  754528    5.3797       239958.7
    25   1602731  57242     8.1421       176328.8
    28   1618406  47896     7.9021       136045.6
    21   1567603  178953    5.5473       86892.2
    8    1439897  392288    5.2703       81814.9
    15   1539367  34390     7.1978       73460.3
    17   1549239  26766     7.5952       67811.0
    top-10: 33.5% of mass, 98.1% of excess-loss
Epoch 10: loss=5.051302  (22.25 sec, 65 subtrees, 730 chunks, 34623339 nodes)
  residual top-10 (subtree_mass × max(avg_loss − 5.051, 0)):
    rc   rootID   mass      avg_loss     score 
    1    138709   8244278   6.1490       9049602.4
    58   6141841  3228512   5.1647       365990.0
    46   3463254  2317775   5.1949       332755.2
    6    1317879  754528    5.3559       229819.4
    25   1602731  57242     8.1286       176151.7
    28   1618406  47896     7.8989       136389.5
    21   1567603  178953    5.5459       88502.5
    8    1439897  392288    5.2479       77123.2
    15   1539367  34390     7.1783       73146.0
    17   1549239  26766     7.5732       67502.3
    top-10: 33.5% of mass, 98.1% of excess-loss
Saved to rnd/depth-weight/matrix-gutenberg/mass-linear_none_s3/run.model
Done.
  Appended optimizer state to rnd/depth-weight/matrix-gutenberg/mass-linear_none_s3/run.model (adam_t=650)
