AGPT CUDA Training Engine
  Model: d=64 heads=4 layers=2 ff=256 vocab=65 seq=128 head_dim=16
  Loaded 108481 weight floats (423.8 KB)
  No optimizer state in checkpoint; starting cold
Loading radix trie from /tmp/shake_baseline_d16_radix...
  Radix trie: 1607928 nodes, 9313896 total edge chars, 17 endpoint depths
  Radix loaded: 2697118 counts entries, 12276596 ancestor char entries
  d_split: 1062377/1607928 nodes have a mass=1 ancestor (mean depth 9.21)
  lr-schedule: warmup-cosine (peak=0.003, warmup_epochs=1)
  optimizer: rmsprop (lr=0.003)
  curriculum: flat (d=max each epoch)
  max edge_len: 16, max ancestor chars: 15, max KV per node: 31, max endpoint depth: 16
  mass=1 compaction: 8275783 / 9313896 chars are mass=1 (88.9%); cache holds 1038113 positions
  loop points: 18684 (mass>1 leaves; 3.4% of 545550 mass>1 nodes)
  KV cache: 531.5 MB unified memory (bf16 compact)
  GPU memory: 2851.3 MB used, 5335.5 MB free, 8186.8 MB total
  65 root-child subtrees: sizes min=1 max=246583 avg=24737.3 (total=1607927 radix nodes)
Epoch 1: loss=10.235559  (5.65 sec, 65 subtrees, 225 chunks, 9313896 nodes)
  residual top-10 (subtree_mass × max(avg_loss − 10.236, 0)):
    rc   rootID   mass      avg_loss     score 
    1    50944    1479765   14.8676      6854263.5
    0    1        297533    17.4081      2134058.3
    10   349444   84126     13.7823      298371.4
    6    309644   167551    11.8813      275752.4
    5    300532   44208     13.6725      151939.0
    8    341198   57485     11.4025      67080.2
    2    297527   13758     13.0542      38778.7
    11   364300   27722     10.9729      20441.0
    13   372685   55068     10.5242      15892.5
    12   369639   16107     11.0474      13075.7
    top-10: 26.1% of mass, 99.7% of excess-loss
Epoch 2: loss=8.417993  (5.53 sec, 65 subtrees, 225 chunks, 9313896 nodes)
  residual top-10 (subtree_mass × max(avg_loss − 8.418, 0)):
    rc   rootID   mass      avg_loss     score 
    1    50944    1479765   9.1887       1140436.0
    6    309644   167551    11.2589      475994.4
    10   349444   84126     13.2881      409704.5
    5    300532   44208     13.5321      226082.9
    0    1        297533    8.7887       110305.7
    8    341198   57485     10.1929      102029.6
    13   372685   55068     9.0206       33183.7
    11   364300   27722     9.6113       33081.0
    12   369639   16107     9.6234       19415.5
    7    338414   10559     9.8731       15364.8
    top-10: 26.1% of mass, 98.0% of excess-loss
Epoch 3: loss=7.958691  (5.54 sec, 65 subtrees, 225 chunks, 9313896 nodes)
  residual top-10 (subtree_mass × max(avg_loss − 7.959, 0)):
    rc   rootID   mass      avg_loss     score 
    1    50944    1479765   8.3332       554115.3
    10   349444   84126     10.3118      197959.7
    6    309644   167551    8.8286       145759.1
    5    300532   44208     10.1823      98301.0
    39   493671   419607    8.1645       86347.5
    0    1        297533    8.1894       68645.2
    8    341198   57485     8.5389       33353.8
    11   364300   27722     8.7749       22626.3
    13   372685   55068     8.3584       22011.3
    12   369639   16107     9.1506       19198.1
    top-10: 30.8% of mass, 97.0% of excess-loss
Epoch 4: loss=7.691288  (5.53 sec, 65 subtrees, 225 chunks, 9313896 nodes)
  residual top-10 (subtree_mass × max(avg_loss − 7.691, 0)):
    rc   rootID   mass      avg_loss     score 
    1    50944    1479765   7.9533       387737.4
    6    309644   167551    8.5955       151509.8
    5    300532   44208     9.8182       94024.9
    39   493671   419607    7.8913       83927.2
    10   349444   84126     8.4449       63394.7
    0    1        297533    7.7862       28229.5
    8    341198   57485     8.1319       25326.8
    13   372685   55068     7.9590       14742.3
    12   369639   16107     8.5488       13811.5
    15   387980   25230     7.9853       7417.4
    top-10: 30.8% of mass, 97.3% of excess-loss
Epoch 5: loss=7.525369  (5.55 sec, 65 subtrees, 225 chunks, 9313896 nodes)
  residual top-10 (subtree_mass × max(avg_loss − 7.525, 0)):
    rc   rootID   mass      avg_loss     score 
    1    50944    1479765   7.7402       317868.7
    6    309644   167551    8.2586       122858.2
    39   493671   419607    7.7009       73673.5
    5    300532   44208     9.0401       66961.9
    10   349444   84126     7.9945       39463.2
    0    1        297533    7.6216       28617.4
    8    341198   57485     7.9834       26327.1
    13   372685   55068     7.7153       10457.0
    46   840714   415269    7.5482       9499.1
    12   369639   16107     7.9433       6732.0
    top-10: 35.3% of mass, 97.2% of excess-loss
Epoch 6: loss=7.352100  (5.55 sec, 65 subtrees, 225 chunks, 9313896 nodes)
  residual top-10 (subtree_mass × max(avg_loss − 7.352, 0)):
    rc   rootID   mass      avg_loss     score 
    1    50944    1479765   7.5793       336236.8
    6    309644   167551    7.8899       90113.3
    39   493671   419607    7.4989       61609.6
    5    300532   44208     8.5443       52703.4
    0    1        297533    7.4577       31423.3
    46   840714   415269    7.3973       18764.2
    8    341198   57485     7.6384       16458.2
    10   349444   84126     7.4190       5630.1
    40   574911   82726     7.3927       3354.8
    13   372685   55068     7.3883       1992.6
    top-10: 36.1% of mass, 99.6% of excess-loss
Epoch 7: loss=7.241951  (5.56 sec, 65 subtrees, 225 chunks, 9313896 nodes)
  residual top-10 (subtree_mass × max(avg_loss − 7.242, 0)):
    rc   rootID   mass      avg_loss     score 
    1    50944    1479765   7.4501       308064.2
    6    309644   167551    7.6283       64729.1
    39   493671   419607    7.3558       47791.8
    5    300532   44208     7.8727       27882.5
    46   840714   415269    7.3072       27100.1
    0    1        297533    7.3078       19587.8
    8    341198   57485     7.4245       10494.8
    44   798168   118584    7.2760       4039.1
    40   574911   82726     7.2859       3638.9
    58   1402652  543420    7.2479       3216.3
    top-10: 42.2% of mass, 100.0% of excess-loss
Epoch 8: loss=7.184558  (5.55 sec, 65 subtrees, 225 chunks, 9313896 nodes)
  residual top-10 (subtree_mass × max(avg_loss − 7.185, 0)):
    rc   rootID   mass      avg_loss     score 
    1    50944    1479765   7.3708       275667.2
    6    309644   167551    7.4662       47197.0
    46   840714   415269    7.2689       35033.4
    39   493671   419607    7.2477       26493.1
    5    300532   44208     7.6168       19109.4
    58   1402652  543420    7.2179       18101.6
    0    1        297533    7.2143       8862.5
    8    341198   57485     7.2846       5748.5
    44   798168   118584    7.2305       5447.8
    40   574911   82726     7.2165       2639.0
    top-10: 42.2% of mass, 99.6% of excess-loss
Epoch 9: loss=7.149521  (5.55 sec, 65 subtrees, 225 chunks, 9313896 nodes)
  residual top-10 (subtree_mass × max(avg_loss − 7.150, 0)):
    rc   rootID   mass      avg_loss     score 
    1    50944    1479765   7.3414       283929.8
    46   840714   415269    7.2468       40405.1
    58   1402652  543420    7.2073       31390.0
    6    309644   167551    7.2609       18661.9
    39   493671   419607    7.1720       9442.9
    44   798168   118584    7.2047       6546.6
    43   660187   735168    7.1565       5163.5
    0    1        297533    7.1648       4546.9
    5    300532   44208     7.2184       3044.0
    40   574911   82726     7.1587       759.5 
    top-10: 50.1% of mass, 100.0% of excess-loss
Epoch 10: loss=7.137098  (5.56 sec, 65 subtrees, 225 chunks, 9313896 nodes)
  residual top-10 (subtree_mass × max(avg_loss − 7.137, 0)):
    rc   rootID   mass      avg_loss     score 
    1    50944    1479765   7.3338       291015.5
    58   1402652  543420    7.2136       41560.5
    46   840714   415269    7.2345       40441.6
    6    309644   167551    7.2161       13240.8
    44   798168   118584    7.1838       5532.9
    57   1329804  377747    7.1476       3978.9
    63   1577668  160299    7.1473       1634.3
    5    300532   44208     7.1535       724.1 
    0    1        297533    7.1310       0.0   
    2    297527   13758     6.9784       0.0   
    top-10: 42.1% of mass, 100.0% of excess-loss
Saved to rnd/depth-weight/matrix/depth-sqrt_events_s2/run.model
Done.
  Appended optimizer state to rnd/depth-weight/matrix/depth-sqrt_events_s2/run.model (adam_t=650)
