AGPT CUDA Training Engine
  Model: d=64 heads=4 layers=2 ff=256 vocab=65 seq=128 head_dim=16
  Loaded 108481 weight floats (423.8 KB)
  No optimizer state in checkpoint; starting cold
Loading radix trie from /tmp/shake_baseline_d16_radix...
  Radix trie: 1607928 nodes, 9313896 total edge chars, 17 endpoint depths
  Radix loaded: 2697118 counts entries, 12276596 ancestor char entries
  d_split: 1062377/1607928 nodes have a mass=1 ancestor (mean depth 9.21)
  lr-schedule: warmup-cosine (peak=0.003, warmup_epochs=1)
  optimizer: rmsprop (lr=0.003)
  mass weighting: log (head-of-edge count restores corpus-frequency exposure)
  curriculum: flat (d=max each epoch)
  max edge_len: 16, max ancestor chars: 15, max KV per node: 31, max endpoint depth: 16
  mass=1 compaction: 8275783 / 9313896 chars are mass=1 (88.9%); cache holds 1038113 positions
  loop points: 18684 (mass>1 leaves; 3.4% of 545550 mass>1 nodes)
  KV cache: 531.5 MB unified memory (bf16 compact)
  GPU memory: 2851.3 MB used, 5335.5 MB free, 8186.8 MB total
  65 root-child subtrees: sizes min=1 max=246583 avg=24737.3 (total=1607927 radix nodes)
Epoch 1: loss=2.074649  (5.77 sec, 65 subtrees, 225 chunks, 9313896 nodes)
  residual top-10 (subtree_mass × max(avg_loss − 2.075, 0)):
    rc   rootID   mass      avg_loss     score 
    43   660187   735168    2.4286       260213.4
    1    50944    1479765   2.1448       103792.9
    40   574911   82726     2.8245       62034.8
    44   798168   118584    2.5252       53433.4
    0    1        297533    2.2304       46347.9
    42   614321   234101    2.2284       35990.7
    59   1500853  192300    2.2322       30304.8
    41   591555   114034    2.3254       28599.1
    8    341198   57485     2.5153       25329.6
    12   369639   16107     2.4437       5944.7
    top-10: 38.7% of mass, 97.4% of excess-loss
Epoch 2: loss=1.898754  (5.51 sec, 65 subtrees, 225 chunks, 9313896 nodes)
  residual top-10 (subtree_mass × max(avg_loss − 1.899, 0)):
    rc   rootID   mass      avg_loss     score 
    6    309644   167551    2.3274       71818.5
    1    50944    1479765   1.9429       65309.1
    8    341198   57485     2.6512       43255.9
    0    1        297533    2.0374       41266.1
    59   1500853  192300    2.0590       30811.5
    5    300532   44208     2.4166       22895.1
    58   1402652  543420    1.9354       19918.3
    10   349444   84126     2.1077       17575.2
    44   798168   118584    2.0353       16188.9
    2    297527   13758     2.9327       14225.1
    top-10: 34.9% of mass, 85.2% of excess-loss
Epoch 3: loss=1.806852  (5.52 sec, 65 subtrees, 225 chunks, 9313896 nodes)
  residual top-10 (subtree_mass × max(avg_loss − 1.807, 0)):
    rc   rootID   mass      avg_loss     score 
    1    50944    1479765   1.8587       76778.0
    0    1        297533    1.9475       41843.8
    59   1500853  192300    2.0129       39629.5
    6    309644   167551    2.0078       33668.2
    8    341198   57485     2.2674       26472.5
    58   1402652  543420    1.8435       19918.3
    5    300532   44208     2.0571       11064.9
    10   349444   84126     1.9168       9251.8
    2    297527   13758     2.4056       8238.1
    13   372685   55068     1.9014       5205.8
    top-10: 34.1% of mass, 86.6% of excess-loss
Epoch 4: loss=1.760025  (5.52 sec, 65 subtrees, 225 chunks, 9313896 nodes)
  residual top-10 (subtree_mass × max(avg_loss − 1.760, 0)):
    rc   rootID   mass      avg_loss     score 
    1    50944    1479765   1.8042       65307.3
    0    1        297533    1.9034       42662.5
    8    341198   57485     2.0959       19309.0
    54   1241689  76537     1.9946       17952.4
    6    309644   167551    1.8628       17219.2
    59   1500853  192300    1.8261       12715.8
    58   1402652  543420    1.7814       11607.5
    56   1258453  358000    1.7769       6027.5
    5    300532   44208     1.8718       4942.6
    2    297527   13758     2.0786       4383.6
    top-10: 37.6% of mass, 85.5% of excess-loss
Epoch 5: loss=1.705486  (5.53 sec, 65 subtrees, 225 chunks, 9313896 nodes)
  residual top-10 (subtree_mass × max(avg_loss − 1.705, 0)):
    rc   rootID   mass      avg_loss     score 
    1    50944    1479765   1.7553       73786.4
    0    1        297533    1.8481       42428.3
    8    341198   57485     2.0006       16962.6
    6    309644   167551    1.7918       14466.8
    59   1500853  192300    1.7670       11822.4
    10   349444   84126     1.7576       4388.1
    58   1402652  543420    1.7128       3978.8
    5    300532   44208     1.7823       3395.2
    13   372685   55068     1.7646       3254.6
    12   369639   16107     1.9042       3199.9
    top-10: 34.2% of mass, 82.9% of excess-loss
Epoch 6: loss=1.670404  (5.53 sec, 65 subtrees, 225 chunks, 9313896 nodes)
  residual top-10 (subtree_mass × max(avg_loss − 1.670, 0)):
    rc   rootID   mass      avg_loss     score 
    1    50944    1479765   1.7136       63958.4
    0    1        297533    1.8009       38826.1
    8    341198   57485     1.9377       15363.1
    59   1500853  192300    1.7428       13917.3
    6    309644   167551    1.7419       11981.8
    10   349444   84126     1.7163       3859.1
    13   372685   55068     1.7287       3208.5
    12   369639   16107     1.8514       2915.0
    15   387980   25230     1.7711       2540.1
    5    300532   44208     1.7232       2332.2
    top-10: 28.1% of mass, 83.5% of excess-loss
Epoch 7: loss=1.640533  (5.54 sec, 65 subtrees, 225 chunks, 9313896 nodes)
  residual top-10 (subtree_mass × max(avg_loss − 1.641, 0)):
    rc   rootID   mass      avg_loss     score 
    1    50944    1479765   1.6864       67912.4
    0    1        297533    1.7716       39005.5
    8    341198   57485     1.8905       14367.8
    6    309644   167551    1.6969       9448.2
    10   349444   84126     1.6839       3650.6
    13   372685   55068     1.7018       3374.6
    12   369639   16107     1.8136       2787.7
    15   387980   25230     1.7421       2563.3
    21   413181   87608     1.6669       2314.1
    17   395702   37639     1.6972       2131.6
    top-10: 26.8% of mass, 82.8% of excess-loss
Epoch 8: loss=1.622846  (5.54 sec, 65 subtrees, 225 chunks, 9313896 nodes)
  residual top-10 (subtree_mass × max(avg_loss − 1.623, 0)):
    rc   rootID   mass      avg_loss     score 
    1    50944    1479765   1.6631       59518.7
    0    1        297533    1.7453       36427.0
    8    341198   57485     1.8653       13938.3
    6    309644   167551    1.6679       7557.1
    10   349444   84126     1.6635       3416.7
    13   372685   55068     1.6837       3348.3
    12   369639   16107     1.7895       2683.7
    15   387980   25230     1.7258       2598.0
    21   413181   87608     1.6518       2536.9
    27   447521   35333     1.6852       2203.8
    top-10: 26.8% of mass, 80.9% of excess-loss
Epoch 9: loss=1.614973  (5.54 sec, 65 subtrees, 225 chunks, 9313896 nodes)
  residual top-10 (subtree_mass × max(avg_loss − 1.615, 0)):
    rc   rootID   mass      avg_loss     score 
    1    50944    1479765   1.6512       53584.1
    0    1        297533    1.7316       34707.0
    8    341198   57485     1.8470       13335.3
    6    309644   167551    1.6493       5758.6
    13   372685   55068     1.6745       3276.7
    10   349444   84126     1.6505       2989.3
    15   387980   25230     1.7176       2589.2
    12   369639   16107     1.7738       2557.8
    21   413181   87608     1.6436       2505.9
    27   447521   35333     1.6806       2317.3
    top-10: 26.8% of mass, 79.3% of excess-loss
Epoch 10: loss=1.612672  (5.54 sec, 65 subtrees, 225 chunks, 9313896 nodes)
  residual top-10 (subtree_mass × max(avg_loss − 1.613, 0)):
    rc   rootID   mass      avg_loss     score 
    1    50944    1479765   1.6471       50893.8
    0    1        297533    1.7254       33550.5
    8    341198   57485     1.8374       12919.0
    6    309644   167551    1.6430       5086.6
    13   372685   55068     1.6696       3136.6
    10   349444   84126     1.6456       2770.6
    15   387980   25230     1.7154       2590.7
    21   413181   87608     1.6420       2571.1
    12   369639   16107     1.7695       2526.0
    27   447521   35333     1.6821       2452.6
    top-10: 26.8% of mass, 78.3% of excess-loss
Saved to rnd/depth-weight/matrix/mass-log_none_s1/run.model
Done.
  Appended optimizer state to rnd/depth-weight/matrix/mass-log_none_s1/run.model (adam_t=650)
