AGPT CUDA Training Engine
  Model: d=64 heads=4 layers=2 ff=256 vocab=65 seq=128 head_dim=16
  Loaded 108481 weight floats (423.8 KB)
  No optimizer state in checkpoint; starting cold
Loading radix trie from /tmp/gutenberg_5m_baseline_d16_radix...
  Radix trie: 7073694 nodes, 34623339 total edge chars, 17 endpoint depths
  Radix loaded: 11884367 counts entries, 63118178 ancestor char entries
  d_split: 4570307/7073694 nodes have a mass=1 ancestor (mean depth 10.48)
  lr-schedule: warmup-cosine (peak=0.003, warmup_epochs=1)
  optimizer: rmsprop (lr=0.003)
  curriculum: flat (d=max each epoch)
  max edge_len: 15, max ancestor chars: 15, max KV per node: 30, max endpoint depth: 16
  mass=1 compaction: 29783005 / 34623339 chars are mass=1 (86.0%); cache holds 4840334 positions
  loop points: 160826 (mass>1 leaves; 6.4% of 2503386 mass>1 nodes)
  KV cache: 2478.3 MB unified memory (bf16 compact)
  GPU memory: 3105.0 MB used, 5081.8 MB free, 8186.8 MB total
  65 root-child subtrees: sizes min=3 max=1116592 avg=108826.0 (total=7073693 radix nodes)
Epoch 1: loss=0.055622  (22.55 sec, 65 subtrees, 730 chunks, 34623339 nodes)
  residual top-10 (subtree_mass × max(avg_loss − 0.056, 0)):
    rc   rootID   mass      avg_loss     score 
    1    138709   8244278   0.0820       217422.2
    0    1        824077    0.0945       32043.9
    6    1317879  754528    0.0678       9193.8
    5    1263676  342947    0.0722       5698.2
    8    1439897  392288    0.0616       2347.7
    2    1255301  46307     0.0718       747.4 
    7    1422321  79638     0.0601       359.4 
    15   1539367  34390     0.0651       327.0 
    13   1520469  67330     0.0604       318.9 
    21   1567603  178953    0.0573       302.9 
    top-10: 24.1% of mass, 99.6% of excess-loss
Epoch 2: loss=0.045954  (22.38 sec, 65 subtrees, 730 chunks, 34623339 nodes)
  residual top-10 (subtree_mass × max(avg_loss − 0.046, 0)):
    rc   rootID   mass      avg_loss     score 
    1    138709   8244278   0.0491       25892.1
    6    1317879  754528    0.0609       11241.8
    5    1263676  342947    0.0679       7521.4
    39   1660971  2741100   0.0481       5945.9
    8    1439897  392288    0.0532       2853.4
    0    1        824077    0.0471       947.1 
    7    1422321  79638     0.0526       531.6 
    13   1520469  67330     0.0517       384.2 
    25   1602731  57242     0.0525       376.8 
    11   1500886  77582     0.0505       353.9 
    top-10: 29.8% of mass, 95.7% of excess-loss
Epoch 3: loss=0.043372  (22.47 sec, 65 subtrees, 730 chunks, 34623339 nodes)
  residual top-10 (subtree_mass × max(avg_loss − 0.043, 0)):
    rc   rootID   mass      avg_loss     score 
    1    138709   8244278   0.0454       17050.1
    6    1317879  754528    0.0501       5087.4
    5    1263676  342947    0.0558       4277.2
    39   1660971  2741100   0.0448       3844.6
    8    1439897  392288    0.0473       1525.6
    0    1        824077    0.0441       570.9 
    25   1602731  57242     0.0490       324.4 
    21   1567603  178953    0.0450       296.1 
    46   3463254  2317775   0.0435       243.0 
    13   1520469  67330     0.0464       205.2 
    top-10: 34.9% of mass, 95.1% of excess-loss
Epoch 4: loss=0.042150  (22.46 sec, 65 subtrees, 730 chunks, 34623339 nodes)
  residual top-10 (subtree_mass × max(avg_loss − 0.042, 0)):
    rc   rootID   mass      avg_loss     score 
    1    138709   8244278   0.0437       12437.8
    6    1317879  754528    0.0493       5408.0
    39   1660971  2741100   0.0438       4451.9
    5    1263676  342947    0.0525       3557.3
    8    1439897  392288    0.0459       1474.8
    46   3463254  2317775   0.0423       415.5 
    25   1602731  57242     0.0474       298.1 
    15   1539367  34390     0.0473       176.6 
    21   1567603  178953    0.0431       175.7 
    13   1520469  67330     0.0447       174.4 
    top-10: 33.2% of mass, 95.4% of excess-loss
Epoch 5: loss=0.041310  (22.52 sec, 65 subtrees, 730 chunks, 34623339 nodes)
  residual top-10 (subtree_mass × max(avg_loss − 0.041, 0)):
    rc   rootID   mass      avg_loss     score 
    1    138709   8244278   0.0429       12769.2
    6    1317879  754528    0.0473       4530.3
    39   1660971  2741100   0.0427       3785.9
    5    1263676  342947    0.0513       3440.2
    8    1439897  392288    0.0447       1341.9
    58   6141841  3228512   0.0414       426.5 
    25   1602731  57242     0.0466       302.4 
    0    1        824077    0.0415       190.8 
    21   1567603  178953    0.0422       165.0 
    15   1539367  34390     0.0458       154.2 
    top-10: 36.8% of mass, 95.5% of excess-loss
Epoch 6: loss=0.040312  (22.25 sec, 65 subtrees, 730 chunks, 34623339 nodes)
  residual top-10 (subtree_mass × max(avg_loss − 0.040, 0)):
    rc   rootID   mass      avg_loss     score 
    1    138709   8244278   0.0419       13481.9
    6    1317879  754528    0.0451       3615.7
    39   1660971  2741100   0.0412       2503.9
    5    1263676  342947    0.0475       2454.7
    8    1439897  392288    0.0436       1274.4
    46   3463254  2317775   0.0405       467.0 
    25   1602731  57242     0.0454       292.9 
    15   1539367  34390     0.0446       148.6 
    28   1618406  47896     0.0432       136.2 
    32   1636047  78207     0.0420       131.6 
    top-10: 32.9% of mass, 96.3% of excess-loss
Epoch 7: loss=0.039647  (21.71 sec, 65 subtrees, 730 chunks, 34623339 nodes)
  residual top-10 (subtree_mass × max(avg_loss − 0.040, 0)):
    rc   rootID   mass      avg_loss     score 
    1    138709   8244278   0.0412       13192.4
    6    1317879  754528    0.0434       2830.6
    5    1263676  342947    0.0454       1968.9
    39   1660971  2741100   0.0402       1540.8
    8    1439897  392288    0.0419       877.4 
    46   3463254  2317775   0.0399       679.3 
    25   1602731  57242     0.0446       284.0 
    15   1539367  34390     0.0436       135.8 
    28   1618406  47896     0.0423       128.1 
    32   1636047  78207     0.0412       124.8 
    top-10: 32.9% of mass, 96.8% of excess-loss
Epoch 8: loss=0.039262  (21.72 sec, 65 subtrees, 730 chunks, 34623339 nodes)
  residual top-10 (subtree_mass × max(avg_loss − 0.039, 0)):
    rc   rootID   mass      avg_loss     score 
    1    138709   8244278   0.0407       12199.8
    6    1317879  754528    0.0419       2004.4
    5    1263676  342947    0.0422       1012.3
    46   3463254  2317775   0.0397       921.4 
    8    1439897  392288    0.0411       717.9 
    58   6141841  3228512   0.0394       587.3 
    39   1660971  2741100   0.0395       586.8 
    25   1602731  57242     0.0442       280.3 
    15   1539367  34390     0.0429       126.7 
    28   1618406  47896     0.0419       126.1 
    top-10: 39.8% of mass, 96.2% of excess-loss
Epoch 9: loss=0.039060  (21.71 sec, 65 subtrees, 730 chunks, 34623339 nodes)
  residual top-10 (subtree_mass × max(avg_loss − 0.039, 0)):
    rc   rootID   mass      avg_loss     score 
    1    138709   8244278   0.0405       12281.9
    6    1317879  754528    0.0409       1415.3
    46   3463254  2317775   0.0395       1061.9
    58   6141841  3228512   0.0394       978.1 
    8    1439897  392288    0.0404       544.1 
    5    1263676  342947    0.0406       518.1 
    25   1602731  57242     0.0439       275.5 
    28   1618406  47896     0.0416       121.1 
    32   1636047  78207     0.0406       120.6 
    15   1539367  34390     0.0425       118.2 
    top-10: 34.0% of mass, 97.2% of excess-loss
Epoch 10: loss=0.038996  (21.71 sec, 65 subtrees, 730 chunks, 34623339 nodes)
  residual top-10 (subtree_mass × max(avg_loss − 0.039, 0)):
    rc   rootID   mass      avg_loss     score 
    1    138709   8244278   0.0405       12326.4
    58   6141841  3228512   0.0394       1221.6
    6    1317879  754528    0.0406       1212.3
    46   3463254  2317775   0.0395       1073.6
    8    1439897  392288    0.0403       503.6 
    5    1263676  342947    0.0400       359.7 
    25   1602731  57242     0.0438       275.2 
    32   1636047  78207     0.0405       119.6 
    28   1618406  47896     0.0415       119.4 
    15   1539367  34390     0.0422       111.0 
    top-10: 34.0% of mass, 97.3% of excess-loss
Saved to rnd/depth-weight/matrix-gutenberg/branching-linear_events_s2/run.model
Done.
  Appended optimizer state to rnd/depth-weight/matrix-gutenberg/branching-linear_events_s2/run.model (adam_t=650)
