v1_train: using radix at /tmp/agpt_input_prefix95_d16_radix
v1_train: invoking: bin/agpt_train --model data/input.model --trie-dir /tmp/agpt_input_prefix95_d16_radix --save rnd/v1-vs-v2-comparison/20260526T182115-v1-25se/checkpoint.model --epochs 25 --optimizer rmsprop --lr 0.003 --rmsprop-beta 0.999 --momentum-beta 0.9 --lr-schedule warmup-cosine --warmup-epochs 0 --partition-depth 1 --chunk-queries 50000 --no-accumulate --quiet
INFO: --anc-grad: per-subtree descendant→ancestor gradient flow enabled (Wk/Wv get full gradient instead of own-edge-only)
AGPT CUDA Training Engine
  Model: d=64 heads=4 layers=2 ff=256 vocab=65 seq=128(header) head_dim=16
  Loaded 108481 weight floats (423.8 KB)
  No optimizer state in checkpoint; starting cold
Loading radix trie from /tmp/agpt_input_prefix95_d16_radix...
  Radix trie: 1527327 nodes, 8880115 total edge chars, 17 endpoint depths
  Radix loaded: 2561785 counts entries, 11613047 ancestor char entries
  d_split: 1009224/1527327 nodes have a mass=1 ancestor (mean depth 9.18)
  seq_len reconcile: model header says 128, trie max_depth=16 virtual_cycles=1 -> effective 16. Overriding.
  lr-schedule: warmup-cosine (peak=0.003, warmup_epochs=0)
  optimizer: rmsprop (lr=0.003)
  curriculum: flat (d=max each epoch)
  max edge_len: 16, max ancestor chars: 15, max KV per node: 31, max endpoint depth: 16
  mass=1 compaction: 7892573 / 8880115 chars are mass=1 (88.9%); cache holds 987542 positions
  loop points: 17619 (mass>1 leaves; 3.4% of 518102 mass>1 nodes)
  KV cache: 505.6 MB unified memory (bf16 compact)
  GPU memory: 2840.8 MB used, 5346.0 MB free, 8186.8 MB total
  65 root-child subtrees: sizes min=1 max=234814 avg=23497.3 (total=1527326 radix nodes)
  anc-grad: max_n_subtree_compact_chars=150855, 2 layers x 3 buffers x 38.62 MB + 3.95 MB lookup = 238.08 MB total
Epoch 1: loss=3.114993  (5.85 sec, 65 subtrees, 216 chunks, 8880115 nodes)
  residual top-10 (subtree_mass × max(avg_loss − 3.115, 0)):
    rc   rootID   mass      avg_loss     score 
    1    47811    1403486   5.0548       2722520.7
    0    1        278712    4.2584       318680.8
    10   331741   78465     5.2916       170789.5
    6    294043   158718    3.7237       96610.9
    5    285388   41772     4.5240       58856.4
    2    282625   12620     6.8414       47027.4
    8    324057   53537     3.3572       12967.8
    7    321434   9890      3.5962       4758.9
    11   345687   26242     3.2485       3502.9
    12   350763   15127     3.2135       1489.9
    top-10: 25.5% of mass, 100.0% of excess-loss
Epoch 2: loss=2.485755  (5.67 sec, 65 subtrees, 216 chunks, 8880115 nodes)
  residual top-10 (subtree_mass × max(avg_loss − 2.486, 0)):
    rc   rootID   mass      avg_loss     score 
    1    47811    1403486   2.5616       106472.3
    39   467002   396545    2.5957       43599.4
    6    294043   158718    2.7524       42325.6
    10   331741   78465     2.9393       35589.7
    5    285388   41772     3.2974       33905.9
    8    324057   53537     2.6773       10255.1
    0    1        278712    2.5144       7971.9
    13   353625   50483     2.5870       5110.5
    12   350763   15127     2.7814       4471.7
    40   544108   78306     2.5303       3491.7
    top-10: 31.4% of mass, 95.3% of excess-loss
Epoch 3: loss=2.405609  (5.71 sec, 65 subtrees, 216 chunks, 8880115 nodes)
  residual top-10 (subtree_mass × max(avg_loss − 2.406, 0)):
    rc   rootID   mass      avg_loss     score 
    6    294043   158718    2.6484       38532.4
    39   467002   396545    2.4932       34728.2
    5    285388   41772     3.1287       30202.9
    10   331741   78465     2.6549       19561.5
    8    324057   53537     2.5498       7720.0
    13   353625   50483     2.4977       4651.3
    11   345687   26242     2.5621       4107.2
    40   544108   78306     2.4485       3357.0
    12   350763   15127     2.6221       3274.2
    42   581652   222076    2.4162       2348.0
    top-10: 13.8% of mass, 94.8% of excess-loss
Epoch 4: loss=2.353111  (5.69 sec, 65 subtrees, 216 chunks, 8880115 nodes)
  residual top-10 (subtree_mass × max(avg_loss − 2.353, 0)):
    rc   rootID   mass      avg_loss     score 
    1    47811    1403486   2.3959       60058.2
    6    294043   158718    2.5492       31115.6
    39   467002   396545    2.4166       25194.7
    5    285388   41772     2.9128       23380.4
    10   331741   78465     2.6200       20942.2
    8    324057   53537     2.4431       4816.7
    0    1        278712    2.3682       4196.2
    12   350763   15127     2.5342       2739.8
    13   353625   50483     2.4022       2476.9
    40   544108   78306     2.3799       2094.5
    top-10: 31.4% of mass, 96.6% of excess-loss
Epoch 5: loss=2.311760  (5.70 sec, 65 subtrees, 216 chunks, 8880115 nodes)
  residual top-10 (subtree_mass × max(avg_loss − 2.312, 0)):
    rc   rootID   mass      avg_loss     score 
    39   467002   396545    2.3853       29159.3
    6    294043   158718    2.4864       27718.6
    5    285388   41772     2.7944       20161.8
    10   331741   78465     2.4337       9570.2
    1    47811    1403486   2.3173       7795.8
    8    324057   53537     2.3799       3647.6
    40   544108   78306     2.3480       2841.6
    12   350763   15127     2.4901       2697.2
    42   581652   222076    2.3230       2492.9
    44   756697   112749    2.3290       1939.7
    top-10: 31.5% of mass, 94.3% of excess-loss
Epoch 6: loss=2.281960  (5.74 sec, 65 subtrees, 216 chunks, 8880115 nodes)
  residual top-10 (subtree_mass × max(avg_loss − 2.282, 0)):
    rc   rootID   mass      avg_loss     score 
    39   467002   396545    2.3376       22048.2
    5    285388   41772     2.7766       20662.2
    6    294043   158718    2.4043       19420.7
    1    47811    1403486   2.2870       7064.7
    10   331741   78465     2.3590       6041.8
    8    324057   53537     2.3428       3254.7
    42   581652   222076    2.2965       3233.9
    12   350763   15127     2.4568       2644.6
    44   756697   112749    2.3021       2273.5
    40   544108   78306     2.3062       1894.5
    top-10: 31.5% of mass, 93.6% of excess-loss
Epoch 7: loss=2.268373  (5.62 sec, 65 subtrees, 216 chunks, 8880115 nodes)
  residual top-10 (subtree_mass × max(avg_loss − 2.268, 0)):
    rc   rootID   mass      avg_loss     score 
    39   467002   396545    2.3281       23703.5
    6    294043   158718    2.3989       20720.2
    5    285388   41772     2.6385       15461.7
    10   331741   78465     2.3794       8712.8
    42   581652   222076    2.2820       3025.6
    13   353625   50483     2.3250       2856.7
    8    324057   53537     2.3185       2683.4
    40   544108   78306     2.2980       2323.0
    44   756697   112749    2.2869       2091.0
    12   350763   15127     2.4059       2079.9
    top-10: 14.8% of mass, 95.2% of excess-loss
Epoch 8: loss=2.242099  (5.50 sec, 65 subtrees, 216 chunks, 8880115 nodes)
  residual top-10 (subtree_mass × max(avg_loss − 2.242, 0)):
    rc   rootID   mass      avg_loss     score 
    39   467002   396545    2.3004       23137.7
    6    294043   158718    2.3642       19378.0
    5    285388   41772     2.6205       15806.4
    10   331741   78465     2.3425       7877.0
    1    47811    1403486   2.2466       6384.1
    12   350763   15127     2.4212       2708.8
    8    324057   53537     2.2918       2658.3
    42   581652   222076    2.2525       2301.2
    40   544108   78306     2.2713       2284.3
    13   353625   50483     2.2836       2092.7
    top-10: 30.7% of mass, 94.3% of excess-loss
Epoch 9: loss=2.217632  (5.51 sec, 65 subtrees, 216 chunks, 8880115 nodes)
  residual top-10 (subtree_mass × max(avg_loss − 2.218, 0)):
    rc   rootID   mass      avg_loss     score 
    1    47811    1403486   2.2445       37717.2
    39   467002   396545    2.2634       18164.2
    6    294043   158718    2.3124       15034.4
    5    285388   41772     2.5229       12752.4
    8    324057   53537     2.2559       2049.7
    42   581652   222076    2.2260       1859.2
    10   331741   78465     2.2408       1821.3
    40   544108   78306     2.2386       1638.0
    44   756697   112749    2.2322       1637.9
    12   350763   15127     2.2893       1083.6
    top-10: 31.5% of mass, 96.9% of excess-loss
Epoch 10: loss=2.192627  (5.53 sec, 65 subtrees, 216 chunks, 8880115 nodes)
  residual top-10 (subtree_mass × max(avg_loss − 2.193, 0)):
    rc   rootID   mass      avg_loss     score 
    39   467002   396545    2.2402       18878.1
    1    47811    1403486   2.2035       15222.2
    6    294043   158718    2.2860       14826.1
    5    285388   41772     2.5098       13248.6
    42   581652   222076    2.2052       2784.5
    46   797237   393166    2.1987       2376.7
    44   756697   112749    2.2108       2052.3
    40   544108   78306     2.2143       1694.0
    8    324057   53537     2.2185       1385.2
    47   868543   324932    2.1969       1373.1
    top-10: 39.2% of mass, 96.6% of excess-loss
Epoch 11: loss=2.172601  (5.49 sec, 65 subtrees, 216 chunks, 8880115 nodes)
  residual top-10 (subtree_mass × max(avg_loss − 2.173, 0)):
    rc   rootID   mass      avg_loss     score 
    39   467002   396545    2.2214       19366.2
    1    47811    1403486   2.1855       18092.0
    6    294043   158718    2.2660       14827.8
    5    285388   41772     2.4441       11339.0
    46   797237   393166    2.1791       2550.2
    42   581652   222076    2.1834       2400.0
    44   756697   112749    2.1893       1879.9
    40   544108   78306     2.1937       1653.2
    8    324057   53537     2.1945       1173.9
    7    321434   9890      2.2780       1042.7
    top-10: 35.3% of mass, 96.1% of excess-loss
Epoch 12: loss=2.151598  (5.49 sec, 65 subtrees, 216 chunks, 8880115 nodes)
  residual top-10 (subtree_mass × max(avg_loss − 2.152, 0)):
    rc   rootID   mass      avg_loss     score 
    39   467002   396545    2.2000       19203.9
    1    47811    1403486   2.1642       17752.3
    6    294043   158718    2.2216       11107.0
    5    285388   41772     2.3884       9890.2
    46   797237   393166    2.1594       3068.4
    42   581652   222076    2.1630       2535.6
    44   756697   112749    2.1694       2006.7
    40   544108   78306     2.1740       1754.7
    47   868543   324932    2.1558       1364.0
    7    321434   9890      2.2348       823.2 
    top-10: 38.6% of mass, 98.5% of excess-loss
Epoch 13: loss=2.142971  (5.49 sec, 65 subtrees, 216 chunks, 8880115 nodes)
  residual top-10 (subtree_mass × max(avg_loss − 2.143, 0)):
    rc   rootID   mass      avg_loss     score 
    39   467002   396545    2.1885       18034.6
    6    294043   158718    2.2279       13482.0
    5    285388   41772     2.3932       10454.2
    1    47811    1403486   2.1468       5408.8
    46   797237   393166    2.1506       2997.0
    42   581652   222076    2.1565       2993.5
    44   756697   112749    2.1621       2159.7
    40   544108   78306     2.1646       1694.9
    47   868543   324932    2.1468       1250.4
    8    324057   53537     2.1637       1110.8
    top-10: 39.2% of mass, 96.0% of excess-loss
Epoch 14: loss=2.128304  (5.48 sec, 65 subtrees, 216 chunks, 8880115 nodes)
  residual top-10 (subtree_mass × max(avg_loss − 2.128, 0)):
    rc   rootID   mass      avg_loss     score 
    39   467002   396545    2.1702       16621.7
    1    47811    1403486   2.1387       14615.3
    6    294043   158718    2.1933       10315.4
    5    285388   41772     2.3379       8756.0
    46   797237   393166    2.1367       3286.6
    42   581652   222076    2.1404       2690.5
    44   756697   112749    2.1451       1895.3
    40   544108   78306     2.1482       1560.7
    47   868543   324932    2.1320       1187.8
    7    321434   9890      2.2021       729.5 
    top-10: 38.6% of mass, 98.6% of excess-loss
Epoch 15: loss=2.115498  (5.49 sec, 65 subtrees, 216 chunks, 8880115 nodes)
  residual top-10 (subtree_mass × max(avg_loss − 2.115, 0)):
    rc   rootID   mass      avg_loss     score 
    1    47811    1403486   2.1271       16338.3
    39   467002   396545    2.1520       14482.4
    6    294043   158718    2.1654       7926.3
    5    285388   41772     2.2719       6532.2
    46   797237   393166    2.1254       3903.1
    42   581652   222076    2.1276       2686.7
    44   756697   112749    2.1344       2131.9
    47   868543   324932    2.1201       1504.5
    40   544108   78306     2.1335       1408.5
    7    321434   9890      2.1752       590.3 
    top-10: 38.6% of mass, 99.4% of excess-loss
Epoch 16: loss=2.105070  (5.49 sec, 65 subtrees, 216 chunks, 8880115 nodes)
  residual top-10 (subtree_mass × max(avg_loss − 2.105, 0)):
    rc   rootID   mass      avg_loss     score 
    1    47811    1403486   2.1163       15718.8
    39   467002   396545    2.1414       14399.5
    6    294043   158718    2.1497       7088.4
    5    285388   41772     2.2371       5515.6
    46   797237   393166    2.1160       4311.5
    42   581652   222076    2.1174       2736.8
    44   756697   112749    2.1248       2229.2
    47   868543   324932    2.1104       1736.1
    40   544108   78306     2.1241       1493.8
    7    321434   9890      2.1606       548.8 
    top-10: 38.6% of mass, 97.7% of excess-loss
Epoch 17: loss=2.098033  (5.52 sec, 65 subtrees, 216 chunks, 8880115 nodes)
  residual top-10 (subtree_mass × max(avg_loss − 2.098, 0)):
    rc   rootID   mass      avg_loss     score 
    39   467002   396545    2.1318       13372.7
    1    47811    1403486   2.1065       11946.5
    6    294043   158718    2.1408       6789.0
    5    285388   41772     2.2214       5153.1
    46   797237   393166    2.1091       4353.7
    42   581652   222076    2.1128       3279.3
    44   756697   112749    2.1195       2415.4
    47   868543   324932    2.1046       2118.2
    40   544108   78306     2.1176       1528.9
    58   1332020  514532    2.1007       1349.6
    top-10: 44.8% of mass, 96.0% of excess-loss
Epoch 18: loss=2.090948  (5.52 sec, 65 subtrees, 216 chunks, 8880115 nodes)
  residual top-10 (subtree_mass × max(avg_loss − 2.091, 0)):
    rc   rootID   mass      avg_loss     score 
    1    47811    1403486   2.1004       13327.1
    39   467002   396545    2.1203       11634.1
    6    294043   158718    2.1279       5863.9
    46   797237   393166    2.1034       4892.8
    5    285388   41772     2.1918       4212.7
    42   581652   222076    2.1050       3124.1
    44   756697   112749    2.1119       2362.9
    47   868543   324932    2.0981       2332.4
    58   1332020  514532    2.0952       2183.7
    40   544108   78306     2.1093       1439.3
    top-10: 44.8% of mass, 95.3% of excess-loss
Epoch 19: loss=2.085159  (5.53 sec, 65 subtrees, 216 chunks, 8880115 nodes)
  residual top-10 (subtree_mass × max(avg_loss − 2.085, 0)):
    rc   rootID   mass      avg_loss     score 
    1    47811    1403486   2.0946       13271.9
    39   467002   396545    2.1124       10798.4
    46   797237   393166    2.0987       5333.6
    6    294043   158718    2.1108       4076.0
    42   581652   222076    2.1001       3316.6
    5    285388   41772     2.1607       3156.9
    58   1332020  514532    2.0909       2964.1
    47   868543   324932    2.0934       2670.7
    44   756697   112749    2.1073       2496.9
    52   1019499  347819    2.0895       1502.4
    top-10: 48.1% of mass, 93.3% of excess-loss
Epoch 20: loss=2.080585  (5.65 sec, 65 subtrees, 216 chunks, 8880115 nodes)
  residual top-10 (subtree_mass × max(avg_loss − 2.081, 0)):
    rc   rootID   mass      avg_loss     score 
    1    47811    1403486   2.0905       13901.3
    39   467002   396545    2.1044       9448.8
    46   797237   393166    2.0950       5680.1
    58   1332020  514532    2.0878       3713.0
    42   581652   222076    2.0950       3210.8
    6    294043   158718    2.1004       3151.7
    47   868543   324932    2.0893       2846.8
    5    285388   41772     2.1424       2584.1
    44   756697   112749    2.1031       2535.4
    52   1019499  347819    2.0858       1830.9
    top-10: 48.1% of mass, 92.2% of excess-loss
Epoch 21: loss=2.077480  (5.55 sec, 65 subtrees, 216 chunks, 8880115 nodes)
  residual top-10 (subtree_mass × max(avg_loss − 2.077, 0)):
    rc   rootID   mass      avg_loss     score 
    1    47811    1403486   2.0872       13668.1
    39   467002   396545    2.0975       7953.0
    46   797237   393166    2.0925       5897.2
    58   1332020  514532    2.0861       4411.0
    42   581652   222076    2.0919       3197.1
    47   868543   324932    2.0869       3062.6
    44   756697   112749    2.1004       2579.3
    6    294043   158718    2.0932       2503.0
    5    285388   41772     2.1322       2284.5
    52   1019499  347819    2.0837       2152.9
    top-10: 48.1% of mass, 90.0% of excess-loss
Epoch 22: loss=2.075321  (5.54 sec, 65 subtrees, 216 chunks, 8880115 nodes)
  residual top-10 (subtree_mass × max(avg_loss − 2.075, 0)):
    rc   rootID   mass      avg_loss     score 
    1    47811    1403486   2.0855       14253.1
    39   467002   396545    2.0920       6633.4
    46   797237   393166    2.0907       6061.2
    58   1332020  514532    2.0853       5139.5
    47   868543   324932    2.0852       3222.5
    42   581652   222076    2.0887       2962.5
    44   756697   112749    2.0983       2589.8
    52   1019499  347819    2.0823       2420.5
    6    294043   158718    2.0886       2108.7
    5    285388   41772     2.1250       2074.2
    top-10: 48.1% of mass, 88.7% of excess-loss
Epoch 23: loss=2.073986  (5.54 sec, 65 subtrees, 216 chunks, 8880115 nodes)
  residual top-10 (subtree_mass × max(avg_loss − 2.074, 0)):
    rc   rootID   mass      avg_loss     score 
    1    47811    1403486   2.0845       14781.4
    46   797237   393166    2.0895       6102.9
    58   1332020  514532    2.0852       5793.8
    39   467002   396545    2.0875       5359.9
    47   868543   324932    2.0841       3281.7
    52   1019499  347819    2.0818       2714.8
    42   581652   222076    2.0862       2703.6
    44   756697   112749    2.0965       2535.2
    5    285388   41772     2.1212       1971.7
    57   1262781  357222    2.0794       1947.2
    top-10: 50.6% of mass, 87.6% of excess-loss
Epoch 24: loss=2.073281  (5.52 sec, 65 subtrees, 216 chunks, 8880115 nodes)
  residual top-10 (subtree_mass × max(avg_loss − 2.073, 0)):
    rc   rootID   mass      avg_loss     score 
    1    47811    1403486   2.0847       15975.3
    58   1332020  514532    2.0854       6238.7
    46   797237   393166    2.0886       6037.3
    39   467002   396545    2.0843       4384.0
    47   868543   324932    2.0833       3257.1
    52   1019499  347819    2.0817       2919.0
    44   756697   112749    2.0950       2450.9
    42   581652   222076    2.0842       2416.5
    57   1262781  357222    2.0796       2254.8
    5    285388   41772     2.1201       1955.1
    top-10: 50.6% of mass, 87.2% of excess-loss
Epoch 25: loss=2.072973  (5.54 sec, 65 subtrees, 216 chunks, 8880115 nodes)
  residual top-10 (subtree_mass × max(avg_loss − 2.073, 0)):
    rc   rootID   mass      avg_loss     score 
    1    47811    1403486   2.0853       17368.3
    58   1332020  514532    2.0854       6417.0
    46   797237   393166    2.0881       5949.4
    39   467002   396545    2.0830       3975.1
    47   868543   324932    2.0828       3206.4
    52   1019499  347819    2.0815       2965.2
    44   756697   112749    2.0941       2380.2
    57   1262781  357222    2.0796       2365.1
    42   581652   222076    2.0832       2274.3
    5    285388   41772     2.1201       1969.8
    top-10: 50.6% of mass, 87.4% of excess-loss
Saved to rnd/v1-vs-v2-comparison/20260526T182115-v1-25se/checkpoint.model
Done.
  Appended optimizer state to rnd/v1-vs-v2-comparison/20260526T182115-v1-25se/checkpoint.model (adam_t=1625)
