AGPT CUDA Trainer V2
  mode: train-growth
  model: d=64 heads=4 layers=2 ff=256 vocab=65 seq=124 head_dim=16
  corpus: rnd/cudax-d124-probe/20260528T071446-d124-d64l2-static10/train_corpus.txt tokens=1059624 full_starts=1059623
  growth: stages=1 epochs_per_stage=10 min_epochs=10 epoch_schedule=fixed scheduled_epochs=10 optimizer=rmsprop schedule=warmup-cosine materializer=incremental-radix estimated_total_unit_steps=650
  growth-frontiers: source=generated-divisions divisions=1 train_frac=1.000000 final_frontier=1059623
  config: lr=0.003000 warmup_epochs=0 partition_depth=1 chunk_queries=50000 anc_grad=true
  rope-position: mode=depth
  growth-stage 1/1: frontier_starts=1059623 ingested_starts=1059623 radix_nodes=1584865 edge_chars=123189067 counts=2644418 flat_counts=5353351
  train-growth-stage: epochs=10 units=65 optimizer=rmsprop radix_nodes=1584865 edge_chars=123189067
    stage-epoch 1/10
      unit 1/65 rc=17 chunks=86 trained_queries=4283062 trained_events=4670471 mean_loss=4.595436 lr=0.003 step=stateful RMSProp step applied
      unit 2/65 rc=6 chunks=374 trained_queries=18661859 trained_events=20055906 mean_loss=4.404433 lr=0.00299998 step=stateful RMSProp step applied
      unit 3/65 rc=597 chunks=5 trained_queries=234506 trained_events=249488 mean_loss=6.379376 lr=0.00299993 step=stateful RMSProp step applied
      unit 4/65 rc=1027293 chunks=1 trained_queries=124 trained_events=124 mean_loss=5.804358 lr=0.00299984 step=stateful RMSProp step applied
      unit 5/65 rc=111938 chunks=1 trained_queries=365 trained_events=372 mean_loss=5.502820 lr=0.00299972 step=stateful RMSProp step applied
      unit 6/65 rc=384 chunks=14 trained_queries=689527 trained_events=729120 mean_loss=4.990615 lr=0.00299956 step=stateful RMSProp step applied
      unit 7/65 rc=54 chunks=44 trained_queries=2182526 trained_events=2339320 mean_loss=4.133841 lr=0.00299937 step=stateful RMSProp step applied
      unit 8/65 rc=2093 chunks=5 trained_queries=212409 trained_events=221836 mean_loss=3.851681 lr=0.00299914 step=stateful RMSProp step applied
      unit 9/65 rc=74 chunks=17 trained_queries=824408 trained_events=916249 mean_loss=3.655469 lr=0.00299888 step=stateful RMSProp step applied
      unit 10/65 rc=882313 chunks=1 trained_queries=2708 trained_events=3348 mean_loss=3.674109 lr=0.00299858 step=stateful RMSProp step applied
      unit 11/65 rc=16 chunks=23 trained_queries=1118787 trained_events=1200145 mean_loss=3.547420 lr=0.00299825 step=stateful RMSProp step applied
      unit 12/65 rc=556 chunks=9 trained_queries=402908 trained_events=427924 mean_loss=3.250385 lr=0.00299788 step=stateful RMSProp step applied
      unit 13/65 rc=213 chunks=6 trained_queries=265773 trained_events=288300 mean_loss=3.326286 lr=0.00299748 step=stateful RMSProp step applied
      unit 14/65 rc=78 chunks=17 trained_queries=834115 trained_events=894861 mean_loss=3.231926 lr=0.00299704 step=stateful RMSProp step applied
      unit 15/65 rc=18 chunks=6 trained_queries=296769 trained_events=319176 mean_loss=3.184952 lr=0.00299657 step=stateful RMSProp step applied
      unit 16/65 rc=7 chunks=9 trained_queries=416424 trained_events=452848 mean_loss=3.152349 lr=0.00299606 step=stateful RMSProp step applied
      unit 17/65 rc=6318 chunks=5 trained_queries=224634 trained_events=244528 mean_loss=3.180484 lr=0.00299552 step=stateful RMSProp step applied
      unit 18/65 rc=3129 chunks=14 trained_queries=656402 trained_events=713248 mean_loss=3.112903 lr=0.00299494 step=stateful RMSProp step applied
      unit 19/65 rc=1 chunks=4 trained_queries=199346 trained_events=215884 mean_loss=3.053462 lr=0.00299433 step=stateful RMSProp step applied
      unit 20/65 rc=14974 chunks=6 trained_queries=263799 trained_events=288300 mean_loss=3.022436 lr=0.00299368 step=stateful RMSProp step applied
      unit 21/65 rc=3051 chunks=7 trained_queries=331867 trained_events=358236 mean_loss=2.978170 lr=0.002993 step=stateful RMSProp step applied
      unit 22/65 rc=506 chunks=26 trained_queries=1281767 trained_events=1382126 mean_loss=2.947221 lr=0.00299228 step=stateful RMSProp step applied
      unit 23/65 rc=14596 chunks=1 trained_queries=36794 trained_events=39556 mean_loss=2.946647 lr=0.00299153 step=stateful RMSProp step applied
      unit 24/65 rc=62437 chunks=4 trained_queries=171115 trained_events=191208 mean_loss=2.992265 lr=0.00299074 step=stateful RMSProp step applied
      unit 25/65 rc=425 chunks=9 trained_queries=424575 trained_events=458428 mean_loss=2.958084 lr=0.00298992 step=stateful RMSProp step applied
      unit 26/65 rc=314 chunks=7 trained_queries=314647 trained_events=338892 mean_loss=2.918630 lr=0.00298906 step=stateful RMSProp step applied
      unit 27/65 rc=531 chunks=11 trained_queries=528936 trained_events=574692 mean_loss=2.912858 lr=0.00298817 step=stateful RMSProp step applied
      unit 28/65 rc=620 chunks=12 trained_queries=567606 trained_events=609782 mean_loss=2.895480 lr=0.00298725 step=stateful RMSProp step applied
      unit 29/65 rc=8062 chunks=4 trained_queries=160626 trained_events=173228 mean_loss=2.919632 lr=0.00298629 step=stateful RMSProp step applied
      unit 30/65 rc=97778 chunks=1 trained_queries=24821 trained_events=28644 mean_loss=2.961646 lr=0.00298529 step=stateful RMSProp step applied
      unit 31/65 rc=226 chunks=11 trained_queries=522108 trained_events=564898 mean_loss=2.964390 lr=0.00298426 step=stateful RMSProp step applied
      unit 32/65 rc=85 chunks=10 trained_queries=488847 trained_events=525016 mean_loss=2.885096 lr=0.00298319 step=stateful RMSProp step applied
      unit 33/65 rc=2725 chunks=16 trained_queries=754625 trained_events=807195 mean_loss=2.853276 lr=0.0029821 step=stateful RMSProp step applied
      unit 34/65 rc=3135 chunks=8 trained_queries=366260 trained_events=400520 mean_loss=2.849778 lr=0.00298096 step=stateful RMSProp step applied
      unit 35/65 rc=1739 chunks=2 trained_queries=87562 trained_events=94736 mean_loss=2.854347 lr=0.00297979 step=stateful RMSProp step applied
      unit 36/65 rc=373 chunks=8 trained_queries=386604 trained_events=414982 mean_loss=2.828678 lr=0.00297859 step=stateful RMSProp step applied
      unit 37/65 rc=452305 chunks=1 trained_queries=13040 trained_events=13888 mean_loss=2.793192 lr=0.00297735 step=stateful RMSProp step applied
      unit 38/65 rc=141 chunks=4 trained_queries=195453 trained_events=209808 mean_loss=2.828227 lr=0.00297608 step=stateful RMSProp step applied
      unit 39/65 rc=260398 chunks=1 trained_queries=18549 trained_events=19964 mean_loss=2.799404 lr=0.00297477 step=stateful RMSProp step applied
      unit 40/65 rc=41 chunks=124 trained_queries=6163183 trained_events=6532996 mean_loss=2.821494 lr=0.00297343 step=stateful RMSProp step applied
      unit 41/65 rc=569 chunks=26 trained_queries=1259071 trained_events=1333052 mean_loss=2.809797 lr=0.00297206 step=stateful RMSProp step applied
      unit 42/65 rc=36 chunks=35 trained_queries=1745157 trained_events=1848439 mean_loss=2.819151 lr=0.00297065 step=stateful RMSProp step applied
      unit 43/65 rc=39 chunks=70 trained_queries=3489609 trained_events=3701941 mean_loss=2.820728 lr=0.0029692 step=stateful RMSProp step applied
      unit 44/65 rc=14 chunks=211 trained_queries=10509349 trained_events=11170444 mean_loss=2.808154 lr=0.00296772 step=stateful RMSProp step applied
      unit 45/65 rc=21 chunks=36 trained_queries=1758042 trained_events=1864623 mean_loss=2.789643 lr=0.00296621 step=stateful RMSProp step applied
      unit 46/65 rc=550 chunks=30 trained_queries=1491599 trained_events=1575272 mean_loss=2.784519 lr=0.00296466 step=stateful RMSProp step applied
      unit 47/65 rc=51 chunks=114 trained_queries=5673809 trained_events=6048192 mean_loss=2.759305 lr=0.00296308 step=stateful RMSProp step applied
      unit 48/65 rc=2 chunks=102 trained_queries=5051998 trained_events=5357586 mean_loss=2.785404 lr=0.00296146 step=stateful RMSProp step applied
      unit 49/65 rc=1069 chunks=2 trained_queries=71644 trained_events=75516 mean_loss=2.805516 lr=0.00295981 step=stateful RMSProp step applied
      unit 50/65 rc=73 chunks=16 trained_queries=790720 trained_events=835488 mean_loss=2.769233 lr=0.00295813 step=stateful RMSProp step applied
      unit 51/65 rc=79 chunks=75 trained_queries=3736786 trained_events=3953843 mean_loss=2.751055 lr=0.00295641 step=stateful RMSProp step applied
      unit 52/65 rc=63 chunks=50 trained_queries=2471897 trained_events=2621838 mean_loss=2.751243 lr=0.00295466 step=stateful RMSProp step applied
      unit 53/65 rc=15 chunks=108 trained_queries=5390515 trained_events=5717589 mean_loss=2.752104 lr=0.00295287 step=stateful RMSProp step applied
      unit 54/65 rc=22 chunks=147 trained_queries=7317596 trained_events=7770966 mean_loss=2.760036 lr=0.00295105 step=stateful RMSProp step applied
      unit 55/65 rc=32 chunks=25 trained_queries=1208977 trained_events=1277820 mean_loss=2.742481 lr=0.0029492 step=stateful RMSProp step applied
      unit 56/65 rc=8446 chunks=2 trained_queries=69102 trained_events=73284 mean_loss=2.741403 lr=0.00294731 step=stateful RMSProp step applied
      unit 57/65 rc=3 chunks=110 trained_queries=5457031 trained_events=5779345 mean_loss=2.725085 lr=0.00294539 step=stateful RMSProp step applied
      unit 58/65 rc=4 chunks=111 trained_queries=5516836 trained_events=5854709 mean_loss=2.713682 lr=0.00294344 step=stateful RMSProp step applied
      unit 59/65 rc=5 chunks=149 trained_queries=7411233 trained_events=7899836 mean_loss=2.704066 lr=0.00294145 step=stateful RMSProp step applied
      unit 60/65 rc=48 chunks=60 trained_queries=2973228 trained_events=3145342 mean_loss=2.718814 lr=0.00293942 step=stateful RMSProp step applied
      unit 61/65 rc=164 chunks=18 trained_queries=871265 trained_events=922669 mean_loss=2.716633 lr=0.00293737 step=stateful RMSProp step applied
      unit 62/65 rc=28 chunks=39 trained_queries=1945234 trained_events=2065842 mean_loss=2.702817 lr=0.00293528 step=stateful RMSProp step applied
      unit 63/65 rc=9786 chunks=2 trained_queries=59517 trained_events=62372 mean_loss=2.717997 lr=0.00293316 step=stateful RMSProp step applied
      unit 64/65 rc=44 chunks=46 trained_queries=2269131 trained_events=2417215 mean_loss=2.704988 lr=0.002931 step=stateful RMSProp step applied
      unit 65/65 rc=13 chunks=1 trained_queries=40285 trained_events=42160 mean_loss=2.727319 lr=0.00292881 step=stateful RMSProp step applied
    stage-epoch 1 summary trained_queries=123189067 trained_events=131385626 mean_loss=3.156572
    stage-epoch 2/10
      unit 1/65 rc=17 chunks=86 trained_queries=4283062 trained_events=4670471 mean_loss=2.727626 lr=0.00292658 step=stateful RMSProp step applied
      unit 2/65 rc=6 chunks=374 trained_queries=18661859 trained_events=20055906 mean_loss=2.757896 lr=0.00292433 step=stateful RMSProp step applied
      unit 3/65 rc=597 chunks=5 trained_queries=234506 trained_events=249488 mean_loss=2.706901 lr=0.00292204 step=stateful RMSProp step applied
      unit 4/65 rc=1027293 chunks=1 trained_queries=124 trained_events=124 mean_loss=2.588420 lr=0.00291971 step=stateful RMSProp step applied
      unit 5/65 rc=111938 chunks=1 trained_queries=365 trained_events=372 mean_loss=3.253072 lr=0.00291736 step=stateful RMSProp step applied
      unit 6/65 rc=384 chunks=14 trained_queries=689527 trained_events=729120 mean_loss=2.918325 lr=0.00291497 step=stateful RMSProp step applied
      unit 7/65 rc=54 chunks=44 trained_queries=2182526 trained_events=2339320 mean_loss=2.750983 lr=0.00291254 step=stateful RMSProp step applied
      unit 8/65 rc=2093 chunks=5 trained_queries=212409 trained_events=221836 mean_loss=2.737834 lr=0.00291009 step=stateful RMSProp step applied
      unit 9/65 rc=74 chunks=17 trained_queries=824408 trained_events=916249 mean_loss=2.681788 lr=0.0029076 step=stateful RMSProp step applied
      unit 10/65 rc=882313 chunks=1 trained_queries=2708 trained_events=3348 mean_loss=2.909092 lr=0.00290508 step=stateful RMSProp step applied
      unit 11/65 rc=16 chunks=23 trained_queries=1118787 trained_events=1200145 mean_loss=2.807376 lr=0.00290252 step=stateful RMSProp step applied
      unit 12/65 rc=556 chunks=9 trained_queries=402908 trained_events=427924 mean_loss=2.700404 lr=0.00289994 step=stateful RMSProp step applied
      unit 13/65 rc=213 chunks=6 trained_queries=265773 trained_events=288300 mean_loss=2.673364 lr=0.00289732 step=stateful RMSProp step applied
      unit 14/65 rc=78 chunks=17 trained_queries=834115 trained_events=894861 mean_loss=2.649457 lr=0.00289466 step=stateful RMSProp step applied
      unit 15/65 rc=18 chunks=6 trained_queries=296769 trained_events=319176 mean_loss=2.642543 lr=0.00289198 step=stateful RMSProp step applied
      unit 16/65 rc=7 chunks=9 trained_queries=416424 trained_events=452848 mean_loss=2.627786 lr=0.00288926 step=stateful RMSProp step applied
      unit 17/65 rc=6318 chunks=5 trained_queries=224634 trained_events=244528 mean_loss=2.627061 lr=0.00288651 step=stateful RMSProp step applied
      unit 18/65 rc=3129 chunks=14 trained_queries=656402 trained_events=713248 mean_loss=2.600250 lr=0.00288373 step=stateful RMSProp step applied
      unit 19/65 rc=1 chunks=4 trained_queries=199346 trained_events=215884 mean_loss=2.618817 lr=0.00288091 step=stateful RMSProp step applied
      unit 20/65 rc=14974 chunks=6 trained_queries=263799 trained_events=288300 mean_loss=2.609339 lr=0.00287807 step=stateful RMSProp step applied
      unit 21/65 rc=3051 chunks=7 trained_queries=331867 trained_events=358236 mean_loss=2.608846 lr=0.00287519 step=stateful RMSProp step applied
      unit 22/65 rc=506 chunks=26 trained_queries=1281767 trained_events=1382126 mean_loss=2.598378 lr=0.00287228 step=stateful RMSProp step applied
      unit 23/65 rc=14596 chunks=1 trained_queries=36794 trained_events=39556 mean_loss=2.636038 lr=0.00286933 step=stateful RMSProp step applied
      unit 24/65 rc=62437 chunks=4 trained_queries=171115 trained_events=191208 mean_loss=2.644672 lr=0.00286636 step=stateful RMSProp step applied
      unit 25/65 rc=425 chunks=9 trained_queries=424575 trained_events=458428 mean_loss=2.610079 lr=0.00286335 step=stateful RMSProp step applied
      unit 26/65 rc=314 chunks=7 trained_queries=314647 trained_events=338892 mean_loss=2.607425 lr=0.00286031 step=stateful RMSProp step applied
      unit 27/65 rc=531 chunks=11 trained_queries=528936 trained_events=574692 mean_loss=2.558314 lr=0.00285724 step=stateful RMSProp step applied
      unit 28/65 rc=620 chunks=12 trained_queries=567606 trained_events=609782 mean_loss=2.560463 lr=0.00285414 step=stateful RMSProp step applied
      unit 29/65 rc=8062 chunks=4 trained_queries=160626 trained_events=173228 mean_loss=2.577629 lr=0.002851 step=stateful RMSProp step applied
      unit 30/65 rc=97778 chunks=1 trained_queries=24821 trained_events=28644 mean_loss=2.562804 lr=0.00284784 step=stateful RMSProp step applied
      unit 31/65 rc=226 chunks=11 trained_queries=522108 trained_events=564898 mean_loss=2.562920 lr=0.00284464 step=stateful RMSProp step applied
      unit 32/65 rc=85 chunks=10 trained_queries=488847 trained_events=525016 mean_loss=2.537206 lr=0.00284141 step=stateful RMSProp step applied
      unit 33/65 rc=2725 chunks=16 trained_queries=754625 trained_events=807195 mean_loss=2.518427 lr=0.00283815 step=stateful RMSProp step applied
      unit 34/65 rc=3135 chunks=8 trained_queries=366260 trained_events=400520 mean_loss=2.490048 lr=0.00283486 step=stateful RMSProp step applied
      unit 35/65 rc=1739 chunks=2 trained_queries=87562 trained_events=94736 mean_loss=2.491219 lr=0.00283154 step=stateful RMSProp step applied
      unit 36/65 rc=373 chunks=8 trained_queries=386604 trained_events=414982 mean_loss=2.523829 lr=0.00282818 step=stateful RMSProp step applied
      unit 37/65 rc=452305 chunks=1 trained_queries=13040 trained_events=13888 mean_loss=2.524484 lr=0.0028248 step=stateful RMSProp step applied
      unit 38/65 rc=141 chunks=4 trained_queries=195453 trained_events=209808 mean_loss=2.573841 lr=0.00282138 step=stateful RMSProp step applied
      unit 39/65 rc=260398 chunks=1 trained_queries=18549 trained_events=19964 mean_loss=2.485290 lr=0.00281794 step=stateful RMSProp step applied
      unit 40/65 rc=41 chunks=124 trained_queries=6163183 trained_events=6532996 mean_loss=2.567337 lr=0.00281446 step=stateful RMSProp step applied
      unit 41/65 rc=569 chunks=26 trained_queries=1259071 trained_events=1333052 mean_loss=2.519830 lr=0.00281095 step=stateful RMSProp step applied
      unit 42/65 rc=36 chunks=35 trained_queries=1745157 trained_events=1848439 mean_loss=2.506215 lr=0.00280741 step=stateful RMSProp step applied
      unit 43/65 rc=39 chunks=70 trained_queries=3489609 trained_events=3701941 mean_loss=2.477148 lr=0.00280384 step=stateful RMSProp step applied
      unit 44/65 rc=14 chunks=211 trained_queries=10509349 trained_events=11170444 mean_loss=2.489663 lr=0.00280024 step=stateful RMSProp step applied
      unit 45/65 rc=21 chunks=36 trained_queries=1758042 trained_events=1864623 mean_loss=2.500497 lr=0.00279662 step=stateful RMSProp step applied
      unit 46/65 rc=550 chunks=30 trained_queries=1491599 trained_events=1575272 mean_loss=2.495281 lr=0.00279295 step=stateful RMSProp step applied
      unit 47/65 rc=51 chunks=114 trained_queries=5673809 trained_events=6048192 mean_loss=2.472082 lr=0.00278926 step=stateful RMSProp step applied
      unit 48/65 rc=2 chunks=102 trained_queries=5051998 trained_events=5357586 mean_loss=2.470051 lr=0.00278554 step=stateful RMSProp step applied
      unit 49/65 rc=1069 chunks=2 trained_queries=71644 trained_events=75516 mean_loss=2.466151 lr=0.00278179 step=stateful RMSProp step applied
      unit 50/65 rc=73 chunks=16 trained_queries=790720 trained_events=835488 mean_loss=2.472395 lr=0.00277801 step=stateful RMSProp step applied
      unit 51/65 rc=79 chunks=75 trained_queries=3736786 trained_events=3953843 mean_loss=2.465718 lr=0.0027742 step=stateful RMSProp step applied
      unit 52/65 rc=63 chunks=50 trained_queries=2471897 trained_events=2621838 mean_loss=2.467192 lr=0.00277036 step=stateful RMSProp step applied
      unit 53/65 rc=15 chunks=108 trained_queries=5390515 trained_events=5717589 mean_loss=2.462088 lr=0.00276649 step=stateful RMSProp step applied
      unit 54/65 rc=22 chunks=147 trained_queries=7317596 trained_events=7770966 mean_loss=2.464078 lr=0.00276259 step=stateful RMSProp step applied
      unit 55/65 rc=32 chunks=25 trained_queries=1208977 trained_events=1277820 mean_loss=2.457767 lr=0.00275866 step=stateful RMSProp step applied
      unit 56/65 rc=8446 chunks=2 trained_queries=69102 trained_events=73284 mean_loss=2.437426 lr=0.00275471 step=stateful RMSProp step applied
      unit 57/65 rc=3 chunks=110 trained_queries=5457031 trained_events=5779345 mean_loss=2.435627 lr=0.00275072 step=stateful RMSProp step applied
      unit 58/65 rc=4 chunks=111 trained_queries=5516836 trained_events=5854709 mean_loss=2.427400 lr=0.0027467 step=stateful RMSProp step applied
      unit 59/65 rc=5 chunks=149 trained_queries=7411233 trained_events=7899836 mean_loss=2.417454 lr=0.00274265 step=stateful RMSProp step applied
      unit 60/65 rc=48 chunks=60 trained_queries=2973228 trained_events=3145342 mean_loss=2.422640 lr=0.00273858 step=stateful RMSProp step applied
      unit 61/65 rc=164 chunks=18 trained_queries=871265 trained_events=922669 mean_loss=2.413248 lr=0.00273448 step=stateful RMSProp step applied
      unit 62/65 rc=28 chunks=39 trained_queries=1945234 trained_events=2065842 mean_loss=2.423646 lr=0.00273034 step=stateful RMSProp step applied
      unit 63/65 rc=9786 chunks=2 trained_queries=59517 trained_events=62372 mean_loss=2.431757 lr=0.00272618 step=stateful RMSProp step applied
      unit 64/65 rc=44 chunks=46 trained_queries=2269131 trained_events=2417215 mean_loss=2.408120 lr=0.00272199 step=stateful RMSProp step applied
      unit 65/65 rc=13 chunks=1 trained_queries=40285 trained_events=42160 mean_loss=2.409987 lr=0.00271777 step=stateful RMSProp step applied
    stage-epoch 2 summary trained_queries=123189067 trained_events=131385626 mean_loss=2.543784
    stage-epoch 3/10
      unit 1/65 rc=17 chunks=86 trained_queries=4283062 trained_events=4670471 mean_loss=2.424069 lr=0.00271353 step=stateful RMSProp step applied
      unit 2/65 rc=6 chunks=374 trained_queries=18661859 trained_events=20055906 mean_loss=2.429333 lr=0.00270925 step=stateful RMSProp step applied
      unit 3/65 rc=597 chunks=5 trained_queries=234506 trained_events=249488 mean_loss=2.431261 lr=0.00270495 step=stateful RMSProp step applied
      unit 4/65 rc=1027293 chunks=1 trained_queries=124 trained_events=124 mean_loss=2.239835 lr=0.00270061 step=stateful RMSProp step applied
      unit 5/65 rc=111938 chunks=1 trained_queries=365 trained_events=372 mean_loss=3.003107 lr=0.00269625 step=stateful RMSProp step applied
      unit 6/65 rc=384 chunks=14 trained_queries=689527 trained_events=729120 mean_loss=2.703263 lr=0.00269187 step=stateful RMSProp step applied
      unit 7/65 rc=54 chunks=44 trained_queries=2182526 trained_events=2339320 mean_loss=2.552322 lr=0.00268745 step=stateful RMSProp step applied
      unit 8/65 rc=2093 chunks=5 trained_queries=212409 trained_events=221836 mean_loss=2.508100 lr=0.00268301 step=stateful RMSProp step applied
      unit 9/65 rc=74 chunks=17 trained_queries=824408 trained_events=916249 mean_loss=2.428765 lr=0.00267854 step=stateful RMSProp step applied
      unit 10/65 rc=882313 chunks=1 trained_queries=2708 trained_events=3348 mean_loss=2.551576 lr=0.00267404 step=stateful RMSProp step applied
      unit 11/65 rc=16 chunks=23 trained_queries=1118787 trained_events=1200145 mean_loss=2.546818 lr=0.00266951 step=stateful RMSProp step applied
      unit 12/65 rc=556 chunks=9 trained_queries=402908 trained_events=427924 mean_loss=2.448762 lr=0.00266496 step=stateful RMSProp step applied
      unit 13/65 rc=213 chunks=6 trained_queries=265773 trained_events=288300 mean_loss=2.430632 lr=0.00266038 step=stateful RMSProp step applied
      unit 14/65 rc=78 chunks=17 trained_queries=834115 trained_events=894861 mean_loss=2.426607 lr=0.00265577 step=stateful RMSProp step applied
      unit 15/65 rc=18 chunks=6 trained_queries=296769 trained_events=319176 mean_loss=2.425227 lr=0.00265114 step=stateful RMSProp step applied
      unit 16/65 rc=7 chunks=9 trained_queries=416424 trained_events=452848 mean_loss=2.413241 lr=0.00264647 step=stateful RMSProp step applied
      unit 17/65 rc=6318 chunks=5 trained_queries=224634 trained_events=244528 mean_loss=2.412160 lr=0.00264179 step=stateful RMSProp step applied
      unit 18/65 rc=3129 chunks=14 trained_queries=656402 trained_events=713248 mean_loss=2.381848 lr=0.00263707 step=stateful RMSProp step applied
      unit 19/65 rc=1 chunks=4 trained_queries=199346 trained_events=215884 mean_loss=2.409889 lr=0.00263233 step=stateful RMSProp step applied
      unit 20/65 rc=14974 chunks=6 trained_queries=263799 trained_events=288300 mean_loss=2.389327 lr=0.00262756 step=stateful RMSProp step applied
      unit 21/65 rc=3051 chunks=7 trained_queries=331867 trained_events=358236 mean_loss=2.396652 lr=0.00262277 step=stateful RMSProp step applied
      unit 22/65 rc=506 chunks=26 trained_queries=1281767 trained_events=1382126 mean_loss=2.381135 lr=0.00261795 step=stateful RMSProp step applied
      unit 23/65 rc=14596 chunks=1 trained_queries=36794 trained_events=39556 mean_loss=2.410719 lr=0.0026131 step=stateful RMSProp step applied
      unit 24/65 rc=62437 chunks=4 trained_queries=171115 trained_events=191208 mean_loss=2.353241 lr=0.00260823 step=stateful RMSProp step applied
      unit 25/65 rc=425 chunks=9 trained_queries=424575 trained_events=458428 mean_loss=2.375309 lr=0.00260333 step=stateful RMSProp step applied
      unit 26/65 rc=314 chunks=7 trained_queries=314647 trained_events=338892 mean_loss=2.376641 lr=0.0025984 step=stateful RMSProp step applied
      unit 27/65 rc=531 chunks=11 trained_queries=528936 trained_events=574692 mean_loss=2.350855 lr=0.00259345 step=stateful RMSProp step applied
      unit 28/65 rc=620 chunks=12 trained_queries=567606 trained_events=609782 mean_loss=2.367887 lr=0.00258848 step=stateful RMSProp step applied
      unit 29/65 rc=8062 chunks=4 trained_queries=160626 trained_events=173228 mean_loss=2.392638 lr=0.00258348 step=stateful RMSProp step applied
      unit 30/65 rc=97778 chunks=1 trained_queries=24821 trained_events=28644 mean_loss=2.333921 lr=0.00257845 step=stateful RMSProp step applied
      unit 31/65 rc=226 chunks=11 trained_queries=522108 trained_events=564898 mean_loss=2.397252 lr=0.0025734 step=stateful RMSProp step applied
      unit 32/65 rc=85 chunks=10 trained_queries=488847 trained_events=525016 mean_loss=2.383542 lr=0.00256832 step=stateful RMSProp step applied
      unit 33/65 rc=2725 chunks=16 trained_queries=754625 trained_events=807195 mean_loss=2.368027 lr=0.00256322 step=stateful RMSProp step applied
      unit 34/65 rc=3135 chunks=8 trained_queries=366260 trained_events=400520 mean_loss=2.341236 lr=0.00255809 step=stateful RMSProp step applied
      unit 35/65 rc=1739 chunks=2 trained_queries=87562 trained_events=94736 mean_loss=2.354038 lr=0.00255294 step=stateful RMSProp step applied
      unit 36/65 rc=373 chunks=8 trained_queries=386604 trained_events=414982 mean_loss=2.365772 lr=0.00254777 step=stateful RMSProp step applied
      unit 37/65 rc=452305 chunks=1 trained_queries=13040 trained_events=13888 mean_loss=2.300843 lr=0.00254257 step=stateful RMSProp step applied
      unit 38/65 rc=141 chunks=4 trained_queries=195453 trained_events=209808 mean_loss=2.384710 lr=0.00253734 step=stateful RMSProp step applied
      unit 39/65 rc=260398 chunks=1 trained_queries=18549 trained_events=19964 mean_loss=2.338505 lr=0.00253209 step=stateful RMSProp step applied
      unit 40/65 rc=41 chunks=124 trained_queries=6163183 trained_events=6532996 mean_loss=2.457299 lr=0.00252682 step=stateful RMSProp step applied
      unit 41/65 rc=569 chunks=26 trained_queries=1259071 trained_events=1333052 mean_loss=2.413187 lr=0.00252152 step=stateful RMSProp step applied
      unit 42/65 rc=36 chunks=35 trained_queries=1745157 trained_events=1848439 mean_loss=2.395643 lr=0.0025162 step=stateful RMSProp step applied
      unit 43/65 rc=39 chunks=70 trained_queries=3489609 trained_events=3701941 mean_loss=2.387439 lr=0.00251086 step=stateful RMSProp step applied
      unit 44/65 rc=14 chunks=211 trained_queries=10509349 trained_events=11170444 mean_loss=2.471101 lr=0.00250549 step=stateful RMSProp step applied
      unit 45/65 rc=21 chunks=36 trained_queries=1758042 trained_events=1864623 mean_loss=2.401540 lr=0.0025001 step=stateful RMSProp step applied
      unit 46/65 rc=550 chunks=30 trained_queries=1491599 trained_events=1575272 mean_loss=2.376277 lr=0.00249468 step=stateful RMSProp step applied
      unit 47/65 rc=51 chunks=114 trained_queries=5673809 trained_events=6048192 mean_loss=2.372144 lr=0.00248925 step=stateful RMSProp step applied
      unit 48/65 rc=2 chunks=102 trained_queries=5051998 trained_events=5357586 mean_loss=2.363620 lr=0.00248378 step=stateful RMSProp step applied
      unit 49/65 rc=1069 chunks=2 trained_queries=71644 trained_events=75516 mean_loss=2.352389 lr=0.0024783 step=stateful RMSProp step applied
      unit 50/65 rc=73 chunks=16 trained_queries=790720 trained_events=835488 mean_loss=2.349299 lr=0.00247279 step=stateful RMSProp step applied
      unit 51/65 rc=79 chunks=75 trained_queries=3736786 trained_events=3953843 mean_loss=2.347818 lr=0.00246726 step=stateful RMSProp step applied
      unit 52/65 rc=63 chunks=50 trained_queries=2471897 trained_events=2621838 mean_loss=2.347222 lr=0.00246171 step=stateful RMSProp step applied
      unit 53/65 rc=15 chunks=108 trained_queries=5390515 trained_events=5717589 mean_loss=2.350108 lr=0.00245614 step=stateful RMSProp step applied
      unit 54/65 rc=22 chunks=147 trained_queries=7317596 trained_events=7770966 mean_loss=2.349688 lr=0.00245054 step=stateful RMSProp step applied
      unit 55/65 rc=32 chunks=25 trained_queries=1208977 trained_events=1277820 mean_loss=2.365892 lr=0.00244492 step=stateful RMSProp step applied
      unit 56/65 rc=8446 chunks=2 trained_queries=69102 trained_events=73284 mean_loss=2.350696 lr=0.00243928 step=stateful RMSProp step applied
      unit 57/65 rc=3 chunks=110 trained_queries=5457031 trained_events=5779345 mean_loss=2.361519 lr=0.00243361 step=stateful RMSProp step applied
      unit 58/65 rc=4 chunks=111 trained_queries=5516836 trained_events=5854709 mean_loss=2.358083 lr=0.00242793 step=stateful RMSProp step applied
      unit 59/65 rc=5 chunks=149 trained_queries=7411233 trained_events=7899836 mean_loss=2.357712 lr=0.00242222 step=stateful RMSProp step applied
      unit 60/65 rc=48 chunks=60 trained_queries=2973228 trained_events=3145342 mean_loss=2.357347 lr=0.00241649 step=stateful RMSProp step applied
      unit 61/65 rc=164 chunks=18 trained_queries=871265 trained_events=922669 mean_loss=2.333759 lr=0.00241074 step=stateful RMSProp step applied
      unit 62/65 rc=28 chunks=39 trained_queries=1945234 trained_events=2065842 mean_loss=2.338074 lr=0.00240497 step=stateful RMSProp step applied
      unit 63/65 rc=9786 chunks=2 trained_queries=59517 trained_events=62372 mean_loss=2.345474 lr=0.00239918 step=stateful RMSProp step applied
      unit 64/65 rc=44 chunks=46 trained_queries=2269131 trained_events=2417215 mean_loss=2.322962 lr=0.00239337 step=stateful RMSProp step applied
      unit 65/65 rc=13 chunks=1 trained_queries=40285 trained_events=42160 mean_loss=2.327084 lr=0.00238753 step=stateful RMSProp step applied
    stage-epoch 3 summary trained_queries=123189067 trained_events=131385626 mean_loss=2.397578
    stage-epoch 4/10
      unit 1/65 rc=17 chunks=86 trained_queries=4283062 trained_events=4670471 mean_loss=2.336818 lr=0.00238168 step=stateful RMSProp step applied
      unit 2/65 rc=6 chunks=374 trained_queries=18661859 trained_events=20055906 mean_loss=2.341779 lr=0.0023758 step=stateful RMSProp step applied
      unit 3/65 rc=597 chunks=5 trained_queries=234506 trained_events=249488 mean_loss=2.340970 lr=0.00236991 step=stateful RMSProp step applied
      unit 4/65 rc=1027293 chunks=1 trained_queries=124 trained_events=124 mean_loss=2.137635 lr=0.00236399 step=stateful RMSProp step applied
      unit 5/65 rc=111938 chunks=1 trained_queries=365 trained_events=372 mean_loss=2.804540 lr=0.00235805 step=stateful RMSProp step applied
      unit 6/65 rc=384 chunks=14 trained_queries=689527 trained_events=729120 mean_loss=2.562661 lr=0.0023521 step=stateful RMSProp step applied
      unit 7/65 rc=54 chunks=44 trained_queries=2182526 trained_events=2339320 mean_loss=2.392171 lr=0.00234612 step=stateful RMSProp step applied
      unit 8/65 rc=2093 chunks=5 trained_queries=212409 trained_events=221836 mean_loss=2.400464 lr=0.00234012 step=stateful RMSProp step applied
      unit 9/65 rc=74 chunks=17 trained_queries=824408 trained_events=916249 mean_loss=2.326574 lr=0.00233411 step=stateful RMSProp step applied
      unit 10/65 rc=882313 chunks=1 trained_queries=2708 trained_events=3348 mean_loss=2.391248 lr=0.00232807 step=stateful RMSProp step applied
      unit 11/65 rc=16 chunks=23 trained_queries=1118787 trained_events=1200145 mean_loss=2.419704 lr=0.00232202 step=stateful RMSProp step applied
      unit 12/65 rc=556 chunks=9 trained_queries=402908 trained_events=427924 mean_loss=2.355060 lr=0.00231594 step=stateful RMSProp step applied
      unit 13/65 rc=213 chunks=6 trained_queries=265773 trained_events=288300 mean_loss=2.331220 lr=0.00230985 step=stateful RMSProp step applied
      unit 14/65 rc=78 chunks=17 trained_queries=834115 trained_events=894861 mean_loss=2.329858 lr=0.00230374 step=stateful RMSProp step applied
      unit 15/65 rc=18 chunks=6 trained_queries=296769 trained_events=319176 mean_loss=2.327420 lr=0.00229761 step=stateful RMSProp step applied
      unit 16/65 rc=7 chunks=9 trained_queries=416424 trained_events=452848 mean_loss=2.321644 lr=0.00229146 step=stateful RMSProp step applied
      unit 17/65 rc=6318 chunks=5 trained_queries=224634 trained_events=244528 mean_loss=2.315048 lr=0.00228529 step=stateful RMSProp step applied
      unit 18/65 rc=3129 chunks=14 trained_queries=656402 trained_events=713248 mean_loss=2.290266 lr=0.00227911 step=stateful RMSProp step applied
      unit 19/65 rc=1 chunks=4 trained_queries=199346 trained_events=215884 mean_loss=2.321802 lr=0.0022729 step=stateful RMSProp step applied
      unit 20/65 rc=14974 chunks=6 trained_queries=263799 trained_events=288300 mean_loss=2.296571 lr=0.00226668 step=stateful RMSProp step applied
      unit 21/65 rc=3051 chunks=7 trained_queries=331867 trained_events=358236 mean_loss=2.313205 lr=0.00226044 step=stateful RMSProp step applied
      unit 22/65 rc=506 chunks=26 trained_queries=1281767 trained_events=1382126 mean_loss=2.299934 lr=0.00225418 step=stateful RMSProp step applied
      unit 23/65 rc=14596 chunks=1 trained_queries=36794 trained_events=39556 mean_loss=2.325201 lr=0.00224791 step=stateful RMSProp step applied
      unit 24/65 rc=62437 chunks=4 trained_queries=171115 trained_events=191208 mean_loss=2.256613 lr=0.00224161 step=stateful RMSProp step applied
      unit 25/65 rc=425 chunks=9 trained_queries=424575 trained_events=458428 mean_loss=2.298162 lr=0.0022353 step=stateful RMSProp step applied
      unit 26/65 rc=314 chunks=7 trained_queries=314647 trained_events=338892 mean_loss=2.304628 lr=0.00222898 step=stateful RMSProp step applied
      unit 27/65 rc=531 chunks=11 trained_queries=528936 trained_events=574692 mean_loss=2.269248 lr=0.00222263 step=stateful RMSProp step applied
      unit 28/65 rc=620 chunks=12 trained_queries=567606 trained_events=609782 mean_loss=2.292820 lr=0.00221627 step=stateful RMSProp step applied
      unit 29/65 rc=8062 chunks=4 trained_queries=160626 trained_events=173228 mean_loss=2.317943 lr=0.00220989 step=stateful RMSProp step applied
      unit 30/65 rc=97778 chunks=1 trained_queries=24821 trained_events=28644 mean_loss=2.207125 lr=0.0022035 step=stateful RMSProp step applied
      unit 31/65 rc=226 chunks=11 trained_queries=522108 trained_events=564898 mean_loss=2.294662 lr=0.00219708 step=stateful RMSProp step applied
      unit 32/65 rc=85 chunks=10 trained_queries=488847 trained_events=525016 mean_loss=2.308165 lr=0.00219066 step=stateful RMSProp step applied
      unit 33/65 rc=2725 chunks=16 trained_queries=754625 trained_events=807195 mean_loss=2.289284 lr=0.00218421 step=stateful RMSProp step applied
      unit 34/65 rc=3135 chunks=8 trained_queries=366260 trained_events=400520 mean_loss=2.254112 lr=0.00217775 step=stateful RMSProp step applied
      unit 35/65 rc=1739 chunks=2 trained_queries=87562 trained_events=94736 mean_loss=2.268530 lr=0.00217128 step=stateful RMSProp step applied
      unit 36/65 rc=373 chunks=8 trained_queries=386604 trained_events=414982 mean_loss=2.286066 lr=0.00216479 step=stateful RMSProp step applied
      unit 37/65 rc=452305 chunks=1 trained_queries=13040 trained_events=13888 mean_loss=2.217457 lr=0.00215828 step=stateful RMSProp step applied
      unit 38/65 rc=141 chunks=4 trained_queries=195453 trained_events=209808 mean_loss=2.266991 lr=0.00215176 step=stateful RMSProp step applied
      unit 39/65 rc=260398 chunks=1 trained_queries=18549 trained_events=19964 mean_loss=2.204854 lr=0.00214522 step=stateful RMSProp step applied
      unit 40/65 rc=41 chunks=124 trained_queries=6163183 trained_events=6532996 mean_loss=2.331323 lr=0.00213867 step=stateful RMSProp step applied
      unit 41/65 rc=569 chunks=26 trained_queries=1259071 trained_events=1333052 mean_loss=2.336353 lr=0.0021321 step=stateful RMSProp step applied
      unit 42/65 rc=36 chunks=35 trained_queries=1745157 trained_events=1848439 mean_loss=2.334918 lr=0.00212552 step=stateful RMSProp step applied
      unit 43/65 rc=39 chunks=70 trained_queries=3489609 trained_events=3701941 mean_loss=2.318894 lr=0.00211892 step=stateful RMSProp step applied
      unit 44/65 rc=14 chunks=211 trained_queries=10509349 trained_events=11170444 mean_loss=2.315075 lr=0.00211231 step=stateful RMSProp step applied
      unit 45/65 rc=21 chunks=36 trained_queries=1758042 trained_events=1864623 mean_loss=2.300643 lr=0.00210569 step=stateful RMSProp step applied
      unit 46/65 rc=550 chunks=30 trained_queries=1491599 trained_events=1575272 mean_loss=2.292527 lr=0.00209905 step=stateful RMSProp step applied
      unit 47/65 rc=51 chunks=114 trained_queries=5673809 trained_events=6048192 mean_loss=2.295735 lr=0.00209239 step=stateful RMSProp step applied
      unit 48/65 rc=2 chunks=102 trained_queries=5051998 trained_events=5357586 mean_loss=2.286931 lr=0.00208573 step=stateful RMSProp step applied
      unit 49/65 rc=1069 chunks=2 trained_queries=71644 trained_events=75516 mean_loss=2.271741 lr=0.00207904 step=stateful RMSProp step applied
      unit 50/65 rc=73 chunks=16 trained_queries=790720 trained_events=835488 mean_loss=2.283390 lr=0.00207235 step=stateful RMSProp step applied
      unit 51/65 rc=79 chunks=75 trained_queries=3736786 trained_events=3953843 mean_loss=2.281123 lr=0.00206564 step=stateful RMSProp step applied
      unit 52/65 rc=63 chunks=50 trained_queries=2471897 trained_events=2621838 mean_loss=2.275098 lr=0.00205892 step=stateful RMSProp step applied
      unit 53/65 rc=15 chunks=108 trained_queries=5390515 trained_events=5717589 mean_loss=2.282868 lr=0.00205219 step=stateful RMSProp step applied
      unit 54/65 rc=22 chunks=147 trained_queries=7317596 trained_events=7770966 mean_loss=2.277440 lr=0.00204544 step=stateful RMSProp step applied
      unit 55/65 rc=32 chunks=25 trained_queries=1208977 trained_events=1277820 mean_loss=2.278826 lr=0.00203868 step=stateful RMSProp step applied
      unit 56/65 rc=8446 chunks=2 trained_queries=69102 trained_events=73284 mean_loss=2.259426 lr=0.00203191 step=stateful RMSProp step applied
      unit 57/65 rc=3 chunks=110 trained_queries=5457031 trained_events=5779345 mean_loss=2.278296 lr=0.00202512 step=stateful RMSProp step applied
      unit 58/65 rc=4 chunks=111 trained_queries=5516836 trained_events=5854709 mean_loss=2.277147 lr=0.00201833 step=stateful RMSProp step applied
      unit 59/65 rc=5 chunks=149 trained_queries=7411233 trained_events=7899836 mean_loss=2.267029 lr=0.00201152 step=stateful RMSProp step applied
      unit 60/65 rc=48 chunks=60 trained_queries=2973228 trained_events=3145342 mean_loss=2.274747 lr=0.00200469 step=stateful RMSProp step applied
      unit 61/65 rc=164 chunks=18 trained_queries=871265 trained_events=922669 mean_loss=2.252855 lr=0.00199786 step=stateful RMSProp step applied
      unit 62/65 rc=28 chunks=39 trained_queries=1945234 trained_events=2065842 mean_loss=2.265309 lr=0.00199102 step=stateful RMSProp step applied
      unit 63/65 rc=9786 chunks=2 trained_queries=59517 trained_events=62372 mean_loss=2.275412 lr=0.00198416 step=stateful RMSProp step applied
      unit 64/65 rc=44 chunks=46 trained_queries=2269131 trained_events=2417215 mean_loss=2.259662 lr=0.00197729 step=stateful RMSProp step applied
      unit 65/65 rc=13 chunks=1 trained_queries=40285 trained_events=42160 mean_loss=2.267615 lr=0.00197042 step=stateful RMSProp step applied
    stage-epoch 4 summary trained_queries=123189067 trained_events=131385626 mean_loss=2.306119
    stage-epoch 5/10
      unit 1/65 rc=17 chunks=86 trained_queries=4283062 trained_events=4670471 mean_loss=2.273757 lr=0.00196353 step=stateful RMSProp step applied
      unit 2/65 rc=6 chunks=374 trained_queries=18661859 trained_events=20055906 mean_loss=2.280288 lr=0.00195662 step=stateful RMSProp step applied
      unit 3/65 rc=597 chunks=5 trained_queries=234506 trained_events=249488 mean_loss=2.268742 lr=0.00194971 step=stateful RMSProp step applied
      unit 4/65 rc=1027293 chunks=1 trained_queries=124 trained_events=124 mean_loss=2.049685 lr=0.00194279 step=stateful RMSProp step applied
      unit 5/65 rc=111938 chunks=1 trained_queries=365 trained_events=372 mean_loss=2.653961 lr=0.00193586 step=stateful RMSProp step applied
      unit 6/65 rc=384 chunks=14 trained_queries=689527 trained_events=729120 mean_loss=2.465484 lr=0.00192892 step=stateful RMSProp step applied
      unit 7/65 rc=54 chunks=44 trained_queries=2182526 trained_events=2339320 mean_loss=2.330198 lr=0.00192197 step=stateful RMSProp step applied
      unit 8/65 rc=2093 chunks=5 trained_queries=212409 trained_events=221836 mean_loss=2.345183 lr=0.001915 step=stateful RMSProp step applied
      unit 9/65 rc=74 chunks=17 trained_queries=824408 trained_events=916249 mean_loss=2.255865 lr=0.00190803 step=stateful RMSProp step applied
      unit 10/65 rc=882313 chunks=1 trained_queries=2708 trained_events=3348 mean_loss=2.200384 lr=0.00190105 step=stateful RMSProp step applied
      unit 11/65 rc=16 chunks=23 trained_queries=1118787 trained_events=1200145 mean_loss=2.301156 lr=0.00189406 step=stateful RMSProp step applied
      unit 12/65 rc=556 chunks=9 trained_queries=402908 trained_events=427924 mean_loss=2.268542 lr=0.00188706 step=stateful RMSProp step applied
      unit 13/65 rc=213 chunks=6 trained_queries=265773 trained_events=288300 mean_loss=2.257535 lr=0.00188005 step=stateful RMSProp step applied
      unit 14/65 rc=78 chunks=17 trained_queries=834115 trained_events=894861 mean_loss=2.260350 lr=0.00187303 step=stateful RMSProp step applied
      unit 15/65 rc=18 chunks=6 trained_queries=296769 trained_events=319176 mean_loss=2.255266 lr=0.00186601 step=stateful RMSProp step applied
      unit 16/65 rc=7 chunks=9 trained_queries=416424 trained_events=452848 mean_loss=2.257716 lr=0.00185897 step=stateful RMSProp step applied
      unit 17/65 rc=6318 chunks=5 trained_queries=224634 trained_events=244528 mean_loss=2.245233 lr=0.00185193 step=stateful RMSProp step applied
      unit 18/65 rc=3129 chunks=14 trained_queries=656402 trained_events=713248 mean_loss=2.214577 lr=0.00184488 step=stateful RMSProp step applied
      unit 19/65 rc=1 chunks=4 trained_queries=199346 trained_events=215884 mean_loss=2.251157 lr=0.00183782 step=stateful RMSProp step applied
      unit 20/65 rc=14974 chunks=6 trained_queries=263799 trained_events=288300 mean_loss=2.223755 lr=0.00183075 step=stateful RMSProp step applied
      unit 21/65 rc=3051 chunks=7 trained_queries=331867 trained_events=358236 mean_loss=2.239530 lr=0.00182368 step=stateful RMSProp step applied
      unit 22/65 rc=506 chunks=26 trained_queries=1281767 trained_events=1382126 mean_loss=2.227441 lr=0.00181659 step=stateful RMSProp step applied
      unit 23/65 rc=14596 chunks=1 trained_queries=36794 trained_events=39556 mean_loss=2.248782 lr=0.0018095 step=stateful RMSProp step applied
      unit 24/65 rc=62437 chunks=4 trained_queries=171115 trained_events=191208 mean_loss=2.176062 lr=0.00180241 step=stateful RMSProp step applied
      unit 25/65 rc=425 chunks=9 trained_queries=424575 trained_events=458428 mean_loss=2.225343 lr=0.0017953 step=stateful RMSProp step applied
      unit 26/65 rc=314 chunks=7 trained_queries=314647 trained_events=338892 mean_loss=2.240091 lr=0.00178819 step=stateful RMSProp step applied
      unit 27/65 rc=531 chunks=11 trained_queries=528936 trained_events=574692 mean_loss=2.198029 lr=0.00178107 step=stateful RMSProp step applied
      unit 28/65 rc=620 chunks=12 trained_queries=567606 trained_events=609782 mean_loss=2.227271 lr=0.00177395 step=stateful RMSProp step applied
      unit 29/65 rc=8062 chunks=4 trained_queries=160626 trained_events=173228 mean_loss=2.252408 lr=0.00176682 step=stateful RMSProp step applied
      unit 30/65 rc=97778 chunks=1 trained_queries=24821 trained_events=28644 mean_loss=2.096606 lr=0.00175968 step=stateful RMSProp step applied
      unit 31/65 rc=226 chunks=11 trained_queries=522108 trained_events=564898 mean_loss=2.224176 lr=0.00175254 step=stateful RMSProp step applied
      unit 32/65 rc=85 chunks=10 trained_queries=488847 trained_events=525016 mean_loss=2.245114 lr=0.00174539 step=stateful RMSProp step applied
      unit 33/65 rc=2725 chunks=16 trained_queries=754625 trained_events=807195 mean_loss=2.231744 lr=0.00173823 step=stateful RMSProp step applied
      unit 34/65 rc=3135 chunks=8 trained_queries=366260 trained_events=400520 mean_loss=2.198963 lr=0.00173107 step=stateful RMSProp step applied
      unit 35/65 rc=1739 chunks=2 trained_queries=87562 trained_events=94736 mean_loss=2.216133 lr=0.0017239 step=stateful RMSProp step applied
      unit 36/65 rc=373 chunks=8 trained_queries=386604 trained_events=414982 mean_loss=2.248802 lr=0.00171673 step=stateful RMSProp step applied
      unit 37/65 rc=452305 chunks=1 trained_queries=13040 trained_events=13888 mean_loss=2.167290 lr=0.00170956 step=stateful RMSProp step applied
      unit 38/65 rc=141 chunks=4 trained_queries=195453 trained_events=209808 mean_loss=2.205753 lr=0.00170238 step=stateful RMSProp step applied
      unit 39/65 rc=260398 chunks=1 trained_queries=18549 trained_events=19964 mean_loss=2.122513 lr=0.00169519 step=stateful RMSProp step applied
      unit 40/65 rc=41 chunks=124 trained_queries=6163183 trained_events=6532996 mean_loss=2.259189 lr=0.001688 step=stateful RMSProp step applied
      unit 41/65 rc=569 chunks=26 trained_queries=1259071 trained_events=1333052 mean_loss=2.239284 lr=0.0016808 step=stateful RMSProp step applied
      unit 42/65 rc=36 chunks=35 trained_queries=1745157 trained_events=1848439 mean_loss=2.245357 lr=0.00167361 step=stateful RMSProp step applied
      unit 43/65 rc=39 chunks=70 trained_queries=3489609 trained_events=3701941 mean_loss=2.229964 lr=0.0016664 step=stateful RMSProp step applied
      unit 44/65 rc=14 chunks=211 trained_queries=10509349 trained_events=11170444 mean_loss=2.240318 lr=0.0016592 step=stateful RMSProp step applied
      unit 45/65 rc=21 chunks=36 trained_queries=1758042 trained_events=1864623 mean_loss=2.233629 lr=0.00165199 step=stateful RMSProp step applied
      unit 46/65 rc=550 chunks=30 trained_queries=1491599 trained_events=1575272 mean_loss=2.233067 lr=0.00164477 step=stateful RMSProp step applied
      unit 47/65 rc=51 chunks=114 trained_queries=5673809 trained_events=6048192 mean_loss=2.236948 lr=0.00163755 step=stateful RMSProp step applied
      unit 48/65 rc=2 chunks=102 trained_queries=5051998 trained_events=5357586 mean_loss=2.233030 lr=0.00163033 step=stateful RMSProp step applied
      unit 49/65 rc=1069 chunks=2 trained_queries=71644 trained_events=75516 mean_loss=2.213494 lr=0.00162311 step=stateful RMSProp step applied
      unit 50/65 rc=73 chunks=16 trained_queries=790720 trained_events=835488 mean_loss=2.227689 lr=0.00161588 step=stateful RMSProp step applied
      unit 51/65 rc=79 chunks=75 trained_queries=3736786 trained_events=3953843 mean_loss=2.228134 lr=0.00160865 step=stateful RMSProp step applied
      unit 52/65 rc=63 chunks=50 trained_queries=2471897 trained_events=2621838 mean_loss=2.225656 lr=0.00160142 step=stateful RMSProp step applied
      unit 53/65 rc=15 chunks=108 trained_queries=5390515 trained_events=5717589 mean_loss=2.234847 lr=0.00159419 step=stateful RMSProp step applied
      unit 54/65 rc=22 chunks=147 trained_queries=7317596 trained_events=7770966 mean_loss=2.231476 lr=0.00158695 step=stateful RMSProp step applied
      unit 55/65 rc=32 chunks=25 trained_queries=1208977 trained_events=1277820 mean_loss=2.231975 lr=0.00157971 step=stateful RMSProp step applied
      unit 56/65 rc=8446 chunks=2 trained_queries=69102 trained_events=73284 mean_loss=2.210539 lr=0.00157247 step=stateful RMSProp step applied
      unit 57/65 rc=3 chunks=110 trained_queries=5457031 trained_events=5779345 mean_loss=2.229258 lr=0.00156523 step=stateful RMSProp step applied
      unit 58/65 rc=4 chunks=111 trained_queries=5516836 trained_events=5854709 mean_loss=2.228819 lr=0.00155798 step=stateful RMSProp step applied
      unit 59/65 rc=5 chunks=149 trained_queries=7411233 trained_events=7899836 mean_loss=2.217609 lr=0.00155074 step=stateful RMSProp step applied
      unit 60/65 rc=48 chunks=60 trained_queries=2973228 trained_events=3145342 mean_loss=2.226419 lr=0.00154349 step=stateful RMSProp step applied
      unit 61/65 rc=164 chunks=18 trained_queries=871265 trained_events=922669 mean_loss=2.208473 lr=0.00153625 step=stateful RMSProp step applied
      unit 62/65 rc=28 chunks=39 trained_queries=1945234 trained_events=2065842 mean_loss=2.243067 lr=0.001529 step=stateful RMSProp step applied
      unit 63/65 rc=9786 chunks=2 trained_queries=59517 trained_events=62372 mean_loss=2.226064 lr=0.00152175 step=stateful RMSProp step applied
      unit 64/65 rc=44 chunks=46 trained_queries=2269131 trained_events=2417215 mean_loss=2.205216 lr=0.0015145 step=stateful RMSProp step applied
      unit 65/65 rc=13 chunks=1 trained_queries=40285 trained_events=42160 mean_loss=2.210633 lr=0.00150725 step=stateful RMSProp step applied
    stage-epoch 5 summary trained_queries=123189067 trained_events=131385626 mean_loss=2.245643
    stage-epoch 6/10
      unit 1/65 rc=17 chunks=86 trained_queries=4283062 trained_events=4670471 mean_loss=2.213411 lr=0.0015 step=stateful RMSProp step applied
      unit 2/65 rc=6 chunks=374 trained_queries=18661859 trained_events=20055906 mean_loss=2.217542 lr=0.00149275 step=stateful RMSProp step applied
      unit 3/65 rc=597 chunks=5 trained_queries=234506 trained_events=249488 mean_loss=2.213507 lr=0.0014855 step=stateful RMSProp step applied
      unit 4/65 rc=1027293 chunks=1 trained_queries=124 trained_events=124 mean_loss=1.897969 lr=0.00147825 step=stateful RMSProp step applied
      unit 5/65 rc=111938 chunks=1 trained_queries=365 trained_events=372 mean_loss=2.501447 lr=0.001471 step=stateful RMSProp step applied
      unit 6/65 rc=384 chunks=14 trained_queries=689527 trained_events=729120 mean_loss=2.434079 lr=0.00146375 step=stateful RMSProp step applied
      unit 7/65 rc=54 chunks=44 trained_queries=2182526 trained_events=2339320 mean_loss=2.288582 lr=0.00145651 step=stateful RMSProp step applied
      unit 8/65 rc=2093 chunks=5 trained_queries=212409 trained_events=221836 mean_loss=2.294503 lr=0.00144926 step=stateful RMSProp step applied
      unit 9/65 rc=74 chunks=17 trained_queries=824408 trained_events=916249 mean_loss=2.203748 lr=0.00144202 step=stateful RMSProp step applied
      unit 10/65 rc=882313 chunks=1 trained_queries=2708 trained_events=3348 mean_loss=2.127629 lr=0.00143477 step=stateful RMSProp step applied
      unit 11/65 rc=16 chunks=23 trained_queries=1118787 trained_events=1200145 mean_loss=2.289385 lr=0.00142753 step=stateful RMSProp step applied
      unit 12/65 rc=556 chunks=9 trained_queries=402908 trained_events=427924 mean_loss=2.229357 lr=0.00142029 step=stateful RMSProp step applied
      unit 13/65 rc=213 chunks=6 trained_queries=265773 trained_events=288300 mean_loss=2.216047 lr=0.00141305 step=stateful RMSProp step applied
      unit 14/65 rc=78 chunks=17 trained_queries=834115 trained_events=894861 mean_loss=2.215433 lr=0.00140581 step=stateful RMSProp step applied
      unit 15/65 rc=18 chunks=6 trained_queries=296769 trained_events=319176 mean_loss=2.212005 lr=0.00139858 step=stateful RMSProp step applied
      unit 16/65 rc=7 chunks=9 trained_queries=416424 trained_events=452848 mean_loss=2.202613 lr=0.00139135 step=stateful RMSProp step applied
      unit 17/65 rc=6318 chunks=5 trained_queries=224634 trained_events=244528 mean_loss=2.190532 lr=0.00138412 step=stateful RMSProp step applied
      unit 18/65 rc=3129 chunks=14 trained_queries=656402 trained_events=713248 mean_loss=2.165056 lr=0.00137689 step=stateful RMSProp step applied
      unit 19/65 rc=1 chunks=4 trained_queries=199346 trained_events=215884 mean_loss=2.207466 lr=0.00136967 step=stateful RMSProp step applied
      unit 20/65 rc=14974 chunks=6 trained_queries=263799 trained_events=288300 mean_loss=2.171768 lr=0.00136245 step=stateful RMSProp step applied
      unit 21/65 rc=3051 chunks=7 trained_queries=331867 trained_events=358236 mean_loss=2.194310 lr=0.00135523 step=stateful RMSProp step applied
      unit 22/65 rc=506 chunks=26 trained_queries=1281767 trained_events=1382126 mean_loss=2.183811 lr=0.00134801 step=stateful RMSProp step applied
      unit 23/65 rc=14596 chunks=1 trained_queries=36794 trained_events=39556 mean_loss=2.210828 lr=0.0013408 step=stateful RMSProp step applied
      unit 24/65 rc=62437 chunks=4 trained_queries=171115 trained_events=191208 mean_loss=2.124512 lr=0.0013336 step=stateful RMSProp step applied
      unit 25/65 rc=425 chunks=9 trained_queries=424575 trained_events=458428 mean_loss=2.181953 lr=0.00132639 step=stateful RMSProp step applied
      unit 26/65 rc=314 chunks=7 trained_queries=314647 trained_events=338892 mean_loss=2.200923 lr=0.00131919 step=stateful RMSProp step applied
      unit 27/65 rc=531 chunks=11 trained_queries=528936 trained_events=574692 mean_loss=2.156662 lr=0.001312 step=stateful RMSProp step applied
      unit 28/65 rc=620 chunks=12 trained_queries=567606 trained_events=609782 mean_loss=2.188050 lr=0.00130481 step=stateful RMSProp step applied
      unit 29/65 rc=8062 chunks=4 trained_queries=160626 trained_events=173228 mean_loss=2.215444 lr=0.00129762 step=stateful RMSProp step applied
      unit 30/65 rc=97778 chunks=1 trained_queries=24821 trained_events=28644 mean_loss=2.031573 lr=0.00129044 step=stateful RMSProp step applied
      unit 31/65 rc=226 chunks=11 trained_queries=522108 trained_events=564898 mean_loss=2.170626 lr=0.00128327 step=stateful RMSProp step applied
      unit 32/65 rc=85 chunks=10 trained_queries=488847 trained_events=525016 mean_loss=2.197973 lr=0.0012761 step=stateful RMSProp step applied
      unit 33/65 rc=2725 chunks=16 trained_queries=754625 trained_events=807195 mean_loss=2.186643 lr=0.00126893 step=stateful RMSProp step applied
      unit 34/65 rc=3135 chunks=8 trained_queries=366260 trained_events=400520 mean_loss=2.147580 lr=0.00126177 step=stateful RMSProp step applied
      unit 35/65 rc=1739 chunks=2 trained_queries=87562 trained_events=94736 mean_loss=2.160962 lr=0.00125461 step=stateful RMSProp step applied
      unit 36/65 rc=373 chunks=8 trained_queries=386604 trained_events=414982 mean_loss=2.186800 lr=0.00124746 step=stateful RMSProp step applied
      unit 37/65 rc=452305 chunks=1 trained_queries=13040 trained_events=13888 mean_loss=2.104917 lr=0.00124032 step=stateful RMSProp step applied
      unit 38/65 rc=141 chunks=4 trained_queries=195453 trained_events=209808 mean_loss=2.151588 lr=0.00123318 step=stateful RMSProp step applied
      unit 39/65 rc=260398 chunks=1 trained_queries=18549 trained_events=19964 mean_loss=2.060781 lr=0.00122605 step=stateful RMSProp step applied
      unit 40/65 rc=41 chunks=124 trained_queries=6163183 trained_events=6532996 mean_loss=2.214269 lr=0.00121893 step=stateful RMSProp step applied
      unit 41/65 rc=569 chunks=26 trained_queries=1259071 trained_events=1333052 mean_loss=2.199823 lr=0.00121181 step=stateful RMSProp step applied
      unit 42/65 rc=36 chunks=35 trained_queries=1745157 trained_events=1848439 mean_loss=2.202560 lr=0.0012047 step=stateful RMSProp step applied
      unit 43/65 rc=39 chunks=70 trained_queries=3489609 trained_events=3701941 mean_loss=2.190764 lr=0.00119759 step=stateful RMSProp step applied
      unit 44/65 rc=14 chunks=211 trained_queries=10509349 trained_events=11170444 mean_loss=2.200138 lr=0.0011905 step=stateful RMSProp step applied
      unit 45/65 rc=21 chunks=36 trained_queries=1758042 trained_events=1864623 mean_loss=2.194677 lr=0.00118341 step=stateful RMSProp step applied
      unit 46/65 rc=550 chunks=30 trained_queries=1491599 trained_events=1575272 mean_loss=2.193224 lr=0.00117632 step=stateful RMSProp step applied
      unit 47/65 rc=51 chunks=114 trained_queries=5673809 trained_events=6048192 mean_loss=2.197798 lr=0.00116925 step=stateful RMSProp step applied
      unit 48/65 rc=2 chunks=102 trained_queries=5051998 trained_events=5357586 mean_loss=2.192024 lr=0.00116218 step=stateful RMSProp step applied
      unit 49/65 rc=1069 chunks=2 trained_queries=71644 trained_events=75516 mean_loss=2.172339 lr=0.00115512 step=stateful RMSProp step applied
      unit 50/65 rc=73 chunks=16 trained_queries=790720 trained_events=835488 mean_loss=2.188413 lr=0.00114807 step=stateful RMSProp step applied
      unit 51/65 rc=79 chunks=75 trained_queries=3736786 trained_events=3953843 mean_loss=2.189079 lr=0.00114103 step=stateful RMSProp step applied
      unit 52/65 rc=63 chunks=50 trained_queries=2471897 trained_events=2621838 mean_loss=2.185185 lr=0.00113399 step=stateful RMSProp step applied
      unit 53/65 rc=15 chunks=108 trained_queries=5390515 trained_events=5717589 mean_loss=2.193634 lr=0.00112697 step=stateful RMSProp step applied
      unit 54/65 rc=22 chunks=147 trained_queries=7317596 trained_events=7770966 mean_loss=2.189471 lr=0.00111995 step=stateful RMSProp step applied
      unit 55/65 rc=32 chunks=25 trained_queries=1208977 trained_events=1277820 mean_loss=2.192320 lr=0.00111294 step=stateful RMSProp step applied
      unit 56/65 rc=8446 chunks=2 trained_queries=69102 trained_events=73284 mean_loss=2.166791 lr=0.00110594 step=stateful RMSProp step applied
      unit 57/65 rc=3 chunks=110 trained_queries=5457031 trained_events=5779345 mean_loss=2.186999 lr=0.00109895 step=stateful RMSProp step applied
      unit 58/65 rc=4 chunks=111 trained_queries=5516836 trained_events=5854709 mean_loss=2.187551 lr=0.00109197 step=stateful RMSProp step applied
      unit 59/65 rc=5 chunks=149 trained_queries=7411233 trained_events=7899836 mean_loss=2.176364 lr=0.001085 step=stateful RMSProp step applied
      unit 60/65 rc=48 chunks=60 trained_queries=2973228 trained_events=3145342 mean_loss=2.183928 lr=0.00107803 step=stateful RMSProp step applied
      unit 61/65 rc=164 chunks=18 trained_queries=871265 trained_events=922669 mean_loss=2.160794 lr=0.00107108 step=stateful RMSProp step applied
      unit 62/65 rc=28 chunks=39 trained_queries=1945234 trained_events=2065842 mean_loss=2.173913 lr=0.00106414 step=stateful RMSProp step applied
      unit 63/65 rc=9786 chunks=2 trained_queries=59517 trained_events=62372 mean_loss=2.181170 lr=0.00105721 step=stateful RMSProp step applied
      unit 64/65 rc=44 chunks=46 trained_queries=2269131 trained_events=2417215 mean_loss=2.161191 lr=0.00105029 step=stateful RMSProp step applied
      unit 65/65 rc=13 chunks=1 trained_queries=40285 trained_events=42160 mean_loss=2.165763 lr=0.00104337 step=stateful RMSProp step applied
    stage-epoch 6 summary trained_queries=123189067 trained_events=131385626 mean_loss=2.199758
    stage-epoch 7/10
      unit 1/65 rc=17 chunks=86 trained_queries=4283062 trained_events=4670471 mean_loss=2.174134 lr=0.00103647 step=stateful RMSProp step applied
      unit 2/65 rc=6 chunks=374 trained_queries=18661859 trained_events=20055906 mean_loss=2.181369 lr=0.00102958 step=stateful RMSProp step applied
      unit 3/65 rc=597 chunks=5 trained_queries=234506 trained_events=249488 mean_loss=2.175876 lr=0.00102271 step=stateful RMSProp step applied
      unit 4/65 rc=1027293 chunks=1 trained_queries=124 trained_events=124 mean_loss=1.811699 lr=0.00101584 step=stateful RMSProp step applied
      unit 5/65 rc=111938 chunks=1 trained_queries=365 trained_events=372 mean_loss=2.357253 lr=0.00100898 step=stateful RMSProp step applied
      unit 6/65 rc=384 chunks=14 trained_queries=689527 trained_events=729120 mean_loss=2.319246 lr=0.00100214 step=stateful RMSProp step applied
      unit 7/65 rc=54 chunks=44 trained_queries=2182526 trained_events=2339320 mean_loss=2.201452 lr=0.000995305 step=stateful RMSProp step applied
      unit 8/65 rc=2093 chunks=5 trained_queries=212409 trained_events=221836 mean_loss=2.234143 lr=0.000988484 step=stateful RMSProp step applied
      unit 9/65 rc=74 chunks=17 trained_queries=824408 trained_events=916249 mean_loss=2.143682 lr=0.000981675 step=stateful RMSProp step applied
      unit 10/65 rc=882313 chunks=1 trained_queries=2708 trained_events=3348 mean_loss=2.009799 lr=0.000974877 step=stateful RMSProp step applied
      unit 11/65 rc=16 chunks=23 trained_queries=1118787 trained_events=1200145 mean_loss=2.172159 lr=0.000968093 step=stateful RMSProp step applied
      unit 12/65 rc=556 chunks=9 trained_queries=402908 trained_events=427924 mean_loss=2.174749 lr=0.00096132 step=stateful RMSProp step applied
      unit 13/65 rc=213 chunks=6 trained_queries=265773 trained_events=288300 mean_loss=2.155521 lr=0.00095456 step=stateful RMSProp step applied
      unit 14/65 rc=78 chunks=17 trained_queries=834115 trained_events=894861 mean_loss=2.163009 lr=0.000947813 step=stateful RMSProp step applied
      unit 15/65 rc=18 chunks=6 trained_queries=296769 trained_events=319176 mean_loss=2.160448 lr=0.000941079 step=stateful RMSProp step applied
      unit 16/65 rc=7 chunks=9 trained_queries=416424 trained_events=452848 mean_loss=2.149503 lr=0.000934358 step=stateful RMSProp step applied
      unit 17/65 rc=6318 chunks=5 trained_queries=224634 trained_events=244528 mean_loss=2.135213 lr=0.00092765 step=stateful RMSProp step applied
      unit 18/65 rc=3129 chunks=14 trained_queries=656402 trained_events=713248 mean_loss=2.118662 lr=0.000920955 step=stateful RMSProp step applied
      unit 19/65 rc=1 chunks=4 trained_queries=199346 trained_events=215884 mean_loss=2.162478 lr=0.000914274 step=stateful RMSProp step applied
      unit 20/65 rc=14974 chunks=6 trained_queries=263799 trained_events=288300 mean_loss=2.128303 lr=0.000907607 step=stateful RMSProp step applied
      unit 21/65 rc=3051 chunks=7 trained_queries=331867 trained_events=358236 mean_loss=2.150381 lr=0.000900953 step=stateful RMSProp step applied
      unit 22/65 rc=506 chunks=26 trained_queries=1281767 trained_events=1382126 mean_loss=2.140269 lr=0.000894313 step=stateful RMSProp step applied
      unit 23/65 rc=14596 chunks=1 trained_queries=36794 trained_events=39556 mean_loss=2.168186 lr=0.000887688 step=stateful RMSProp step applied
      unit 24/65 rc=62437 chunks=4 trained_queries=171115 trained_events=191208 mean_loss=2.072475 lr=0.000881077 step=stateful RMSProp step applied
      unit 25/65 rc=425 chunks=9 trained_queries=424575 trained_events=458428 mean_loss=2.136557 lr=0.00087448 step=stateful RMSProp step applied
      unit 26/65 rc=314 chunks=7 trained_queries=314647 trained_events=338892 mean_loss=2.163075 lr=0.000867898 step=stateful RMSProp step applied
      unit 27/65 rc=531 chunks=11 trained_queries=528936 trained_events=574692 mean_loss=2.115453 lr=0.000861331 step=stateful RMSProp step applied
      unit 28/65 rc=620 chunks=12 trained_queries=567606 trained_events=609782 mean_loss=2.150064 lr=0.000854779 step=stateful RMSProp step applied
      unit 29/65 rc=8062 chunks=4 trained_queries=160626 trained_events=173228 mean_loss=2.176434 lr=0.000848242 step=stateful RMSProp step applied
      unit 30/65 rc=97778 chunks=1 trained_queries=24821 trained_events=28644 mean_loss=1.982656 lr=0.000841719 step=stateful RMSProp step applied
      unit 31/65 rc=226 chunks=11 trained_queries=522108 trained_events=564898 mean_loss=2.142586 lr=0.000835213 step=stateful RMSProp step applied
      unit 32/65 rc=85 chunks=10 trained_queries=488847 trained_events=525016 mean_loss=2.165777 lr=0.000828721 step=stateful RMSProp step applied
      unit 33/65 rc=2725 chunks=16 trained_queries=754625 trained_events=807195 mean_loss=2.152695 lr=0.000822246 step=stateful RMSProp step applied
      unit 34/65 rc=3135 chunks=8 trained_queries=366260 trained_events=400520 mean_loss=2.113608 lr=0.000815786 step=stateful RMSProp step applied
      unit 35/65 rc=1739 chunks=2 trained_queries=87562 trained_events=94736 mean_loss=2.123260 lr=0.000809343 step=stateful RMSProp step applied
      unit 36/65 rc=373 chunks=8 trained_queries=386604 trained_events=414982 mean_loss=2.153641 lr=0.000802915 step=stateful RMSProp step applied
      unit 37/65 rc=452305 chunks=1 trained_queries=13040 trained_events=13888 mean_loss=2.072085 lr=0.000796504 step=stateful RMSProp step applied
      unit 38/65 rc=141 chunks=4 trained_queries=195453 trained_events=209808 mean_loss=2.112178 lr=0.000790109 step=stateful RMSProp step applied
      unit 39/65 rc=260398 chunks=1 trained_queries=18549 trained_events=19964 mean_loss=2.020892 lr=0.000783731 step=stateful RMSProp step applied
      unit 40/65 rc=41 chunks=124 trained_queries=6163183 trained_events=6532996 mean_loss=2.173292 lr=0.000777369 step=stateful RMSProp step applied
      unit 41/65 rc=569 chunks=26 trained_queries=1259071 trained_events=1333052 mean_loss=2.164068 lr=0.000771025 step=stateful RMSProp step applied
      unit 42/65 rc=36 chunks=35 trained_queries=1745157 trained_events=1848439 mean_loss=2.169110 lr=0.000764697 step=stateful RMSProp step applied
      unit 43/65 rc=39 chunks=70 trained_queries=3489609 trained_events=3701941 mean_loss=2.157990 lr=0.000758387 step=stateful RMSProp step applied
      unit 44/65 rc=14 chunks=211 trained_queries=10509349 trained_events=11170444 mean_loss=2.168043 lr=0.000752094 step=stateful RMSProp step applied
      unit 45/65 rc=21 chunks=36 trained_queries=1758042 trained_events=1864623 mean_loss=2.163203 lr=0.000745818 step=stateful RMSProp step applied
      unit 46/65 rc=550 chunks=30 trained_queries=1491599 trained_events=1575272 mean_loss=2.161165 lr=0.00073956 step=stateful RMSProp step applied
      unit 47/65 rc=51 chunks=114 trained_queries=5673809 trained_events=6048192 mean_loss=2.164673 lr=0.00073332 step=stateful RMSProp step applied
      unit 48/65 rc=2 chunks=102 trained_queries=5051998 trained_events=5357586 mean_loss=2.161430 lr=0.000727098 step=stateful RMSProp step applied
      unit 49/65 rc=1069 chunks=2 trained_queries=71644 trained_events=75516 mean_loss=2.137995 lr=0.000720894 step=stateful RMSProp step applied
      unit 50/65 rc=73 chunks=16 trained_queries=790720 trained_events=835488 mean_loss=2.156515 lr=0.000714707 step=stateful RMSProp step applied
      unit 51/65 rc=79 chunks=75 trained_queries=3736786 trained_events=3953843 mean_loss=2.155989 lr=0.00070854 step=stateful RMSProp step applied
      unit 52/65 rc=63 chunks=50 trained_queries=2471897 trained_events=2621838 mean_loss=2.151775 lr=0.00070239 step=stateful RMSProp step applied
      unit 53/65 rc=15 chunks=108 trained_queries=5390515 trained_events=5717589 mean_loss=2.161093 lr=0.00069626 step=stateful RMSProp step applied
      unit 54/65 rc=22 chunks=147 trained_queries=7317596 trained_events=7770966 mean_loss=2.157617 lr=0.000690148 step=stateful RMSProp step applied
      unit 55/65 rc=32 chunks=25 trained_queries=1208977 trained_events=1277820 mean_loss=2.160854 lr=0.000684055 step=stateful RMSProp step applied
      unit 56/65 rc=8446 chunks=2 trained_queries=69102 trained_events=73284 mean_loss=2.134461 lr=0.000677981 step=stateful RMSProp step applied
      unit 57/65 rc=3 chunks=110 trained_queries=5457031 trained_events=5779345 mean_loss=2.156855 lr=0.000671927 step=stateful RMSProp step applied
      unit 58/65 rc=4 chunks=111 trained_queries=5516836 trained_events=5854709 mean_loss=2.158756 lr=0.000665891 step=stateful RMSProp step applied
      unit 59/65 rc=5 chunks=149 trained_queries=7411233 trained_events=7899836 mean_loss=2.148013 lr=0.000659876 step=stateful RMSProp step applied
      unit 60/65 rc=48 chunks=60 trained_queries=2973228 trained_events=3145342 mean_loss=2.155642 lr=0.000653879 step=stateful RMSProp step applied
      unit 61/65 rc=164 chunks=18 trained_queries=871265 trained_events=922669 mean_loss=2.133105 lr=0.000647903 step=stateful RMSProp step applied
      unit 62/65 rc=28 chunks=39 trained_queries=1945234 trained_events=2065842 mean_loss=2.148250 lr=0.000641946 step=stateful RMSProp step applied
      unit 63/65 rc=9786 chunks=2 trained_queries=59517 trained_events=62372 mean_loss=2.153058 lr=0.00063601 step=stateful RMSProp step applied
      unit 64/65 rc=44 chunks=46 trained_queries=2269131 trained_events=2417215 mean_loss=2.134045 lr=0.000630093 step=stateful RMSProp step applied
      unit 65/65 rc=13 chunks=1 trained_queries=40285 trained_events=42160 mean_loss=2.136548 lr=0.000624198 step=stateful RMSProp step applied
    stage-epoch 7 summary trained_queries=123189067 trained_events=131385626 mean_loss=2.163632
    stage-epoch 8/10
      unit 1/65 rc=17 chunks=86 trained_queries=4283062 trained_events=4670471 mean_loss=2.145631 lr=0.000618322 step=stateful RMSProp step applied
      unit 2/65 rc=6 chunks=374 trained_queries=18661859 trained_events=20055906 mean_loss=2.154414 lr=0.000612467 step=stateful RMSProp step applied
      unit 3/65 rc=597 chunks=5 trained_queries=234506 trained_events=249488 mean_loss=2.149524 lr=0.000606633 step=stateful RMSProp step applied
      unit 4/65 rc=1027293 chunks=1 trained_queries=124 trained_events=124 mean_loss=1.736956 lr=0.000600819 step=stateful RMSProp step applied
      unit 5/65 rc=111938 chunks=1 trained_queries=365 trained_events=372 mean_loss=2.216034 lr=0.000595027 step=stateful RMSProp step applied
      unit 6/65 rc=384 chunks=14 trained_queries=689527 trained_events=729120 mean_loss=2.219969 lr=0.000589256 step=stateful RMSProp step applied
      unit 7/65 rc=54 chunks=44 trained_queries=2182526 trained_events=2339320 mean_loss=2.164407 lr=0.000583506 step=stateful RMSProp step applied
      unit 8/65 rc=2093 chunks=5 trained_queries=212409 trained_events=221836 mean_loss=2.202249 lr=0.000577778 step=stateful RMSProp step applied
      unit 9/65 rc=74 chunks=17 trained_queries=824408 trained_events=916249 mean_loss=2.110246 lr=0.000572071 step=stateful RMSProp step applied
      unit 10/65 rc=882313 chunks=1 trained_queries=2708 trained_events=3348 mean_loss=1.942169 lr=0.000566386 step=stateful RMSProp step applied
      unit 11/65 rc=16 chunks=23 trained_queries=1118787 trained_events=1200145 mean_loss=2.125749 lr=0.000560722 step=stateful RMSProp step applied
      unit 12/65 rc=556 chunks=9 trained_queries=402908 trained_events=427924 mean_loss=2.135688 lr=0.000555081 step=stateful RMSProp step applied
      unit 13/65 rc=213 chunks=6 trained_queries=265773 trained_events=288300 mean_loss=2.121412 lr=0.000549461 step=stateful RMSProp step applied
      unit 14/65 rc=78 chunks=17 trained_queries=834115 trained_events=894861 mean_loss=2.133156 lr=0.000543864 step=stateful RMSProp step applied
      unit 15/65 rc=18 chunks=6 trained_queries=296769 trained_events=319176 mean_loss=2.132321 lr=0.000538289 step=stateful RMSProp step applied
      unit 16/65 rc=7 chunks=9 trained_queries=416424 trained_events=452848 mean_loss=2.122500 lr=0.000532736 step=stateful RMSProp step applied
      unit 17/65 rc=6318 chunks=5 trained_queries=224634 trained_events=244528 mean_loss=2.105559 lr=0.000527207 step=stateful RMSProp step applied
      unit 18/65 rc=3129 chunks=14 trained_queries=656402 trained_events=713248 mean_loss=2.089971 lr=0.0005217 step=stateful RMSProp step applied
      unit 19/65 rc=1 chunks=4 trained_queries=199346 trained_events=215884 mean_loss=2.136874 lr=0.000516215 step=stateful RMSProp step applied
      unit 20/65 rc=14974 chunks=6 trained_queries=263799 trained_events=288300 mean_loss=2.101127 lr=0.000510754 step=stateful RMSProp step applied
      unit 21/65 rc=3051 chunks=7 trained_queries=331867 trained_events=358236 mean_loss=2.124523 lr=0.000505316 step=stateful RMSProp step applied
      unit 22/65 rc=506 chunks=26 trained_queries=1281767 trained_events=1382126 mean_loss=2.116056 lr=0.000499901 step=stateful RMSProp step applied
      unit 23/65 rc=14596 chunks=1 trained_queries=36794 trained_events=39556 mean_loss=2.142662 lr=0.000494509 step=stateful RMSProp step applied
      unit 24/65 rc=62437 chunks=4 trained_queries=171115 trained_events=191208 mean_loss=2.045364 lr=0.000489141 step=stateful RMSProp step applied
      unit 25/65 rc=425 chunks=9 trained_queries=424575 trained_events=458428 mean_loss=2.110848 lr=0.000483797 step=stateful RMSProp step applied
      unit 26/65 rc=314 chunks=7 trained_queries=314647 trained_events=338892 mean_loss=2.141017 lr=0.000478476 step=stateful RMSProp step applied
      unit 27/65 rc=531 chunks=11 trained_queries=528936 trained_events=574692 mean_loss=2.093461 lr=0.000473179 step=stateful RMSProp step applied
      unit 28/65 rc=620 chunks=12 trained_queries=567606 trained_events=609782 mean_loss=2.127639 lr=0.000467906 step=stateful RMSProp step applied
      unit 29/65 rc=8062 chunks=4 trained_queries=160626 trained_events=173228 mean_loss=2.156283 lr=0.000462658 step=stateful RMSProp step applied
      unit 30/65 rc=97778 chunks=1 trained_queries=24821 trained_events=28644 mean_loss=1.941205 lr=0.000457433 step=stateful RMSProp step applied
      unit 31/65 rc=226 chunks=11 trained_queries=522108 trained_events=564898 mean_loss=2.105936 lr=0.000452233 step=stateful RMSProp step applied
      unit 32/65 rc=85 chunks=10 trained_queries=488847 trained_events=525016 mean_loss=2.139589 lr=0.000447057 step=stateful RMSProp step applied
      unit 33/65 rc=2725 chunks=16 trained_queries=754625 trained_events=807195 mean_loss=2.129245 lr=0.000441906 step=stateful RMSProp step applied
      unit 34/65 rc=3135 chunks=8 trained_queries=366260 trained_events=400520 mean_loss=2.087441 lr=0.000436779 step=stateful RMSProp step applied
      unit 35/65 rc=1739 chunks=2 trained_queries=87562 trained_events=94736 mean_loss=2.100054 lr=0.000431678 step=stateful RMSProp step applied
      unit 36/65 rc=373 chunks=8 trained_queries=386604 trained_events=414982 mean_loss=2.132760 lr=0.000426602 step=stateful RMSProp step applied
      unit 37/65 rc=452305 chunks=1 trained_queries=13040 trained_events=13888 mean_loss=2.048305 lr=0.00042155 step=stateful RMSProp step applied
      unit 38/65 rc=141 chunks=4 trained_queries=195453 trained_events=209808 mean_loss=2.087013 lr=0.000416524 step=stateful RMSProp step applied
      unit 39/65 rc=260398 chunks=1 trained_queries=18549 trained_events=19964 mean_loss=1.990434 lr=0.000411523 step=stateful RMSProp step applied
      unit 40/65 rc=41 chunks=124 trained_queries=6163183 trained_events=6532996 mean_loss=2.150587 lr=0.000406547 step=stateful RMSProp step applied
      unit 41/65 rc=569 chunks=26 trained_queries=1259071 trained_events=1333052 mean_loss=2.145015 lr=0.000401597 step=stateful RMSProp step applied
      unit 42/65 rc=36 chunks=35 trained_queries=1745157 trained_events=1848439 mean_loss=2.150337 lr=0.000396673 step=stateful RMSProp step applied
      unit 43/65 rc=39 chunks=70 trained_queries=3489609 trained_events=3701941 mean_loss=2.140135 lr=0.000391774 step=stateful RMSProp step applied
      unit 44/65 rc=14 chunks=211 trained_queries=10509349 trained_events=11170444 mean_loss=2.150896 lr=0.000386901 step=stateful RMSProp step applied
      unit 45/65 rc=21 chunks=36 trained_queries=1758042 trained_events=1864623 mean_loss=2.146500 lr=0.000382054 step=stateful RMSProp step applied
      unit 46/65 rc=550 chunks=30 trained_queries=1491599 trained_events=1575272 mean_loss=2.144692 lr=0.000377234 step=stateful RMSProp step applied
      unit 47/65 rc=51 chunks=114 trained_queries=5673809 trained_events=6048192 mean_loss=2.147274 lr=0.000372439 step=stateful RMSProp step applied
      unit 48/65 rc=2 chunks=102 trained_queries=5051998 trained_events=5357586 mean_loss=2.144689 lr=0.000367671 step=stateful RMSProp step applied
      unit 49/65 rc=1069 chunks=2 trained_queries=71644 trained_events=75516 mean_loss=2.121762 lr=0.00036293 step=stateful RMSProp step applied
      unit 50/65 rc=73 chunks=16 trained_queries=790720 trained_events=835488 mean_loss=2.140773 lr=0.000358215 step=stateful RMSProp step applied
      unit 51/65 rc=79 chunks=75 trained_queries=3736786 trained_events=3953843 mean_loss=2.140522 lr=0.000353526 step=stateful RMSProp step applied
      unit 52/65 rc=63 chunks=50 trained_queries=2471897 trained_events=2621838 mean_loss=2.137009 lr=0.000348865 step=stateful RMSProp step applied
      unit 53/65 rc=15 chunks=108 trained_queries=5390515 trained_events=5717589 mean_loss=2.146652 lr=0.00034423 step=stateful RMSProp step applied
      unit 54/65 rc=22 chunks=147 trained_queries=7317596 trained_events=7770966 mean_loss=2.143229 lr=0.000339622 step=stateful RMSProp step applied
      unit 55/65 rc=32 chunks=25 trained_queries=1208977 trained_events=1277820 mean_loss=2.147161 lr=0.000335042 step=stateful RMSProp step applied
      unit 56/65 rc=8446 chunks=2 trained_queries=69102 trained_events=73284 mean_loss=2.119597 lr=0.000330488 step=stateful RMSProp step applied
      unit 57/65 rc=3 chunks=110 trained_queries=5457031 trained_events=5779345 mean_loss=2.143293 lr=0.000325962 step=stateful RMSProp step applied
      unit 58/65 rc=4 chunks=111 trained_queries=5516836 trained_events=5854709 mean_loss=2.145179 lr=0.000321464 step=stateful RMSProp step applied
      unit 59/65 rc=5 chunks=149 trained_queries=7411233 trained_events=7899836 mean_loss=2.135108 lr=0.000316993 step=stateful RMSProp step applied
      unit 60/65 rc=48 chunks=60 trained_queries=2973228 trained_events=3145342 mean_loss=2.142602 lr=0.000312549 step=stateful RMSProp step applied
      unit 61/65 rc=164 chunks=18 trained_queries=871265 trained_events=922669 mean_loss=2.120072 lr=0.000308133 step=stateful RMSProp step applied
      unit 62/65 rc=28 chunks=39 trained_queries=1945234 trained_events=2065842 mean_loss=2.134403 lr=0.000303746 step=stateful RMSProp step applied
      unit 63/65 rc=9786 chunks=2 trained_queries=59517 trained_events=62372 mean_loss=2.141028 lr=0.000299386 step=stateful RMSProp step applied
      unit 64/65 rc=44 chunks=46 trained_queries=2269131 trained_events=2417215 mean_loss=2.121384 lr=0.000295054 step=stateful RMSProp step applied
      unit 65/65 rc=13 chunks=1 trained_queries=40285 trained_events=42160 mean_loss=2.122814 lr=0.00029075 step=stateful RMSProp step applied
    stage-epoch 8 summary trained_queries=123189067 trained_events=131385626 mean_loss=2.143481
    stage-epoch 9/10
      unit 1/65 rc=17 chunks=86 trained_queries=4283062 trained_events=4670471 mean_loss=2.130945 lr=0.000286474 step=stateful RMSProp step applied
      unit 2/65 rc=6 chunks=374 trained_queries=18661859 trained_events=20055906 mean_loss=2.142209 lr=0.000282227 step=stateful RMSProp step applied
      unit 3/65 rc=597 chunks=5 trained_queries=234506 trained_events=249488 mean_loss=2.135159 lr=0.000278009 step=stateful RMSProp step applied
      unit 4/65 rc=1027293 chunks=1 trained_queries=124 trained_events=124 mean_loss=1.680813 lr=0.000273818 step=stateful RMSProp step applied
      unit 5/65 rc=111938 chunks=1 trained_queries=365 trained_events=372 mean_loss=2.129562 lr=0.000269657 step=stateful RMSProp step applied
      unit 6/65 rc=384 chunks=14 trained_queries=689527 trained_events=729120 mean_loss=2.161641 lr=0.000265524 step=stateful RMSProp step applied
      unit 7/65 rc=54 chunks=44 trained_queries=2182526 trained_events=2339320 mean_loss=2.129821 lr=0.00026142 step=stateful RMSProp step applied
      unit 8/65 rc=2093 chunks=5 trained_queries=212409 trained_events=221836 mean_loss=2.178502 lr=0.000257345 step=stateful RMSProp step applied
      unit 9/65 rc=74 chunks=17 trained_queries=824408 trained_events=916249 mean_loss=2.086761 lr=0.000253299 step=stateful RMSProp step applied
      unit 10/65 rc=882313 chunks=1 trained_queries=2708 trained_events=3348 mean_loss=1.904547 lr=0.000249282 step=stateful RMSProp step applied
      unit 11/65 rc=16 chunks=23 trained_queries=1118787 trained_events=1200145 mean_loss=2.101552 lr=0.000245295 step=stateful RMSProp step applied
      unit 12/65 rc=556 chunks=9 trained_queries=402908 trained_events=427924 mean_loss=2.119958 lr=0.000241336 step=stateful RMSProp step applied
      unit 13/65 rc=213 chunks=6 trained_queries=265773 trained_events=288300 mean_loss=2.105692 lr=0.000237408 step=stateful RMSProp step applied
      unit 14/65 rc=78 chunks=17 trained_queries=834115 trained_events=894861 mean_loss=2.117050 lr=0.000233508 step=stateful RMSProp step applied
      unit 15/65 rc=18 chunks=6 trained_queries=296769 trained_events=319176 mean_loss=2.118837 lr=0.000229638 step=stateful RMSProp step applied
      unit 16/65 rc=7 chunks=9 trained_queries=416424 trained_events=452848 mean_loss=2.106908 lr=0.000225798 step=stateful RMSProp step applied
      unit 17/65 rc=6318 chunks=5 trained_queries=224634 trained_events=244528 mean_loss=2.089692 lr=0.000221988 step=stateful RMSProp step applied
      unit 18/65 rc=3129 chunks=14 trained_queries=656402 trained_events=713248 mean_loss=2.075298 lr=0.000218207 step=stateful RMSProp step applied
      unit 19/65 rc=1 chunks=4 trained_queries=199346 trained_events=215884 mean_loss=2.122701 lr=0.000214456 step=stateful RMSProp step applied
      unit 20/65 rc=14974 chunks=6 trained_queries=263799 trained_events=288300 mean_loss=2.085541 lr=0.000210736 step=stateful RMSProp step applied
      unit 21/65 rc=3051 chunks=7 trained_queries=331867 trained_events=358236 mean_loss=2.111749 lr=0.000207045 step=stateful RMSProp step applied
      unit 22/65 rc=506 chunks=26 trained_queries=1281767 trained_events=1382126 mean_loss=2.103082 lr=0.000203385 step=stateful RMSProp step applied
      unit 23/65 rc=14596 chunks=1 trained_queries=36794 trained_events=39556 mean_loss=2.127833 lr=0.000199755 step=stateful RMSProp step applied
      unit 24/65 rc=62437 chunks=4 trained_queries=171115 trained_events=191208 mean_loss=2.028680 lr=0.000196156 step=stateful RMSProp step applied
      unit 25/65 rc=425 chunks=9 trained_queries=424575 trained_events=458428 mean_loss=2.097441 lr=0.000192586 step=stateful RMSProp step applied
      unit 26/65 rc=314 chunks=7 trained_queries=314647 trained_events=338892 mean_loss=2.127777 lr=0.000189048 step=stateful RMSProp step applied
      unit 27/65 rc=531 chunks=11 trained_queries=528936 trained_events=574692 mean_loss=2.081962 lr=0.00018554 step=stateful RMSProp step applied
      unit 28/65 rc=620 chunks=12 trained_queries=567606 trained_events=609782 mean_loss=2.116775 lr=0.000182063 step=stateful RMSProp step applied
      unit 29/65 rc=8062 chunks=4 trained_queries=160626 trained_events=173228 mean_loss=2.144869 lr=0.000178616 step=stateful RMSProp step applied
      unit 30/65 rc=97778 chunks=1 trained_queries=24821 trained_events=28644 mean_loss=1.919823 lr=0.000175201 step=stateful RMSProp step applied
      unit 31/65 rc=226 chunks=11 trained_queries=522108 trained_events=564898 mean_loss=2.092687 lr=0.000171816 step=stateful RMSProp step applied
      unit 32/65 rc=85 chunks=10 trained_queries=488847 trained_events=525016 mean_loss=2.129516 lr=0.000168462 step=stateful RMSProp step applied
      unit 33/65 rc=2725 chunks=16 trained_queries=754625 trained_events=807195 mean_loss=2.120580 lr=0.00016514 step=stateful RMSProp step applied
      unit 34/65 rc=3135 chunks=8 trained_queries=366260 trained_events=400520 mean_loss=2.076021 lr=0.000161848 step=stateful RMSProp step applied
      unit 35/65 rc=1739 chunks=2 trained_queries=87562 trained_events=94736 mean_loss=2.088471 lr=0.000158588 step=stateful RMSProp step applied
      unit 36/65 rc=373 chunks=8 trained_queries=386604 trained_events=414982 mean_loss=2.123208 lr=0.00015536 step=stateful RMSProp step applied
      unit 37/65 rc=452305 chunks=1 trained_queries=13040 trained_events=13888 mean_loss=2.033844 lr=0.000152162 step=stateful RMSProp step applied
      unit 38/65 rc=141 chunks=4 trained_queries=195453 trained_events=209808 mean_loss=2.077154 lr=0.000148996 step=stateful RMSProp step applied
      unit 39/65 rc=260398 chunks=1 trained_queries=18549 trained_events=19964 mean_loss=1.976685 lr=0.000145862 step=stateful RMSProp step applied
      unit 40/65 rc=41 chunks=124 trained_queries=6163183 trained_events=6532996 mean_loss=2.140242 lr=0.000142759 step=stateful RMSProp step applied
      unit 41/65 rc=569 chunks=26 trained_queries=1259071 trained_events=1333052 mean_loss=2.135837 lr=0.000139688 step=stateful RMSProp step applied
      unit 42/65 rc=36 chunks=35 trained_queries=1745157 trained_events=1848439 mean_loss=2.141990 lr=0.000136649 step=stateful RMSProp step applied
      unit 43/65 rc=39 chunks=70 trained_queries=3489609 trained_events=3701941 mean_loss=2.132255 lr=0.000133642 step=stateful RMSProp step applied
      unit 44/65 rc=14 chunks=211 trained_queries=10509349 trained_events=11170444 mean_loss=2.143277 lr=0.000130666 step=stateful RMSProp step applied
      unit 45/65 rc=21 chunks=36 trained_queries=1758042 trained_events=1864623 mean_loss=2.139215 lr=0.000127723 step=stateful RMSProp step applied
      unit 46/65 rc=550 chunks=30 trained_queries=1491599 trained_events=1575272 mean_loss=2.137770 lr=0.000124812 step=stateful RMSProp step applied
      unit 47/65 rc=51 chunks=114 trained_queries=5673809 trained_events=6048192 mean_loss=2.139935 lr=0.000121933 step=stateful RMSProp step applied
      unit 48/65 rc=2 chunks=102 trained_queries=5051998 trained_events=5357586 mean_loss=2.138178 lr=0.000119085 step=stateful RMSProp step applied
      unit 49/65 rc=1069 chunks=2 trained_queries=71644 trained_events=75516 mean_loss=2.115320 lr=0.000116271 step=stateful RMSProp step applied
      unit 50/65 rc=73 chunks=16 trained_queries=790720 trained_events=835488 mean_loss=2.134137 lr=0.000113488 step=stateful RMSProp step applied
      unit 51/65 rc=79 chunks=75 trained_queries=3736786 trained_events=3953843 mean_loss=2.133657 lr=0.000110738 step=stateful RMSProp step applied
      unit 52/65 rc=63 chunks=50 trained_queries=2471897 trained_events=2621838 mean_loss=2.130772 lr=0.00010802 step=stateful RMSProp step applied
      unit 53/65 rc=15 chunks=108 trained_queries=5390515 trained_events=5717589 mean_loss=2.140782 lr=0.000105335 step=stateful RMSProp step applied
      unit 54/65 rc=22 chunks=147 trained_queries=7317596 trained_events=7770966 mean_loss=2.137465 lr=0.000102683 step=stateful RMSProp step applied
      unit 55/65 rc=32 chunks=25 trained_queries=1208977 trained_events=1277820 mean_loss=2.141377 lr=0.000100063 step=stateful RMSProp step applied
      unit 56/65 rc=8446 chunks=2 trained_queries=69102 trained_events=73284 mean_loss=2.113004 lr=9.74757e-05 step=stateful RMSProp step applied
      unit 57/65 rc=3 chunks=110 trained_queries=5457031 trained_events=5779345 mean_loss=2.137757 lr=9.49212e-05 step=stateful RMSProp step applied
      unit 58/65 rc=4 chunks=111 trained_queries=5516836 trained_events=5854709 mean_loss=2.140102 lr=9.23995e-05 step=stateful RMSProp step applied
      unit 59/65 rc=5 chunks=149 trained_queries=7411233 trained_events=7899836 mean_loss=2.130027 lr=8.99108e-05 step=stateful RMSProp step applied
      unit 60/65 rc=48 chunks=60 trained_queries=2973228 trained_events=3145342 mean_loss=2.137507 lr=8.74549e-05 step=stateful RMSProp step applied
      unit 61/65 rc=164 chunks=18 trained_queries=871265 trained_events=922669 mean_loss=2.114969 lr=8.50322e-05 step=stateful RMSProp step applied
      unit 62/65 rc=28 chunks=39 trained_queries=1945234 trained_events=2065842 mean_loss=2.130026 lr=8.26424e-05 step=stateful RMSProp step applied
      unit 63/65 rc=9786 chunks=2 trained_queries=59517 trained_events=62372 mean_loss=2.136309 lr=8.02859e-05 step=stateful RMSProp step applied
      unit 64/65 rc=44 chunks=46 trained_queries=2269131 trained_events=2417215 mean_loss=2.116607 lr=7.79624e-05 step=stateful RMSProp step applied
      unit 65/65 rc=13 chunks=1 trained_queries=40285 trained_events=42160 mean_loss=2.117105 lr=7.56722e-05 step=stateful RMSProp step applied
    stage-epoch 9 summary trained_queries=123189067 trained_events=131385626 mean_loss=2.134099
    stage-epoch 10/10
      unit 1/65 rc=17 chunks=86 trained_queries=4283062 trained_events=4670471 mean_loss=2.125549 lr=7.34153e-05 step=stateful RMSProp step applied
      unit 2/65 rc=6 chunks=374 trained_queries=18661859 trained_events=20055906 mean_loss=2.136444 lr=7.11915e-05 step=stateful RMSProp step applied
      unit 3/65 rc=597 chunks=5 trained_queries=234506 trained_events=249488 mean_loss=2.129612 lr=6.90013e-05 step=stateful RMSProp step applied
      unit 4/65 rc=1027293 chunks=1 trained_queries=124 trained_events=124 mean_loss=1.644585 lr=6.68444e-05 step=stateful RMSProp step applied
      unit 5/65 rc=111938 chunks=1 trained_queries=365 trained_events=372 mean_loss=2.097546 lr=6.4721e-05 step=stateful RMSProp step applied
      unit 6/65 rc=384 chunks=14 trained_queries=689527 trained_events=729120 mean_loss=2.138795 lr=6.26312e-05 step=stateful RMSProp step applied
      unit 7/65 rc=54 chunks=44 trained_queries=2182526 trained_events=2339320 mean_loss=2.116578 lr=6.0575e-05 step=stateful RMSProp step applied
      unit 8/65 rc=2093 chunks=5 trained_queries=212409 trained_events=221836 mean_loss=2.168653 lr=5.85524e-05 step=stateful RMSProp step applied
      unit 9/65 rc=74 chunks=17 trained_queries=824408 trained_events=916249 mean_loss=2.076991 lr=5.65634e-05 step=stateful RMSProp step applied
      unit 10/65 rc=882313 chunks=1 trained_queries=2708 trained_events=3348 mean_loss=1.883323 lr=5.46082e-05 step=stateful RMSProp step applied
      unit 11/65 rc=16 chunks=23 trained_queries=1118787 trained_events=1200145 mean_loss=2.092170 lr=5.26867e-05 step=stateful RMSProp step applied
      unit 12/65 rc=556 chunks=9 trained_queries=402908 trained_events=427924 mean_loss=2.112487 lr=5.07989e-05 step=stateful RMSProp step applied
      unit 13/65 rc=213 chunks=6 trained_queries=265773 trained_events=288300 mean_loss=2.097261 lr=4.89451e-05 step=stateful RMSProp step applied
      unit 14/65 rc=78 chunks=17 trained_queries=834115 trained_events=894861 mean_loss=2.110270 lr=4.71252e-05 step=stateful RMSProp step applied
      unit 15/65 rc=18 chunks=6 trained_queries=296769 trained_events=319176 mean_loss=2.110814 lr=4.53392e-05 step=stateful RMSProp step applied
      unit 16/65 rc=7 chunks=9 trained_queries=416424 trained_events=452848 mean_loss=2.100596 lr=4.35872e-05 step=stateful RMSProp step applied
      unit 17/65 rc=6318 chunks=5 trained_queries=224634 trained_events=244528 mean_loss=2.082127 lr=4.18693e-05 step=stateful RMSProp step applied
      unit 18/65 rc=3129 chunks=14 trained_queries=656402 trained_events=713248 mean_loss=2.069814 lr=4.01854e-05 step=stateful RMSProp step applied
      unit 19/65 rc=1 chunks=4 trained_queries=199346 trained_events=215884 mean_loss=2.117248 lr=3.85356e-05 step=stateful RMSProp step applied
      unit 20/65 rc=14974 chunks=6 trained_queries=263799 trained_events=288300 mean_loss=2.079519 lr=3.69199e-05 step=stateful RMSProp step applied
      unit 21/65 rc=3051 chunks=7 trained_queries=331867 trained_events=358236 mean_loss=2.107387 lr=3.53384e-05 step=stateful RMSProp step applied
      unit 22/65 rc=506 chunks=26 trained_queries=1281767 trained_events=1382126 mean_loss=2.098177 lr=3.3791e-05 step=stateful RMSProp step applied
      unit 23/65 rc=14596 chunks=1 trained_queries=36794 trained_events=39556 mean_loss=2.123113 lr=3.2278e-05 step=stateful RMSProp step applied
      unit 24/65 rc=62437 chunks=4 trained_queries=171115 trained_events=191208 mean_loss=2.025273 lr=3.07993e-05 step=stateful RMSProp step applied
      unit 25/65 rc=425 chunks=9 trained_queries=424575 trained_events=458428 mean_loss=2.093164 lr=2.93549e-05 step=stateful RMSProp step applied
      unit 26/65 rc=314 chunks=7 trained_queries=314647 trained_events=338892 mean_loss=2.123485 lr=2.79448e-05 step=stateful RMSProp step applied
      unit 27/65 rc=531 chunks=11 trained_queries=528936 trained_events=574692 mean_loss=2.078636 lr=2.65692e-05 step=stateful RMSProp step applied
      unit 28/65 rc=620 chunks=12 trained_queries=567606 trained_events=609782 mean_loss=2.113835 lr=2.52279e-05 step=stateful RMSProp step applied
      unit 29/65 rc=8062 chunks=4 trained_queries=160626 trained_events=173228 mean_loss=2.141654 lr=2.3921e-05 step=stateful RMSProp step applied
      unit 30/65 rc=97778 chunks=1 trained_queries=24821 trained_events=28644 mean_loss=1.911458 lr=2.26487e-05 step=stateful RMSProp step applied
      unit 31/65 rc=226 chunks=11 trained_queries=522108 trained_events=564898 mean_loss=2.089682 lr=2.14109e-05 step=stateful RMSProp step applied
      unit 32/65 rc=85 chunks=10 trained_queries=488847 trained_events=525016 mean_loss=2.125552 lr=2.02075e-05 step=stateful RMSProp step applied
      unit 33/65 rc=2725 chunks=16 trained_queries=754625 trained_events=807195 mean_loss=2.116962 lr=1.90389e-05 step=stateful RMSProp step applied
      unit 34/65 rc=3135 chunks=8 trained_queries=366260 trained_events=400520 mean_loss=2.074054 lr=1.79047e-05 step=stateful RMSProp step applied
      unit 35/65 rc=1739 chunks=2 trained_queries=87562 trained_events=94736 mean_loss=2.095660 lr=1.68053e-05 step=stateful RMSProp step applied
      unit 36/65 rc=373 chunks=8 trained_queries=386604 trained_events=414982 mean_loss=2.120399 lr=1.57404e-05 step=stateful RMSProp step applied
      unit 37/65 rc=452305 chunks=1 trained_queries=13040 trained_events=13888 mean_loss=2.030070 lr=1.47102e-05 step=stateful RMSProp step applied
      unit 38/65 rc=141 chunks=4 trained_queries=195453 trained_events=209808 mean_loss=2.074165 lr=1.37148e-05 step=stateful RMSProp step applied
      unit 39/65 rc=260398 chunks=1 trained_queries=18549 trained_events=19964 mean_loss=1.973720 lr=1.2754e-05 step=stateful RMSProp step applied
      unit 40/65 rc=41 chunks=124 trained_queries=6163183 trained_events=6532996 mean_loss=2.137170 lr=1.18279e-05 step=stateful RMSProp step applied
      unit 41/65 rc=569 chunks=26 trained_queries=1259071 trained_events=1333052 mean_loss=2.133175 lr=1.09367e-05 step=stateful RMSProp step applied
      unit 42/65 rc=36 chunks=35 trained_queries=1745157 trained_events=1848439 mean_loss=2.139514 lr=1.00802e-05 step=stateful RMSProp step applied
      unit 43/65 rc=39 chunks=70 trained_queries=3489609 trained_events=3701941 mean_loss=2.130147 lr=9.25854e-06 step=stateful RMSProp step applied
      unit 44/65 rc=14 chunks=211 trained_queries=10509349 trained_events=11170444 mean_loss=2.141144 lr=8.47167e-06 step=stateful RMSProp step applied
      unit 45/65 rc=21 chunks=36 trained_queries=1758042 trained_events=1864623 mean_loss=2.137455 lr=7.71967e-06 step=stateful RMSProp step applied
      unit 46/65 rc=550 chunks=30 trained_queries=1491599 trained_events=1575272 mean_loss=2.135999 lr=7.00253e-06 step=stateful RMSProp step applied
      unit 47/65 rc=51 chunks=114 trained_queries=5673809 trained_events=6048192 mean_loss=2.138334 lr=6.32027e-06 step=stateful RMSProp step applied
      unit 48/65 rc=2 chunks=102 trained_queries=5051998 trained_events=5357586 mean_loss=2.136696 lr=5.67287e-06 step=stateful RMSProp step applied
      unit 49/65 rc=1069 chunks=2 trained_queries=71644 trained_events=75516 mean_loss=2.113024 lr=5.06043e-06 step=stateful RMSProp step applied
      unit 50/65 rc=73 chunks=16 trained_queries=790720 trained_events=835488 mean_loss=2.133065 lr=4.48287e-06 step=stateful RMSProp step applied
      unit 51/65 rc=79 chunks=75 trained_queries=3736786 trained_events=3953843 mean_loss=2.132311 lr=3.94025e-06 step=stateful RMSProp step applied
      unit 52/65 rc=63 chunks=50 trained_queries=2471897 trained_events=2621838 mean_loss=2.129687 lr=3.4326e-06 step=stateful RMSProp step applied
      unit 53/65 rc=15 chunks=108 trained_queries=5390515 trained_events=5717589 mean_loss=2.140016 lr=2.95991e-06 step=stateful RMSProp step applied
      unit 54/65 rc=22 chunks=147 trained_queries=7317596 trained_events=7770966 mean_loss=2.136681 lr=2.52217e-06 step=stateful RMSProp step applied
      unit 55/65 rc=32 chunks=25 trained_queries=1208977 trained_events=1277820 mean_loss=2.140752 lr=2.11939e-06 step=stateful RMSProp step applied
      unit 56/65 rc=8446 chunks=2 trained_queries=69102 trained_events=73284 mean_loss=2.110841 lr=1.75166e-06 step=stateful RMSProp step applied
      unit 57/65 rc=3 chunks=110 trained_queries=5457031 trained_events=5779345 mean_loss=2.137142 lr=1.41889e-06 step=stateful RMSProp step applied
      unit 58/65 rc=4 chunks=111 trained_queries=5516836 trained_events=5854709 mean_loss=2.139666 lr=1.12116e-06 step=stateful RMSProp step applied
      unit 59/65 rc=5 chunks=149 trained_queries=7411233 trained_events=7899836 mean_loss=2.129912 lr=8.58396e-07 step=stateful RMSProp step applied
      unit 60/65 rc=48 chunks=60 trained_queries=2973228 trained_events=3145342 mean_loss=2.137494 lr=6.30677e-07 step=stateful RMSProp step applied
      unit 61/65 rc=164 chunks=18 trained_queries=871265 trained_events=922669 mean_loss=2.114506 lr=4.38005e-07 step=stateful RMSProp step applied
      unit 62/65 rc=28 chunks=39 trained_queries=1945234 trained_events=2065842 mean_loss=2.129153 lr=2.80291e-07 step=stateful RMSProp step applied
      unit 63/65 rc=9786 chunks=2 trained_queries=59517 trained_events=62372 mean_loss=2.136425 lr=1.57714e-07 step=stateful RMSProp step applied
      unit 64/65 rc=44 chunks=46 trained_queries=2269131 trained_events=2417215 mean_loss=2.116381 lr=7.00951e-08 step=stateful RMSProp step applied
      unit 65/65 rc=13 chunks=1 trained_queries=40285 trained_events=42160 mean_loss=2.115565 lr=1.75238e-08 step=stateful RMSProp step applied
    stage-epoch 10 summary trained_queries=123189067 trained_events=131385626 mean_loss=2.131222
  train-growth-stage-timing: plan=0.178s setup=0.584s train=2043.581s copy_back=0.001s cleanup=0.041s total=2044.385s
  growth-stage-timing 1/1: ingest=4.830s materialize=0.000s train_stage=2044.385s free_radix=0.000s total=2049.216s
  train-growth: saved final weights to rnd/cudax-d124-probe/20260528T071446-d124-d64l2-static10/checkpoint.model
  train-growth: completed stages=1 optimizer_steps=650
