AGPT CUDA Trainer V2
  mode: train-growth
  model: d=64 heads=4 layers=2 ff=256 vocab=65 seq=124 head_dim=16
  corpus: rnd/cudax-d124-probe/20260528T061312-d124-d64l2-static3/train_corpus.txt tokens=1059624 full_starts=1059623
  growth: stages=1 epochs_per_stage=3 min_epochs=3 epoch_schedule=fixed scheduled_epochs=3 optimizer=rmsprop schedule=warmup-cosine materializer=incremental-radix estimated_total_unit_steps=195
  growth-frontiers: source=generated-divisions divisions=1 train_frac=1.000000 final_frontier=1059623
  config: lr=0.003000 warmup_epochs=0 partition_depth=1 chunk_queries=50000 anc_grad=true
  rope-position: mode=depth
  growth-stage 1/1: frontier_starts=1059623 ingested_starts=1059623 radix_nodes=1584865 edge_chars=123189067 counts=2644418 flat_counts=5353351
  train-growth-stage: epochs=3 units=65 optimizer=rmsprop radix_nodes=1584865 edge_chars=123189067
    stage-epoch 1/3
      unit 1/65 rc=17 chunks=86 trained_queries=4283062 trained_events=4670471 mean_loss=4.595230 lr=0.003 step=stateful RMSProp step applied
      unit 2/65 rc=6 chunks=374 trained_queries=18661859 trained_events=20055906 mean_loss=4.405195 lr=0.00299981 step=stateful RMSProp step applied
      unit 3/65 rc=597 chunks=5 trained_queries=234506 trained_events=249488 mean_loss=6.379472 lr=0.00299922 step=stateful RMSProp step applied
      unit 4/65 rc=1027293 chunks=1 trained_queries=124 trained_events=124 mean_loss=5.804335 lr=0.00299825 step=stateful RMSProp step applied
      unit 5/65 rc=111938 chunks=1 trained_queries=365 trained_events=372 mean_loss=5.502452 lr=0.00299689 step=stateful RMSProp step applied
      unit 6/65 rc=384 chunks=14 trained_queries=689527 trained_events=729120 mean_loss=4.993867 lr=0.00299514 step=stateful RMSProp step applied
      unit 7/65 rc=54 chunks=44 trained_queries=2182526 trained_events=2339320 mean_loss=4.137401 lr=0.002993 step=stateful RMSProp step applied
      unit 8/65 rc=2093 chunks=5 trained_queries=212409 trained_events=221836 mean_loss=3.860858 lr=0.00299047 step=stateful RMSProp step applied
      unit 9/65 rc=74 chunks=17 trained_queries=824408 trained_events=916249 mean_loss=3.650983 lr=0.00298756 step=stateful RMSProp step applied
      unit 10/65 rc=882313 chunks=1 trained_queries=2708 trained_events=3348 mean_loss=3.675066 lr=0.00298426 step=stateful RMSProp step applied
      unit 11/65 rc=16 chunks=23 trained_queries=1118787 trained_events=1200145 mean_loss=3.551632 lr=0.00298058 step=stateful RMSProp step applied
      unit 12/65 rc=556 chunks=9 trained_queries=402908 trained_events=427924 mean_loss=3.246178 lr=0.00297651 step=stateful RMSProp step applied
      unit 13/65 rc=213 chunks=6 trained_queries=265773 trained_events=288300 mean_loss=3.296405 lr=0.00297206 step=stateful RMSProp step applied
      unit 14/65 rc=78 chunks=17 trained_queries=834115 trained_events=894861 mean_loss=3.205317 lr=0.00296722 step=stateful RMSProp step applied
      unit 15/65 rc=18 chunks=6 trained_queries=296769 trained_events=319176 mean_loss=3.216368 lr=0.00296201 step=stateful RMSProp step applied
      unit 16/65 rc=7 chunks=9 trained_queries=416424 trained_events=452848 mean_loss=3.135958 lr=0.00295641 step=stateful RMSProp step applied
      unit 17/65 rc=6318 chunks=5 trained_queries=224634 trained_events=244528 mean_loss=3.125564 lr=0.00295044 step=stateful RMSProp step applied
      unit 18/65 rc=3129 chunks=14 trained_queries=656402 trained_events=713248 mean_loss=3.198308 lr=0.00294409 step=stateful RMSProp step applied
      unit 19/65 rc=1 chunks=4 trained_queries=199346 trained_events=215884 mean_loss=3.115526 lr=0.00293737 step=stateful RMSProp step applied
      unit 20/65 rc=14974 chunks=6 trained_queries=263799 trained_events=288300 mean_loss=3.083238 lr=0.00293027 step=stateful RMSProp step applied
      unit 21/65 rc=3051 chunks=7 trained_queries=331867 trained_events=358236 mean_loss=3.012007 lr=0.0029228 step=stateful RMSProp step applied
      unit 22/65 rc=506 chunks=26 trained_queries=1281767 trained_events=1382126 mean_loss=2.964532 lr=0.00291497 step=stateful RMSProp step applied
      unit 23/65 rc=14596 chunks=1 trained_queries=36794 trained_events=39556 mean_loss=2.956538 lr=0.00290676 step=stateful RMSProp step applied
      unit 24/65 rc=62437 chunks=4 trained_queries=171115 trained_events=191208 mean_loss=3.005786 lr=0.00289819 step=stateful RMSProp step applied
      unit 25/65 rc=425 chunks=9 trained_queries=424575 trained_events=458428 mean_loss=2.940513 lr=0.00288926 step=stateful RMSProp step applied
      unit 26/65 rc=314 chunks=7 trained_queries=314647 trained_events=338892 mean_loss=2.923703 lr=0.00287997 step=stateful RMSProp step applied
      unit 27/65 rc=531 chunks=11 trained_queries=528936 trained_events=574692 mean_loss=2.905611 lr=0.00287032 step=stateful RMSProp step applied
      unit 28/65 rc=620 chunks=12 trained_queries=567606 trained_events=609782 mean_loss=2.895349 lr=0.00286031 step=stateful RMSProp step applied
      unit 29/65 rc=8062 chunks=4 trained_queries=160626 trained_events=173228 mean_loss=2.909260 lr=0.00284995 step=stateful RMSProp step applied
      unit 30/65 rc=97778 chunks=1 trained_queries=24821 trained_events=28644 mean_loss=2.952504 lr=0.00283924 step=stateful RMSProp step applied
      unit 31/65 rc=226 chunks=11 trained_queries=522108 trained_events=564898 mean_loss=2.991669 lr=0.00282818 step=stateful RMSProp step applied
      unit 32/65 rc=85 chunks=10 trained_queries=488847 trained_events=525016 mean_loss=2.903910 lr=0.00281678 step=stateful RMSProp step applied
      unit 33/65 rc=2725 chunks=16 trained_queries=754625 trained_events=807195 mean_loss=2.856890 lr=0.00280504 step=stateful RMSProp step applied
      unit 34/65 rc=3135 chunks=8 trained_queries=366260 trained_events=400520 mean_loss=2.868236 lr=0.00279295 step=stateful RMSProp step applied
      unit 35/65 rc=1739 chunks=2 trained_queries=87562 trained_events=94736 mean_loss=2.852233 lr=0.00278054 step=stateful RMSProp step applied
      unit 36/65 rc=373 chunks=8 trained_queries=386604 trained_events=414982 mean_loss=2.860158 lr=0.00276778 step=stateful RMSProp step applied
      unit 37/65 rc=452305 chunks=1 trained_queries=13040 trained_events=13888 mean_loss=2.824751 lr=0.00275471 step=stateful RMSProp step applied
      unit 38/65 rc=141 chunks=4 trained_queries=195453 trained_events=209808 mean_loss=2.848575 lr=0.0027413 step=stateful RMSProp step applied
      unit 39/65 rc=260398 chunks=1 trained_queries=18549 trained_events=19964 mean_loss=2.818486 lr=0.00272757 step=stateful RMSProp step applied
      unit 40/65 rc=41 chunks=124 trained_queries=6163183 trained_events=6532996 mean_loss=2.822427 lr=0.00271353 step=stateful RMSProp step applied
      unit 41/65 rc=569 chunks=26 trained_queries=1259071 trained_events=1333052 mean_loss=2.796241 lr=0.00269916 step=stateful RMSProp step applied
      unit 42/65 rc=36 chunks=35 trained_queries=1745157 trained_events=1848439 mean_loss=2.792170 lr=0.00268449 step=stateful RMSProp step applied
      unit 43/65 rc=39 chunks=70 trained_queries=3489609 trained_events=3701941 mean_loss=2.772446 lr=0.00266951 step=stateful RMSProp step applied
      unit 44/65 rc=14 chunks=211 trained_queries=10509349 trained_events=11170444 mean_loss=2.768933 lr=0.00265423 step=stateful RMSProp step applied
      unit 45/65 rc=21 chunks=36 trained_queries=1758042 trained_events=1864623 mean_loss=2.764169 lr=0.00263864 step=stateful RMSProp step applied
      unit 46/65 rc=550 chunks=30 trained_queries=1491599 trained_events=1575272 mean_loss=2.780005 lr=0.00262277 step=stateful RMSProp step applied
      unit 47/65 rc=51 chunks=114 trained_queries=5673809 trained_events=6048192 mean_loss=2.760041 lr=0.0026066 step=stateful RMSProp step applied
      unit 48/65 rc=2 chunks=102 trained_queries=5051998 trained_events=5357586 mean_loss=2.757626 lr=0.00259014 step=stateful RMSProp step applied
      unit 49/65 rc=1069 chunks=2 trained_queries=71644 trained_events=75516 mean_loss=2.758881 lr=0.0025734 step=stateful RMSProp step applied
      unit 50/65 rc=73 chunks=16 trained_queries=790720 trained_events=835488 mean_loss=2.740027 lr=0.00255638 step=stateful RMSProp step applied
      unit 51/65 rc=79 chunks=75 trained_queries=3736786 trained_events=3953843 mean_loss=2.732832 lr=0.00253909 step=stateful RMSProp step applied
      unit 52/65 rc=63 chunks=50 trained_queries=2471897 trained_events=2621838 mean_loss=2.729343 lr=0.00252152 step=stateful RMSProp step applied
      unit 53/65 rc=15 chunks=108 trained_queries=5390515 trained_events=5717589 mean_loss=2.721340 lr=0.0025037 step=stateful RMSProp step applied
      unit 54/65 rc=22 chunks=147 trained_queries=7317596 trained_events=7770966 mean_loss=2.717728 lr=0.00248561 step=stateful RMSProp step applied
      unit 55/65 rc=32 chunks=25 trained_queries=1208977 trained_events=1277820 mean_loss=2.718686 lr=0.00246726 step=stateful RMSProp step applied
      unit 56/65 rc=8446 chunks=2 trained_queries=69102 trained_events=73284 mean_loss=2.727314 lr=0.00244867 step=stateful RMSProp step applied
      unit 57/65 rc=3 chunks=110 trained_queries=5457031 trained_events=5779345 mean_loss=2.718744 lr=0.00242983 step=stateful RMSProp step applied
      unit 58/65 rc=4 chunks=111 trained_queries=5516836 trained_events=5854709 mean_loss=2.730582 lr=0.00241074 step=stateful RMSProp step applied
      unit 59/65 rc=5 chunks=149 trained_queries=7411233 trained_events=7899836 mean_loss=2.727864 lr=0.00239142 step=stateful RMSProp step applied
      unit 60/65 rc=48 chunks=60 trained_queries=2973228 trained_events=3145342 mean_loss=2.723492 lr=0.00237187 step=stateful RMSProp step applied
      unit 61/65 rc=164 chunks=18 trained_queries=871265 trained_events=922669 mean_loss=2.710840 lr=0.0023521 step=stateful RMSProp step applied
      unit 62/65 rc=28 chunks=39 trained_queries=1945234 trained_events=2065842 mean_loss=2.701675 lr=0.0023321 step=stateful RMSProp step applied
      unit 63/65 rc=9786 chunks=2 trained_queries=59517 trained_events=62372 mean_loss=2.700750 lr=0.00231189 step=stateful RMSProp step applied
      unit 64/65 rc=44 chunks=46 trained_queries=2269131 trained_events=2417215 mean_loss=2.686611 lr=0.00229146 step=stateful RMSProp step applied
      unit 65/65 rc=13 chunks=1 trained_queries=40285 trained_events=42160 mean_loss=2.700985 lr=0.00227083 step=stateful RMSProp step applied
    stage-epoch 1 summary trained_queries=123189067 trained_events=131385626 mean_loss=3.147395
    stage-epoch 2/3
      unit 1/65 rc=17 chunks=86 trained_queries=4283062 trained_events=4670471 mean_loss=2.694146 lr=0.00225 step=stateful RMSProp step applied
      unit 2/65 rc=6 chunks=374 trained_queries=18661859 trained_events=20055906 mean_loss=2.681517 lr=0.00222898 step=stateful RMSProp step applied
      unit 3/65 rc=597 chunks=5 trained_queries=234506 trained_events=249488 mean_loss=2.680075 lr=0.00220776 step=stateful RMSProp step applied
      unit 4/65 rc=1027293 chunks=1 trained_queries=124 trained_events=124 mean_loss=2.595243 lr=0.00218636 step=stateful RMSProp step applied
      unit 5/65 rc=111938 chunks=1 trained_queries=365 trained_events=372 mean_loss=3.194110 lr=0.00216479 step=stateful RMSProp step applied
      unit 6/65 rc=384 chunks=14 trained_queries=689527 trained_events=729120 mean_loss=2.833456 lr=0.00214304 step=stateful RMSProp step applied
      unit 7/65 rc=54 chunks=44 trained_queries=2182526 trained_events=2339320 mean_loss=2.703744 lr=0.00212112 step=stateful RMSProp step applied
      unit 8/65 rc=2093 chunks=5 trained_queries=212409 trained_events=221836 mean_loss=2.720518 lr=0.00209905 step=stateful RMSProp step applied
      unit 9/65 rc=74 chunks=17 trained_queries=824408 trained_events=916249 mean_loss=2.665828 lr=0.00207681 step=stateful RMSProp step applied
      unit 10/65 rc=882313 chunks=1 trained_queries=2708 trained_events=3348 mean_loss=2.903040 lr=0.00205443 step=stateful RMSProp step applied
      unit 11/65 rc=16 chunks=23 trained_queries=1118787 trained_events=1200145 mean_loss=2.715683 lr=0.00203191 step=stateful RMSProp step applied
      unit 12/65 rc=556 chunks=9 trained_queries=402908 trained_events=427924 mean_loss=2.654852 lr=0.00200924 step=stateful RMSProp step applied
      unit 13/65 rc=213 chunks=6 trained_queries=265773 trained_events=288300 mean_loss=2.653510 lr=0.00198645 step=stateful RMSProp step applied
      unit 14/65 rc=78 chunks=17 trained_queries=834115 trained_events=894861 mean_loss=2.638568 lr=0.00196353 step=stateful RMSProp step applied
      unit 15/65 rc=18 chunks=6 trained_queries=296769 trained_events=319176 mean_loss=2.634266 lr=0.00194048 step=stateful RMSProp step applied
      unit 16/65 rc=7 chunks=9 trained_queries=416424 trained_events=452848 mean_loss=2.623516 lr=0.00191733 step=stateful RMSProp step applied
      unit 17/65 rc=6318 chunks=5 trained_queries=224634 trained_events=244528 mean_loss=2.624288 lr=0.00189406 step=stateful RMSProp step applied
      unit 18/65 rc=3129 chunks=14 trained_queries=656402 trained_events=713248 mean_loss=2.590958 lr=0.00187069 step=stateful RMSProp step applied
      unit 19/65 rc=1 chunks=4 trained_queries=199346 trained_events=215884 mean_loss=2.606963 lr=0.00184723 step=stateful RMSProp step applied
      unit 20/65 rc=14974 chunks=6 trained_queries=263799 trained_events=288300 mean_loss=2.598971 lr=0.00182368 step=stateful RMSProp step applied
      unit 21/65 rc=3051 chunks=7 trained_queries=331867 trained_events=358236 mean_loss=2.596440 lr=0.00180004 step=stateful RMSProp step applied
      unit 22/65 rc=506 chunks=26 trained_queries=1281767 trained_events=1382126 mean_loss=2.582248 lr=0.00177632 step=stateful RMSProp step applied
      unit 23/65 rc=14596 chunks=1 trained_queries=36794 trained_events=39556 mean_loss=2.602369 lr=0.00175254 step=stateful RMSProp step applied
      unit 24/65 rc=62437 chunks=4 trained_queries=171115 trained_events=191208 mean_loss=2.581816 lr=0.00172868 step=stateful RMSProp step applied
      unit 25/65 rc=425 chunks=9 trained_queries=424575 trained_events=458428 mean_loss=2.579772 lr=0.00170477 step=stateful RMSProp step applied
      unit 26/65 rc=314 chunks=7 trained_queries=314647 trained_events=338892 mean_loss=2.573743 lr=0.0016808 step=stateful RMSProp step applied
      unit 27/65 rc=531 chunks=11 trained_queries=528936 trained_events=574692 mean_loss=2.541181 lr=0.00165679 step=stateful RMSProp step applied
      unit 28/65 rc=620 chunks=12 trained_queries=567606 trained_events=609782 mean_loss=2.542071 lr=0.00163274 step=stateful RMSProp step applied
      unit 29/65 rc=8062 chunks=4 trained_queries=160626 trained_events=173228 mean_loss=2.557818 lr=0.00160865 step=stateful RMSProp step applied
      unit 30/65 rc=97778 chunks=1 trained_queries=24821 trained_events=28644 mean_loss=2.515318 lr=0.00158454 step=stateful RMSProp step applied
      unit 31/65 rc=226 chunks=11 trained_queries=522108 trained_events=564898 mean_loss=2.529403 lr=0.0015604 step=stateful RMSProp step applied
      unit 32/65 rc=85 chunks=10 trained_queries=488847 trained_events=525016 mean_loss=2.531285 lr=0.00153625 step=stateful RMSProp step applied
      unit 33/65 rc=2725 chunks=16 trained_queries=754625 trained_events=807195 mean_loss=2.514776 lr=0.00151208 step=stateful RMSProp step applied
      unit 34/65 rc=3135 chunks=8 trained_queries=366260 trained_events=400520 mean_loss=2.489488 lr=0.00148792 step=stateful RMSProp step applied
      unit 35/65 rc=1739 chunks=2 trained_queries=87562 trained_events=94736 mean_loss=2.493541 lr=0.00146375 step=stateful RMSProp step applied
      unit 36/65 rc=373 chunks=8 trained_queries=386604 trained_events=414982 mean_loss=2.506049 lr=0.0014396 step=stateful RMSProp step applied
      unit 37/65 rc=452305 chunks=1 trained_queries=13040 trained_events=13888 mean_loss=2.442688 lr=0.00141546 step=stateful RMSProp step applied
      unit 38/65 rc=141 chunks=4 trained_queries=195453 trained_events=209808 mean_loss=2.486398 lr=0.00139135 step=stateful RMSProp step applied
      unit 39/65 rc=260398 chunks=1 trained_queries=18549 trained_events=19964 mean_loss=2.413945 lr=0.00136726 step=stateful RMSProp step applied
      unit 40/65 rc=41 chunks=124 trained_queries=6163183 trained_events=6532996 mean_loss=2.503537 lr=0.00134321 step=stateful RMSProp step applied
      unit 41/65 rc=569 chunks=26 trained_queries=1259071 trained_events=1333052 mean_loss=2.492787 lr=0.00131919 step=stateful RMSProp step applied
      unit 42/65 rc=36 chunks=35 trained_queries=1745157 trained_events=1848439 mean_loss=2.492721 lr=0.00129523 step=stateful RMSProp step applied
      unit 43/65 rc=39 chunks=70 trained_queries=3489609 trained_events=3701941 mean_loss=2.481201 lr=0.00127132 step=stateful RMSProp step applied
      unit 44/65 rc=14 chunks=211 trained_queries=10509349 trained_events=11170444 mean_loss=2.479277 lr=0.00124746 step=stateful RMSProp step applied
      unit 45/65 rc=21 chunks=36 trained_queries=1758042 trained_events=1864623 mean_loss=2.472208 lr=0.00122368 step=stateful RMSProp step applied
      unit 46/65 rc=550 chunks=30 trained_queries=1491599 trained_events=1575272 mean_loss=2.470469 lr=0.00119996 step=stateful RMSProp step applied
      unit 47/65 rc=51 chunks=114 trained_queries=5673809 trained_events=6048192 mean_loss=2.463204 lr=0.00117632 step=stateful RMSProp step applied
      unit 48/65 rc=2 chunks=102 trained_queries=5051998 trained_events=5357586 mean_loss=2.463097 lr=0.00115277 step=stateful RMSProp step applied
      unit 49/65 rc=1069 chunks=2 trained_queries=71644 trained_events=75516 mean_loss=2.455086 lr=0.00112931 step=stateful RMSProp step applied
      unit 50/65 rc=73 chunks=16 trained_queries=790720 trained_events=835488 mean_loss=2.453917 lr=0.00110594 step=stateful RMSProp step applied
      unit 51/65 rc=79 chunks=75 trained_queries=3736786 trained_events=3953843 mean_loss=2.448216 lr=0.00108267 step=stateful RMSProp step applied
      unit 52/65 rc=63 chunks=50 trained_queries=2471897 trained_events=2621838 mean_loss=2.447512 lr=0.00105952 step=stateful RMSProp step applied
      unit 53/65 rc=15 chunks=108 trained_queries=5390515 trained_events=5717589 mean_loss=2.450932 lr=0.00103647 step=stateful RMSProp step applied
      unit 54/65 rc=22 chunks=147 trained_queries=7317596 trained_events=7770966 mean_loss=2.448142 lr=0.00101355 step=stateful RMSProp step applied
      unit 55/65 rc=32 chunks=25 trained_queries=1208977 trained_events=1277820 mean_loss=2.447774 lr=0.000990756 step=stateful RMSProp step applied
      unit 56/65 rc=8446 chunks=2 trained_queries=69102 trained_events=73284 mean_loss=2.439546 lr=0.000968093 step=stateful RMSProp step applied
      unit 57/65 rc=3 chunks=110 trained_queries=5457031 trained_events=5779345 mean_loss=2.442966 lr=0.000945567 step=stateful RMSProp step applied
      unit 58/65 rc=4 chunks=111 trained_queries=5516836 trained_events=5854709 mean_loss=2.444300 lr=0.000923185 step=stateful RMSProp step applied
      unit 59/65 rc=5 chunks=149 trained_queries=7411233 trained_events=7899836 mean_loss=2.436319 lr=0.000900953 step=stateful RMSProp step applied
      unit 60/65 rc=48 chunks=60 trained_queries=2973228 trained_events=3145342 mean_loss=2.437098 lr=0.000878876 step=stateful RMSProp step applied
      unit 61/65 rc=164 chunks=18 trained_queries=871265 trained_events=922669 mean_loss=2.422045 lr=0.000856961 step=stateful RMSProp step applied
      unit 62/65 rc=28 chunks=39 trained_queries=1945234 trained_events=2065842 mean_loss=2.429436 lr=0.000835213 step=stateful RMSProp step applied
      unit 63/65 rc=9786 chunks=2 trained_queries=59517 trained_events=62372 mean_loss=2.434320 lr=0.000813637 step=stateful RMSProp step applied
      unit 64/65 rc=44 chunks=46 trained_queries=2269131 trained_events=2417215 mean_loss=2.414364 lr=0.000792239 step=stateful RMSProp step applied
      unit 65/65 rc=13 chunks=1 trained_queries=40285 trained_events=42160 mean_loss=2.422263 lr=0.000771025 step=stateful RMSProp step applied
    stage-epoch 2 summary trained_queries=123189067 trained_events=131385626 mean_loss=2.521560
    stage-epoch 3/3
      unit 1/65 rc=17 chunks=86 trained_queries=4283062 trained_events=4670471 mean_loss=2.429874 lr=0.00075 step=stateful RMSProp step applied
      unit 2/65 rc=6 chunks=374 trained_queries=18661859 trained_events=20055906 mean_loss=2.425390 lr=0.00072917 step=stateful RMSProp step applied
      unit 3/65 rc=597 chunks=5 trained_queries=234506 trained_events=249488 mean_loss=2.427487 lr=0.00070854 step=stateful RMSProp step applied
      unit 4/65 rc=1027293 chunks=1 trained_queries=124 trained_events=124 mean_loss=2.269412 lr=0.000688115 step=stateful RMSProp step applied
      unit 5/65 rc=111938 chunks=1 trained_queries=365 trained_events=372 mean_loss=2.775976 lr=0.000667901 step=stateful RMSProp step applied
      unit 6/65 rc=384 chunks=14 trained_queries=689527 trained_events=729120 mean_loss=2.515565 lr=0.000647903 step=stateful RMSProp step applied
      unit 7/65 rc=54 chunks=44 trained_queries=2182526 trained_events=2339320 mean_loss=2.434910 lr=0.000628126 step=stateful RMSProp step applied
      unit 8/65 rc=2093 chunks=5 trained_queries=212409 trained_events=221836 mean_loss=2.477654 lr=0.000608575 step=stateful RMSProp step applied
      unit 9/65 rc=74 chunks=17 trained_queries=824408 trained_events=916249 mean_loss=2.409388 lr=0.000589256 step=stateful RMSProp step applied
      unit 10/65 rc=882313 chunks=1 trained_queries=2708 trained_events=3348 mean_loss=2.524363 lr=0.000570173 step=stateful RMSProp step applied
      unit 11/65 rc=16 chunks=23 trained_queries=1118787 trained_events=1200145 mean_loss=2.408365 lr=0.000551332 step=stateful RMSProp step applied
      unit 12/65 rc=556 chunks=9 trained_queries=402908 trained_events=427924 mean_loss=2.401953 lr=0.000532736 step=stateful RMSProp step applied
      unit 13/65 rc=213 chunks=6 trained_queries=265773 trained_events=288300 mean_loss=2.404421 lr=0.000514392 step=stateful RMSProp step applied
      unit 14/65 rc=78 chunks=17 trained_queries=834115 trained_events=894861 mean_loss=2.402702 lr=0.000496304 step=stateful RMSProp step applied
      unit 15/65 rc=18 chunks=6 trained_queries=296769 trained_events=319176 mean_loss=2.413096 lr=0.000478476 step=stateful RMSProp step applied
      unit 16/65 rc=7 chunks=9 trained_queries=416424 trained_events=452848 mean_loss=2.408549 lr=0.000460913 step=stateful RMSProp step applied
      unit 17/65 rc=6318 chunks=5 trained_queries=224634 trained_events=244528 mean_loss=2.401316 lr=0.00044362 step=stateful RMSProp step applied
      unit 18/65 rc=3129 chunks=14 trained_queries=656402 trained_events=713248 mean_loss=2.378095 lr=0.000426602 step=stateful RMSProp step applied
      unit 19/65 rc=1 chunks=4 trained_queries=199346 trained_events=215884 mean_loss=2.406936 lr=0.000409861 step=stateful RMSProp step applied
      unit 20/65 rc=14974 chunks=6 trained_queries=263799 trained_events=288300 mean_loss=2.403482 lr=0.000393404 step=stateful RMSProp step applied
      unit 21/65 rc=3051 chunks=7 trained_queries=331867 trained_events=358236 mean_loss=2.397569 lr=0.000377234 step=stateful RMSProp step applied
      unit 22/65 rc=506 chunks=26 trained_queries=1281767 trained_events=1382126 mean_loss=2.386938 lr=0.000361355 step=stateful RMSProp step applied
      unit 23/65 rc=14596 chunks=1 trained_queries=36794 trained_events=39556 mean_loss=2.419271 lr=0.000345772 step=stateful RMSProp step applied
      unit 24/65 rc=62437 chunks=4 trained_queries=171115 trained_events=191208 mean_loss=2.357277 lr=0.000330488 step=stateful RMSProp step applied
      unit 25/65 rc=425 chunks=9 trained_queries=424575 trained_events=458428 mean_loss=2.383653 lr=0.000315508 step=stateful RMSProp step applied
      unit 26/65 rc=314 chunks=7 trained_queries=314647 trained_events=338892 mean_loss=2.404584 lr=0.000300836 step=stateful RMSProp step applied
      unit 27/65 rc=531 chunks=11 trained_queries=528936 trained_events=574692 mean_loss=2.374433 lr=0.000286474 step=stateful RMSProp step applied
      unit 28/65 rc=620 chunks=12 trained_queries=567606 trained_events=609782 mean_loss=2.395465 lr=0.000272428 step=stateful RMSProp step applied
      unit 29/65 rc=8062 chunks=4 trained_queries=160626 trained_events=173228 mean_loss=2.416928 lr=0.0002587 step=stateful RMSProp step applied
      unit 30/65 rc=97778 chunks=1 trained_queries=24821 trained_events=28644 mean_loss=2.321549 lr=0.000245295 step=stateful RMSProp step applied
      unit 31/65 rc=226 chunks=11 trained_queries=522108 trained_events=564898 mean_loss=2.376063 lr=0.000232215 step=stateful RMSProp step applied
      unit 32/65 rc=85 chunks=10 trained_queries=488847 trained_events=525016 mean_loss=2.399551 lr=0.000219464 step=stateful RMSProp step applied
      unit 33/65 rc=2725 chunks=16 trained_queries=754625 trained_events=807195 mean_loss=2.394064 lr=0.000207045 step=stateful RMSProp step applied
      unit 34/65 rc=3135 chunks=8 trained_queries=366260 trained_events=400520 mean_loss=2.372389 lr=0.000194963 step=stateful RMSProp step applied
      unit 35/65 rc=1739 chunks=2 trained_queries=87562 trained_events=94736 mean_loss=2.376564 lr=0.000183218 step=stateful RMSProp step applied
      unit 36/65 rc=373 chunks=8 trained_queries=386604 trained_events=414982 mean_loss=2.394847 lr=0.000171816 step=stateful RMSProp step applied
      unit 37/65 rc=452305 chunks=1 trained_queries=13040 trained_events=13888 mean_loss=2.329044 lr=0.000160758 step=stateful RMSProp step applied
      unit 38/65 rc=141 chunks=4 trained_queries=195453 trained_events=209808 mean_loss=2.377636 lr=0.000150048 step=stateful RMSProp step applied
      unit 39/65 rc=260398 chunks=1 trained_queries=18549 trained_events=19964 mean_loss=2.307030 lr=0.000139688 step=stateful RMSProp step applied
      unit 40/65 rc=41 chunks=124 trained_queries=6163183 trained_events=6532996 mean_loss=2.405469 lr=0.000129682 step=stateful RMSProp step applied
      unit 41/65 rc=569 chunks=26 trained_queries=1259071 trained_events=1333052 mean_loss=2.402502 lr=0.000120031 step=stateful RMSProp step applied
      unit 42/65 rc=36 chunks=35 trained_queries=1745157 trained_events=1848439 mean_loss=2.406935 lr=0.000110738 step=stateful RMSProp step applied
      unit 43/65 rc=39 chunks=70 trained_queries=3489609 trained_events=3701941 mean_loss=2.392723 lr=0.000101806 step=stateful RMSProp step applied
      unit 44/65 rc=14 chunks=211 trained_queries=10509349 trained_events=11170444 mean_loss=2.402197 lr=9.32364e-05 step=stateful RMSProp step applied
      unit 45/65 rc=21 chunks=36 trained_queries=1758042 trained_events=1864623 mean_loss=2.398435 lr=8.50322e-05 step=stateful RMSProp step applied
      unit 46/65 rc=550 chunks=30 trained_queries=1491599 trained_events=1575272 mean_loss=2.401725 lr=7.71953e-05 step=stateful RMSProp step applied
      unit 47/65 rc=51 chunks=114 trained_queries=5673809 trained_events=6048192 mean_loss=2.400590 lr=6.97277e-05 step=stateful RMSProp step applied
      unit 48/65 rc=2 chunks=102 trained_queries=5051998 trained_events=5357586 mean_loss=2.403490 lr=6.26312e-05 step=stateful RMSProp step applied
      unit 49/65 rc=1069 chunks=2 trained_queries=71644 trained_events=75516 mean_loss=2.394415 lr=5.59079e-05 step=stateful RMSProp step applied
      unit 50/65 rc=73 chunks=16 trained_queries=790720 trained_events=835488 mean_loss=2.399133 lr=4.95594e-05 step=stateful RMSProp step applied
      unit 51/65 rc=79 chunks=75 trained_queries=3736786 trained_events=3953843 mean_loss=2.397690 lr=4.35872e-05 step=stateful RMSProp step applied
      unit 52/65 rc=63 chunks=50 trained_queries=2471897 trained_events=2621838 mean_loss=2.397145 lr=3.79931e-05 step=stateful RMSProp step applied
      unit 53/65 rc=15 chunks=108 trained_queries=5390515 trained_events=5717589 mean_loss=2.400129 lr=3.27786e-05 step=stateful RMSProp step applied
      unit 54/65 rc=22 chunks=147 trained_queries=7317596 trained_events=7770966 mean_loss=2.403905 lr=2.79448e-05 step=stateful RMSProp step applied
      unit 55/65 rc=32 chunks=25 trained_queries=1208977 trained_events=1277820 mean_loss=2.401447 lr=2.3493e-05 step=stateful RMSProp step applied
      unit 56/65 rc=8446 chunks=2 trained_queries=69102 trained_events=73284 mean_loss=2.393281 lr=1.94246e-05 step=stateful RMSProp step applied
      unit 57/65 rc=3 chunks=110 trained_queries=5457031 trained_events=5779345 mean_loss=2.399642 lr=1.57404e-05 step=stateful RMSProp step applied
      unit 58/65 rc=4 chunks=111 trained_queries=5516836 trained_events=5854709 mean_loss=2.400116 lr=1.24414e-05 step=stateful RMSProp step applied
      unit 59/65 rc=5 chunks=149 trained_queries=7411233 trained_events=7899836 mean_loss=2.395229 lr=9.52855e-06 step=stateful RMSProp step applied
      unit 60/65 rc=48 chunks=60 trained_queries=2973228 trained_events=3145342 mean_loss=2.399760 lr=7.00253e-06 step=stateful RMSProp step applied
      unit 61/65 rc=164 chunks=18 trained_queries=871265 trained_events=922669 mean_loss=2.384772 lr=4.86401e-06 step=stateful RMSProp step applied
      unit 62/65 rc=28 chunks=39 trained_queries=1945234 trained_events=2065842 mean_loss=2.395729 lr=3.1136e-06 step=stateful RMSProp step applied
      unit 63/65 rc=9786 chunks=2 trained_queries=59517 trained_events=62372 mean_loss=2.405429 lr=1.75166e-06 step=stateful RMSProp step applied
      unit 64/65 rc=44 chunks=46 trained_queries=2269131 trained_events=2417215 mean_loss=2.385490 lr=7.78556e-07 step=stateful RMSProp step applied
      unit 65/65 rc=13 chunks=1 trained_queries=40285 trained_events=42160 mean_loss=2.390845 lr=1.94639e-07 step=stateful RMSProp step applied
    stage-epoch 3 summary trained_queries=123189067 trained_events=131385626 mean_loss=2.405751
  train-growth-stage-timing: plan=0.194s setup=0.574s train=843.750s copy_back=0.001s cleanup=0.047s total=844.566s
  growth-stage-timing 1/1: ingest=4.598s materialize=0.000s train_stage=844.566s free_radix=0.000s total=849.164s
  train-growth: saved final weights to rnd/cudax-d124-probe/20260528T061312-d124-d64l2-static3/checkpoint.model
  train-growth: completed stages=1 optimizer_steps=195
