AGPT CUDA Training Engine
  Model: d=64 heads=4 layers=2 ff=256 vocab=65 seq=128 head_dim=16
  Loaded 108481 weight floats (423.8 KB)
  No optimizer state in checkpoint; starting cold
Loading radix trie from /tmp/gutenberg_5m_baseline_d16_radix...
  Radix trie: 7073694 nodes, 34623339 total edge chars, 17 endpoint depths
  Radix loaded: 11884367 counts entries, 63118178 ancestor char entries
  d_split: 4570307/7073694 nodes have a mass=1 ancestor (mean depth 10.48)
  lr-schedule: warmup-cosine (peak=0.003, warmup_epochs=1)
  optimizer: rmsprop (lr=0.003)
  curriculum: flat (d=max each epoch)
  max edge_len: 15, max ancestor chars: 15, max KV per node: 30, max endpoint depth: 16
  mass=1 compaction: 29783005 / 34623339 chars are mass=1 (86.0%); cache holds 4840334 positions
  loop points: 160826 (mass>1 leaves; 6.4% of 2503386 mass>1 nodes)
  KV cache: 2478.3 MB unified memory (bf16 compact)
  GPU memory: 3105.0 MB used, 5081.8 MB free, 8186.8 MB total
  65 root-child subtrees: sizes min=3 max=1116592 avg=108826.0 (total=7073693 radix nodes)
Epoch 1: loss=3.461688  (22.12 sec, 65 subtrees, 730 chunks, 34623339 nodes)
  residual top-10 (subtree_mass × max(avg_loss − 3.462, 0)):
    rc   rootID   mass      avg_loss     score 
    1    138709   8244278   4.2409       6424348.1
    43   2546378  4367096   3.8801       1827338.7
    42   2302712  1539203   4.6323       1801832.8
    41   2178351  766679    5.5310       1586489.9
    0    1        824077    4.9753       1247332.7
    40   2098840  473230    5.7526       1084116.2
    44   3229301  724285    4.5780       808497.8
    6    1317879  754528    3.6104       112207.3
    45   3347168  678815    3.6180       106074.6
    5    1263676  342947    3.7275       91161.4
    top-10: 41.1% of mass, 99.4% of excess-loss
Epoch 2: loss=2.550617  (22.09 sec, 65 subtrees, 730 chunks, 34623339 nodes)
  residual top-10 (subtree_mass × max(avg_loss − 2.551, 0)):
    rc   rootID   mass      avg_loss     score 
    1    138709   8244278   2.6485       807024.9
    44   3229301  724285    2.9392       281416.0
    59   6621526  905338    2.8570       277394.8
    0    1        824077    2.6648       94073.1
    5    1263676  342947    2.7456       66859.3
    6    1317879  754528    2.6225       54239.5
    58   6141841  3228512   2.5671       53071.5
    45   3347168  678815    2.6061       37668.4
    8    1439897  392288    2.6230       28385.9
    54   5381749  526964    2.6014       26768.6
    top-10: 36.5% of mass, 94.1% of excess-loss
Epoch 3: loss=2.428397  (22.16 sec, 65 subtrees, 730 chunks, 34623339 nodes)
  residual top-10 (subtree_mass × max(avg_loss − 2.428, 0)):
    rc   rootID   mass      avg_loss     score 
    58   6141841  3228512   2.5632       435062.0
    59   6621526  905338    2.8954       422834.6
    54   5381749  526964    2.8016       196662.9
    57   5794595  2162522   2.4595       67367.7
    5    1263676  342947    2.5779       51267.6
    44   3229301  724285    2.4793       36857.0
    49   4172773  263541    2.5204       24257.8
    60   6774952  316779    2.4884       19015.0
    6    1317879  754528    2.4477       14571.1
    2    1255301  46307     2.7138       13217.8
    top-10: 20.3% of mass, 94.7% of excess-loss
Epoch 4: loss=2.331763  (22.16 sec, 65 subtrees, 730 chunks, 34623339 nodes)
  residual top-10 (subtree_mass × max(avg_loss − 2.332, 0)):
    rc   rootID   mass      avg_loss     score 
    1    138709   8244278   2.3833       425178.7
    59   6621526  905338    2.5219       172116.5
    5    1263676  342947    2.4611       44352.1
    6    1317879  754528    2.3876       42119.3
    39   1660971  2741100   2.3459       38653.3
    0    1        824077    2.3680       29865.5
    8    1439897  392288    2.4062       29200.1
    54   5381749  526964    2.3798       25339.2
    44   3229301  724285    2.3586       19453.3
    17   1549239  26766     2.7046       9978.0
    top-10: 34.0% of mass, 89.1% of excess-loss
Epoch 5: loss=2.270556  (22.19 sec, 65 subtrees, 730 chunks, 34623339 nodes)
  residual top-10 (subtree_mass × max(avg_loss − 2.271, 0)):
    rc   rootID   mass      avg_loss     score 
    59   6621526  905338    2.5333       237833.4
    58   6141841  3228512   2.3297       190872.4
    54   5381749  526964    2.4229       80257.9
    1    138709   8244278   2.2789       68804.1
    5    1263676  342947    2.3956       42888.3
    6    1317879  754528    2.3116       30961.6
    8    1439897  392288    2.3272       22236.6
    44   3229301  724285    2.2865       11549.4
    2    1255301  46307     2.4933       10313.9
    17   1549239  26766     2.6178       9295.1
    top-10: 33.3% of mass, 90.1% of excess-loss
Epoch 6: loss=2.202003  (22.24 sec, 65 subtrees, 730 chunks, 34623339 nodes)
  residual top-10 (subtree_mass × max(avg_loss − 2.202, 0)):
    rc   rootID   mass      avg_loss     score 
    1    138709   8244278   2.2283       216613.9
    5    1263676  342947    2.3149       38708.9
    6    1317879  754528    2.2470       33960.2
    59   6621526  905338    2.2391       33599.6
    8    1439897  392288    2.2684       26041.9
    44   3229301  724285    2.2291       19645.9
    39   1660971  2741100   2.2072       14165.1
    17   1549239  26766     2.5761       10013.8
    13   1520469  67330     2.3366       9061.0
    32   1636047  78207     2.3153       8864.3
    top-10: 31.3% of mass, 80.5% of excess-loss
Epoch 7: loss=2.158782  (22.23 sec, 65 subtrees, 730 chunks, 34623339 nodes)
  residual top-10 (subtree_mass × max(avg_loss − 2.159, 0)):
    rc   rootID   mass      avg_loss     score 
    1    138709   8244278   2.1732       118809.3
    5    1263676  342947    2.2578       33971.8
    6    1317879  754528    2.1991       30399.9
    8    1439897  392288    2.2229       25151.1
    39   1660971  2741100   2.1652       17597.8
    47   3809957  2279927   2.1650       14090.8
    59   6621526  905338    2.1740       13819.3
    17   1549239  26766     2.5210       9695.5
    44   3229301  724285    2.1714       9155.4
    32   1636047  78207     2.2758       9155.1
    top-10: 36.2% of mass, 76.7% of excess-loss
Epoch 8: loss=2.134529  (22.23 sec, 65 subtrees, 730 chunks, 34623339 nodes)
  residual top-10 (subtree_mass × max(avg_loss − 2.135, 0)):
    rc   rootID   mass      avg_loss     score 
    1    138709   8244278   2.1455       90250.3
    5    1263676  342947    2.2161       27959.2
    6    1317879  754528    2.1705       27155.9
    8    1439897  392288    2.1957       23994.8
    47   3809957  2279927   2.1412       15293.4
    39   1660971  2741100   2.1394       13324.3
    17   1549239  26766     2.4984       9738.4
    32   1636047  78207     2.2544       9375.7
    13   1520469  67330     2.2663       8871.7
    44   3229301  724285    2.1451       7645.4
    top-10: 34.3% of mass, 76.0% of excess-loss
Epoch 9: loss=2.123116  (22.20 sec, 65 subtrees, 730 chunks, 34623339 nodes)
  residual top-10 (subtree_mass × max(avg_loss − 2.123, 0)):
    rc   rootID   mass      avg_loss     score 
    1    138709   8244278   2.1291       49278.3
    6    1317879  754528    2.1539       23242.2
    5    1263676  342947    2.1895       22772.2
    8    1439897  392288    2.1795       22113.2
    47   3809957  2279927   2.1302       16055.9
    17   1549239  26766     2.4844       9669.2
    32   1636047  78207     2.2436       9422.5
    13   1520469  67330     2.2523       8695.9
    15   1539367  34390     2.3243       6918.9
    28   1618406  47896     2.2597       6541.1
    top-10: 26.9% of mass, 71.9% of excess-loss
Epoch 10: loss=2.119397  (22.20 sec, 65 subtrees, 730 chunks, 34623339 nodes)
  residual top-10 (subtree_mass × max(avg_loss − 2.119, 0)):
    rc   rootID   mass      avg_loss     score 
    1    138709   8244278   2.1230       29614.0
    6    1317879  754528    2.1478       21431.9
    8    1439897  392288    2.1740       21411.9
    5    1263676  342947    2.1812       21202.6
    47   3809957  2279927   2.1268       16868.3
    17   1549239  26766     2.4773       9580.0
    32   1636047  78207     2.2410       9513.1
    13   1520469  67330     2.2470       8591.6
    15   1539367  34390     2.3182       6838.0
    28   1618406  47896     2.2582       6650.3
    top-10: 26.9% of mass, 69.3% of excess-loss
Saved to rnd/anc-grad/v2-fix-gutenberg/seed1_off/run.model
Done.
  Appended optimizer state to rnd/anc-grad/v2-fix-gutenberg/seed1_off/run.model (adam_t=650)
