AGPT CUDA Training Engine
  Model: d=64 heads=4 layers=2 ff=256 vocab=65 seq=128 head_dim=16
  Loaded 108481 weight floats (423.8 KB)
Loading radix trie from /tmp/agpt_g5m_d16_radix...
  Radix trie: 7073694 nodes, 34623339 total edge chars, 17 endpoint depths
  Radix loaded: 11884367 counts entries, 63118178 ancestor char entries
  d_split: 4570307/7073694 nodes have a mass=1 ancestor (mean depth 10.48)
  lr-schedule: warmup-cosine (peak=0.003, warmup_epochs=1)
  weight-decay: 0.01 (decoupled, AdamW-style)
  optimizer: rmsprop (lr=0.003)
  curriculum: flat (d=max each epoch)
  max edge_len: 15, max ancestor chars: 15, max KV per node: 30, max endpoint depth: 16
  mass=1 compaction: 29783005 / 34623339 chars are mass=1 (86.0%); cache holds 4840334 positions
  loop points: 160826 (mass>1 leaves; 6.4% of 2503386 mass>1 nodes)
  KV cache: 2478.3 MB unified memory (bf16 compact)
  GPU memory: 3016.9 MB used, 5169.9 MB free, 8186.8 MB total
  65 root-child subtrees: sizes min=3 max=1116592 avg=108826.0 (total=7073693 radix nodes)
  partition-depth=2: 1751 groups, 1 Adam step per group per super-epoch
  shuffle-order: per-SE Fisher-Yates over 1751 partition groups (seed=0xa17b1ed)
Epoch 1: loss=2.509835  (23.04 sec, 1751 subtrees, 2208 chunks, 34623339 nodes)
  residual top-10 (subtree_mass × max(avg_loss − 2.510, 0)):
    rc   rootID   mass      avg_loss     score 
    638  1        4999993   3.1227       3064223.7
    37   159      827223    3.6503       943430.8
    44   1321     658249    3.3864       577008.4
    241  1575     604332    2.8430       201355.7
    26   1371     116366    4.0112       174713.6
    87   161      236498    3.1527       152027.3
    312  258      602202    2.7611       151292.8
    78   1462     179588    3.2059       125001.6
    166  1588     207932    2.9667       94997.2
    361  1063     531444    2.6881       94736.5
    top-10: 19.7% of mass, 67.7% of excess-loss
Epoch 2: loss=2.154228  (22.55 sec, 1751 subtrees, 2208 chunks, 34623339 nodes)
  residual top-10 (subtree_mass × max(avg_loss − 2.154, 0)):
    rc   rootID   mass      avg_loss     score 
    1151 1        4999993   3.1488       4972803.6
    246  1434     432348    2.8994       322167.2
    686  1174     1171357   2.4151       305522.1
    249  1194     123812    2.7438       72995.1
    248  1071     68906     3.1593       69253.7
    1164 1283     317747    2.3075       48689.1
    525  1446     417141    2.2652       46294.5
    711  1275     389344    2.2528       38391.1
    683  1626     988685    2.1912       36552.9
    700  1462     179588    2.3416       33653.9
    top-10: 19.9% of mass, 88.8% of excess-loss
Epoch 3: loss=2.086778  (22.62 sec, 1751 subtrees, 2208 chunks, 34623339 nodes)
  residual top-10 (subtree_mass × max(avg_loss − 2.087, 0)):
    rc   rootID   mass      avg_loss     score 
    1399 1        4999993   3.1505       5318652.6
    1532 1174     1171357   3.2551       1368577.9
    904  1663     86397     4.1788       180741.3
    1549 1623     228381    2.6935       138565.5
    1539 165      103082    2.9162       85502.3
    1593 177      500608    2.2497       81578.0
    1566 1201     227800    2.3984       70982.9
    1534 117      34548     3.4981       48757.3
    1624 1610     649147    2.1617       48658.9
    1559 1352     76400     2.6508       43090.5
    top-10: 17.7% of mass, 93.6% of excess-loss
Epoch 4: loss=1.981235  (22.63 sec, 1751 subtrees, 2208 chunks, 34623339 nodes)
  residual top-10 (subtree_mass × max(avg_loss − 1.981, 0)):
    rc   rootID   mass      avg_loss     score 
    509  1        4999993   3.1107       5647424.1
    234  66       145500    2.7571       112881.1
    171  1626     988685    2.0673       85109.7
    236  1200     549167    2.1310       82222.9
    4    1174     1171357   2.0465       76474.2
    173  177      500608    2.0720       45436.0
    783  258      602202    2.0428       37049.1
    330  1139     768517    2.0229       31987.3
    973  173      448184    2.0440       28142.7
    903  1603     226573    2.1035       27694.8
    top-10: 22.8% of mass, 93.1% of excess-loss
Epoch 5: loss=1.896233  (22.64 sec, 1751 subtrees, 2208 chunks, 34623339 nodes)
  residual top-10 (subtree_mass × max(avg_loss − 1.896, 0)):
    rc   rootID   mass      avg_loss     score 
    406  1        4999993   3.2812       6924603.3
    442  1626     988685    1.9610       64036.7
    323  159      827223    1.9601       52842.9
    318  1321     658249    1.9547       38476.4
    92   258      602202    1.9601       38455.9
    218  1069     354798    1.9711       26558.4
    755  1484     233817    1.9898       21884.4
    209  1174     1171357   1.9143       21141.1
    1430 173      448184    1.9359       17777.5
    212  1786     88897     2.0776       16123.2
    top-10: 22.8% of mass, 95.0% of excess-loss
Epoch 6: loss=1.851060  (22.64 sec, 1751 subtrees, 2208 chunks, 34623339 nodes)
  residual top-10 (subtree_mass × max(avg_loss − 1.851, 0)):
    rc   rootID   mass      avg_loss     score 
    901  1        4999993   3.3971       7730215.8
    143  159      827223    1.9025       42547.0
    1029 1626     988685    1.8854       33954.5
    613  173      448184    1.9242       32792.9
    606  178      1154215   1.8756       28358.0
    1515 1484     233817    1.9364       19963.0
    206  1210     222943    1.9381       19405.2
    407  1174     1171357   1.8673       18975.8
    280  1321     658249    1.8798       18938.2
    240  167      367651    1.8978       17184.9
    top-10: 24.3% of mass, 96.4% of excess-loss
Saved to /tmp/agpt_g5m_d16_pd2_6se.model
Done.
