AGPT CUDA Training Engine
  Model: d=64 heads=4 layers=2 ff=256 vocab=65 seq=128 head_dim=16
  Loaded 108481 weight floats (423.8 KB)
Loading radix trie from /tmp/agpt_g5m_d16_radix...
  Radix trie: 7073694 nodes, 34623339 total edge chars, 17 endpoint depths
  Radix loaded: 11884367 counts entries, 63118178 ancestor char entries
  d_split: 4570307/7073694 nodes have a mass=1 ancestor (mean depth 10.48)
  lr-schedule: warmup-cosine (peak=0.003, warmup_epochs=1)
  weight-decay: 0.01 (decoupled, AdamW-style)
  optimizer: rmsprop (lr=0.003)
  curriculum: flat (d=max each epoch)
  max edge_len: 15, max ancestor chars: 15, max KV per node: 30, max endpoint depth: 16
  mass=1 compaction: 29783005 / 34623339 chars are mass=1 (86.0%); cache holds 4840334 positions
  loop points: 160826 (mass>1 leaves; 6.4% of 2503386 mass>1 nodes)
  KV cache: 2478.3 MB unified memory (bf16 compact)
  GPU memory: 3016.9 MB used, 5169.9 MB free, 8186.8 MB total
  65 root-child subtrees: sizes min=3 max=1116592 avg=108826.0 (total=7073693 radix nodes)
  partition-depth=6: 629392 groups, 1 Adam step per group per super-epoch
  shuffle-order: per-SE Fisher-Yates over 629392 partition groups (seed=0xa17b1ed)
Epoch 1: loss=1.869695  (480.83 sec, 629392 subtrees, 629395 chunks, 34623339 nodes)
  residual top-10 (subtree_mass × max(avg_loss − 1.870, 0)):
    rc   rootID   mass      avg_loss     score 
    335986 1        23927037  2.2539       9192344.0
    433  849842   14005     4.8010       41052.8
    107971 412614   49689     2.4836       30505.7
    25   515951   7024      4.9270       21474.4
    14464 135037   18402     2.5967       13378.1
    3072 667046   8700      3.3219       12634.0
    4    462224   4037      4.7117       11473.1
    754  565262   3448      4.5485       9236.3
    6986 841811   8072      2.9534       8747.7
    6877 858274   7698      2.9446       8274.5
    top-10: 52.8% of mass, 84.8% of excess-loss
Epoch 2: loss=1.814994  (476.76 sec, 629392 subtrees, 629395 chunks, 34623339 nodes)
  residual top-10 (subtree_mass × max(avg_loss − 1.815, 0)):
    rc   rootID   mass      avg_loss     score 
    302486 1        23927037  2.1836       8818985.9
    488684 412614   49689     2.5270       35377.5
    161799 462211   49546     2.0612       12197.4
    238589 449541   48767     2.0529       11603.9
    297071 842313   40229     2.0090       7805.0
    72635 442154   32013     2.0285       6835.6
    301428 412695   2634      3.7551       5110.2
    301476 800049   41947     1.9324       4924.7
    360848 660894   30428     1.9605       4428.9
    1294 458617   22073     1.9997       4076.9
    top-10: 53.2% of mass, 87.6% of excess-loss
Epoch 3: loss=1.817932  (478.87 sec, 629392 subtrees, 629395 chunks, 34623339 nodes)
  residual top-10 (subtree_mass × max(avg_loss − 1.818, 0)):
    rc   rootID   mass      avg_loss     score 
    603634 1        23927037  2.1533       8025207.8
    305279 412614   49689     2.4595       31880.2
    18991 449541   48767     2.0284       10264.1
    277485 462211   49546     1.9954       8793.4
    547967 842313   40229     1.9597       5703.4
    605459 442154   32013     1.9644       4689.7
    101881 724819   27183     1.9793       4386.0
    398140 800049   41947     1.9199       4277.2
    360301 458617   22073     1.9883       3759.6
    431397 660894   30428     1.9401       3716.6
    top-10: 53.2% of mass, 87.3% of excess-loss
Epoch 4: loss=1.785211  (472.25 sec, 629392 subtrees, 629395 chunks, 34623339 nodes)
  residual top-10 (subtree_mass × max(avg_loss − 1.785, 0)):
    rc   rootID   mass      avg_loss     score 
    452787 1        23927037  2.1676       9148683.9
    505727 412614   49689     2.4356       32317.0
    91349 462211   49546     2.0267       11962.7
    312285 449541   48767     2.0049       10713.4
    408774 842313   40229     1.9720       7515.1
    485447 442154   32013     1.9645       5739.7
    87764 800049   41947     1.9137       5391.0
    220830 724819   27183     1.9613       4785.9
    164815 458617   22073     1.9825       4355.3
    520261 660894   30428     1.8884       3140.5
    top-10: 53.2% of mass, 88.6% of excess-loss
Epoch 5: loss=1.722872  (447.67 sec, 629392 subtrees, 629395 chunks, 34623339 nodes)
  residual top-10 (subtree_mass × max(avg_loss − 1.723, 0)):
    rc   rootID   mass      avg_loss     score 
    53728 1        23927037  2.1252       9626921.6
    317630 412614   49689     2.4333       35300.9
    440293 449541   48767     1.9310       10152.2
    343280 462211   49546     1.8932       8437.0
    219707 842313   40229     1.9120       7609.7
    29125 442154   32013     1.9592       7566.1
    3644 457658   68786     1.8255       7061.0
    204158 800049   41947     1.8445       5102.3
    144710 660894   30428     1.8869       4989.7
    116375 458617   22073     1.9362       4709.7
    top-10: 53.3% of mass, 88.7% of excess-loss
Epoch 6: loss=1.715618  (409.65 sec, 629392 subtrees, 629395 chunks, 34623339 nodes)
  residual top-10 (subtree_mass × max(avg_loss − 1.716, 0)):
    rc   rootID   mass      avg_loss     score 
    246683 1        23927037  2.1466       10311497.7
    549316 412614   49689     2.3754       32783.3
    4036 449541   48767     1.9577       11807.6
    256413 462211   49546     1.8947       8870.8
    37162 442154   32013     1.9562       7702.0
    319809 842313   40229     1.8789       6569.2
    287470 660894   30428     1.8966       5508.4
    140125 457658   68786     1.7936       5366.2
    265501 800049   41947     1.8366       5076.0
    97476 458617   22073     1.9156       4415.0
    top-10: 53.3% of mass, 89.8% of excess-loss
Epoch 7: loss=1.719806  (393.70 sec, 629392 subtrees, 629395 chunks, 34623339 nodes)
  residual top-10 (subtree_mass × max(avg_loss − 1.720, 0)):
    rc   rootID   mass      avg_loss     score 
    625761 1        23927037  2.2630       12996574.2
    274300 412614   49689     2.3530       31460.3
    63639 449541   48767     1.9488       11169.7
    36964 462211   49546     1.8883       8348.5
    323710 842313   40229     1.8668       5911.8
    352373 442154   32013     1.8965       5657.7
    332303 660894   30428     1.8624       4339.5
    540577 800049   41947     1.8227       4314.9
    27713 458617   22073     1.8957       3881.6
    457715 724819   27183     1.8478       3480.3
    top-10: 53.2% of mass, 92.3% of excess-loss
Epoch 8: loss=1.641252  (393.11 sec, 629392 subtrees, 629395 chunks, 34623339 nodes)
  residual top-10 (subtree_mass × max(avg_loss − 1.641, 0)):
    rc   rootID   mass      avg_loss     score 
    196866 1        23927037  2.1970       13298559.7
    150523 412614   49689     2.2425       29876.7
    222657 449541   48767     1.8704       11177.3
    258851 462211   49546     1.8236       9034.0
    465804 842313   40229     1.7991       6348.2
    214123 442154   32013     1.8382       6303.9
    135865 724819   27183     1.8395       5389.4
    261975 660894   30428     1.8093       5114.0
    67361 458617   22073     1.8415       4420.6
    439067 800049   41947     1.7429       4263.4
    top-10: 53.2% of mass, 92.1% of excess-loss
Epoch 9: loss=1.632201  (394.06 sec, 629392 subtrees, 629395 chunks, 34623339 nodes)
  residual top-10 (subtree_mass × max(avg_loss − 1.632, 0)):
    rc   rootID   mass      avg_loss     score 
    555497 1        23927037  2.1443       12252431.2
    189236 412614   49689     2.3038       33371.6
    52519 462211   49546     1.8014       8384.7
    9336 842313   40229     1.7984       6686.4
    600778 449541   48767     1.7667       6561.3
    321758 442154   32013     1.8205       6026.5
    196755 800049   41947     1.7558       5186.4
    227561 660894   30428     1.7863       4688.8
    245228 724819   27183     1.7815       4057.6
    139480 458617   22073     1.7869       3414.7
    top-10: 53.2% of mass, 92.2% of excess-loss
Epoch 10: loss=1.520033  (393.44 sec, 629392 subtrees, 629395 chunks, 34623339 nodes)
  residual top-10 (subtree_mass × max(avg_loss − 1.520, 0)):
    rc   rootID   mass      avg_loss     score 
    2167 1        23927037  1.9753       10894274.9
    482804 412614   49689     2.0837       28008.4
    392459 449541   48767     1.7123       9377.7
    280272 462211   49546     1.6936       8599.3
    205336 842313   40229     1.7078       7553.0
    233502 442154   32013     1.7017       5815.3
    436714 800049   41947     1.6572       5754.9
    233798 660894   30428     1.7015       5520.5
    188845 724819   27183     1.6901       4623.6
    169624 584807   26987     1.6683       4001.8
    top-10: 53.2% of mass, 90.9% of excess-loss
Epoch 11: loss=1.524184  (397.88 sec, 629392 subtrees, 629395 chunks, 34623339 nodes)
  residual top-10 (subtree_mass × max(avg_loss − 1.524, 0)):
    rc   rootID   mass      avg_loss     score 
    537556 1        23927037  1.9927       11209487.9
    615049 412614   49689     2.0145       24360.9
    4015 449541   48767     1.7056       8848.3
    169958 462211   49546     1.6420       5836.2
    46333 660894   30428     1.6966       5246.5
    172269 442154   32013     1.6679       4601.6
    506534 842313   40229     1.6376       4561.1
    338394 800049   41947     1.6231       4148.4
    277554 724819   27183     1.6300       2876.9
    367178 458617   22073     1.6382       2517.7
    top-10: 53.2% of mass, 92.2% of excess-loss
Epoch 12: loss=1.437493  (394.03 sec, 629392 subtrees, 629395 chunks, 34623339 nodes)
  residual top-10 (subtree_mass × max(avg_loss − 1.437, 0)):
    rc   rootID   mass      avg_loss     score 
    213216 1        23927037  1.9391       12001643.9
    462392 412614   49689     1.9945       27676.1
    1906 800049   41947     1.6007       6845.8
    125534 842313   40229     1.6034       6675.2
    492417 449541   48767     1.5664       6286.7
    173509 462211   49546     1.5528       5715.4
    134496 442154   32013     1.5948       5036.7
    316356 660894   30428     1.5885       4594.9
    43999 962988   23646     1.5811       3396.3
    268830 724819   27183     1.5435       2882.8
    top-10: 53.2% of mass, 92.4% of excess-loss
Saved to /tmp/agpt_g5m_d16_pd6_12se.model
Done.
