AGPT CUDA Training Engine
  Model: d=64 heads=4 layers=2 ff=256 vocab=65 seq=128 head_dim=16
  Loaded 108481 weight floats (423.8 KB)
Loading radix trie from /tmp/agpt_g5m_d18_radix...
  Radix trie: 7312344 nodes, 44299292 total edge chars, 19 endpoint depths
  Radix loaded: 12214668 counts entries, 67034397 ancestor char entries
  d_split: 4777832/7312344 nodes have a mass=1 ancestor (mean depth 10.78)
  lr-schedule: warmup-cosine (peak=0.003, warmup_epochs=1)
  weight-decay: 0.01 (decoupled, AdamW-style)
  optimizer: rmsprop (lr=0.003)
  curriculum: flat (d=max each epoch)
  max edge_len: 17, max ancestor chars: 17, max KV per node: 34, max endpoint depth: 18
  mass=1 compaction: 39252728 / 44299292 chars are mass=1 (88.6%); cache holds 5046564 positions
  loop points: 87407 (mass>1 leaves; 3.4% of 2534511 mass>1 nodes)
  KV cache: 2583.8 MB unified memory (bf16 compact)
  GPU memory: 3301.9 MB used, 4884.9 MB free, 8186.8 MB total
  65 root-child subtrees: sizes min=3 max=1179823 avg=112497.6 (total=7312343 radix nodes)
  partition-depth=6: 629392 groups, 1 Adam step per group per super-epoch
  shuffle-order: per-SE Fisher-Yates over 629392 partition groups (seed=0xa17b1ed)
Epoch 1: loss=1.839833  (397.96 sec, 629392 subtrees, 629397 chunks, 44299292 nodes)
  residual top-10 (subtree_mass × max(avg_loss − 1.840, 0)):
    rc   rootID   mass      avg_loss     score 
    335986 1        23927037  2.2048       8733741.0
    433  850821   14418     4.8048       42749.1
    107971 412900   56957     2.4549       35031.5
    25   516618   7102      4.9555       22127.1
    14464 135106   18788     2.5232       12838.5
    3072 667864   8870      3.2829       12799.7
    4    462614   4318      4.7857       12720.5
    754  565972   3607      4.5194       9665.3
    6986 842782   8183      2.9119       8773.0
    6877 859257   7851      2.9111       8410.5
    top-10: 52.4% of mass, 85.3% of excess-loss
Epoch 2: loss=1.777246  (395.22 sec, 629392 subtrees, 629397 chunks, 44299292 nodes)
  residual top-10 (subtree_mass × max(avg_loss − 1.777, 0)):
    rc   rootID   mass      avg_loss     score 
    302486 1        23927037  2.1521       8970122.0
    488684 412900   56957     2.3784       34237.2
    161799 462601   50820     1.9522       8889.1
    238589 449921   50098     1.9369       7999.0
    297071 843284   41028     1.9410       6720.1
    72635 442526   33227     1.9144       4557.4
    301476 800963   43081     1.8704       4012.3
    301428 412981   2788      3.0723       3610.5
    516062 413236   2375      3.1199       3188.7
    360848 661708   30911     1.8731       2962.2
    top-10: 52.8% of mass, 89.5% of excess-loss
Epoch 3: loss=1.779059  (395.53 sec, 629392 subtrees, 629397 chunks, 44299292 nodes)
  residual top-10 (subtree_mass × max(avg_loss − 1.779, 0)):
    rc   rootID   mass      avg_loss     score 
    603634 1        23927037  2.1945       9940568.3
    305279 412900   56957     2.3935       34998.1
    277485 462601   50820     1.9258       7456.5
    18991 449921   50098     1.9110       6608.6
    581195 119775   2496      3.1420       3402.0
    547967 843284   41028     1.8614       3376.4
    431397 661708   30911     1.8687       2770.1
    485585 413236   2375      2.9061       2676.7
    101881 725684   28095     1.8709       2581.7
    605459 442526   33227     1.8545       2508.0
    top-10: 52.8% of mass, 90.9% of excess-loss
Epoch 4: loss=1.746923  (395.35 sec, 629392 subtrees, 629397 chunks, 44299292 nodes)
  residual top-10 (subtree_mass × max(avg_loss − 1.747, 0)):
    rc   rootID   mass      avg_loss     score 
    452787 1        23927037  2.1476       9587572.6
    505727 412900   56957     2.3788       35987.5
    91349 462601   50820     1.9416       9895.7
    312285 449921   50098     1.9040       7869.1
    408774 843284   41028     1.8797       5448.3
    87764 800963   43081     1.8446       4208.1
    220830 725684   28095     1.8628       3256.1
    485447 442526   33227     1.8426       3179.7
    164815 459003   22614     1.8657       2686.1
    520261 661708   30911     1.8329       2656.1
    top-10: 52.9% of mass, 90.5% of excess-loss
Epoch 5: loss=1.690694  (396.24 sec, 629392 subtrees, 629397 chunks, 44299292 nodes)
  residual top-10 (subtree_mass × max(avg_loss − 1.691, 0)):
    rc   rootID   mass      avg_loss     score 
    53728 1        23927037  2.1307       10527916.1
    317630 412900   56957     2.2977       34574.7
    440293 449921   50098     1.8509       8028.3
    343280 462601   50820     1.8431       7746.5
    29125 442526   33227     1.8809       6319.7
    219707 843284   41028     1.8425       6226.4
    3644 458044   70859     1.7772       6129.8
    204158 800963   43081     1.7768       3710.5
    144710 661708   30911     1.8104       3700.6
    59731 438574   21206     1.8472       3319.1
    top-10: 53.0% of mass, 91.0% of excess-loss
Epoch 6: loss=1.680171  (396.33 sec, 629392 subtrees, 629397 chunks, 44299292 nodes)
  residual top-10 (subtree_mass × max(avg_loss − 1.680, 0)):
    rc   rootID   mass      avg_loss     score 
    246683 1        23927037  2.1683       11680294.9
    549316 412900   56957     2.3781       39750.4
    256413 462601   50820     1.8460       8429.6
    4036 449921   50098     1.8423       8124.2
    37162 442526   33227     1.8416       5365.0
    319809 843284   41028     1.7949       4705.7
    287470 661708   30911     1.8079       3946.8
    140125 458044   70859     1.7327       3723.1
    265501 800963   43081     1.7614       3499.5
    97476 459003   22614     1.8214       3194.7
    top-10: 53.0% of mass, 92.0% of excess-loss
Epoch 7: loss=1.680174  (396.01 sec, 629392 subtrees, 629397 chunks, 44299292 nodes)
  residual top-10 (subtree_mass × max(avg_loss − 1.680, 0)):
    rc   rootID   mass      avg_loss     score 
    625761 1        23927037  2.1351       10885656.2
    274300 412900   56957     2.2457       32212.7
    36964 462601   50820     1.8535       8807.6
    63639 449921   50098     1.8349       7752.9
    323710 843284   41028     1.7773       3986.4
    352373 442526   33227     1.7857       3505.3
    332303 661708   30911     1.7911       3428.5
    27713 459003   22614     1.7914       2516.1
    208643 1025318  10886     1.8842       2221.3
    457715 725684   28095     1.7577       2177.3
    top-10: 52.8% of mass, 92.1% of excess-loss
Epoch 8: loss=1.608683  (396.73 sec, 629392 subtrees, 629397 chunks, 44299292 nodes)
  residual top-10 (subtree_mass × max(avg_loss − 1.609, 0)):
    rc   rootID   mass      avg_loss     score 
    196866 1        23927037  2.2009       14169200.1
    150523 412900   56957     2.1643       31648.6
    222657 449921   50098     1.7660       7881.5
    258851 462601   50820     1.7495       7154.5
    465804 843284   41028     1.7091       4119.1
    214123 442526   33227     1.7296       4017.4
    261975 661708   30911     1.7256       3612.9
    135865 725684   28095     1.7272       3329.6
    67361 459003   22614     1.7330       2812.3
    439067 800963   43081     1.6721       2732.7
    top-10: 52.9% of mass, 93.5% of excess-loss
Epoch 9: loss=1.596428  (396.65 sec, 629392 subtrees, 629397 chunks, 44299292 nodes)
  residual top-10 (subtree_mass × max(avg_loss − 1.596, 0)):
    rc   rootID   mass      avg_loss     score 
    555497 1        23927037  2.1335       12849987.6
    189236 412900   56957     2.1789       33173.6
    52519 462601   50820     1.7311       6845.2
    9336 843284   41028     1.7303       5492.9
    600778 449921   50098     1.6864       4507.1
    321758 442526   33227     1.7200       4106.5
    227561 661708   30911     1.7103       3521.0
    196755 800963   43081     1.6618       2817.8
    245228 725684   28095     1.6919       2682.8
    139480 459003   22614     1.6965       2264.0
    top-10: 52.9% of mass, 93.4% of excess-loss
Epoch 10: loss=1.495887  (398.20 sec, 629392 subtrees, 629397 chunks, 44299292 nodes)
  residual top-10 (subtree_mass × max(avg_loss − 1.496, 0)):
    rc   rootID   mass      avg_loss     score 
    2167 1        23927037  1.9740       11439230.1
    482804 412900   56957     2.0327       30577.1
    392459 449921   50098     1.6395       7195.8
    280272 462601   50820     1.6201       6313.1
    205336 843284   41028     1.6387       5858.2
    233502 442526   33227     1.6314       4502.6
    233798 661708   30911     1.6253       4001.3
    436714 800963   43081     1.5750       3408.8
    169624 585537   27582     1.6086       3109.4
    188845 725684   28095     1.5934       2739.4
    top-10: 52.9% of mass, 92.3% of excess-loss
Epoch 11: loss=1.495560  (395.32 sec, 629392 subtrees, 629397 chunks, 44299292 nodes)
  residual top-10 (subtree_mass × max(avg_loss − 1.496, 0)):
    rc   rootID   mass      avg_loss     score 
    537556 1        23927037  1.9839       11683971.0
    615049 412900   56957     1.9782       27487.9
    4015 449921   50098     1.6342       6946.5
    169958 462601   50820     1.5963       5118.4
    46333 661708   30911     1.6154       3704.4
    506534 843284   41028     1.5820       3546.3
    172269 442526   33227     1.6002       3476.6
    338394 800963   43081     1.5637       2937.5
    23047 1025318  10886     1.6655       1850.1
    199199 445415   7340      1.7338       1748.5
    top-10: 52.8% of mass, 93.3% of excess-loss
Epoch 12: loss=1.418110  (396.27 sec, 629392 subtrees, 629397 chunks, 44299292 nodes)
  residual top-10 (subtree_mass × max(avg_loss − 1.418, 0)):
    rc   rootID   mass      avg_loss     score 
    213216 1        23927037  1.9699       13202541.6
    462392 412900   56957     1.9389       29664.3
    173509 462601   50820     1.5271       5540.6
    125534 843284   41028     1.5442       5173.5
    492417 449921   50098     1.5209       5150.6
    1906 800963   43081     1.5278       4726.5
    134496 442526   33227     1.5401       4052.8
    316356 661708   30911     1.5192       3125.6
    43999 964085   24210     1.5156       2360.2
    268830 725684   28095     1.4921       2078.8
    top-10: 52.9% of mass, 93.8% of excess-loss
Saved to /tmp/agpt_g5m_d18_pd6_12se.model
Done.
