AGPT CUDA Training Engine
  Model: d=64 heads=4 layers=2 ff=256 vocab=65 seq=128 head_dim=16
  Loaded 108481 weight floats (423.8 KB)
Loading radix trie from /tmp/agpt_g5m_d16_radix...
  Radix trie: 7073694 nodes, 34623339 total edge chars, 17 endpoint depths
  Radix loaded: 11884367 counts entries, 63118178 ancestor char entries
  d_split: 4570307/7073694 nodes have a mass=1 ancestor (mean depth 10.48)
  lr-schedule: warmup-cosine (peak=0.003, warmup_epochs=1)
  weight-decay: 0.01 (decoupled, AdamW-style)
  optimizer: rmsprop (lr=0.003)
  curriculum: flat (d=max each epoch)
  max edge_len: 15, max ancestor chars: 15, max KV per node: 30, max endpoint depth: 16
  mass=1 compaction: 29783005 / 34623339 chars are mass=1 (86.0%); cache holds 4840334 positions
  loop points: 160826 (mass>1 leaves; 6.4% of 2503386 mass>1 nodes)
  KV cache: 2478.3 MB unified memory (bf16 compact)
  GPU memory: 3016.9 MB used, 5169.9 MB free, 8186.8 MB total
  65 root-child subtrees: sizes min=3 max=1116592 avg=108826.0 (total=7073693 radix nodes)
  shuffle-order: per-SE Fisher-Yates over 65 partition groups (seed=0xa17b1ed)
Epoch 1: loss=3.069479  (22.69 sec, 65 subtrees, 730 chunks, 34623339 nodes)
  residual top-10 (subtree_mass × max(avg_loss − 3.069, 0)):
    rc   rootID   mass      avg_loss     score 
    3    40       2741100   3.9287       2355345.6
    19   51       1289869   3.9564       1144004.5
    17   2        8244277   3.1649       786932.9
    14   60       905338    3.7433       610059.2
    26   64       648078    3.5305       298794.9
    34   62       809921    3.3931       262074.8
    20   6        342947    3.5288       157527.1
    8    46       678815    3.2446       118890.7
    56   52       810142    3.2110       114615.0
    0    29       47896     4.9057       87945.3
    top-10: 36.2% of mass, 94.3% of excess-loss
Epoch 2: loss=2.501377  (22.26 sec, 65 subtrees, 730 chunks, 34623339 nodes)
  residual top-10 (subtree_mass × max(avg_loss − 2.501, 0)):
    rc   rootID   mass      avg_loss     score 
    10   47       2317775   2.8723       859771.4
    55   53       2450327   2.8184       776865.1
    57   42       766679    2.8180       242765.4
    11   41       473230    2.9005       188862.0
    0    64       648078    2.7754       177591.4
    9    48       2279927   2.5709       158596.7
    14   52       810142    2.6409       113025.0
    16   54       2594188   2.5170       40506.6
    53   26       57242     3.1369       36380.5
    3    50       263541    2.6282       33434.3
    top-10: 27.8% of mass, 93.7% of excess-loss
Epoch 3: loss=2.386685  (22.25 sec, 65 subtrees, 730 chunks, 34623339 nodes)
  residual top-10 (subtree_mass × max(avg_loss − 2.387, 0)):
    rc   rootID   mass      avg_loss     score 
    61   54       2594188   2.8620       1233027.6
    59   55       526963    3.7628       725147.4
    64   45       724284    2.7032       229211.4
    7    41       473230    2.5296       67615.7
    5    47       2317775   2.4108       55864.9
    63   14       67330     2.9009       34621.5
    62   28       13890     3.1723       10912.1
    51   18       26766     2.7300       9189.4
    27   46       678815    2.3974       7299.6
    14   16       34390     2.5448       5436.0
    top-10: 16.4% of mass, 98.4% of excess-loss
Epoch 4: loss=2.301879  (22.29 sec, 65 subtrees, 730 chunks, 34623339 nodes)
  residual top-10 (subtree_mass × max(avg_loss − 2.302, 0)):
    rc   rootID   mass      avg_loss     score 
    1    47       2317775   2.4376       314527.9
    10   2        8244277   2.3252       192260.3
    0    42       766679    2.4977       150158.2
    7    57       1903020   2.3528       96935.3
    3    62       809921    2.3919       72948.1
    13   59       3228512   2.3128       35381.0
    8    6        342947    2.4039       34979.3
    16   1        824077    2.3438       34569.3
    22   9        392288    2.3681       25970.8
    18   7        754528    2.3285       20118.6
    top-10: 43.0% of mass, 88.7% of excess-loss
Epoch 5: loss=2.229921  (22.27 sec, 65 subtrees, 730 chunks, 34623339 nodes)
  residual top-10 (subtree_mass × max(avg_loss − 2.230, 0)):
    rc   rootID   mass      avg_loss     score 
    43   46       678815    2.5094       189730.5
    21   7        754528    2.3669       103357.5
    22   9        392288    2.3348       41159.0
    32   48       2279927   2.2471       39073.7
    17   6        342947    2.3002       24104.4
    33   52       810142    2.2577       22542.6
    19   18       26766     2.8286       16025.6
    11   33       78207     2.3774       11532.5
    13   14       67330     2.3959       11173.7
    49   16       34390     2.4396       7211.7
    top-10: 12.0% of mass, 83.6% of excess-loss
Epoch 6: loss=2.185055  (22.71 sec, 65 subtrees, 730 chunks, 34623339 nodes)
  residual top-10 (subtree_mass × max(avg_loss − 2.185, 0)):
    rc   rootID   mass      avg_loss     score 
    29   48       2279927   2.2644       180905.2
    31   45       724284    2.3072       88443.3
    64   41       473230    2.3191       63434.2
    25   53       2450327   2.2075       55058.2
    2    54       2594188   2.2048       51185.8
    0    9        392288    2.3008       45405.0
    1    7        754528    2.2433       43922.7
    5    6        342947    2.2657       27640.4
    7    40       2741100   2.1912       16763.4
    18   18       26766     2.5879       10782.5
    top-10: 28.0% of mass, 83.1% of excess-loss
Epoch 7: loss=2.188169  (22.11 sec, 65 subtrees, 730 chunks, 34623339 nodes)
  residual top-10 (subtree_mass × max(avg_loss − 2.188, 0)):
    rc   rootID   mass      avg_loss     score 
    19   48       2279927   2.6041       948352.2
    25   64       648078    2.4165       147991.9
    30   54       2594188   2.2150       69619.3
    28   42       766679    2.2626       57070.1
    18   12       77582     2.7431       43054.1
    17   13       42580     2.9615       32926.5
    34   9        392288    2.2391       19980.2
    26   33       78207     2.4359       19374.7
    23   36       43657     2.5314       14985.5
    22   27       22963     2.6531       10675.3
    top-10: 15.2% of mass, 94.2% of excess-loss
Epoch 8: loss=2.124443  (22.23 sec, 65 subtrees, 730 chunks, 34623339 nodes)
  residual top-10 (subtree_mass × max(avg_loss − 2.124, 0)):
    rc   rootID   mass      avg_loss     score 
    30   47       2317775   2.1917       155835.0
    32   54       2594188   2.1563       82548.8
    4    48       2279927   2.1365       27537.9
    29   22       178953    2.2756       27056.5
    5    9        392288    2.1890       25341.9
    6    7        754528    2.1544       22616.8
    34   45       724284    2.1547       21936.1
    13   6        342947    2.1848       20705.8
    31   61       316779    2.1843       18948.2
    15   18       26766     2.5169       10504.8
    top-10: 21.8% of mass, 81.9% of excess-loss
Epoch 9: loss=2.088157  (22.74 sec, 65 subtrees, 730 chunks, 34623339 nodes)
  residual top-10 (subtree_mass × max(avg_loss − 2.088, 0)):
    rc   rootID   mass      avg_loss     score 
    14   2        8244277   2.0958       63317.9
    2    48       2279927   2.1050       38473.9
    12   6        342947    2.1609       24944.6
    49   7        754528    2.1132       18932.5
    63   9        392288    2.1362       18865.4
    8    47       2317775   2.0940       13511.3
    0    45       724284    2.1044       11770.0
    40   33       78207     2.2286       10985.8
    27   18       26766     2.4706       10236.0
    22   14       67330     2.2199       8873.2
    top-10: 33.4% of mass, 70.4% of excess-loss
Epoch 10: loss=2.072535  (23.09 sec, 65 subtrees, 730 chunks, 34623339 nodes)
  residual top-10 (subtree_mass × max(avg_loss − 2.073, 0)):
    rc   rootID   mass      avg_loss     score 
    15   2        8244277   2.0775       41118.6
    13   7        754528    2.1058       25098.5
    32   6        342947    2.1382       22509.5
    55   9        392288    2.1273       21469.3
    36   48       2279927   2.0805       18205.0
    45   33       78207     2.2135       11021.1
    10   18       26766     2.4511       10133.4
    47   14       67330     2.2020       8716.1
    26   29       47896     2.2231       7213.1
    4    16       34390     2.2799       7131.6
    top-10: 26.9% of mass, 70.4% of excess-loss
Epoch 11: loss=2.065350  (22.80 sec, 65 subtrees, 730 chunks, 34623339 nodes)
  residual top-10 (subtree_mass × max(avg_loss − 2.065, 0)):
    rc   rootID   mass      avg_loss     score 
    39   6        342947    2.1311       22543.1
    28   7        754528    2.0947       22131.6
    53   9        392288    2.1217       22106.3
    22   48       2279927   2.0733       18235.6
    18   33       78207     2.2100       11310.4
    27   18       26766     2.4378       9968.1
    60   14       67330     2.1966       8839.8
    21   29       47896     2.2167       7248.8
    49   16       34390     2.2689       6999.3
    0    3        46307     2.1930       5909.2
    top-10: 8.9% of mass, 65.0% of excess-loss
Epoch 12: loss=2.063069  (22.74 sec, 65 subtrees, 730 chunks, 34623339 nodes)
  residual top-10 (subtree_mass × max(avg_loss − 2.063, 0)):
    rc   rootID   mass      avg_loss     score 
    6    9        392288    2.1208       22635.3
    35   6        342947    2.1290       22623.2
    33   7        754528    2.0924       22130.4
    19   48       2279927   2.0709       17871.1
    52   2        8244277   2.0645       11785.2
    62   33       78207     2.2063       11202.2
    38   18       26766     2.4342       9933.3
    13   14       67330     2.1961       8957.1
    28   29       47896     2.2132       7191.2
    23   16       34390     2.2676       7033.5
    top-10: 26.9% of mass, 65.8% of excess-loss
Saved to /tmp/agpt_g5m_d16_pd1_12se.model
Done.
