AGPT CUDA Training Engine
  Model: d=64 heads=4 layers=2 ff=256 vocab=65 seq=128 head_dim=16
  Loaded 108481 weight floats (423.8 KB)
Loading radix trie from /tmp/agpt_g5m_d16_radix...
  Radix trie: 7073694 nodes, 34623339 total edge chars, 17 endpoint depths
  Radix loaded: 11884367 counts entries, 63118178 ancestor char entries
  d_split: 4570307/7073694 nodes have a mass=1 ancestor (mean depth 10.48)
  lr-schedule: warmup-cosine (peak=0.003, warmup_epochs=1)
  weight-decay: 0.01 (decoupled, AdamW-style)
  optimizer: rmsprop (lr=0.003)
  curriculum: flat (d=max each epoch)
  max edge_len: 15, max ancestor chars: 15, max KV per node: 30, max endpoint depth: 16
  mass=1 compaction: 29783005 / 34623339 chars are mass=1 (86.0%); cache holds 4840334 positions
  loop points: 160826 (mass>1 leaves; 6.4% of 2503386 mass>1 nodes)
  KV cache: 2478.3 MB unified memory (bf16 compact)
  GPU memory: 3016.6 MB used, 5170.2 MB free, 8186.8 MB total
  65 root-child subtrees: sizes min=3 max=1116592 avg=108826.0 (total=7073693 radix nodes)
  partition-depth=6: 629392 groups, 1 Adam step per group per super-epoch
  shuffle-order: per-SE Fisher-Yates over 629392 partition groups (seed=0xa17b1ed)
Epoch 1: loss=1.870292  (447.58 sec, 629392 subtrees, 629395 chunks, 34623339 nodes)
  residual top-10 (subtree_mass × max(avg_loss − 1.870, 0)):
    rc   rootID   mass      avg_loss     score 
    335986 1        23927037  2.2290       8582752.3
    433  849842   14005     4.8021       41060.1
    107971 412614   49689     2.5346       33006.7
    25   515951   7024      4.9259       21462.7
    14464 135037   18402     2.5967       13367.4
    3072 667046   8700      3.3209       12620.5
    4    462224   4037      4.7130       11476.1
    754  565262   3448      4.5496       9238.3
    6986 841811   8072      2.9527       8736.9
    6877 858274   7698      2.9436       8262.7
    top-10: 52.8% of mass, 83.9% of excess-loss
Epoch 2: loss=1.808829  (445.34 sec, 629392 subtrees, 629395 chunks, 34623339 nodes)
  residual top-10 (subtree_mass × max(avg_loss − 1.809, 0)):
    rc   rootID   mass      avg_loss     score 
    302486 1        23927037  2.1595       8389775.1
    488684 412614   49689     2.3767       28217.9
    161799 462211   49546     2.0589       12390.7
    238589 449541   48767     2.0450       11515.9
    297071 842313   40229     1.9947       7478.1
    72635 442154   32013     2.0186       6716.7
    301476 800049   41947     1.9319       5163.6
    74455 962988   23646     1.9806       4061.5
    1294 458617   22073     1.9864       3920.2
    332777 724819   27183     1.9507       3857.0
    top-10: 53.2% of mass, 87.1% of excess-loss
Epoch 3: loss=1.787087  (454.00 sec, 629392 subtrees, 629395 chunks, 34623339 nodes)
  residual top-10 (subtree_mass × max(avg_loss − 1.787, 0)):
    rc   rootID   mass      avg_loss     score 
    603634 1        23927037  2.1366       8362707.5
    305279 412614   49689     2.3992       30415.7
    18991 449541   48767     2.0037       10564.1
    277485 462211   49546     1.9748       9299.2
    547967 842313   40229     1.9111       4988.3
    101881 724819   27183     1.9397       4148.1
    605459 442154   32013     1.9144       4074.1
    431397 660894   30428     1.9186       4000.4
    149214 412695   2634      3.1542       3601.1
    128657 438206   20762     1.9587       3562.9
    top-10: 53.1% of mass, 87.9% of excess-loss
Epoch 4: loss=1.707114  (455.04 sec, 629392 subtrees, 629395 chunks, 34623339 nodes)
  residual top-10 (subtree_mass × max(avg_loss − 1.707, 0)):
    rc   rootID   mass      avg_loss     score 
    452787 1        23927037  2.1278       10064916.7
    505727 412614   49689     2.3457       31728.3
    91349 462211   49546     1.9432       11696.1
    312285 449541   48767     1.9241       10582.4
    408774 842313   40229     1.8765       6812.6
    87764 800049   41947     1.8557       6233.4
    220830 724819   27183     1.8864       4873.0
    164815 458617   22073     1.9213       4727.3
    485447 442154   32013     1.8415       4302.1
    75450 98