AGPT CUDA Training Engine
  Model: d=64 heads=4 layers=2 ff=256 vocab=65 seq=128 head_dim=16
  Loaded 108481 weight floats (423.8 KB)
Loading radix trie from /tmp/agpt_g5m_d16_radix...
  Radix trie: 7073694 nodes, 34623339 total edge chars, 17 endpoint depths
  Radix loaded: 11884367 counts entries, 63118178 ancestor char entries
  d_split: 4570307/7073694 nodes have a mass=1 ancestor (mean depth 10.48)
  lr-schedule: warmup-cosine (peak=0.003, warmup_epochs=5)
  weight-decay: 0.01 (decoupled, AdamW-style)
  optimizer: rmsprop (lr=0.003)
  curriculum: flat (d=max each epoch)
  max edge_len: 15, max ancestor chars: 15, max KV per node: 30, max endpoint depth: 16
  mass=1 compaction: 29783005 / 34623339 chars are mass=1 (86.0%); cache holds 4840334 positions
  loop points: 160826 (mass>1 leaves; 6.4% of 2503386 mass>1 nodes)
  KV cache: 2478.3 MB unified memory (bf16 compact)
  GPU memory: 3016.9 MB used, 5169.9 MB free, 8186.8 MB total
  65 root-child subtrees: sizes min=3 max=1116592 avg=108826.0 (total=7073693 radix nodes)
  shuffle-order: per-SE Fisher-Yates over 65 partition groups (seed=0xa17b1ed)
Epoch 1: loss=3.179496  (22.65 sec, 65 subtrees, 730 chunks, 34623339 nodes)
  residual top-10 (subtree_mass × max(avg_loss − 3.179, 0)):
    rc   rootID   mass      avg_loss     score 
    3    40       2741100   4.4918       3597221.4
    13   57       1903020   3.6843       960616.9
    17   2        8244277   3.2670       721101.6
    19   51       1289869   3.7382       720598.4
    8    46       678815    3.8547       458345.5
    14   60       905338    3.4270       224076.9
    2    33       78207     4.6361       113919.6
    20   6        342947    3.4592       95924.7
    0    29       47896     4.9056       82675.4
    7    21       53265     3.8715       36857.6
    top-10: 35.7% of mass, 96.9% of excess-loss
Epoch 2: loss=2.716506  (22.15 sec, 65 subtrees, 730 chunks, 34623339 nodes)
  residual top-10 (subtree_mass × max(avg_loss − 2.717, 0)):
    rc   rootID   mass      avg_loss     score 
    55   53       2450327   3.5184       1965021.1
    10   47       2317775   3.1974       1114661.4
    57   42       766679    3.5085       607226.1
    9    48       2279927   2.8603       327856.0
    11   41       473230    3.0077       137816.5
    0    64       648078    2.8199       67023.9
    53   26       57242     3.8519       64993.9
    58   62       809921    2.7816       52710.7
    54   32       37700     3.7162       37688.4
    52   27       22963     3.9727       28845.0
    top-10: 21.6% of mass, 97.5% of excess-loss
Epoch 3: loss=2.586430  (22.18 sec, 65 subtrees, 730 chunks, 34623339 nodes)
  residual top-10 (subtree_mass × max(avg_loss − 2.586, 0)):
    rc   rootID   mass      avg_loss     score 
    61   54       2594188   3.5252       2435263.6
    58   44       4367095   3.0769       2142003.3
    59   55       526963    4.1898       844898.5
    64   45       724284    3.0194       313606.2
    7    41       473230    3.0284       209150.0
    8    60       905338    2.6635       69815.0
    63   14       67330     3.2596       45323.6
    62   28       13890     3.5603       13527.3
    6    20       13155     3.3090       9504.8
    51   18       26766     2.7760       5075.2
    top-10: 21.3% of mass, 99.8% of excess-loss
Epoch 4: loss=2.404521  (22.25 sec, 65 subtrees, 730 chunks, 34623339 nodes)
  residual top-10 (subtree_mass × max(avg_loss − 2.405, 0)):
    rc   rootID   mass      avg_loss     score 
    40   48       2279927   2.7109       698559.9
    1    47       2317775   2.5578       355159.4
    44   43       1539203   2.6016       303359.5
    0    42       766679    2.6777       209432.1
    16   1        824077    2.5865       149941.8
    41   22       178953    3.0763       120223.0
    3    62       809921    2.4829       63458.0
    46   60       905338    2.4708       59988.9
    7    57       1903020   2.4330       54244.7
    39   8        79638     2.9906       46674.9
    top-10: 25.5% of mass, 93.6% of excess-loss
Epoch 5: loss=2.280828  (22.23 sec, 65 subtrees, 730 chunks, 34623339 nodes)
  residual top-10 (subtree_mass × max(avg_loss − 2.281, 0)):
    rc   rootID   mass      avg_loss     score 
    43   46       678815    3.2262       641702.4
    21   7        754528    2.5000       165355.6
    42   59       3228512   2.3143       108048.9
    45   55       526963    2.4418       84848.6
    33   52       810142    2.3791       79586.9
    35   45       724284    2.3278       34039.3
    22   9        392288    2.3540       28694.8
    64   8        79638     2.6274       27603.6
    41   60       905338    2.3096       26039.2
    19   18       26766     3.0353       20193.9
    top-10: 17.8% of mass, 90.9% of excess-loss
Epoch 6: loss=2.284421  (22.26 sec, 65 subtrees, 730 chunks, 34623339 nodes)
  residual top-10 (subtree_mass × max(avg_loss − 2.284, 0)):
    rc   rootID   mass      avg_loss     score 
    29   48       2279927   2.7975       1169693.0
    25   53       2450327   2.4751       467176.0
    31   45       724284    2.8941       441585.2
    38   51       1289869   2.3895       135564.3
    36   55       526963    2.4663       95864.6
    0    9        392288    2.4767       75422.2
    39   64       648078    2.3305       29864.4
    64   41       473230    2.3462       29249.3
    40   57       1903020   2.2995       28669.3
    26   56       36902     2.9782       25600.6
    top-10: 23.5% of mass, 94.0% of excess-loss
Epoch 7: loss=2.196383  (22.24 sec, 65 subtrees, 730 chunks, 34623339 nodes)
  residual top-10 (subtree_mass × max(avg_loss − 2.196, 0)):
    rc   rootID   mass      avg_loss     score 
    19   48       2279927   2.3997       463598.1
    55   6        342947    3.0012       276005.4
    56   7        754528    2.4601       198957.7
    54   58       2162521   2.2594       136376.1
    58   59       3228512   2.2385       135844.1
    25   64       648078    2.3642       108785.0
    59   1        824077    2.3107       94165.9
    64   47       2317775   2.2071       24747.2
    18   12       77582     2.4747       21592.7
    17   13       42580     2.5624       15586.0
    top-10: 27.8% of mass, 90.8% of excess-loss
Epoch 8: loss=2.348532  (22.24 sec, 65 subtrees, 730 chunks, 34623339 nodes)
  residual top-10 (subtree_mass × max(avg_loss − 2.349, 0)):
    rc   rootID   mass      avg_loss     score 
    30   47       2317775   3.5047       2679653.6
    32   54       2594188   2.6939       895960.9
    28   44       4367095   2.4620       495636.1
    29   22       178953    4.2376       338048.7
    34   45       724284    2.7634       300513.5
    35   59       3228512   2.4257       249229.1
    31   61       316779    3.0965       236925.0
    5    9        392288    2.5711       87321.7
    37   62       809921    2.3863       30560.7
    33   31       20315     3.1296       15867.6
    top-10: 32.8% of mass, 99.3% of excess-loss
Epoch 9: loss=2.203935  (22.23 sec, 65 subtrees, 730 chunks, 34623339 nodes)
  residual top-10 (subtree_mass × max(avg_loss − 2.204, 0)):
    rc   rootID   mass      avg_loss     score 
    35   42       766679    2.7691       433325.2
    32   53       2450327   2.3785       427840.6
    36   64       648078    2.3249       78423.9
    2    48       2279927   2.2171       30043.0
    33   27       22963     3.1551       21841.3
    12   6        342947    2.2642       20683.3
    0    45       724284    2.2234       14109.8
    37   22       178953    2.2622       10420.2
    38   51       1289869   2.2109       9008.3
    40   33       78207     2.3157       8737.2
    top-10: 19.3% of mass, 93.8% of excess-loss
Epoch 10: loss=2.143671  (22.23 sec, 65 subtrees, 730 chunks, 34623339 nodes)
  residual top-10 (subtree_mass × max(avg_loss − 2.144, 0)):
    rc   rootID   mass      avg_loss     score 
    62   64       648078    2.8085       430851.3
    61   40       2741100   2.2555       306438.4
    64   52       810142    2.3193       142281.7
    28   51       1289869   2.1618       23380.4
    32   6        342947    2.2116       23284.6
    55   9        392288    2.1879       17352.5
    21   61       316779    2.1936       15821.6
    13   7        754528    2.1584       11086.0
    19   26       57242     2.3204       10113.9
    10   18       26766     2.4964       9442.4
    top-10: 16.2% of mass, 91.5% of excess-loss
Epoch 11: loss=2.172459  (22.24 sec, 65 subtrees, 730 chunks, 34623339 nodes)
  residual top-10 (subtree_mass × max(avg_loss − 2.172, 0)):
    rc   rootID   mass      avg_loss     score 
    22   48       2279927   2.5080       765089.1
    59   46       678815    2.6533       326382.0
    16   54       2594188   2.2887       301495.5
    25   58       2162521   2.2977       270733.5
    1    57       1903020   2.2126       76321.3
    28   7        754528    2.2640       69072.9
    18   33       78207     2.9041       57219.1
    2    64       648078    2.2354       40773.9
    20   21       53265     2.6232       24008.4
    21   29       47896     2.6616       23427.2
    top-10: 24.6% of mass, 95.5% of excess-loss
Epoch 12: loss=2.058137  (22.23 sec, 65 subtrees, 730 chunks, 34623339 nodes)
  residual top-10 (subtree_mass × max(avg_loss − 2.058, 0)):
    rc   rootID   mass      avg_loss     score 
    53   45       724284    2.1577       72134.9
    4    54       2594188   2.0831       64828.6
    2    57       1903020   2.0868       54596.0
    1    62       809921    2.1173       47931.8
    39   43       1539203   2.0825       37436.4
    43   51       1289869   2.0826       31535.6
    5    42       766679    2.0927       26500.9
    6    9        392288    2.1240       25820.5
    44   64       648078    2.0900       20619.1
    35   6        342947    2.1088       17381.9
    top-10: 24.2% of mass, 72.2% of excess-loss
Epoch 13: loss=2.201004  (22.24 sec, 65 subtrees, 730 chunks, 34623339 nodes)
  residual top-10 (subtree_mass × max(avg_loss − 2.201, 0)):
    rc   rootID   mass      avg_loss     score 
    25   59       3228512   2.8685       2154900.4
    27   55       526963    3.5265       698479.9
    37   48       2279927   2.4373       538706.1
    35   52       810142    2.7073       410185.8
    41   54       2594188   2.2768       196507.4
    26   26       57242     3.8157       92429.4
    43   45       724284    2.2969       69456.4
    31   13       42580     2.8907       29365.6
    36   12       77582     2.4638       20388.6
    29   31       20315     3.1845       19979.0
    top-10: 22.7% of mass, 98.2% of excess-loss
Epoch 14: loss=2.076885  (22.75 sec, 65 subtrees, 730 chunks, 34623339 nodes)
  residual top-10 (subtree_mass × max(avg_loss − 2.077, 0)):
    rc   rootID   mass      avg_loss     score 
    49   47       2317775   2.1664       207548.9
    41   22       178953    2.7490       120282.6
    44   50       263541    2.3825       80552.0
    14   7        754528    2.1213       33523.3
    3    6        342947    2.1601       28545.5
    4    9        392288    2.1390       24378.4
    1    58       2162521   2.0866       21055.3
    42   36       43657     2.5262       19614.2
    40   27       22963     2.9192       19342.3
    43   13       42580     2.4763       17008.5
    top-10: 14.3% of mass, 79.2% of excess-loss
Epoch 15: loss=2.043171  (22.04 sec, 65 subtrees, 730 chunks, 34623339 nodes)
  residual top-10 (subtree_mass × max(avg_loss − 2.043, 0)):
    rc   rootID   mass      avg_loss     score 
    24   58       2162521   2.1941       326361.1
    26   7        754528    2.2763       175907.1
    17   41       473230    2.2535       99528.8
    22   57       1903020   2.0813       72595.0
    23   22       178953    2.3117       48054.3
    25   3        46307     2.4416       18450.0
    0    33       78207     2.2660       17423.1
    1    14       67330     2.2212       11988.2
    52   18       26766     2.4133       9906.7
    64   61       316779    2.0720       9131.1
    top-10: 13.2% of mass, 89.7% of excess-loss
Epoch 16: loss=2.101078  (22.07 sec, 65 subtrees, 730 chunks, 34623339 nodes)
  residual top-10 (subtree_mass × max(avg_loss − 2.101, 0)):
    rc   rootID   mass      avg_loss     score 
    18   47       2317775   2.9910       2062727.6
    15   44       4367095   2.1710       305344.9
    25   45       724284    2.3053       147944.0
    17   8        79638     3.4901       110617.1
    28   58       2162521   2.1379       79729.6
    16   56       36902     3.5656       54044.2
    29   7        754528    2.1277       20074.8
    22   29       47896     2.5116       19662.0
    27   33       78207     2.2760       13683.0
    24   31       20315     2.6091       10321.5
    top-10: 23.2% of mass, 97.8% of excess-loss
Epoch 17: loss=2.038072  (22.05 sec, 65 subtrees, 730 chunks, 34623339 nodes)
  residual top-10 (subtree_mass × max(avg_loss − 2.038, 0)):
    rc   rootID   mass      avg_loss     score 
    36   48       2279927   2.4949       1041498.3
    37   50       263541    2.6113       151081.8
    39   41       473230    2.2784       113716.6
    26   55       526963    2.2252       98601.9
    42   1        824077    2.1156       63883.8
    33   54       2594188   2.0579       51512.5
    5    18       26766     2.3359       7972.5
    21   33       78207     2.1204       6436.9
    41   25       21579     2.2705       5014.7
    45   22       178953    2.0644       4715.1
    top-10: 15.9% of mass, 96.8% of excess-loss
Epoch 18: loss=1.993640  (22.05 sec, 65 subtrees, 730 chunks, 34623339 nodes)
  residual top-10 (subtree_mass × max(avg_loss − 1.994, 0)):
    rc   rootID   mass      avg_loss     score 
    64   48       2279927   2.4171       965553.3
    58   1        824077    2.0939       82647.4
    51   46       678815    2.0743       54745.9
    43   7        754528    2.0476       40731.1
    62   63       38641     2.5624       21979.1
    63   27       22963     2.5753       13357.8
    11   33       78207     2.1339       10969.5
    2    9        392288    2.0201       10376.5
    28   18       26766     2.2771       7587.0
    23   16       34390     2.1564       5598.1
    top-10: 11.3% of mass, 95.7% of excess-loss
Epoch 19: loss=2.233791  (22.06 sec, 65 subtrees, 730 chunks, 34623339 nodes)
  residual top-10 (subtree_mass × max(avg_loss − 2.234, 0)):
    rc   rootID   mass      avg_loss     score 
    21   53       2450327   3.1277       2190256.1
    22   58       2162521   3.2367       2168784.7
    24   59       3228512   2.5258       942825.5
    4    7        754528    2.4573       168680.9
    27   51       1289869   2.3635       167296.2
    20   3        46307     3.4672       57113.4
    19   31       20315     3.9639       35147.3
    23   14       67330     2.7043       31681.9
    1    8        79638     2.6188       30662.2
    26   17       24477     2.5051       6640.9
    top-10: 22.2% of mass, 99.7% of excess-loss
Epoch 20: loss=1.993489  (22.07 sec, 65 subtrees, 730 chunks, 34623339 nodes)
  residual top-10 (subtree_mass × max(avg_loss − 1.993, 0)):
    rc   rootID   mass      avg_loss     score 
    22   53       2450327   2.0653       175913.7
    23   42       766679    2.1423       114095.6
    2    48       2279927   2.0296       82282.2
    6    59       3228512   2.0160       72591.8
    12   7        754528    2.0380       33603.5
    21   2        8244277   1.9967       26081.3
    13   47       2317775   2.0024       20620.4
    41   6        342947    2.0287       12081.5
    15   45       724284    2.0091       11283.8
    44   33       78207     2.1013       8428.1
    top-10: 46.5% of mass, 87.0% of excess-loss
Epoch 21: loss=1.950994  (22.07 sec, 65 subtrees, 730 chunks, 34623339 nodes)
  residual top-10 (subtree_mass × max(avg_loss − 1.951, 0)):
    rc   rootID   mass      avg_loss     score 
    16   57       1903020   2.0238       138481.4
    19   41       473230    2.0964       68807.9
    41   60       905338    1.9784       24803.3
    64   59       3228512   1.9582       23378.8
    42   6        342947    2.0090       19895.5
    14   9        392288    1.9859       13702.3
    20   33       78207     2.1142       12764.6
    55   51       1289869   1.9603       12041.5
    21   64       648078    1.9688       11547.2
    46   7        754528    1.9661       11414.0
    top-10: 22.0% of mass, 77.4% of excess-loss
Epoch 22: loss=1.930299  (22.05 sec, 65 subtrees, 730 chunks, 34623339 nodes)
  residual top-10 (subtree_mass × max(avg_loss − 1.930, 0)):
    rc   rootID   mass      avg_loss     score 
    38   60       905338    2.1089       161700.6
    1    52       810142    2.0259       77438.8
    56   48       2279927   1.9641       77169.4
    39   9        392288    2.0372       41928.6
    53   61       316779    2.0465       36800.6
    6    7        754528    1.9559       19283.1
    16   6        342947    1.9699       13587.2
    24   33       78207     2.0974       13071.3
    57   41       473230    1.9569       12565.6
    42   14       67330     2.0419       7513.7
    top-10: 14.1% of mass, 84.5% of excess-loss
Epoch 23: loss=2.209242  (22.05 sec, 65 subtrees, 730 chunks, 34623339 nodes)
  residual top-10 (subtree_mass × max(avg_loss − 2.209, 0)):
    rc   rootID   mass      avg_loss     score 
    54   2        8244277   2.8531       5307827.8
    58   59       3228512   2.9702       2456624.1
    56   52       810142    3.7831       1275068.2
    52   54       2594188   2.5887       984340.4
    64   7        754528    2.4718       198128.2
    61   61       316779    2.6087       126524.3
    55   63       38641     3.9529       67377.3
    60   12       77582     2.7265       40130.6
    57   13       42580     3.0727       36765.5
    63   33       78207     2.5909       29845.6
    top-10: 35.5% of mass, 99.8% of excess-loss
Epoch 24: loss=2.165867  (22.04 sec, 65 subtrees, 730 chunks, 34623339 nodes)
  residual top-10 (subtree_mass × max(avg_loss − 2.166, 0)):
    rc   rootID   mass      avg_loss     score 
    2    48       2279927   2.3252       363256.9
    36   59       3228512   2.2577       296392.3
    42   43       1539203   2.3434       273225.2
    18   2        8244277   2.1960       248116.8
    38   9        392288    2.6872       204525.6
    0    64       648078    2.3514       120253.6
    13   57       1903020   2.2082       80507.7
    5    46       678815    2.2533       59349.2
    12   52       810142    2.2342       55380.7
    7    6        342947    2.3125       50284.3
    top-10: 44.0% of mass, 93.7% of excess-loss
Epoch 25: loss=2.003683  (22.01 sec, 65 subtrees, 730 chunks, 34623339 nodes)
  residual top-10 (subtree_mass × max(avg_loss − 2.004, 0)):
    rc   rootID   mass      avg_loss     score 
    5    59       3228512   2.0320       91377.3
    9    40       2741100   2.0214       48440.3
    62   47       2317775   2.0227       43978.4
    8    7        754528    2.0592       41858.9
    16   54       2594188   2.0177       36403.4
    23   48       2279927   2.0183       33240.0
    0    60       905338    2.0370       30124.2
    4    62       809921    2.0357       25923.9
    2    52       810142    2.0350       25364.0
    7    45       724284    2.0344       22222.6
    top-10: 37.7% of mass, 72.9% of excess-loss
Epoch 26: loss=1.984631  (22.03 sec, 65 subtrees, 730 chunks, 34623339 nodes)
  residual top-10 (subtree_mass × max(avg_loss − 1.985, 0)):
    rc   rootID   mass      avg_loss     score 
    6    40       2741100   2.1268       389662.8
    7    45       724284    2.3622       273482.6
    0    53       2450327   2.0754       222455.4
    3    58       2162521   2.0707       186100.6
    10   47       2317775   2.0308       106943.6
    17   7        754528    2.0006       12042.8
    1    21       53265     2.1810       10457.6
    13   33       78207     2.1071       9575.5
    52   18       26766     2.2308       6589.2
    8    31       20315     2.2815       6031.2
    top-10: 24.9% of mass, 95.6% of excess-loss
Epoch 27: loss=2.010461  (22.04 sec, 65 subtrees, 730 chunks, 34623339 nodes)
  residual top-10 (subtree_mass × max(avg_loss − 2.010, 0)):
    rc   rootID   mass      avg_loss     score 
    18   46       678815    2.9303       624374.6
    16   44       4367095   2.1022       400721.2
    19   62       809921    2.3612       284085.5
    25   40       2741100   2.1000       245397.3
    23   42       766679    2.1378       97601.7
    26   54       2594188   2.0385       72747.1
    20   12       77582     2.1881       13778.8
    35   33       78207     2.1092       7724.3
    49   18       26766     2.2555       6559.0
    28   41       473230    2.0239       6372.6
    top-10: 27.7% of mass, 97.2% of excess-loss
Epoch 28: loss=1.926988  (22.05 sec, 65 subtrees, 730 chunks, 34623339 nodes)
  residual top-10 (subtree_mass × max(avg_loss − 1.927, 0)):
    rc   rootID   mass      avg_loss     score 
    15   51       1289869   1.9951       87884.8
    59   55       526963    2.0173       47565.7
    13   59       3228512   1.9393       39649.6
    27   7        754528    1.9733       34928.1
    24   54       2594188   1.9363       24136.1
    11   48       2279927   1.9351       18545.0
    7    47       2317775   1.9336       15245.9
    28   6        342947    1.9663       13480.0
    61   45       724284    1.9430       11574.2
    62   9        392288    1.9561       11438.1
    top-10: 31.7% of mass, 72.2% of excess-loss
Epoch 29: loss=1.974458  (22.04 sec, 65 subtrees, 730 chunks, 34623339 nodes)
  residual top-10 (subtree_mass × max(avg_loss − 1.974, 0)):
    rc   rootID   mass      avg_loss     score 
    33   41       473230    3.4010       675088.4
    41   51       1289869   2.1957       285331.7
    38   55       526963    2.4634       257672.5
    32   12       77582     3.8931       148852.9
    42   52       810142    2.0453       57359.4
    39   33       78207     2.3603       30177.9
    36   32       37700     2.6553       25669.1
    35   17       24477     2.6747       17139.4
    40   15       43678     2.2448       11808.3
    37   28       13890     2.7902       11330.7
    top-10: 7.4% of mass, 96.4% of excess-loss
Epoch 30: loss=1.926453  (22.05 sec, 65 subtrees, 730 chunks, 34623339 nodes)
  residual top-10 (subtree_mass × max(avg_loss − 1.926, 0)):
    rc   rootID   mass      avg_loss     score 
    55   52       810142    2.4046       387392.4
    56   47       2317775   2.0147       204503.9
    59   48       2279927   2.0081       186187.3
    53   54       2594188   1.9958       179927.6
    61   59       3228512   1.9493       73794.1
    60   41       473230    2.0562       61396.4
    54   65       20218     2.5177       11953.6
    62   22       178953    1.9848       10436.0
    39   6        342947    1.9485       7573.3
    36   33       78207     2.0162       7020.7
    top-10: 27.0% of mass, 95.1% of excess-loss
Epoch 31: loss=1.893745  (22.04 sec, 65 subtrees, 730 chunks, 34623339 nodes)
  residual top-10 (subtree_mass × max(avg_loss − 1.894, 0)):
    rc   rootID   mass      avg_loss     score 
    25   58       2162521   2.0432       323287.0
    26   52       810142    2.1156       179759.7
    27   62       809921    1.9480       43970.8
    31   47       2317775   1.9118       41771.8
    0    7        754528    1.9250       23609.3
    18   6        342947    1.9203       9102.8
    32   33       78207     2.0093       9037.2
    28   14       67330     2.0251       8842.6
    37   46       678815    1.9036       6669.9
    59   18       26766     2.1367       6501.7
    top-10: 17.7% of mass, 92.7% of excess-loss
Epoch 32: loss=1.864676  (22.05 sec, 65 subtrees, 730 chunks, 34623339 nodes)
  residual top-10 (subtree_mass × max(avg_loss − 1.865, 0)):
    rc   rootID   mass      avg_loss     score 
    18   48       2279927   1.9621       222215.5
    20   41       473230    2.0225       74708.8
    15   40       2741100   1.8815       46190.3
    39   7        754528    1.8910       19874.9
    16   8        79638     2.0899       17937.9
    24   58       2162521   1.8719       15536.9
    28   6        342947    1.9041       13509.1
    25   62       809921    1.8805       12792.7
    19   21       53265     2.1048       12792.6
    26   33       78207     1.9747       8606.9
    top-10: 21.4% of mass, 84.1% of excess-loss
Epoch 33: loss=1.886771  (22.04 sec, 65 subtrees, 730 chunks, 34623339 nodes)
  residual top-10 (subtree_mass × max(avg_loss − 1.887, 0)):
    rc   rootID   mass      avg_loss     score 
    48   58       2162521   2.0835       425471.5
    49   42       766679    2.3876       384007.4
    13   41       473230    2.2883       190024.9
    14   62       809921    2.0164       104979.8
    51   52       810142    1.9370       40666.5
    46   12       77582     2.2339       26930.5
    54   6        342947    1.9252       13186.1
    12   38       17381     2.4865       10424.4
    16   50       263541    1.9221       9307.4
    33   33       78207     2.0027       9063.6
    top-10: 12.7% of mass, 94.9% of excess-loss
Epoch 34: loss=2.000862  (22.05 sec, 65 subtrees, 730 chunks, 34623339 nodes)
  residual top-10 (subtree_mass × max(avg_loss − 2.001, 0)):
    rc   rootID   mass      avg_loss     score 
    60   54       2594188   2.6475       1677543.4
    53   2        8244277   2.1293       1058706.7
    59   42       766679    3.3763       1054514.0
    61   58       2162521   2.4716       1017971.2
    63   62       809921    2.4074       329274.9
    54   15       43678     4.2163       96764.9
    58   21       53265     3.5363       81785.5
    57   36       43657     3.6611       72480.8
    56   27       22963     3.8483       42423.4
    55   28       13890     4.1653       30063.9
    top-10: 32.4% of mass, 99.6% of excess-loss
Epoch 35: loss=1.954661  (22.02 sec, 65 subtrees, 730 chunks, 34623339 nodes)
  residual top-10 (subtree_mass × max(avg_loss − 1.955, 0)):
    rc   rootID   mass      avg_loss     score 
    0    59       3228512   2.1501       630939.6
    19   48       2279927   1.9909       82716.4
    39   60       905338    2.0426       79625.0
    5    42       766679    2.0556       77408.7
    13   43       1539203   1.9890       52889.2
    21   40       2741100   1.9716       46501.6
    10   52       810142    2.0101       44875.0
    6    64       648078    2.0143       38647.9
    11   6        342947    2.0577       35326.6
    1    3        46307     2.2220       12378.2
    top-10: 29.2% of mass, 91.9% of excess-loss
Epoch 36: loss=1.954625  (22.05 sec, 65 subtrees, 730 chunks, 34623339 nodes)
  residual top-10 (subtree_mass × max(avg_loss − 1.955, 0)):
    rc   rootID   mass      avg_loss     score 
    21   53       2450327   2.2495       722440.0
    20   64       648078    2.9741       660695.2
    19   44       4367095   2.0921       600483.9
    18   48       2279927   1.9777       52594.9
    52   42       766679    2.0075       40562.6
    17   51       1289869   1.9734       24159.3
    22   55       526963    1.9992       23496.1
    25   6        342947    2.0171       21421.4
    24   16       34390     2.1169       5580.6
    51   25       21579     2.2131       5578.2
    top-10: 27.9% of mass, 98.8% of excess-loss
Epoch 37: loss=1.841859  (22.06 sec, 65 subtrees, 730 chunks, 34623339 nodes)
  residual top-10 (subtree_mass × max(avg_loss − 1.842, 0)):
    rc   rootID   mass      avg_loss     score 
    37   41       473230    1.9473       49907.6
    9    54       2594188   1.8528       28374.0
    19   48       2279927   1.8503       19269.8
    15   9        392288    1.8848       16832.1
    17   46       678815    1.8621       13724.5
    54   6        342947    1.8694       9441.7
    60   33       78207     1.9430       7906.0
    6    14       67330     1.9532       7494.7
    13   51       1289869   1.8473       7042.3
    3    16       34390     2.0341       6611.4
    top-10: 18.1% of mass, 69.5% of excess-loss
Epoch 38: loss=1.813491  (22.05 sec, 65 subtrees, 730 chunks, 34623339 nodes)
  residual top-10 (subtree_mass × max(avg_loss − 1.813, 0)):
    rc   rootID   mass      avg_loss     score 
    49   9        392288    1.9144       39595.4
    1    48       2279927   1.8224       20381.3
    2    40       2741100   1.8206       19606.1
    47   7        754528    1.8353       16487.3
    23   6        342947    1.8594       15740.6
    8    45       724284    1.8307       12458.7
    14   62       809921    1.8286       12201.8
    19   33       78207     1.9260       8796.2
    30   18       26766     2.0605       6612.0
    50   16       34390     1.9993       6389.8
    top-10: 18.0% of mass, 69.6% of excess-loss
Epoch 39: loss=1.829103  (22.03 sec, 65 subtrees, 730 chunks, 34623339 nodes)
  residual top-10 (subtree_mass × max(avg_loss − 1.829, 0)):
    rc   rootID   mass      avg_loss     score 
    46   40       2741100   1.9472       323741.5
    49   6        342947    2.3075       164051.2
    60   58       2162521   1.9017       156930.8
    50   61       316779    2.0532       70995.1
    51   41       473230    1.9788       70845.8
    47   32       37700     2.4546       23581.8
    61   46       678815    1.8627       22797.9
    62   47       2317775   1.8383       21273.6
    17   9        392288    1.8811       20413.5
    3    7        754528    1.8496       15460.2
    top-10: 22.4% of mass, 91.0% of excess-loss
Epoch 40: loss=1.803620  (22.06 sec, 65 subtrees, 730 chunks, 34623339 nodes)
  residual top-10 (subtree_mass × max(avg_loss − 1.804, 0)):
    rc   rootID   mass      avg_loss     score 
    32   43       1539203   1.9107       164799.5
    30   53       2450327   1.8226       46455.3
    49   7        754528    1.8393       26943.3
    1    54       2594188   1.8106       18207.1
    0    62       809921    1.8254       17603.2
    34   33       78207     2.0211       17008.5
    38   42       766679    1.8225       14456.4
    63   6        342947    1.8427       13396.5
    60   1        824077    1.8197       13263.2
    12   9        392288    1.8297       10234.6
    top-10: 23.1% of mass, 80.9% of excess-loss
Epoch 41: loss=1.832631  (22.05 sec, 65 subtrees, 730 chunks, 34623339 nodes)
  residual top-10 (subtree_mass × max(avg_loss − 1.833, 0)):
    rc   rootID   mass      avg_loss     score 
    31   53       2450327   2.1368       745350.5
    33   43       1539203   2.1133       432039.1
    27   48       2279927   1.8980       149007.0
    37   45       724284    1.9469       82738.4
    28   29       47896     2.3302       23833.5
    34   8        79638     2.0934       20770.5
    25   6        342947    1.8852       18027.6
    35   3        46307     2.0753       11237.1
    29   17       24477     2.2396       9960.8
    42   18       26766     2.0882       6839.3
    top-10: 16.6% of mass, 97.1% of excess-loss
Epoch 42: loss=1.827289  (22.04 sec, 65 subtrees, 730 chunks, 34623339 nodes)
  residual top-10 (subtree_mass × max(avg_loss − 1.827, 0)):
    rc   rootID   mass      avg_loss     score 
    30   54       2594188   2.0470       569844.7
    32   45       724284    2.2449       302480.6
    44   46       678815    2.0223       132350.9
    28   58       2162521   1.8841       122851.3
    27   43       1539203   1.8749       73212.4
    33   52       810142    1.8964       55976.0
    0    18       26766     2.0033       4710.0
    36   14       67330     1.8949       4552.4
    31   35       6879      2.4287       4136.8
    21   33       78207     1.8795       4080.7
    top-10: 19.1% of mass, 97.6% of excess-loss
Epoch 43: loss=1.771789  (22.05 sec, 65 subtrees, 730 chunks, 34623339 nodes)
  residual top-10 (subtree_mass × max(avg_loss − 1.772, 0)):
    rc   rootID   mass      avg_loss     score 
    62   59       3228512   1.8212       159479.3
    60   61       316779    1.9555       58190.1
    35   52       810142    1.8003       23075.8
    63   8        79638     2.0544       22508.3
    33   48       2279927   1.7789       16228.7
    22   7        754528    1.7905       14104.8
    13   6        342947    1.8074       12214.2
    64   18       26766     2.0923       8579.7
    24   33       78207     1.8695       7643.9
    14   9        392288    1.7870       5965.3
    top-10: 18.2% of mass, 86.4% of excess-loss
Epoch 44: loss=1.798536  (22.06 sec, 65 subtrees, 730 chunks, 34623339 nodes)
  residual top-10 (subtree_mass × max(avg_loss − 1.799, 0)):
    rc   rootID   mass      avg_loss     score 
    42   64       648078    2.1278       213377.9
    46   9        392288    2.2193       165061.3
    45   54       2594188   1.8488       130366.3
    50   48       2279927   1.8514       120601.0
    0    45       724284    1.8954       70153.2
    41   58       2162521   1.8276       62959.4
    43   57       1903020   1.8249       50098.0
    47   50       263541    1.9361       36247.8
    24   7        754528    1.8210       16967.4
    51   41       473230    1.8313       15489.6
    top-10: 26.8% of mass, 91.5% of excess-loss
Epoch 45: loss=2.059828  (22.05 sec, 65 subtrees, 730 chunks, 34623339 nodes)
  residual top-10 (subtree_mass × max(avg_loss − 2.060, 0)):
    rc   rootID   mass      avg_loss     score 
    35   53       2450327   2.6518       1450553.8
    36   54       2594188   2.5713       1326901.0
    38   42       766679    3.2632       922633.7
    31   2        8244277   2.1434       689194.8
    33   6        342947    3.4515       477258.8
    46   51       1289869   2.2306       220251.6
    34   50       263541    2.8771       215377.8
    44   1        824077    2.3046       201689.0
    39   9        392288    2.5127       177644.3
    55   59       3228512   2.0936       108987.9
    top-10: 44.7% of mass, 96.2% of excess-loss
Epoch 46: loss=1.911136  (22.04 sec, 65 subtrees, 730 chunks, 34623339 nodes)
  residual top-10 (subtree_mass × max(avg_loss − 1.911, 0)):
    rc   rootID   mass      avg_loss     score 
    13   40       2741100   1.9836       198651.3
    18   54       2594188   1.9581       121955.7
    10   51       1289869   1.9868       97555.3
    0    45       724284    2.0280       84650.3
    27   53       2450327   1.9393       69106.4
    17   7        754528    1.9927       61511.8
    3    64       648078    1.9965       55322.3
    6    41       473230    1.9894       37048.7
    16   9        392288    2.0045       36611.6
    15   33       78207     2.0748       12801.8
    top-10: 26.6% of mass, 87.1% of excess-loss
Epoch 47: loss=1.929265  (22.04 sec, 65 subtrees, 730 chunks, 34623339 nodes)
  residual top-10 (subtree_mass × max(avg_loss − 1.929, 0)):
    rc   rootID   mass      avg_loss     score 
    56   47       2317775   3.0341       2560750.0
    63   44       4367095   1.9996       306958.8
    57   64       648078    2.3241       255915.5
    62   41       473230    2.0319       48586.6
    61   14       67330     2.1473       14677.1
    53   29       47896     2.0269       4674.3
    59   56       36902     2.0397       4075.8
    42   18       26766     2.0291       2672.8
    18   28       13890     2.0597       1812.2
    58   37       4727      2.2729       1624.2
    top-10: 17.6% of mass, 99.8% of excess-loss
Epoch 48: loss=1.858974  (22.06 sec, 65 subtrees, 730 chunks, 34623339 nodes)
  residual top-10 (subtree_mass × max(avg_loss − 1.859, 0)):
    rc   rootID   mass      avg_loss     score 
    7    2        8244277   1.9278       567706.3
    16   53       2450327   1.9677       266482.1
    12   50       263541    2.3836       138254.9
    15   55       526963    2.0394       95052.0
    6    44       4367095   1.8760       74141.6
    13   22       178953    2.1373       49813.2
    10   36       43657     2.5221       28949.2
    14   14       67330     2.1923       22443.4
    8    38       17381     2.6588       13902.5
    1    33       78207     2.0115       11927.0
    top-10: 35.6% of mass, 96.6% of excess-loss
Epoch 49: loss=1.778245  (22.04 sec, 65 subtrees, 730 chunks, 34623339 nodes)
  residual top-10 (subtree_mass × max(avg_loss − 1.778, 0)):
    rc   rootID   mass      avg_loss     score 
    32   2        8244277   1.7848       53781.9
    11   47       2317775   1.7910       29638.9
    21   7        754528    1.8055       20533.3
    15   9        392288    1.8070       11275.5
    41   6        342947    1.8109       11214.6
    8    51       1289869   1.7857       9654.8
    49   33       78207     1.8749       7558.1
    10   44       4367095   1.7799       7183.7
    9    62       809921    1.7866       6778.4
    7    8        79638     1.8611       6600.1
    top-10: 41.0% of mass, 70.2% of excess-loss
Epoch 50: loss=1.760675  (22.07 sec, 65 subtrees, 730 chunks, 34623339 nodes)
  residual top-10 (subtree_mass × max(avg_loss − 1.761, 0)):
    rc   rootID   mass      avg_loss     score 
    47   48       2279927   1.7879       62002.3
    48   7        754528    1.8187       43798.7
    43   2        8244277   1.7640       27470.8
    0    59       3228512   1.7676       22376.4
    7    45       724284    1.7811       14791.9
    16   6        342947    1.7962       12175.1
    11   33       78207     1.8664       8271.4
    31   9        392288    1.7758       5933.6
    39   18       26766     1.9764       5772.8
    21   8        79638     1.8308       5587.8
    top-10: 35.4% of mass, 80.6% of excess-loss
Epoch 51: loss=1.797183  (22.04 sec, 65 subtrees, 730 chunks, 34623339 nodes)
  residual top-10 (subtree_mass × max(avg_loss − 1.797, 0)):
    rc   rootID   mass      avg_loss     score 
    8    54       2594188   2.1177       831415.8
    14   53       2450327   1.8671       171291.7
    11   6        342947    2.2284       147892.1
    13   42       766679    1.9679       130883.3
    18   47       2317775   1.8081       25299.3
    10   15       43678     2.2004       17611.3
    9    38       17381     2.3103       8919.2
    49   18       26766     1.9653       4500.9
    16   26       57242     1.8718       4274.1
    55   33       78207     1.8518       4270.6
    top-10: 19.1% of mass, 97.8% of excess-loss
Epoch 52: loss=1.741518  (22.07 sec, 65 subtrees, 730 chunks, 34623339 nodes)
  residual top-10 (subtree_mass × max(avg_loss − 1.742, 0)):
    rc   rootID   mass      avg_loss     score 
    3    2        8244277   1.7519       85336.3
    38   40       2741100   1.7499       23024.2
    4    45       724284    1.7709       21277.3
    39   46       678815    1.7716       20390.2
    37   9        392288    1.7908       19329.9
    47   7        754528    1.7640       16987.2
    26   6        342947    1.7806       13415.4
    13   33       78207     1.8426       7905.4
    7    14       67330     1.8306       5996.6
    12   8        79638     1.8163       5954.0
    top-10: 30.9% of mass, 77.9% of excess-loss
Epoch 53: loss=1.732739  (22.05 sec, 65 subtrees, 730 chunks, 34623339 nodes)
  residual top-10 (subtree_mass × max(avg_loss − 1.733, 0)):
    rc   rootID   mass      avg_loss     score 
    62   2        8244277   1.7389       50780.3
    2    48       2279927   1.7457       29616.3
    7    6        342947    1.7725       13640.9
    55   7        754528    1.7483       11738.6
    22   45       724284    1.7450       8895.0
    43   33       78207     1.8228       7041.6
    0    53       2450327   1.7354       6560.4
    20   9        392288    1.7487       6255.5
    63   63       38641     1.8919       6149.4
    11   8        79638     1.8069       5902.8
    top-10: 33.7% of mass, 66.9% of excess-loss
Epoch 54: loss=1.757625  (22.08 sec, 65 subtrees, 730 chunks, 34623339 nodes)
  residual top-10 (subtree_mass × max(avg_loss − 1.758, 0)):
    rc   rootID   mass      avg_loss     score 
    5    47       2317775   1.8956       319758.1
    0    54       2594188   1.8657       280296.7
    1    6        342947    2.2428       166381.9
    54   40       2741100   1.7868       79903.5
    53   9        392288    1.8989       55425.6
    59   62       809921    1.7813       19191.6
    4    8        79638     1.9898       18492.3
    7    64       648078    1.7808       15034.7
    2    26       57242     2.0104       14470.2
    6    33       78207     1.9167       12441.7
    top-10: 22.1% of mass, 93.7% of excess-loss
Epoch 55: loss=1.727121  (22.05 sec, 65 subtrees, 730 chunks, 34623339 nodes)
  residual top-10 (subtree_mass × max(avg_loss − 1.727, 0)):
    rc   rootID   mass      avg_loss     score 
    63   51       1289869   1.8018       96376.5
    4    53       2450327   1.7606       82068.4
    7    1        824077    1.7689       34457.5
    9    47       2317775   1.7342       16295.6
    15   7        754528    1.7481       15851.6
    2    33       78207     1.8916       12866.1
    20   6        342947    1.7606       11465.1
    3    14       67330     1.8501       8283.3
    21   8        79638     1.7980       5646.7
    18   16       34390     1.8821       5329.3
    top-10: 18.1% of mass, 82.9% of excess-loss
Epoch 56: loss=1.777735  (22.04 sec, 65 subtrees, 730 chunks, 34623339 nodes)
  residual top-10 (subtree_mass × max(avg_loss − 1.778, 0)):
    rc   rootID   mass      avg_loss     score 
    6    59       3228512   1.9874       676756.5
    11   1        824077    2.1211       282964.5
    14   54       2594188   1.8736       248713.1
    25   51       1289869   1.8271       63702.9
    17   2        8244277   1.7826       40166.4
    5    40       2741100   1.7905       35107.5
    3    47       2317775   1.7887       25353.7
    18   8        79638     2.0669       23030.1
    9    29       47896     2.2496       22602.4
    7    18       26766     2.4190       17164.7
    top-10: 46.9% of mass, 95.9% of excess-loss
Epoch 57: loss=1.711546  (22.05 sec, 65 subtrees, 730 chunks, 34623339 nodes)
  residual top-10 (subtree_mass × max(avg_loss − 1.712, 0)):
    rc   rootID   mass      avg_loss     score 
    13   2        8244277   1.7219       85422.6
    14   52       810142    1.7530       33621.0
    16   48       2279927   1.7207       20835.4
    28   7        754528    1.7309       14596.3
    17   62       809921    1.7271       12577.7
    27   6        342947    1.7463       11917.5
    18   45       724284    1.7256       10174.2
    63   33       78207     1.8021       7079.6
    25   8        79638     1.7853       5872.3
    22   16       34390     1.8735       5570.4
    top-10: 31.1% of mass, 77.0% of excess-loss
Epoch 58: loss=1.721539  (22.06 sec, 65 subtrees, 730 chunks, 34623339 nodes)
  residual top-10 (subtree_mass × max(avg_loss − 1.722, 0)):
    rc   rootID   mass      avg_loss     score 
    6    53       2450327   1.8489       312132.9
    8    51       1289869   1.8959       224857.0
    11   62       809921    1.7627       33299.7
    7    3        46307     2.0631       15815.8
    13   40       2741100   1.7241       6933.3
    55   33       78207     1.8058       6593.4
    52   16       34390     1.9104       6495.0
    39   18       26766     1.9144       5162.8
    28   8        79638     1.7849       5047.8
    29   7        754528    1.7280       4904.6
    top-10: 18.2% of mass, 94.1% of excess-loss
Epoch 59: loss=1.699502  (22.07 sec, 65 subtrees, 730 chunks, 34623339 nodes)
  residual top-10 (subtree_mass × max(avg_loss − 1.700, 0)):
    rc   rootID   mass      avg_loss     score 
    63   59       3228512   1.7330       108034.5
    57   2        8244277   1.7022       22517.1
    3    7        754528    1.7214       16507.7
    33   47       2317775   1.7060       15060.5
    36   45       724284    1.7152       11379.7
    34   64       648078    1.7157       10502.7
    14   6        342947    1.7297       10362.3
    24   33       78207     1.7991       7790.0
    0    8        79638     1.7781       6262.2
    35   16       34390     1.8655       5708.4
    top-10: 36.1% of mass, 80.0% of excess-loss
Epoch 60: loss=1.747684  (22.03 sec, 65 subtrees, 730 chunks, 34623339 nodes)
  residual top-10 (subtree_mass × max(avg_loss − 1.748, 0)):
    rc   rootID   mass      avg_loss     score 
    32   59       3228512   1.9006       493658.1
    30   57       1903020   1.9100       308856.1
    34   1        824077    1.9805       191847.2
    28   53       2450327   1.7883       99632.1
    7    46       678815    1.8266       53574.6
    3    43       1539203   1.7774       45683.9
    1    50       263541    1.8795       34742.2
    31   26       57242     1.9918       13975.1
    29   18       26766     2.1677       11241.3
    44   7        754528    1.7612       10226.8
    top-10: 25.7% of mass, 95.6% of excess-loss
Epoch 61: loss=1.690586  (22.05 sec, 65 subtrees, 730 chunks, 34623339 nodes)
  residual top-10 (subtree_mass × max(avg_loss − 1.691, 0)):
    rc   rootID   mass      avg_loss     score 
    10   2        8244277   1.7002       79424.1
    1    40       2741100   1.6961       15104.5
    31   7        754528    1.7105       15021.0
    23   6        342947    1.7268       12430.7
    7    45       724284    1.7073       12110.9
    35   9        392288    1.7123       8505.5
    53   33       78207     1.7826       7199.6
    15   14       67330     1.7877       6540.2
    47   8        79638     1.7673       6110.7
    20   16       34390     1.8581       5759.5
    top-10: 29.5% of mass, 77.6% of excess-loss
Epoch 62: loss=1.700615  (22.06 sec, 65 subtrees, 730 chunks, 34623339 nodes)
  residual top-10 (subtree_mass × max(avg_loss − 1.701, 0)):
    rc   rootID   mass      avg_loss     score 
    43   40       2741100   1.7741       201433.2
    38   53       2450327   1.7503       121808.4
    45   42       766679    1.8208       92156.1
    41   6        342947    1.8872       63976.8
    46   9        392288    1.7316       12146.3
    59   7        754528    1.7113       8072.1
    42   16       34390     1.9257       7739.4
    53   33       78207     1.7925       7187.6
    39   27       22963     1.9368       5423.0
    3    8        79638     1.7657       5186.2
    top-10: 16.8% of mass, 92.0% of excess-loss
Epoch 63: loss=1.685350  (22.04 sec, 65 subtrees, 730 chunks, 34623339 nodes)
  residual top-10 (subtree_mass × max(avg_loss − 1.685, 0)):
    rc   rootID   mass      avg_loss     score 
    16   57       1903020   1.7226       70981.2
    15   2        8244277   1.6932       64906.8
    18   52       810142    1.7479       50671.4
    1    7        754528    1.7054       15105.3
    3    45       724284    1.7022       12216.2
    44   6        342947    1.7197       11779.9
    62   33       78207     1.7718       6762.4
    46   8        79638     1.7644       6298.2
    25   16       34390     1.8539       5797.5
    42   18       26766     1.8794       5195.2
    top-10: 28.5% of mass, 83.5% of excess-loss
Epoch 64: loss=1.679561  (22.04 sec, 65 subtrees, 730 chunks, 34623339 nodes)
  residual top-10 (subtree_mass × max(avg_loss − 1.680, 0)):
    rc   rootID   mass      avg_loss     score 
    63   2        8244277   1.6907       92018.2
    58   6        342947    1.8072       43771.2
    56   40       2741100   1.6925       35578.9
    20   7        754528    1.6993       14887.3
    57   14       67330     1.8933       14392.4
    62   46       678815    1.6951       10542.7
    33   45       724284    1.6925       9360.9
    64   16       34390     1.8987       7535.8
    27   33       78207     1.7683       6937.4
    31   8        79638     1.7577       6219.5
    top-10: 30.2% of mass, 80.3% of excess-loss
Epoch 65: loss=1.688668  (22.04 sec, 65 subtrees, 730 chunks, 34623339 nodes)
  residual top-10 (subtree_mass × max(avg_loss − 1.689, 0)):
    rc   rootID   mass      avg_loss     score 
    14   7        754528    1.9208       175128.7
    13   57       1903020   1.7315       81575.8
    24   41       473230    1.8149       59748.4
    22   54       2594188   1.7091       53069.4
    1    46       678815    1.7151       17950.6
    52   45       724284    1.7009       8889.4
    3    33       78207     1.7875       7731.8
    50   43       1539203   1.6932       6996.5
    32   6        342947    1.7080       6613.5
    36   16       34390     1.8608       5920.0
    top-10: 20.0% of mass, 87.1% of excess-loss
Epoch 66: loss=1.671407  (22.05 sec, 65 subtrees, 730 chunks, 34623339 nodes)
  residual top-10 (subtree_mass × max(avg_loss − 1.671, 0)):
    rc   rootID   mass      avg_loss     score 
    30   7        754528    1.7694       73909.8
    29   2        8244277   1.6800       70706.7
    9    48       2279927   1.6774       13731.4
    25   6        342947    1.7096       13108.4
    64   45       724284    1.6842       9274.1
    16   33       78207     1.7618       7066.3
    17   8        79638     1.7533       6524.3
    2    16       34390     1.8447       5958.3
    20   14       67330     1.7484       5182.9
    12   18       26766     1.8622       5107.9
    top-10: 27.7% of mass, 81.3% of excess-loss
Epoch 67: loss=1.675215  (22.05 sec, 65 subtrees, 730 chunks, 34623339 nodes)
  residual top-10 (subtree_mass × max(avg_loss − 1.675, 0)):
    rc   rootID   mass      avg_loss     score 
    16   55       526963    1.8586       96634.2
    26   47       2317775   1.7167       96185.6
    28   1        824077    1.7296       44819.8
    2    6        342947    1.6997       8397.4
    55   7        754528    1.6862       8323.6
    17   8        79638     1.7768       8092.3
    60   33       78207     1.7598       6611.7
    51   16       34390     1.8392       5640.8
    27   21       53265     1.7789       5520.8
    35   14       67330     1.7500       5038.6
    top-10: 11.1% of mass, 85.9% of excess-loss
Epoch 68: loss=1.667527  (22.05 sec, 65 subtrees, 730 chunks, 34623339 nodes)
  residual top-10 (subtree_mass × max(avg_loss − 1.668, 0)):
    rc   rootID   mass      avg_loss     score 
    32   55       526963    1.7656       51705.5
    34   54       2594188   1.6855       46549.6
    62   2        8244277   1.6715       32975.6
    47   6        342947    1.7095       14408.2
    16   45       724284    1.6845       12270.7
    53   7        754528    1.6811       10262.6
    42   33       78207     1.7786       8688.3
    15   60       905338    1.6758       7491.5
    33   14       67330     1.7773       7390.4
    63   8        79638     1.7593       7309.8
    top-10: 31.4% of mass, 77.5% of excess-loss
Epoch 69: loss=1.668313  (22.06 sec, 65 subtrees, 730 chunks, 34623339 nodes)
  residual top-10 (subtree_mass × max(avg_loss − 1.668, 0)):
    rc   rootID   mass      avg_loss     score 
    39   48       2279927   1.7621       213750.7
    45   6        342947    1.7895       41568.8
    62   41       473230    1.7005       15218.2
    64   47       2317775   1.6733       11614.6
    7    7        754528    1.6805       9217.2
    44   29       47896     1.8360       8030.1
    41   15       43678     1.8372       7377.7
    0    16       34390     1.8696       6921.0
    61   2        8244277   1.6691       6804.4
    29   33       78207     1.7548       6760.1
    top-10: 32.1% of mass, 84.5% of excess-loss
Epoch 70: loss=1.662956  (22.06 sec, 65 subtrees, 730 chunks, 34623339 nodes)
  residual top-10 (subtree_mass × max(avg_loss − 1.663, 0)):
    rc   rootID   mass      avg_loss     score 
    17   59       3228512   1.6909       90344.7
    20   41       473230    1.7905       60357.6
    34   2        8244277   1.6680       41662.5
    26   6        342947    1.6977       11915.6
    61   7        754528    1.6739       8282.3
    18   15       43678     1.8478       8072.0
    5    33       78207     1.7556       7245.3
    30   8        79638     1.7421       6301.8
    4    16       34390     1.8417       6148.4
    53   45       724284    1.6703       5328.6
    top-10: 30.7% of mass, 82.3% of excess-loss
Epoch 71: loss=1.667611  (22.05 sec, 65 subtrees, 730 chunks, 34623339 nodes)
  residual top-10 (subtree_mass × max(avg_loss − 1.668, 0)):
    rc   rootID   mass      avg_loss     score 
    28   7        754528    2.2180       415316.5
    27   2        8244277   1.6795       98384.3
    30   42       766679    1.7143       35773.6
    31   45       724284    1.6920       17666.7
    44   6        342947    1.6955       9579.1
    3    33       78207     1.7638       7521.9
    26   16       34390     1.8480       6203.7
    36   8        79638     1.7443       6111.1
    7    14       67330     1.7407       4921.5
    62   18       26766     1.8491       4857.9
    top-10: 24.4% of mass, 94.1% of excess-loss
Epoch 72: loss=1.657991  (22.04 sec, 65 subtrees, 730 chunks, 34623339 nodes)
  residual top-10 (subtree_mass × max(avg_loss − 1.658, 0)):
    rc   rootID   mass      avg_loss     score 
    20   2        8244277   1.6682       84170.5
    21   41       473230    1.7866       60862.3
    6    45       724284    1.7178       43317.6
    36   6        342947    1.6964       13162.1
    17   7        754528    1.6715       10184.6
    2    8        79638     1.7543       7670.8
    5    40       2741100   1.6606       7030.9
    23   64       648078    1.6684       6733.6
    18   33       78207     1.7420       6573.7
    56   16       34390     1.8346       6072.8
    top-10: 31.0% of mass, 82.7% of excess-loss
Epoch 73: loss=1.652660  (22.06 sec, 65 subtrees, 730 chunks, 34623339 nodes)
  residual top-10 (subtree_mass × max(avg_loss − 1.653, 0)):
    rc   rootID   mass      avg_loss     score 
    14   2        8244277   1.6618       75575.4
    21   47       2317775   1.6695       39052.1
    15   64       648078    1.6771       15839.0
    55   45       724284    1.6730       14709.5
    40   7        754528    1.6697       12878.2
    12   6        342947    1.6895       12634.5
    20   8        79638     1.7632       8806.5
    41   33       78207     1.7410       6911.9
    25   14       67330     1.7516       6664.6
    18   16       34390     1.8373       6350.1
    top-10: 29.2% of mass, 80.6% of excess-loss
Epoch 74: loss=1.647848  (22.06 sec, 65 subtrees, 730 chunks, 34623339 nodes)
  residual top-10 (subtree_mass × max(avg_loss − 1.648, 0)):
    rc   rootID   mass      avg_loss     score 
    27   2        8244277   1.6571       76554.8
    41   7        754528    1.6673       14684.8
    32   48       2279927   1.6533       12424.7
    7    6        342947    1.6819       11673.3
    3    45       724284    1.6632       11123.1
    17   33       78207     1.7417       7337.1
    51   8        79638     1.7345       6899.8
    12   9        392288    1.6638       6249.0
    31   14       67330     1.7392       6148.6
    5    16       34390     1.8254       6105.6
    top-10: 28.5% of mass, 75.7% of excess-loss
Epoch 75: loss=1.646479  (22.04 sec, 65 subtrees, 730 chunks, 34623339 nodes)
  residual top-10 (subtree_mass × max(avg_loss − 1.646, 0)):
    rc   rootID   mass      avg_loss     score 
    7    2        8244277   1.6581       95902.2
    13   51       1289869   1.6731       34374.6
    42   6        342947    1.6801       11545.8
    40   7        754528    1.6613       11220.4
    9    8        79638     1.7832       10889.6
    47   45       724284    1.6602       9961.5
    10   16       34390     1.8626       7433.9
    8    3        46307     1.8067       7419.7
    53   33       78207     1.7354       6954.9
    19   14       67330     1.7331       5834.8
    top-10: 25.6% of mass, 80.7% of excess-loss
Epoch 76: loss=1.644667  (22.06 sec, 65 subtrees, 730 chunks, 34623339 nodes)
  residual top-10 (subtree_mass × max(avg_loss − 1.645, 0)):
    rc   rootID   mass      avg_loss     score 
    4    2        8244277   1.6538       74907.8
    36   54       2594188   1.6539       23860.4
    5    7        754528    1.6753       23080.3
    11   9        392288    1.6799       13821.1
    37   55       526963    1.6704       13564.2
    54   6        342947    1.6803       12233.9
    21   45       724284    1.6569       8853.1
    10   59       3228512   1.6470       7476.5
    39   8        79638     1.7364       7301.9
    58   33       78207     1.7361       7146.9
    top-10: 37.2% of mass, 76.6% of excess-loss
Epoch 77: loss=1.641030  (22.02 sec, 65 subtrees, 730 chunks, 34623339 nodes)
  residual top-10 (subtree_mass × max(avg_loss − 1.641, 0)):
    rc   rootID   mass      avg_loss     score 
    44   2        8244277   1.6519       89965.8
    0    7        754528    1.6607       14806.0
    62   6        342947    1.6775       12501.0
    12   45       724284    1.6554       10428.9
    1    33       78207     1.7305       7000.0
    63   8        79638     1.7263       6791.4
    22   16       34390     1.8247       6316.2
    52   47       2317775   1.6435       5760.5
    14   14       67330     1.7225       5484.1
    9    18       26766     1.8306       5074.3
    top-10: 27.8% of mass, 77.0% of excess-loss
Epoch 78: loss=1.646752  (22.07 sec, 65 subtrees, 730 chunks, 34623339 nodes)
  residual top-10 (subtree_mass × max(avg_loss − 1.647, 0)):
    rc   rootID   mass      avg_loss     score 
    62   44       4367095   1.6731       115146.1
    64   9        392288    1.9293       110853.7
    61   2        8244277   1.6510       34877.5
    63   32       37700     2.0293       14420.6
    11   6        342947    1.6777       10628.4
    18   7        754528    1.6566       7441.7
    38   33       78207     1.7311       6596.7
    53   8        79638     1.7266       6357.1
    45   16       34390     1.8294       6281.3
    36   45       724284    1.6546       5670.2
    top-10: 33.0% of mass, 88.4% of excess-loss
Epoch 79: loss=1.642940  (22.06 sec, 65 subtrees, 730 chunks, 34623339 nodes)
  residual top-10 (subtree_mass × max(avg_loss − 1.643, 0)):
    rc   rootID   mass      avg_loss     score 
    0    60       905338    1.7490       96011.1
    48   2        8244277   1.6486       46773.6
    5    6        342947    1.7026       20452.6
    31   7        754528    1.6566       10340.8
    62   33       78207     1.7317       6945.0
    34   45       724284    1.6524       6843.6
    36   8        79638     1.7252       6549.9
    43   16       34390     1.8225       6175.4
    8    14       67330     1.7288       5782.9
    1    29       47896     1.7517       5211.5
    top-10: 24.7% of mass, 82.0% of excess-loss
Epoch 80: loss=1.637155  (22.01 sec, 65 subtrees, 730 chunks, 34623339 nodes)
  residual top-10 (subtree_mass × max(avg_loss − 1.637, 0)):
    rc   rootID   mass      avg_loss     score 
    22   2        8244277   1.6480       89150.8
    31   47       2317775   1.6436       14997.2
    12   6        342947    1.6737       12523.4
    51   7        754528    1.6535       12297.3
    17   45       724284    1.6527       11265.0
    60   33       78207     1.7303       7285.2
    16   8        79638     1.7235       6879.9
    64   16       34390     1.8181       6223.8
    15   14       67330     1.7166       5346.6
    44   18       26766     1.8292       5140.4
    top-10: 27.8% of mass, 76.5% of excess-loss
Epoch 81: loss=1.635053  (22.00 sec, 65 subtrees, 730 chunks, 34623339 nodes)
  residual top-10 (subtree_mass × max(avg_loss − 1.635, 0)):
    rc   rootID   mass      avg_loss     score 
    16   2        8244277   1.6461       91438.9
    3    7        754528    1.6535       13925.3
    63   6        342947    1.6726       12880.5
    25   45       724284    1.6497       10604.1
    19   60       905338    1.6440       8090.4
    38   33       78207     1.7281       7275.8
    6    8        79638     1.7232       7023.5
    18   16       34390     1.8282       6643.7
    62   9        392288    1.6498       5801.0
    33   14       67330     1.7169       5507.8
    top-10: 25.5% of mass, 76.9% of excess-loss
Epoch 82: loss=1.634528  (21.99 sec, 65 subtrees, 730 chunks, 34623339 nodes)
  residual top-10 (subtree_mass × max(avg_loss − 1.635, 0)):
    rc   rootID   mass      avg_loss     score 
    57   2        8244277   1.6438       76629.7
    28   45       724284    1.6708       26292.0
    13   7        754528    1.6547       15205.0
    58   47       2317775   1.6402       13193.1
    22   6        342947    1.6727       13101.3
    61   40       2741100   1.6378       8981.2
    63   8        79638     1.7351       8011.5
    48   33       78207     1.7257       7126.7
    29   16       34390     1.8225       6465.4
    7    14       67330     1.7145       5382.4
    top-10: 33.7% of mass, 79.0% of excess-loss
Epoch 83: loss=1.632681  (22.04 sec, 65 subtrees, 730 chunks, 34623339 nodes)
  residual top-10 (subtree_mass × max(avg_loss − 1.633, 0)):
    rc   rootID   mass      avg_loss     score 
    57   2        8244277   1.6429       84523.9
    61   48       2279927   1.6422       21701.5
    34   7        754528    1.6496       12757.4
    38   6        342947    1.6688       12397.6
    55   45       724284    1.6480       11088.4
    63   33       78207     1.7374       8189.3
    18   8        79638     1.7210       7032.1
    26   16       34390     1.8172       6346.9
    52   14       67330     1.7117       5321.6
    0    18       26766     1.8237       5113.2
    top-10: 27.7% of mass, 78.6% of excess-loss
Epoch 84: loss=1.633885  (22.00 sec, 65 subtrees, 730 chunks, 34623339 nodes)
  residual top-10 (subtree_mass × max(avg_loss − 1.634, 0)):
    rc   rootID   mass      avg_loss     score 
    6    2        8244277   1.6433       77996.9
    11   47       2317775   1.6485       33805.6
    12   48       2279927   1.6432       21272.6
    13   58       2162521   1.6425       18619.9
    24   6        342947    1.6694       12174.3
    60   7        754528    1.6483       10840.1
    9    59       3228512   1.6366       8799.4
    48   45       724284    1.6452       8222.5
    33   33       78207     1.7237       7021.3
    49   8        79638     1.7195       6820.3
    top-10: 44.3% of mass, 78.0% of excess-loss
Epoch 85: loss=1.630042  (22.08 sec, 65 subtrees, 730 chunks, 34623339 nodes)
  residual top-10 (subtree_mass × max(avg_loss − 1.630, 0)):
    rc   rootID   mass      avg_loss     score 
    22   2        8244277   1.6413       92599.0
    1    7        754528    1.6467       12531.7
    40   6        342947    1.6657       12224.3
    19   45       724284    1.6452       10974.0
    15   47       2317775   1.6337       8544.7
    24   33       78207     1.7249       7420.5
    45   8        79638     1.7190       7083.5
    3    16       34390     1.8170       6430.4
    27   14       67330     1.7109       5445.0
    6    18       26766     1.8161       4979.6
    top-10: 27.8% of mass, 77.3% of excess-loss
Epoch 86: loss=1.628818  (22.11 sec, 65 subtrees, 730 chunks, 34623339 nodes)
  residual top-10 (subtree_mass × max(avg_loss − 1.629, 0)):
    rc   rootID   mass      avg_loss     score 
    58   2        8244277   1.6400       92041.9
    22   7        754528    1.6475       14059.2
    48   6        342947    1.6659       12714.7
    36   45       724284    1.6438       10830.5
    29   33       78207     1.7211       7218.5
    1    8        79638     1.7184       7137.6
    37   47       2317775   1.6316       6499.2
    63   16       34390     1.8152       6410.4
    60   14       67330     1.7135       5698.8
    41   18       26766     1.8211       5145.4
    top-10: 27.8% of mass, 77.4% of excess-loss
Epoch 87: loss=1.628103  (22.00 sec, 65 subtrees, 730 chunks, 34623339 nodes)
  residual top-10 (subtree_mass × max(avg_loss − 1.628, 0)):
    rc   rootID   mass      avg_loss     score 
    34   2        8244277   1.6397       95467.8
    44   6        342947    1.6668       13285.3
    22   7        754528    1.6457       13276.0
    42   45       724284    1.6429       10688.6
    39   47       2317775   1.6315       7988.2
    0    33       78207     1.7214       7296.7
    40   8        79638     1.7179       7152.4
    13   16       34390     1.8153       6438.5
    26   14       67330     1.7072       5327.0
    27   18       26766     1.8144       4986.4
    top-10: 27.8% of mass, 78.4% of excess-loss
Epoch 88: loss=1.627302  (22.02 sec, 65 subtrees, 730 chunks, 34623339 nodes)
  residual top-10 (subtree_mass × max(avg_loss − 1.627, 0)):
    rc   rootID   mass      avg_loss     score 
    19   2        8244277   1.6388       94688.2
    36   7        754528    1.6450       13366.4
    31   6        342947    1.6659       13237.0
    28   45       724284    1.6421       10732.4
    53   47       2317775   1.6305       7334.3
    1    33       78207     1.7202       7266.6
    49   8        79638     1.7164       7094.5
    26   16       34390     1.8150       6455.2
    54   14       67330     1.7079       5426.4
    44   18       26766     1.8187       5123.6
    top-10: 27.8% of mass, 78.0% of excess-loss
Epoch 89: loss=1.626723  (22.00 sec, 65 subtrees, 730 chunks, 34623339 nodes)
  residual top-10 (subtree_mass × max(avg_loss − 1.627, 0)):
    rc   rootID   mass      avg_loss     score 
    24   2        8244277   1.6384       96105.8
    27   7        754528    1.6447       13599.3
    22   6        342947    1.6649       13100.8
    49   45       724284    1.6416       10765.9
    52   33       78207     1.7188       7199.1
    12   47       2317775   1.6298       7178.4
    34   8        79638     1.7165       7153.2
    38   16       34390     1.8152       6480.8
    28   14       67330     1.7085       5509.3
    40   18       26766     1.8173       5099.8
    top-10: 27.8% of mass, 78.2% of excess-loss
Epoch 90: loss=1.626250  (21.98 sec, 65 subtrees, 730 chunks, 34623339 nodes)
  residual top-10 (subtree_mass × max(avg_loss − 1.626, 0)):
    rc   rootID   mass      avg_loss     score 
    40   2        8244277   1.6379       96084.8
    11   7        754528    1.6444       13675.4
    20   6        342947    1.6635       12791.9
    5    45       724284    1.6416       11150.7
    39   47       2317775   1.6295       7573.4
    3    33       78207     1.7192       7272.7
    21   8        79638     1.7158       7133.9
    17   16       34390     1.8130       6421.3
    46   14       67330     1.7073       5456.0
    36   18       26766     1.8178       5126.7
    top-10: 27.8% of mass, 78.3% of excess-loss
Epoch 91: loss=1.625754  (21.99 sec, 65 subtrees, 730 chunks, 34623339 nodes)
  residual top-10 (subtree_mass × max(avg_loss − 1.626, 0)):
    rc   rootID   mass      avg_loss     score 
    37   2        8244277   1.6375       96621.9
    17   7        754528    1.6433       13234.5
    46   6        342947    1.6635       12941.7
    48   45       724284    1.6408       10906.8
    51   47       2317775   1.6289       7366.5
    10   33       78207     1.7184       7248.9
    19   8        79638     1.7153       7134.5
    56   16       34390     1.8140       6475.0
    38   14       67330     1.7073       5491.8
    45   18       26766     1.8154       5076.2
    top-10: 27.8% of mass, 78.4% of excess-loss
Epoch 92: loss=1.625341  (22.00 sec, 65 subtrees, 730 chunks, 34623339 nodes)
  residual top-10 (subtree_mass × max(avg_loss − 1.625, 0)):
    rc   rootID   mass      avg_loss     score 
    63   2        8244277   1.6369       95106.0
    45   7        754528    1.6429       13243.5
    34   6        342947    1.6630       12912.4
    40   45       724284    1.6407       11140.7
    15   47       2317775   1.6288       7920.4
    35   33       78207     1.7177       7223.2
    4    8        79638     1.7153       7166.1
    28   16       34390     1.8128       6447.2
    22   14       67330     1.7074       5523.4
    49   18       26766     1.8149       5073.2
    top-10: 27.8% of mass, 78.7% of excess-loss
Epoch 93: loss=1.625008  (22.01 sec, 65 subtrees, 730 chunks, 34623339 nodes)
  residual top-10 (subtree_mass × max(avg_loss − 1.625, 0)):
    rc   rootID   mass      avg_loss     score 
    43   2        8244277   1.6366       95705.4
    11   7        754528    1.6427       13313.9
    40   6        342947    1.6621       12725.0
    63   45       724284    1.6400       10834.4
    58   33       78207     1.7176       7244.6
    25   47       2317775   1.6281       7188.3
    9    8        79638     1.7151       7177.7
    5    16       34390     1.8124       6442.9
    17   14       67330     1.7064       5478.8
    61   18       26766     1.8138       5052.1
    top-10: 27.8% of mass, 78.4% of excess-loss
Epoch 94: loss=1.624765  (22.00 sec, 65 subtrees, 730 chunks, 34623339 nodes)
  residual top-10 (subtree_mass × max(avg_loss − 1.625, 0)):
    rc   rootID   mass      avg_loss     score 
    48   2        8244277   1.6365       96723.4
    50   7        754528    1.6422       13183.3
    31   6        342947    1.6627       13020.2
    4    45       724284    1.6398       10892.5
    16   33       78207     1.7175       7253.4
    5    8        79638     1.7149       7175.4
    63   47       2317775   1.6278       6988.2
    64   16       34390     1.8125       6455.1
    33   14       67330     1.7050       5400.3
    18   18       26766     1.8150       5092.3
    top-10: 27.8% of mass, 78.8% of excess-loss
Epoch 95: loss=1.624575  (21.96 sec, 65 subtrees, 730 chunks, 34623339 nodes)
  residual top-10 (subtree_mass × max(avg_loss − 1.625, 0)):
    rc   rootID   mass      avg_loss     score 
    54   2        8244277   1.6363       96570.5
    51   7        754528    1.6421       13227.8
    16   6        342947    1.6628       13107.0
    21   45       724284    1.6398       11047.1
    14   33       78207     1.7169       7222.7
    19   8        79638     1.7146       7172.1
    13   47       2317775   1.6276       6978.9
    3    16       34390     1.8124       6460.7
    45   14       67330     1.7055       5448.1
    57   18       26766     1.8143       5078.4
    top-10: 27.8% of mass, 78.8% of excess-loss
Epoch 96: loss=1.624467  (21.99 sec, 65 subtrees, 730 chunks, 34623339 nodes)
  residual top-10 (subtree_mass × max(avg_loss − 1.624, 0)):
    rc   rootID   mass      avg_loss     score 
    27   2        8244277   1.6363       97293.5
    17   7        754528    1.6419       13116.9
    32   6        342947    1.6617       12767.7
    48   45       724284    1.6395       10866.4
    64   47       2317775   1.6276       7291.7
    52   33       78207     1.7167       7214.8
    42   8        79638     1.7144       7160.4
    58   16       34390     1.8117       6437.5
    20   14       67330     1.7050       5422.8
    23   18       26766     1.8128       5042.1
    top-10: 27.8% of mass, 78.7% of excess-loss
Epoch 97: loss=1.624368  (22.01 sec, 65 subtrees, 730 chunks, 34623339 nodes)
  residual top-10 (subtree_mass × max(avg_loss − 1.624, 0)):
    rc   rootID   mass      avg_loss     score 
    21   2        8244277   1.6361       96960.1
    61   7        754528    1.6418       13176.0
    28   6        342947    1.6621       12951.0
    20   45       724284    1.6394       10898.1
    2    33       78207     1.7168       7227.6
    19   8        79638     1.7145       7174.4
    10   47       2317775   1.6275       7167.6
    50   16       34390     1.8114       6431.6
    14   14       67330     1.7053       5449.1
    49   18       26766     1.8137       5066.6
    top-10: 27.8% of mass, 78.8% of excess-loss
Epoch 98: loss=1.624305  (21.98 sec, 65 subtrees, 730 chunks, 34623339 nodes)
  residual top-10 (subtree_mass × max(avg_loss − 1.624, 0)):
    rc   rootID   mass      avg_loss     score 
    12   2        8244277   1.6361       97006.6
    53   7        754528    1.6417       13149.9
    10   6        342947    1.6616       12800.7
    51   45       724284    1.6394       10897.3
    46   47       2317775   1.6275       7304.4
    33   33       78207     1.7169       7240.1
    36   8        79638     1.7143       7163.7
    11   16       34390     1.8122       6463.4
    23   14       67330     1.7050       5431.2
    57   18       26766     1.8139       5073.6
    top-10: 27.8% of mass, 78.8% of excess-loss
Epoch 99: loss=1.624277  (22.01 sec, 65 subtrees, 730 chunks, 34623339 nodes)
  residual top-10 (subtree_mass × max(avg_loss − 1.624, 0)):
    rc   rootID   mass      avg_loss     score 
    46   2        8244277   1.6360       96835.0
    33   7        754528    1.6417       13160.7
    12   6        342947    1.6616       12807.9
    18   45       724284    1.6393       10850.4
    47   47       2317775   1.6274       7278.3
    56   33       78207     1.7165       7211.4
    57   8        79638     1.7142       7159.8
    60   16       34390     1.8110       6421.7
    27   14       67330     1.7050       5434.3
    32   18       26766     1.8138       5073.3
    top-10: 27.8% of mass, 78.7% of excess-loss
Epoch 100: loss=1.624273  (22.01 sec, 65 subtrees, 730 chunks, 34623339 nodes)
  residual top-10 (subtree_mass × max(avg_loss − 1.624, 0)):
    rc   rootID   mass      avg_loss     score 
    61   2        8244277   1.6360       96851.3
    17   7        754528    1.6417       13135.1
    34   6        342947    1.6616       12802.2
    60   45       724284    1.6393       10868.6
    56   47       2317775   1.6275       7368.0
    33   33       78207     1.7165       7210.3
    7    8        79638     1.7143       7166.2
    47   16       34390     1.8114       6435.5
    54   14       67330     1.7056       5478.5
    24   18       26766     1.8132       5057.5
    top-10: 27.8% of mass, 78.8% of excess-loss
Saved to /tmp/agpt_g5m_d16_pd1_100se.model
Done.
