AGPT CUDA Training Engine
  Model: d=64 heads=4 layers=2 ff=256 vocab=65 seq=128 head_dim=16
  Loaded 108481 weight floats (423.8 KB)
Loading radix trie from /tmp/agpt_g5m_d16_radix...
  Radix trie: 7073694 nodes, 34623339 total edge chars, 17 endpoint depths
  Radix loaded: 11884367 counts entries, 63118178 ancestor char entries
  d_split: 4570307/7073694 nodes have a mass=1 ancestor (mean depth 10.48)
  lr-schedule: warmup-cosine (peak=0.003, warmup_epochs=3)
  weight-decay: 0.01 (decoupled, AdamW-style)
  optimizer: rmsprop (lr=0.003)
  curriculum: flat (d=max each epoch)
  max edge_len: 15, max ancestor chars: 15, max KV per node: 30, max endpoint depth: 16
  mass=1 compaction: 29783005 / 34623339 chars are mass=1 (86.0%); cache holds 4840334 positions
  loop points: 160826 (mass>1 leaves; 6.4% of 2503386 mass>1 nodes)
  KV cache: 2478.3 MB unified memory (bf16 compact)
  GPU memory: 3016.7 MB used, 5170.1 MB free, 8186.8 MB total
  65 root-child subtrees: sizes min=3 max=1116592 avg=108826.0 (total=7073693 radix nodes)
  partition-depth=2: 1751 groups, 1 Adam step per group per super-epoch
  shuffle-order: per-SE Fisher-Yates over 1751 partition groups (seed=0xa17b1ed)
Epoch 1: loss=2.688205  (22.51 sec, 1751 subtrees, 2208 chunks, 34623339 nodes)
  residual top-10 (subtree_mass × max(avg_loss − 2.688, 0)):
    rc   rootID   mass      avg_loss     score 
    638  1        4999993   3.3535       3326330.2
    37   159      827223    4.2938       1328197.1
    44   1321     658249    3.8892       790565.5
    241  1575     604332    3.1011       249522.8
    26   1371     116366    4.5470       216300.6
    87   161      236498    3.5497       203740.7
    312  258      602202    3.0213       200571.2
    78   1462     179588    3.6308       169271.0
    361  1063     531444    2.9406       134120.7
    256  1196     310510    3.0680       117932.1
    top-10: 19.9% of mass, 66.4% of excess-loss
Epoch 2: loss=2.188253  (22.33 sec, 1751 subtrees, 2208 chunks, 34623339 nodes)
  residual top-10 (subtree_mass × max(avg_loss − 2.188, 0)):
    rc   rootID   mass      avg_loss     score 
    1151 1        4999993   3.0394       4255972.7
    246  1434     432348    3.8637       724374.3
    686  1174     1171357   2.3075       139662.5
    249  1194     123812    3.1263       116146.3
    248  1071     68906     3.3845       82427.6
    245  1470     285615    2.4728       81266.8
    525  1446     417141    2.2905       42632.8
    700  1462     179588    2.3871       35715.2
    711  1275     389344    2.2655       30093.1
    237  1449     323522    2.2772       28772.6
    top-10: 18.4% of mass, 90.5% of excess-loss
Epoch 3: loss=2.178125  (22.30 sec, 1751 subtrees, 2208 chunks, 34623339 nodes)
  residual top-10 (subtree_mass × max(avg_loss − 2.178, 0)):
    rc   rootID   mass      avg_loss     score 
    1399 1        4999993   3.1500       4859384.2
    1532 1174     1171357   4.5317       2756890.8
    1549 1623     228381    3.1757       227838.2
    1593 177      500608    2.5406       181435.6
    1624 1610     649147    2.3576       116494.2
    1566 1201     227800    2.6254       101896.7
    904  1663     86397     3.0838       78250.2
    1539 165      103082    2.9311       77617.0
    1586 161      236498    2.4780       70929.6
    1674 258      602202    2.2636       51457.7
    top-10: 19.3% of mass, 92.9% of excess-loss
Epoch 4: loss=2.085712  (22.35 sec, 1751 subtrees, 2208 chunks, 34623339 nodes)
  residual top-10 (subtree_mass × max(avg_loss − 2.086, 0)):
    rc   rootID   mass      avg_loss     score 
    509  1        4999993   3.3798       6470226.5
    903  1603     226573    3.0693       222844.2
    173  177      500608    2.3472       130910.8
    907  1623     228381    2.4654       86715.7
    171  1626     988685    2.1669       80287.2
    4    1174     1171357   2.1385       61786.2
    783  258      602202    2.1633       46736.3
    973  173      448184    2.1689       37292.8
    35   1721     140015    2.2790       27059.4
    231  1484     233817    2.1884       24009.5
    top-10: 20.9% of mass, 91.8% of excess-loss
Epoch 5: loss=2.059954  (22.33 sec, 1751 subtrees, 2208 chunks, 34623339 nodes)
  residual top-10 (subtree_mass × max(avg_loss − 2.060, 0)):
    rc   rootID   mass      avg_loss     score 
    406  1        4999993   3.0539       4969928.7
    218  1069     354798    2.6799       219941.8
    212  1786     88897     3.0142       84831.4
    1432 164      243914    2.3590       72929.6
    1086 1462     179588    2.3885       59007.2
    1430 173      448184    2.1851       56088.4
    1253 166      581205    2.1529       54025.4
    578  1279     926450    2.1165       52382.7
    323  159      827223    2.1064       38395.2
    1096 1384     201540    2.2391       36095.4
    top-10: 19.4% of mass, 87.5% of excess-loss
Epoch 6: loss=2.032843  (22.32 sec, 1751 subtrees, 2208 chunks, 34623339 nodes)
  residual top-10 (subtree_mass × max(avg_loss − 2.033, 0)):
    rc   rootID   mass      avg_loss     score 
    901  1        4999993   2.8313       3992143.4
    606  178      1154215   2.2988       306949.5
    1222 1279     926450    2.2282       180982.3
    613  173      448184    2.3613       147209.0
    1656 258      602202    2.2136       108873.2
    280  1321     658249    2.1436       72897.8
    283  1061     170073    2.4060       63457.1
    610  1591     117930    2.5577       61890.7
    1515 1484     233817    2.2695       55345.3
    407  1174     1171357   2.0789       53916.6
    top-10: 23.0% of mass, 87.5% of excess-loss
Epoch 7: loss=2.037074  (22.33 sec, 1751 subtrees, 2208 chunks, 34623339 nodes)
  residual top-10 (subtree_mass × max(avg_loss − 2.037, 0)):
    rc   rootID   mass      avg_loss     score 
    135  1        4999993   2.9932       4780420.9
    562  181      525462    2.7515       375400.8
    1582 164      243914    2.7779       180707.5
    1024 1539     307982    2.5550       159515.1
    1045 1763     308344    2.4631       131374.8
    826  1627     172565    2.7424       121707.9
    585  1566     88363     3.3878       119353.8
    560  167      367651    2.3562       117336.3
    1025 199      66386     3.1003       70583.9
    823  1279     926450    2.0888       47906.7
    top-10: 17.6% of mass, 90.1% of excess-loss
Epoch 8: loss=2.024220  (22.34 sec, 1751 subtrees, 2208 chunks, 34623339 nodes)
  residual top-10 (subtree_mass × max(avg_loss − 2.024, 0)):
    rc   rootID   mass      avg_loss     score 
    837  1        4999993   2.9659       4708541.5
    1468 1567     63956     4.2448       142019.3
    196  163      114685    3.0790       120963.4
    194  1139     768517    2.1734       114610.9
    1443 1491     129278    2.7381       92282.6
    1671 1497     65508     3.1804       75741.4
    974  1626     988685    2.0881       63135.1
    125  1238     207354    2.3039       57989.3
    743  1069     354798    2.1593       47932.1
    263  258      602202    2.0962       43329.5
    top-10: 18.2% of mass, 86.1% of excess-loss
Epoch 9: loss=2.001358  (22.36 sec, 1751 subtrees, 2208 chunks, 34623339 nodes)
  residual top-10 (subtree_mass × max(avg_loss − 2.001, 0)):
    rc   rootID   mass      avg_loss     score 
    431  1        4999993   3.0835       5410613.4
    1054 1626     988685    2.1316       128748.1
    35   1041     132184    2.9046       119395.1
    837  162      181549    2.6057       109720.8
    637  173      448184    2.1257       55746.0
    1070 1090     153304    2.3266       49867.5
    956  164      243914    2.2046       49573.5
    34   1174     1171357   2.0423       47979.1
    836  1388     131197    2.3339       43629.7
    1048 1434     432348    2.0711       30149.8
    top-10: 19.5% of mass, 89.8% of excess-loss
Epoch 10: loss=2.019535  (22.32 sec, 1751 subtrees, 2208 chunks, 34623339 nodes)
  residual top-10 (subtree_mass × max(avg_loss − 2.020, 0)):
    rc   rootID   mass      avg_loss     score 
    1190 1        4999993   3.1003       5403745.2
    377  1139     768517    2.3050       219391.0
    1670 1670     123643    3.7920       219146.7
    1669 1610     649147    2.3008       182613.8
    371  1446     417141    2.3965       157260.6
    564  1626     988685    2.1559       134863.5
    936  1068     251713    2.4321       103843.5
    1671 1619     89654     3.1269       99277.2
    1066 181      525462    2.1900       89552.4
    567  1603     226573    2.2639       55357.3
    top-10: 19.8% of mass, 90.3% of excess-loss
Epoch 11: loss=1.985213  (22.34 sec, 1751 subtrees, 2208 chunks, 34623339 nodes)
  residual top-10 (subtree_mass × max(avg_loss − 1.985, 0)):
    rc   rootID   mass      avg_loss     score 
    477  1        4999993   2.7740       3943863.5
    671  1139     768517    2.1968       162572.7
    617  1390     167609    2.5085       87705.8
    463  1519     90270     2.8591       78886.9
    1305 164      243914    2.2834       72739.7
    315  1689     192483    2.3140       63295.0
    325  198      62913     2.8392       53726.1
    1616 258      602202    2.0536       41210.1
    769  163      114685    2.3217       38589.4
    676  1720     145202    2.2434       37482.9
    top-10: 16.2% of mass, 85.9% of excess-loss
Epoch 12: loss=2.007194  (22.33 sec, 1751 subtrees, 2208 chunks, 34623339 nodes)
  residual top-10 (subtree_mass × max(avg_loss − 2.007, 0)):
    rc   rootID   mass      avg_loss     score 
    68   1        4999993   3.2136       6032040.7
    1208 1626     988685    2.2510       241027.3
    460  1174     1171357   2.1537       171645.6
    1131 170      164165    2.7201       117026.6
    461  936      52079     3.9263       99946.1
    536  1602     95406     3.0360       98154.1
    77   1633     295717    2.3301       95495.0
    1223 1578     88470     3.0412       91475.4
    1533 1610     649147    2.1442       88967.7
    1219 1556     134576    2.6643       88427.0
    top-10: 19.0% of mass, 87.9% of excess-loss
Epoch 13: loss=2.000866  (22.36 sec, 1751 subtrees, 2208 chunks, 34623339 nodes)
  residual top-10 (subtree_mass × max(avg_loss − 2.001, 0)):
    rc   rootID   mass      avg_loss     score 
    1155 1        4999993   2.9988       4989650.5
    2    1327     270317    3.4212       383945.0
    1287 1446     417141    2.6379       265731.2
    277  1539     307982    2.7576       233070.5
    1298 1496     229382    2.4979       114019.6
    607  1623     228381    2.4727       107750.3
    1289 1266     151167    2.6947       104880.1
    143  1186     356991    2.1275       45219.7
    6    1187     107169    2.2957       31601.3
    1323 1275     389344    2.0746       28695.8
    top-10: 16.4% of mass, 92.6% of excess-loss
Epoch 14: loss=1.964414  (22.33 sec, 1751 subtrees, 2208 chunks, 34623339 nodes)
  residual top-10 (subtree_mass × max(avg_loss − 1.964, 0)):
    rc   rootID   mass      avg_loss     score 
    1123 1        4999993   3.0819       5587205.5
    1148 1449     323522    2.5205       179919.1
    1258 171      264355    2.1733       55228.8
    79   1051     55663     2.7046       41200.3
    1145 159      827223    2.0128       40026.6
    1584 1279     926450    2.0052       37822.2
    1592 1283     317747    2.0828       37610.9
    1189 1183     175421    2.1749       36916.3
    1274 1275     389344    2.0580       36434.1
    1259 1380     85019     2.3811       35428.1
    top-10: 18.3% of mass, 87.9% of excess-loss
Epoch 15: loss=1.961293  (22.27 sec, 1751 subtrees, 2208 chunks, 34623339 nodes)
  residual top-10 (subtree_mass × max(avg_loss − 1.961, 0)):
    rc   rootID   mass      avg_loss     score 
    929  1        4999993   3.1368       5877666.4
    1351 1627     172565    3.0706       191419.4
    1135 159      827223    2.0905       106874.3
    1440 1689     192483    2.3843       81419.3
    536  1194     123812    2.5700       75370.2
    934  1275     389344    2.1414       70123.4
    1637 1434     432348    2.1180       67770.1
    1165 1446     417141    2.1162       64598.6
    938  1484     233817    2.2139       59066.7
    1639 1721     140015    2.3151       49544.8
    top-10: 17.4% of mass, 89.4% of excess-loss
Epoch 16: loss=1.988527  (22.36 sec, 1751 subtrees, 2208 chunks, 34623339 nodes)
  residual top-10 (subtree_mass × max(avg_loss − 1.989, 0)):
    rc   rootID   mass      avg_loss     score 
    1577 1        4999993   2.9801       4958086.2
    863  1139     768517    2.2378       191543.6
    818  159      827223    2.1812       159386.7
    630  258      602202    2.2516       158422.6
    1715 1283     317747    2.3873       126697.5
    1370 1122     130526    2.6365       84583.8
    1481 1321     658249    2.1108       80508.3
    920  1575     604332    2.0721       50502.9
    68   173      448184    2.0796       40836.5
    1175 1665     95012     2.3850       37671.2
    top-10: 20.7% of mass, 87.9% of excess-loss
Epoch 17: loss=2.000061  (22.32 sec, 1751 subtrees, 2208 chunks, 34623339 nodes)
  residual top-10 (subtree_mass × max(avg_loss − 2.000, 0)):
    rc   rootID   mass      avg_loss     score 
    1548 1        4999993   3.0734       5366469.8
    677  1174     1171357   2.6639       777582.7
    666  178      1154215   2.4422       510295.2
    667  1584     92004     4.9674       273004.0
    831  159      827223    2.2380       196848.3
    1390 1434     432348    2.2940       127066.8
    665  167      367651    2.2391       87878.0
    750  166      581205    2.0733       42558.7
    188  1200     549167    2.0722       39608.0
    139  1185     68554     2.5205       35681.6
    top-10: 22.5% of mass, 92.4% of excess-loss
Epoch 18: loss=1.933199  (22.31 sec, 1751 subtrees, 2208 chunks, 34623339 nodes)
  residual top-10 (subtree_mass × max(avg_loss − 1.933, 0)):
    rc   rootID   mass      avg_loss     score 
    1421 1        4999993   3.0736       5702129.0
    128  1279     926450    2.0524       110401.6
    1270 1321     658249    2.0432       72392.4
    1135 1610     649147    2.0332       64904.6
    1369 167      367651    2.1092       64696.4
    835  1384     201540    2.2510       64054.8
    132  1152     146643    2.3588       62407.6
    309  1499     346020    2.0822       51552.7
    1246 141      129034    2.3274       50862.1
    1245 1633     295717    2.0957       48044.3
    top-10: 19.1% of mass, 89.6% of excess-loss
Epoch 19: loss=1.930667  (22.30 sec, 1751 subtrees, 2208 chunks, 34623339 nodes)
  residual top-10 (subtree_mass × max(avg_loss − 1.931, 0)):
    rc   rootID   mass      avg_loss     score 
    955  1        4999993   3.1075       5883937.3
    1174 1492     328244    2.2094       91489.8
    899  1626     988685    1.9903       58985.1
    1732 1266     151167    2.2798       52782.4
    110  1371     116366    2.3216       45495.5
    224  1763     308344    2.0585       39421.4
    774  1122     130526    2.2286       38883.8
    718  1491     129278    2.2064       35639.9
    1321 173      448184    1.9965       29516.0
    711  1499     346020    2.0135       28658.0
    top-10: 17.4% of mass, 90.0% of excess-loss
Epoch 20: loss=1.923898  (22.29 sec, 1751 subtrees, 2208 chunks, 34623339 nodes)
  residual top-10 (subtree_mass × max(avg_loss − 1.924, 0)):
    rc   rootID   mass      avg_loss     score 
    696  1        4999993   3.3138       6949544.6
    1584 1224     49960     4.2715       117287.1
    686  1539     307982    2.2968       114844.6
    463  1053     131105    2.5457       81520.4
    1359 1626     988685    1.9623       37926.7
    462  1063     531444    1.9935       36998.2
    1061 172      151002    2.1561       35068.3
    998  1404     88697     2.2987       33245.4
    1360 1663     86397     2.2664       29591.3
    662  1434     432348    1.9911       29076.0
    top-10: 17.0% of mass, 92.0% of excess-loss
Epoch 21: loss=1.931528  (22.32 sec, 1751 subtrees, 2208 chunks, 34623339 nodes)
  residual top-10 (subtree_mass × max(avg_loss − 1.932, 0)):
    rc   rootID   mass      avg_loss     score 
    1371 1        4999993   3.0658       5671391.8
    358  1283     317747    2.5950       210802.8
    535  1575     604332    2.0509       72139.3
    444  170      164165    2.3446       67809.6
    1318 1320     99780     2.5094       57657.7
    1574 1186     356991    2.0733       50612.9
    1134 1602     95406     2.4455       49036.3
    1317 1200     549167    2.0202       48709.3
    1341 178      1154215   1.9729       47797.8
    539  1603     226573    2.1206       42846.8
    top-10: 18.8% of mass, 88.7% of excess-loss
Epoch 22: loss=1.913181  (22.32 sec, 1751 subtrees, 2208 chunks, 34623339 nodes)
  residual top-10 (subtree_mass × max(avg_loss − 1.913, 0)):
    rc   rootID   mass      avg_loss     score 
    191  1        4999993   3.3542       7205057.7
    1128 167      367651    2.4622       201830.1
    1109 166      581205    2.1744       151829.3
    481  1626     988685    1.9816       67596.2
    799  1522     27053     3.6599       47254.4
    1284 1434     432348    2.0133       43283.2
    1285 162      181549    2.1476       42566.5
    1198 181      525462    1.9905       40649.7
    1201 1484     233817    2.0493       31827.3
    426  1326     266773    2.0266       30251.7
    top-10: 18.9% of mass, 92.5% of excess-loss
Epoch 23: loss=1.931140  (22.32 sec, 1751 subtrees, 2208 chunks, 34623339 nodes)
  residual top-10 (subtree_mass × max(avg_loss − 1.931, 0)):
    rc   rootID   mass      avg_loss     score 
    1737 1        4999993   3.0724       5706105.0
    1636 1275     389344    2.8985       376632.9
    38   1068     251713    2.3230       98633.8
    1123 1210     222943    2.2723       76050.9
    1635 177      500608    2.0779       73482.8
    1387 1229     110390    2.5009       62901.1
    745  1449     323522    2.1156       59669.0
    594  1060     32976     3.5179       52324.6
    1375 1552     411763    2.0470       47710.3
    454  1633     295717    2.0849       45455.9
    top-10: 16.5% of mass, 90.9% of excess-loss
Epoch 24: loss=1.929294  (22.30 sec, 1751 subtrees, 2208 chunks, 34623339 nodes)
  residual top-10 (subtree_mass × max(avg_loss − 1.929, 0)):
    rc   rootID   mass      avg_loss     score 
    257  1        4999993   2.9043       4875000.6
    1327 1610     649147    2.7801       552300.2
    1333 1321     658249    2.5108       382742.8
    1331 1592     101433    2.6798       76128.8
    519  1380     85019     2.7247       67622.4
    1390 1069     354798    2.0950       58803.9
    64   1721     140015    2.2224       41033.3
    1385 364      64902     2.4920       36517.7
    81   1623     228381    2.0866       35920.8
    727  1200     549167    1.9945       35781.7
    top-10: 17.2% of mass, 92.0% of excess-loss
Epoch 25: loss=1.892586  (22.30 sec, 1751 subtrees, 2208 chunks, 34623339 nodes)
  residual top-10 (subtree_mass × max(avg_loss − 1.893, 0)):
    rc   rootID   mass      avg_loss     score 
    387  1        4999993   3.1057       6065420.1
    303  1449     323522    2.0940       65165.8
    1053 1689     192483    2.2246       63912.6
    99   1173     78887     2.5348       50663.0
    436  173      448184    2.0053       50501.2
    135  1174     1171357   1.9342       48757.7
    98   1139     768517    1.9539       47116.9
    1117 1053     131105    2.2277       43940.8
    657  1633     295717    2.0058       33465.6
    1246 1069     354798    1.9785       30478.7
    top-10: 19.2% of mass, 91.8% of excess-loss
Epoch 26: loss=1.890479  (22.27 sec, 1751 subtrees, 2208 chunks, 34623339 nodes)
  residual top-10 (subtree_mass × max(avg_loss − 1.890, 0)):
    rc   rootID   mass      avg_loss     score 
    643  1        4999993   3.1177       6136136.8
    345  178      1154215   2.2192       379445.1
    350  1633     295717    2.2714       112635.3
    258  167      367651    2.0330       52403.6
    341  159      827223    1.9416       42319.2
    1377 258      602202    1.9602       42015.3
    1217 1293     52199     2.6938       41930.6
    544  1068     251713    2.0176       31990.8
    447  1096     50947     2.4738       29717.9
    806  1139     768517    1.9242       25910.1
    top-10: 20.6% of mass, 93.2% of excess-loss
Epoch 27: loss=1.882526  (22.35 sec, 1751 subtrees, 2208 chunks, 34623339 nodes)
  residual top-10 (subtree_mass × max(avg_loss − 1.883, 0)):
    rc   rootID   mass      avg_loss     score 
    436  1        4999993   3.3548       7361547.0
    1223 1492     328244    2.1948       102495.7
    793  1598     98972     2.8750       98226.5
    108  1449     323522    2.1124       74375.4
    147  1626     988685    1.9383       55161.6
    1239 173      448184    1.9759       41832.0
    1263 1462     179588    2.1139       41559.0
    461  1610     649147    1.9437       39738.6
    1181 1575     604332    1.9411       35382.5
    1448 164      243914    2.0238       34467.8
    top-10: 19.4% of mass, 92.5% of excess-loss
Epoch 28: loss=1.868343  (22.30 sec, 1751 subtrees, 2208 chunks, 34623339 nodes)
  residual top-10 (subtree_mass × max(avg_loss − 1.868, 0)):
    rc   rootID   mass      avg_loss     score 
    156  1        4999993   3.2418       6867314.5
    1064 1174     1171357   1.9318       74275.4
    768  1275     389344    2.0314       63480.5
    770  1496     229382    2.0850       49692.3
    976  1327     270317    2.0281       43182.2
    1055 1196     310510    1.9985       40407.3
    1089 1721     140015    2.0451       24745.2
    1338 1484     233817    1.9666       22976.4
    1522 173      448184    1.9156       21197.6
    1155 159      827223    1.8915       19169.9
    top-10: 19.8% of mass, 92.8% of excess-loss
Epoch 29: loss=1.892551  (22.33 sec, 1751 subtrees, 2208 chunks, 34623339 nodes)
  residual top-10 (subtree_mass × max(avg_loss − 1.893, 0)):
    rc   rootID   mass      avg_loss     score 
    754  1        4999993   3.0520       5797060.9
    746  1279     926450    2.1294       219441.9
    1705 1174     1171357   2.0336       165237.6
    759  1763     308344    2.3046       127058.4
    312  1322     90245     2.7411       76574.6
    822  1061     170073    2.2254       56604.5
    816  173      448184    2.0136       54246.7
    1226 160      291156    2.0725       52403.5
    200  1041     132184    2.2112       42116.6
    1749 1266     151167    2.1278       35557.6
    top-10: 19.1% of mass, 92.3% of excess-loss
Epoch 30: loss=1.873738  (22.29 sec, 1751 subtrees, 2208 chunks, 34623339 nodes)
  residual top-10 (subtree_mass × max(avg_loss − 1.874, 0)):
    rc   rootID   mass      avg_loss     score 
    1083 1        4999993   2.9319       5290717.6
    1050 1446     417141    2.3724       208003.9
    1685 1275     389344    2.2558       148761.6
    1054 1501     119552    2.3728       59659.2
    37   1384     201540    2.1405       53766.2
    502  1326     266773    2.0643       50843.2
    1683 1626     988685    1.9191       44894.2
    1060 1187     107169    2.1330       27781.8
    697  1627     172565    2.0250       26108.0
    1653 1229     110390    2.0834       23145.8
    top-10: 17.1% of mass, 91.9% of excess-loss
Epoch 31: loss=1.874012  (22.31 sec, 1751 subtrees, 2208 chunks, 34623339 nodes)
  residual top-10 (subtree_mass × max(avg_loss − 1.874, 0)):
    rc   rootID   mass      avg_loss     score 
    1661 1        4999993   3.2131       6695501.5
    1316 1384     201540    2.8712       200973.8
    1322 1388     131197    2.3348       60457.4
    1328 1424     72880     2.3945       37929.9
    735  167      367651    1.9653       33567.0
    1404 1626     988685    1.9068       32379.6
    759  1484     233817    1.9955       28416.5
    1429 173      448184    1.9353       27445.9
    1302 1641     28907     2.7685       25855.6
    557  1321     658249    1.9111       24427.1
    top-10: 17.8% of mass, 93.2% of excess-loss
Epoch 32: loss=1.856961  (22.27 sec, 1751 subtrees, 2208 chunks, 34623339 nodes)
  residual top-10 (subtree_mass × max(avg_loss − 1.857, 0)):
    rc   rootID   mass      avg_loss     score 
    888  1        4999993   3.3444       7437201.3
    452  173      448184    2.0646       93071.0
    447  1462     179588    2.2614       72640.6
    1270 1186     356991    2.0520       69621.7
    1271 1713     159569    2.2429       61583.2
    734  1174     1171357   1.8961       45813.4
    249  1610     649147    1.9200       40950.9
    1268 1279     926450    1.8998       39653.4
    1740 159      827223    1.9040       38911.6
    1148 1499     346020    1.9436       29994.9
    top-10: 22.1% of mass, 93.9% of excess-loss
Epoch 33: loss=1.868576  (22.30 sec, 1751 subtrees, 2208 chunks, 34623339 nodes)
  residual top-10 (subtree_mass × max(avg_loss − 1.869, 0)):
    rc   rootID   mass      avg_loss     score 
    1431 1        4999993   3.2614       6963899.4
    93   1174     1171357   2.2582       456363.8
    95   1068     251713    2.9299       267142.5
    152  1279     926450    2.1370       248719.0
    103  1388     131197    2.3053       57298.8
    96   1443     36134     3.1667       46907.9
    1271 174      160582    2.0343       26607.7
    1251 1548     89622     2.1178       22335.2
    397  1041     132184    1.9900       16045.4
    1665 173      448184    1.9029       15398.3
    top-10: 18.3% of mass, 96.3% of excess-loss
Epoch 34: loss=1.835642  (22.28 sec, 1751 subtrees, 2208 chunks, 34623339 nodes)
  residual top-10 (subtree_mass × max(avg_loss − 1.836, 0)):
    rc   rootID   mass      avg_loss     score 
    1558 1        4999993   3.3989       7816135.5
    962  1174     1171357   1.9360       117594.1
    1359 159      827223    1.9035       56092.6
    1537 1721     140015    2.2340       55770.0
    355  1584     92004     2.4162       53414.0
    1186 173      448184    1.8932       25782.8
    208  1626     988685    1.8587       22761.4
    965  1313     41767     2.3595       21878.3
    1035 177      500608    1.8764       20399.5
    481  1327     270317    1.9091       19865.7
    top-10: 20.8% of mass, 94.8% of excess-loss
Epoch 35: loss=1.840636  (22.33 sec, 1751 subtrees, 2208 chunks, 34623339 nodes)
  residual top-10 (subtree_mass × max(avg_loss − 1.841, 0)):
    rc   rootID   mass      avg_loss     score 
    1377 1        4999993   3.4413       8003077.6
    977  1501     119552    2.3764       64052.8
    279  1174     1171357   1.8916       59742.9
    1718 1139     768517    1.9150       57149.9
    481  167      367651    1.9902       54974.3
    1704 1626     988685    1.8903       49069.3
    284  1552     411763    1.9580       48325.5
    323  173      448184    1.9377       43491.5
    1098 1321     658249    1.9037       41502.6
    1697 1633     295717    1.9688       37906.4
    top-10: 22.4% of mass, 94.5% of excess-loss
Epoch 36: loss=1.819922  (22.31 sec, 1751 subtrees, 2208 chunks, 34623339 nodes)
  residual top-10 (subtree_mass × max(avg_loss − 1.820, 0)):
    rc   rootID   mass      avg_loss     score 
    167  1        4999993   3.4018       7909504.4
    168  178      1154215   1.8454       29395.5
    1643 1539     307982    1.8942       22876.8
    1267 1484     233817    1.9174       22780.4
    1387 1186     356991    1.8813       21894.4
    640  1321     658249    1.8522       21230.9
    1238 1610     649147    1.8515       20477.2
    925  1210     222943    1.9111       20337.0
    1320 1061     170073    1.9386       20186.8
    539  258      602202    1.8515       18991.1
    top-10: 20.5% of mass, 94.3% of excess-loss
Epoch 37: loss=1.822659  (22.28 sec, 1751 subtrees, 2208 chunks, 34623339 nodes)
  residual top-10 (subtree_mass × max(avg_loss − 1.823, 0)):
    rc   rootID   mass      avg_loss     score 
    1555 1        4999993   3.3896       7834747.2
    89   1174     1171357   1.8685       53708.9
    1607 1492     328244    1.9409       38813.0
    815  1068     251713    1.9691       36849.8
    96   1063     531444    1.8912       36433.1
    1409 173      448184    1.8950       32421.7
    530  1721     140015    2.0352       29765.7
    1556 167      367651    1.8950       26586.1
    1545 1196     310510    1.9022       24697.3
    845  1210     222943    1.9242       22648.1
    top-10: 19.2% of mass, 94.3% of excess-loss
Epoch 38: loss=1.815052  (22.34 sec, 1751 subtrees, 2208 chunks, 34623339 nodes)
  residual top-10 (subtree_mass × max(avg_loss − 1.815, 0)):
    rc   rootID   mass      avg_loss     score 
    894  1        4999993   3.4341       8095079.6
    1531 1196     310510    2.0302       66819.9
    196  1321     658249    1.8825       44389.4
    1221 178      1154215   1.8507       41127.2
    1511 167      367651    1.9035       32508.3
    408  1575     604332    1.8583       26120.4
    1479 1626     988685    1.8399       24608.7
    49   159      827223    1.8415       21903.1
    1136 173      448184    1.8635       21732.6
    1301 1562     142106    1.9618       20859.1
    top-10: 23.0% of mass, 94.6% of excess-loss
Epoch 39: loss=1.815890  (22.35 sec, 1751 subtrees, 2208 chunks, 34623339 nodes)
  residual top-10 (subtree_mass × max(avg_loss − 1.816, 0)):
    rc   rootID   mass      avg_loss     score 
    603  1        4999993   3.2204       7022767.6
    865  159      827223    2.1286       258660.6
    866  1352     76400     3.1490       101847.1
    1584 1720     145202    2.1775       52512.9
    749  173      448184    1.9055       40169.0
    992  1575     604332    1.8764       36597.9
    1207 178      1154215   1.8472       36084.7
    391  174      160582    2.0377       35612.1
    1703 1633     295717    1.9145       29154.2
    989  1626     988685    1.8444       28199.8
    top-10: 21.3% of mass, 95.6% of excess-loss
Epoch 40: loss=1.808653  (22.31 sec, 1751 subtrees, 2208 chunks, 34623339 nodes)
  residual top-10 (subtree_mass × max(avg_loss − 1.809, 0)):
    rc   rootID   mass      avg_loss     score 
    1531 1        4999993   3.2350       7131930.8
    337  1539     307982    2.1048       91219.6
    1439 166      581205    1.9407       76720.9
    131  1626     988685    1.8413       32229.4
    643  173      448184    1.8737       29141.2
    1515 1327     270317    1.9070       26582.3
    454  1321     658249    1.8470       25225.0
    1007 159      827223    1.8371       23549.4
    1547 258      602202    1.8450       21890.8
    958  1484     233817    1.8988       21066.6
    top-10: 21.8% of mass, 94.5% of excess-loss
Epoch 41: loss=1.799143  (22.33 sec, 1751 subtrees, 2208 chunks, 34623339 nodes)
  residual top-10 (subtree_mass × max(avg_loss − 1.799, 0)):
    rc   rootID   mass      avg_loss     score 
    365  1        4999993   3.1760       6884213.2
    1623 1174     1171357   1.8963       113829.3
    406  159      827223    1.8684       57330.0
    1241 1626     988685    1.8384       38836.4
    1621 1562     142106    2.0561       36516.0
    214  173      448184    1.8758       34351.3
    949  167      367651    1.8852       31627.5
    1628 1763     308344    1.9011       31425.4
    491  1484     233817    1.9121       26404.5
    999  1196     310510    1.8784       24621.0
    top-10: 21.5% of mass, 95.3% of excess-loss
Epoch 42: loss=1.792692  (22.32 sec, 1751 subtrees, 2208 chunks, 34623339 nodes)
  residual top-10 (subtree_mass × max(avg_loss − 1.793, 0)):
    rc   rootID   mass      avg_loss     score 
    16   1        4999993   3.5542       8807588.4
    199  1174     1171357   1.8639       83354.8
    322  159      827223    1.8669       61406.5
    532  1279     926450    1.8410       44793.4
    205  1413     100818    2.1276       33767.4
    612  173      448184    1.8672       33405.0
    699  1484     233817    1.9140       28356.1
    507  1326     266773    1.8711       20923.1
    211  1499     346020    1.8398       16307.5
    189  1721     140015    1.9041       15603.1
    top-10: 20.8% of mass, 95.7% of excess-loss
Epoch 43: loss=1.799225  (22.36 sec, 1751 subtrees, 2208 chunks, 34623339 nodes)
  residual top-10 (subtree_mass × max(avg_loss − 1.799, 0)):
    rc   rootID   mass      avg_loss     score 
    398  1        4999993   3.2878       7442904.7
    715  1610     649147    2.1558       231443.3
    716  1470     285615    2.6088       231236.9
    714  1139     768517    1.8595       46310.9
    1660 258      602202    1.8574       35005.5
    799  1626     988685    1.8297       30150.1
    197  1434     432348    1.8566       24802.3
    135  1484     233817    1.8972       22917.6
    196  1283     317747    1.8602       19381.9
    97   1623     228381    1.8834       19224.1
    top-10: 20.9% of mass, 96.5% of excess-loss
Epoch 44: loss=1.789504  (22.32 sec, 1751 subtrees, 2208 chunks, 34623339 nodes)
  residual top-10 (subtree_mass × max(avg_loss − 1.790, 0)):
    rc   rootID   mass      avg_loss     score 
    608  1        4999993   3.3871       7987950.9
    1715 1626     988685    1.8732       82773.2
    1090 1238     207354    2.1254       69656.0
    1697 1575     604332    1.8743       51219.8
    27   1610     649147    1.8679       50901.9
    1267 173      448184    1.8795       40354.6
    1641 1174     1171357   1.8155       30423.1
    409  1491     129278    2.0179       29526.6
    353  1069     354798    1.8629       26031.0
    306  1434     432348    1.8413       22406.4
    top-10: 21.9% of mass, 95.6% of excess-loss
Epoch 45: loss=1.779559  (22.32 sec, 1751 subtrees, 2208 chunks, 34623339 nodes)
  residual top-10 (subtree_mass × max(avg_loss − 1.780, 0)):
    rc   rootID   mass      avg_loss     score 
    465  1        4999993   3.3791       7997506.3
    1589 1626     988685    1.8522       71849.2
    582  173      448184    1.8602       36120.4
    781  1139     768517    1.8169       28700.3
    127  1484     233817    1.8806       23619.3
    84   159      827223    1.8075       23136.9
    1349 1041     132184    1.9096       17183.0
    1269 1174     1171357   1.7934       16191.5
    1037 1210     222943    1.8517       16082.7
    1453 1434     432348    1.8066       11711.0
    top-10: 22.4% of mass, 95.9% of excess-loss
Epoch 46: loss=1.776518  (22.32 sec, 1751 subtrees, 2208 chunks, 34623339 nodes)
  residual top-10 (subtree_mass × max(avg_loss − 1.777, 0)):
    rc   rootID   mass      avg_loss     score 
    4    1        4999993   3.3353       7793918.6
    1702 1279     926450    1.8404       59197.8
    880  178      1154215   1.8225       53110.6
    1030 1626     988685    1.8106       33704.1
    342  1321     658249    1.8210       29270.4
    623  181      525462    1.8301       28174.0
    536  1484     233817    1.8898       26487.5
    1658 173      448184    1.8287       23409.4
    216  159      827223    1.8045       23171.2
    285  1434     432348    1.8241       20576.0
    top-10: 24.6% of mass, 95.3% of excess-loss
Epoch 47: loss=1.777988  (22.33 sec, 1751 subtrees, 2208 chunks, 34623339 nodes)
  residual top-10 (subtree_mass × max(avg_loss − 1.778, 0)):
    rc   rootID   mass      avg_loss     score 
    1502 1        4999993   3.2838       7528908.9
    482  1626     988685    1.8170       38614.0
    1141 160      291156    1.9083       37934.5
    661  178      1154215   1.8099       36831.7
    283  159      827223    1.8213       35868.6
    1568 173      448184    1.8520       33152.2
    642  1575     604332    1.8292       30920.5
    1034 1484     233817    1.8762       22957.5
    211  1041     132184    1.8949       15460.3
    678  1210     222943    1.8461       15181.1
    top-10: 21.7% of mass, 95.4% of excess-loss
Epoch 48: loss=1.772773  (22.35 sec, 1751 subtrees, 2208 chunks, 34623339 nodes)
  residual top-10 (subtree_mass × max(avg_loss − 1.773, 0)):
    rc   rootID   mass      avg_loss     score 
    969  1        4999993   3.3647       7959537.2
    1324 1626     988685    1.8376       64103.7
    821  159      827223    1.8437       58685.1
    609  178      1154215   1.8051       37363.0
    936  1210     222943    1.8795       23796.8
    1622 173      448184    1.8256       23691.8
    1209 1484     233817    1.8654       21659.8
    1409 1449     323522    1.8267       17460.2
    493  167      367651    1.8197       17261.0
    361  1434     432348    1.8065       14588.7
    top-10: 21.9% of mass, 96.3% of excess-loss
Epoch 49: loss=1.771915  (22.32 sec, 1751 subtrees, 2208 chunks, 34623339 nodes)
  residual top-10 (subtree_mass × max(avg_loss − 1.772, 0)):
    rc   rootID   mass      avg_loss     score 
    1745 1        4999993   3.5219       8749969.6
    35   258      602202    1.8527       48626.7
    119  1626     988685    1.8053       33018.2
    506  173      448184    1.8432       31929.6
    291  159      827223    1.8086       30378.0
    228  1575     604332    1.8093       22587.0
    1194 1326     266773    1.8538       21843.2
    1409 1484     233817    1.8653       21827.9
    1250 1434     432348    1.8217       21540.8
    230  181      525462    1.8125       21315.6
    top-10: 21.8% of mass, 96.3% of excess-loss
Epoch 50: loss=1.765737  (22.31 sec, 1751 subtrees, 2208 chunks, 34623339 nodes)
  residual top-10 (subtree_mass × max(avg_loss − 1.766, 0)):
    rc   rootID   mass      avg_loss     score 
    1390 1        4999993   3.3245       7794006.6
    1700 1626     988685    1.8199       53598.5
    1277 173      448184    1.8675       45605.9
    603  159      827223    1.7985       27092.9
    1001 1484     233817    1.8668       23630.4
    58   178      1154215   1.7857       23097.9
    786  167      367651    1.8280       22878.7
    369  1210     222943    1.8581       20587.0
    162  171      264355    1.8183       13906.0
    1435 1041     132184    1.8668       13352.6
    top-10: 21.1% of mass, 96.3% of excess-loss
Epoch 51: loss=1.762221  (22.33 sec, 1751 subtrees, 2208 chunks, 34623339 nodes)
  residual top-10 (subtree_mass × max(avg_loss − 1.762, 0)):
    rc   rootID   mass      avg_loss     score 
    353  1        4999993   3.3435       7906149.2
    925  159      827223    1.8096       39190.3
    168  173      448184    1.8448       37013.9
    1146 1174     1171357   1.7938       36973.9
    1083 1484     233817    1.8656       24171.8
    1539 178      1154215   1.7830       23947.5
    1002 1626     988685    1.7863       23772.2
    256  1575     604332    1.7972       21110.7
    1115 1041     132184    1.8973       17849.4
    1476 1139     768517    1.7845       17093.4
    top-10: 24.9% of mass, 96.5% of excess-loss
Epoch 52: loss=1.759964  (22.31 sec, 1751 subtrees, 2208 chunks, 34623339 nodes)
  residual top-10 (subtree_mass × max(avg_loss − 1.760, 0)):
    rc   rootID   mass      avg_loss     score 
    301  1        4999993   3.2731       7565675.8
    734  1279     926450    1.8076       44138.5
    42   1626     988685    1.7949       34541.1
    1355 173      448184    1.8277       30352.9
    1530 159      827223    1.7953       29217.2
    901  258      602202    1.7994       23757.6
    143  1139     768517    1.7876       21251.5
    429  178      1154215   1.7771       19736.7
    219  1484     233817    1.8423       19258.1
    1261 1575     604332    1.7866       16096.5
    top-10: 25.3% of mass, 96.0% of excess-loss
Epoch 53: loss=1.758696  (22.33 sec, 1751 subtrees, 2208 chunks, 34623339 nodes)
  residual top-10 (subtree_mass × max(avg_loss − 1.759, 0)):
    rc   rootID   mass      avg_loss     score 
    997  1        4999993   3.3968       8190588.5
    351  1626     988685    1.8086       49299.7
    1220 173      448184    1.8398       36331.9
    1311 178      1154215   1.7862       31693.0
    32   1575     604332    1.8068       29062.7
    1223 159      827223    1.7927       28116.4
    1396 1484     233817    1.8509       21564.1
    911  1434     432348    1.8058       20357.4
    1426 1210     222943    1.8310       16127.6
    1184 1041     132184    1.8758       15477.7
    top-10: 22.0% of mass, 96.6% of excess-loss
Epoch 54: loss=1.756594  (22.38 sec, 1751 subtrees, 2208 chunks, 34623339 nodes)
  residual top-10 (subtree_mass × max(avg_loss − 1.757, 0)):
    rc   rootID   mass      avg_loss     score 
    1280 1        4999993   3.3261       7847370.7
    39   159      827223    1.8067       41419.1
    712  173      448184    1.8400       37380.5
    1742 1626     988685    1.7923       35341.0
    1121 1484     233817    1.8497       21767.9
    1021 178      1154215   1.7749       21134.8
    1131 1210     222943    1.8462       19972.7
    163  1575     604332    1.7890       19599.1
    900  1434     432348    1.7989       18305.2
    1650 1174     1171357   1.7713       17181.2
    top-10: 24.3% of mass, 96.3% of excess-loss
Epoch 55: loss=1.754556  (22.30 sec, 1751 subtrees, 2208 chunks, 34623339 nodes)
  residual top-10 (subtree_mass × max(avg_loss − 1.755, 0)):
    rc   rootID   mass      avg_loss     score 
    1448 1        4999993   3.3090       7772163.5
    934  1626     988685    1.7971       42095.1
    1087 159      827223    1.7995       37211.8
    18   173      448184    1.8290       33361.6
    1678 178      1154215   1.7751       23762.0
    867  1484     233817    1.8535       23130.4
    190  1575     604332    1.7877       20054.1
    743  1210     222943    1.8321       17283.2
    619  258      602202    1.7820       16511.9
    706  167      367651    1.7990       16323.0
    top-10: 22.9% of mass, 96.2% of excess-loss
Epoch 56: loss=1.752418  (22.33 sec, 1751 subtrees, 2208 chunks, 34623339 nodes)
  residual top-10 (subtree_mass × max(avg_loss − 1.752, 0)):
    rc   rootID   mass      avg_loss     score 
    1728 1        4999993   3.3142       7808709.4
    774  1626     988685    1.7922       39332.2
    683  159      827223    1.7931       33678.1
    1582 173      448184    1.8254       32690.3
    145  178      1154215   1.7770       28406.9
    816  1575     604332    1.7904       22943.3
    1452 1484     233817    1.8452       21689.2
    464  1210     222943    1.8316       17647.0
    242  258      602202    1.7812       17327.9
    839  1434     432348    1.7895       16042.5
    top-10: 23.1% of mass, 96.3% of excess-loss
Epoch 57: loss=1.749226  (22.33 sec, 1751 subtrees, 2208 chunks, 34623339 nodes)
  residual top-10 (subtree_mass × max(avg_loss − 1.749, 0)):
    rc   rootID   mass      avg_loss     score 
    136  1        4999993   3.3227       7867580.9
    1365 1626     988685    1.7868       37101.1
    1631 159      827223    1.7934       36532.7
    642  173      448184    1.8278       35195.4
    1152 178      1154215   1.7725       26910.7
    361  1484     233817    1.8461       22660.3
    84   1174     1171357   1.7664       20122.6
    1675 1575     604332    1.7802       18738.5
    74   258      602202    1.7799       18493.0
    523  1210     222943    1.8284       17655.3
    top-10: 24.7% of mass, 96.4% of excess-loss
Epoch 58: loss=1.748185  (22.36 sec, 1751 subtrees, 2208 chunks, 34623339 nodes)
  residual top-10 (subtree_mass × max(avg_loss − 1.748, 0)):
    rc   rootID   mass      avg_loss     score 
    1370 1        4999993   3.3592       8055135.3
    186  1626     988685    1.7876       38942.9
    31   159      827223    1.7920       36218.5
    297  173      448184    1.8232       33616.2
    604  178      1154215   1.7719       27324.3
    977  1484     233817    1.8444       22494.7
    608  1575     604332    1.7788       18510.8
    927  1434     432348    1.7900       18077.3
    561  1174     1171357   1.7634       17781.2
    74   1210     222943    1.8277       17725.4
    top-10: 24.3% of mass, 96.5% of excess-loss
Epoch 59: loss=1.746712  (22.30 sec, 1751 subtrees, 2208 chunks, 34623339 nodes)
  residual top-10 (subtree_mass × max(avg_loss − 1.747, 0)):
    rc   rootID   mass      avg_loss     score 
    221  1        4999993   3.3598       8065186.5
    1648 1626     988685    1.7862       38998.6
    937  159      827223    1.7892       35185.5
    433  173      448184    1.8228       34081.7
    608  178      1154215   1.7712       28234.6
    1198 1484     233817    1.8433       22587.9
    889  1575     604332    1.7797       19935.3
    258  1174     1171357   1.7636       19813.9
    329  1434     432348    1.7882       17939.9
    1601 1210     222943    1.8264       17757.2
    top-10: 24.3% of mass, 96.5% of excess-loss
Epoch 60: loss=1.746700  (22.32 sec, 1751 subtrees, 2208 chunks, 34623339 nodes)
  residual top-10 (subtree_mass × max(avg_loss − 1.747, 0)):
    rc   rootID   mass      avg_loss     score 
    1266 1        4999993   3.3556       8044363.2
    889  1626     988685    1.7859       38721.5
    572  159      827223    1.7899       35732.0
    757  173      448184    1.8232       34279.8
    92   178      1154215   1.7719       29039.3
    530  1484     233817    1.8428       22472.6
    279  1575     604332    1.7791       19570.9
    1345 1174     1171357   1.7620       17964.4
    1588 1210     222943    1.8266       17811.9
    1323 1434     432348    1.7875       17623.0
    top-10: 24.3% of mass, 96.5% of excess-loss
Saved to /tmp/agpt_g5m_d16_pd2_60se.model
Done.
