AGPT CUDA Training Engine
  Model: d=64 heads=4 layers=2 ff=256 vocab=65 seq=128 head_dim=16
  Loaded 108481 weight floats (423.8 KB)
Loading radix trie from /tmp/agpt_g5m_d16_radix...
  Radix trie: 7073694 nodes, 34623339 total edge chars, 17 endpoint depths
  Radix loaded: 11884367 counts entries, 63118178 ancestor char entries
  d_split: 4570307/7073694 nodes have a mass=1 ancestor (mean depth 10.48)
  lr-schedule: warmup-cosine (peak=0.003, warmup_epochs=1)
  weight-decay: 0.01 (decoupled, AdamW-style)
  optimizer: rmsprop (lr=0.003)
  curriculum: flat (d=max each epoch)
  max edge_len: 15, max ancestor chars: 15, max KV per node: 30, max endpoint depth: 16
  mass=1 compaction: 29783005 / 34623339 chars are mass=1 (86.0%); cache holds 4840334 positions
  loop points: 160826 (mass>1 leaves; 6.4% of 2503386 mass>1 nodes)
  KV cache: 2478.3 MB unified memory (bf16 compact)
  GPU memory: 3016.7 MB used, 5170.1 MB free, 8186.8 MB total
  65 root-child subtrees: sizes min=3 max=1116592 avg=108826.0 (total=7073693 radix nodes)
  partition-depth=4: 86252 groups, 1 Adam step per group per super-epoch
  shuffle-order: per-SE Fisher-Yates over 86252 partition groups (seed=0xa17b1ed)
Epoch 1: loss=2.037769  (68.21 sec, 86252 subtrees, 86281 chunks, 34623339 nodes)
  residual top-10 (subtree_mass × max(avg_loss − 2.038, 0)):
    rc   rootID   mass      avg_loss     score 
    60592 1        14940744  2.3544       4730721.6
    5226 25362    226934    2.4615       96158.3
    694  58368    28957     3.3997       39438.3
    3658 53940    49363     2.6730       31355.5
    8477 26225    100375    2.3207       28394.2
    7523 104509   74333     2.4005       26961.8
    25   56740    7380      4.9512       21501.2
    5144 84958    46901     2.4902       21219.1
    183  53811    8138      4.6077       20914.1
    3586 46272    32588     2.6589       20242.4
    top-10: 34.0% of mass, 70.0% of excess-loss
Epoch 2: loss=1.881380  (68.13 sec, 86252 subtrees, 86281 chunks, 34623339 nodes)
  residual top-10 (subtree_mass × max(avg_loss − 1.881, 0)):
    rc   rootID   mass      avg_loss     score 
    31749 1        14940744  2.2636       5710279.9
    55136 26667    165942    2.0751       32139.4
    42845 27200    454687    1.9218       18391.0
    41876 104509   74333     2.1113       17090.8
    72340 22262    70489     2.0575       12417.7
    31381 25362    226934    1.9356       12302.7
    47899 26225    100375    1.9941       11318.9
    68012 27467    76319     2.0150       10200.5
    57618 68841    57451     2.0479       9564.8
    17633 27199    109846    1.9547       8048.7
    top-10: 35.7% of mass, 85.5% of excess-loss
Epoch 3: loss=1.784804  (68.20 sec, 86252 subtrees, 86281 chunks, 34623339 nodes)
  residual top-10 (subtree_mass × max(avg_loss − 1.785, 0)):
    rc   rootID   mass      avg_loss     score 
    10165 1        14940744  2.2440       6860526.6
    7054 25362    226934    1.8663       18492.3
    13646 27467    76319     2.0200       17947.4
    52203 26667    165942    1.8916       17727.6
    46078 22262    70489     1.9735       13299.0
    5483 67664    178871    1.8562       12765.7
    84119 27200    454687    1.8116       12170.2
    43055 26225    100375    1.9034       11907.0
    29224 97804    323492    1.8197       11288.1
    5080 92712    32005     2.0363       8049.4
    top-10: 36.3% of mass, 88.2% of excess-loss
Epoch 4: loss=1.703055  (67.77 sec, 86252 subtrees, 86281 chunks, 34623339 nodes)
  residual top-10 (subtree_mass × max(avg_loss − 1.703, 0)):
    rc   rootID   mass      avg_loss     score 
    7625 1        14940744  2.1737       7031199.0
    1808 25362    226934    1.7849       18573.5
    84854 26667    165942    1.8023       16463.9
    49409 97804    323492    1.7532       16211.6
    30362 26225    100375    1.8592       15671.1
    43991 27467    76319     1.8726       12937.4
    2689 82395    61490     1.8935       11709.1
    45970 104509   74333     1.8591       11595.8
    70472 22262    70489     1.8456       10047.9
    3399 77280    80498     1.8145       8968.2
    top-10: 35.4% of mass, 88.7% of excess-loss
Epoch 5: loss=1.627884  (68.04 sec, 86252 subtrees, 86281 chunks, 34623339 nodes)
  residual top-10 (subtree_mass × max(avg_loss − 1.628, 0)):
    rc   rootID   mass      avg_loss     score 
    30165 1        14940744  2.1390       7636115.7
    3816 97804    323492    1.7045       24773.0
    44077 27200    454687    1.6816       24431.4
    53113 26667    165942    1.7314       17176.4
    592  82395    61490     1.8600       14272.6
    33218 26225    100375    1.7675       14017.1
    26648 27467    76319     1.8003       13157.0
    26423 104509   74333     1.7804       11339.6
    44265 25362    226934    1.6693       9405.5
    14629 26155    80828     1.7382       8920.1
    top-10: 36.2% of mass, 89.6% of excess-loss
Epoch 6: loss=1.549352  (67.92 sec, 86252 subtrees, 86281 chunks, 34623339 nodes)
  residual top-10 (subtree_mass × max(avg_loss − 1.549, 0)):
    rc   rootID   mass      avg_loss     score 
    13211 1        14940744  2.1001       8228672.2
    14900 27200    454687    1.6416       41964.0
    35419 97804    323492    1.6263       24879.4
    51239 26667    165942    1.6522       17064.7
    6441 27467    76319     1.7280       13634.7
    16661 26225    100375    1.6791       13022.6
    9421 22262    70489     1.7249       12372.3
    4926 82395    61490     1.7426       11885.9
    15050 44772    214901    1.6009       11067.2
    63282 104509   74333     1.6591       8156.1
    top-10: 36.2% of mass, 91.0% of excess-loss
Saved to /tmp/agpt_g5m_d16_pd4_6se.model
Done.
