AGPT CUDA Training Engine
  Model: d=64 heads=4 layers=2 ff=256 vocab=65 seq=128 head_dim=16
  Loaded 108481 weight floats (423.8 KB)
  No optimizer state in checkpoint; starting cold
Loading radix trie from /tmp/shake_baseline_d16_radix...
  Radix trie: 1607928 nodes, 9313896 total edge chars, 17 endpoint depths
  Radix loaded: 2697118 counts entries, 12276596 ancestor char entries
  d_split: 1062377/1607928 nodes have a mass=1 ancestor (mean depth 9.21)
  lr-schedule: warmup-cosine (peak=0.003, warmup_epochs=1)
  optimizer: rmsprop (lr=0.003)
  curriculum: flat (d=max each epoch)
  max edge_len: 16, max ancestor chars: 15, max KV per node: 31, max endpoint depth: 16
  mass=1 compaction: 8275783 / 9313896 chars are mass=1 (88.9%); cache holds 1038113 positions
  loop points: 18684 (mass>1 leaves; 3.4% of 545550 mass>1 nodes)
  KV cache: 531.5 MB unified memory (bf16 compact)
  GPU memory: 2851.3 MB used, 5335.5 MB free, 8186.8 MB total
  65 root-child subtrees: sizes min=1 max=246583 avg=24737.3 (total=1607927 radix nodes)
Epoch 1: loss=1.347826  (6.19 sec, 65 subtrees, 225 chunks, 9313896 nodes)
  residual top-10 (subtree_mass × max(avg_loss − 1.348, 0)):
    rc   rootID   mass      avg_loss     score 
    1    50944    1479765   1.7203       551228.2
    0    1        297533    2.0168       199034.2
    43   660187   735168    1.5976       183661.3
    40   574911   82726     2.1085       62928.9
    42   614321   234101    1.5927       57315.2
    41   591555   114034    1.7519       46075.7
    44   798168   118584    1.6057       30582.9
    6    309644   167551    1.4090       10244.1
    5    300532   44208     1.5697       9808.9
    54   1241689  76537     1.4099       4753.2
    top-10: 39.0% of mass, 98.8% of excess-loss
Epoch 2: loss=0.984747  (5.97 sec, 65 subtrees, 225 chunks, 9313896 nodes)
  residual top-10 (subtree_mass × max(avg_loss − 0.985, 0)):
    rc   rootID   mass      avg_loss     score 
    56   1258453  358000    1.1084       44270.8
    54   1241689  76537     1.3347       26781.5
    58   1402652  543420    1.0314       25369.8
    6    309644   167551    1.0966       18740.8
    5    300532   44208     1.2587       12109.6
    57   1329804  377747    1.0096       9393.9
    2    297527   13758     1.4855       6888.9
    53   1145421  504725    0.9983       6858.2
    59   1500853  192300    1.0196       6699.3
    8    341198   57485     1.0820       5589.8
    top-10: 27.2% of mass, 98.1% of excess-loss
Epoch 3: loss=0.915348  (5.69 sec, 65 subtrees, 225 chunks, 9313896 nodes)
  residual top-10 (subtree_mass × max(avg_loss − 0.915, 0)):
    rc   rootID   mass      avg_loss     score 
    59   1500853  192300    1.0899       33573.1
    58   1402652  543420    0.9395       13106.5
    6    309644   167551    0.9471       5324.3
    5    300532   44208     1.0345       5268.0
    8    341198   57485     0.9858       4047.8
    0    1        297533    0.9270       3455.1
    2    297527   13758     1.1299       2951.5
    60   1539801  58095     0.9454       1744.1
    39   493671   419607    0.9188       1441.8
    61   1551260  134045    0.9251       1301.7
    top-10: 22.4% of mass, 94.8% of excess-loss
Epoch 4: loss=0.880013  (5.62 sec, 65 subtrees, 225 chunks, 9313896 nodes)
  residual top-10 (subtree_mass × max(avg_loss − 0.880, 0)):
    rc   rootID   mass      avg_loss     score 
    59   1500853  192300    0.9330       10183.1
    6    309644   167551    0.9227       7155.9
    5    300532   44208     1.0144       5942.0
    0    1        297533    0.8989       5621.7
    8    341198   57485     0.9498       4010.3
    39   493671   419607    0.8880       3346.4
    2    297527   13758     1.1002       3029.3
    12   369639   16107     0.9380       934.6 
    7    338414   10559     0.9670       918.6 
    13   372685   55068     0.8928       705.5 
    top-10: 14.8% of mass, 92.5% of excess-loss
Epoch 5: loss=0.856994  (5.64 sec, 65 subtrees, 225 chunks, 9313896 nodes)
  residual top-10 (subtree_mass × max(avg_loss − 0.857, 0)):
    rc   rootID   mass      avg_loss     score 
    59   1500853  192300    0.9062       9462.8
    6    309644   167551    0.8947       6310.6
    5    300532   44208     0.9817       5511.9
    8    341198   57485     0.9167       3434.8
    2    297527   13758     1.0537       2706.9
    39   493671   419607    0.8634       2671.1
    0    1        297533    0.8644       2196.6
    54   1241689  76537     0.8769       1526.2
    44   798168   118584    0.8666       1134.4
    7    338414   10559     0.9368       842.7 
    top-10: 16.3% of mass, 91.2% of excess-loss
Epoch 6: loss=0.837656  (5.80 sec, 65 subtrees, 225 chunks, 9313896 nodes)
  residual top-10 (subtree_mass × max(avg_loss − 0.838, 0)):
    rc   rootID   mass      avg_loss     score 
    6    309644   167551    0.8655       4668.6
    5    300532   44208     0.9302       4090.0
    39   493671   419607    0.8442       2752.7
    8    341198   57485     0.8824       2572.3
    59   1500853  192300    0.8502       2414.9
    0    1        297533    0.8447       2109.6
    2    297527   13758     0.9844       2018.7
    54   1241689  76537     0.8627       1919.8
    56   1258453  358000    0.8429       1884.0
    44   798168   118584    0.8483       1267.5
    top-10: 20.3% of mass, 83.5% of excess-loss
Epoch 7: loss=0.823526  (5.98 sec, 65 subtrees, 225 chunks, 9313896 nodes)
  residual top-10 (subtree_mass × max(avg_loss − 0.824, 0)):
    rc   rootID   mass      avg_loss     score 
    39   493671   419607    0.8311       3191.0
    6    309644   167551    0.8425       3176.9
    5    300532   44208     0.8845       2695.7
    8    341198   57485     0.8580       1980.0
    0    1        297533    0.8301       1957.1
    2    297527   13758     0.9249       1394.6
    59   1500853  192300    0.8307       1385.5
    44   798168   118584    0.8328       1104.5
    47   915694   343840    0.8264       973.1 
    42   614321   234101    0.8269       785.6 
    top-10: 22.0% of mass, 74.8% of excess-loss
Epoch 8: loss=0.814629  (5.86 sec, 65 subtrees, 225 chunks, 9313896 nodes)
  residual top-10 (subtree_mass × max(avg_loss − 0.815, 0)):
    rc   rootID   mass      avg_loss     score 
    39   493671   419607    0.8212       2761.8
    5    300532   44208     0.8535       1718.7
    0    1        297533    0.8202       1663.0
    47   915694   343840    0.8188       1425.5
    8    341198   57485     0.8371       1293.4
    6    309644   167551    0.8222       1263.8
    52   1074317  367799    0.8174       1009.9
    44   798168   118584    0.8231       1001.7
    2    297527   13758     0.8805       905.9 
    42   614321   234101    0.8184       887.6 
    top-10: 24.0% of mass, 64.5% of excess-loss
Epoch 9: loss=0.810334  (5.85 sec, 65 subtrees, 225 chunks, 9313896 nodes)
  residual top-10 (subtree_mass × max(avg_loss − 0.810, 0)):
    rc   rootID   mass      avg_loss     score 
    39   493671   419607    0.8155       2172.6
    47   915694   343840    0.8151       1621.6
    52   1074317  367799    0.8141       1391.8
    5    300532   44208     0.8400       1309.6
    59   1500853  192300    0.8163       1148.8
    0    1        297533    0.8142       1136.4
    44   798168   118584    0.8184       959.7 
    42   614321   234101    0.8141       889.6 
    8    341198   57485     0.8245       813.3 
    13   372685   55068     0.8229       692.4 
    top-10: 24.8% of mass, 60.3% of excess-loss
Epoch 10: loss=0.809081  (5.89 sec, 65 subtrees, 225 chunks, 9313896 nodes)
  residual top-10 (subtree_mass × max(avg_loss − 0.809, 0)):
    rc   rootID   mass      avg_loss     score 
    39   493671   419607    0.8136       1878.5
    47   915694   343840    0.8140       1705.1
    52   1074317  367799    0.8134       1571.1
    59   1500853  192300    0.8159       1306.1
    5    300532   44208     0.8370       1234.2
    44   798168   118584    0.8172       957.2 
    42   614321   234101    0.8127       842.3 
    50   993056   244544    0.8123       778.7 
    0    1        297533    0.8115       715.6 
    7    338414   10559     0.8705       648.8 
    top-10: 26.4% of mass, 56.2% of excess-loss
Saved to rnd/depth-weight/matrix/depth-inv-log_none_s3/run.model
Done.
  Appended optimizer state to rnd/depth-weight/matrix/depth-inv-log_none_s3/run.model (adam_t=650)
