INFO: --anc-grad: per-subtree descendant→ancestor gradient flow enabled (Wk/Wv get full gradient instead of own-edge-only)
AGPT CUDA Training Engine
  Model: d=64 heads=4 layers=2 ff=256 vocab=65 seq=16(header) head_dim=16
  Loaded 108481 weight floats (423.8 KB)
  Loaded optimizer state from checkpoint (adam_t=0)
Loading radix trie from /tmp/agpt_input_d16_static_radix...
  Radix trie: 1607928 nodes, 9313896 total edge chars, 17 endpoint depths
  Radix loaded: 2697118 counts entries, 12276596 ancestor char entries
  d_split: 1062377/1607928 nodes have a mass=1 ancestor (mean depth 9.21)
  lr-schedule: warmup-cosine (peak=0.003, warmup_epochs=5)
  optimizer: rmsprop (lr=0.003)
  curriculum: flat (d=max each epoch)
  max edge_len: 16, max ancestor chars: 15, max KV per node: 31, max endpoint depth: 16
  mass=1 compaction: 8275783 / 9313896 chars are mass=1 (88.9%); cache holds 1038113 positions
  loop points: 18684 (mass>1 leaves; 3.4% of 545550 mass>1 nodes)
  KV cache: 531.5 MB unified memory (bf16 compact)
  GPU memory: 3018.1 MB used, 5168.7 MB free, 8186.8 MB total
  65 root-child subtrees: sizes min=1 max=246583 avg=24737.3 (total=1607927 radix nodes)
  anc-grad: max_n_subtree_compact_chars=158106, 2 layers x 3 buffers x 40.48 MB + 4.15 MB lookup = 249.53 MB total
Epoch 1: loss=3.359001  (6.88 sec, 65 subtrees, 225 chunks, 9313896 nodes)
  residual top-10 (subtree_mass × max(avg_loss − 3.359, 0)):
    rc   rootID   mass      avg_loss     score 
    1    50944    1479765   4.8575       2217431.3
    0    1        297533    4.8254       436294.9
    6    309644   167551    4.1396       130795.1
    5    300532   44208     4.4263       47182.7
    10   349444   84126     3.8421       40642.3
    8    341198   57485     3.9089       31613.7
    2    297527   13758     4.5644       16583.7
    13   372685   55068     3.5642       11301.1
    7    338414   10559     4.2417       9320.3
    11   364300   27722     3.6290       7483.7
    top-10: 26.0% of mass, 99.4% of excess-loss
Epoch 2: loss=2.608104  (6.47 sec, 65 subtrees, 225 chunks, 9313896 nodes)
  residual top-10 (subtree_mass × max(avg_loss − 2.608, 0)):
    rc   rootID   mass      avg_loss     score 
    1    50944    1479765   2.8900       417128.6
    10   349444   84126     3.3165       59591.8
    0    1        297533    2.7478       41573.2
    6    309644   167551    2.8149       34642.5
    5    300532   44208     3.2809       29742.8
    8    341198   57485     2.8452       13627.7
    39   493671   419607    2.6282       8448.6
    2    297527   13758     2.9865       5205.5
    11   364300   27722     2.7799       4763.5
    50   993056   244544    2.6256       4282.1
    top-10: 33.0% of mass, 97.8% of excess-loss
Epoch 3: loss=2.434332  (6.36 sec, 65 subtrees, 225 chunks, 9313896 nodes)
  residual top-10 (subtree_mass × max(avg_loss − 2.434, 0)):
    rc   rootID   mass      avg_loss     score 
    10   349444   84126     3.1096       56805.3
    6    309644   167551    2.7684       55979.3
    1    50944    1479765   2.4605       38747.8
    5    300532   44208     3.2733       37089.9
    39   493671   419607    2.4910       23760.2
    13   372685   55068     2.6547       12133.7
    8    341198   57485     2.6383       11727.3
    11   364300   27722     2.6631       6342.3
    12   369639   16107     2.8071       6004.8
    15   387980   25230     2.5738       3518.6
    top-10: 27.6% of mass, 95.1% of excess-loss
Epoch 4: loss=2.347671  (6.46 sec, 65 subtrees, 225 chunks, 9313896 nodes)
  residual top-10 (subtree_mass × max(avg_loss − 2.348, 0)):
    rc   rootID   mass      avg_loss     score 
    6    309644   167551    2.7955       75039.5
    10   349444   84126     2.9687       52248.2
    5    300532   44208     3.2960       41924.0
    1    50944    1479765   2.3713       35002.4
    39   493671   419607    2.4162       28766.6
    8    341198   57485     2.6130       15254.3
    13   372685   55068     2.4760       7066.7
    11   364300   27722     2.5832       6528.8
    47   915694   343840    2.3641       5651.1
    12   369639   16107     2.6494       4859.6
    top-10: 31.4% of mass, 97.0% of excess-loss
Epoch 5: loss=2.285591  (6.52 sec, 65 subtrees, 225 chunks, 9313896 nodes)
  residual top-10 (subtree_mass × max(avg_loss − 2.286, 0)):
    rc   rootID   mass      avg_loss     score 
    6    309644   167551    2.6424       59776.7
    10   349444   84126     2.8183       44815.5
    5    300532   44208     3.2590       43031.3
    39   493671   419607    2.3771       38407.7
    1    50944    1479765   2.3083       33565.5
    8    341198   57485     2.5299       14045.3
    13   372685   55068     2.4619       9709.4
    11   364300   27722     2.5435       7151.0
    12   369639   16107     2.6379       5675.1
    42   614321   234101    2.3084       5350.6
    top-10: 30.1% of mass, 92.3% of excess-loss
Epoch 6: loss=2.239648  (6.48 sec, 65 subtrees, 225 chunks, 9313896 nodes)
  residual top-10 (subtree_mass × max(avg_loss − 2.240, 0)):
    rc   rootID   mass      avg_loss     score 
    6    309644   167551    2.6166       63166.1
    10   349444   84126     2.8614       52307.4
    5    300532   44208     3.2600       45107.7
    39   493671   419607    2.3174       32627.6
    1    50944    1479765   2.2534       20334.2
    8    341198   57485     2.5158       15876.7
    13   372685   55068     2.4840       13455.8
    12   369639   16107     2.5800       5481.4
    11   364300   27722     2.4311       5306.6
    7    338414   10559     2.6010       3815.3
    top-10: 27.5% of mass, 93.4% of excess-loss
Epoch 7: loss=2.176300  (6.47 sec, 65 subtrees, 225 chunks, 9313896 nodes)
  residual top-10 (subtree_mass × max(avg_loss − 2.176, 0)):
    rc   rootID   mass      avg_loss     score 
    6    309644   167551    2.5121       56261.8
    1    50944    1479765   2.2045       41786.5
    5    300532   44208     3.0921       40484.6
    10   349444   84126     2.6554       40300.6
    39   493671   419607    2.2442       28509.6
    8    341198   57485     2.2879       6417.6
    0    1        297533    2.1971       6179.6
    50   993056   244544    2.1987       5483.3
    11   364300   27722     2.3364       4437.7
    13   372685   55068     2.2334       3142.6
    top-10: 33.5% of mass, 95.2% of excess-loss
Epoch 8: loss=2.152532  (6.48 sec, 65 subtrees, 225 chunks, 9313896 nodes)
  residual top-10 (subtree_mass × max(avg_loss − 2.153, 0)):
    rc   rootID   mass      avg_loss     score 
    6    309644   167551    2.4630       52023.8
    5    300532   44208     2.9554       35491.4
    10   349444   84126     2.5217       31054.7
    39   493671   419607    2.2250       30393.6
    8    341198   57485     2.2779       7204.8
    13   372685   55068     2.2612       5984.8
    12   369639   16107     2.4538       4853.1
    11   364300   27722     2.2984       4043.2
    7    338414   10559     2.4424       3060.8
    40   574911   82726     2.1783       2133.1
    top-10: 11.2% of mass, 95.2% of excess-loss
Epoch 9: loss=2.098136  (6.42 sec, 65 subtrees, 225 chunks, 9313896 nodes)
  residual top-10 (subtree_mass × max(avg_loss − 2.098, 0)):
    rc   rootID   mass      avg_loss     score 
    1    50944    1479765   2.1288       45431.1
    6    309644   167551    2.3383       40246.5
    5    300532   44208     2.8598       33670.7
    39   493671   419607    2.1775       33310.6
    10   349444   84126     2.2302       11108.9
    13   372685   55068     2.2346       7514.7
    8    341198   57485     2.1764       4501.9
    12   369639   16107     2.3563       4157.6
    40   574911   82726     2.1329       2880.0
    11   364300   27722     2.1808       2292.2
    top-10: 28.3% of mass, 96.8% of excess-loss
Epoch 10: loss=2.069110  (6.41 sec, 65 subtrees, 225 chunks, 9313896 nodes)
  residual top-10 (subtree_mass × max(avg_loss − 2.069, 0)):
    rc   rootID   mass      avg_loss     score 
    6    309644   167551    2.3943       54478.9
    10   349444   84126     2.4960       35910.5
    39   493671   419607    2.1453       31965.2
    5    300532   44208     2.7652       30770.9
    1    50944    1479765   2.0884       28536.8
    8    341198   57485     2.2181       8566.4
    11   364300   27722     2.2522       5076.6
    13   372685   55068     2.1502       4463.0
    7    338414   10559     2.3816       3299.4
    12   369639   16107     2.2683       3209.1
    top-10: 27.5% of mass, 98.5% of excess-loss
Epoch 11: loss=2.016454  (6.40 sec, 65 subtrees, 225 chunks, 9313896 nodes)
  residual top-10 (subtree_mass × max(avg_loss − 2.016, 0)):
    rc   rootID   mass      avg_loss     score 
    1    50944    1479765   2.0459       43534.6
    39   493671   419607    2.0944       32709.0
    6    309644   167551    2.2021       31104.2
    5    300532   44208     2.4779       20398.9
    8    341198   57485     2.1028       4964.1
    0    1        297533    2.0275       3287.2
    10   349444   84126     2.0522       3008.6
    40   574911   82726     2.0431       2206.8
    7    338414   10559     2.1836       1764.7
    12   369639   16107     2.0885       1160.1
    top-10: 30.9% of mass, 98.6% of excess-loss
Epoch 12: loss=1.985620  (6.41 sec, 65 subtrees, 225 chunks, 9313896 nodes)
  residual top-10 (subtree_mass × max(avg_loss − 1.986, 0)):
    rc   rootID   mass      avg_loss     score 
    6    309644   167551    2.2717       47933.9
    1    50944    1479765   2.0090       34668.8
    39   493671   419607    2.0682       34664.2
    5    300532   44208     2.5754       26073.7
    10   349444   84126     2.0876       8582.4
    8    341198   57485     2.1103       7164.5
    7    338414   10559     2.2213       2488.7
    40   574911   82726     2.0140       2347.0
    12   369639   16107     2.0741       1424.9
    11   364300   27722     2.0354       1379.9
    top-10: 27.8% of mass, 98.6% of excess-loss
Epoch 13: loss=1.962876  (6.49 sec, 65 subtrees, 225 chunks, 9313896 nodes)
  residual top-10 (subtree_mass × max(avg_loss − 1.963, 0)):
    rc   rootID   mass      avg_loss     score 
    39   493671   419607    2.1320       70984.7
    6    309644   167551    2.2725       51871.6
    1    50944    1479765   1.9856       33665.7
    5    300532   44208     2.6544       30570.2
    40   574911   82726     2.0461       6883.7
    8    341198   57485     2.0363       4221.4
    10   349444   84126     1.9950       2706.0
    7    338414   10559     2.1814       2307.3
    41   591555   114034    1.9732       1178.1
    30   457660   31233     1.9775       457.6 
    top-10: 29.0% of mass, 99.2% of excess-loss
Epoch 14: loss=1.931598  (6.46 sec, 65 subtrees, 225 chunks, 9313896 nodes)
  residual top-10 (subtree_mass × max(avg_loss − 1.932, 0)):
    rc   rootID   mass      avg_loss     score 
    39   493671   419607    2.0178       36150.5
    6    309644   167551    2.1292       33109.1
    1    50944    1479765   1.9516       29600.6
    5    300532   44208     2.4949       24902.6
    8    341198   57485     2.0139       4730.5
    40   574911   82726     1.9811       4092.1
    44   798168   118584    1.9489       2055.9
    7    338414   10559     2.1086       1869.5
    46   840714   415269    1.9351       1460.7
    10   349444   84126     1.9485       1420.1
    top-10: 33.5% of mass, 97.1% of excess-loss
Epoch 15: loss=1.901500  (6.39 sec, 65 subtrees, 225 chunks, 9313896 nodes)
  residual top-10 (subtree_mass × max(avg_loss − 1.902, 0)):
    rc   rootID   mass      avg_loss     score 
    6    309644   167551    2.1740       45661.6
    39   493671   419607    1.9954       39395.6
    1    50944    1479765   1.9264       36897.4
    5    300532   44208     2.3495       19803.6
    8    341198   57485     2.0060       6008.1
    40   574911   82726     1.9388       3082.5
    7    338414   10559     2.1725       2861.5
    44   798168   118584    1.9105       1066.1
    10   349444   84126     1.9104       747.3 
    11   364300   27722     1.9095       221.9 
    top-10: 29.0% of mass, 99.9% of excess-loss
Epoch 16: loss=1.881534  (6.40 sec, 65 subtrees, 225 chunks, 9313896 nodes)
  residual top-10 (subtree_mass × max(avg_loss − 1.882, 0)):
    rc   rootID   mass      avg_loss     score 
    1    50944    1479765   1.9268       66967.3
    39   493671   419607    1.9924       46526.8
    6    309644   167551    2.0546       28999.7
    5    300532   44208     2.3382       20186.2
    46   840714   415269    1.8967       6285.1
    0    1        297533    1.8980       4889.6
    40   574911   82726     1.9215       3303.2
    8    341198   57485     1.9310       2843.9
    47   915694   343840    1.8872       1937.2
    7    338414   10559     2.0597       1881.7
    top-10: 38.6% of mass, 99.1% of excess-loss
Epoch 17: loss=1.857834  (6.36 sec, 65 subtrees, 225 chunks, 9313896 nodes)
  residual top-10 (subtree_mass × max(avg_loss − 1.858, 0)):
    rc   rootID   mass      avg_loss     score 
    6    309644   167551    2.1201       43951.0
    39   493671   419607    1.9452       36671.8
    1    50944    1479765   1.8809       34083.0
    5    300532   44208     2.3591       22160.2
    8    341198   57485     1.9868       7413.7
    10   349444   84126     1.9219       5385.5
    7    338414   10559     2.1257       2828.6
    40   574911   82726     1.8905       2702.9
    30   457660   31233     1.9250       2096.3
    31   464280   29454     1.9275       2052.4
    top-10: 28.0% of mass, 98.0% of excess-loss
Epoch 18: loss=1.850717  (6.37 sec, 65 subtrees, 225 chunks, 9313896 nodes)
  residual top-10 (subtree_mass × max(avg_loss − 1.851, 0)):
    rc   rootID   mass      avg_loss     score 
    6    309644   167551    2.1664       52890.4
    1    50944    1479765   1.8825       47021.8
    39   493671   419607    1.9476       40643.2
    5    300532   44208     2.4130       24859.0
    10   349444   84126     2.1084       21676.1
    8    341198   57485     1.9295       4531.7
    11   364300   27722     2.0075       4346.5
    40   574911   82726     1.8813       2531.7
    7    338414   10559     2.0860       2484.9
    0    1        297533    1.8590       2453.4
    top-10: 31.1% of mass, 98.0% of excess-loss
Epoch 19: loss=1.846276  (6.37 sec, 65 subtrees, 225 chunks, 9313896 nodes)
  residual top-10 (subtree_mass × max(avg_loss − 1.846, 0)):
    rc   rootID   mass      avg_loss     score 
    39   493671   419607    1.9475       42480.5
    6    309644   167551    2.0118       27729.0
    10   349444   84126     2.1297       23840.9
    1    50944    1479765   1.8595       19519.9
    5    300532   44208     2.2407       17435.8
    13   372685   55068     2.0596       11748.1
    12   369639   16107     2.2468       6450.6
    11   364300   27722     1.9881       3931.0
    40   574911   82726     1.8892       3548.2
    14   384066   17468     1.9656       2084.3
    top-10: 27.8% of mass, 97.1% of excess-loss
Epoch 20: loss=1.830434  (6.40 sec, 65 subtrees, 225 chunks, 9313896 nodes)
  residual top-10 (subtree_mass × max(avg_loss − 1.830, 0)):
    rc   rootID   mass      avg_loss     score 
    39   493671   419607    1.9411       46437.4
    6    309644   167551    1.9945       27492.4
    10   349444   84126     2.1141       23863.2
    5    300532   44208     2.2652       19219.3
    13   372685   55068     2.0311       11051.0
    11   364300   27722     2.0746       6769.0
    12   369639   16107     2.1459       5080.5
    40   574911   82726     1.8803       4124.8
    46   840714   415269    1.8374       2896.8
    30   457660   31233     1.8989       2138.8
    top-10: 15.6% of mass, 93.5% of excess-loss
Epoch 21: loss=1.842475  (6.40 sec, 65 subtrees, 225 chunks, 9313896 nodes)
  residual top-10 (subtree_mass × max(avg_loss − 1.842, 0)):
    rc   rootID   mass      avg_loss     score 
    6    309644   167551    2.2083       61292.1
    10   349444   84126     2.3608       43608.2
    39   493671   419607    1.9381       40134.9
    5    300532   44208     2.5947       33253.5
    13   372685   55068     2.0976       14046.6
    11   364300   27722     2.2623       11639.2
    12   369639   16107     2.2942       7275.2
    8    341198   57485     1.9494       6147.4
    40   574911   82726     1.8802       3123.4
    7    338414   10559     2.0844       2554.8
    top-10: 11.2% of mass, 98.4% of excess-loss
Epoch 22: loss=1.838709  (6.39 sec, 65 subtrees, 225 chunks, 9313896 nodes)
  residual top-10 (subtree_mass × max(avg_loss − 1.839, 0)):
    rc   rootID   mass      avg_loss     score 
    6    309644   167551    2.3916       92639.1
    5    300532   44208     3.0188       52167.3
    39   493671   419607    1.9299       38243.4
    10   349444   84126     2.0383       16792.6
    8    341198   57485     2.0509       12199.7
    11   364300   27722     2.0209       5051.3
    13   372685   55068     1.9288       4960.8
    7    338414   10559     2.2307       4139.2
    40   574911   82726     1.8797       3388.7
    12   369639   16107     1.9938       2498.3
    top-10: 11.2% of mass, 98.6% of excess-loss
Epoch 23: loss=1.802928  (6.41 sec, 65 subtrees, 225 chunks, 9313896 nodes)
  residual top-10 (subtree_mass × max(avg_loss − 1.803, 0)):
    rc   rootID   mass      avg_loss     score 
    6    309644   167551    2.0789       46239.3
    1    50944    1479765   1.8299       39966.2
    39   493671   419607    1.8954       38785.2
    5    300532   44208     2.4693       29457.8
    8    341198   57485     1.8801       4436.5
    40   574911   82726     1.8370       2819.7
    7    338414   10559     2.0314       2413.0
    10   349444   84126     1.8200       1432.7
    11   364300   27722     1.8309       775.8 
    44   798168   118584    1.8053       282.3 
    top-10: 29.0% of mass, 99.7% of excess-loss
Epoch 24: loss=1.775303  (6.38 sec, 65 subtrees, 225 chunks, 9313896 nodes)
  residual top-10 (subtree_mass × max(avg_loss − 1.775, 0)):
    rc   rootID   mass      avg_loss     score 
    1    50944    1479765   1.8078       48106.8
    39   493671   419607    1.8673       38587.9
    6    309644   167551    1.9904       36045.0
    5    300532   44208     2.3700       26292.5
    40   574911   82726     1.8118       3022.9
    7    338414   10559     1.9197       1524.6
    8    341198   57485     1.7924       983.9 
    44   798168   118584    1.7804       604.5 
    46   840714   415269    1.7758       226.0 
    11   364300   27722     1.7789       100.6 
    top-10: 32.8% of mass, 99.9% of excess-loss
Epoch 25: loss=1.785170  (6.43 sec, 65 subtrees, 225 chunks, 9313896 nodes)
  residual top-10 (subtree_mass × max(avg_loss − 1.785, 0)):
    rc   rootID   mass      avg_loss     score 
    6    309644   167551    2.6427       143683.4
    5    300532   44208     2.5965       35868.6
    39   493671   419607    1.8525       28257.2
    8    341198   57485     2.1930       23445.3
    10   349444   84126     1.9476       13664.8
    7    338414   10559     2.6425       9052.1
    11   364300   27722     1.9066       3366.8
    13   372685   55068     1.8183       1824.0
    40   574911   82726     1.8061       1727.9
    12   369639   16107     1.8301       724.4 
    top-10: 11.2% of mass, 100.0% of excess-loss
Epoch 26: loss=1.740062  (6.38 sec, 65 subtrees, 225 chunks, 9313896 nodes)
  residual top-10 (subtree_mass × max(avg_loss − 1.740, 0)):
    rc   rootID   mass      avg_loss     score 
    39   493671   419607    1.8353       39981.8
    1    50944    1479765   1.7596       28933.6
    6    309644   167551    1.8991       26640.7
    5    300532   44208     2.1360       17503.5
    40   574911   82726     1.7840       3637.7
    46   840714   415269    1.7482       3368.8
    57   1329804  377747    1.7466       2477.8
    44   798168   118584    1.7510       1296.6
    63   1577668  160299    1.7467       1062.4
    7    338414   10559     1.8385       1039.5
    top-10: 38.1% of mass, 99.0% of excess-loss
Epoch 27: loss=1.725814  (6.40 sec, 65 subtrees, 225 chunks, 9313896 nodes)
  residual top-10 (subtree_mass × max(avg_loss − 1.726, 0)):
    rc   rootID   mass      avg_loss     score 
    1    50944    1479765   1.7570       46169.1
    39   493671   419607    1.8150       37421.1
    6    309644   167551    1.8047       13214.4
    5    300532   44208     1.9440       9643.9
    46   840714   415269    1.7427       7027.5
    63   1577668  160299    1.7458       3209.8
    40   574911   82726     1.7626       3044.3
    44   798168   118584    1.7363       1249.2
    7    338414   10559     1.8034       818.8 
    31   464280   29454     1.7323       190.8 
    top-10: 34.1% of mass, 99.8% of excess-loss
Epoch 28: loss=1.710360  (6.37 sec, 65 subtrees, 225 chunks, 9313896 nodes)
  residual top-10 (subtree_mass × max(avg_loss − 1.710, 0)):
    rc   rootID   mass      avg_loss     score 
    39   493671   419607    1.8335       51666.5
    1    50944    1479765   1.7430       48230.5
    6    309644   167551    1.8010       15190.4
    5    300532   44208     1.9174       9150.8
    46   840714   415269    1.7250       6072.4
    40   574911   82726     1.7617       4244.9
    63   1577668  160299    1.7302       3179.0
    0    1        297533    1.7184       2385.2
    44   798168   118584    1.7213       1300.2
    7    338414   10559     1.7828       764.8 
    top-10: 37.2% of mass, 99.7% of excess-loss
Epoch 29: loss=1.703808  (6.39 sec, 65 subtrees, 225 chunks, 9313896 nodes)
  residual top-10 (subtree_mass × max(avg_loss − 1.704, 0)):
    rc   rootID   mass      avg_loss     score 
    1    50944    1479765   1.7319       41626.6
    39   493671   419607    1.7891       35796.3
    46   840714   415269    1.7305       11082.2
    6    309644   167551    1.7389       5877.7
    47   915694   343840    1.7199       5533.2
    5    300532   44208     1.8040       4429.2
    40   574911   82726     1.7380       2830.8
    50   993056   244544    1.7107       1675.4
    52   1074317  367799    1.7073       1298.8
    44   798168   118584    1.7145       1265.0
    top-10: 42.8% of mass, 97.1% of excess-loss
Epoch 30: loss=1.687085  (6.36 sec, 65 subtrees, 225 chunks, 9313896 nodes)
  residual top-10 (subtree_mass × max(avg_loss − 1.687, 0)):
    rc   rootID   mass      avg_loss     score 
    39   493671   419607    1.7954       45431.1
    1    50944    1479765   1.7107       34927.2
    6    309644   167551    1.7418       9163.4
    46   840714   415269    1.7051       7470.6
    5    300532   44208     1.8175       5765.6
    50   993056   244544    1.7045       4265.2
    40   574911   82726     1.7323       3739.5
    52   1074317  367799    1.6951       2957.2
    63   1577668  160299    1.7001       2094.4
    44   798168   118584    1.6953       976.8 
    top-10: 40.7% of mass, 99.1% of excess-loss
Epoch 31: loss=1.682038  (6.47 sec, 65 subtrees, 225 chunks, 9313896 nodes)
  residual top-10 (subtree_mass × max(avg_loss − 1.682, 0)):
    rc   rootID   mass      avg_loss     score 
    1    50944    1479765   1.7223       59508.1
    39   493671   419607    1.7862       43693.9
    46   840714   415269    1.7097       11484.3
    6    309644   167551    1.7424       10115.8
    5    300532   44208     1.8093       5625.6
    47   915694   343840    1.6955       4634.8
    40   574911   82726     1.7257       3608.8
    63   1577668  160299    1.6968       2365.0
    44   798168   118584    1.6921       1195.2
    30   457660   31233     1.7020       622.4 
    top-10: 38.0% of mass, 98.9% of excess-loss
Epoch 32: loss=1.679905  (6.42 sec, 65 subtrees, 225 chunks, 9313896 nodes)
  residual top-10 (subtree_mass × max(avg_loss − 1.680, 0)):
    rc   rootID   mass      avg_loss     score 
    39   493671   419607    1.7797       41886.5
    1    50944    1479765   1.7035       34897.8
    6    309644   167551    1.7957       19409.5
    46   840714   415269    1.7039       9967.6
    5    300532   44208     1.8911       9335.0
    40   574911   82726     1.7277       3954.2
    30   457660   31233     1.7565       2392.0
    32   470512   50448     1.7187       1957.8
    44   798168   118584    1.6934       1606.1
    31   464280   29454     1.7316       1522.4
    top-10: 33.0% of mass, 96.7% of excess-loss
Epoch 33: loss=1.660245  (6.50 sec, 65 subtrees, 225 chunks, 9313896 nodes)
  residual top-10 (subtree_mass × max(avg_loss − 1.660, 0)):
    rc   rootID   mass      avg_loss     score 
    39   493671   419607    1.7753       48295.2
    1    50944    1479765   1.6902       44298.4
    6    309644   167551    1.7227       10458.7
    5    300532   44208     1.7936       5896.0
    40   574911   82726     1.7114       4232.7
    46   840714   415269    1.6700       4059.9
    32   470512   50448     1.6941       1707.3
    63   1577668  160299    1.6690       1402.8
    30   457660   31233     1.7036       1354.9
    42   614321   234101    1.6654       1200.9
    top-10: 35.9% of mass, 98.2% of excess-loss
Epoch 34: loss=1.658634  (6.50 sec, 65 subtrees, 225 chunks, 9313896 nodes)
  residual top-10 (subtree_mass × max(avg_loss − 1.659, 0)):
    rc   rootID   mass      avg_loss     score 
    39   493671   419607    1.7965       57833.2
    1    50944    1479765   1.6808       32780.2
    6    309644   167551    1.7165       9695.9
    5    300532   44208     1.7817       5439.3
    46   840714   415269    1.6712       5231.8
    40   574911   82726     1.7193       5021.4
    42   614321   234101    1.6651       1517.9
    44   798168   118584    1.6693       1267.7
    57   1329804  377747    1.6619       1251.7
    41   591555   114034    1.6652       754.0 
    top-10: 40.2% of mass, 98.7% of excess-loss
Epoch 35: loss=1.655239  (6.50 sec, 65 subtrees, 225 chunks, 9313896 nodes)
  residual top-10 (subtree_mass × max(avg_loss − 1.655, 0)):
    rc   rootID   mass      avg_loss     score 
    39   493671   419607    1.7642       45733.9
    6    309644   167551    1.9268       45505.1
    1    50944    1479765   1.6734       26841.4
    5    300532   44208     2.1596       22296.4
    46   840714   415269    1.6714       6722.8
    40   574911   82726     1.7074       4311.9
    7    338414   10559     1.8893       2471.7
    8    341198   57485     1.6828       1585.7
    44   798168   118584    1.6670       1390.2
    42   614321   234101    1.6606       1247.9
    top-10: 35.2% of mass, 98.7% of excess-loss
Epoch 36: loss=1.645592  (6.50 sec, 65 subtrees, 225 chunks, 9313896 nodes)
  residual top-10 (subtree_mass × max(avg_loss − 1.646, 0)):
    rc   rootID   mass      avg_loss     score 
    39   493671   419607    1.7568       46645.4
    1    50944    1479765   1.6764       45518.2
    6    309644   167551    1.7649       19987.9
    46   840714   415269    1.6685       9518.2
    5    300532   44208     1.8482       8958.6
    40   574911   82726     1.6977       4308.4
    63   1577668  160299    1.6611       2491.0
    44   798168   118584    1.6571       1370.5
    7    338414   10559     1.7316       907.9 
    42   614321   234101    1.6488       746.5 
    top-10: 36.4% of mass, 99.7% of excess-loss
Epoch 37: loss=1.636199  (6.52 sec, 65 subtrees, 225 chunks, 9313896 nodes)
  residual top-10 (subtree_mass × max(avg_loss − 1.636, 0)):
    rc   rootID   mass      avg_loss     score 
    39   493671   419607    1.7580       51090.5
    1    50944    1479765   1.6618       37845.5
    6    309644   167551    1.7230       14539.6
    5    300532   44208     1.8145       7883.2
    40   574911   82726     1.6923       4638.7
    46   840714   415269    1.6472       4566.0
    42   614321   234101    1.6417       1290.3
    57   1329804  377747    1.6394       1223.5
    44   798168   118584    1.6430       802.8 
    41   591555   114034    1.6430       774.4 
    top-10: 40.2% of mass, 99.1% of excess-loss
Epoch 38: loss=1.628858  (6.52 sec, 65 subtrees, 225 chunks, 9313896 nodes)
  residual top-10 (subtree_mass × max(avg_loss − 1.629, 0)):
    rc   rootID   mass      avg_loss     score 
    1    50944    1479765   1.6630       50453.3
    39   493671   419607    1.7463       49261.1
    6    309644   167551    1.6717       7179.7
    46   840714   415269    1.6433       6002.1
    40   574911   82726     1.6939       5384.0
    5    300532   44208     1.7191       3991.2
    63   1577668  160299    1.6521       3733.5
    42   614321   234101    1.6411       2869.1
    41   591555   114034    1.6450       1837.5
    44   798168   118584    1.6413       1475.1
    top-10: 37.6% of mass, 97.4% of excess-loss
Epoch 39: loss=1.630233  (6.52 sec, 65 subtrees, 225 chunks, 9313896 nodes)
  residual top-10 (subtree_mass × max(avg_loss − 1.630, 0)):
    rc   rootID   mass      avg_loss     score 
    1    50944    1479765   1.6703       59230.1
    39   493671   419607    1.7695       58419.9
    6    309644   167551    1.7148       14169.6
    5    300532   44208     1.8444       9468.9
    40   574911   82726     1.6913       5051.7
    63   1577668  160299    1.6464       2584.9
    46   840714   415269    1.6344       1717.6
    41   591555   114034    1.6370       772.5 
    42   614321   234101    1.6325       533.9 
    7    338414   10559     1.6784       508.2 
    top-10: 36.4% of mass, 99.9% of excess-loss
Epoch 40: loss=1.617264  (6.53 sec, 65 subtrees, 225 chunks, 9313896 nodes)
  residual top-10 (subtree_mass × max(avg_loss − 1.617, 0)):
    rc   rootID   mass      avg_loss     score 
    1    50944    1479765   1.6525       52108.8
    39   493671   419607    1.7270       46053.8
    6    309644   167551    1.6625       7580.5
    46   840714   415269    1.6318       6028.1
    40   574911   82726     1.6701       4369.6
    5    300532   44208     1.7062       3930.7
    63   1577668  160299    1.6326       2457.1
    0    1        297533    1.6227       1632.1
    32   470512   50448     1.6422       1260.5
    42   614321   234101    1.6221       1123.4
    top-10: 39.0% of mass, 97.3% of excess-loss
Epoch 41: loss=1.607020  (6.49 sec, 65 subtrees, 225 chunks, 9313896 nodes)
  residual top-10 (subtree_mass × max(avg_loss − 1.607, 0)):
    rc   rootID   mass      avg_loss     score 
    39   493671   419607    1.7198       47343.3
    1    50944    1479765   1.6362       43119.8
    6    309644   167551    1.6546       7973.5
    46   840714   415269    1.6242       7123.9
    5    300532   44208     1.7137       4718.0
    40   574911   82726     1.6600       4380.7
    63   1577668  160299    1.6278       3335.9
    42   614321   234101    1.6137       1561.5
    44   798168   118584    1.6176       1257.7
    41   591555   114034    1.6150       912.0 
    top-10: 37.6% of mass, 99.7% of excess-loss
Epoch 42: loss=1.611132  (6.53 sec, 65 subtrees, 225 chunks, 9313896 nodes)
  residual top-10 (subtree_mass × max(avg_loss − 1.611, 0)):
    rc   rootID   mass      avg_loss     score 
    39   493671   419607    1.7511       58726.9
    1    50944    1479765   1.6449       49928.0
    6    309644   167551    1.6496       6452.4
    40   574911   82726     1.6756       5332.0
    46   840714   415269    1.6226       4766.5
    5    300532   44208     1.6930       3617.0
    63   1577668  160299    1.6247       2180.9
    58   1402652  543420    1.6150       2123.3
    42   614321   234101    1.6201       2109.8
    57   1329804  377747    1.6153       1563.8
    top-10: 45.6% of mass, 97.6% of excess-loss
Epoch 43: loss=1.606305  (6.52 sec, 65 subtrees, 225 chunks, 9313896 nodes)
  residual top-10 (subtree_mass × max(avg_loss − 1.606, 0)):
    rc   rootID   mass      avg_loss     score 
    1    50944    1479765   1.6507       65695.7
    39   493671   419607    1.7171       46499.5
    6    309644   167551    1.6960       15031.8
    5    300532   44208     1.7737       7401.2
    46   840714   415269    1.6201       5724.9
    40   574911   82726     1.6604       4478.1
    63   1577668  160299    1.6310       3963.3
    0    1        297533    1.6124       1816.0
    42   614321   234101    1.6108       1041.6
    41   591555   114034    1.6129       748.7 
    top-10: 39.7% of mass, 99.2% of excess-loss
Epoch 44: loss=1.596231  (6.53 sec, 65 subtrees, 225 chunks, 9313896 nodes)
  residual top-10 (subtree_mass × max(avg_loss − 1.596, 0)):
    rc   rootID   mass      avg_loss     score 
    1    50944    1479765   1.6326       53757.1
    39   493671   419607    1.7176       50941.1
    6    309644   167551    1.6441       8028.4
    46   840714   415269    1.6104       5876.4
    5    300532   44208     1.7109       5070.3
    40   574911   82726     1.6554       4893.3
    42   614321   234101    1.6041       1837.1
    0    1        297533    1.6006       1302.0
    41   591555   114034    1.6060       1116.0
    44   798168   118584    1.6039       905.0 
    top-10: 39.2% of mass, 99.0% of excess-loss
Epoch 45: loss=1.591418  (6.53 sec, 65 subtrees, 225 chunks, 9313896 nodes)
  residual top-10 (subtree_mass × max(avg_loss − 1.591, 0)):
    rc   rootID   mass      avg_loss     score 
    39   493671   419607    1.7122       50663.6
    1    50944    1479765   1.6210       43727.3
    6    309644   167551    1.6274       6024.1
    46   840714   415269    1.6058       5972.3
    40   574911   82726     1.6482       4697.2
    5    300532   44208     1.6733       3617.6
    63   1577668  160299    1.6108       3108.0
    58   1402652  543420    1.5961       2545.0
    42   614321   234101    1.5985       1667.3
    57   1329804  377747    1.5956       1596.4
    top-10: 45.6% of mass, 97.7% of excess-loss
Epoch 46: loss=1.585792  (6.53 sec, 65 subtrees, 225 chunks, 9313896 nodes)
  residual top-10 (subtree_mass × max(avg_loss − 1.586, 0)):
    rc   rootID   mass      avg_loss     score 
    1    50944    1479765   1.6222       53864.9
    39   493671   419607    1.7007       48201.4
    6    309644   167551    1.6382       8774.9
    46   840714   415269    1.6042       7652.9
    5    300532   44208     1.6916       4677.2
    40   574911   82726     1.6391       4413.4
    63   1577668  160299    1.5991       2138.6
    42   614321   234101    1.5918       1410.1
    44   798168   118584    1.5961       1222.2
    41   591555   114034    1.5937       901.2 
    top-10: 37.6% of mass, 99.6% of excess-loss
Epoch 47: loss=1.584975  (6.51 sec, 65 subtrees, 225 chunks, 9313896 nodes)
  residual top-10 (subtree_mass × max(avg_loss − 1.585, 0)):
    rc   rootID   mass      avg_loss     score 
    39   493671   419607    1.7253       58896.6
    1    50944    1479765   1.6149       44341.5
    6    309644   167551    1.6252       6744.2
    46   840714   415269    1.5998       6163.9
    40   574911   82726     1.6501       5388.0
    10   349444   84126     1.6472       5234.0
    5    300532   44208     1.6748       3972.0
    42   614321   234101    1.5966       2728.8
    11   364300   27722     1.6570       1996.4
    41   591555   114034    1.5992       1623.3
    top-10: 35.7% of mass, 98.7% of excess-loss
Epoch 48: loss=1.578088  (6.51 sec, 65 subtrees, 225 chunks, 9313896 nodes)
  residual top-10 (subtree_mass × max(avg_loss − 1.578, 0)):
    rc   rootID   mass      avg_loss     score 
    39   493671   419607    1.7183       58817.0
    1    50944    1479765   1.6123       50669.5
    46   840714   415269    1.5953       7146.7
    6    309644   167551    1.6131       5865.4
    40   574911   82726     1.6471       5712.5
    63   1577668  160299    1.6029       3981.7
    5    300532   44208     1.6563       3459.5
    42   614321   234101    1.5923       3317.3
    41   591555   114034    1.5979       2256.6
    44   798168   118584    1.5917       1610.6
    top-10: 37.6% of mass, 99.9% of excess-loss
Epoch 49: loss=1.577924  (6.52 sec, 65 subtrees, 225 chunks, 9313896 nodes)
  residual top-10 (subtree_mass × max(avg_loss − 1.578, 0)):
    rc   rootID   mass      avg_loss     score 
    39   493671   419607    1.7297       63705.4
    1    50944    1479765   1.6175       58618.0
    46   840714   415269    1.5951       7145.8
    40   574911   82726     1.6530       6211.8
    6    309644   167551    1.6002       3731.1
    42   614321   234101    1.5908       3021.8
    5    300532   44208     1.6337       2464.2
    41   591555   114034    1.5990       2402.4
    63   1577668  160299    1.5876       1554.6
    44   798168   118584    1.5895       1367.4
    top-10: 37.6% of mass, 99.1% of excess-loss
Epoch 50: loss=1.573297  (6.51 sec, 65 subtrees, 225 chunks, 9313896 nodes)
  residual top-10 (subtree_mass × max(avg_loss − 1.573, 0)):
    rc   rootID   mass      avg_loss     score 
    1    50944    1479765   1.6103       54696.5
    39   493671   419607    1.6988       52660.9
    46   840714   415269    1.5970       9842.5
    6    309644   167551    1.6105       6229.8
    40   574911   82726     1.6361       5192.2
    5    300532   44208     1.6546       3593.3
    42   614321   234101    1.5829       2238.7
    41   591555   114034    1.5867       1526.7
    44   798168   118584    1.5855       1452.3
    63   1577668  160299    1.5785       829.3 
    top-10: 37.6% of mass, 99.5% of excess-loss
Epoch 51: loss=1.563939  (6.53 sec, 65 subtrees, 225 chunks, 9313896 nodes)
  residual top-10 (subtree_mass × max(avg_loss − 1.564, 0)):
    rc   rootID   mass      avg_loss     score 
    39   493671   419607    1.6846       50635.0
    1    50944    1479765   1.5955       46677.2
    46   840714   415269    1.5843       8476.0
    6    309644   167551    1.6024       6440.4
    40   574911   82726     1.6247       5027.6
    5    300532   44208     1.6343       3108.9
    42   614321   234101    1.5752       2632.3
    63   1577668  160299    1.5756       1876.2
    41   591555   114034    1.5778       1583.6
    44   798168   118584    1.5765       1483.8
    top-10: 37.6% of mass, 98.5% of excess-loss
Epoch 52: loss=1.561852  (6.53 sec, 65 subtrees, 225 chunks, 9313896 nodes)
  residual top-10 (subtree_mass × max(avg_loss − 1.562, 0)):
    rc   rootID   mass      avg_loss     score 
    39   493671   419607    1.6887       53216.3
    1    50944    1479765   1.5930       46083.0
    46   840714   415269    1.5802       7629.5
    6    309644   167551    1.5959       5704.8
    40   574911   82726     1.6257       5282.4
    58   1402652  543420    1.5679       3282.9
    5    300532   44208     1.6323       3116.2
    63   1577668  160299    1.5789       2732.0
    42   614321   234101    1.5730       2607.5
    57   1329804  377747    1.5675       2116.8
    top-10: 45.6% of mass, 97.6% of excess-loss
Epoch 53: loss=1.558550  (6.54 sec, 65 subtrees, 225 chunks, 9313896 nodes)
  residual top-10 (subtree_mass × max(avg_loss − 1.559, 0)):
    rc   rootID   mass      avg_loss     score 
    39   493671   419607    1.6964       57844.3
    1    50944    1479765   1.5934       51614.3
    46   840714   415269    1.5771       7685.4
    6    309644   167551    1.5961       6283.7
    40   574911   82726     1.6269       5654.4
    5    300532   44208     1.6396       3584.7
    42   614321   234101    1.5707       2840.2
    41   591555   114034    1.5759       1982.6
    44   798168   118584    1.5705       1422.5
    63   1577668  160299    1.5660       1186.4
    top-10: 37.6% of mass, 98.6% of excess-loss
Epoch 54: loss=1.555808  (6.52 sec, 65 subtrees, 225 chunks, 9313896 nodes)
  residual top-10 (subtree_mass × max(avg_loss − 1.556, 0)):
    rc   rootID   mass      avg_loss     score 
    39   493671   419607    1.6900       56317.1
    1    50944    1479765   1.5844       42354.6
    46   840714   415269    1.5798       9982.6
    6    309644   167551    1.5907       5852.7
    40   574911   82726     1.6221       5484.1
    5    300532   44208     1.6279       3188.8
    42   614321   234101    1.5688       3034.2
    41   591555   114034    1.5726       1913.6
    44   798168   118584    1.5704       1730.7
    63   1577668  160299    1.5663       1688.5
    top-10: 37.6% of mass, 99.6% of excess-loss
Epoch 55: loss=1.549525  (6.53 sec, 65 subtrees, 225 chunks, 9313896 nodes)
  residual top-10 (subtree_mass × max(avg_loss − 1.550, 0)):
    rc   rootID   mass      avg_loss     score 
    39   493671   419607    1.6709       50916.3
    1    50944    1479765   1.5797       44641.3
    46   840714   415269    1.5732       9851.4
    40   574911   82726     1.6141       5341.0
    6    309644   167551    1.5813       5330.5
    42   614321   234101    1.5649       3600.3
    5    300532   44208     1.6096       2655.3
    58   1402652  543420    1.5541       2477.4
    41   591555   114034    1.5687       2190.4
    63   1577668  160299    1.5617       1945.1
    top-10: 42.6% of mass, 97.1% of excess-loss
Epoch 56: loss=1.551289  (6.51 sec, 65 subtrees, 225 chunks, 9313896 nodes)
  residual top-10 (subtree_mass × max(avg_loss − 1.551, 0)):
    rc   rootID   mass      avg_loss     score 
    39   493671   419607    1.6926       59289.1
    1    50944    1479765   1.5866       52303.8
    46   840714   415269    1.5734       9191.1
    40   574911   82726     1.6233       5956.2
    6    309644   167551    1.5816       5076.2
    42   614321   234101    1.5670       3675.8
    5    300532   44208     1.6147       2802.9
    41   591555   114034    1.5720       2364.4
    44   798168   118584    1.5657       1713.4
    58   1402652  543420    1.5537       1307.7
    top-10: 42.1% of mass, 99.2% of excess-loss
Epoch 57: loss=1.544626  (6.51 sec, 65 subtrees, 225 chunks, 9313896 nodes)
  residual top-10 (subtree_mass × max(avg_loss − 1.545, 0)):
    rc   rootID   mass      avg_loss     score 
    39   493671   419607    1.6696       52439.0
    1    50944    1479765   1.5722       40819.8
    46   840714   415269    1.5701       10578.3
    6    309644   167551    1.5801       5944.1
    40   574911   82726     1.6140       5735.4
    42   614321   234101    1.5611       3863.2
    5    300532   44208     1.6068       2750.6
    41   591555   114034    1.5664       2478.9
    58   1402652  543420    1.5491       2450.4
    44   798168   118584    1.5619       2051.6
    top-10: 42.1% of mass, 97.3% of excess-loss
Epoch 58: loss=1.540829  (6.50 sec, 65 subtrees, 225 chunks, 9313896 nodes)
  residual top-10 (subtree_mass × max(avg_loss − 1.541, 0)):
    rc   rootID   mass      avg_loss     score 
    39   493671   419607    1.6679       53332.2
    1    50944    1479765   1.5696       42628.2
    46   840714   415269    1.5650       10032.7
    6    309644   167551    1.5773       6110.0
    40   574911   82726     1.6083       5578.1
    42   614321   234101    1.5580       4009.7
    5    300532   44208     1.6089       3010.7
    58   1402652  543420    1.5456       2567.2
    41   591555   114034    1.5617       2384.5
    44   798168   118584    1.5582       2055.0
    top-10: 42.1% of mass, 97.3% of excess-loss
Epoch 59: loss=1.541856  (6.51 sec, 65 subtrees, 225 chunks, 9313896 nodes)
  residual top-10 (subtree_mass × max(avg_loss − 1.542, 0)):
    rc   rootID   mass      avg_loss     score 
    39   493671   419607    1.6669       52479.1
    1    50944    1479765   1.5699       41460.0
    46   840714   415269    1.5657       9895.1
    6    309644   167551    1.5838       7029.9
    40   574911   82726     1.6098       5622.5
    42   614321   234101    1.5583       3840.6
    5    300532   44208     1.6202       3462.3
    58   1402652  543420    1.5468       2703.3
    41   591555   114034    1.5623       2326.7
    44   798168   118584    1.5584       1959.7
    top-10: 42.1% of mass, 97.7% of excess-loss
Epoch 60: loss=1.546381  (6.52 sec, 65 subtrees, 225 chunks, 9313896 nodes)
  residual top-10 (subtree_mass × max(avg_loss − 1.546, 0)):
    rc   rootID   mass      avg_loss     score 
    39   493671   419607    1.6612       48199.0
    6    309644   167551    1.7468       33587.4
    1    50944    1479765   1.5665       29752.6
    5    300532   44208     1.9309       16998.4
    46   840714   415269    1.5646       7578.9
    40   574911   82726     1.6073       5043.5
    42   614321   234101    1.5576       2622.0
    41   591555   114034    1.5621       1796.8
    44   798168   118584    1.5586       1443.1
    7    338414   10559     1.6489       1082.7
    top-10: 35.9% of mass, 99.6% of excess-loss
Epoch 61: loss=1.535354  (6.52 sec, 65 subtrees, 225 chunks, 9313896 nodes)
  residual top-10 (subtree_mass × max(avg_loss − 1.535, 0)):
    rc   rootID   mass      avg_loss     score 
    39   493671   419607    1.6550       50203.9
    1    50944    1479765   1.5627       40432.6
    46   840714   415269    1.5606       10482.5
    6    309644   167551    1.5872       8695.2
    40   574911   82726     1.6010       5431.3
    5    300532   44208     1.6356       4432.0
    42   614321   234101    1.5523       3965.4
    58   1402652  543420    1.5418       3528.8
    57   1329804  377747    1.5419       2454.8
    41   591555   114034    1.5557       2324.7
    top-10: 45.1% of mass, 97.2% of excess-loss
Epoch 62: loss=1.530642  (6.50 sec, 65 subtrees, 225 chunks, 9313896 nodes)
  residual top-10 (subtree_mass × max(avg_loss − 1.531, 0)):
    rc   rootID   mass      avg_loss     score 
    39   493671   419607    1.6458       48302.9
    1    50944    1479765   1.5587       41591.1
    46   840714   415269    1.5566       10799.0
    40   574911   82726     1.5991       5663.1
    58   1402652  543420    1.5396       4890.2
    6    309644   167551    1.5598       4877.5
    42   614321   234101    1.5489       4273.5
    57   1329804  377747    1.5398       3476.5
    41   591555   114034    1.5533       2583.8
    5    300532   44208     1.5870       2491.6
    top-10: 45.1% of mass, 95.9% of excess-loss
Epoch 63: loss=1.527919  (6.50 sec, 65 subtrees, 225 chunks, 9313896 nodes)
  residual top-10 (subtree_mass × max(avg_loss − 1.528, 0)):
    rc   rootID   mass      avg_loss     score 
    39   493671   419607    1.6412       47516.2
    1    50944    1479765   1.5579       44315.7
    46   840714   415269    1.5546       11096.0
    40   574911   82726     1.5939       5457.7
    58   1402652  543420    1.5370       4930.3
    6    309644   167551    1.5556       4639.5
    42   614321   234101    1.5461       4267.6
    57   1329804  377747    1.5373       3542.2
    41   591555   114034    1.5497       2480.2
    44   798168   118584    1.5473       2303.0
    top-10: 46.0% of mass, 95.6% of excess-loss
Epoch 64: loss=1.524527  (6.52 sec, 65 subtrees, 225 chunks, 9313896 nodes)
  residual top-10 (subtree_mass × max(avg_loss − 1.525, 0)):
    rc   rootID   mass      avg_loss     score 
    39   493671   419607    1.6353       46483.4
    1    50944    1479765   1.5531       42276.5
    46   840714   415269    1.5528       11760.9
    58   1402652  543420    1.5345       5429.5
    40   574911   82726     1.5895       5373.3
    6    309644   167551    1.5521       4613.0
    42   614321   234101    1.5430       4320.8
    57   1329804  377747    1.5343       3695.5
    41   591555   114034    1.5460       2444.7
    44   798168   118584    1.5449       2413.2
    top-10: 46.0% of mass, 94.9% of excess-loss
Epoch 65: loss=1.522366  (6.52 sec, 65 subtrees, 225 chunks, 9313896 nodes)
  residual top-10 (subtree_mass × max(avg_loss − 1.522, 0)):
    rc   rootID   mass      avg_loss     score 
    39   493671   419607    1.6362       47749.2
    1    50944    1479765   1.5506       41799.1
    46   840714   415269    1.5504       11627.3
    40   574911   82726     1.5887       5484.0
    58   1402652  543420    1.5324       5464.3
    42   614321   234101    1.5412       4402.1
    6    309644   167551    1.5480       4288.3
    57   1329804  377747    1.5326       3868.8
    41   591555   114034    1.5443       2498.4
    44   798168   118584    1.5427       2417.1
    top-10: 46.0% of mass, 94.6% of excess-loss
Epoch 66: loss=1.520123  (6.50 sec, 65 subtrees, 225 chunks, 9313896 nodes)
  residual top-10 (subtree_mass × max(avg_loss − 1.520, 0)):
    rc   rootID   mass      avg_loss     score 
    39   493671   419607    1.6280       45258.1
    1    50944    1479765   1.5485       42015.6
    46   840714   415269    1.5494       12149.7
    58   1402652  543420    1.5312       6010.2
    40   574911   82726     1.5856       5420.3
    42   614321   234101    1.5402       4710.7
    6    309644   167551    1.5451       4179.0
    57   1329804  377747    1.5311       4136.1
    41   591555   114034    1.5430       2603.1
    44   798168   118584    1.5415       2529.9
    top-10: 46.0% of mass, 94.1% of excess-loss
Epoch 67: loss=1.517673  (6.51 sec, 65 subtrees, 225 chunks, 9313896 nodes)
  residual top-10 (subtree_mass × max(avg_loss − 1.518, 0)):
    rc   rootID   mass      avg_loss     score 
    39   493671   419607    1.6240       44634.1
    1    50944    1479765   1.5462       42208.5
    46   840714   415269    1.5471       12231.0
    58   1402652  543420    1.5293       6325.8
    40   574911   82726     1.5837       5459.2
    42   614321   234101    1.5379       4738.2
    57   1329804  377747    1.5292       4351.4
    6    309644   167551    1.5428       4217.8
    43   660187   735168    1.5215       2848.4
    41   591555   114034    1.5412       2681.7
    top-10: 53.1% of mass, 93.7% of excess-loss
Epoch 68: loss=1.515337  (6.50 sec, 65 subtrees, 225 chunks, 9313896 nodes)
  residual top-10 (subtree_mass × max(avg_loss − 1.515, 0)):
    rc   rootID   mass      avg_loss     score 
    1    50944    1479765   1.5441       42583.3
    39   493671   419607    1.6150       41838.0
    46   840714   415269    1.5457       12621.8
    58   1402652  543420    1.5280       6855.2
    40   574911   82726     1.5797       5328.2
    42   614321   234101    1.5358       4785.6
    57   1329804  377747    1.5276       4620.6
    6    309644   167551    1.5406       4232.7
    43   660187   735168    1.5196       3105.5
    41   591555   114034    1.5389       2691.3
    top-10: 53.1% of mass, 93.0% of excess-loss
Epoch 69: loss=1.513387  (6.54 sec, 65 subtrees, 225 chunks, 9313896 nodes)
  residual top-10 (subtree_mass × max(avg_loss − 1.513, 0)):
    rc   rootID   mass      avg_loss     score 
    1    50944    1479765   1.5424       42875.4
    39   493671   419607    1.6109       40912.6
    46   840714   415269    1.5440       12707.7
    58   1402652  543420    1.5264       7049.5
    40   574911   82726     1.5791       5437.1
    42   614321   234101    1.5341       4858.3
    57   1329804  377747    1.5258       4681.1
    6    309644   167551    1.5374       4019.0
    43   660187   735168    1.5184       3679.7
    41   591555   114034    1.5378       2784.8
    top-10: 53.1% of mass, 93.2% of excess-loss
Epoch 70: loss=1.511405  (6.51 sec, 65 subtrees, 225 chunks, 9313896 nodes)
  residual top-10 (subtree_mass × max(avg_loss − 1.511, 0)):
    rc   rootID   mass      avg_loss     score 
    1    50944    1479765   1.5396       41671.4
    39   493671   419607    1.6098       41268.5
    46   840714   415269    1.5429       13071.0
    58   1402652  543420    1.5248       7298.3
    40   574911   82726     1.5769       5416.8
    42   614321   234101    1.5328       5017.8
    57   1329804  377747    1.5241       4813.3
    43   660187   735168    1.5170       4125.3
    6    309644   167551    1.5352       3994.4
    41   591555   114034    1.5365       2867.3
    top-10: 53.1% of mass, 93.0% of excess-loss
Epoch 71: loss=1.509500  (6.49 sec, 65 subtrees, 225 chunks, 9313896 nodes)
  residual top-10 (subtree_mass × max(avg_loss − 1.509, 0)):
    rc   rootID   mass      avg_loss     score 
    1    50944    1479765   1.5376       41560.1
    39   493671   419607    1.6029       39174.5
    46   840714   415269    1.5415       13298.5
    58   1402652  543420    1.5236       7665.0
    40   574911   82726     1.5750       5421.8
    57   1329804  377747    1.5229       5073.4
    42   614321   234101    1.5311       5063.2
    43   660187   735168    1.5156       4494.0
    6    309644   167551    1.5334       4001.3
    44   798168   118584    1.5340       2901.7
    top-10: 53.2% of mass, 92.5% of excess-loss
Epoch 72: loss=1.508086  (6.51 sec, 65 subtrees, 225 chunks, 9313896 nodes)
  residual top-10 (subtree_mass × max(avg_loss − 1.508, 0)):
    rc   rootID   mass      avg_loss     score 
    1    50944    1479765   1.5360       41353.6
    39   493671   419607    1.6014       39167.4
    46   840714   415269    1.5406       13487.4
    58   1402652  543420    1.5227       7942.9
    40   574911   82726     1.5733       5396.4
    42   614321   234101    1.5300       5134.1
    57   1329804  377747    1.5216       5100.2
    43   660187   735168    1.5146       4810.7
    6    309644   167551    1.5317       3962.9
    44   798168   118584    1.5330       2958.9
    top-10: 53.2% of mass, 92.6% of excess-loss
Epoch 73: loss=1.506564  (6.52 sec, 65 subtrees, 225 chunks, 9313896 nodes)
  residual top-10 (subtree_mass × max(avg_loss − 1.507, 0)):
    rc   rootID   mass      avg_loss     score 
    1    50944    1479765   1.5345       41269.9
    39   493671   419607    1.5963       37657.3
    46   840714   415269    1.5397       13759.6
    58   1402652  543420    1.5217       8216.2
    40   574911   82726     1.5723       5442.2
    57   1329804  377747    1.5206       5319.4
    42   614321   234101    1.5290       5256.8
    43   660187   735168    1.5137       5244.8
    6    309644   167551    1.5301       3950.3
    44   798168   118584    1.5323       3051.5
    top-10: 53.2% of mass, 92.3% of excess-loss
Epoch 74: loss=1.505073  (6.51 sec, 65 subtrees, 225 chunks, 9313896 nodes)
  residual top-10 (subtree_mass × max(avg_loss − 1.505, 0)):
    rc   rootID   mass      avg_loss     score 
    1    50944    1479765   1.5327       40910.0
    39   493671   419607    1.5940       37332.6
    46   840714   415269    1.5387       13964.9
    58   1402652  543420    1.5207       8473.9
    43   660187   735168    1.5127       5589.1
    40   574911   82726     1.5705       5411.9
    57   1329804  377747    1.5193       5360.8
    42   614321   234101    1.5278       5327.2
    6    309644   167551    1.5280       3841.5
    44   798168   118584    1.5312       3103.7
    top-10: 53.2% of mass, 92.2% of excess-loss
Epoch 75: loss=1.503673  (6.50 sec, 65 subtrees, 225 chunks, 9313896 nodes)
  residual top-10 (subtree_mass × max(avg_loss − 1.504, 0)):
    rc   rootID   mass      avg_loss     score 
    1    50944    1479765   1.5314       41038.8
    39   493671   419607    1.5888       35720.6
    46   840714   415269    1.5378       14159.0
    58   1402652  543420    1.5200       8860.1
    43   660187   735168    1.5118       5995.0
    57   1329804  377747    1.5185       5612.1
    40   574911   82726     1.5700       5484.3
    42   614321   234101    1.5268       5420.6
    6    309644   167551    1.5270       3907.9
    44   798168   118584    1.5305       3182.0
    top-10: 53.2% of mass, 92.0% of excess-loss
Epoch 76: loss=1.502209  (6.53 sec, 65 subtrees, 225 chunks, 9313896 nodes)
  residual top-10 (subtree_mass × max(avg_loss − 1.502, 0)):
    rc   rootID   mass      avg_loss     score 
    1    50944    1479765   1.5299       40966.3
    39   493671   419607    1.5828       33813.7
    46   840714   415269    1.5369       14421.9
    58   1402652  543420    1.5194       9320.9
    43   660187   735168    1.5108       6340.8
    57   1329804  377747    1.5177       5850.2
    42   614321   234101    1.5256       5471.9
    40   574911   82726     1.5676       5413.5
    6    309644   167551    1.5252       3856.4
    52   1074317  367799    1.5111       3276.5
    top-10: 56.1% of mass, 91.7% of excess-loss
Epoch 77: loss=1.500894  (6.53 sec, 65 subtrees, 225 chunks, 9313896 nodes)
  residual top-10 (subtree_mass × max(avg_loss − 1.501, 0)):
    rc   rootID   mass      avg_loss     score 
    1    50944    1479765   1.5290       41604.4
    39   493671   419607    1.5788       32708.1
    46   840714   415269    1.5360       14576.2
    58   1402652  543420    1.5186       9613.6
    43   660187   735168    1.5099       6657.4
    57   1329804  377747    1.5168       6025.1
    42   614321   234101    1.5246       5559.8
    40   574911   82726     1.5666       5434.3
    6    309644   167551    1.5242       3908.3
    52   1074317  367799    1.5103       3475.7
    top-10: 56.1% of mass, 91.7% of excess-loss
Epoch 78: loss=1.499608  (6.55 sec, 65 subtrees, 225 chunks, 9313896 nodes)
  residual top-10 (subtree_mass × max(avg_loss − 1.500, 0)):
    rc   rootID   mass      avg_loss     score 
    1    50944    1479765   1.5275       41252.8
    39   493671   419607    1.5742       31280.9
    46   840714   415269    1.5354       14851.0
    58   1402652  543420    1.5180       10001.3
    43   660187   735168    1.5091       6957.3
    57   1329804  377747    1.5160       6208.2
    42   614321   234101    1.5235       5587.2
    40   574911   82726     1.5652       5428.1
    6    309644   167551    1.5228       3892.2
    52   1074317  367799    1.5096       3691.2
    top-10: 56.1% of mass, 91.3% of excess-loss
Epoch 79: loss=1.498688  (6.56 sec, 65 subtrees, 225 chunks, 9313896 nodes)
  residual top-10 (subtree_mass × max(avg_loss − 1.499, 0)):
    rc   rootID   mass      avg_loss     score 
    1    50944    1479765   1.5265       41121.7
    39   493671   419607    1.5718       30690.3
    46   840714   415269    1.5349       15025.4
    58   1402652  543420    1.5176       10278.1
    43   660187   735168    1.5086       7314.1
    57   1329804  377747    1.5155       6367.4
    42   614321   234101    1.5230       5689.7
    40   574911   82726     1.5640       5401.6
    52   1074317  367799    1.5092       3876.9
    6    309644   167551    1.5216       3835.8
    top-10: 56.1% of mass, 91.1% of excess-loss
Epoch 80: loss=1.497629  (6.58 sec, 65 subtrees, 225 chunks, 9313896 nodes)
  residual top-10 (subtree_mass × max(avg_loss − 1.498, 0)):
    rc   rootID   mass      avg_loss     score 
    1    50944    1479765   1.5255       41247.5
    39   493671   419607    1.5671       29168.2
    46   840714   415269    1.5343       15245.7
    58   1402652  543420    1.5171       10584.1
    43   660187   735168    1.5080       7626.2
    57   1329804  377747    1.5149       6514.3
    42   614321   234101    1.5222       5760.3
    40   574911   82726     1.5626       5376.7
    52   1074317  367799    1.5087       4088.2
    6    309644   167551    1.5206       3841.0
    top-10: 56.1% of mass, 90.7% of excess-loss
Epoch 81: loss=1.496710  (6.76 sec, 65 subtrees, 225 chunks, 9313896 nodes)
  residual top-10 (subtree_mass × max(avg_loss − 1.497, 0)):
    rc   rootID   mass      avg_loss     score 
    1    50944    1479765   1.5248       41517.8
    39   493671   419607    1.5630       27820.1
    46   840714   415269    1.5339       15432.2
    58   1402652  543420    1.5167       10869.0
    43   660187   735168    1.5074       7872.9
    57   1329804  377747    1.5144       6696.7
    42   614321   234101    1.5217       5857.6
    40   574911   82726     1.5617       5372.4
    52   1074317  367799    1.5082       4244.1
    6    309644   167551    1.5199       3889.2
    top-10: 56.1% of mass, 90.4% of excess-loss
Epoch 82: loss=1.495674  (6.36 sec, 65 subtrees, 225 chunks, 9313896 nodes)
  residual top-10 (subtree_mass × max(avg_loss − 1.496, 0)):
    rc   rootID   mass      avg_loss     score 
    1    50944    1479765   1.5237       41447.1
    39   493671   419607    1.5582       26234.9
    46   840714   415269    1.5334       15658.9
    58   1402652  543420    1.5164       11271.9
    43   660187   735168    1.5068       8193.4
    57   1329804  377747    1.5140       6927.6
    42   614321   234101    1.5208       5893.3
    40   574911   82726     1.5600       5322.0
    52   1074317  367799    1.5079       4486.4
    6    309644   167551    1.5190       3905.3
    top-10: 56.1% of mass, 90.0% of excess-loss
Epoch 83: loss=1.494857  (6.33 sec, 65 subtrees, 225 chunks, 9313896 nodes)
  residual top-10 (subtree_mass × max(avg_loss − 1.495, 0)):
    rc   rootID   mass      avg_loss     score 
    1    50944    1479765   1.5227       41248.5
    39   493671   419607    1.5546       25087.9
    46   840714   415269    1.5331       15879.2
    58   1402652  543420    1.5162       11603.8
    43   660187   735168    1.5063       8406.1
    57   1329804  377747    1.5136       7079.6
    42   614321   234101    1.5202       5934.4
    40   574911   82726     1.5587       5283.1
    52   1074317  367799    1.5076       4673.3
    6    309644   167551    1.5183       3923.0
    top-10: 56.1% of mass, 89.6% of excess-loss
Epoch 84: loss=1.494090  (6.32 sec, 65 subtrees, 225 chunks, 9313896 nodes)
  residual top-10 (subtree_mass × max(avg_loss − 1.494, 0)):
    rc   rootID   mass      avg_loss     score 
    1    50944    1479765   1.5221       41434.9
    39   493671   419607    1.5508       23806.3
    46   840714   415269    1.5327       16017.9
    58   1402652  543420    1.5160       11886.9
    43   660187   735168    1.5058       8604.0
    57   1329804  377747    1.5132       7230.4
    42   614321   234101    1.5195       5951.1
    40   574911   82726     1.5572       5221.9
    52   1074317  367799    1.5073       4857.7
    6    309644   167551    1.5175       3917.2
    top-10: 56.1% of mass, 89.2% of excess-loss
Epoch 85: loss=1.493443  (6.33 sec, 65 subtrees, 225 chunks, 9313896 nodes)
  residual top-10 (subtree_mass × max(avg_loss − 1.493, 0)):
    rc   rootID   mass      avg_loss     score 
    1    50944    1479765   1.5212       41129.4
    39   493671   419607    1.5475       22677.4
    46   840714   415269    1.5326       16268.3
    58   1402652  543420    1.5159       12183.8
    43   660187   735168    1.5053       8750.7
    57   1329804  377747    1.5131       7440.3
    42   614321   234101    1.5190       5990.8
    40   574911   82726     1.5562       5192.6
    52   1074317  367799    1.5072       5041.5
    47   915694   343840    1.5053       4070.8
    top-10: 58.1% of mass, 89.0% of excess-loss
Epoch 86: loss=1.492884  (6.32 sec, 65 subtrees, 225 chunks, 9313896 nodes)
  residual top-10 (subtree_mass × max(avg_loss − 1.493, 0)):
    rc   rootID   mass      avg_loss     score 
    1    50944    1479765   1.5208       41356.2
    39   493671   419607    1.5445       21672.8
    46   840714   415269    1.5323       16363.2
    58   1402652  543420    1.5159       12493.0
    43   660187   735168    1.5049       8819.6
    57   1329804  377747    1.5128       7535.7
    42   614321   234101    1.5186       6021.6
    52   1074317  367799    1.5070       5186.0
    40   574911   82726     1.5547       5111.3
    47   915694   343840    1.5051       4187.4
    top-10: 58.1% of mass, 88.8% of excess-loss
Epoch 87: loss=1.492356  (6.36 sec, 65 subtrees, 225 chunks, 9313896 nodes)
  residual top-10 (subtree_mass × max(avg_loss − 1.492, 0)):
    rc   rootID   mass      avg_loss     score 
    1    50944    1479765   1.5202       41153.5
    39   493671   419607    1.5411       20436.7
    46   840714   415269    1.5322       16556.9
    58   1402652  543420    1.5159       12767.9
    43   660187   735168    1.5046       9015.0
    57   1329804  377747    1.5128       7726.8
    42   614321   234101    1.5182       6038.7
    52   1074317  367799    1.5069       5360.4
    40   574911   82726     1.5534       5047.7
    47   915694   343840    1.5051       4394.4
    top-10: 58.1% of mass, 88.5% of excess-loss
Epoch 88: loss=1.491868  (6.32 sec, 65 subtrees, 225 chunks, 9313896 nodes)
  residual top-10 (subtree_mass × max(avg_loss − 1.492, 0)):
    rc   rootID   mass      avg_loss     score 
    1    50944    1479765   1.5198       41341.0
    39   493671   419607    1.5378       19276.1
    46   840714   415269    1.5321       16698.6
    58   1402652  543420    1.5159       13040.9
    43   660187   735168    1.5042       9072.1
    57   1329804  377747    1.5128       7894.2
    42   614321   234101    1.5173       5947.7
    52   1074317  367799    1.5068       5496.0
    40   574911   82726     1.5517       4948.5
    47   915694   343840    1.5051       4546.8
    top-10: 58.1% of mass, 88.3% of excess-loss
Epoch 89: loss=1.491457  (6.33 sec, 65 subtrees, 225 chunks, 9313896 nodes)
  residual top-10 (subtree_mass × max(avg_loss − 1.491, 0)):
    rc   rootID   mass      avg_loss     score 
    1    50944    1479765   1.5195       41535.7
    39   493671   419607    1.5347       18144.7
    46   840714   415269    1.5321       16860.6
    58   1402652  543420    1.5160       13314.1
    43   660187   735168    1.5039       9143.5
    57   1329804  377747    1.5127       8009.2
    42   614321   234101    1.5170       5968.5
    52   1074317  367799    1.5069       5684.2
    40   574911   82726     1.5504       4872.7
    47   915694   343840    1.5050       4670.4
    top-10: 58.1% of mass, 88.2% of excess-loss
Epoch 90: loss=1.491098  (6.34 sec, 65 subtrees, 225 chunks, 9313896 nodes)
  residual top-10 (subtree_mass × max(avg_loss − 1.491, 0)):
    rc   rootID   mass      avg_loss     score 
    1    50944    1479765   1.5192       41647.4
    39   493671   419607    1.5316       16992.5
    46   840714   415269    1.5319       16943.9
    58   1402652  543420    1.5161       13582.3
    43   660187   735168    1.5035       9141.1
    57   1329804  377747    1.5128       8212.2
    42   614321   234101    1.5163       5904.2
    52   1074317  367799    1.5070       5830.8
    47   915694   343840    1.5050       4767.8
    40   574911   82726     1.5481       4717.5
    top-10: 58.1% of mass, 87.9% of excess-loss
Epoch 91: loss=1.490839  (6.32 sec, 65 subtrees, 225 chunks, 9313896 nodes)
  residual top-10 (subtree_mass × max(avg_loss − 1.491, 0)):
    rc   rootID   mass      avg_loss     score 
    1    50944    1479765   1.5191       41830.7
    46   840714   415269    1.5320       17078.1
    39   493671   419607    1.5287       15906.2
    58   1402652  543420    1.5164       13905.5
    43   660187   735168    1.5032       9085.6
    57   1329804  377747    1.5131       8423.9
    52   1074317  367799    1.5071       5981.6
    42   614321   234101    1.5156       5804.2
    47   915694   343840    1.5052       4928.5
    40   574911   82726     1.5464       4595.2
    top-10: 58.1% of mass, 87.6% of excess-loss
Epoch 92: loss=1.490574  (6.34 sec, 65 subtrees, 225 chunks, 9313896 nodes)
  residual top-10 (subtree_mass × max(avg_loss − 1.491, 0)):
    rc   rootID   mass      avg_loss     score 
    1    50944    1479765   1.5192       42412.3
    46   840714   415269    1.5318       17124.2
    39   493671   419607    1.5259       14825.5
    58   1402652  543420    1.5167       14172.1
    43   660187   735168    1.5027       8922.3
    57   1329804  377747    1.5132       8549.7
    52   1074317  367799    1.5073       6142.3
    42   614321   234101    1.5149       5695.4
    47   915694   343840    1.5052       5018.6
    40   574911   82726     1.5441       4425.0
    top-10: 58.1% of mass, 87.4% of excess-loss
Epoch 93: loss=1.490387  (6.32 sec, 65 subtrees, 225 chunks, 9313896 nodes)
  residual top-10 (subtree_mass × max(avg_loss − 1.490, 0)):
    rc   rootID   mass      avg_loss     score 
    1    50944    1479765   1.5194       42872.3
    46   840714   415269    1.5320       17277.6
    58   1402652  543420    1.5169       14430.4
    39   493671   419607    1.5232       13762.2
    57   1329804  377747    1.5136       8771.9
    43   660187   735168    1.5022       8708.0
    52   1074317  367799    1.5076       6337.2
    42   614321   234101    1.5142       5569.4
    47   915694   343840    1.5051       5068.6
    40   574911   82726     1.5425       4308.4
    top-10: 58.1% of mass, 87.2% of excess-loss
Epoch 94: loss=1.490175  (6.32 sec, 65 subtrees, 225 chunks, 9313896 nodes)
  residual top-10 (subtree_mass × max(avg_loss − 1.490, 0)):
    rc   rootID   mass      avg_loss     score 
    1    50944    1479765   1.5196       43514.0
    46   840714   415269    1.5318       17275.9
    58   1402652  543420    1.5175       14840.3
    39   493671   419607    1.5206       12750.5
    57   1329804  377747    1.5140       9002.4
    43   660187   735168    1.5016       8376.5
    52   1074317  367799    1.5077       6458.6
    42   614321   234101    1.5131       5365.5
    47   915694   343840    1.5053       5185.7
    40   574911   82726     1.5404       4156.7
    top-10: 58.1% of mass, 87.0% of excess-loss
Epoch 95: loss=1.490051  (6.34 sec, 65 subtrees, 225 chunks, 9313896 nodes)
  residual top-10 (subtree_mass × max(avg_loss − 1.490, 0)):
    rc   rootID   mass      avg_loss     score 
    1    50944    1479765   1.5199       44128.7
    46   840714   415269    1.5318       17322.9
    58   1402652  543420    1.5179       15134.1
    39   493671   419607    1.5182       11830.6
    57   1329804  377747    1.5146       9267.4
    43   660187   735168    1.5008       7909.6
    52   1074317  367799    1.5080       6609.0
    47   915694   343840    1.5053       5244.7
    42   614321   234101    1.5121       5157.9
    40   574911   82726     1.5382       3979.5
    top-10: 58.1% of mass, 86.7% of excess-loss
Epoch 96: loss=1.489900  (6.34 sec, 65 subtrees, 225 chunks, 9313896 nodes)
  residual top-10 (subtree_mass × max(avg_loss − 1.490, 0)):
    rc   rootID   mass      avg_loss     score 
    1    50944    1479765   1.5205       45260.1
    46   840714   415269    1.5313       17205.9
    58   1402652  543420    1.5184       15503.4
    39   493671   419607    1.5161       11002.5
    57   1329804  377747    1.5149       9440.4
    43   660187   735168    1.5000       7408.0
    52   1074317  367799    1.5081       6704.9
    47   915694   343840    1.5050       5208.9
    42   614321   234101    1.5108       4885.3
    6    309644   167551    1.5136       3979.0
    top-10: 59.1% of mass, 86.6% of excess-loss
Epoch 97: loss=1.489711  (6.34 sec, 65 subtrees, 225 chunks, 9313896 nodes)
  residual top-10 (subtree_mass × max(avg_loss − 1.490, 0)):
    rc   rootID   mass      avg_loss     score 
    1    50944    1479765   1.5211       46502.4
    46   840714   415269    1.5308       17058.3
    58   1402652  543420    1.5190       15919.0
    39   493671   419607    1.5144       10351.1
    57   1329804  377747    1.5152       9627.4
    52   1074317  367799    1.5081       6780.2
    43   660187   735168    1.4989       6760.7
    47   915694   343840    1.5046       5121.7
    42   614321   234101    1.5097       4669.9
    6    309644   167551    1.5137       4023.3
    top-10: 59.1% of mass, 86.5% of excess-loss
Epoch 98: loss=1.489491  (6.34 sec, 65 subtrees, 225 chunks, 9313896 nodes)
  residual top-10 (subtree_mass × max(avg_loss − 1.489, 0)):
    rc   rootID   mass      avg_loss     score 
    1    50944    1479765   1.5216       47586.5
    46   840714   415269    1.5303       16944.3
    58   1402652  543420    1.5192       16170.7
    39   493671   419607    1.5129       9839.7
    57   1329804  377747    1.5154       9784.1
    52   1074317  367799    1.5080       6820.0
    43   660187   735168    1.4981       6335.5
    47   915694   343840    1.5041       5024.9
    42   614321   234101    1.5085       4449.3
    6    309644   167551    1.5139       4082.0
    top-10: 59.1% of mass, 86.5% of excess-loss
Epoch 99: loss=1.489356  (6.36 sec, 65 subtrees, 225 chunks, 9313896 nodes)
  residual top-10 (subtree_mass × max(avg_loss − 1.489, 0)):
    rc   rootID   mass      avg_loss     score 
    1    50944    1479765   1.5223       48757.6
    46   840714   415269    1.5298       16786.9
    58   1402652  543420    1.5192       16195.3
    57   1329804  377747    1.5154       9856.2
    39   493671   419607    1.5120       9519.0
    52   1074317  367799    1.5079       6816.4
    43   660187   735168    1.4976       6077.7
    47   915694   343840    1.5037       4922.9
    42   614321   234101    1.5080       4373.6
    6    309644   167551    1.5140       4131.0
    top-10: 59.1% of mass, 86.6% of excess-loss
Epoch 100: loss=1.489283  (6.35 sec, 65 subtrees, 225 chunks, 9313896 nodes)
  residual top-10 (subtree_mass × max(avg_loss − 1.489, 0)):
    rc   rootID   mass      avg_loss     score 
    1    50944    1479765   1.5225       49129.6
    46   840714   415269    1.5296       16752.8
    58   1402652  543420    1.5192       16266.9
    57   1329804  377747    1.5155       9886.4
    39   493671   419607    1.5118       9454.1
    52   1074317  367799    1.5078       6810.1
    43   660187   735168    1.4973       5904.6
    47   915694   343840    1.5036       4906.3
    42   614321   234101    1.5079       4349.7
    6    309644   167551    1.5139       4129.7
    top-10: 59.1% of mass, 86.6% of excess-loss
Saved to /tmp/dist_rope_smoke_default.model
Done.
  Appended optimizer state to /tmp/dist_rope_smoke_default.model (adam_t=6500)
