INFO: --anc-grad: per-subtree descendant→ancestor gradient flow enabled (Wk/Wv get full gradient instead of own-edge-only)
AGPT CUDA Training Engine
  Model: d=64 heads=4 layers=2 ff=256 vocab=65 seq=16(header) head_dim=16
  Loaded 108481 weight floats (423.8 KB)
  Loaded optimizer state from checkpoint (adam_t=0)
Loading radix trie from /tmp/agpt_input_d16_static_radix...
  Radix trie: 1607928 nodes, 9313896 total edge chars, 17 endpoint depths
  Radix loaded: 2697118 counts entries, 12276596 ancestor char entries
  d_split: 1062377/1607928 nodes have a mass=1 ancestor (mean depth 9.21)
  lr-schedule: warmup-cosine (peak=0.003, warmup_epochs=5)
  optimizer: rmsprop (lr=0.003)
  curriculum: flat (d=max each epoch)
  max edge_len: 16, max ancestor chars: 15, max KV per node: 31, max endpoint depth: 16
  mass=1 compaction: 8275783 / 9313896 chars are mass=1 (88.9%); cache holds 1038113 positions
  loop points: 18684 (mass>1 leaves; 3.4% of 545550 mass>1 nodes)
  KV cache: 531.5 MB unified memory (bf16 compact)
Position-data: 1829775 substrings, 1607928 radix nodes, eff_cos/sin 111.7 MB each (mode=dist-rope)
  GPU memory: 3263.5 MB used, 4923.3 MB free, 8186.8 MB total
  65 root-child subtrees: sizes min=1 max=246583 avg=24737.3 (total=1607927 radix nodes)
  anc-grad: max_n_subtree_compact_chars=158106, 2 layers x 3 buffers x 40.48 MB + 4.15 MB lookup = 249.53 MB total
Epoch 1: loss=3.327531  (6.65 sec, 65 subtrees, 225 chunks, 9313896 nodes)
  residual top-10 (subtree_mass × max(avg_loss − 3.328, 0)):
    rc   rootID   mass      avg_loss     score 
    1    50944    1479765   4.8483       2250329.8
    0    1        297533    4.8303       447118.3
    6    309644   167551    4.0956       128696.9
    5    300532   44208     4.4026       47525.6
    10   349444   84126     3.7674       37005.5
    8    341198   57485     3.8434       29654.9
    2    297527   13758     4.5758       17174.1
    7    338414   10559     4.1896       9103.1
    13   372685   55068     3.4872       8794.1
    11   364300   27722     3.5626       6515.5
    top-10: 26.0% of mass, 99.6% of excess-loss
Epoch 2: loss=2.633430  (6.41 sec, 65 subtrees, 225 chunks, 9313896 nodes)
  residual top-10 (subtree_mass × max(avg_loss − 2.633, 0)):
    rc   rootID   mass      avg_loss     score 
    1    50944    1479765   2.7735       207274.1
    6    309644   167551    2.9157       47294.5
    10   349444   84126     3.0630       36139.0
    5    300532   44208     3.3481       31593.5
    0    1        297533    2.7255       27397.5
    8    341198   57485     2.8811       14236.0
    39   493671   419607    2.6654       13432.6
    7    338414   10559     2.9617       3466.2
    12   369639   16107     2.8069       2793.7
    13   372685   55068     2.6815       2645.5
    top-10: 30.6% of mass, 97.9% of excess-loss
Epoch 3: loss=2.497552  (6.36 sec, 65 subtrees, 225 chunks, 9313896 nodes)
  residual top-10 (subtree_mass × max(avg_loss − 2.498, 0)):
    rc   rootID   mass      avg_loss     score 
    1    50944    1479765   2.5537       83109.8
    10   349444   84126     3.0423       45828.9
    39   493671   419607    2.5703       30540.0
    5    300532   44208     3.0959       26453.6
    6    309644   167551    2.6490       25373.5
    0    1        297533    2.5439       13793.6
    11   364300   27722     2.8597       10040.5
    8    341198   57485     2.5884       5225.2
    12   369639   16107     2.7569       4177.8
    13   372685   55068     2.5540       3108.2
    top-10: 30.8% of mass, 97.5% of excess-loss
Epoch 4: loss=2.441310  (6.37 sec, 65 subtrees, 225 chunks, 9313896 nodes)
  residual top-10 (subtree_mass × max(avg_loss − 2.441, 0)):
    rc   rootID   mass      avg_loss     score 
    6    309644   167551    2.7853       57630.3
    5    300532   44208     3.2459       35567.6
    10   349444   84126     2.7392       25059.5
    39   493671   419607    2.4879       19530.0
    1    50944    1479765   2.4540       18759.5
    47   915694   343840    2.4737       11145.7
    8    341198   57485     2.5773       7817.2
    13   372685   55068     2.5276       4752.2
    46   840714   415269    2.4500       3606.8
    12   369639   16107     2.6552       3445.4
    top-10: 35.9% of mass, 95.6% of excess-loss
Epoch 5: loss=2.412903  (6.38 sec, 65 subtrees, 225 chunks, 9313896 nodes)
  residual top-10 (subtree_mass × max(avg_loss − 2.413, 0)):
    rc   rootID   mass      avg_loss     score 
    10   349444   84126     3.0218       51220.6
    6    309644   167551    2.6915       46672.5
    5    300532   44208     3.3090       39612.8
    39   493671   419607    2.5056       38890.4
    11   364300   27722     2.7598       9615.8
    8    341198   57485     2.5316       6824.4
    13   372685   55068     2.5274       6305.4
    12   369639   16107     2.7490       5413.8
    40   574911   82726     2.4587       3787.8
    7    338414   10559     2.6849       2872.5
    top-10: 11.2% of mass, 98.4% of excess-loss
Epoch 6: loss=2.417071  (6.37 sec, 65 subtrees, 225 chunks, 9313896 nodes)
  residual top-10 (subtree_mass × max(avg_loss − 2.417, 0)):
    rc   rootID   mass      avg_loss     score 
    10   349444   84126     3.1766       63899.5
    6    309644   167551    2.7945       63246.2
    5    300532   44208     3.8274       62347.7
    39   493671   419607    2.4982       34051.7
    8    341198   57485     2.7870       21265.4
    13   372685   55068     2.5686       8341.8
    11   364300   27722     2.6878       7504.0
    12   369639   16107     2.8396       6806.1
    7    338414   10559     2.7626       3648.7
    40   574911   82726     2.4506       2775.2
    top-10: 11.2% of mass, 96.6% of excess-loss
Epoch 7: loss=2.352795  (6.36 sec, 65 subtrees, 225 chunks, 9313896 nodes)
  residual top-10 (subtree_mass × max(avg_loss − 2.353, 0)):
    rc   rootID   mass      avg_loss     score 
    6    309644   167551    2.5943       40472.3
    1    50944    1479765   2.3798       39958.8
    5    300532   44208     3.0569       31128.2
    39   493671   419607    2.4048       21802.8
    10   349444   84126     2.4866       11255.2
    8    341198   57485     2.4681       6630.1
    13   372685   55068     2.4157       3462.9
    12   369639   16107     2.5545       3249.0
    7    338414   10559     2.6138       2756.1
    11   364300   27722     2.4221       1921.6
    top-10: 27.5% of mass, 96.7% of excess-loss
Epoch 8: loss=2.309804  (6.38 sec, 65 subtrees, 225 chunks, 9313896 nodes)
  residual top-10 (subtree_mass × max(avg_loss − 2.310, 0)):
    rc   rootID   mass      avg_loss     score 
    6    309644   167551    2.5470       39742.3
    39   493671   419607    2.3783       28732.6
    5    300532   44208     2.8569       24186.3
    43   660187   735168    2.3245       10834.0
    42   614321   234101    2.3375       6484.2
    8    341198   57485     2.4216       6428.4
    10   349444   84126     2.3822       6092.9
    40   574911   82726     2.3515       3445.9
    44   798168   118584    2.3365       3161.7
    7    338414   10559     2.5479       2514.4
    top-10: 22.7% of mass, 94.3% of excess-loss
Epoch 9: loss=2.283670  (6.35 sec, 65 subtrees, 225 chunks, 9313896 nodes)
  residual top-10 (subtree_mass × max(avg_loss − 2.284, 0)):
    rc   rootID   mass      avg_loss     score 
    39   493671   419607    2.3415       24284.8
    6    309644   167551    2.4235       23428.6
    5    300532   44208     2.7165       19133.3
    43   660187   735168    2.2973       9988.1
    1    50944    1479765   2.2901       9448.2
    10   349444   84126     2.3908       9015.7
    46   840714   415269    2.3015       7386.9
    42   614321   234101    2.3086       5834.6
    47   915694   343840    2.2984       5070.4
    8    341198   57485     2.3583       4288.4
    top-10: 46.3% of mass, 86.8% of excess-loss
Epoch 10: loss=2.265381  (6.37 sec, 65 subtrees, 225 chunks, 9313896 nodes)
  residual top-10 (subtree_mass × max(avg_loss − 2.265, 0)):
    rc   rootID   mass      avg_loss     score 
    39   493671   419607    2.3362       29717.7
    6    309644   167551    2.3982       22247.7
    5    300532   44208     2.6958       19028.8
    10   349444   84126     2.4080       12001.8
    13   372685   55068     2.3293       3520.5
    46   840714   415269    2.2738       3514.6
    12   369639   16107     2.4606       3145.1
    8    341198   57485     2.3128       2725.5
    40   574911   82726     2.2940       2367.8
    44   798168   118584    2.2815       1912.2
    top-10: 17.0% of mass, 90.3% of excess-loss
Epoch 11: loss=2.253923  (6.36 sec, 65 subtrees, 225 chunks, 9313896 nodes)
  residual top-10 (subtree_mass × max(avg_loss − 2.254, 0)):
    rc   rootID   mass      avg_loss     score 
    6    309644   167551    2.4828       38343.7
    10   349444   84126     2.6004       29144.3
    39   493671   419607    2.3136       25057.1
    5    300532   44208     2.7745       23014.5
    8    341198   57485     2.3953       8125.9
    46   840714   415269    2.2644       4333.8
    11   364300   27722     2.3745       3343.5
    7    338414   10559     2.4983       2580.1
    47   915694   343840    2.2612       2502.4
    40   574911   82726     2.2753       1770.2
    top-10: 19.2% of mass, 95.6% of excess-loss
Epoch 12: loss=2.225689  (6.39 sec, 65 subtrees, 225 chunks, 9313896 nodes)
  residual top-10 (subtree_mass × max(avg_loss − 2.226, 0)):
    rc   rootID   mass      avg_loss     score 
    39   493671   419607    2.2923       27969.3
    1    50944    1479765   2.2416       23551.0
    5    300532   44208     2.6065       16836.6
    6    309644   167551    2.3121       14476.5
    42   614321   234101    2.2512       5961.4
    10   349444   84126     2.2782       4420.4
    40   574911   82726     2.2687       3557.3
    43   660187   735168    2.2302       3349.0
    44   798168   118584    2.2505       2944.9
    46   840714   415269    2.2322       2721.5
    top-10: 44.0% of mass, 92.5% of excess-loss
Epoch 13: loss=2.205088  (6.35 sec, 65 subtrees, 225 chunks, 9313896 nodes)
  residual top-10 (subtree_mass × max(avg_loss − 2.205, 0)):
    rc   rootID   mass      avg_loss     score 
    39   493671   419607    2.2792       31083.6
    6    309644   167551    2.2889       14040.1
    5    300532   44208     2.4883       12522.4
    46   840714   415269    2.2257       8566.5
    44   798168   118584    2.2362       3695.1
    10   349444   84126     2.2377       2747.1
    42   614321   234101    2.2166       2685.7
    40   574911   82726     2.2370       2643.0
    11   364300   27722     2.2938       2460.1
    43   660187   735168    2.2084       2455.6
    top-10: 27.1% of mass, 91.0% of excess-loss
Epoch 14: loss=2.193099  (6.36 sec, 65 subtrees, 225 chunks, 9313896 nodes)
  residual top-10 (subtree_mass × max(avg_loss − 2.193, 0)):
    rc   rootID   mass      avg_loss     score 
    1    50944    1479765   2.2178       36614.8
    39   493671   419607    2.2599       28011.1
    6    309644   167551    2.2794       14458.3
    5    300532   44208     2.4248       10243.5
    42   614321   234101    2.2067       3175.0
    46   840714   415269    2.1999       2825.7
    44   798168   118584    2.2135       2415.5
    40   574911   82726     2.2173       2001.2
    43   660187   735168    2.1958       1968.0
    7    338414   10559     2.3301       1446.2
    top-10: 43.1% of mass, 97.0% of excess-loss
Epoch 15: loss=2.173756  (6.37 sec, 65 subtrees, 225 chunks, 9313896 nodes)
  residual top-10 (subtree_mass × max(avg_loss − 2.174, 0)):
    rc   rootID   mass      avg_loss     score 
    39   493671   419607    2.2579       35289.7
    6    309644   167551    2.2650       15287.7
    5    300532   44208     2.4329       11454.3
    1    50944    1479765   2.1794       8356.2
    10   349444   84126     2.2697       8068.0
    40   574911   82726     2.2089       2908.5
    50   993056   244544    2.1839       2481.2
    46   840714   415269    2.1794       2348.2
    44   798168   118584    2.1908       2025.3
    13   372685   55068     2.2052       1732.1
    top-10: 36.2% of mass, 92.8% of excess-loss
Epoch 16: loss=2.161387  (6.36 sec, 65 subtrees, 225 chunks, 9313896 nodes)
  residual top-10 (subtree_mass × max(avg_loss − 2.161, 0)):
    rc   rootID   mass      avg_loss     score 
    39   493671   419607    2.2507       37457.1
    6    309644   167551    2.3093       24790.1
    52   1074317  367799    2.2103       17978.1
    5    300532   44208     2.4776       13977.4
    53   1145421  504725    2.1856       12240.2
    10   349444   84126     2.2192       4862.4
    40   574911   82726     2.2007       3251.0
    51   1041804  166461    2.1780       2766.2
    13   372685   55068     2.1939       1791.8
    11   364300   27722     2.2259       1789.6
    top-10: 22.3% of mass, 97.4% of excess-loss
Epoch 17: loss=2.141530  (6.40 sec, 65 subtrees, 225 chunks, 9313896 nodes)
  residual top-10 (subtree_mass × max(avg_loss − 2.142, 0)):
    rc   rootID   mass      avg_loss     score 
    39   493671   419607    2.2231       34245.3
    1    50944    1479765   2.1490       11024.8
    5    300532   44208     2.3584       9586.0
    6    309644   167551    2.1970       9298.0
    43   660187   735168    2.1509       6878.5
    46   840714   415269    2.1561       6058.2
    44   798168   118584    2.1726       3679.7
    42   614321   234101    2.1568       3576.0
    40   574911   82726     2.1741       2695.8
    52   1074317  367799    2.1451       1305.6
    top-10: 47.3% of mass, 96.0% of excess-loss
Epoch 18: loss=2.129792  (6.34 sec, 65 subtrees, 225 chunks, 9313896 nodes)
  residual top-10 (subtree_mass × max(avg_loss − 2.130, 0)):
    rc   rootID   mass      avg_loss     score 
    39   493671   419607    2.2616       55322.3
    6    309644   167551    2.2721       23846.5
    5    300532   44208     2.4653       14830.4
    50   993056   244544    2.1721       10353.5
    52   1074317  367799    2.1502       7519.9
    40   574911   82726     2.1995       5769.2
    51   1041804  166461    2.1640       5698.4
    46   840714   415269    2.1390       3812.5
    49   982783   50950     2.1641       1746.2
    7    338414   10559     2.2688       1468.1
    top-10: 22.9% of mass, 99.1% of excess-loss
Epoch 19: loss=2.110060  (6.36 sec, 65 subtrees, 225 chunks, 9313896 nodes)
  residual top-10 (subtree_mass × max(avg_loss − 2.110, 0)):
    rc   rootID   mass      avg_loss     score 
    39   493671   419607    2.2099       41883.3
    6    309644   167551    2.2266       19522.7
    5    300532   44208     2.4727       16030.6
    63   1577668  160299    2.1596       7945.9
    46   840714   415269    2.1202       4193.7
    40   574911   82726     2.1445       2847.6
    1    50944    1479765   2.1119       2658.2
    50   993056   244544    2.1180       1939.7
    13   372685   55068     2.1382       1548.6
    7    338414   10559     2.2455       1429.8
    top-10: 35.8% of mass, 95.4% of excess-loss
Epoch 20: loss=2.110959  (6.37 sec, 65 subtrees, 225 chunks, 9313896 nodes)
  residual top-10 (subtree_mass × max(avg_loss − 2.111, 0)):
    rc   rootID   mass      avg_loss     score 
    6    309644   167551    2.3494       39953.2
    39   493671   419607    2.1931       34478.8
    1    50944    1479765   2.1248       20408.0
    5    300532   44208     2.5269       18386.5
    43   660187   735168    2.1233       9054.9
    0    1        297533    2.1364       7574.9
    46   840714   415269    2.1273       6783.3
    44   798168   118584    2.1489       4503.1
    42   614321   234101    2.1249       3265.1
    40   574911   82726     2.1375       2199.0
    top-10: 46.5% of mass, 98.3% of excess-loss
Epoch 21: loss=2.084082  (6.35 sec, 65 subtrees, 225 chunks, 9313896 nodes)
  residual top-10 (subtree_mass × max(avg_loss − 2.084, 0)):
    rc   rootID   mass      avg_loss     score 
    39   493671   419607    2.1827       41389.7
    6    309644   167551    2.2099       21076.0
    5    300532   44208     2.4067       14262.3
    52   1074317  367799    2.0981       5159.9
    42   614321   234101    2.1059       5099.3
    63   1577668  160299    2.1068       3636.0
    40   574911   82726     2.1275       3595.0
    43   660187   735168    2.0873       2394.0
    10   349444   84126     2.1116       2318.5
    46   840714   415269    2.0887       1918.4
    top-10: 31.5% of mass, 95.5% of excess-loss
Epoch 22: loss=2.078383  (6.33 sec, 65 subtrees, 225 chunks, 9313896 nodes)
  residual top-10 (subtree_mass × max(avg_loss − 2.078, 0)):
    rc   rootID   mass      avg_loss     score 
    39   493671   419607    2.1646       36182.9
    6    309644   167551    2.2393       26960.9
    1    50944    1479765   2.0926       21084.5
    5    300532   44208     2.4788       17703.6
    46   840714   415269    2.1178       16350.0
    0    1        297533    2.1038       7566.2
    47   915694   343840    2.1001       7459.2
    40   574911   82726     2.1169       3185.7
    31   464280   29454     2.1692       2675.5
    44   798168   118584    2.1003       2604.5
    top-10: 39.5% of mass, 93.1% of excess-loss
Epoch 23: loss=2.082973  (6.39 sec, 65 subtrees, 225 chunks, 9313896 nodes)
  residual top-10 (subtree_mass × max(avg_loss − 2.083, 0)):
    rc   rootID   mass      avg_loss     score 
    6    309644   167551    2.4679       64502.3
    5    300532   44208     2.9023       36219.8
    39   493671   419607    2.1591       31960.6
    8    341198   57485     2.3697       16481.2
    10   349444   84126     2.2233       11800.9
    7    338414   10559     2.4066       3417.0
    40   574911   82726     2.1140       2567.9
    11   364300   27722     2.1687       2377.6
    13   372685   55068     2.1092       1443.5
    42   614321   234101    2.0886       1324.4
    top-10: 13.8% of mass, 99.2% of excess-loss
Epoch 24: loss=2.056283  (6.35 sec, 65 subtrees, 225 chunks, 9313896 nodes)
  residual top-10 (subtree_mass × max(avg_loss − 2.056, 0)):
    rc   rootID   mass      avg_loss     score 
    39   493671   419607    2.1674       46610.2
    6    309644   167551    2.2344       29845.1
    5    300532   44208     2.4407       16994.1
    43   660187   735168    2.0651       6468.2
    42   614321   234101    2.0817       5956.5
    46   840714   415269    2.0688       5216.0
    63   1577668  160299    2.0868       4891.2
    40   574911   82726     2.1116       4579.3
    44   798168   118584    2.0771       2465.1
    10   349444   84126     2.0824       2198.8
    top-10: 28.6% of mass, 95.2% of excess-loss
Epoch 25: loss=2.085592  (6.37 sec, 65 subtrees, 225 chunks, 9313896 nodes)
  residual top-10 (subtree_mass × max(avg_loss − 2.086, 0)):
    rc   rootID   mass      avg_loss     score 
    6    309644   167551    2.5741       81848.9
    5    300532   44208     2.8701       34681.5
    39   493671   419607    2.1653       33457.5
    8    341198   57485     2.3946       17765.1
    10   349444   84126     2.2827       16583.6
    50   993056   244544    2.1052       4783.3
    46   840714   415269    2.0967       4626.4
    13   372685   55068     2.1670       4483.3
    7    338414   10559     2.4739       4100.4
    11   364300   27722     2.2302       4009.0
    top-10: 17.8% of mass, 97.1% of excess-loss
Epoch 26: loss=2.108574  (6.36 sec, 65 subtrees, 225 chunks, 9313896 nodes)
  residual top-10 (subtree_mass × max(avg_loss − 2.109, 0)):
    rc   rootID   mass      avg_loss     score 
    6    309644   167551    2.7724       111217.9
    5    300532   44208     3.3815       56275.1
    39   493671   419607    2.1924       35170.4
    10   349444   84126     2.3454       19919.7
    8    341198   57485     2.4362       18832.0
    7    338414   10559     2.7547       6822.9
    13   372685   55068     2.2192       6090.2
    12   369639   16107     2.4402       5341.6
    11   364300   27722     2.2414       3682.2
    40   574911   82726     2.1419       2759.3
    top-10: 11.2% of mass, 98.6% of excess-loss
Epoch 27: loss=2.081480  (6.36 sec, 65 subtrees, 225 chunks, 9313896 nodes)
  residual top-10 (subtree_mass × max(avg_loss − 2.081, 0)):
    rc   rootID   mass      avg_loss     score 
    6    309644   167551    2.3754       49245.1
    39   493671   419607    2.1789       40877.9
    5    300532   44208     2.7067       27641.9
    10   349444   84126     2.2795       16658.4
    46   840714   415269    2.0935       4991.7
    13   372685   55068     2.1659       4650.4
    40   574911   82726     2.1323       4203.1
    8    341198   57485     2.1523       4071.1
    11   364300   27722     2.1936       3108.7
    7    338414   10559     2.3175       2492.5
    top-10: 15.9% of mass, 94.7% of excess-loss
Epoch 28: loss=2.055018  (6.37 sec, 65 subtrees, 225 chunks, 9313896 nodes)
  residual top-10 (subtree_mass × max(avg_loss − 2.055, 0)):
    rc   rootID   mass      avg_loss     score 
    6    309644   167551    2.2921       39728.3
    39   493671   419607    2.1305       31676.1
    5    300532   44208     2.4625       18012.2
    1    50944    1479765   2.0637       12873.0
    42   614321   234101    2.0696       3406.2
    43   660187   735168    2.0593       3165.7
    57   1329804  377747    2.0633       3113.7
    46   840714   415269    2.0613       2602.5
    40   574911   82726     2.0849       2472.3
    44   798168   118584    2.0747       2331.8
    top-10: 47.4% of mass, 96.3% of excess-loss
Epoch 29: loss=2.029590  (6.37 sec, 65 subtrees, 225 chunks, 9313896 nodes)
  residual top-10 (subtree_mass × max(avg_loss − 2.030, 0)):
    rc   rootID   mass      avg_loss     score 
    6    309644   167551    2.2459       36251.2
    39   493671   419607    2.1139       35372.4
    1    50944    1479765   2.0408       16519.1
    5    300532   44208     2.3881       15850.1
    63   1577668  160299    2.0669       5986.3
    46   840714   415269    2.0400       4306.8
    40   574911   82726     2.0736       3639.8
    10   349444   84126     2.0641       2902.1
    42   614321   234101    2.0401       2454.2
    7    338414   10559     2.1472       1241.7
    top-10: 36.0% of mass, 98.0% of excess-loss
Epoch 30: loss=2.021167  (6.34 sec, 65 subtrees, 225 chunks, 9313896 nodes)
  residual top-10 (subtree_mass × max(avg_loss − 2.021, 0)):
    rc   rootID   mass      avg_loss     score 
    1    50944    1479765   2.0751       79834.3
    39   493671   419607    2.0952       31044.2
    0    1        297533    2.0668       13590.6
    50   993056   244544    2.0739       12887.4
    6    309644   167551    2.0914       11773.9
    5    300532   44208     2.2220       8879.0
    46   840714   415269    2.0384       7163.0
    40   574911   82726     2.0536       2680.4
    49   982783   50950     2.0540       1670.9
    44   798168   118584    2.0300       1044.7
    top-10: 38.6% of mass, 98.6% of excess-loss
Epoch 31: loss=1.999413  (6.36 sec, 65 subtrees, 225 chunks, 9313896 nodes)
  residual top-10 (subtree_mass × max(avg_loss − 1.999, 0)):
    rc   rootID   mass      avg_loss     score 
    39   493671   419607    2.0830       35053.0
    43   660187   735168    2.0132       10114.9
    1    50944    1479765   2.0062       10045.9
    46   840714   415269    2.0224       9543.2
    6    309644   167551    2.0459       7784.1
    42   614321   234101    2.0314       7496.5
    44   798168   118584    2.0304       3679.7
    40   574911   82726     2.0433       3631.5
    5    300532   44208     2.0805       3584.6
    63   1577668  160299    2.0195       3218.8
    top-10: 44.9% of mass, 91.9% of excess-loss
Epoch 32: loss=1.990198  (6.37 sec, 65 subtrees, 225 chunks, 9313896 nodes)
  residual top-10 (subtree_mass × max(avg_loss − 1.990, 0)):
    rc   rootID   mass      avg_loss     score 
    39   493671   419607    2.0850       39763.5
    56   1258453  358000    2.0401       17859.6
    1    50944    1479765   2.0001       14656.1
    57   1329804  377747    2.0207       11540.1
    6    309644   167551    2.0232       5529.1
    46   840714   415269    2.0011       4524.0
    5    300532   44208     2.0859       4230.6
    58   1402652  543420    1.9979       4180.5
    40   574911   82726     2.0336       3593.6
    42   614321   234101    2.0004       2381.5
    top-10: 47.9% of mass, 98.9% of excess-loss
Epoch 33: loss=1.977107  (6.38 sec, 65 subtrees, 225 chunks, 9313896 nodes)
  residual top-10 (subtree_mass × max(avg_loss − 1.977, 0)):
    rc   rootID   mass      avg_loss     score 
    1    50944    1479765   2.0062       43100.9
    39   493671   419607    2.0661       37344.0
    63   1577668  160299    2.0475       11276.9
    6    309644   167551    2.0220       7522.4
    61   1551260  134045    2.0308       7193.0
    46   840714   415269    1.9920       6183.2
    5    300532   44208     2.0770       4415.2
    32   470512   50448     2.0578       4071.9
    40   574911   82726     2.0113       2825.9
    0    1        297533    1.9832       1798.5
    top-10: 37.8% of mass, 96.9% of excess-loss
Epoch 34: loss=1.971348  (6.35 sec, 65 subtrees, 225 chunks, 9313896 nodes)
  residual top-10 (subtree_mass × max(avg_loss − 1.971, 0)):
    rc   rootID   mass      avg_loss     score 
    39   493671   419607    2.0711       41844.1
    1    50944    1479765   1.9872       23391.5
    50   993056   244544    2.0326       14968.2
    46   840714   415269    2.0005       12105.9
    6    309644   167551    2.0224       8557.7
    5    300532   44208     2.0885       5180.4
    40   574911   82726     2.0318       5002.7
    42   614321   234101    1.9914       4702.3
    52   1074317  367799    1.9823       4044.6
    44   798168   118584    1.9945       2751.2
    top-10: 41.6% of mass, 95.2% of excess-loss
Epoch 35: loss=1.965003  (6.36 sec, 65 subtrees, 225 chunks, 9313896 nodes)
  residual top-10 (subtree_mass × max(avg_loss − 1.965, 0)):
    rc   rootID   mass      avg_loss     score 
    39   493671   419607    2.0617       40586.5
    43   660187   735168    1.9925       20190.0
    46   840714   415269    1.9962       12952.6
    42   614321   234101    2.0037       9068.9
    6    309644   167551    2.0013       6078.3
    1    50944    1479765   1.9686       5338.2
    44   798168   118584    2.0059       4847.1
    40   574911   82726     2.0131       3982.2
    5    300532   44208     2.0293       2840.6
    58   1402652  543420    1.9697       2551.2
    top-10: 49.3% of mass, 94.7% of excess-loss
Epoch 36: loss=1.960321  (6.35 sec, 65 subtrees, 225 chunks, 9313896 nodes)
  residual top-10 (subtree_mass × max(avg_loss − 1.960, 0)):
    rc   rootID   mass      avg_loss     score 
    39   493671   419607    2.0800       50223.8
    1    50944    1479765   1.9833       33999.3
    43   660187   735168    1.9728       9154.0
    6    309644   167551    1.9995       6556.3
    42   614321   234101    1.9852       5826.5
    40   574911   82726     2.0202       4949.9
    46   840714   415269    1.9709       4408.4
    5    300532   44208     2.0352       3310.3
    52   1074317  367799    1.9675       2645.7
    44   798168   118584    1.9747       1706.7
    top-10: 47.3% of mass, 98.7% of excess-loss
Epoch 37: loss=1.944482  (6.35 sec, 65 subtrees, 225 chunks, 9313896 nodes)
  residual top-10 (subtree_mass × max(avg_loss − 1.944, 0)):
    rc   rootID   mass      avg_loss     score 
    39   493671   419607    2.0804       57022.3
    1    50944    1479765   1.9558       16817.6
    43   660187   735168    1.9649       15029.6
    42   614321   234101    1.9990       12765.5
    6    309644   167551    1.9940       8289.5
    40   574911   82726     2.0356       7538.9
    41   591555   114034    1.9952       5788.9
    46   840714   415269    1.9552       4455.9
    63   1577668  160299    1.9654       3352.0
    5    300532   44208     2.0129       3024.6
    top-10: 44.8% of mass, 97.1% of excess-loss
Epoch 38: loss=1.942109  (6.37 sec, 65 subtrees, 225 chunks, 9313896 nodes)
  residual top-10 (subtree_mass × max(avg_loss − 1.942, 0)):
    rc   rootID   mass      avg_loss     score 
    39   493671   419607    2.0693       53390.6
    1    50944    1479765   1.9714       43345.5
    6    309644   167551    1.9948       8824.8
    52   1074317  367799    1.9659       8758.4
    50   993056   244544    1.9696       6711.9
    40   574911   82726     2.0063       5308.8
    0    1        297533    1.9596       5218.6
    5    300532   44208     2.0593       5181.3
    42   614321   234101    1.9619       4623.4
    46   840714   415269    1.9525       4304.4
    top-10: 43.7% of mass, 94.8% of excess-loss
Epoch 39: loss=1.939405  (6.35 sec, 65 subtrees, 225 chunks, 9313896 nodes)
  residual top-10 (subtree_mass × max(avg_loss − 1.939, 0)):
    rc   rootID   mass      avg_loss     score 
    39   493671   419607    2.0532       47740.8
    6    309644   167551    2.0458       17826.9
    5    300532   44208     2.1479       9217.2
    43   660187   735168    1.9496       7525.5
    1    50944    1479765   1.9438       6574.4
    46   840714   415269    1.9540       6045.9
    42   614321   234101    1.9650       5994.5
    40   574911   82726     2.0005       5051.0
    56   1258453  358000    1.9452       2069.8
    31   464280   29454     2.0087       2041.6
    top-10: 46.1% of mass, 93.1% of excess-loss
Epoch 40: loss=1.923566  (6.37 sec, 65 subtrees, 225 chunks, 9313896 nodes)
  residual top-10 (subtree_mass × max(avg_loss − 1.924, 0)):
    rc   rootID   mass      avg_loss     score 
    39   493671   419607    2.0500       53050.5
    1    50944    1479765   1.9492       37921.8
    6    309644   167551    1.9917       11420.4
    5    300532   44208     2.0975       7690.5
    40   574911   82726     1.9817       4808.4
    50   993056   244544    1.9431       4783.3
    46   840714   415269    1.9313       3207.4
    52   1074317  367799    1.9319       3048.9
    42   614321   234101    1.9332       2251.7
    32   470512   50448     1.9524       1454.9
    top-10: 40.8% of mass, 98.0% of excess-loss
Epoch 41: loss=1.922880  (6.35 sec, 65 subtrees, 225 chunks, 9313896 nodes)
  residual top-10 (subtree_mass × max(avg_loss − 1.923, 0)):
    rc   rootID   mass      avg_loss     score 
    1    50944    1479765   1.9744       76298.3
    39   493671   419607    2.0425       50203.8
    50   993056   244544    1.9723       12081.2
    6    309644   167551    1.9644       6955.5
    40   574911   82726     1.9882       5404.4
    0    1        297533    1.9406       5273.6
    5    300532   44208     2.0280       4645.7
    46   840714   415269    1.9297       2830.1
    42   614321   234101    1.9275       1080.7
    49   982783   50950     1.9316       442.0 
    top-10: 40.0% of mass, 99.4% of excess-loss
Epoch 42: loss=1.918993  (6.34 sec, 65 subtrees, 225 chunks, 9313896 nodes)
  residual top-10 (subtree_mass × max(avg_loss − 1.919, 0)):
    rc   rootID   mass      avg_loss     score 
    1    50944    1479765   1.9996       119344.1
    39   493671   419607    2.0269       45261.5
    0    1        297533    1.9530       10129.8
    6    309644   167551    1.9671       8068.0
    63   1577668  160299    1.9585       6335.5
    5    300532   44208     2.0055       3825.1
    40   574911   82726     1.9636       3692.2
    46   840714   415269    1.9245       2288.6
    42   614321   234101    1.9283       2173.0
    44   798168   118584    1.9225       413.3 
    top-10: 39.8% of mass, 99.8% of excess-loss
Epoch 43: loss=1.915340  (6.36 sec, 65 subtrees, 225 chunks, 9313896 nodes)
  residual top-10 (subtree_mass × max(avg_loss − 1.915, 0)):
    rc   rootID   mass      avg_loss     score 
    1    50944    1479765   1.9880       107491.1
    39   493671   419607    2.0036       37028.1
    0    1        297533    1.9940       23403.0
    50   993056   244544    1.9855       17149.9
    46   840714   415269    1.9344       7901.3
    6    309644   167551    1.9452       4996.0
    40   574911   82726     1.9497       2846.5
    5    300532   44208     1.9781       2776.5
    49   982783   50950     1.9428       1398.6
    51   1041804  166461    1.9192       640.4 
    top-10: 39.2% of mass, 99.6% of excess-loss
Epoch 44: loss=1.896842  (6.36 sec, 65 subtrees, 225 chunks, 9313896 nodes)
  residual top-10 (subtree_mass × max(avg_loss − 1.897, 0)):
    rc   rootID   mass      avg_loss     score 
    39   493671   419607    2.0330       57152.3
    1    50944    1479765   1.9143       25867.1
    6    309644   167551    1.9746       13031.4
    63   1577668  160299    1.9432       7430.3
    46   840714   415269    1.9145       7316.0
    5    300532   44208     2.0378       6231.3
    50   993056   244544    1.9218       6105.9
    40   574911   82726     1.9615       5346.7
    42   614321   234101    1.9108       3269.7
    52   1074317  367799    1.9032       2351.2
    top-10: 42.1% of mass, 97.9% of excess-loss
Epoch 45: loss=1.898708  (6.36 sec, 65 subtrees, 225 chunks, 9313896 nodes)
  residual top-10 (subtree_mass × max(avg_loss − 1.899, 0)):
    rc   rootID   mass      avg_loss     score 
    39   493671   419607    2.0266       53643.7
    1    50944    1479765   1.9141       22749.8
    46   840714   415269    1.9304       13146.0
    6    309644   167551    1.9570       9763.6
    40   574911   82726     1.9498       4230.7
    5    300532   44208     1.9839       3767.3
    57   1329804  377747    1.9081       3553.4
    52   1074317  367799    1.9041       1974.3
    42   614321   234101    1.9070       1943.7
    58   1402652  543420    1.9021       1852.5
    top-10: 48.1% of mass, 96.8% of excess-loss
Epoch 46: loss=1.887879  (6.36 sec, 65 subtrees, 225 chunks, 9313896 nodes)
  residual top-10 (subtree_mass × max(avg_loss − 1.888, 0)):
    rc   rootID   mass      avg_loss     score 
    39   493671   419607    1.9927       43978.0
    1    50944    1479765   1.8964       12587.4
    53   1145421  504725    1.9072       9758.8
    52   1074317  367799    1.9120       8860.8
    46   840714   415269    1.9068       7851.2
    6    309644   167551    1.9218       5683.1
    56   1258453  358000    1.8992       4039.7
    40   574911   82726     1.9316       3618.1
    57   1329804  377747    1.8969       3411.5
    58   1402652  543420    1.8930       2793.8
    top-10: 54.9% of mass, 91.2% of excess-loss
Epoch 47: loss=1.877732  (6.36 sec, 65 subtrees, 225 chunks, 9313896 nodes)
  residual top-10 (subtree_mass × max(avg_loss − 1.878, 0)):
    rc   rootID   mass      avg_loss     score 
    39   493671   419607    2.0060       53840.6
    1    50944    1479765   1.8866       13075.7
    46   840714   415269    1.9024       10237.9
    6    309644   167551    1.9257       8040.4
    50   993056   244544    1.9076       7308.3
    42   614321   234101    1.9085       7207.1
    40   574911   82726     1.9554       6427.6
    52   1074317  367799    1.8890       4161.9
    43   660187   735168    1.8824       3416.2
    44   798168   118584    1.9012       2780.1
    top-10: 49.6% of mass, 96.0% of excess-loss
Epoch 48: loss=1.872347  (6.34 sec, 65 subtrees, 225 chunks, 9313896 nodes)
  residual top-10 (subtree_mass × max(avg_loss − 1.872, 0)):
    rc   rootID   mass      avg_loss     score 
    39   493671   419607    2.0255       64273.3
    1    50944    1479765   1.9051       48488.3
    46   840714   415269    1.8942       9062.6
    6    309644   167551    1.9197       7927.9
    40   574911   82726     1.9453       6038.4
    5    300532   44208     1.9453       3226.7
    42   614321   234101    1.8857       3124.1
    44   798168   118584    1.8819       1134.7
    52   1074317  367799    1.8753       1081.5
    7    338414   10559     1.8813       94.2  
    top-10: 38.8% of mass, 99.9% of excess-loss
Epoch 49: loss=1.889552  (6.36 sec, 65 subtrees, 225 chunks, 9313896 nodes)
  residual top-10 (subtree_mass × max(avg_loss − 1.890, 0)):
    rc   rootID   mass      avg_loss     score 
    1    50944    1479765   1.9857       142245.7
    39   493671   419607    2.0017       47061.0
    6    309644   167551    1.9541       10816.1
    52   1074317  367799    1.9153       9454.9
    0    1        297533    1.9086       5671.3
    5    300532   44208     2.0098       5314.2
    40   574911   82726     1.9329       3587.1
    7    338414   10559     1.9087       202.2 
    2    297527   13758     1.8879       0.0   
    3    300526   1         0.0111       0.0   
    top-10: 33.5% of mass, 100.0% of excess-loss
Epoch 50: loss=1.869506  (6.34 sec, 65 subtrees, 225 chunks, 9313896 nodes)
  residual top-10 (subtree_mass × max(avg_loss − 1.870, 0)):
    rc   rootID   mass      avg_loss     score 
    39   493671   419607    1.9856       48704.1
    1    50944    1479765   1.8894       29450.5
    6    309644   167551    1.9518       13782.5
    52   1074317  367799    1.9053       13177.7
    46   840714   415269    1.8854       6580.6
    5    300532   44208     2.0110       6256.5
    40   574911   82726     1.9127       3573.7
    50   993056   244544    1.8787       2241.9
    51   1041804  166461    1.8804       1811.4
    53   1145421  504725    1.8725       1494.4
    top-10: 45.3% of mass, 96.8% of excess-loss
Epoch 51: loss=1.860121  (6.35 sec, 65 subtrees, 225 chunks, 9313896 nodes)
  residual top-10 (subtree_mass × max(avg_loss − 1.860, 0)):
    rc   rootID   mass      avg_loss     score 
    39   493671   419607    2.0002       58767.3
    1    50944    1479765   1.8860       38278.5
    50   993056   244544    1.9178       14107.9
    6    309644   167551    1.9435       13969.7
    46   840714   415269    1.8833       9630.6
    5    300532   44208     2.0037       6349.2
    40   574911   82726     1.9266       5501.2
    42   614321   234101    1.8757       3654.2
    63   1577668  160299    1.8750       2392.5
    52   1074317  367799    1.8661       2202.9
    top-10: 42.1% of mass, 97.8% of excess-loss
Epoch 52: loss=1.876156  (6.34 sec, 65 subtrees, 225 chunks, 9313896 nodes)
  residual top-10 (subtree_mass × max(avg_loss − 1.876, 0)):
    rc   rootID   mass      avg_loss     score 
    39   493671   419607    2.0181       59551.4
    1    50944    1479765   1.9005       36079.1
    6    309644   167551    1.9777       17016.2
    5    300532   44208     2.0916       9525.4
    46   840714   415269    1.8922       6650.5
    52   1074317  367799    1.8915       5660.7
    40   574911   82726     1.9411       5371.4
    10   349444   84126     1.9303       4556.8
    42   614321   234101    1.8892       3049.3
    44   798168   118584    1.8825       750.6 
    top-10: 39.7% of mass, 99.3% of excess-loss
Epoch 53: loss=1.856467  (6.35 sec, 65 subtrees, 225 chunks, 9313896 nodes)
  residual top-10 (subtree_mass × max(avg_loss − 1.856, 0)):
    rc   rootID   mass      avg_loss     score 
    39   493671   419607    1.9752       49814.1
    1    50944    1479765   1.8781       32023.2
    46   840714   415269    1.8866       12518.4
    6    309644   167551    1.9129       9461.7
    5    300532   44208     2.0103       6799.5
    40   574911   82726     1.9118       4581.4
    42   614321   234101    1.8735       3997.3
    52   1074317  367799    1.8672       3965.2
    63   1577668  160299    1.8744       2868.1
    47   915694   343840    1.8627       2153.2
    top-10: 43.2% of mass, 98.5% of excess-loss
Epoch 54: loss=1.847023  (6.36 sec, 65 subtrees, 225 chunks, 9313896 nodes)
  residual top-10 (subtree_mass × max(avg_loss − 1.847, 0)):
    rc   rootID   mass      avg_loss     score 
    39   493671   419607    1.9824       56800.2
    1    50944    1479765   1.8817       51342.0
    6    309644   167551    1.8970       8377.2
    46   840714   415269    1.8642       7138.5
    40   574911   82726     1.9203       6065.8
    63   1577668  160299    1.8742       4362.3
    5    300532   44208     1.9398       4099.6
    42   614321   234101    1.8633       3810.1
    52   1074317  367799    1.8566       3531.2
    44   798168   118584    1.8563       1102.2
    top-10: 40.6% of mass, 99.2% of excess-loss
Epoch 55: loss=1.852146  (6.36 sec, 65 subtrees, 225 chunks, 9313896 nodes)
  residual top-10 (subtree_mass × max(avg_loss − 1.852, 0)):
    rc   rootID   mass      avg_loss     score 
    1    50944    1479765   1.9259       109070.0
    39   493671   419607    1.9841       55376.6
    0    1        297533    1.8930       12148.0
    6    309644   167551    1.8923       6725.8
    40   574911   82726     1.9146       5164.8
    5    300532   44208     1.9657       5018.9
    46   840714   415269    1.8609       3638.9
    63   1577668  160299    1.8738       3472.4
    61   1551260  134045    1.8725       2732.0
    42   614321   234101    1.8619       2291.8
    top-10: 40.0% of mass, 99.9% of excess-loss
Epoch 56: loss=1.832375  (6.36 sec, 65 subtrees, 225 chunks, 9313896 nodes)
  residual top-10 (subtree_mass × max(avg_loss − 1.832, 0)):
    rc   rootID   mass      avg_loss     score 
    39   493671   419607    1.9633       54918.3
    1    50944    1479765   1.8577       37401.1
    46   840714   415269    1.8563       9929.4
    6    309644   167551    1.8869       9136.9
    40   574911   82726     1.9043       5950.8
    42   614321   234101    1.8553       5362.6
    5    300532   44208     1.9168       3732.8
    52   1074317  367799    1.8420       3540.7
    50   993056   244544    1.8447       3014.2
    44   798168   118584    1.8519       2319.4
    top-10: 41.6% of mass, 97.8% of excess-loss
Epoch 57: loss=1.832805  (6.34 sec, 65 subtrees, 225 chunks, 9313896 nodes)
  residual top-10 (subtree_mass × max(avg_loss − 1.833, 0)):
    rc   rootID   mass      avg_loss     score 
    39   493671   419607    1.9531       50479.4
    1    50944    1479765   1.8545       32044.0
    46   840714   415269    1.8549       9176.1
    6    309644   167551    1.8844       8642.5
    58   1402652  543420    1.8446       6419.2
    42   614321   234101    1.8586       6045.9
    40   574911   82726     1.8920       4901.0
    5    300532   44208     1.9268       4155.6
    43   660187   735168    1.8376       3538.5
    52   1074317  367799    1.8405       2848.2
    top-10: 52.2% of mass, 94.7% of excess-loss
Epoch 58: loss=1.825090  (6.36 sec, 65 subtrees, 225 chunks, 9313896 nodes)
  residual top-10 (subtree_mass × max(avg_loss − 1.825, 0)):
    rc   rootID   mass      avg_loss     score 
    39   493671   419607    1.9691       60410.2
    1    50944    1479765   1.8575       47903.7
    46   840714   415269    1.8477       9373.1
    6    309644   167551    1.8722       7892.3
    40   574911   82726     1.9037       6500.7
    63   1577668  160299    1.8608       5731.3
    42   614321   234101    1.8485       5481.1
    5    300532   44208     1.8857       2678.7
    44   798168   118584    1.8394       1694.4
    41   591555   114034    1.8374       1403.7
    top-10: 37.6% of mass, 98.1% of excess-loss
Epoch 59: loss=1.823850  (6.37 sec, 65 subtrees, 225 chunks, 9313896 nodes)
  residual top-10 (subtree_mass × max(avg_loss − 1.824, 0)):
    rc   rootID   mass      avg_loss     score 
    1    50944    1479765   1.8738       73946.6
    39   493671   419607    1.9437       50304.8
    6    309644   167551    1.8790       9244.4
    46   840714   415269    1.8435       8159.2
    40   574911   82726     1.8867       5201.1
    0    1        297533    1.8398       4731.8
    42   614321   234101    1.8395       3658.5
    5    300532   44208     1.8993       3333.4
    44   798168   118584    1.8354       1368.3
    52   1074317  367799    1.8275       1326.5
    top-10: 42.2% of mass, 98.3% of excess-loss
Epoch 60: loss=1.816200  (6.37 sec, 65 subtrees, 225 chunks, 9313896 nodes)
  residual top-10 (subtree_mass × max(avg_loss − 1.816, 0)):
    rc   rootID   mass      avg_loss     score 
    39   493671   419607    1.9567       58966.0
    1    50944    1479765   1.8530       54439.8
    46   840714   415269    1.8394       9652.8
    6    309644   167551    1.8661       8360.0
    40   574911   82726     1.8917       6247.6
    42   614321   234101    1.8365       4746.7
    5    300532   44208     1.8787       2762.6
    44   798168   118584    1.8340       2110.9
    52   1074317  367799    1.8208       1697.6
    58   1402652  543420    1.8184       1215.9
    top-10: 45.0% of mass, 98.8% of excess-loss
Epoch 61: loss=1.815062  (6.36 sec, 65 subtrees, 225 chunks, 9313896 nodes)
  residual top-10 (subtree_mass × max(avg_loss − 1.815, 0)):
    rc   rootID   mass      avg_loss     score 
    1    50944    1479765   1.8616       68872.6
    39   493671   419607    1.9479       55750.7
    6    309644   167551    1.8755       10127.1
    46   840714   415269    1.8373       9215.0
    40   574911   82726     1.8916       6328.2
    42   614321   234101    1.8343       4504.2
    5    300532   44208     1.8941       3495.3
    44   798168   118584    1.8318       1987.2
    58   1402652  543420    1.8182       1699.7
    63   1577668  160299    1.8250       1591.6
    top-10: 42.6% of mass, 99.4% of excess-loss
Epoch 62: loss=1.804783  (6.36 sec, 65 subtrees, 225 chunks, 9313896 nodes)
  residual top-10 (subtree_mass × max(avg_loss − 1.805, 0)):
    rc   rootID   mass      avg_loss     score 
    39   493671   419607    1.9171       47120.8
    1    50944    1479765   1.8351       44837.0
    46   840714   415269    1.8339       12111.0
    6    309644   167551    1.8560       8586.6
    42   614321   234101    1.8302       5955.9
    40   574911   82726     1.8623       4757.0
    58   1402652  543420    1.8120       3930.9
    43   660187   735168    1.8099       3768.6
    44   798168   118584    1.8271       2650.4
    5    300532   44208     1.8621       2534.4
    top-10: 49.3% of mass, 96.5% of excess-loss
Epoch 63: loss=1.803506  (6.34 sec, 65 subtrees, 225 chunks, 9313896 nodes)
  residual top-10 (subtree_mass × max(avg_loss − 1.804, 0)):
    rc   rootID   mass      avg_loss     score 
    39   493671   419607    1.9171       47660.9
    1    50944    1479765   1.8285       36933.3
    46   840714   415269    1.8314       11577.5
    58   1402652  543420    1.8202       9055.8
    6    309644   167551    1.8525       8205.7
    40   574911   82726     1.8656       5133.0
    42   614321   234101    1.8249       5018.1
    63   1577668  160299    1.8288       4051.1
    61   1551260  134045    1.8246       2828.9
    57   1329804  377747    1.8100       2445.5
    top-10: 46.7% of mass, 93.5% of excess-loss
Epoch 64: loss=1.800148  (6.36 sec, 65 subtrees, 225 chunks, 9313896 nodes)
  residual top-10 (subtree_mass × max(avg_loss − 1.800, 0)):
    rc   rootID   mass      avg_loss     score 
    1    50944    1479765   1.8322       47435.1
    39   493671   419607    1.9101       46149.7
    46   840714   415269    1.8296       12244.1
    6    309644   167551    1.8471       7869.3
    58   1402652  543420    1.8118       6311.0
    42   614321   234101    1.8241       5606.8
    40   574911   82726     1.8576       4752.5
    43   660187   735168    1.8051       3633.9
    63   1577668  160299    1.8189       3004.3
    44   798168   118584    1.8218       2570.4
    top-10: 50.7% of mass, 94.6% of excess-loss
Epoch 65: loss=1.797810  (6.35 sec, 65 subtrees, 225 chunks, 9313896 nodes)
  residual top-10 (subtree_mass × max(avg_loss − 1.798, 0)):
    rc   rootID   mass      avg_loss     score 
    39   493671   419607    1.9111       47550.0
    1    50944    1479765   1.8231       37351.8
    46   840714   415269    1.8277       12427.2
    58   1402652  543420    1.8129       8219.5
    6    309644   167551    1.8440       7731.1
    42   614321   234101    1.8228       5848.0
    40   574911   82726     1.8580       4976.3
    43   660187   735168    1.8031       3886.1
    52   1074317  367799    1.8083       3843.3
    57   1329804  377747    1.8066       3311.9
    top-10: 56.1% of mass, 93.4% of excess-loss
Epoch 66: loss=1.791118  (6.35 sec, 65 subtrees, 225 chunks, 9313896 nodes)
  residual top-10 (subtree_mass × max(avg_loss − 1.791, 0)):
    rc   rootID   mass      avg_loss     score 
    39   493671   419607    1.8983       44970.7
    1    50944    1479765   1.8168       38049.6
    46   840714   415269    1.8230       13240.6
    6    309644   167551    1.8415       8449.2
    58   1402652  543420    1.8054       7736.4
    42   614321   234101    1.8163       5902.6
    40   574911   82726     1.8486       4758.7
    43   660187   735168    1.7972       4476.7
    52   1074317  367799    1.7993       3008.8
    44   798168   118584    1.8155       2895.4
    top-10: 53.1% of mass, 94.5% of excess-loss
Epoch 67: loss=1.788700  (6.33 sec, 65 subtrees, 225 chunks, 9313896 nodes)
  residual top-10 (subtree_mass × max(avg_loss − 1.789, 0)):
    rc   rootID   mass      avg_loss     score 
    1    50944    1479765   1.8190       44807.4
    39   493671   419607    1.8914       43094.9
    46   840714   415269    1.8212       13506.0
    6    309644   167551    1.8420       8929.4
    58   1402652  543420    1.8001       6218.0
    42   614321   234101    1.8143       6004.0
    43   660187   735168    1.7953       4833.2
    40   574911   82726     1.8433       4514.1
    52   1074317  367799    1.7974       3195.2
    44   798168   118584    1.8136       2953.8
    top-10: 53.1% of mass, 95.6% of excess-loss
Epoch 68: loss=1.787194  (6.34 sec, 65 subtrees, 225 chunks, 9313896 nodes)
  residual top-10 (subtree_mass × max(avg_loss − 1.787, 0)):
    rc   rootID   mass      avg_loss     score 
    39   493671   419607    1.8857       41322.0
    1    50944    1479765   1.8149       40980.0
    46   840714   415269    1.8196       13445.9
    58   1402652  543420    1.8048       9549.8
    6    309644   167551    1.8399       8829.6
    42   614321   234101    1.8125       5933.3
    43   660187   735168    1.7939       4917.8
    57   1329804  377747    1.7999       4816.7
    40   574911   82726     1.8410       4448.9
    52   1074317  367799    1.7961       3278.6
    top-10: 56.1% of mass, 93.4% of excess-loss
Epoch 69: loss=1.783114  (6.32 sec, 65 subtrees, 225 chunks, 9313896 nodes)
  residual top-10 (subtree_mass × max(avg_loss − 1.783, 0)):
    rc   rootID   mass      avg_loss     score 
    39   493671   419607    1.8846       42569.7
    1    50944    1479765   1.8091       38414.8
    46   840714   415269    1.8174       14253.1
    58   1402652  543420    1.8006       9526.6
    6    309644   167551    1.8330       8352.9
    43   660187   735168    1.7921       6610.7
    42   614321   234101    1.8107       6465.8
    40   574911   82726     1.8382       4556.0
    52   1074317  367799    1.7936       3870.3
    57   1329804  377747    1.7931       3758.2
    top-10: 56.1% of mass, 93.5% of excess-loss
Epoch 70: loss=1.779993  (6.37 sec, 65 subtrees, 225 chunks, 9313896 nodes)
  residual top-10 (subtree_mass × max(avg_loss − 1.780, 0)):
    rc   rootID   mass      avg_loss     score 
    39   493671   419607    1.8839       43589.4
    1    50944    1479765   1.8068       39716.0
    46   840714   415269    1.8149       14505.0
    6    309644   167551    1.8324       8779.2
    58   1402652  543420    1.7948       8041.8
    42   614321   234101    1.8076       6464.4
    43   660187   735168    1.7884       6163.3
    40   574911   82726     1.8363       4658.1
    52   1074317  367799    1.7917       4313.7
    44   798168   118584    1.8067       3170.2
    top-10: 53.1% of mass, 93.9% of excess-loss
Epoch 71: loss=1.778867  (6.36 sec, 65 subtrees, 225 chunks, 9313896 nodes)
  residual top-10 (subtree_mass × max(avg_loss − 1.779, 0)):
    rc   rootID   mass      avg_loss     score 
    1    50944    1479765   1.8090       44647.6
    39   493671   419607    1.8742       40016.9
    46   840714   415269    1.8136       14404.0
    58   1402652  543420    1.7960       9293.9
    6    309644   167551    1.8323       8946.8
    42   614321   234101    1.8056       6252.0
    43   660187   735168    1.7871       6036.8
    40   574911   82726     1.8328       4465.2
    52   1074317  367799    1.7902       4171.2
    57   1329804  377747    1.7873       3171.0
    top-10: 56.1% of mass, 93.5% of excess-loss
Epoch 72: loss=1.776000  (6.35 sec, 65 subtrees, 225 chunks, 9313896 nodes)
  residual top-10 (subtree_mass × max(avg_loss − 1.776, 0)):
    rc   rootID   mass      avg_loss     score 
    39   493671   419607    1.8721       40316.9
    1    50944    1479765   1.8030       39985.9
    46   840714   415269    1.8120       14950.3
    58   1402652  543420    1.7930       9257.0
    6    309644   167551    1.8282       8753.2
    43   660187   735168    1.7856       7047.3
    42   614321   234101    1.8039       6536.4
    52   1074317  367799    1.7888       4689.5
    40   574911   82726     1.8308       4537.4
    44   798168   118584    1.8040       3325.5
    top-10: 53.1% of mass, 93.2% of excess-loss
Epoch 73: loss=1.774416  (6.35 sec, 65 subtrees, 225 chunks, 9313896 nodes)
  residual top-10 (subtree_mass × max(avg_loss − 1.774, 0)):
    rc   rootID   mass      avg_loss     score 
    1    50944    1479765   1.8029       42090.8
    39   493671   419607    1.8691       39748.3
    46   840714   415269    1.8107       15078.7
    58   1402652  543420    1.7911       9093.4
    6    309644   167551    1.8267       8752.9
    43   660187   735168    1.7841       7101.3
    42   614321   234101    1.8026       6595.3
    52   1074317  367799    1.7875       4828.2
    40   574911   82726     1.8293       4540.1
    44   798168   118584    1.8022       3299.4
    top-10: 53.1% of mass, 93.4% of excess-loss
Epoch 74: loss=1.772041  (6.36 sec, 65 subtrees, 225 chunks, 9313896 nodes)
  residual top-10 (subtree_mass × max(avg_loss − 1.772, 0)):
    rc   rootID   mass      avg_loss     score 
    1    50944    1479765   1.8012       43200.8
    39   493671   419607    1.8592       36586.5
    46   840714   415269    1.8090       15349.8
    58   1402652  543420    1.7898       9643.1
    6    309644   167551    1.8254       8937.6
    43   660187   735168    1.7819       7250.9
    42   614321   234101    1.7998       6508.0
    52   1074317  367799    1.7859       5095.5
    40   574911   82726     1.8249       4372.7
    44   798168   118584    1.8005       3376.0
    top-10: 53.1% of mass, 93.0% of excess-loss
Epoch 75: loss=1.770412  (6.36 sec, 65 subtrees, 225 chunks, 9313896 nodes)
  residual top-10 (subtree_mass × max(avg_loss − 1.770, 0)):
    rc   rootID   mass      avg_loss     score 
    1    50944    1479765   1.7991       42458.8
    39   493671   419607    1.8517       34102.9
    46   840714   415269    1.8080       15624.3
    58   1402652  543420    1.7885       9849.2
    6    309644   167551    1.8230       8810.3
    43   660187   735168    1.7814       8041.6
    42   614321   234101    1.7997       6852.3
    52   1074317  367799    1.7853       5467.1
    40   574911   82726     1.8236       4402.6
    44   798168   118584    1.7998       3485.8
    top-10: 53.1% of mass, 92.6% of excess-loss
Epoch 76: loss=1.768675  (6.36 sec, 65 subtrees, 225 chunks, 9313896 nodes)
  residual top-10 (subtree_mass × max(avg_loss − 1.769, 0)):
    rc   rootID   mass      avg_loss     score 
    1    50944    1479765   1.7981       43486.7
    39   493671   419607    1.8511       34596.8
    46   840714   415269    1.8068       15819.3
    58   1402652  543420    1.7871       10008.0
    6    309644   167551    1.8218       8895.7
    43   660187   735168    1.7791       7689.5
    42   614321   234101    1.7970       6620.4
    52   1074317  367799    1.7840       5634.6
    40   574911   82726     1.8215       4372.6
    57   1329804  377747    1.7779       3502.1
    top-10: 56.1% of mass, 92.7% of excess-loss
Epoch 77: loss=1.767345  (6.36 sec, 65 subtrees, 225 chunks, 9313896 nodes)
  residual top-10 (subtree_mass × max(avg_loss − 1.767, 0)):
    rc   rootID   mass      avg_loss     score 
    1    50944    1479765   1.7964       42964.9
    39   493671   419607    1.8461       33050.1
    46   840714   415269    1.8061       16101.3
    58   1402652  543420    1.7865       10426.2
    6    309644   167551    1.8202       8859.0
    43   660187   735168    1.7786       8240.9
    42   614321   234101    1.7964       6812.3
    52   1074317  367799    1.7833       5863.7
    40   574911   82726     1.8205       4395.9
    57   1329804  377747    1.7769       3620.2
    top-10: 56.1% of mass, 92.2% of excess-loss
Epoch 78: loss=1.765674  (6.37 sec, 65 subtrees, 225 chunks, 9313896 nodes)
  residual top-10 (subtree_mass × max(avg_loss − 1.766, 0)):
    rc   rootID   mass      avg_loss     score 
    1    50944    1479765   1.7954       43917.1
    39   493671   419607    1.8415       31813.8
    46   840714   415269    1.8049       16291.0
    58   1402652  543420    1.7853       10664.1
    6    309644   167551    1.8191       8959.8
    43   660187   735168    1.7770       8362.8
    42   614321   234101    1.7945       6742.0
    52   1074317  367799    1.7822       6080.2
    40   574911   82726     1.8183       4355.3
    57   1329804  377747    1.7758       3836.1
    top-10: 56.1% of mass, 92.1% of excess-loss
Epoch 79: loss=1.764422  (6.34 sec, 65 subtrees, 225 chunks, 9313896 nodes)
  residual top-10 (subtree_mass × max(avg_loss − 1.764, 0)):
    rc   rootID   mass      avg_loss     score 
    1    50944    1479765   1.7942       44109.3
    39   493671   419607    1.8374       30621.9
    46   840714   415269    1.8042       16502.6
    58   1402652  543420    1.7848       11048.1
    6    309644   167551    1.8178       8950.5
    43   660187   735168    1.7763       8727.0
    42   614321   234101    1.7936       6835.9
    52   1074317  367799    1.7816       6303.9
    40   574911   82726     1.8167       4323.5
    57   1329804  377747    1.7750       3998.2
    top-10: 56.1% of mass, 91.9% of excess-loss
Epoch 80: loss=1.763212  (6.36 sec, 65 subtrees, 225 chunks, 9313896 nodes)
  residual top-10 (subtree_mass × max(avg_loss − 1.763, 0)):
    rc   rootID   mass      avg_loss     score 
    1    50944    1479765   1.7935       44886.8
    39   493671   419607    1.8329       29257.4
    46   840714   415269    1.8033       16664.9
    58   1402652  543420    1.7840       11319.7
    6    309644   167551    1.8172       9046.3
    43   660187   735168    1.7751       8709.4
    42   614321   234101    1.7926       6874.0
    52   1074317  367799    1.7809       6503.4
    40   574911   82726     1.8155       4323.1
    57   1329804  377747    1.7741       4125.9
    top-10: 56.1% of mass, 91.7% of excess-loss
Epoch 81: loss=1.762122  (6.38 sec, 65 subtrees, 225 chunks, 9313896 nodes)
  residual top-10 (subtree_mass × max(avg_loss − 1.762, 0)):
    rc   rootID   mass      avg_loss     score 
    1    50944    1479765   1.7929       45486.0
    39   493671   419607    1.8284       27793.9
    46   840714   415269    1.8026       16819.9
    58   1402652  543420    1.7835       11619.4
    6    309644   167551    1.8164       9094.2
    43   660187   735168    1.7742       8863.9
    42   614321   234101    1.7916       6910.0
    52   1074317  367799    1.7803       6693.2
    57   1329804  377747    1.7735       4314.2
    40   574911   82726     1.8142       4306.5
    top-10: 56.1% of mass, 91.6% of excess-loss
Epoch 82: loss=1.761149  (6.36 sec, 65 subtrees, 225 chunks, 9313896 nodes)
  residual top-10 (subtree_mass × max(avg_loss − 1.761, 0)):
    rc   rootID   mass      avg_loss     score 
    1    50944    1479765   1.7924       46188.9
    39   493671   419607    1.8233       26060.2
    46   840714   415269    1.8021       17005.0
    58   1402652  543420    1.7831       11903.4
    43   660187   735168    1.7736       9147.7
    6    309644   167551    1.8154       9088.6
    42   614321   234101    1.7906       6895.6
    52   1074317  367799    1.7799       6887.0
    57   1329804  377747    1.7729       4456.0
    40   574911   82726     1.8126       4253.3
    top-10: 56.1% of mass, 91.4% of excess-loss
Epoch 83: loss=1.760234  (6.34 sec, 65 subtrees, 225 chunks, 9313896 nodes)
  residual top-10 (subtree_mass × max(avg_loss − 1.760, 0)):
    rc   rootID   mass      avg_loss     score 
    1    50944    1479765   1.7916       46478.0
    39   493671   419607    1.8189       24628.1
    46   840714   415269    1.8017       17200.7
    58   1402652  543420    1.7826       12157.7
    43   660187   735168    1.7728       9271.0
    6    309644   167551    1.8150       9177.4
    52   1074317  367799    1.7794       7053.4
    42   614321   234101    1.7900       6973.2
    57   1329804  377747    1.7726       4671.2
    40   574911   82726     1.8113       4225.9
    top-10: 56.1% of mass, 91.2% of excess-loss
Epoch 84: loss=1.759552  (6.35 sec, 65 subtrees, 225 chunks, 9313896 nodes)
  residual top-10 (subtree_mass × max(avg_loss − 1.760, 0)):
    rc   rootID   mass      avg_loss     score 
    1    50944    1479765   1.7913       47050.8
    39   493671   419607    1.8168       24010.5
    46   840714   415269    1.8013       17349.3
    58   1402652  543420    1.7823       12353.3
    43   660187   735168    1.7723       9391.7
    6    309644   167551    1.8148       9254.9
    52   1074317  367799    1.7790       7135.9
    42   614321   234101    1.7893       6963.7
    57   1329804  377747    1.7720       4710.3
    40   574911   82726     1.8103       4200.1
    top-10: 56.1% of mass, 91.2% of excess-loss
Epoch 85: loss=1.758625  (6.38 sec, 65 subtrees, 225 chunks, 9313896 nodes)
  residual top-10 (subtree_mass × max(avg_loss − 1.759, 0)):
    rc   rootID   mass      avg_loss     score 
    1    50944    1479765   1.7911       48013.5
    39   493671   419607    1.8108       21898.1
    46   840714   415269    1.8007       17468.6
    58   1402652  543420    1.7821       12732.9
    43   660187   735168    1.7714       9419.7
    6    309644   167551    1.8139       9263.5
    52   1074317  367799    1.7788       7402.3
    42   614321   234101    1.7885       6997.1
    57   1329804  377747    1.7717       4937.7
    40   574911   82726     1.8083       4106.7
    top-10: 56.1% of mass, 91.0% of excess-loss
Epoch 86: loss=1.757994  (6.34 sec, 65 subtrees, 225 chunks, 9313896 nodes)
  residual top-10 (subtree_mass × max(avg_loss − 1.758, 0)):
    rc   rootID   mass      avg_loss     score 
    1    50944    1479765   1.7909       48676.0
    39   493671   419607    1.8069       20517.8
    46   840714   415269    1.8005       17644.0
    58   1402652  543420    1.7819       13017.3
    43   660187   735168    1.7709       9454.0
    6    309644   167551    1.8135       9297.9
    52   1074317  367799    1.7785       7539.5
    42   614321   234101    1.7878       6967.2
    57   1329804  377747    1.7714       5074.6
    40   574911   82726     1.8065       4013.3
    top-10: 56.1% of mass, 90.8% of excess-loss
Epoch 87: loss=1.757431  (6.37 sec, 65 subtrees, 225 chunks, 9313896 nodes)
  residual top-10 (subtree_mass × max(avg_loss − 1.757, 0)):
    rc   rootID   mass      avg_loss     score 
    1    50944    1479765   1.7908       49340.7
    39   493671   419607    1.8031       19147.0
    46   840714   415269    1.8001       17704.3
    58   1402652  543420    1.7821       13379.0
    43   660187   735168    1.7702       9388.4
    6    309644   167551    1.8131       9333.9
    52   1074317  367799    1.7784       7697.9
    42   614321   234101    1.7872       6964.3
    57   1329804  377747    1.7713       5230.3
    44   798168   118584    1.7907       3945.3
    top-10: 56.5% of mass, 90.6% of excess-loss
Epoch 88: loss=1.756888  (6.36 sec, 65 subtrees, 225 chunks, 9313896 nodes)
  residual top-10 (subtree_mass × max(avg_loss − 1.757, 0)):
    rc   rootID   mass      avg_loss     score 
    1    50944    1479765   1.7906       49915.6
    39   493671   419607    1.7996       17904.4
    46   840714   415269    1.7999       17856.4
    58   1402652  543420    1.7820       13631.0
    43   660187   735168    1.7697       9450.3
    6    309644   167551    1.8130       9406.6
    52   1074317  367799    1.7781       7785.3
    42   614321   234101    1.7864       6913.2
    57   1329804  377747    1.7712       5420.1
    44   798168   118584    1.7905       3983.5
    top-10: 56.5% of mass, 90.5% of excess-loss
Epoch 89: loss=1.756350  (6.36 sec, 65 subtrees, 225 chunks, 9313896 nodes)
  residual top-10 (subtree_mass × max(avg_loss − 1.756, 0)):
    rc   rootID   mass      avg_loss     score 
    1    50944    1479765   1.7904       50372.0
    46   840714   415269    1.7996       17973.5
    39   493671   419607    1.7958       16534.8
    58   1402652  543420    1.7820       13932.2
    6    309644   167551    1.8128       9464.5
    43   660187   735168    1.7691       9404.5
    52   1074317  367799    1.7780       7980.9
    42   614321   234101    1.7860       6933.9
    57   1329804  377747    1.7711       5564.8
    44   798168   118584    1.7901       4004.5
    top-10: 56.5% of mass, 90.4% of excess-loss
Epoch 90: loss=1.755970  (6.34 sec, 65 subtrees, 225 chunks, 9313896 nodes)
  residual top-10 (subtree_mass × max(avg_loss − 1.756, 0)):
    rc   rootID   mass      avg_loss     score 
    1    50944    1479765   1.7904       50971.3
    46   840714   415269    1.7994       18037.3
    39   493671   419607    1.7927       15413.1
    58   1402652  543420    1.7822       14229.3
    6    309644   167551    1.8131       9570.1
    43   660187   735168    1.7687       9326.4
    52   1074317  367799    1.7780       8117.5
    42   614321   234101    1.7852       6847.9
    57   1329804  377747    1.7711       5700.2
    47   915694   343840    1.7676       4013.3
    top-10: 59.1% of mass, 90.3% of excess-loss
Epoch 91: loss=1.755573  (6.36 sec, 65 subtrees, 225 chunks, 9313896 nodes)
  residual top-10 (subtree_mass × max(avg_loss − 1.756, 0)):
    rc   rootID   mass      avg_loss     score 
    1    50944    1479765   1.7905       51659.6
    46   840714   415269    1.7991       18068.3
    58   1402652  543420    1.7822       14473.9
    39   493671   419607    1.7893       14150.3
    6    309644   167551    1.8129       9601.8
    43   660187   735168    1.7681       9184.8
    52   1074317  367799    1.7779       8214.2
    42   614321   234101    1.7842       6711.4
    57   1329804  377747    1.7711       5871.6
    47   915694   343840    1.7675       4091.6
    top-10: 59.1% of mass, 90.2% of excess-loss
Epoch 92: loss=1.755273  (6.36 sec, 65 subtrees, 225 chunks, 9313896 nodes)
  residual top-10 (subtree_mass × max(avg_loss − 1.755, 0)):
    rc   rootID   mass      avg_loss     score 
    1    50944    1479765   1.7905       52161.7
    46   840714   415269    1.7991       18216.3
    58   1402652  543420    1.7824       14744.7
    39   493671   419607    1.7864       13042.7
    6    309644   167551    1.8131       9685.2
    43   660187   735168    1.7676       9030.3
    52   1074317  367799    1.7780       8348.1
    42   614321   234101    1.7834       6586.5
    57   1329804  377747    1.7713       6040.2
    47   915694   343840    1.7674       4181.5
    top-10: 59.1% of mass, 90.2% of excess-loss
Epoch 93: loss=1.754961  (6.36 sec, 65 subtrees, 225 chunks, 9313896 nodes)
  residual top-10 (subtree_mass × max(avg_loss − 1.755, 0)):
    rc   rootID   mass      avg_loss     score 
    1    50944    1479765   1.7906       52683.6
    46   840714   415269    1.7990       18274.9
    58   1402652  543420    1.7826       15001.9
    39   493671   419607    1.7836       12036.6
    6    309644   167551    1.8133       9773.2
    43   660187   735168    1.7670       8862.5
    52   1074317  367799    1.7781       8498.6
    42   614321   234101    1.7825       6447.2
    57   1329804  377747    1.7713       6190.5
    47   915694   343840    1.7673       4239.4
    top-10: 59.1% of mass, 90.1% of excess-loss
Epoch 94: loss=1.754689  (6.36 sec, 65 subtrees, 225 chunks, 9313896 nodes)
  residual top-10 (subtree_mass × max(avg_loss − 1.755, 0)):
    rc   rootID   mass      avg_loss     score 
    1    50944    1479765   1.7907       53321.1
    46   840714   415269    1.7987       18260.9
    58   1402652  543420    1.7828       15299.0
    39   493671   419607    1.7809       11013.2
    6    309644   167551    1.8134       9841.6
    52   1074317  367799    1.7782       8652.6
    43   660187   735168    1.7662       8488.3
    57   1329804  377747    1.7715       6334.6
    42   614321   234101    1.7814       6251.2
    47   915694   343840    1.7672       4293.5
    top-10: 59.1% of mass, 90.0% of excess-loss
Epoch 95: loss=1.754408  (6.39 sec, 65 subtrees, 225 chunks, 9313896 nodes)
  residual top-10 (subtree_mass × max(avg_loss − 1.754, 0)):
    rc   rootID   mass      avg_loss     score 
    1    50944    1479765   1.7909       53935.0
    46   840714   415269    1.7983       18237.7
    58   1402652  543420    1.7831       15594.7
    39   493671   419607    1.7786       10165.3
    6    309644   167551    1.8137       9926.4
    52   1074317  367799    1.7782       8762.6
    43   660187   735168    1.7653       7999.4
    57   1329804  377747    1.7717       6538.5
    42   614321   234101    1.7802       6036.0
    47   915694   343840    1.7670       4339.6
    top-10: 59.1% of mass, 89.8% of excess-loss
Epoch 96: loss=1.754125  (6.35 sec, 65 subtrees, 225 chunks, 9313896 nodes)
  residual top-10 (subtree_mass × max(avg_loss − 1.754, 0)):
    rc   rootID   mass      avg_loss     score 
    1    50944    1479765   1.7910       54628.9
    46   840714   415269    1.7979       18161.9
    58   1402652  543420    1.7834       15885.2
    6    309644   167551    1.8145       10109.0
    39   493671   419607    1.7766       9447.6
    52   1074317  367799    1.7784       8913.0
    43   660187   735168    1.7644       7572.3
    57   1329804  377747    1.7717       6648.4
    42   614321   234101    1.7788       5781.6
    47   915694   343840    1.7666       4296.2
    top-10: 59.1% of mass, 89.7% of excess-loss
Epoch 97: loss=1.753934  (6.35 sec, 65 subtrees, 225 chunks, 9313896 nodes)
  residual top-10 (subtree_mass × max(avg_loss − 1.754, 0)):
    rc   rootID   mass      avg_loss     score 
    1    50944    1479765   1.7914       55489.9
    46   840714   415269    1.7974       18062.3
    58   1402652  543420    1.7835       16053.5
    6    309644   167551    1.8147       10183.3
    52   1074317  367799    1.7783       8966.2
    39   493671   419607    1.7752       8912.2
    43   660187   735168    1.7635       7040.0
    57   1329804  377747    1.7720       6806.6
    42   614321   234101    1.7777       5572.4
    47   915694   343840    1.7663       4240.8
    top-10: 59.1% of mass, 89.5% of excess-loss
Epoch 98: loss=1.753691  (6.40 sec, 65 subtrees, 225 chunks, 9313896 nodes)
  residual top-10 (subtree_mass × max(avg_loss − 1.754, 0)):
    rc   rootID   mass      avg_loss     score 
    1    50944    1479765   1.7919       56537.4
    46   840714   415269    1.7969       17926.0
    58   1402652  543420    1.7836       16242.1
    6    309644   167551    1.8155       10361.2
    52   1074317  367799    1.7781       8975.9
    39   493671   419607    1.7742       8589.4
    57   1329804  377747    1.7719       6885.6
    43   660187   735168    1.7627       6633.4
    42   614321   234101    1.7769       5423.1
    47   915694   343840    1.7656       4105.6
    top-10: 59.1% of mass, 89.5% of excess-loss
Epoch 99: loss=1.753558  (6.36 sec, 65 subtrees, 225 chunks, 9313896 nodes)
  residual top-10 (subtree_mass × max(avg_loss − 1.754, 0)):
    rc   rootID   mass      avg_loss     score 
    1    50944    1479765   1.7922       57187.4
    46   840714   415269    1.7967       17915.3
    58   1402652  543420    1.7836       16351.6
    6    309644   167551    1.8159       10439.2
    52   1074317  367799    1.7780       9000.4
    39   493671   419607    1.7734       8335.7
    57   1329804  377747    1.7720       6950.9
    43   660187   735168    1.7623       6407.3
    42   614321   234101    1.7762       5301.9
    47   915694   343840    1.7654       4057.4
    top-10: 59.1% of mass, 89.5% of excess-loss
Epoch 100: loss=1.753497  (6.35 sec, 65 subtrees, 225 chunks, 9313896 nodes)
  residual top-10 (subtree_mass × max(avg_loss − 1.753, 0)):
    rc   rootID   mass      avg_loss     score 
    1    50944    1479765   1.7924       57523.7
    46   840714   415269    1.7965       17846.4
    58   1402652  543420    1.7836       16360.4
    6    309644   167551    1.8161       10485.0
    52   1074317  367799    1.7778       8944.7
    39   493671   419607    1.7733       8292.0
    57   1329804  377747    1.7719       6943.8
    43   660187   735168    1.7621       6306.6
    42   614321   234101    1.7758       5230.3
    47   915694   343840    1.7652       4035.7
    top-10: 59.1% of mass, 89.5% of excess-loss
Saved to /tmp/dist_rope_smoke_distrope.model
Done.
  Appended optimizer state to /tmp/dist_rope_smoke_distrope.model (adam_t=6500)
