INFO: --anc-grad: per-subtree descendant→ancestor gradient flow enabled (Wk/Wv get full gradient instead of own-edge-only)
AGPT CUDA Training Engine
  Model: d=64 heads=4 layers=2 ff=256 vocab=65 seq=16(header) head_dim=16
  Loaded 108481 weight floats (423.8 KB)
  Loaded optimizer state from checkpoint (adam_t=0)
Loading radix trie from /tmp/agpt_input_d16_static_radix...
  Radix trie: 1607928 nodes, 9313896 total edge chars, 17 endpoint depths
  Radix loaded: 2697118 counts entries, 12276596 ancestor char entries
  d_split: 1062377/1607928 nodes have a mass=1 ancestor (mean depth 9.21)
  lr-schedule: warmup-cosine (peak=0.003, warmup_epochs=5)
  optimizer: rmsprop (lr=0.003)
  curriculum: flat (d=max each epoch)
  max edge_len: 16, max ancestor chars: 15, max KV per node: 31, max endpoint depth: 16
  mass=1 compaction: 8275783 / 9313896 chars are mass=1 (88.9%); cache holds 1038113 positions
  loop points: 18684 (mass>1 leaves; 3.4% of 545550 mass>1 nodes)
  KV cache: 531.5 MB unified memory (bf16 compact)
Position-data: 1829775 substrings, 1607928 radix nodes, eff_cos/sin 111.7 MB each (mode=expected)
  GPU memory: 3257.2 MB used, 4929.6 MB free, 8186.8 MB total
  65 root-child subtrees: sizes min=1 max=246583 avg=24737.3 (total=1607927 radix nodes)
  anc-grad: max_n_subtree_compact_chars=158106, 2 layers x 3 buffers x 40.48 MB + 4.15 MB lookup = 249.53 MB total
Epoch 1: loss=3.379758  (6.84 sec, 65 subtrees, 225 chunks, 9313896 nodes)
  residual top-10 (subtree_mass × max(avg_loss − 3.380, 0)):
    rc   rootID   mass      avg_loss     score 
    1    50944    1479765   4.8528       2179756.6
    0    1        297533    4.8396       434342.3
    6    309644   167551    4.1533       129608.7
    5    300532   44208     4.4302       46436.9
    10   349444   84126     3.8355       38339.5
    8    341198   57485     3.9024       30044.3
    2    297527   13758     4.5690       16361.8
    13   372685   55068     3.5544       9618.5
    7    338414   10559     4.2405       9088.9
    11   364300   27722     3.6246       6788.4
    top-10: 26.0% of mass, 99.5% of excess-loss
Epoch 2: loss=2.688869  (6.49 sec, 65 subtrees, 225 chunks, 9313896 nodes)
  residual top-10 (subtree_mass × max(avg_loss − 2.689, 0)):
    rc   rootID   mass      avg_loss     score 
    1    50944    1479765   2.8596       252709.3
    10   349444   84126     3.2512       47302.7
    6    309644   167551    2.9273       39950.7
    5    300532   44208     3.3658       29927.3
    0    1        297533    2.7860       28914.4
    39   493671   419607    2.7392       21127.5
    8    341198   57485     2.9009       12187.8
    7    338414   10559     2.9951       3233.5
    12   369639   16107     2.8569       2707.1
    2    297527   13758     2.8735       2540.3
    top-10: 30.1% of mass, 97.7% of excess-loss
Epoch 3: loss=2.530557  (6.52 sec, 65 subtrees, 225 chunks, 9313896 nodes)
  residual top-10 (subtree_mass × max(avg_loss − 2.531, 0)):
    rc   rootID   mass      avg_loss     score 
    1    50944    1479765   2.6059       111501.9
    10   349444   84126     3.0491       43626.3
    6    309644   167551    2.7127       30515.5
    5    300532   44208     3.1742       28452.8
    39   493671   419607    2.5839       22378.4
    0    1        297533    2.5617       9269.5
    11   364300   27722     2.8434       8672.0
    8    341198   57485     2.6477       6735.2
    12   369639   16107     2.7390       3356.8
    63   1577668  160299    2.5446       2252.9
    top-10: 32.0% of mass, 97.4% of excess-loss
Epoch 4: loss=2.476568  (6.57 sec, 65 subtrees, 225 chunks, 9313896 nodes)
  residual top-10 (subtree_mass × max(avg_loss − 2.477, 0)):
    rc   rootID   mass      avg_loss     score 
    6    309644   167551    2.8640       64921.7
    5    300532   44208     3.3670       39365.3
    10   349444   84126     2.8268       29459.8
    1    50944    1479765   2.4958       28386.7
    39   493671   419607    2.5342       24181.3
    11   364300   27722     2.7348       7159.2
    47   915694   343840    2.4958       6604.1
    8    341198   57485     2.5787       5873.7
    13   372685   55068     2.5628       4749.8
    46   840714   415269    2.4875       4550.4
    top-10: 36.0% of mass, 94.0% of excess-loss
Epoch 5: loss=2.470752  (6.53 sec, 65 subtrees, 225 chunks, 9313896 nodes)
  residual top-10 (subtree_mass × max(avg_loss − 2.471, 0)):
    rc   rootID   mass      avg_loss     score 
    10   349444   84126     3.6530       99460.7
    6    309644   167551    2.7347       44218.8
    5    300532   44208     3.4255       42208.9
    39   493671   419607    2.5295       24653.3
    11   364300   27722     2.7291       7161.1
    8    341198   57485     2.5931       7035.1
    13   372685   55068     2.5741       5689.5
    12   369639   16107     2.7738       4880.5
    42   614321   234101    2.4865       3686.8
    43   660187   735168    2.4750       3135.6
    top-10: 21.4% of mass, 95.1% of excess-loss
Epoch 6: loss=2.433626  (6.54 sec, 65 subtrees, 225 chunks, 9313896 nodes)
  residual top-10 (subtree_mass × max(avg_loss − 2.434, 0)):
    rc   rootID   mass      avg_loss     score 
    10   349444   84126     3.0512       51958.0
    6    309644   167551    2.6996       44568.3
    5    300532   44208     3.2617       36607.9
    39   493671   419607    2.5176       35235.5
    8    341198   57485     2.5855       8729.8
    13   372685   55068     2.5744       7751.4
    11   364300   27722     2.6784       6786.7
    12   369639   16107     2.7275       4733.7
    40   574911   82726     2.4637       2491.6
    7    338414   10559     2.6411       2190.5
    top-10: 11.2% of mass, 97.1% of excess-loss
Epoch 7: loss=2.408751  (6.55 sec, 65 subtrees, 225 chunks, 9313896 nodes)
  residual top-10 (subtree_mass × max(avg_loss − 2.409, 0)):
    rc   rootID   mass      avg_loss     score 
    6    309644   167551    2.5945       31129.7
    5    300532   44208     3.0431       28042.5
    39   493671   419607    2.4654       23774.7
    10   349444   84126     2.5515       12005.1
    1    50944    1479765   2.4150       9236.1
    8    341198   57485     2.4819       4205.7
    12   369639   16107     2.6513       3906.3
    13   372685   55068     2.4783       3828.1
    7    338414   10559     2.6032       2053.4
    11   364300   27722     2.4654       1570.2
    top-10: 27.5% of mass, 96.8% of excess-loss
Epoch 8: loss=2.393293  (6.56 sec, 65 subtrees, 225 chunks, 9313896 nodes)
  residual top-10 (subtree_mass × max(avg_loss − 2.393, 0)):
    rc   rootID   mass      avg_loss     score 
    39   493671   419607    2.4645       29891.1
    5    300532   44208     2.9678       25399.7
    6    309644   167551    2.5254       22142.5
    10   349444   84126     2.5722       15054.4
    13   372685   55068     2.5059       6199.8
    8    341198   57485     2.4773       4829.4
    12   369639   16107     2.6602       4298.9
    40   574911   82726     2.4220       2371.6
    11   364300   27722     2.4704       2137.7
    7    338414   10559     2.5440       1591.7
    top-10: 11.2% of mass, 95.1% of excess-loss
Epoch 9: loss=2.374687  (6.54 sec, 65 subtrees, 225 chunks, 9313896 nodes)
  residual top-10 (subtree_mass × max(avg_loss − 2.375, 0)):
    rc   rootID   mass      avg_loss     score 
    6    309644   167551    2.5838       35031.6
    5    300532   44208     3.0827       31298.9
    39   493671   419607    2.4370       26162.5
    10   349444   84126     2.6285       21351.7
    8    341198   57485     2.4494       4294.4
    12   369639   16107     2.5295       2493.0
    7    338414   10559     2.5684       2045.2
    13   372685   55068     2.4114       2022.2
    11   364300   27722     2.4444       1931.8
    40   574911   82726     2.3965       1802.8
    top-10: 11.2% of mass, 97.6% of excess-loss
Epoch 10: loss=2.364485  (6.50 sec, 65 subtrees, 225 chunks, 9313896 nodes)
  residual top-10 (subtree_mass × max(avg_loss − 2.364, 0)):
    rc   rootID   mass      avg_loss     score 
    39   493671   419607    2.4503       36019.6
    6    309644   167551    2.5175       25645.1
    5    300532   44208     2.9028       23796.8
    10   349444   84126     2.5350       14345.9
    8    341198   57485     2.5033       7980.2
    12   369639   16107     2.6361       4375.6
    40   574911   82726     2.4082       3616.4
    13   372685   55068     2.4212       3122.5
    11   364300   27722     2.4534       2463.8
    7    338414   10559     2.5470       1927.3
    top-10: 11.2% of mass, 95.9% of excess-loss
Epoch 11: loss=2.344051  (6.48 sec, 65 subtrees, 225 chunks, 9313896 nodes)
  residual top-10 (subtree_mass × max(avg_loss − 2.344, 0)):
    rc   rootID   mass      avg_loss     score 
    6    309644   167551    2.5130       28314.2
    39   493671   419607    2.4006       23722.8
    5    300532   44208     2.8784       23620.8
    10   349444   84126     2.4064       5244.8
    47   915694   343840    2.3588       5084.8
    1    50944    1479765   2.3473       4832.4
    46   840714   415269    2.3542       4220.2
    50   993056   244544    2.3607       4061.1
    8    341198   57485     2.4108       3836.7
    7    338414   10559     2.5138       1792.7
    top-10: 38.0% of mass, 93.6% of excess-loss
Epoch 12: loss=2.329873  (6.53 sec, 65 subtrees, 225 chunks, 9313896 nodes)
  residual top-10 (subtree_mass × max(avg_loss − 2.330, 0)):
    rc   rootID   mass      avg_loss     score 
    39   493671   419607    2.3999       29396.1
    6    309644   167551    2.4805       25245.8
    5    300532   44208     2.8576       23327.9
    10   349444   84126     2.4474       9890.4
    40   574911   82726     2.3614       2611.0
    8    341198   57485     2.3730       2481.7
    47   915694   343840    2.3353       1876.1
    44   798168   118584    2.3441       1683.1
    7    338414   10559     2.4755       1537.4
    11   364300   27722     2.3803       1396.9
    top-10: 15.8% of mass, 94.7% of excess-loss
Epoch 13: loss=2.312894  (6.47 sec, 65 subtrees, 225 chunks, 9313896 nodes)
  residual top-10 (subtree_mass × max(avg_loss − 2.313, 0)):
    rc   rootID   mass      avg_loss     score 
    6    309644   167551    2.4740       26991.0
    39   493671   419607    2.3665       22474.5
    5    300532   44208     2.8005       21553.9
    1    50944    1479765   2.3244       16980.5
    10   349444   84126     2.3676       4599.4
    8    341198   57485     2.3572       2549.0
    7    338414   10559     2.4533       1482.2
    40   574911   82726     2.3275       1206.9
    12   369639   16107     2.3781       1050.7
    44   798168   118584    2.3178       578.3 
    top-10: 28.9% of mass, 99.0% of excess-loss
Epoch 14: loss=2.297230  (6.44 sec, 65 subtrees, 225 chunks, 9313896 nodes)
  residual top-10 (subtree_mass × max(avg_loss − 2.297, 0)):
    rc   rootID   mass      avg_loss     score 
    39   493671   419607    2.3765       33280.2
    6    309644   167551    2.3952       16418.8
    5    300532   44208     2.6289       14662.9
    1    50944    1479765   2.3025       7747.3
    10   349444   84126     2.3775       6756.7
    40   574911   82726     2.3354       3154.9
    8    341198   57485     2.3336       2090.8
    12   369639   16107     2.4038       1716.7
    7    338414   10559     2.4073       1162.0
    11   364300   27722     2.3352       1052.9
    top-10: 27.8% of mass, 96.2% of excess-loss
Epoch 15: loss=2.279100  (6.42 sec, 65 subtrees, 225 chunks, 9313896 nodes)
  residual top-10 (subtree_mass × max(avg_loss − 2.279, 0)):
    rc   rootID   mass      avg_loss     score 
    39   493671   419607    2.3430       26813.6
    6    309644   167551    2.3644       14290.1
    5    300532   44208     2.5609       12457.4
    1    50944    1479765   2.2864       10737.0
    47   915694   343840    2.3076       9789.3
    46   840714   415269    2.2996       8513.0
    10   349444   84126     2.3492       5899.8
    50   993056   244544    2.2930       3391.4
    8    341198   57485     2.3211       2414.8
    40   574911   82726     2.3052       2156.8
    top-10: 38.8% of mass, 91.3% of excess-loss
Epoch 16: loss=2.263460  (6.43 sec, 65 subtrees, 225 chunks, 9313896 nodes)
  residual top-10 (subtree_mass × max(avg_loss − 2.263, 0)):
    rc   rootID   mass      avg_loss     score 
    39   493671   419607    2.3660       43006.4
    6    309644   167551    2.3412       13030.2
    5    300532   44208     2.5539       12841.3
    1    50944    1479765   2.2709       11000.7
    10   349444   84126     2.3344       5971.5
    46   840714   415269    2.2774       5782.9
    40   574911   82726     2.3212       4776.7
    47   915694   343840    2.2730       3295.9
    44   798168   118584    2.2850       2550.7
    13   372685   55068     2.3074       2421.6
    top-10: 37.3% of mass, 94.4% of excess-loss
Epoch 17: loss=2.252651  (6.40 sec, 65 subtrees, 225 chunks, 9313896 nodes)
  residual top-10 (subtree_mass × max(avg_loss − 2.253, 0)):
    rc   rootID   mass      avg_loss     score 
    39   493671   419607    2.3461       39228.3
    6    309644   167551    2.3358       13924.1
    5    300532   44208     2.5272       12138.6
    46   840714   415269    2.2690       6795.2
    10   349444   84126     2.3103       4852.2
    47   915694   343840    2.2664       4713.4
    40   574911   82726     2.2993       3856.0
    44   798168   118584    2.2732       2431.7
    30   457660   31233     2.3281       2357.8
    31   464280   29454     2.3022       1458.7
    top-10: 20.2% of mass, 90.5% of excess-loss
Epoch 18: loss=2.241749  (6.59 sec, 65 subtrees, 225 chunks, 9313896 nodes)
  residual top-10 (subtree_mass × max(avg_loss − 2.242, 0)):
    rc   rootID   mass      avg_loss     score 
    39   493671   419607    2.3108       28981.2
    6    309644   167551    2.3202       13143.4
    5    300532   44208     2.5102       11866.3
    1    50944    1479765   2.2491       10832.3
    46   840714   415269    2.2592       7226.1
    10   349444   84126     2.3102       5759.1
    47   915694   343840    2.2555       4713.2
    40   574911   82726     2.2681       2181.9
    44   798168   118584    2.2553       1605.9
    42   614321   234101    2.2482       1510.9
    top-10: 39.4% of mass, 95.4% of excess-loss
Epoch 19: loss=2.242203  (6.56 sec, 65 subtrees, 225 chunks, 9313896 nodes)
  residual top-10 (subtree_mass × max(avg_loss − 2.242, 0)):
    rc   rootID   mass      avg_loss     score 
    39   493671   419607    2.3271       35637.0
    1    50944    1479765   2.2634       31414.9
    6    309644   167551    2.3530       18559.0
    5    300532   44208     2.5526       13722.6
    40   574911   82726     2.2843       3480.9
    10   349444   84126     2.2784       3049.0
    46   840714   415269    2.2490       2841.3
    47   915694   343840    2.2489       2291.0
    50   993056   244544    2.2469       1151.2
    7    338414   10559     2.3402       1034.5
    top-10: 38.3% of mass, 97.3% of excess-loss
Epoch 20: loss=2.223531  (6.44 sec, 65 subtrees, 225 chunks, 9313896 nodes)
  residual top-10 (subtree_mass × max(avg_loss − 2.224, 0)):
    rc   rootID   mass      avg_loss     score 
    39   493671   419607    2.2978       31147.0
    6    309644   167551    2.3231       16679.9
    1    50944    1479765   2.2338       15208.2
    5    300532   44208     2.4781       11252.5
    46   840714   415269    2.2375       5788.4
    50   993056   244544    2.2425       4628.9
    47   915694   343840    2.2342       3682.9
    40   574911   82726     2.2550       2599.6
    49   982783   50950     2.2605       1885.5
    44   798168   118584    2.2369       1581.6
    top-10: 39.2% of mass, 96.3% of excess-loss
Epoch 21: loss=2.206615  (6.39 sec, 65 subtrees, 225 chunks, 9313896 nodes)
  residual top-10 (subtree_mass × max(avg_loss − 2.207, 0)):
    rc   rootID   mass      avg_loss     score 
    39   493671   419607    2.2880       34161.8
    1    50944    1479765   2.2196       19287.9
    46   840714   415269    2.2313       10257.1
    47   915694   343840    2.2306       8255.7
    5    300532   44208     2.3711       7271.2
    6    309644   167551    2.2491       7115.9
    50   993056   244544    2.2286       5369.5
    40   574911   82726     2.2578       4231.1
    49   982783   50950     2.2502       2218.5
    44   798168   118584    2.2248       2152.2
    top-10: 39.2% of mass, 96.5% of excess-loss
Epoch 22: loss=2.199591  (6.40 sec, 65 subtrees, 225 chunks, 9313896 nodes)
  residual top-10 (subtree_mass × max(avg_loss − 2.200, 0)):
    rc   rootID   mass      avg_loss     score 
    39   493671   419607    2.3114       46922.5
    1    50944    1479765   2.2150       22756.9
    6    309644   167551    2.2428       7232.0
    5    300532   44208     2.3455       6450.7
    40   574911   82726     2.2634       5276.4
    46   840714   415269    2.2067       2932.4
    30   457660   31233     2.2705       2213.5
    50   993056   244544    2.2051       1359.4
    31   464280   29454     2.2390       1160.2
    52   1074317  367799    2.2018       800.6 
    top-10: 38.2% of mass, 96.4% of excess-loss
Epoch 23: loss=2.191982  (6.40 sec, 65 subtrees, 225 chunks, 9313896 nodes)
  residual top-10 (subtree_mass × max(avg_loss − 2.192, 0)):
    rc   rootID   mass      avg_loss     score 
    39   493671   419607    2.2804       37084.4
    56   1258453  358000    2.2393       16933.0
    1    50944    1479765   2.2005       12634.6
    57   1329804  377747    2.2201       10614.4
    5    300532   44208     2.3915       8819.4
    6    309644   167551    2.2403       8094.4
    58   1402652  543420    2.1976       3074.3
    40   574911   82726     2.2207       2374.8
    32   470512   50448     2.2181       1319.0
    31   464280   29454     2.2090       501.6 
    top-10: 41.3% of mass, 98.7% of excess-loss
Epoch 24: loss=2.179186  (6.51 sec, 65 subtrees, 225 chunks, 9313896 nodes)
  residual top-10 (subtree_mass × max(avg_loss − 2.179, 0)):
    rc   rootID   mass      avg_loss     score 
    39   493671   419607    2.2757       40493.8
    1    50944    1479765   2.2058       39325.7
    6    309644   167551    2.2283       8231.4
    5    300532   44208     2.3181       6140.2
    0    1        297533    2.1950       4718.2
    46   840714   415269    2.1896       4341.3
    40   574911   82726     2.2284       4071.3
    32   470512   50448     2.2249       2303.7
    42   614321   234101    2.1849       1329.2
    47   915694   343840    2.1827       1219.1
    top-10: 41.1% of mass, 97.2% of excess-loss
Epoch 25: loss=2.178976  (6.55 sec, 65 subtrees, 225 chunks, 9313896 nodes)
  residual top-10 (subtree_mass × max(avg_loss − 2.179, 0)):
    rc   rootID   mass      avg_loss     score 
    39   493671   419607    2.2569       32694.3
    6    309644   167551    2.2975       19865.6
    5    300532   44208     2.4966       14041.9
    1    50944    1479765   2.1854       9557.2
    56   1258453  358000    2.1978       6725.4
    57   1329804  377747    2.1949       6013.9
    58   1402652  543420    2.1900       5993.7
    10   349444   84126     2.2148       3017.6
    40   574911   82726     2.2039       2061.6
    7    338414   10559     2.2851       1120.2
    top-10: 41.5% of mass, 98.0% of excess-loss
Epoch 26: loss=2.167725  (6.55 sec, 65 subtrees, 225 chunks, 9313896 nodes)
  residual top-10 (subtree_mass × max(avg_loss − 2.168, 0)):
    rc   rootID   mass      avg_loss     score 
    6    309644   167551    2.3609       32360.3
    39   493671   419607    2.2448       32324.3
    5    300532   44208     2.5859       18484.9
    1    50944    1479765   2.1792       16961.5
    50   993056   244544    2.1898       5386.5
    46   840714   415269    2.1744       2776.6
    52   1074317  367799    2.1737       2211.4
    10   349444   84126     2.1933       2150.8
    40   574911   82726     2.1936       2143.0
    49   982783   50950     2.2029       1792.8
    top-10: 39.0% of mass, 96.6% of excess-loss
Epoch 27: loss=2.157919  (6.58 sec, 65 subtrees, 225 chunks, 9313896 nodes)
  residual top-10 (subtree_mass × max(avg_loss − 2.158, 0)):
    rc   rootID   mass      avg_loss     score 
    39   493671   419607    2.2804       51385.6
    6    309644   167551    2.2333       12635.1
    1    50944    1479765   2.1640       9058.8
    5    300532   44208     2.3392       8012.6
    40   574911   82726     2.2322       6145.7
    46   840714   415269    2.1720       5840.9
    42   614321   234101    2.1664       1978.9
    10   349444   84126     2.1801       1864.9
    44   798168   118584    2.1697       1391.6
    11   364300   27722     2.2071       1363.3
    top-10: 35.7% of mass, 98.2% of excess-loss
Epoch 28: loss=2.152365  (6.52 sec, 65 subtrees, 225 chunks, 9313896 nodes)
  residual top-10 (subtree_mass × max(avg_loss − 2.152, 0)):
    rc   rootID   mass      avg_loss     score 
    39   493671   419607    2.2516       41620.7
    6    309644   167551    2.2989       24550.3
    5    300532   44208     2.4759       14300.8
    46   840714   415269    2.1760       9818.3
    1    50944    1479765   2.1571       7058.2
    40   574911   82726     2.1973       3721.4
    10   349444   84126     2.1916       3297.9
    42   614321   234101    2.1626       2395.9
    47   915694   343840    2.1581       1974.0
    44   798168   118584    2.1650       1495.6
    top-10: 39.4% of mass, 96.7% of excess-loss
Epoch 29: loss=2.224164  (6.60 sec, 65 subtrees, 225 chunks, 9313896 nodes)
  residual top-10 (subtree_mass × max(avg_loss − 2.224, 0)):
    rc   rootID   mass      avg_loss     score 
    6    309644   167551    2.8022       96853.2
    10   349444   84126     2.9572       61668.8
    5    300532   44208     3.3872       51414.2
    39   493671   419607    2.2944       29458.7
    8    341198   57485     2.6366       23709.8
    11   364300   27722     2.6110       10722.5
    13   372685   55068     2.3292       5784.2
    7    338414   10559     2.7634       5693.8
    12   369639   16107     2.5018       4471.7
    40   574911   82726     2.2427       1531.3
    top-10: 11.2% of mass, 99.6% of excess-loss
Epoch 30: loss=2.219213  (6.51 sec, 65 subtrees, 225 chunks, 9313896 nodes)
  residual top-10 (subtree_mass × max(avg_loss − 2.219, 0)):
    rc   rootID   mass      avg_loss     score 
    6    309644   167551    2.5656       58035.0
    39   493671   419607    2.2992       33566.7
    5    300532   44208     2.8995       30072.0
    10   349444   84126     2.4944       23146.5
    8    341198   57485     2.3660       8439.6
    12   369639   16107     2.5328       5050.5
    13   372685   55068     2.2984       4362.7
    11   364300   27722     2.3709       4206.2
    7    338414   10559     2.5505       3498.0
    40   574911   82726     2.2538       2860.9
    top-10: 11.2% of mass, 96.4% of excess-loss
Epoch 31: loss=2.199406  (6.40 sec, 65 subtrees, 225 chunks, 9313896 nodes)
  residual top-10 (subtree_mass × max(avg_loss − 2.199, 0)):
    rc   rootID   mass      avg_loss     score 
    6    309644   167551    2.4095       35198.4
    39   493671   419607    2.2794       33574.5
    5    300532   44208     2.6642       20545.8
    10   349444   84126     2.3662       14029.5
    8    341198   57485     2.3141       6595.8
    11   364300   27722     2.3341       3733.3
    40   574911   82726     2.2381       3204.3
    13   372685   55068     2.2475       2646.4
    46   840714   415269    2.2053       2429.0
    7    338414   10559     2.4155       2281.8
    top-10: 15.9% of mass, 95.4% of excess-loss
Epoch 32: loss=2.175225  (6.41 sec, 65 subtrees, 225 chunks, 9313896 nodes)
  residual top-10 (subtree_mass × max(avg_loss − 2.175, 0)):
    rc   rootID   mass      avg_loss     score 
    39   493671   419607    2.2853       46167.4
    6    309644   167551    2.2995       20822.6
    5    300532   44208     2.5018       14436.7
    1    50944    1479765   2.1849       14345.1
    40   574911   82726     2.2275       4321.9
    46   840714   415269    2.1848       3960.1
    10   349444   84126     2.2162       3444.2
    42   614321   234101    2.1825       1705.3
    7    338414   10559     2.3010       1328.4
    44   798168   118584    2.1860       1279.8
    top-10: 35.5% of mass, 98.4% of excess-loss
Epoch 33: loss=2.172868  (6.39 sec, 65 subtrees, 225 chunks, 9313896 nodes)
  residual top-10 (subtree_mass × max(avg_loss − 2.173, 0)):
    rc   rootID   mass      avg_loss     score 
    6    309644   167551    2.4275       42668.2
    39   493671   419607    2.2502       32466.9
    5    300532   44208     2.8315       29118.6
    10   349444   84126     2.2707       8230.6
    8    341198   57485     2.2854       6467.1
    46   840714   415269    2.1821       3832.3
    40   574911   82726     2.2076       2869.5
    11   364300   27722     2.2667       2600.4
    7    338414   10559     2.3761       2146.2
    13   372685   55068     2.2082       1946.6
    top-10: 15.9% of mass, 97.8% of excess-loss
Epoch 34: loss=2.150691  (6.37 sec, 65 subtrees, 225 chunks, 9313896 nodes)
  residual top-10 (subtree_mass × max(avg_loss − 2.151, 0)):
    rc   rootID   mass      avg_loss     score 
    39   493671   419607    2.2330       34556.2
    6    309644   167551    2.2238       12257.6
    5    300532   44208     2.3622       9350.4
    1    50944    1479765   2.1568       8994.0
    46   840714   415269    2.1633       5227.7
    58   1402652  543420    2.1578       3880.3
    10   349444   84126     2.1856       2932.6
    40   574911   82726     2.1836       2724.2
    42   614321   234101    2.1606       2308.7
    44   798168   118584    2.1629       1446.2
    top-10: 41.7% of mass, 96.7% of excess-loss
Epoch 35: loss=2.138298  (6.43 sec, 65 subtrees, 225 chunks, 9313896 nodes)
  residual top-10 (subtree_mass × max(avg_loss − 2.138, 0)):
    rc   rootID   mass      avg_loss     score 
    39   493671   419607    2.2184       33605.6
    1    50944    1479765   2.1562       26443.8
    58   1402652  543420    2.1675       15893.2
    6    309644   167551    2.1842       7695.0
    57   1329804  377747    2.1514       4967.5
    5    300532   44208     2.2434       4648.2
    46   840714   415269    2.1467       3507.0
    0    1        297533    2.1481       2907.7
    40   574911   82726     2.1658       2271.6
    56   1258453  358000    2.1430       1690.7
    top-10: 48.7% of mass, 97.5% of excess-loss
Epoch 36: loss=2.126635  (6.45 sec, 65 subtrees, 225 chunks, 9313896 nodes)
  residual top-10 (subtree_mass × max(avg_loss − 2.127, 0)):
    rc   rootID   mass      avg_loss     score 
    39   493671   419607    2.2239       40799.7
    1    50944    1479765   2.1341       11059.5
    46   840714   415269    2.1492       9364.3
    6    309644   167551    2.1620       5923.3
    43   660187   735168    2.1343       5654.7
    50   993056   244544    2.1467       4916.9
    42   614321   234101    2.1455       4406.4
    5    300532   44208     2.2139       3859.4
    40   574911   82726     2.1712       3686.0
    44   798168   118584    2.1529       3109.4
    top-10: 45.8% of mass, 92.6% of excess-loss
Epoch 37: loss=2.120913  (6.38 sec, 65 subtrees, 225 chunks, 9313896 nodes)
  residual top-10 (subtree_mass × max(avg_loss − 2.121, 0)):
    rc   rootID   mass      avg_loss     score 
    39   493671   419607    2.2283       45071.4
    1    50944    1479765   2.1468       38333.9
    46   840714   415269    2.1419       8733.3
    6    309644   167551    2.1562       5909.2
    0    1        297533    2.1379       5041.4
    5    300532   44208     2.2136       4097.9
    40   574911   82726     2.1624       3435.6
    42   614321   234101    2.1326       2743.7
    32   470512   50448     2.1530       1618.7
    31   464280   29454     2.1754       1603.5
    top-10: 37.5% of mass, 97.2% of excess-loss
Epoch 38: loss=2.107559  (6.39 sec, 65 subtrees, 225 chunks, 9313896 nodes)
  residual top-10 (subtree_mass × max(avg_loss − 2.108, 0)):
    rc   rootID   mass      avg_loss     score 
    39   493671   419607    2.2029       39993.8
    1    50944    1479765   2.1160       12473.4
    46   840714   415269    2.1324       10307.9
    6    309644   167551    2.1424       5838.8
    42   614321   234101    2.1243       3910.5
    40   574911   82726     2.1506       3564.3
    5    300532   44208     2.1871       3516.7
    47   915694   343840    2.1140       2208.8
    43   660187   735168    2.1103       2032.2
    44   798168   118584    2.1244       1991.6
    top-10: 47.0% of mass, 96.9% of excess-loss
Epoch 39: loss=2.105959  (6.39 sec, 65 subtrees, 225 chunks, 9313896 nodes)
  residual top-10 (subtree_mass × max(avg_loss − 2.106, 0)):
    rc   rootID   mass      avg_loss     score 
    39   493671   419607    2.2107       43929.7
    6    309644   167551    2.1904       14155.7
    1    50944    1479765   2.1142       12147.4
    5    300532   44208     2.2807       7723.0
    46   840714   415269    2.1229       7045.0
    40   574911   82726     2.1656       4933.6
    50   993056   244544    2.1215       3808.6
    42   614321   234101    2.1206       3431.2
    44   798168   118584    2.1240       2137.6
    63   1577668  160299    2.1179       1913.0
    top-10: 39.2% of mass, 96.0% of excess-loss
Epoch 40: loss=2.103628  (6.40 sec, 65 subtrees, 225 chunks, 9313896 nodes)
  residual top-10 (subtree_mass × max(avg_loss − 2.104, 0)):
    rc   rootID   mass      avg_loss     score 
    39   493671   419607    2.2064       43114.0
    1    50944    1479765   2.1322       42342.1
    6    309644   167551    2.1934       15044.3
    5    300532   44208     2.2864       8078.3
    46   840714   415269    2.1216       7472.5
    0    1        297533    2.1216       5356.1
    40   574911   82726     2.1496       3800.3
    44   798168   118584    2.1180       1708.7
    42   614321   234101    2.1094       1349.3
    47   915694   343840    2.1075       1319.8
    top-10: 41.9% of mass, 97.6% of excess-loss
Epoch 41: loss=2.094350  (6.42 sec, 65 subtrees, 225 chunks, 9313896 nodes)
  residual top-10 (subtree_mass × max(avg_loss − 2.094, 0)):
    rc   rootID   mass      avg_loss     score 
    39   493671   419607    2.2112       49012.4
    1    50944    1479765   2.1161       32245.6
    6    309644   167551    2.1641       11683.7
    5    300532   44208     2.2421       6530.7
    46   840714   415269    2.1069       5228.8
    40   574911   82726     2.1434       4055.7
    0    1        297533    2.1055       3329.9
    42   614321   234101    2.1032       2078.9
    63   1577668  160299    2.1058       1830.6
    44   798168   118584    2.1049       1250.2
    top-10: 39.8% of mass, 97.6% of excess-loss
Epoch 42: loss=2.097729  (6.45 sec, 65 subtrees, 225 chunks, 9313896 nodes)
  residual top-10 (subtree_mass × max(avg_loss − 2.098, 0)):
    rc   rootID   mass      avg_loss     score 
    6    309644   167551    2.3310       39077.7
    39   493671   419607    2.1711       30771.9
    5    300532   44208     2.5101       18229.2
    1    50944    1479765   2.1083       15621.0
    10   349444   84126     2.1686       5962.0
    46   840714   415269    2.1118       5833.4
    40   574911   82726     2.1225       2052.5
    11   364300   27722     2.1616       1769.5
    8    341198   57485     2.1233       1471.8
    0    1        297533    2.1027       1468.1
    top-10: 35.8% of mass, 97.3% of excess-loss
Epoch 43: loss=2.082259  (6.49 sec, 65 subtrees, 225 chunks, 9313896 nodes)
  residual top-10 (subtree_mass × max(avg_loss − 2.082, 0)):
    rc   rootID   mass      avg_loss     score 
    39   493671   419607    2.1924       46231.9
    1    50944    1479765   2.1001       26445.1
    6    309644   167551    2.1612       13229.8
    46   840714   415269    2.0978       6449.3
    5    300532   44208     2.2250       6309.0
    40   574911   82726     2.1425       4986.8
    42   614321   234101    2.1027       4777.1
    32   470512   50448     2.1525       3544.6
    44   798168   118584    2.0972       1772.1
    0    1        297533    2.0862       1185.4
    top-10: 38.5% of mass, 96.9% of excess-loss
Epoch 44: loss=2.077417  (6.53 sec, 65 subtrees, 225 chunks, 9313896 nodes)
  residual top-10 (subtree_mass × max(avg_loss − 2.077, 0)):
    rc   rootID   mass      avg_loss     score 
    39   493671   419607    2.1811       43524.6
    1    50944    1479765   2.1053       41216.5
    6    309644   167551    2.1457       11448.1
    0    1        297533    2.0984       6253.9
    46   840714   415269    2.0923       6187.2
    5    300532   44208     2.2166       6154.6
    40   574911   82726     2.1222       3706.3
    50   993056   244544    2.0890       2831.8
    42   614321   234101    2.0887       2653.0
    32   470512   50448     2.1103       1657.0
    top-10: 40.0% of mass, 95.4% of excess-loss
Epoch 45: loss=2.069614  (6.58 sec, 65 subtrees, 225 chunks, 9313896 nodes)
  residual top-10 (subtree_mass × max(avg_loss − 2.070, 0)):
    rc   rootID   mass      avg_loss     score 
    39   493671   419607    2.2051       56860.6
    1    50944    1479765   2.0878       26962.7
    6    309644   167551    2.1186       8214.0
    46   840714   415269    2.0849       6358.0
    5    300532   44208     2.1816       4952.6
    40   574911   82726     2.1265       4708.4
    42   614321   234101    2.0891       4566.7
    0    1        297533    2.0825       3841.8
    58   1402652  543420    2.0737       2243.9
    32   470512   50448     2.1118       2127.1
    top-10: 43.4% of mass, 97.0% of excess-loss
Epoch 46: loss=2.062078  (6.43 sec, 65 subtrees, 225 chunks, 9313896 nodes)
  residual top-10 (subtree_mass × max(avg_loss − 2.062, 0)):
    rc   rootID   mass      avg_loss     score 
    39   493671   419607    2.1647       43061.8
    1    50944    1479765   2.0794       25653.1
    6    309644   167551    2.1160       9029.2
    46   840714   415269    2.0814       8044.1
    50   993056   244544    2.0919       7303.9
    5    300532   44208     2.1824       5319.3
    52   1074317  367799    2.0716       3490.2
    40   574911   82726     2.1008       3207.0
    0    1        297533    2.0684       1895.0
    49   982783   50950     2.0910       1473.9
    top-10: 41.5% of mass, 95.5% of excess-loss
Epoch 47: loss=2.058235  (6.42 sec, 65 subtrees, 225 chunks, 9313896 nodes)
  residual top-10 (subtree_mass × max(avg_loss − 2.058, 0)):
    rc   rootID   mass      avg_loss     score 
    39   493671   419607    2.1755       49206.8
    1    50944    1479765   2.0712       19166.0
    46   840714   415269    2.0861       11579.4
    6    309644   167551    2.1095       8583.2
    5    300532   44208     2.1826       5500.0
    40   574911   82726     2.1163       4804.0
    42   614321   234101    2.0772       4440.4
    43   660187   735168    2.0628       3384.7
    44   798168   118584    2.0818       2797.5
    50   993056   244544    2.0661       1930.0
    top-10: 45.8% of mass, 94.8% of excess-loss
Epoch 48: loss=2.052577  (6.38 sec, 65 subtrees, 225 chunks, 9313896 nodes)
  residual top-10 (subtree_mass × max(avg_loss − 2.053, 0)):
    rc   rootID   mass      avg_loss     score 
    1    50944    1479765   2.0890       53869.1
    39   493671   419607    2.1561       43431.1
    0    1        297533    2.0834       9167.6
    46   840714   415269    2.0671       6012.8
    6    309644   167551    2.0836       5205.8
    40   574911   82726     2.0938       3412.8
    5    300532   44208     2.1189       2929.8
    42   614321   234101    2.0616       2110.4
    63   1577668  160299    2.0640       1827.7
    32   470512   50448     2.0829       1530.1
    top-10: 39.0% of mass, 96.6% of excess-loss
Epoch 49: loss=2.050196  (6.37 sec, 65 subtrees, 225 chunks, 9313896 nodes)
  residual top-10 (subtree_mass × max(avg_loss − 2.050, 0)):
    rc   rootID   mass      avg_loss     score 
    39   493671   419607    2.1679       49390.2
    1    50944    1479765   2.0633       19455.9
    46   840714   415269    2.0746       10146.1
    6    309644   167551    2.1029       8822.4
    42   614321   234101    2.0695       4529.8
    5    300532   44208     2.1463       4248.4
    40   574911   82726     2.0988       4018.6
    30   457660   31233     2.1547       3263.7
    31   464280   29454     2.1398       2638.1
    0    1        297533    2.0582       2382.0
    top-10: 37.2% of mass, 95.4% of excess-loss
Epoch 50: loss=2.048033  (6.40 sec, 65 subtrees, 225 chunks, 9313896 nodes)
  residual top-10 (subtree_mass × max(avg_loss − 2.048, 0)):
    rc   rootID   mass      avg_loss     score 
    1    50944    1479765   2.0787       45400.2
    39   493671   419607    2.1457       40978.3
    6    309644   167551    2.1629       19254.0
    5    300532   44208     2.2677       9710.7
    46   840714   415269    2.0643       6744.7
    40   574911   82726     2.0850       3060.8
    0    1        297533    2.0583       3054.1
    42   614321   234101    2.0549       1597.7
    30   457660   31233     2.0839       1120.3
    52   1074317  367799    2.0506       956.3 
    top-10: 41.2% of mass, 97.0% of excess-loss
Epoch 51: loss=2.043217  (6.39 sec, 65 subtrees, 225 chunks, 9313896 nodes)
  residual top-10 (subtree_mass × max(avg_loss − 2.043, 0)):
    rc   rootID   mass      avg_loss     score 
    39   493671   419607    2.1679       52316.8
    1    50944    1479765   2.0702       39893.3
    6    309644   167551    2.2190       29452.7
    5    300532   44208     2.2868       10769.8
    46   840714   415269    2.0547       4779.2
    40   574911   82726     2.0808       3112.6
    0    1        297533    2.0482       1467.6
    7    338414   10559     2.1777       1420.1
    42   614321   234101    2.0483       1197.0
    11   364300   27722     2.0646       591.5 
    top-10: 37.0% of mass, 99.4% of excess-loss
Epoch 52: loss=2.035215  (6.41 sec, 65 subtrees, 225 chunks, 9313896 nodes)
  residual top-10 (subtree_mass × max(avg_loss − 2.035, 0)):
    rc   rootID   mass      avg_loss     score 
    39   493671   419607    2.1911       65424.8
    1    50944    1479765   2.0565       31567.8
    6    309644   167551    2.1062       11897.2
    40   574911   82726     2.1117       6326.4
    46   840714   415269    2.0489       5680.4
    5    300532   44208     2.1513       5131.7
    0    1        297533    2.0428       2257.7
    42   614321   234101    2.0440       2049.4
    58   1402652  543420    2.0373       1155.3
    63   1577668  160299    2.0408       888.6 
    top-10: 44.7% of mass, 98.2% of excess-loss
Epoch 53: loss=2.026486  (6.37 sec, 65 subtrees, 225 chunks, 9313896 nodes)
  residual top-10 (subtree_mass × max(avg_loss − 2.026, 0)):
    rc   rootID   mass      avg_loss     score 
    39   493671   419607    2.1407       47939.5
    1    50944    1479765   2.0437       25499.2
    6    309644   167551    2.0773       8520.3
    46   840714   415269    2.0460       8090.8
    5    300532   44208     2.1379       4925.9
    58   1402652  543420    2.0355       4907.0
    40   574911   82726     2.0743       3955.4
    42   614321   234101    2.0391       2945.0
    63   1577668  160299    2.0397       2118.6
    44   798168   118584    2.0374       1293.4
    top-10: 42.6% of mass, 97.4% of excess-loss
Epoch 54: loss=2.023898  (6.39 sec, 65 subtrees, 225 chunks, 9313896 nodes)
  residual top-10 (subtree_mass × max(avg_loss − 2.024, 0)):
    rc   rootID   mass      avg_loss     score 
    39   493671   419607    2.1373       47603.0
    1    50944    1479765   2.0479       35536.1
    6    309644   167551    2.1053       13647.1
    46   840714   415269    2.0422       7588.1
    5    300532   44208     2.1734       6608.7
    40   574911   82726     2.0714       3927.8
    58   1402652  543420    2.0306       3657.9
    63   1577668  160299    2.0419       2879.2
    42   614321   234101    2.0347       2524.7
    0    1        297533    2.0309       2073.1
    top-10: 44.7% of mass, 97.7% of excess-loss
Epoch 55: loss=2.020833  (6.41 sec, 65 subtrees, 225 chunks, 9313896 nodes)
  residual top-10 (subtree_mass × max(avg_loss − 2.021, 0)):
    rc   rootID   mass      avg_loss     score 
    39   493671   419607    2.1302       45903.2
    1    50944    1479765   2.0451       35962.0
    6    309644   167551    2.0968       12725.3
    46   840714   415269    2.0422       8880.6
    0    1        297533    2.0399       5668.7
    5    300532   44208     2.1450       5489.8
    42   614321   234101    2.0366       3687.2
    40   574911   82726     2.0607       3300.5
    44   798168   118584    2.0328       1422.3
    11   364300   27722     2.0409       557.3 
    top-10: 38.2% of mass, 99.7% of excess-loss
Epoch 56: loss=2.015385  (6.39 sec, 65 subtrees, 225 chunks, 9313896 nodes)
  residual top-10 (subtree_mass × max(avg_loss − 2.015, 0)):
    rc   rootID   mass      avg_loss     score 
    39   493671   419607    2.1311       48574.3
    1    50944    1479765   2.0384       33987.5
    6    309644   167551    2.0734       9722.1
    46   840714   415269    2.0327       7199.5
    5    300532   44208     2.1157       4436.4
    58   1402652  543420    2.0227       3949.1
    40   574911   82726     2.0629       3931.2
    42   614321   234101    2.0266       2618.0
    52   1074317  367799    2.0215       2264.2
    11   364300   27722     2.0583       1189.3
    top-10: 44.0% of mass, 98.1% of excess-loss
Epoch 57: loss=2.014392  (6.38 sec, 65 subtrees, 225 chunks, 9313896 nodes)
  residual top-10 (subtree_mass × max(avg_loss − 2.014, 0)):
    rc   rootID   mass      avg_loss     score 
    39   493671   419607    2.1257       46695.9
    1    50944    1479765   2.0271       18787.6
    58   1402652  543420    2.0378       12716.5
    57   1329804  377747    2.0406       9891.0
    46   840714   415269    2.0341       8193.2
    6    309644   167551    2.0551       6813.2
    40   574911   82726     2.0671       4356.6
    56   1258453  358000    2.0262       4243.8
    5    300532   44208     2.0797       2886.0
    42   614321   234101    2.0249       2463.5
    top-10: 47.9% of mass, 97.4% of excess-loss
Epoch 58: loss=2.005964  (6.38 sec, 65 subtrees, 225 chunks, 9313896 nodes)
  residual top-10 (subtree_mass × max(avg_loss − 2.006, 0)):
    rc   rootID   mass      avg_loss     score 
    1    50944    1479765   2.0396       49742.7
    39   493671   419607    2.1088       43167.6
    46   840714   415269    2.0280       9145.5
    6    309644   167551    2.0546       8144.9
    0    1        297533    2.0208       4407.0
    42   614321   234101    2.0245       4340.2
    5    300532   44208     2.0893       3685.8
    40   574911   82726     2.0415       2937.7
    58   1402652  543420    2.0106       2535.9
    44   798168   118584    2.0186       1497.8
    top-10: 44.2% of mass, 98.6% of excess-loss
Epoch 59: loss=2.006923  (6.38 sec, 65 subtrees, 225 chunks, 9313896 nodes)
  residual top-10 (subtree_mass × max(avg_loss − 2.007, 0)):
    rc   rootID   mass      avg_loss     score 
    1    50944    1479765   2.0478       60555.0
    39   493671   419607    2.1005       39285.7
    6    309644   167551    2.0567       8347.7
    46   840714   415269    2.0263       8044.8
    58   1402652  543420    2.0154       4591.1
    0    1        297533    2.0193       3683.1
    5    300532   44208     2.0869       3534.0
    40   574911   82726     2.0384       2604.0
    42   614321   234101    2.0176       2506.6
    57   1329804  377747    2.0121       1953.6
    top-10: 47.2% of mass, 97.9% of excess-loss
Epoch 60: loss=2.000832  (6.49 sec, 65 subtrees, 225 chunks, 9313896 nodes)
  residual top-10 (subtree_mass × max(avg_loss − 2.001, 0)):
    rc   rootID   mass      avg_loss     score 
    39   493671   419607    2.1293       53911.0
    1    50944    1479765   2.0274       39256.0
    6    309644   167551    2.0590       9744.9
    46   840714   415269    2.0201       7989.0
    5    300532   44208     2.1112       4880.7
    40   574911   82726     2.0526       4282.6
    0    1        297533    2.0116       3191.2
    42   614321   234101    2.0136       2978.5
    52   1074317  367799    2.0056       1747.1
    58   1402652  543420    2.0033       1340.1
    top-10: 47.1% of mass, 98.1% of excess-loss
Epoch 61: loss=1.994372  (6.47 sec, 65 subtrees, 225 chunks, 9313896 nodes)
  residual top-10 (subtree_mass × max(avg_loss − 1.994, 0)):
    rc   rootID   mass      avg_loss     score 
    39   493671   419607    2.1174       51605.5
    1    50944    1479765   2.0202       38244.7
    6    309644   167551    2.0558       10290.7
    46   840714   415269    2.0187       10103.5
    5    300532   44208     2.1242       5739.5
    0    1        297533    2.0085       4213.9
    42   614321   234101    2.0118       4074.8
    40   574911   82726     2.0359       3436.2
    63   1577668  160299    2.0053       1747.1
    58   1402652  543420    1.9975       1726.7
    top-10: 44.7% of mass, 98.6% of excess-loss
Epoch 62: loss=1.994944  (6.42 sec, 65 subtrees, 225 chunks, 9313896 nodes)
  residual top-10 (subtree_mass × max(avg_loss − 1.995, 0)):
    rc   rootID   mass      avg_loss     score 
    1    50944    1479765   2.0436       71956.4
    39   493671   419607    2.1038       45666.9
    6    309644   167551    2.0510       9389.9
    46   840714   415269    2.0157       8634.6
    0    1        297533    2.0177       6775.0
    5    300532   44208     2.0885       4137.7
    40   574911   82726     2.0310       2982.7
    42   614321   234101    2.0072       2867.1
    58   1402652  543420    1.9994       2401.5
    44   798168   118584    2.0046       1145.9
    top-10: 44.2% of mass, 99.4% of excess-loss
Epoch 63: loss=1.989516  (6.47 sec, 65 subtrees, 225 chunks, 9313896 nodes)
  residual top-10 (subtree_mass × max(avg_loss − 1.990, 0)):
    rc   rootID   mass      avg_loss     score 
    1    50944    1479765   2.0221       48248.5
    39   493671   419607    2.0948       44162.5
    46   840714   415269    2.0144       10320.5
    6    309644   167551    2.0415       8712.7
    42   614321   234101    2.0060       3864.8
    5    300532   44208     2.0742       3743.2
    58   1402652  543420    1.9960       3531.5
    40   574911   82726     2.0273       3129.6
    0    1        297533    1.9964       2061.4
    44   798168   118584    2.0032       1618.6
    top-10: 44.2% of mass, 98.9% of excess-loss
Epoch 64: loss=1.986112  (6.44 sec, 65 subtrees, 225 chunks, 9313896 nodes)
  residual top-10 (subtree_mass × max(avg_loss − 1.986, 0)):
    rc   rootID   mass      avg_loss     score 
    39   493671   419607    2.0941       45296.0
    1    50944    1479765   2.0110       36899.9
    6    309644   167551    2.0439       9684.4
    46   840714   415269    2.0094       9673.6
    5    300532   44208     2.0870       4461.7
    40   574911   82726     2.0283       3491.8
    42   614321   234101    2.0008       3445.1
    52   1074317  367799    1.9954       3401.7
    58   1402652  543420    1.9922       3285.1
    0    1        297533    1.9947       2544.7
    top-10: 47.1% of mass, 96.7% of excess-loss
Epoch 65: loss=1.981752  (6.39 sec, 65 subtrees, 225 chunks, 9313896 nodes)
  residual top-10 (subtree_mass × max(avg_loss − 1.982, 0)):
    rc   rootID   mass      avg_loss     score 
    39   493671   419607    2.0867       44022.5
    1    50944    1479765   2.0089       40245.2
    46   840714   415269    2.0095       11516.6
    6    309644   167551    2.0369       9241.4
    5    300532   44208     2.0863       4621.2
    42   614321   234101    2.0012       4553.4
    58   1402652  543420    1.9900       4458.7
    0    1        297533    1.9943       3719.1
    40   574911   82726     2.0213       3267.8
    44   798168   118584    1.9971       1818.0
    top-10: 44.2% of mass, 98.6% of excess-loss
Epoch 66: loss=1.976157  (6.52 sec, 65 subtrees, 225 chunks, 9313896 nodes)
  residual top-10 (subtree_mass × max(avg_loss − 1.976, 0)):
    rc   rootID   mass      avg_loss     score 
    39   493671   419607    2.0745       41246.4
    1    50944    1479765   1.9990       33734.3
    46   840714   415269    2.0013       10433.9
    6    309644   167551    2.0265       8438.5
    58   1402652  543420    1.9908       7944.8
    5    300532   44208     2.0666       3999.7
    42   614321   234101    1.9930       3950.9
    40   574911   82726     2.0115       2926.7
    63   1577668  160299    1.9926       2629.8
    52   1074317  367799    1.9826       2384.2
    top-10: 45.5% of mass, 97.5% of excess-loss
Epoch 67: loss=1.973447  (6.54 sec, 65 subtrees, 225 chunks, 9313896 nodes)
  residual top-10 (subtree_mass × max(avg_loss − 1.973, 0)):
    rc   rootID   mass      avg_loss     score 
    1    50944    1479765   2.0028       43392.4
    39   493671   419607    2.0758       42943.7
    46   840714   415269    1.9993       10733.2
    6    309644   167551    2.0371       10664.9
    5    300532   44208     2.0941       5334.7
    58   1402652  543420    1.9818       4540.8
    42   614321   234101    1.9908       4054.2
    40   574911   82726     2.0129       3263.3
    0    1        297533    1.9838       3079.2
    52   1074317  367799    1.9787       1942.7
    top-10: 47.1% of mass, 97.5% of excess-loss
Epoch 68: loss=1.968637  (6.52 sec, 65 subtrees, 225 chunks, 9313896 nodes)
  residual top-10 (subtree_mass × max(avg_loss − 1.969, 0)):
    rc   rootID   mass      avg_loss     score 
    39   493671   419607    2.0628       39512.2
    1    50944    1479765   1.9919       34447.1
    46   840714   415269    1.9967       11638.8
    6    309644   167551    2.0171       8115.0
    58   1402652  543420    1.9804       6368.5
    42   614321   234101    1.9884       4621.6
    5    300532   44208     2.0504       3615.0
    40   574911   82726     2.0079       3246.6
    52   1074317  367799    1.9753       2454.9
    44   798168   118584    1.9871       2194.9
    top-10: 45.0% of mass, 95.7% of excess-loss
Epoch 69: loss=1.966354  (6.50 sec, 65 subtrees, 225 chunks, 9313896 nodes)
  residual top-10 (subtree_mass × max(avg_loss − 1.966, 0)):
    rc   rootID   mass      avg_loss     score 
    39   493671   419607    2.0740       45169.0
    1    50944    1479765   1.9886       32926.6
    46   840714   415269    1.9951       11934.9
    6    309644   167551    2.0197       8932.6
    58   1402652  543420    1.9785       6623.9
    42   614321   234101    1.9875       4957.7
    5    300532   44208     2.0561       3967.1
    40   574911   82726     2.0092       3541.4
    52   1074317  367799    1.9728       2387.8
    63   1577668  160299    1.9812       2380.0
    top-10: 45.5% of mass, 96.2% of excess-loss
Epoch 70: loss=1.964831  (6.50 sec, 65 subtrees, 225 chunks, 9313896 nodes)
  residual top-10 (subtree_mass × max(avg_loss − 1.965, 0)):
    rc   rootID   mass      avg_loss     score 
    39   493671   419607    2.0616       40614.0
    1    50944    1479765   1.9893       36194.7
    46   840714   415269    1.9932       11799.2
    6    309644   167551    2.0093       7456.6
    58   1402652  543420    1.9765       6331.5
    52   1074317  367799    1.9780       4832.8
    42   614321   234101    1.9835       4369.5
    40   574911   82726     2.0059       3396.0
    5    300532   44208     2.0389       3275.4
    44   798168   118584    1.9838       2254.9
    top-10: 45.0% of mass, 96.1% of excess-loss
Epoch 71: loss=1.960259  (6.49 sec, 65 subtrees, 225 chunks, 9313896 nodes)
  residual top-10 (subtree_mass × max(avg_loss − 1.960, 0)):
    rc   rootID   mass      avg_loss     score 
    39   493671   419607    2.0586       41272.1
    1    50944    1479765   1.9784       26849.9
    46   840714   415269    1.9913       12882.1
    6    309644   167551    2.0144       9071.0
    58   1402652  543420    1.9739       7437.8
    42   614321   234101    1.9847       5729.7
    43   660187   735168    1.9657       4008.1
    5    300532   44208     2.0498       3956.3
    40   574911   82726     1.9977       3095.3
    52   1074317  367799    1.9677       2725.0
    top-10: 52.2% of mass, 95.9% of excess-loss
Epoch 72: loss=1.957131  (6.51 sec, 65 subtrees, 225 chunks, 9313896 nodes)
  residual top-10 (subtree_mass × max(avg_loss − 1.957, 0)):
    rc   rootID   mass      avg_loss     score 
    39   493671   419607    2.0532       40322.7
    1    50944    1479765   1.9774       30036.1
    46   840714   415269    1.9886       13080.9
    6    309644   167551    2.0076       8458.9
    58   1402652  543420    1.9718       7973.1
    42   614321   234101    1.9798       5303.7
    40   574911   82726     2.0004       3577.7
    52   1074317  367799    1.9661       3298.5
    5    300532   44208     2.0279       3129.3
    43   660187   735168    1.9612       2999.0
    top-10: 52.2% of mass, 95.7% of excess-loss
Epoch 73: loss=1.955203  (6.53 sec, 65 subtrees, 225 chunks, 9313896 nodes)
  residual top-10 (subtree_mass × max(avg_loss − 1.955, 0)):
    rc   rootID   mass      avg_loss     score 
    39   493671   419607    2.0493       39475.1
    1    50944    1479765   1.9740       27876.5
    46   840714   415269    1.9862       12879.7
    6    309644   167551    2.0145       9938.0
    58   1402652  543420    1.9703       8208.9
    42   614321   234101    1.9763       4939.8
    52   1074317  367799    1.9676       4550.4
    5    300532   44208     2.0581       4548.7
    40   574911   82726     1.9925       3086.6
    43   660187   735168    1.9587       2568.7
    top-10: 52.2% of mass, 95.7% of excess-loss
Epoch 74: loss=1.951073  (6.57 sec, 65 subtrees, 225 chunks, 9313896 nodes)
  residual top-10 (subtree_mass × max(avg_loss − 1.951, 0)):
    rc   rootID   mass      avg_loss     score 
    39   493671   419607    2.0283       32394.6
    1    50944    1479765   1.9730       32377.6
    46   840714   415269    1.9846       13931.4
    58   1402652  543420    1.9684       9418.4
    6    309644   167551    2.0005       8281.2
    42   614321   234101    1.9743       5434.4
    43   660187   735168    1.9570       4343.3
    52   1074317  367799    1.9624       4157.9
    5    300532   44208     2.0228       3172.6
    40   574911   82726     1.9864       2919.0
    top-10: 52.2% of mass, 94.2% of excess-loss
Epoch 75: loss=1.949922  (6.53 sec, 65 subtrees, 225 chunks, 9313896 nodes)
  residual top-10 (subtree_mass × max(avg_loss − 1.950, 0)):
    rc   rootID   mass      avg_loss     score 
    39   493671   419607    2.0262       32023.7
    1    50944    1479765   1.9706       30570.6
    46   840714   415269    1.9833       13859.6
    6    309644   167551    2.0147       10852.8
    58   1402652  543420    1.9668       9171.1
    42   614321   234101    1.9724       5261.5
    5    300532   44208     2.0536       4583.4
    52   1074317  367799    1.9619       4414.1
    43   660187   735168    1.9552       3868.0
    40   574911   82726     1.9860       2981.0
    top-10: 52.2% of mass, 95.1% of excess-loss
Epoch 76: loss=1.947360  (6.59 sec, 65 subtrees, 225 chunks, 9313896 nodes)
  residual top-10 (subtree_mass × max(avg_loss − 1.947, 0)):
    rc   rootID   mass      avg_loss     score 
    1    50944    1479765   1.9685       31293.4
    39   493671   419607    2.0204       30667.0
    46   840714   415269    1.9824       14559.0
    58   1402652  543420    1.9656       9886.9
    6    309644   167551    1.9987       8605.5
    42   614321   234101    1.9713       5614.1
    43   660187   735168    1.9537       4636.0
    52   1074317  367799    1.9594       4420.1
    5    300532   44208     2.0320       3742.0
    40   574911   82726     1.9828       2929.2
    top-10: 52.2% of mass, 93.8% of excess-loss
Epoch 77: loss=1.945222  (6.54 sec, 65 subtrees, 225 chunks, 9313896 nodes)
  residual top-10 (subtree_mass × max(avg_loss − 1.945, 0)):
    rc   rootID   mass      avg_loss     score 
    1    50944    1479765   1.9664       31375.1
    39   493671   419607    2.0142       28956.4
    46   840714   415269    1.9804       14599.3
    58   1402652  543420    1.9642       10299.2
    6    309644   167551    2.0034       9746.2
    42   614321   234101    1.9690       5560.9
    52   1074317  367799    1.9587       4969.3
    43   660187   735168    1.9516       4689.8
    5    300532   44208     2.0297       3733.4
    40   574911   82726     1.9807       2938.6
    top-10: 52.2% of mass, 93.7% of excess-loss
Epoch 78: loss=1.943666  (6.55 sec, 65 subtrees, 225 chunks, 9313896 nodes)
  residual top-10 (subtree_mass × max(avg_loss − 1.944, 0)):
    rc   rootID   mass      avg_loss     score 
    1    50944    1479765   1.9653       32004.8
    39   493671   419607    2.0121       28722.8
    46   840714   415269    1.9797       14969.3
    58   1402652  543420    1.9635       10764.9
    6    309644   167551    1.9924       8171.9
    42   614321   234101    1.9672       5511.0
    52   1074317  367799    1.9574       5068.6
    43   660187   735168    1.9503       4901.0
    5    300532   44208     2.0177       3270.8
    40   574911   82726     1.9795       2961.8
    top-10: 52.2% of mass, 93.1% of excess-loss
Epoch 79: loss=1.941793  (6.58 sec, 65 subtrees, 225 chunks, 9313896 nodes)
  residual top-10 (subtree_mass × max(avg_loss − 1.942, 0)):
    rc   rootID   mass      avg_loss     score 
    1    50944    1479765   1.9638       32530.5
    39   493671   419607    2.0033       25823.7
    46   840714   415269    1.9781       15060.5
    58   1402652  543420    1.9625       11235.7
    6    309644   167551    1.9958       9047.9
    42   614321   234101    1.9656       5572.8
    52   1074317  367799    1.9559       5203.5
    43   660187   735168    1.9486       4994.8
    5    300532   44208     2.0164       3300.3
    44   798168   118584    1.9666       2944.7
    top-10: 52.6% of mass, 92.7% of excess-loss
Epoch 80: loss=1.940143  (6.57 sec, 65 subtrees, 225 chunks, 9313896 nodes)
  residual top-10 (subtree_mass × max(avg_loss − 1.940, 0)):
    rc   rootID   mass      avg_loss     score 
    1    50944    1479765   1.9625       33056.3
    39   493671   419607    2.0005       25313.4
    46   840714   415269    1.9771       15354.2
    58   1402652  543420    1.9617       11714.1
    6    309644   167551    1.9890       8184.3
    42   614321   234101    1.9649       5806.5
    43   660187   735168    1.9475       5395.6
    52   1074317  367799    1.9548       5390.6
    44   798168   118584    1.9657       3026.0
    40   574911   82726     1.9765       3005.2
    top-10: 53.1% of mass, 92.4% of excess-loss
Epoch 81: loss=1.938854  (6.53 sec, 65 subtrees, 225 chunks, 9313896 nodes)
  residual top-10 (subtree_mass × max(avg_loss − 1.939, 0)):
    rc   rootID   mass      avg_loss     score 
    1    50944    1479765   1.9611       32902.0
    39   493671   419607    1.9972       24480.6
    46   840714   415269    1.9766       15659.1
    58   1402652  543420    1.9607       11881.4
    6    309644   167551    1.9901       8584.4
    42   614321   234101    1.9639       5871.9
    43   660187   735168    1.9465       5628.0
    52   1074317  367799    1.9537       5474.9
    47   915694   343840    1.9478       3061.6
    44   798168   118584    1.9642       3005.8
    top-10: 56.1% of mass, 92.3% of excess-loss
Epoch 82: loss=1.937463  (6.58 sec, 65 subtrees, 225 chunks, 9313896 nodes)
  residual top-10 (subtree_mass × max(avg_loss − 1.937, 0)):
    rc   rootID   mass      avg_loss     score 
    1    50944    1479765   1.9601       33439.7
    39   493671   419607    1.9928       23220.4
    46   840714   415269    1.9759       15965.8
    58   1402652  543420    1.9601       12312.9
    6    309644   167551    1.9862       8165.6
    42   614321   234101    1.9624       5826.6
    52   1074317  367799    1.9531       5767.3
    43   660187   735168    1.9452       5674.3
    47   915694   343840    1.9471       3308.3
    44   798168   118584    1.9637       3112.0
    top-10: 56.1% of mass, 92.3% of excess-loss
Epoch 83: loss=1.936360  (6.52 sec, 65 subtrees, 225 chunks, 9313896 nodes)
  residual top-10 (subtree_mass × max(avg_loss − 1.936, 0)):
    rc   rootID   mass      avg_loss     score 
    1    50944    1479765   1.9590       33449.8
    39   493671   419607    1.9909       22896.6
    46   840714   415269    1.9754       16200.6
    58   1402652  543420    1.9595       12585.4
    6    309644   167551    1.9851       8173.1
    42   614321   234101    1.9615       5891.9
    43   660187   735168    1.9444       5880.2
    52   1074317  367799    1.9522       5827.9
    47   915694   343840    1.9463       3428.2
    44   798168   118584    1.9632       3179.9
    top-10: 56.1% of mass, 92.5% of excess-loss
Epoch 84: loss=1.935275  (6.54 sec, 65 subtrees, 225 chunks, 9313896 nodes)
  residual top-10 (subtree_mass × max(avg_loss − 1.935, 0)):
    rc   rootID   mass      avg_loss     score 
    1    50944    1479765   1.9580       33582.4
    39   493671   419607    1.9854       21049.3
    46   840714   415269    1.9747       16387.2
    58   1402652  543420    1.9592       13018.4
    6    309644   167551    1.9833       8053.3
    52   1074317  367799    1.9518       6095.7
    42   614321   234101    1.9610       6017.1
    43   660187   735168    1.9435       6011.4
    47   915694   343840    1.9461       3725.4
    44   798168   118584    1.9627       3249.1
    top-10: 56.1% of mass, 92.3% of excess-loss
Epoch 85: loss=1.934361  (6.55 sec, 65 subtrees, 225 chunks, 9313896 nodes)
  residual top-10 (subtree_mass × max(avg_loss − 1.934, 0)):
    rc   rootID   mass      avg_loss     score 
    1    50944    1479765   1.9573       33920.9
    39   493671   419607    1.9816       19840.0
    46   840714   415269    1.9746       16700.9
    58   1402652  543420    1.9590       13415.1
    6    309644   167551    1.9824       8048.9
    52   1074317  367799    1.9515       6307.6
    43   660187   735168    1.9429       6251.4
    42   614321   234101    1.9599       5989.1
    47   915694   343840    1.9454       3793.3
    44   798168   118584    1.9617       3238.0
    top-10: 56.1% of mass, 92.3% of excess-loss
Epoch 86: loss=1.933610  (6.59 sec, 65 subtrees, 225 chunks, 9313896 nodes)
  residual top-10 (subtree_mass × max(avg_loss − 1.934, 0)):
    rc   rootID   mass      avg_loss     score 
    1    50944    1479765   1.9565       33901.5
    39   493671   419607    1.9792       19114.5
    46   840714   415269    1.9739       16713.0
    58   1402652  543420    1.9586       13595.3
    6    309644   167551    1.9815       8016.4
    52   1074317  367799    1.9511       6423.8
    43   660187   735168    1.9423       6390.3
    42   614321   234101    1.9595       6050.4
    47   915694   343840    1.9451       3953.0
    44   798168   118584    1.9611       3258.7
    top-10: 56.1% of mass, 92.2% of excess-loss
Epoch 87: loss=1.932790  (6.56 sec, 65 subtrees, 225 chunks, 9313896 nodes)
  residual top-10 (subtree_mass × max(avg_loss − 1.933, 0)):
    rc   rootID   mass      avg_loss     score 
    1    50944    1479765   1.9557       33849.4
    39   493671   419607    1.9743       17410.7
    46   840714   415269    1.9742       17198.1
    58   1402652  543420    1.9587       14064.9
    6    309644   167551    1.9807       8033.8
    43   660187   735168    1.9418       6634.0
    52   1074317  367799    1.9507       6577.6
    42   614321   234101    1.9588       6079.1
    47   915694   343840    1.9448       4136.4
    44   798168   118584    1.9606       3302.2
    top-10: 56.1% of mass, 91.9% of excess-loss
Epoch 88: loss=1.932135  (6.55 sec, 65 subtrees, 225 chunks, 9313896 nodes)
  residual top-10 (subtree_mass × max(avg_loss − 1.932, 0)):
    rc   rootID   mass      avg_loss     score 
    1    50944    1479765   1.9552       34157.0
    46   840714   415269    1.9735       17181.8
    39   493671   419607    1.9706       16130.5
    58   1402652  543420    1.9585       14309.7
    6    309644   167551    1.9799       8009.7
    52   1074317  367799    1.9505       6755.4
    43   660187   735168    1.9412       6699.9
    42   614321   234101    1.9587       6219.3
    47   915694   343840    1.9444       4213.4
    44   798168   118584    1.9607       3389.7
    top-10: 56.1% of mass, 91.7% of excess-loss
Epoch 89: loss=1.931595  (6.56 sec, 65 subtrees, 225 chunks, 9313896 nodes)
  residual top-10 (subtree_mass × max(avg_loss − 1.932, 0)):
    rc   rootID   mass      avg_loss     score 
    1    50944    1479765   1.9547       34257.9
    46   840714   415269    1.9738       17505.6
    39   493671   419607    1.9671       14912.0
    58   1402652  543420    1.9582       14450.4
    6    309644   167551    1.9794       8013.8
    43   660187   735168    1.9411       7009.0
    52   1074317  367799    1.9506       6987.4
    42   614321   234101    1.9582       6239.3
    47   915694   343840    1.9443       4373.1
    44   798168   118584    1.9606       3436.8
    top-10: 56.1% of mass, 91.5% of excess-loss
Epoch 90: loss=1.931131  (6.53 sec, 65 subtrees, 225 chunks, 9313896 nodes)
  residual top-10 (subtree_mass × max(avg_loss − 1.931, 0)):
    rc   rootID   mass      avg_loss     score 
    1    50944    1479765   1.9545       34519.4
    46   840714   415269    1.9737       17669.0
    58   1402652  543420    1.9583       14773.1
    39   493671   419607    1.9633       13484.1
    6    309644   167551    1.9793       8073.7
    52   1074317  367799    1.9506       7154.9
    43   660187   735168    1.9407       7015.4
    42   614321   234101    1.9580       6284.4
    47   915694   343840    1.9442       4488.0
    44   798168   118584    1.9606       3489.0
    top-10: 56.1% of mass, 91.2% of excess-loss
Epoch 91: loss=1.930745  (6.39 sec, 65 subtrees, 225 chunks, 9313896 nodes)
  residual top-10 (subtree_mass × max(avg_loss − 1.931, 0)):
    rc   rootID   mass      avg_loss     score 
    1    50944    1479765   1.9545       35092.3
    46   840714   415269    1.9738       17891.7
    58   1402652  543420    1.9586       15126.2
    39   493671   419607    1.9595       12069.6
    6    309644   167551    1.9787       8029.9
    52   1074317  367799    1.9507       7326.8
    43   660187   735168    1.9404       7130.2
    42   614321   234101    1.9577       6319.3
    47   915694   343840    1.9439       4527.1
    57   1329804  377747    1.9401       3528.9
    top-10: 59.1% of mass, 90.9% of excess-loss
Epoch 92: loss=1.930355  (6.46 sec, 65 subtrees, 225 chunks, 9313896 nodes)
  residual top-10 (subtree_mass × max(avg_loss − 1.930, 0)):
    rc   rootID   mass      avg_loss     score 
    1    50944    1479765   1.9542       35333.8
    46   840714   415269    1.9739       18071.1
    58   1402652  543420    1.9586       15323.2
    39   493671   419607    1.9558       10667.7
    6    309644   167551    1.9787       8103.1
    52   1074317  367799    1.9507       7477.4
    43   660187   735168    1.9402       7201.5
    42   614321   234101    1.9571       6257.6
    47   915694   343840    1.9441       4742.0
    57   1329804  377747    1.9402       3709.5
    top-10: 59.1% of mass, 90.7% of excess-loss
Epoch 93: loss=1.930070  (6.41 sec, 65 subtrees, 225 chunks, 9313896 nodes)
  residual top-10 (subtree_mass × max(avg_loss − 1.930, 0)):
    rc   rootID   mass      avg_loss     score 
    1    50944    1479765   1.9544       35979.6
    46   840714   415269    1.9738       18142.6
    58   1402652  543420    1.9588       15587.1
    39   493671   419607    1.9525       9421.7
    6    309644   167551    1.9783       8082.3
    52   1074317  367799    1.9509       7679.6
    43   660187   735168    1.9396       7027.8
    42   614321   234101    1.9562       6116.0
    47   915694   343840    1.9442       4863.3
    57   1329804  377747    1.9405       3930.8
    top-10: 59.1% of mass, 90.4% of excess-loss
Epoch 94: loss=1.929903  (6.40 sec, 65 subtrees, 225 chunks, 9313896 nodes)
  residual top-10 (subtree_mass × max(avg_loss − 1.930, 0)):
    rc   rootID   mass      avg_loss     score 
    1    50944    1479765   1.9548       36886.3
    46   840714   415269    1.9740       18311.6
    58   1402652  543420    1.9593       15952.1
    39   493671   419607    1.9494       8165.0
    6    309644   167551    1.9782       8091.6
    52   1074317  367799    1.9512       7840.7
    43   660187   735168    1.9392       6803.2
    42   614321   234101    1.9553       5948.1
    47   915694   343840    1.9439       4826.5
    57   1329804  377747    1.9410       4182.0
    top-10: 59.1% of mass, 90.2% of excess-loss
Epoch 95: loss=1.929770  (6.43 sec, 65 subtrees, 225 chunks, 9313896 nodes)
  residual top-10 (subtree_mass × max(avg_loss − 1.930, 0)):
    rc   rootID   mass      avg_loss     score 
    1    50944    1479765   1.9555       38001.2
    46   840714   415269    1.9738       18272.0
    58   1402652  543420    1.9598       16330.4
    6    309644   167551    1.9782       8109.8
    52   1074317  367799    1.9518       8106.7
    39   493671   419607    1.9466       7043.8
    43   660187   735168    1.9385       6428.5
    42   614321   234101    1.9540       5664.4
    47   915694   343840    1.9440       4904.7
    57   1329804  377747    1.9413       4360.0
    top-10: 59.1% of mass, 90.0% of excess-loss
Epoch 96: loss=1.929635  (6.41 sec, 65 subtrees, 225 chunks, 9313896 nodes)
  residual top-10 (subtree_mass × max(avg_loss − 1.930, 0)):
    rc   rootID   mass      avg_loss     score 
    1    50944    1479765   1.9560       39075.5
    46   840714   415269    1.9736       18263.5
    58   1402652  543420    1.9603       16664.9
    52   1074317  367799    1.9521       8253.8
    6    309644   167551    1.9782       8136.2
    39   493671   419607    1.9441       6081.2
    43   660187   735168    1.9378       6022.3
    42   614321   234101    1.9525       5355.9
    47   915694   343840    1.9441       4982.6
    57   1329804  377747    1.9418       4586.2
    top-10: 59.1% of mass, 89.8% of excess-loss
Epoch 97: loss=1.929416  (6.46 sec, 65 subtrees, 225 chunks, 9313896 nodes)
  residual top-10 (subtree_mass × max(avg_loss − 1.929, 0)):
    rc   rootID   mass      avg_loss     score 
    1    50944    1479765   1.9566       40242.7
    46   840714   415269    1.9731       18150.2
    58   1402652  543420    1.9607       17001.4
    52   1074317  367799    1.9521       8330.3
    6    309644   167551    1.9784       8213.4
    43   660187   735168    1.9368       5458.6
    39   493671   419607    1.9420       5288.5
    42   614321   234101    1.9513       5117.9
    47   915694   343840    1.9437       4901.8
    57   1329804  377747    1.9423       4867.1
    top-10: 59.1% of mass, 89.6% of excess-loss
Epoch 98: loss=1.929198  (6.41 sec, 65 subtrees, 225 chunks, 9313896 nodes)
  residual top-10 (subtree_mass × max(avg_loss − 1.929, 0)):
    rc   rootID   mass      avg_loss     score 
    1    50944    1479765   1.9573       41566.1
    46   840714   415269    1.9726       18013.4
    58   1402652  543420    1.9609       17217.9
    52   1074317  367799    1.9522       8444.7
    6    309644   167551    1.9787       8298.6
    57   1329804  377747    1.9425       5022.6
    43   660187   735168    1.9358       4885.1
    42   614321   234101    1.9500       4869.2
    47   915694   343840    1.9431       4790.0
    39   493671   419607    1.9405       4729.8
    top-10: 59.1% of mass, 89.4% of excess-loss
Epoch 99: loss=1.929071  (6.45 sec, 65 subtrees, 225 chunks, 9313896 nodes)
  residual top-10 (subtree_mass × max(avg_loss − 1.929, 0)):
    rc   rootID   mass      avg_loss     score 
    1    50944    1479765   1.9579       42697.7
    46   840714   415269    1.9720       17808.5
    58   1402652  543420    1.9610       17335.4
    52   1074317  367799    1.9521       8454.7
    6    309644   167551    1.9789       8347.7
    57   1329804  377747    1.9424       5032.8
    47   915694   343840    1.9428       4710.6
    42   614321   234101    1.9490       4659.0
    43   660187   735168    1.9353       4592.5
    39   493671   419607    1.9396       4428.4
    top-10: 59.1% of mass, 89.4% of excess-loss
Epoch 100: loss=1.928995  (6.41 sec, 65 subtrees, 225 chunks, 9313896 nodes)
  residual top-10 (subtree_mass × max(avg_loss − 1.929, 0)):
    rc   rootID   mass      avg_loss     score 
    1    50944    1479765   1.9583       43340.2
    46   840714   415269    1.9718       17780.5
    58   1402652  543420    1.9609       17321.9
    52   1074317  367799    1.9518       8387.9
    6    309644   167551    1.9790       8384.2
    57   1329804  377747    1.9426       5131.8
    47   915694   343840    1.9425       4656.0
    42   614321   234101    1.9486       4596.6
    43   660187   735168    1.9351       4452.4
    39   493671   419607    1.9391       4260.5
    top-10: 59.1% of mass, 89.3% of excess-loss
Saved to /tmp/dist_rope_smoke_expected.model
Done.
  Appended optimizer state to /tmp/dist_rope_smoke_expected.model (adam_t=6500)
