AGPT CUDA Training Engine
  Model: d=64 heads=4 layers=2 ff=256 vocab=65 seq=128 head_dim=16
  Loaded 108481 weight floats (423.8 KB)
  No optimizer state in checkpoint; starting cold
Loading radix trie from /tmp/shake_baseline_d16_radix...
  Radix trie: 1607928 nodes, 9313896 total edge chars, 17 endpoint depths
  Radix loaded: 2697118 counts entries, 12276596 ancestor char entries
  d_split: 1062377/1607928 nodes have a mass=1 ancestor (mean depth 9.21)
  lr-schedule: warmup-cosine (peak=0.003, warmup_epochs=1)
  optimizer: rmsprop (lr=0.003)
  curriculum: flat (d=max each epoch)
  max edge_len: 16, max ancestor chars: 15, max KV per node: 31, max endpoint depth: 16
  mass=1 compaction: 8275783 / 9313896 chars are mass=1 (88.9%); cache holds 1038113 positions
  loop points: 18684 (mass>1 leaves; 3.4% of 545550 mass>1 nodes)
  KV cache: 531.5 MB unified memory (bf16 compact)
  GPU memory: 6176.4 MB used, 2010.4 MB free, 8186.8 MB total
  65 root-child subtrees: sizes min=1 max=246583 avg=24737.3 (total=1607927 radix nodes)
Epoch 1: loss=0.286838  (12.25 sec, 65 subtrees, 225 chunks, 9313896 nodes)
  residual top-10 (subtree_mass × max(avg_loss − 0.287, 0)):
    rc   rootID   mass      avg_loss     score 
    1    50944    1479765   0.3413       80562.1
    43   660187   735168    0.3389       38272.9
    0    1        297533    0.4137       37760.2
    40   574911   82726     0.5181       19127.7
    41   591555   114034    0.3789       10500.3
    44   798168   118584    0.3740       10340.3
    42   614321   234101    0.3161       6859.9
    45   821318   94570     0.3170       2848.7
    5    300532   44208     0.3373       2229.2
    2    297527   13758     0.3529       909.1 
    top-10: 37.4% of mass, 98.9% of excess-loss
Epoch 2: loss=0.216190  (12.07 sec, 65 subtrees, 225 chunks, 9313896 nodes)
  residual top-10 (subtree_mass × max(avg_loss − 0.216, 0)):
    rc   rootID   mass      avg_loss     score 
    44   798168   118584    0.2892       8654.3
    46   840714   415269    0.2284       5053.3
    45   821318   94570     0.2548       3652.8
    5    300532   44208     0.2769       2682.5
    6    309644   167551    0.2306       2418.1
    2    297527   13758     0.3694       2108.3
    59   1500853  192300    0.2254       1778.1
    8    341198   57485     0.2400       1366.9
    43   660187   735168    0.2172       735.3 
    7    338414   10559     0.2703       570.9 
    top-10: 21.5% of mass, 93.9% of excess-loss
Epoch 3: loss=0.202211  (10.92 sec, 65 subtrees, 225 chunks, 9313896 nodes)
  residual top-10 (subtree_mass × max(avg_loss − 0.202, 0)):
    rc   rootID   mass      avg_loss     score 
    44   798168   118584    0.2565       6436.9
    59   1500853  192300    0.2155       2559.3
    5    300532   44208     0.2441       1851.6
    45   821318   94570     0.2193       1611.9
    42   614321   234101    0.2086       1497.7
    43   660187   735168    0.2041       1353.7
    2    297527   13758     0.2866       1161.7
    6    309644   167551    0.2087       1088.5
    47   915694   343840    0.2047       859.3 
    50   993056   244544    0.2044       537.8 
    top-10: 25.5% of mass, 85.1% of excess-loss
Epoch 4: loss=0.195532  (5.74 sec, 65 subtrees, 225 chunks, 9313896 nodes)
  residual top-10 (subtree_mass × max(avg_loss − 0.196, 0)):
    rc   rootID   mass      avg_loss     score 
    59   1500853  192300    0.2298       6589.6
    58   1402652  543420    0.2010       2971.2
    56   1258453  358000    0.2035       2840.2
    54   1241689  76537     0.2262       2350.5
    57   1329804  377747    0.1989       1271.0
    5    300532   44208     0.2212       1133.9
    2    297527   13758     0.2504       754.6 
    44   798168   118584    0.2003       560.1 
    39   493671   419607    0.1966       460.3 
    45   821318   94570     0.2003       448.2 
    top-10: 26.0% of mass, 89.5% of excess-loss
Epoch 5: loss=0.189269  (5.76 sec, 65 subtrees, 225 chunks, 9313896 nodes)
  residual top-10 (subtree_mass × max(avg_loss − 0.189, 0)):
    rc   rootID   mass      avg_loss     score 
    59   1500853  192300    0.2148       4905.1
    39   493671   419607    0.1921       1185.8
    5    300532   44208     0.2075       807.4 
    45   821318   94570     0.1950       538.5 
    42   614321   234101    0.1915       512.1 
    50   993056   244544    0.1913       507.9 
    2    297527   13758     0.2244       482.7 
    56   1258453  358000    0.1905       431.8 
    44   798168   118584    0.1929       428.2 
    54   1241689  76537     0.1946       407.6 
    top-10: 20.9% of mass, 77.2% of excess-loss
Epoch 6: loss=0.184674  (5.76 sec, 65 subtrees, 225 chunks, 9313896 nodes)
  residual top-10 (subtree_mass × max(avg_loss − 0.185, 0)):
    rc   rootID   mass      avg_loss     score 
    59   1500853  192300    0.1932       1642.0
    56   1258453  358000    0.1884       1340.2
    39   493671   419607    0.1878       1301.7
    5    300532   44208     0.2050       898.8 
    50   993056   244544    0.1872       618.4 
    42   614321   234101    0.1872       589.9 
    45   821318   94570     0.1908       580.7 
    2    297527   13758     0.2199       484.6 
    44   798168   118584    0.1883       435.4 
    7    338414   10559     0.2211       384.5 
    top-10: 20.1% of mass, 69.0% of excess-loss
Epoch 7: loss=0.181156  (5.91 sec, 65 subtrees, 225 chunks, 9313896 nodes)
  residual top-10 (subtree_mass × max(avg_loss − 0.181, 0)):
    rc   rootID   mass      avg_loss     score 
    39   493671   419607    0.1846       1445.1
    56   1258453  358000    0.1837       914.1 
    50   993056   244544    0.1848       901.1 
    59   1500853  192300    0.1854       822.9 
    52   1074317  367799    0.1833       774.5 
    47   915694   343840    0.1833       748.5 
    42   614321   234101    0.1843       745.3 
    5    300532   44208     0.1974       719.6 
    45   821318   94570     0.1882       665.4 
    44   798168   118584    0.1858       551.7 
    top-10: 28.1% of mass, 68.7% of excess-loss
Epoch 8: loss=0.179150  (5.99 sec, 65 subtrees, 225 chunks, 9313896 nodes)
  residual top-10 (subtree_mass × max(avg_loss − 0.179, 0)):
    rc   rootID   mass      avg_loss     score 
    39   493671   419607    0.1822       1278.3
    50   993056   244544    0.1832       978.1 
    56   1258453  358000    0.1818       954.3 
    52   1074317  367799    0.1817       951.3 
    59   1500853  192300    0.1840       936.9 
    47   915694   343840    0.1815       797.2 
    42   614321   234101    0.1823       739.4 
    45   821318   94570     0.1861       654.6 
    5    300532   44208     0.1937       642.3 
    44   798168   118584    0.1835       519.2 
    top-10: 28.1% of mass, 67.4% of excess-loss
Epoch 9: loss=0.178226  (5.78 sec, 65 subtrees, 225 chunks, 9313896 nodes)
  residual top-10 (subtree_mass × max(avg_loss − 0.178, 0)):
    rc   rootID   mass      avg_loss     score 
    39   493671   419607    0.1809       1123.8
    52   1074317  367799    0.1811       1043.1
    56   1258453  358000    0.1811       1032.7
    50   993056   244544    0.1824       1010.9
    59   1500853  192300    0.1834       997.2 
    47   915694   343840    0.1806       827.7 
    42   614321   234101    0.1813       725.3 
    45   821318   94570     0.1851       654.3 
    5    300532   44208     0.1904       539.7 
    44   798168   118584    0.1825       510.0 
    top-10: 28.1% of mass, 66.1% of excess-loss
Epoch 10: loss=0.177976  (5.78 sec, 65 subtrees, 225 chunks, 9313896 nodes)
  residual top-10 (subtree_mass × max(avg_loss − 0.178, 0)):
    rc   rootID   mass      avg_loss     score 
    56   1258453  358000    0.1810       1075.4
    52   1074317  367799    0.1809       1067.9
    39   493671   419607    0.1804       1037.9
    59   1500853  192300    0.1834       1035.3
    50   993056   244544    0.1822       1029.4
    47   915694   343840    0.1804       840.6 
    42   614321   234101    0.1811       720.6 
    45   821318   94570     0.1849       658.3 
    5    300532   44208     0.1899       526.8 
    53   1145421  504725    0.1790       519.1 
    top-10: 32.6% of mass, 65.5% of excess-loss
Saved to rnd/depth-weight/matrix/depth-inv-linear_none_s2/run.model
Done.
  Appended optimizer state to rnd/depth-weight/matrix/depth-inv-linear_none_s2/run.model (adam_t=650)
