AGPT CUDA Training Engine
  Model: d=64 heads=4 layers=2 ff=256 vocab=65 seq=128 head_dim=16
  Loaded 108481 weight floats (423.8 KB)
  No optimizer state in checkpoint; starting cold
Loading radix trie from /tmp/gutenberg_5m_baseline_d16_radix...
  Radix trie: 7073694 nodes, 34623339 total edge chars, 17 endpoint depths
  Radix loaded: 11884367 counts entries, 63118178 ancestor char entries
  d_split: 4570307/7073694 nodes have a mass=1 ancestor (mean depth 10.48)
  lr-schedule: warmup-cosine (peak=0.003, warmup_epochs=1)
  optimizer: rmsprop (lr=0.003)
  curriculum: flat (d=max each epoch)
  max edge_len: 15, max ancestor chars: 15, max KV per node: 30, max endpoint depth: 16
  mass=1 compaction: 29783005 / 34623339 chars are mass=1 (86.0%); cache holds 4840334 positions
  loop points: 160826 (mass>1 leaves; 6.4% of 2503386 mass>1 nodes)
  KV cache: 2478.3 MB unified memory (bf16 compact)
  GPU memory: 3105.0 MB used, 5081.8 MB free, 8186.8 MB total
  65 root-child subtrees: sizes min=3 max=1116592 avg=108826.0 (total=7073693 radix nodes)
Epoch 1: loss=2.937839  (22.64 sec, 65 subtrees, 730 chunks, 34623339 nodes)
  residual top-10 (subtree_mass × max(avg_loss − 2.938, 0)):
    rc   rootID   mass      avg_loss     score 
    1    138709   8244278   4.4397       12381575.8
    0    1        824077    5.1728       1841756.6
    6    1317879  754528    3.3688       325146.7
    5    1263676  342947    3.6492       243973.2
    8    1439897  392288    3.3011       142501.4
    2    1255301  46307     4.1049       54043.2
    7    1422321  79638     3.3477       32638.4
    21   1567603  178953    3.0691       23490.9
    13   1520469  67330     3.1135       11826.8
    12   1513476  42580     3.2055       11396.3
    top-10: 24.1% of mass, 99.6% of excess-loss
Epoch 2: loss=2.417261  (22.11 sec, 65 subtrees, 730 chunks, 34623339 nodes)
  residual top-10 (subtree_mass × max(avg_loss − 2.417, 0)):
    rc   rootID   mass      avg_loss     score 
    1    138709   8244278   2.6205       1675646.4
    6    1317879  754528    2.9414       395504.7
    5    1263676  342947    3.4107       340692.5
    39   1660971  2741100   2.4896       198367.9
    8    1439897  392288    2.6935       108365.6
    0    1        824077    2.5273       90702.0
    7    1422321  79638     2.7633       27561.2
    47   3809957  2279927   2.4293       27418.0
    13   1520469  67330     2.6246       13959.6
    11   1500886  77582     2.5867       13143.0
    top-10: 34.7% of mass, 97.2% of excess-loss
Epoch 3: loss=2.284465  (22.08 sec, 65 subtrees, 730 chunks, 34623339 nodes)
  residual top-10 (subtree_mass × max(avg_loss − 2.284, 0)):
    rc   rootID   mass      avg_loss     score 
    5    1263676  342947    3.3179       354408.7
    6    1317879  754528    2.7313       337139.2
    39   1660971  2741100   2.3566       197701.7
    1    138709   8244278   2.3074       189437.0
    8    1439897  392288    2.5869       118641.7
    7    1422321  79638     2.5888       24237.9
    13   1520469  67330     2.4456       10852.3
    11   1500886  77582     2.3913       8285.5
    12   1513476  42580     2.4538       7209.4
    15   1539367  34390     2.4805       6743.0
    top-10: 28.0% of mass, 95.5% of excess-loss
Epoch 4: loss=2.196023  (34.73 sec, 65 subtrees, 730 chunks, 34623339 nodes)
  residual top-10 (subtree_mass × max(avg_loss − 2.196, 0)):
    rc   rootID   mass      avg_loss     score 
    39   1660971  2741100   2.2917       262140.8
    5    1263676  342947    2.9504       258712.4
    1    138709   8244278   2.2188       187681.2
    6    1317879  754528    2.4409       184784.7
    8    1439897  392288    2.3448       58358.2
    40   2098840  473230    2.2319       16980.3
    7    1422321  79638     2.3641       13385.5
    13   1520469  67330     2.3223       8500.6
    11   1500886  77582     2.2750       6123.9
    15   1539367  34390     2.3692       5957.0
    top-10: 29.0% of mass, 94.5% of excess-loss
Epoch 5: loss=2.145189  (51.68 sec, 65 subtrees, 730 chunks, 34623339 nodes)
  residual top-10 (subtree_mass × max(avg_loss − 2.145, 0)):
    rc   rootID   mass      avg_loss     score 
    5    1263676  342947    3.0005       293310.7
    6    1317879  754528    2.4252       211276.6
    39   1660971  2741100   2.2041       161590.4
    1    138709   8244278   2.1567       95153.4
    8    1439897  392288    2.3142       66305.8
    7    1422321  79638     2.3070       12885.5
    11   1500886  77582     2.2498       8118.3
    13   1520469  67330     2.2624       7893.7
    12   1513476  42580     2.2738       5474.8
    15   1539367  34390     2.2968       5212.6
    top-10: 28.0% of mass, 95.6% of excess-loss
Epoch 6: loss=2.090853  (46.06 sec, 65 subtrees, 730 chunks, 34623339 nodes)
  residual top-10 (subtree_mass × max(avg_loss − 2.091, 0)):
    rc   rootID   mass      avg_loss     score 
    5    1263676  342947    2.6793       201820.5
    6    1317879  754528    2.3277       178705.5
    39   1660971  2741100   2.1393       132862.5
    1    138709   8244278   2.1004       78917.6
    8    1439897  392288    2.2204       50833.1
    7    1422321  79638     2.2479       12510.0
    13   1520469  67330     2.1872       6489.9
    32   1636047  78207     2.1541       4945.1
    2    1255301  46307     2.1950       4823.2
    15   1539367  34390     2.2243       4589.4
    top-10: 28.0% of mass, 94.9% of excess-loss
Epoch 7: loss=2.054608  (29.25 sec, 65 subtrees, 730 chunks, 34623339 nodes)
  residual top-10 (subtree_mass × max(avg_loss − 2.055, 0)):
    rc   rootID   mass      avg_loss     score 
    5    1263676  342947    2.4266       127575.4
    6    1317879  754528    2.2048       113338.7
    39   1660971  2741100   2.0868       88231.4
    1    138709   8244278   2.0636       74408.8
    8    1439897  392288    2.1431       34713.8
    7    1422321  79638     2.1657       8848.7
    44   3229301  724285    2.0624       5679.7
    13   1520469  67330     2.1331       5285.1
    32   1636047  78207     2.1162       4815.9
    2    1255301  46307     2.1574       4758.7
    top-10: 29.6% of mass, 94.0% of excess-loss
Epoch 8: loss=2.034178  (22.22 sec, 65 subtrees, 730 chunks, 34623339 nodes)
  residual top-10 (subtree_mass × max(avg_loss − 2.034, 0)):
    rc   rootID   mass      avg_loss     score 
    6    1317879  754528    2.1389       78982.1
    5    1263676  342947    2.2539       75357.9
    39   1660971  2741100   2.0524       50021.6
    1    138709   8244278   2.0375       27484.5
    8    1439897  392288    2.0968       24583.6
    47   3809957  2279927   2.0397       12587.0
    44   3229301  724285    2.0454       8146.7
    7    1422321  79638     2.1189       6743.9
    32   1636047  78207     2.0923       4547.1
    2    1255301  46307     2.1307       4470.1
    top-10: 34.4% of mass, 91.8% of excess-loss
Epoch 9: loss=2.022530  (22.56 sec, 65 subtrees, 730 chunks, 34623339 nodes)
  residual top-10 (subtree_mass × max(avg_loss − 2.023, 0)):
    rc   rootID   mass      avg_loss     score 
    6    1317879  754528    2.0811       44201.3
    1    138709   8244278   2.0265       32773.4
    5    1263676  342947    2.1067       28849.6
    47   3809957  2279927   2.0315       20473.1
    39   1660971  2741100   2.0288       17318.0
    8    1439897  392288    2.0656       16876.7
    44   3229301  724285    2.0359       9712.6
    7    1422321  79638     2.0852       4992.2
    32   1636047  78207     2.0796       4466.3
    2    1255301  46307     2.1144       4252.5
    top-10: 34.4% of mass, 88.4% of excess-loss
Epoch 10: loss=2.019147  (22.29 sec, 65 subtrees, 730 chunks, 34623339 nodes)
  residual top-10 (subtree_mass × max(avg_loss − 2.019, 0)):
    rc   rootID   mass      avg_loss     score 
    1    138709   8244278   2.0232       33584.8
    6    1317879  754528    2.0505       23676.4
    47   3809957  2279927   2.0295       23540.6
    5    1263676  342947    2.0568       12915.5
    58   6141841  3228512   2.0230       12364.6
    8    1439897  392288    2.0500       12088.3
    44   3229301  724285    2.0321       9417.3
    52   4575546  2450327   2.0213       5168.6
    32   1636047  78207     2.0761       4452.3
    2    1255301  46307     2.1061       4024.9
    top-10: 40.7% of mass, 81.1% of excess-loss
Saved to rnd/depth-weight/matrix-gutenberg/off_events_s3/run.model
Done.
  Appended optimizer state to rnd/depth-weight/matrix-gutenberg/off_events_s3/run.model (adam_t=650)
