AGPT CUDA Training Engine
  Model: d=64 heads=4 layers=2 ff=256 vocab=65 seq=128 head_dim=16
  Loaded 108481 weight floats (423.8 KB)
  No optimizer state in checkpoint; starting cold
Loading radix trie from /tmp/shake_baseline_d16_radix...
  Radix trie: 1607928 nodes, 9313896 total edge chars, 17 endpoint depths
  Radix loaded: 2697118 counts entries, 12276596 ancestor char entries
  d_split: 1062377/1607928 nodes have a mass=1 ancestor (mean depth 9.21)
  lr-schedule: warmup-cosine (peak=0.003, warmup_epochs=1)
  optimizer: rmsprop (lr=0.003)
  curriculum: flat (d=max each epoch)
  max edge_len: 16, max ancestor chars: 15, max KV per node: 31, max endpoint depth: 16
  mass=1 compaction: 8275783 / 9313896 chars are mass=1 (88.9%); cache holds 1038113 positions
  loop points: 18684 (mass>1 leaves; 3.4% of 545550 mass>1 nodes)
  KV cache: 531.5 MB unified memory (bf16 compact)
  GPU memory: 2851.3 MB used, 5335.5 MB free, 8186.8 MB total
  65 root-child subtrees: sizes min=1 max=246583 avg=24737.3 (total=1607927 radix nodes)
Epoch 1: loss=2.859169  (5.88 sec, 65 subtrees, 225 chunks, 9313896 nodes)
  residual top-10 (subtree_mass × max(avg_loss − 2.859, 0)):
    rc   rootID   mass      avg_loss     score 
    1    50944    1479765   4.0583       1774466.1
    0    1        297533    4.7310       556918.3
    10   349444   84126     3.6720       68381.0
    6    309644   167551    3.2236       61069.0
    5    300532   44208     3.9303       47352.1
    8    341198   57485     3.0808       12739.8
    2    297527   13758     3.7439       12171.5
    7    338414   10559     3.3688       5381.4
    30   457660   31233     3.0224       5098.0
    11   364300   27722     2.9988       3871.3
    top-10: 25.7% of mass, 99.8% of excess-loss
Epoch 2: loss=2.399256  (5.52 sec, 65 subtrees, 225 chunks, 9313896 nodes)
  residual top-10 (subtree_mass × max(avg_loss − 2.399, 0)):
    rc   rootID   mass      avg_loss     score 
    10   349444   84126     4.0875       142025.8
    6    309644   167551    3.1760       130137.8
    5    300532   44208     4.6599       99936.7
    39   493671   419607    2.4924       39081.5
    8    341198   57485     2.7575       20591.9
    11   364300   27722     2.8824       13392.4
    13   372685   55068     2.6148       11871.6
    1    50944    1479765   2.4042       7353.3
    7    338414   10559     3.0499       6870.5
    12   369639   16107     2.7825       6173.5
    top-10: 27.5% of mass, 96.4% of excess-loss
Epoch 3: loss=2.243972  (5.53 sec, 65 subtrees, 225 chunks, 9313896 nodes)
  residual top-10 (subtree_mass × max(avg_loss − 2.244, 0)):
    rc   rootID   mass      avg_loss     score 
    6    309644   167551    2.4883       40935.7
    1    50944    1479765   2.2711       40157.9
    39   493671   419607    2.3396       40134.0
    5    300532   44208     3.0056       33670.4
    10   349444   84126     2.5153       22829.9
    8    341198   57485     2.3304       4967.3
    13   372685   55068     2.3107       3673.9
    40   574911   82726     2.2862       3497.5
    12   369639   16107     2.4561       3417.3
    11   364300   27722     2.3447       2792.0
    top-10: 28.3% of mass, 95.7% of excess-loss
Epoch 4: loss=2.180322  (5.53 sec, 65 subtrees, 225 chunks, 9313896 nodes)
  residual top-10 (subtree_mass × max(avg_loss − 2.180, 0)):
    rc   rootID   mass      avg_loss     score 
    6    309644   167551    2.4528       45658.1
    39   493671   419607    2.2666       36184.8
    5    300532   44208     2.8325       28830.2
    10   349444   84126     2.3522       14463.2
    8    341198   57485     2.2472       3841.9
    40   574911   82726     2.2214       3397.6
    13   372685   55068     2.2333       2918.3
    12   369639   16107     2.3397       2567.3
    7    338414   10559     2.3892       2205.0
    11   364300   27722     2.2580       2153.9
    top-10: 11.2% of mass, 94.7% of excess-loss
Epoch 5: loss=2.135653  (5.53 sec, 65 subtrees, 225 chunks, 9313896 nodes)
  residual top-10 (subtree_mass × max(avg_loss − 2.136, 0)):
    rc   rootID   mass      avg_loss     score 
    6    309644   167551    2.3178       30518.2
    39   493671   419607    2.2074       30090.6
    5    300532   44208     2.6212       21464.3
    10   349444   84126     2.2653       10904.9
    8    341198   57485     2.1962       3477.8
    40   574911   82726     2.1757       3311.3
    13   372685   55068     2.1928       3149.6
    12   369639   16107     2.3253       3054.7
    42   614321   234101    2.1485       2997.2
    47   915694   343840    2.1438       2795.8
    top-10: 17.5% of mass, 90.8% of excess-loss
Epoch 6: loss=2.102475  (5.53 sec, 65 subtrees, 225 chunks, 9313896 nodes)
  residual top-10 (subtree_mass × max(avg_loss − 2.102, 0)):
    rc   rootID   mass      avg_loss     score 
    6    309644   167551    2.2920       31751.7
    39   493671   419607    2.1610       24566.4
    5    300532   44208     2.6305       23341.9
    47   915694   343840    2.1111       2980.7
    40   574911   82726     2.1380       2937.7
    44   798168   118584    2.1258       2763.1
    42   614321   234101    2.1142       2736.0
    8    341198   57485     2.1468       2547.7
    7    338414   10559     2.2869       1946.8
    45   821318   94570     2.1189       1551.2
    top-10: 18.3% of mass, 92.9% of excess-loss
Epoch 7: loss=2.065785  (5.55 sec, 65 subtrees, 225 chunks, 9313896 nodes)
  residual top-10 (subtree_mass × max(avg_loss − 2.066, 0)):
    rc   rootID   mass      avg_loss     score 
    39   493671   419607    2.1114       19141.1
    6    309644   167551    2.1338       11400.9
    5    300532   44208     2.3111       10844.2
    47   915694   343840    2.0802       4964.9
    44   798168   118584    2.0929       3212.8
    46   840714   415269    2.0732       3083.1
    42   614321   234101    2.0788       3049.0
    43   660187   735168    2.0696       2793.1
    40   574911   82726     2.0989       2738.3
    1    50944    1479765   2.0669       1602.8
    top-10: 47.0% of mass, 90.5% of excess-loss
Epoch 8: loss=2.045936  (5.55 sec, 65 subtrees, 225 chunks, 9313896 nodes)
  residual top-10 (subtree_mass × max(avg_loss − 2.046, 0)):
    rc   rootID   mass      avg_loss     score 
    39   493671   419607    2.0821       15165.3
    47   915694   343840    2.0653       6643.2
    5    300532   44208     2.1683       5408.4
    46   840714   415269    2.0589       5375.8
    43   660187   735168    2.0526       4868.7
    6    309644   167551    2.0710       4206.4
    44   798168   118584    2.0771       3700.9
    42   614321   234101    2.0602       3349.9
    52   1074317  367799    2.0550       3349.6
    40   574911   82726     2.0757       2462.8
    top-10: 34.1% of mass, 83.4% of excess-loss
Epoch 9: loss=2.036451  (5.55 sec, 65 subtrees, 225 chunks, 9313896 nodes)
  residual top-10 (subtree_mass × max(avg_loss − 2.036, 0)):
    rc   rootID   mass      avg_loss     score 
    39   493671   419607    2.0634       11310.1
    47   915694   343840    2.0590       7752.1
    46   840714   415269    2.0524       6620.4
    58   1402652  543420    2.0466       5507.3
    43   660187   735168    2.0435       5181.4
    52   1074317  367799    2.0503       5102.1
    53   1145421  504725    2.0452       4391.1
    44   798168   118584    2.0690       3858.2
    42   614321   234101    2.0498       3135.1
    5    300532   44208     2.0986       2745.5
    top-10: 43.3% of mass, 76.7% of excess-loss
Epoch 10: loss=2.033085  (5.56 sec, 65 subtrees, 225 chunks, 9313896 nodes)
  residual top-10 (subtree_mass × max(avg_loss − 2.033, 0)):
    rc   rootID   mass      avg_loss     score 
    39   493671   419607    2.0527       8231.2
    58   1402652  543420    2.0475       7810.2
    47   915694   343840    2.0557       7778.1
    46   840714   415269    2.0489       6550.0
    52   1074317  367799    2.0494       5993.8
    53   1145421  504725    2.0443       5669.8
    57   1329804  377747    2.0433       3869.7
    44   798168   118584    2.0637       3633.7
    43   660187   735168    2.0378       3468.9
    56   1258453  358000    2.0421       3237.6
    top-10: 48.7% of mass, 74.8% of excess-loss
Saved to rnd/depth-weight/matrix/entropy-down_events_s2/run.model
Done.
  Appended optimizer state to rnd/depth-weight/matrix/entropy-down_events_s2/run.model (adam_t=650)
