AGPT CUDA Training Engine
  Model: d=64 heads=4 layers=2 ff=256 vocab=65 seq=128 head_dim=16
  Loaded 108481 weight floats (423.8 KB)
  No optimizer state in checkpoint; starting cold
Loading radix trie from /tmp/shake_baseline_d16_radix...
  Radix trie: 1607928 nodes, 9313896 total edge chars, 17 endpoint depths
  Radix loaded: 2697118 counts entries, 12276596 ancestor char entries
  d_split: 1062377/1607928 nodes have a mass=1 ancestor (mean depth 9.21)
  lr-schedule: warmup-cosine (peak=0.003, warmup_epochs=1)
  optimizer: rmsprop (lr=0.003)
  curriculum: flat (d=max each epoch)
  max edge_len: 16, max ancestor chars: 15, max KV per node: 31, max endpoint depth: 16
  mass=1 compaction: 8275783 / 9313896 chars are mass=1 (88.9%); cache holds 1038113 positions
  loop points: 18684 (mass>1 leaves; 3.4% of 545550 mass>1 nodes)
  KV cache: 531.5 MB unified memory (bf16 compact)
  GPU memory: 2851.3 MB used, 5335.5 MB free, 8186.8 MB total
  65 root-child subtrees: sizes min=1 max=246583 avg=24737.3 (total=1607927 radix nodes)
Epoch 1: loss=4.260451  (6.33 sec, 65 subtrees, 225 chunks, 9313896 nodes)
  residual top-10 (subtree_mass × max(avg_loss − 4.260, 0)):
    rc   rootID   mass      avg_loss     score 
    1    50944    1479765   6.0938       2712867.7
    0    1        297533    7.1806       868826.2
    10   349444   84126     5.4850       103012.9
    6    309644   167551    4.8449       97917.2
    5    300532   44208     5.8335       69542.6
    8    341198   57485     4.7587       28643.5
    2    297527   13758     5.6454       19054.4
    7    338414   10559     5.0177       7995.3
    31   464280   29454     4.5297       7930.5
    12   369639   16107     4.6683       6569.4
    top-10: 25.6% of mass, 99.6% of excess-loss
Epoch 2: loss=3.557494  (5.82 sec, 65 subtrees, 225 chunks, 9313896 nodes)
  residual top-10 (subtree_mass × max(avg_loss − 3.557, 0)):
    rc   rootID   mass      avg_loss     score 
    6    309644   167551    4.8171       211055.7
    10   349444   84126     5.9154       198360.8
    1    50944    1479765   3.6693       165468.2
    5    300532   44208     6.6370       136140.3
    39   493671   419607    3.6494       38550.2
    8    341198   57485     4.1785       35696.1
    11   364300   27722     4.3449       21828.4
    0    1        297533    3.6292       21331.0
    13   372685   55068     3.8536       16306.7
    12   369639   16107     4.3150       12201.1
    top-10: 30.8% of mass, 97.0% of excess-loss
Epoch 3: loss=3.361397  (5.74 sec, 65 subtrees, 225 chunks, 9313896 nodes)
  residual top-10 (subtree_mass × max(avg_loss − 3.361, 0)):
    rc   rootID   mass      avg_loss     score 
    6    309644   167551    3.9617       100584.4
    10   349444   84126     3.9856       52513.1
    39   493671   419607    3.4843       51555.0
    5    300532   44208     4.5176       51113.6
    1    50944    1479765   3.3874       38456.5
    8    341198   57485     3.6234       15063.3
    12   369639   16107     3.9450       9400.5
    13   372685   55068     3.5300       9281.9
    7    338414   10559     3.8646       5313.0
    11   364300   27722     3.5259       4561.7
    top-10: 27.5% of mass, 95.4% of excess-loss
Epoch 4: loss=3.260320  (5.74 sec, 65 subtrees, 225 chunks, 9313896 nodes)
  residual top-10 (subtree_mass × max(avg_loss − 3.260, 0)):
    rc   rootID   mass      avg_loss     score 
    6    309644   167551    3.5571       49724.8
    39   493671   419607    3.3712       46527.2
    10   349444   84126     3.7757       43355.9
    5    300532   44208     4.2122       42078.9
    8    341198   57485     3.4523       11034.2
    13   372685   55068     3.4075       8106.0
    12   369639   16107     3.7146       7317.0
    11   364300   27722     3.4730       5897.2
    1    50944    1479765   3.2634       4628.5
    40   574911   82726     3.3087       3999.0
    top-10: 28.3% of mass, 94.1% of excess-loss
Epoch 5: loss=3.188164  (11.30 sec, 65 subtrees, 225 chunks, 9313896 nodes)
  residual top-10 (subtree_mass × max(avg_loss − 3.188, 0)):
    rc   rootID   mass      avg_loss     score 
    6    309644   167551    3.4438       42829.5
    39   493671   419607    3.2833       39901.2
    5    300532   44208     3.9213       32409.3
    10   349444   84126     3.4173       19276.0
    1    50944    1479765   3.2003       17985.7
    8    341198   57485     3.3303       8172.1
    12   369639   16107     3.4953       4947.2
    40   574911   82726     3.2311       3553.6
    44   798168   118584    3.2172       3444.8
    13   372685   55068     3.2480       3295.2
    top-10: 29.4% of mass, 95.6% of excess-loss
Epoch 6: loss=3.125890  (12.00 sec, 65 subtrees, 225 chunks, 9313896 nodes)
  residual top-10 (subtree_mass × max(avg_loss − 3.126, 0)):
    rc   rootID   mass      avg_loss     score 
    39   493671   419607    3.2069       33994.0
    6    309644   167551    3.3195       32435.1
    1    50944    1479765   3.1434       25933.6
    5    300532   44208     3.6292       22250.0
    10   349444   84126     3.1923       5586.2
    8    341198   57485     3.2149       5118.8
    44   798168   118584    3.1595       3989.2
    40   574911   82726     3.1696       3613.8
    42   614321   234101    3.1383       2908.6
    12   369639   16107     3.3057       2896.7
    top-10: 31.5% of mass, 95.1% of excess-loss
Epoch 7: loss=3.078043  (12.08 sec, 65 subtrees, 225 chunks, 9313896 nodes)
  residual top-10 (subtree_mass × max(avg_loss − 3.078, 0)):
    rc   rootID   mass      avg_loss     score 
    39   493671   419607    3.1435       27459.5
    1    50944    1479765   3.0965       27348.8
    6    309644   167551    3.2003       20476.3
    5    300532   44208     3.3961       14061.7
    46   840714   415269    3.0908       5278.4
    44   798168   118584    3.1175       4676.1
    40   574911   82726     3.1204       3508.1
    42   614321   234101    3.0918       3223.6
    47   915694   343840    3.0869       3043.2
    8    341198   57485     3.1171       2243.1
    top-10: 39.1% of mass, 95.1% of excess-loss
Epoch 8: loss=3.050541  (12.14 sec, 65 subtrees, 225 chunks, 9313896 nodes)
  residual top-10 (subtree_mass × max(avg_loss − 3.051, 0)):
    rc   rootID   mass      avg_loss     score 
    39   493671   419607    3.0996       20601.1
    1    50944    1479765   3.0626       17797.2
    6    309644   167551    3.1368       14445.4
    5    300532   44208     3.2508       8854.6
    46   840714   415269    3.0687       7553.2
    44   798168   118584    3.0924       4969.6
    47   915694   343840    3.0642       4693.1
    43   660187   735168    3.0559       3944.4
    42   614321   234101    3.0668       3810.5
    40   574911   82726     3.0910       3345.1
    top-10: 47.0% of mass, 93.6% of excess-loss
Epoch 9: loss=3.033025  (12.19 sec, 65 subtrees, 225 chunks, 9313896 nodes)
  residual top-10 (subtree_mass × max(avg_loss − 3.033, 0)):
    rc   rootID   mass      avg_loss     score 
    1    50944    1479765   3.0480       22110.4
    39   493671   419607    3.0653       13535.7
    46   840714   415269    3.0576       10215.2
    47   915694   343840    3.0523       6630.2
    58   1402652  543420    3.0442       6090.6
    44   798168   118584    3.0791       5458.6
    43   660187   735168    3.0402       5268.6
    42   614321   234101    3.0503       4046.2
    52   1074317  367799    3.0428       3607.1
    5    300532   44208     3.1108       3436.2
    top-10: 54.7% of mass, 87.6% of excess-loss
Epoch 10: loss=3.027754  (12.11 sec, 65 subtrees, 225 chunks, 9313896 nodes)
  residual top-10 (subtree_mass × max(avg_loss − 3.028, 0)):
    rc   rootID   mass      avg_loss     score 
    1    50944    1479765   3.0440       23976.6
    46   840714   415269    3.0528       10419.0
    58   1402652  543420    3.0468       10372.7
    47   915694   343840    3.0481       6987.1
    39   493671   419607    3.0444       6981.3
    52   1074317  367799    3.0421       5289.5
    44   798168   118584    3.0709       5115.5
    53   1145421  504725    3.0372       4773.5
    57   1329804  377747    3.0377       3746.0
    42   614321   234101    3.0384       2493.5
    top-10: 55.9% of mass, 87.1% of excess-loss
Saved to rnd/depth-weight/matrix/branching-inv-log_events_s2/run.model
Done.
  Appended optimizer state to rnd/depth-weight/matrix/branching-inv-log_events_s2/run.model (adam_t=650)
