INFO: --anc-grad: per-subtree descendant→ancestor gradient flow enabled (Wk/Wv get full gradient instead of own-edge-only)
AGPT CUDA Training Engine
  Model: d=64 heads=4 layers=2 ff=256 vocab=65 seq=128 head_dim=16
  Loaded 108481 weight floats (423.8 KB)
  No optimizer state in checkpoint; starting cold
Loading radix trie from /tmp/gutenberg_5m_baseline_d16_radix...
  Radix trie: 7073694 nodes, 34623339 total edge chars, 17 endpoint depths
  Radix loaded: 11884367 counts entries, 63118178 ancestor char entries
  d_split: 4570307/7073694 nodes have a mass=1 ancestor (mean depth 10.48)
  lr-schedule: warmup-cosine (peak=0.003, warmup_epochs=1)
  optimizer: rmsprop (lr=0.003)
  curriculum: flat (d=max each epoch)
  max edge_len: 15, max ancestor chars: 15, max KV per node: 30, max endpoint depth: 16
  mass=1 compaction: 29783005 / 34623339 chars are mass=1 (86.0%); cache holds 4840334 positions
  loop points: 160826 (mass>1 leaves; 6.4% of 2503386 mass>1 nodes)
  KV cache: 2478.3 MB unified memory (bf16 compact)
  GPU memory: 3105.0 MB used, 5081.8 MB free, 8186.8 MB total
  65 root-child subtrees: sizes min=3 max=1116592 avg=108826.0 (total=7073693 radix nodes)
  anc-grad: max_n_subtree_compact_chars=785090, 2 layers x 3 buffers x 200.98 MB + 19.36 MB lookup = 1237.82 MB total
Epoch 1: loss=3.590557  (22.44 sec, 65 subtrees, 730 chunks, 34623339 nodes)
  residual top-10 (subtree_mass × max(avg_loss − 3.591, 0)):
    rc   rootID   mass      avg_loss     score 
    1    138709   8244278   4.4467       7058361.9
    43   2546378  4367096   4.4413       3715140.8
    0    1        824077    5.1728       1303877.6
    47   3809957  2279927   4.1492       1273697.4
    40   2098840  473230    5.4448       877504.2
    42   2302712  1539203   4.1223       818450.4
    44   3229301  724285    4.6858       793293.1
    41   2178351  766679    4.5274       718271.2
    45   3347168  678815    3.8915       204266.3
    46   3463254  2317775   3.6553       150112.8
    top-10: 48.7% of mass, 99.1% of excess-loss
Epoch 2: loss=2.597044  (22.25 sec, 65 subtrees, 730 chunks, 34623339 nodes)
  residual top-10 (subtree_mass × max(avg_loss − 2.597, 0)):
    rc   rootID   mass      avg_loss     score 
    56   5475765  1903021   2.8283       440146.8
    54   5381749  526964    3.2166       326467.0
    58   6141841  3228512   2.6851       284259.2
    53   4965123  2594188   2.7035       276200.7
    59   6621526  905338    2.8905       265712.2
    1    138709   8244278   2.6166       161373.2
    57   5794595  2162522   2.6615       139456.4
    5    1263676  342947    2.8471       85754.1
    44   3229301  724285    2.6940       70238.5
    49   4172773  263541    2.6805       21992.8
    top-10: 45.8% of mass, 96.0% of excess-loss
Epoch 3: loss=2.420845  (22.25 sec, 65 subtrees, 730 chunks, 34623339 nodes)
  residual top-10 (subtree_mass × max(avg_loss − 2.421, 0)):
    rc   rootID   mass      avg_loss     score 
    1    138709   8244278   2.4767       460133.2
    59   6621526  905338    2.8186       360101.5
    5    1263676  342947    2.5886       57521.7
    6    1317879  754528    2.4661       34172.2
    0    1        824077    2.4587       31213.8
    44   3229301  724285    2.4609       28997.9
    8    1439897  392288    2.4781       22456.3
    54   5381749  526964    2.4559       18459.7
    58   6141841  3228512   2.4262       17137.2
    17   1549239  26766     2.9091       13067.6
    top-10: 35.0% of mass, 89.5% of excess-loss
Epoch 4: loss=2.336924  (22.25 sec, 65 subtrees, 730 chunks, 34623339 nodes)
  residual top-10 (subtree_mass × max(avg_loss − 2.337, 0)):
    rc   rootID   mass      avg_loss     score 
    59   6621526  905338    2.7294       355366.1
    1    138709   8244278   2.3617       204581.7
    54   5381749  526964    2.5236       98378.6
    58   6141841  3228512   2.3619       80657.1
    44   3229301  724285    2.4101       52980.9
    5    1263676  342947    2.4726       46542.8
    6    1317879  754528    2.3672       22865.3
    8    1439897  392288    2.3831       18124.9
    17   1549239  26766     2.7838       11960.1
    0    1        824077    2.3505       11199.3
    top-10: 35.0% of mass, 90.3% of excess-loss
Epoch 5: loss=2.266926  (22.25 sec, 65 subtrees, 730 chunks, 34623339 nodes)
  residual top-10 (subtree_mass × max(avg_loss − 2.267, 0)):
    rc   rootID   mass      avg_loss     score 
    59   6621526  905338    2.5688       273264.2
    1    138709   8244278   2.2909       197547.4
    58   6141841  3228512   2.3197       170488.0
    5    1263676  342947    2.3959       44244.7
    54   5381749  526964    2.3357       36259.6
    6    1317879  754528    2.3078       30830.9
    8    1439897  392288    2.3237       22283.9
    17   1549239  26766     2.7123       11919.6
    44   3229301  724285    2.2810       10168.9
    2    1255301  46307     2.4784       9793.7
    top-10: 33.3% of mass, 89.1% of excess-loss
Epoch 6: loss=2.192150  (22.25 sec, 65 subtrees, 730 chunks, 34623339 nodes)
  residual top-10 (subtree_mass × max(avg_loss − 2.192, 0)):
    rc   rootID   mass      avg_loss     score 
    1    138709   8244278   2.2268       285986.0
    59   6621526  905338    2.2406       43871.2
    6    1317879  754528    2.2442       39243.0
    5    1263676  342947    2.2993       36742.2
    39   1660971  2741100   2.2022       27452.9
    8    1439897  392288    2.2613       27132.3
    0    1        824077    2.2117       16071.0
    17   1549239  26766     2.6588       12489.7
    32   1636047  78207     2.3383       11429.1
    13   1520469  67330     2.3528       10814.4
    top-10: 31.5% of mass, 84.5% of excess-loss
Epoch 7: loss=2.144524  (22.27 sec, 65 subtrees, 730 chunks, 34623339 nodes)
  residual top-10 (subtree_mass × max(avg_loss − 2.145, 0)):
    rc   rootID   mass      avg_loss     score 
    1    138709   8244278   2.1611       137030.5
    6    1317879  754528    2.1893       33793.2
    5    1263676  342947    2.2258       27876.9
    8    1439897  392288    2.2059       24061.8
    39   1660971  2741100   2.1501       15178.1
    59   6621526  905338    2.1605       14506.6
    17   1549239  26766     2.5972       12116.1
    32   1636047  78207     2.2906       11422.6
    13   1520469  67330     2.2979       10326.5
    15   1539367  34390     2.3626       7499.6
    top-10: 29.8% of mass, 77.7% of excess-loss
Epoch 8: loss=2.117900  (22.26 sec, 65 subtrees, 730 chunks, 34623339 nodes)
  residual top-10 (subtree_mass × max(avg_loss − 2.118, 0)):
    rc   rootID   mass      avg_loss     score 
    1    138709   8244278   2.1302       101643.0
    6    1317879  754528    2.1611       32632.7
    8    1439897  392288    2.1763       22898.3
    5    1263676  342947    2.1842       22724.5
    39   1660971  2741100   2.1224       12203.4
    17   1549239  26766     2.5714       12138.5
    32   1636047  78207     2.2666       11628.4
    13   1520469  67330     2.2701       10245.8
    47   3809957  2279927   2.1215       8207.9
    15   1539367  34390     2.3342       7436.9
    top-10: 32.8% of mass, 74.4% of excess-loss
Epoch 9: loss=2.105687  (22.23 sec, 65 subtrees, 730 chunks, 34623339 nodes)
  residual top-10 (subtree_mass × max(avg_loss − 2.106, 0)):
    rc   rootID   mass      avg_loss     score 
    1    138709   8244278   2.1112       45287.1
    6    1317879  754528    2.1439       28855.1
    8    1439897  392288    2.1614       21868.1
    5    1263676  342947    2.1631       19706.6
    17   1549239  26766     2.5589       12129.6
    32   1636047  78207     2.2565       11797.8
    47   3809957  2279927   2.1104       10815.3
    13   1520469  67330     2.2549       10043.8
    15   1539367  34390     2.3218       7432.8
    28   1618406  47896     2.2585       7317.6
    top-10: 26.9% of mass, 69.0% of excess-loss
Epoch 10: loss=2.102329  (22.25 sec, 65 subtrees, 730 chunks, 34623339 nodes)
  residual top-10 (subtree_mass × max(avg_loss − 2.102, 0)):
    rc   rootID   mass      avg_loss     score 
    6    1317879  754528    2.1379       26825.0
    8    1439897  392288    2.1587       22105.1
    1    138709   8244278   2.1050       21880.3
    5    1263676  342947    2.1574       18873.7
    17   1549239  26766     2.5541       12091.6
    32   1636047  78207     2.2545       11899.1
    47   3809957  2279927   2.1075       11796.8
    13   1520469  67330     2.2492       9890.1
    15   1539367  34390     2.3172       7388.5
    28   1618406  47896     2.2561       7365.3
    top-10: 26.9% of mass, 66.6% of excess-loss
Saved to rnd/per-fire-norm/raw-no-scale/gutenberg/seed3_on/run.model
Done.
  Appended optimizer state to rnd/per-fire-norm/raw-no-scale/gutenberg/seed3_on/run.model (adam_t=650)
