AGPT CUDA Training Engine
  Model: d=64 heads=4 layers=2 ff=256 vocab=65 seq=128 head_dim=16
  Loaded 108481 weight floats (423.8 KB)
  No optimizer state in checkpoint; starting cold
Loading radix trie from /tmp/shake_baseline_d16_radix...
  Radix trie: 1607928 nodes, 9313896 total edge chars, 17 endpoint depths
  Radix loaded: 2697118 counts entries, 12276596 ancestor char entries
  d_split: 1062377/1607928 nodes have a mass=1 ancestor (mean depth 9.21)
  lr-schedule: warmup-cosine (peak=0.003, warmup_epochs=1)
  optimizer: rmsprop (lr=0.003)
  curriculum: flat (d=max each epoch)
  max edge_len: 16, max ancestor chars: 15, max KV per node: 31, max endpoint depth: 16
  mass=1 compaction: 8275783 / 9313896 chars are mass=1 (88.9%); cache holds 1038113 positions
  loop points: 18684 (mass>1 leaves; 3.4% of 545550 mass>1 nodes)
  KV cache: 531.5 MB unified memory (bf16 compact)
  GPU memory: 2851.0 MB used, 5335.8 MB free, 8186.8 MB total
  65 root-child subtrees: sizes min=1 max=246583 avg=24737.3 (total=1607927 radix nodes)
Epoch 1: loss=1.187093  (5.79 sec, 65 subtrees, 225 chunks, 9313896 nodes)
  residual top-10 (subtree_mass × max(avg_loss − 1.187, 0)):
    rc   rootID   mass      avg_loss     score 
    1    50944    1479765   1.7204       789124.8
    0    1        297533    2.0168       246852.8
    10   349444   84126     1.5679       32035.4
    6    309644   167551    1.3129       21075.1
    5    300532   44208     1.4890       13348.4
    8    341198   57485     1.3060       6835.4
    2    297527   13758     1.6834       6828.7
    11   364300   27722     1.2910       2881.3
    7    338414   10559     1.4333       2599.5
    12   369639   16107     1.3058       1912.2
    top-10: 25.6% of mass, 99.8% of excess-loss
Epoch 2: loss=1.009956  (5.60 sec, 65 subtrees, 225 chunks, 9313896 nodes)
  residual top-10 (subtree_mass × max(avg_loss − 1.010, 0)):
    rc   rootID   mass      avg_loss     score 
    1    50944    1479765   1.0651       81544.9
    10   349444   84126     1.9178       76376.1
    6    309644   167551    1.2135       34104.3
    5    300532   44208     1.4804       20798.7
    0    1        297533    1.0477       11232.5
    39   493671   419607    1.0332       9732.9
    8    341198   57485     1.1369       7297.2
    11   364300   27722     1.2394       6362.0
    13   372685   55068     1.1250       6337.3
    12   369639   16107     1.2319       3575.2
    top-10: 30.8% of mass, 95.0% of excess-loss
Epoch 3: loss=0.950023  (5.64 sec, 65 subtrees, 225 chunks, 9313896 nodes)
  residual top-10 (subtree_mass × max(avg_loss − 0.950, 0)):
    rc   rootID   mass      avg_loss     score 
    6    309644   167551    1.0589       18244.6
    39   493671   419607    0.9932       18130.3
    5    300532   44208     1.3130       16047.8
    10   349444   84126     1.1210       14379.5
    8    341198   57485     1.0252       4322.1
    12   369639   16107     1.2072       4142.4
    13   372685   55068     1.0141       3530.0
    11   364300   27722     1.0496       2760.9
    40   574911   82726     0.9769       2222.1
    7    338414   10559     1.0998       1581.4
    top-10: 11.2% of mass, 89.6% of excess-loss
Epoch 4: loss=0.905015  (5.65 sec, 65 subtrees, 225 chunks, 9313896 nodes)
  residual top-10 (subtree_mass × max(avg_loss − 0.905, 0)):
    rc   rootID   mass      avg_loss     score 
    39   493671   419607    0.9419       15494.5
    6    309644   167551    0.9810       12732.2
    5    300532   44208     1.1767       12011.0
    10   349444   84126     1.0226       9890.3
    8    341198   57485     0.9528       2745.7
    12   369639   16107     1.0273       1969.1
    7    338414   10559     1.0507       1538.6
    40   574911   82726     0.9233       1513.2
    13   372685   55068     0.9308       1419.3
    47   915694   343840    0.9077       912.1 
    top-10: 14.9% of mass, 93.3% of excess-loss
Epoch 5: loss=0.876497  (5.63 sec, 65 subtrees, 225 chunks, 9313896 nodes)
  residual top-10 (subtree_mass × max(avg_loss − 0.876, 0)):
    rc   rootID   mass      avg_loss     score 
    39   493671   419607    0.9086       13474.5
    5    300532   44208     1.1023       9982.7
    6    309644   167551    0.9335       9553.9
    10   349444   84126     0.9063       2503.1
    40   574911   82726     0.8978       1765.9
    12   369639   16107     0.9764       1609.9
    42   614321   234101    0.8831       1555.5
    8    341198   57485     0.9035       1550.1
    44   798168   118584    0.8869       1236.3
    7    338414   10559     0.9873       1169.9
    top-10: 14.4% of mass, 90.9% of excess-loss
Epoch 6: loss=0.858053  (5.63 sec, 65 subtrees, 225 chunks, 9313896 nodes)
  residual top-10 (subtree_mass × max(avg_loss − 0.858, 0)):
    rc   rootID   mass      avg_loss     score 
    39   493671   419607    0.8829       10427.8
    5    300532   44208     1.0182       7081.2
    6    309644   167551    0.8987       6807.1
    47   915694   343840    0.8638       1967.8
    42   614321   234101    0.8659       1825.8
    44   798168   118584    0.8716       1609.8
    40   574911   82726     0.8764       1516.2
    12   369639   16107     0.9303       1164.4
    45   821318   94570     0.8700       1127.0
    7    338414   10559     0.9575       1050.2
    top-10: 17.8% of mass, 90.1% of excess-loss
Epoch 7: loss=0.843483  (5.79 sec, 65 subtrees, 225 chunks, 9313896 nodes)
  residual top-10 (subtree_mass × max(avg_loss − 0.843, 0)):
    rc   rootID   mass      avg_loss     score 
    39   493671   419607    0.8644       8792.4
    5    300532   44208     0.9406       4295.0
    6    309644   167551    0.8590       2600.8
    47   915694   343840    0.8505       2429.3
    42   614321   234101    0.8521       2020.2
    44   798168   118584    0.8579       1705.6
    40   574911   82726     0.8612       1464.9
    45   821318   94570     0.8564       1225.4
    50   993056   244544    0.8471       875.4 
    7    338414   10559     0.9247       857.5 
    top-10: 20.5% of mass, 86.2% of excess-loss
Epoch 8: loss=0.836250  (5.96 sec, 65 subtrees, 225 chunks, 9313896 nodes)
  residual top-10 (subtree_mass × max(avg_loss − 0.836, 0)):
    rc   rootID   mass      avg_loss     score 
    39   493671   419607    0.8527       6910.4
    5    300532   44208     0.9134       3410.1
    47   915694   343840    0.8449       2975.0
    42   614321   234101    0.8454       2135.1
    44   798168   118584    0.8520       1872.7
    52   1074317  367799    0.8410       1733.5
    45   821318   94570     0.8507       1363.7
    40   574911   82726     0.8524       1334.9
    50   993056   244544    0.8416       1299.4
    6    309644   167551    0.8438       1259.1
    top-10: 24.6% of mass, 73.8% of excess-loss
Epoch 9: loss=0.832064  (5.92 sec, 65 subtrees, 225 chunks, 9313896 nodes)
  residual top-10 (subtree_mass × max(avg_loss − 0.832, 0)):
    rc   rootID   mass      avg_loss     score 
    39   493671   419607    0.8439       4975.5
    47   915694   343840    0.8419       3390.4
    52   1074317  367799    0.8389       2505.1
    53   1145421  504725    0.8363       2156.8
    42   614321   234101    0.8407       2016.3
    44   798168   118584    0.8484       1937.3
    50   993056   244544    0.8393       1759.5
    5    300532   44208     0.8713       1736.4
    59   1500853  192300    0.8409       1695.2
    46   840714   415269    0.8356       1466.4
    top-10: 33.6% of mass, 69.6% of excess-loss
Epoch 10: loss=0.830455  (5.99 sec, 65 subtrees, 225 chunks, 9313896 nodes)
  residual top-10 (subtree_mass × max(avg_loss − 0.830, 0)):
    rc   rootID   mass      avg_loss     score 
    39   493671   419607    0.8389       3548.1
    47   915694   343840    0.8403       3369.3
    52   1074317  367799    0.8384       2931.7
    53   1145421  504725    0.8358       2698.1
    59   1500853  192300    0.8414       2102.5
    57   1329804  377747    0.8358       2006.5
    56   1258453  358000    0.8359       1963.9
    50   993056   244544    0.8383       1918.4
    44   798168   118584    0.8455       1783.5
    42   614321   234101    0.8375       1659.9
    top-10: 36.8% of mass, 69.2% of excess-loss
Saved to rnd/depth-weight/matrix/depth-inv-log_events_s3/run.model
Done.
  Appended optimizer state to rnd/depth-weight/matrix/depth-inv-log_events_s3/run.model (adam_t=650)
