AGPT CUDA Training Engine
  Model: d=64 heads=4 layers=2 ff=256 vocab=65 seq=128 head_dim=16
  Loaded 108481 weight floats (423.8 KB)
  No optimizer state in checkpoint; starting cold
Loading radix trie from /tmp/shake_baseline_d16_radix...
  Radix trie: 1607928 nodes, 9313896 total edge chars, 17 endpoint depths
  Radix loaded: 2697118 counts entries, 12276596 ancestor char entries
  d_split: 1062377/1607928 nodes have a mass=1 ancestor (mean depth 9.21)
  lr-schedule: warmup-cosine (peak=0.003, warmup_epochs=1)
  optimizer: rmsprop (lr=0.003)
  curriculum: flat (d=max each epoch)
  max edge_len: 16, max ancestor chars: 15, max KV per node: 31, max endpoint depth: 16
  mass=1 compaction: 8275783 / 9313896 chars are mass=1 (88.9%); cache holds 1038113 positions
  loop points: 18684 (mass>1 leaves; 3.4% of 545550 mass>1 nodes)
  KV cache: 531.5 MB unified memory (bf16 compact)
  GPU memory: 2851.0 MB used, 5335.8 MB free, 8186.8 MB total
  65 root-child subtrees: sizes min=1 max=246583 avg=24737.3 (total=1607927 radix nodes)
Epoch 1: loss=3.057139  (6.21 sec, 65 subtrees, 225 chunks, 9313896 nodes)
  residual top-10 (subtree_mass × max(avg_loss − 3.057, 0)):
    rc   rootID   mass      avg_loss     score 
    1    50944    1479765   4.4968       2130394.0
    0    1        297533    5.2280       645908.2
    10   349444   84126     3.9936       78783.0
    6    309644   167551    3.4103       59164.3
    5    300532   44208     3.7693       31482.1
    8    341198   57485     3.3549       17116.2
    2    297527   13758     4.2062       15809.1
    7    338414   10559     3.5035       4713.6
    11   364300   27722     3.1737       3231.0
    12   369639   16107     3.2477       3069.3
    top-10: 25.6% of mass, 99.7% of excess-loss
Epoch 2: loss=2.528233  (6.02 sec, 65 subtrees, 225 chunks, 9313896 nodes)
  residual top-10 (subtree_mass × max(avg_loss − 2.528, 0)):
    rc   rootID   mass      avg_loss     score 
    1    50944    1479765   2.7455       321551.0
    10   349444   84126     4.4740       163690.0
    6    309644   167551    3.0989       95622.3
    5    300532   44208     3.9697       63726.0
    0    1        297533    2.6668       41229.3
    39   493671   419607    2.5741       19229.7
    8    341198   57485     2.8412       17991.1
    11   364300   27722     3.1151       16269.4
    13   372685   55068     2.7750       13586.4
    12   369639   16107     2.9587       6933.4
    top-10: 30.8% of mass, 96.4% of excess-loss
Epoch 3: loss=2.405661  (6.05 sec, 65 subtrees, 225 chunks, 9313896 nodes)
  residual top-10 (subtree_mass × max(avg_loss − 2.406, 0)):
    rc   rootID   mass      avg_loss     score 
    6    309644   167551    2.8033       66620.1
    10   349444   84126     2.9971       49755.5
    39   493671   419607    2.5137       45324.5
    5    300532   44208     3.3928       43637.3
    13   372685   55068     2.6334       12541.5
    8    341198   57485     2.6077       11614.4
    1    50944    1479765   2.4129       10747.6
    11   364300   27722     2.6845       7728.7
    12   369639   16107     2.8412       7014.7
    0    1        297533    2.4273       6452.9
    top-10: 30.8% of mass, 92.9% of excess-loss
Epoch 4: loss=2.305011  (6.00 sec, 65 subtrees, 225 chunks, 9313896 nodes)
  residual top-10 (subtree_mass × max(avg_loss − 2.305, 0)):
    rc   rootID   mass      avg_loss     score 
    1    50944    1479765   2.3391       50480.4
    6    309644   167551    2.5122       34716.8
    5    300532   44208     2.9984       30654.9
    39   493671   419607    2.3771       30242.6
    10   349444   84126     2.6509       29098.9
    8    341198   57485     2.4514       8415.8
    0    1        297533    2.3242       5697.7
    13   372685   55068     2.3851       4410.5
    12   369639   16107     2.5432       3837.1
    11   364300   27722     2.4007       2651.6
    top-10: 30.8% of mass, 96.2% of excess-loss
Epoch 5: loss=2.245230  (6.04 sec, 65 subtrees, 225 chunks, 9313896 nodes)
  residual top-10 (subtree_mass × max(avg_loss − 2.245, 0)):
    rc   rootID   mass      avg_loss     score 
    6    309644   167551    2.4936       41619.5
    1    50944    1479765   2.2652       29594.8
    39   493671   419607    2.3128       28343.8
    5    300532   44208     2.8377       26191.8
    10   349444   84126     2.3644       10029.3
    8    341198   57485     2.3594       6562.5
    13   372685   55068     2.3058       3336.0
    12   369639   16107     2.4137       2713.0
    40   574911   82726     2.2726       2264.3
    7    338414   10559     2.4266       1915.4
    top-10: 28.1% of mass, 95.7% of excess-loss
Epoch 6: loss=2.216799  (6.02 sec, 65 subtrees, 225 chunks, 9313896 nodes)
  residual top-10 (subtree_mass × max(avg_loss − 2.217, 0)):
    rc   rootID   mass      avg_loss     score 
    39   493671   419607    2.2927       31841.2
    6    309644   167551    2.3410       20808.6
    5    300532   44208     2.5776       15950.8
    1    50944    1479765   2.2258       13391.4
    10   349444   84126     2.3417       10505.1
    40   574911   82726     2.2555       3203.1
    12   369639   16107     2.3969       2901.5
    42   614321   234101    2.2285       2742.1
    44   798168   118584    2.2395       2693.7
    13   372685   55068     2.2554       2126.0
    top-10: 31.4% of mass, 93.7% of excess-loss
Epoch 7: loss=2.180202  (6.05 sec, 65 subtrees, 225 chunks, 9313896 nodes)
  residual top-10 (subtree_mass × max(avg_loss − 2.180, 0)):
    rc   rootID   mass      avg_loss     score 
    1    50944    1479765   2.1952       22144.6
    39   493671   419607    2.2321       21797.5
    6    309644   167551    2.2751       15902.5
    5    300532   44208     2.4279       10951.7
    10   349444   84126     2.2330       4437.7
    8    341198   57485     2.2261       2640.3
    44   798168   118584    2.2023       2623.9
    40   574911   82726     2.2113       2569.4
    42   614321   234101    2.1911       2561.9
    46   840714   415269    2.1860       2397.1
    top-10: 36.1% of mass, 93.9% of excess-loss
Epoch 8: loss=2.152481  (6.05 sec, 65 subtrees, 225 chunks, 9313896 nodes)
  residual top-10 (subtree_mass × max(avg_loss − 2.152, 0)):
    rc   rootID   mass      avg_loss     score 
    1    50944    1479765   2.1658       19702.8
    39   493671   419607    2.1886       15148.4
    6    309644   167551    2.2052       8835.6
    5    300532   44208     2.2841       5820.8
    46   840714   415269    2.1652       5271.9
    44   798168   118584    2.1786       3100.0
    47   915694   343840    2.1609       2896.6
    42   614321   234101    2.1636       2598.2
    40   574911   82726     2.1774       2064.8
    43   660187   735168    2.1546       1539.9
    top-10: 47.0% of mass, 97.0% of excess-loss
Epoch 9: loss=2.138849  (6.05 sec, 65 subtrees, 225 chunks, 9313896 nodes)
  residual top-10 (subtree_mass × max(avg_loss − 2.139, 0)):
    rc   rootID   mass      avg_loss     score 
    1    50944    1479765   2.1515       18676.4
    39   493671   419607    2.1600       8889.8
    46   840714   415269    2.1557       7003.8
    47   915694   343840    2.1518       4463.3
    58   1402652  543420    2.1468       4318.9
    44   798168   118584    2.1677       3418.4
    42   614321   234101    2.1496       2520.8
    5    300532   44208     2.1936       2419.5
    52   1074317  367799    2.1449       2210.5
    43   660187   735168    2.1418       2196.2
    top-10: 54.7% of mass, 90.5% of excess-loss
Epoch 10: loss=2.134238  (6.04 sec, 65 subtrees, 225 chunks, 9313896 nodes)
  residual top-10 (subtree_mass × max(avg_loss − 2.134, 0)):
    rc   rootID   mass      avg_loss     score 
    1    50944    1479765   2.1477       19915.7
    58   1402652  543420    2.1479       7404.6
    46   840714   415269    2.1513       7090.4
    47   915694   343840    2.1478       4674.7
    39   493671   419607    2.1448       4429.3
    53   1145421  504725    2.1413       3561.3
    52   1074317  367799    2.1438       3502.0
    44   798168   118584    2.1608       3147.6
    57   1329804  377747    2.1394       1936.5
    5    300532   44208     2.1704       1600.7
    top-10: 53.7% of mass, 91.8% of excess-loss
Saved to rnd/depth-weight/matrix/off_weight_s3/run.model
Done.
  Appended optimizer state to rnd/depth-weight/matrix/off_weight_s3/run.model (adam_t=650)
