AGPT CUDA Training Engine
  Model: d=64 heads=4 layers=2 ff=256 vocab=65 seq=128 head_dim=16
  Loaded 108481 weight floats (423.8 KB)
  No optimizer state in checkpoint; starting cold
Loading radix trie from /tmp/shake_baseline_d16_radix...
  Radix trie: 1607928 nodes, 9313896 total edge chars, 17 endpoint depths
  Radix loaded: 2697118 counts entries, 12276596 ancestor char entries
  d_split: 1062377/1607928 nodes have a mass=1 ancestor (mean depth 9.21)
  lr-schedule: warmup-cosine (peak=0.003, warmup_epochs=1)
  optimizer: rmsprop (lr=0.003)
  mass weighting: ? (head-of-edge count restores corpus-frequency exposure)
  curriculum: flat (d=max each epoch)
  max edge_len: 16, max ancestor chars: 15, max KV per node: 31, max endpoint depth: 16
  mass=1 compaction: 8275783 / 9313896 chars are mass=1 (88.9%); cache holds 1038113 positions
  loop points: 18684 (mass>1 leaves; 3.4% of 545550 mass>1 nodes)
  KV cache: 531.5 MB unified memory (bf16 compact)
  GPU memory: 2851.3 MB used, 5335.5 MB free, 8186.8 MB total
  65 root-child subtrees: sizes min=1 max=246583 avg=24737.3 (total=1607927 radix nodes)
Epoch 1: loss=1.686119  (5.82 sec, 65 subtrees, 225 chunks, 9313896 nodes)
  residual top-10 (subtree_mass × max(avg_loss − 1.686, 0)):
    rc   rootID   mass      avg_loss     score 
    1    50944    1479765   2.1082       624608.3
    43   660187   735168    2.2365       404640.7
    0    1        297533    2.4057       214086.8
    42   614321   234101    2.0747       90970.6
    44   798168   118584    2.4084       85646.5
    40   574911   82726     2.5436       70934.5
    41   591555   114034    2.2105       59794.0
    45   821318   94570     1.8927       19533.3
    5    300532   44208     1.8802       8579.8
    46   840714   415269    1.7058       8162.7
    top-10: 42.1% of mass, 99.2% of excess-loss
Epoch 2: loss=1.189556  (5.52 sec, 65 subtrees, 225 chunks, 9313896 nodes)
  residual top-10 (subtree_mass × max(avg_loss − 1.190, 0)):
    rc   rootID   mass      avg_loss     score 
    1    50944    1479765   1.2215       47235.6
    59   1500853  192300    1.3528       31389.9
    6    309644   167551    1.3309       23689.9
    44   798168   118584    1.3720       21631.4
    5    300532   44208     1.4901       13287.2
    58   1402652  543420    1.2043       8003.3
    2    297527   13758     1.7568       7804.1
    54   1241689  76537     1.2610       5467.9
    45   821318   94570     1.2292       3752.4
    8    341198   57485     1.2303       2340.6
    top-10: 32.4% of mass, 98.7% of excess-loss
Epoch 3: loss=1.103522  (5.53 sec, 65 subtrees, 225 chunks, 9313896 nodes)
  residual top-10 (subtree_mass × max(avg_loss − 1.104, 0)):
    rc   rootID   mass      avg_loss     score 
    1    50944    1479765   1.1195       23626.2
    59   1500853  192300    1.1983       18217.4
    6    309644   167551    1.1540       8458.5
    39   493671   419607    1.1224       7915.6
    5    300532   44208     1.2266       5438.9
    2    297527   13758     1.3392       3241.9
    8    341198   57485     1.1532       2856.7
    44   798168   118584    1.1215       2127.3
    60   1539801  58095     1.1205       988.6 
    7    338414   10559     1.1842       851.9 
    top-10: 29.8% of mass, 96.4% of excess-loss
Epoch 4: loss=1.081207  (5.54 sec, 65 subtrees, 225 chunks, 9313896 nodes)
  residual top-10 (subtree_mass × max(avg_loss − 1.081, 0)):
    rc   rootID   mass      avg_loss     score 
    58   1402652  543420    1.1479       36236.7
    59   1500853  192300    1.2392       30375.1
    54   1241689  76537     1.2285       11272.9
    57   1329804  377747    1.1035       8428.9
    56   1258453  358000    1.1004       6867.7
    6    309644   167551    1.1122       5186.9
    5    300532   44208     1.1875       4698.1
    44   798168   118584    1.1115       3588.2
    2    297527   13758     1.2861       2819.4
    60   1539801  58095     1.0904       532.3 
    top-10: 22.7% of mass, 99.4% of excess-loss
Epoch 5: loss=1.040543  (5.54 sec, 65 subtrees, 225 chunks, 9313896 nodes)
  residual top-10 (subtree_mass × max(avg_loss − 1.041, 0)):
    rc   rootID   mass      avg_loss     score 
    1    50944    1479765   1.0469       9445.3
    39   493671   419607    1.0550       6063.9
    6    309644   167551    1.0754       5838.7
    5    300532   44208     1.1235       3667.0
    59   1500853  192300    1.0570       3161.7
    2    297527   13758     1.1959       2137.7
    44   798168   118584    1.0538       1573.0
    42   614321   234101    1.0451       1056.9
    47   915694   343840    1.0431       889.9 
    7    338414   10559     1.0913       536.2 
    top-10: 35.2% of mass, 95.8% of excess-loss
Epoch 6: loss=1.018572  (5.55 sec, 65 subtrees, 225 chunks, 9313896 nodes)
  residual top-10 (subtree_mass × max(avg_loss − 1.019, 0)):
    rc   rootID   mass      avg_loss     score 
    59   1500853  192300    1.0464       5359.5
    39   493671   419607    1.0299       4767.6
    6    309644   167551    1.0467       4705.3
    5    300532   44208     1.0995       3577.0
    44   798168   118584    1.0400       2546.4
    47   915694   343840    1.0239       1841.4
    2    297527   13758     1.1470       1766.6
    42   614321   234101    1.0217       724.3 
    7    338414   10559     1.0669       510.3 
    49   982783   50950     1.0273       442.7 
    top-10: 18.6% of mass, 94.0% of excess-loss
Epoch 7: loss=1.001957  (5.55 sec, 65 subtrees, 225 chunks, 9313896 nodes)
  residual top-10 (subtree_mass × max(avg_loss − 1.002, 0)):
    rc   rootID   mass      avg_loss     score 
    39   493671   419607    1.0136       4869.6
    6    309644   167551    1.0191       2870.4
    44   798168   118584    1.0241       2622.5
    5    300532   44208     1.0487       2068.1
    47   915694   343840    1.0072       1818.0
    59   1500853  192300    1.0095       1452.4
    46   840714   415269    1.0045       1040.4
    42   614321   234101    1.0063       1027.1
    2    297527   13758     1.0718       961.0 
    52   1074317  367799    1.0045       921.3 
    top-10: 26.9% of mass, 86.8% of excess-loss
Epoch 8: loss=0.990999  (5.56 sec, 65 subtrees, 225 chunks, 9313896 nodes)
  residual top-10 (subtree_mass × max(avg_loss − 0.991, 0)):
    rc   rootID   mass      avg_loss     score 
    39   493671   419607    1.0021       4641.2
    47   915694   343840    0.9975       2246.4
    44   798168   118584    1.0056       1736.7
    6    309644   167551    1.0012       1716.3
    46   840714   415269    0.9951       1710.7
    5    300532   44208     1.0238       1449.7
    52   1074317  367799    0.9949       1426.9
    42   614321   234101    0.9964       1257.6
    50   993056   244544    0.9942       771.3 
    40   574911   82726     0.9982       596.1 
    top-10: 28.4% of mass, 83.0% of excess-loss
Epoch 9: loss=0.985351  (5.56 sec, 65 subtrees, 225 chunks, 9313896 nodes)
  residual top-10 (subtree_mass × max(avg_loss − 0.985, 0)):
    rc   rootID   mass      avg_loss     score 
    39   493671   419607    0.9942       3712.4
    47   915694   343840    0.9925       2442.2
    52   1074317  367799    0.9906       1931.9
    46   840714   415269    0.9899       1884.1
    44   798168   118584    0.9997       1705.1
    42   614321   234101    0.9905       1196.4
    5    300532   44208     1.0095       1065.6
    50   993056   244544    0.9893       969.2 
    57   1329804  377747    0.9878       932.3 
    59   1500853  192300    0.9900       901.7 
    top-10: 32.1% of mass, 76.2% of excess-loss
Epoch 10: loss=0.983830  (5.56 sec, 65 subtrees, 225 chunks, 9313896 nodes)
  residual top-10 (subtree_mass × max(avg_loss − 0.984, 0)):
    rc   rootID   mass      avg_loss     score 
    39   493671   419607    0.9916       3246.1
    47   915694   343840    0.9912       2547.3
    52   1074317  367799    0.9897       2168.6
    46   840714   415269    0.9886       1961.6
    44   798168   118584    0.9983       1711.4
    58   1402652  543420    0.9862       1301.9
    57   1329804  377747    0.9873       1297.5
    59   1500853  192300    0.9896       1110.4
    42   614321   234101    0.9885       1083.8
    50   993056   244544    0.9882       1077.2
    top-10: 37.9% of mass, 75.7% of excess-loss
Saved to rnd/depth-weight/matrix/mass-inv-linear_none_s3/run.model
Done.
  Appended optimizer state to rnd/depth-weight/matrix/mass-inv-linear_none_s3/run.model (adam_t=650)
