INFO: --anc-grad: per-subtree descendant→ancestor gradient flow enabled (Wk/Wv get full gradient instead of own-edge-only)
AGPT CUDA Training Engine
  Model: d=64 heads=4 layers=2 ff=256 vocab=65 seq=128 head_dim=16
  Loaded 108481 weight floats (423.8 KB)
  No optimizer state in checkpoint; starting cold
Loading radix trie from /tmp/gutenberg_5m_baseline_d16_radix...
  Radix trie: 7073694 nodes, 34623339 total edge chars, 17 endpoint depths
  Radix loaded: 11884367 counts entries, 63118178 ancestor char entries
  d_split: 4570307/7073694 nodes have a mass=1 ancestor (mean depth 10.48)
  lr-schedule: warmup-cosine (peak=0.003, warmup_epochs=1)
  optimizer: rmsprop (lr=0.003)
  curriculum: flat (d=max each epoch)
  max edge_len: 15, max ancestor chars: 15, max KV per node: 30, max endpoint depth: 16
  mass=1 compaction: 29783005 / 34623339 chars are mass=1 (86.0%); cache holds 4840334 positions
  loop points: 160826 (mass>1 leaves; 6.4% of 2503386 mass>1 nodes)
  KV cache: 2478.3 MB unified memory (bf16 compact)
  GPU memory: 3105.0 MB used, 5081.8 MB free, 8186.8 MB total
  65 root-child subtrees: sizes min=3 max=1116592 avg=108826.0 (total=7073693 radix nodes)
  anc-grad: max_n_subtree_compact_chars=785090, 2 layers x 3 buffers x 200.98 MB + 19.36 MB lookup = 1237.82 MB total
Epoch 1: loss=3.395395  (23.36 sec, 65 subtrees, 730 chunks, 34623339 nodes)
  residual top-10 (subtree_mass × max(avg_loss − 3.395, 0)):
    rc   rootID   mass      avg_loss     score 
    1    138709   8244278   4.2239       6830269.8
    43   2546378  4367096   3.8808       2119941.5
    0    1        824077    4.9894       1313570.0
    40   2098840  473230    5.5776       1032681.8
    41   2178351  766679    4.6108       931837.7
    44   3229301  724285    4.2564       623592.7
    42   2302712  1539203   3.7006       469823.6
    47   3809957  2279927   3.4510       126812.3
    45   3347168  678815    3.5209       85170.9
    5    1263676  342947    3.6415       84384.7
    top-10: 44.4% of mass, 99.4% of excess-loss
Epoch 2: loss=2.589684  (22.58 sec, 65 subtrees, 730 chunks, 34623339 nodes)
  residual top-10 (subtree_mass × max(avg_loss − 2.590, 0)):
    rc   rootID   mass      avg_loss     score 
    58   6141841  3228512   2.7915       651494.7
    59   6621526  905338    3.0175       387316.1
    44   3229301  724285    2.9309       247140.6
    1    138709   8244278   2.6113       177911.7
    54   5381749  526964    2.8410       132460.5
    5    1263676  342947    2.6999       37801.7
    57   5794595  2162522   2.5991       20452.2
    45   3347168  678815    2.6162       17991.9
    2    1255301  46307     2.9198       15287.5
    60   6774952  316779    2.6372       15056.8
    top-10: 37.7% of mass, 96.3% of excess-loss
Epoch 3: loss=2.395749  (22.81 sec, 65 subtrees, 730 chunks, 34623339 nodes)
  residual top-10 (subtree_mass × max(avg_loss − 2.396, 0)):
    rc   rootID   mass      avg_loss     score 
    1    138709   8244278   2.4419       380858.8
    59   6621526  905338    2.7126       286899.7
    54   5381749  526964    2.6870       153490.5
    44   3229301  724285    2.5050       79127.5
    0    1        824077    2.4419       38046.9
    5    1263676  342947    2.5027       36686.9
    58   6141841  3228512   2.4054       31125.3
    6    1317879  754528    2.4337       28644.1
    8    1439897  392288    2.4448       19232.3
    2    1255301  46307     2.6560       12052.0
    top-10: 35.1% of mass, 92.5% of excess-loss
Epoch 4: loss=2.319232  (22.66 sec, 65 subtrees, 730 chunks, 34623339 nodes)
  residual top-10 (subtree_mass × max(avg_loss − 2.319, 0)):
    rc   rootID   mass      avg_loss     score 
    58   6141841  3228512   2.5084       610682.6
    59   6621526  905338    2.8873       514309.8
    54   5381749  526964    2.4930       91552.9
    44   3229301  724285    2.3868       48932.0
    60   6774952  316779    2.4421       38921.4
    61   6828350  809921    2.3633       35730.3
    5    1263676  342947    2.3946       25837.9
    8    1439897  392288    2.3565       14620.7
    17   1549239  26766     2.6925       9990.7
    2    1255301  46307     2.5098       8826.2
    top-10: 16.1% of mass, 96.0% of excess-loss
Epoch 5: loss=2.232163  (22.73 sec, 65 subtrees, 730 chunks, 34623339 nodes)
  residual top-10 (subtree_mass × max(avg_loss − 2.232, 0)):
    rc   rootID   mass      avg_loss     score 
    1    138709   8244278   2.2863       445928.9
    59   6621526  905338    2.3923       144982.9
    6    1317879  754528    2.2918       45001.9
    5    1263676  342947    2.3454       38842.2
    0    1        824077    2.2747       35034.9
    8    1439897  392288    2.3061       29014.6
    39   1660971  2741100   2.2422       27527.6
    17   1549239  26766     2.6195       10367.6
    2    1255301  46307     2.4399       9619.7
    32   1636047  78207     2.3505       9251.6
    top-10: 31.5% of mass, 90.1% of excess-loss
Epoch 6: loss=2.158946  (22.43 sec, 65 subtrees, 730 chunks, 34623339 nodes)
  residual top-10 (subtree_mass × max(avg_loss − 2.159, 0)):
    rc   rootID   mass      avg_loss     score 
    1    138709   8244278   2.1851       215798.2
    59   6621526  905338    2.2442       77218.8
    6    1317879  754528    2.2104       38818.7
    5    1263676  342947    2.2581       34007.5
    8    1439897  392288    2.2235       25331.0
    44   3229301  724285    2.1891       21853.4
    39   1660971  2741100   2.1641       14002.6
    17   1549239  26766     2.5162       9561.2
    32   1636047  78207     2.2766       9202.6
    2    1255301  46307     2.3487       8785.6
    top-10: 31.3% of mass, 84.1% of excess-loss
Epoch 7: loss=2.112230  (22.43 sec, 65 subtrees, 730 chunks, 34623339 nodes)
  residual top-10 (subtree_mass × max(avg_loss − 2.112, 0)):
    rc   rootID   mass      avg_loss     score 
    1    138709   8244278   2.1299       145981.8
    6    1317879  754528    2.1613       37028.5
    5    1263676  342947    2.2069       32458.5
    8    1439897  392288    2.1740       24239.7
    39   1660971  2741100   2.1196       20323.8
    44   3229301  724285    2.1301       12922.1
    59   6621526  905338    2.1237       10356.7
    32   1636047  78207     2.2346       9571.3
    17   1549239  26766     2.4544       9159.2
    13   1520469  67330     2.2356       8307.9
    top-10: 31.3% of mass, 81.0% of excess-loss
Epoch 8: loss=2.082658  (22.63 sec, 65 subtrees, 730 chunks, 34623339 nodes)
  residual top-10 (subtree_mass × max(avg_loss − 2.083, 0)):
    rc   rootID   mass      avg_loss     score 
    1    138709   8244278   2.0949       101056.4
    6    1317879  754528    2.1258       32575.8
    5    1263676  342947    2.1591       26222.2
    8    1439897  392288    2.1405       22696.0
    39   1660971  2741100   2.0896       18976.2
    47   3809957  2279927   2.0874       10716.4
    32   1636047  78207     2.2058       9631.2
    17   1549239  26766     2.4109       8785.3
    13   1520469  67330     2.2050       8234.0
    2    1255301  46307     2.2331       6966.3
    top-10: 32.8% of mass, 77.8% of excess-loss
Epoch 9: loss=2.069517  (22.59 sec, 65 subtrees, 730 chunks, 34623339 nodes)
  residual top-10 (subtree_mass × max(avg_loss − 2.070, 0)):
    rc   rootID   mass      avg_loss     score 
    1    138709   8244278   2.0762       55084.8
    6    1317879  754528    2.1061       27586.8
    8    1439897  392288    2.1235       21158.2
    5    1263676  342947    2.1305       20919.4
    47   3809957  2279927   2.0757       14002.1
    32   1636047  78207     2.1921       9583.9
    17   1549239  26766     2.3931       8662.3
    13   1520469  67330     2.1900       8111.6
    39   1660971  2741100   2.0725       8047.1
    15   1539367  34390     2.2640       6689.9
    top-10: 32.8% of mass, 72.3% of excess-loss
Epoch 10: loss=2.065897  (22.45 sec, 65 subtrees, 730 chunks, 34623339 nodes)
  residual top-10 (subtree_mass × max(avg_loss − 2.066, 0)):
    rc   rootID   mass      avg_loss     score 
    1    138709   8244278   2.0696       30418.1
    6    1317879  754528    2.0988       24838.0
    8    1439897  392288    2.1175       20225.9
    5    1263676  342947    2.1205       18724.1
    47   3809957  2279927   2.0728       15655.6
    32   1636047  78207     2.1892       9643.1
    17   1549239  26766     2.3846       8531.2
    13   1520469  67330     2.1838       7936.1
    15   1539367  34390     2.2571       6576.6
    28   1618406  47896     2.1900       5943.6
    top-10: 26.9% of mass, 69.3% of excess-loss
Saved to rnd/anc-grad/v2-fix-gutenberg/seed2_on/run.model
Done.
  Appended optimizer state to rnd/anc-grad/v2-fix-gutenberg/seed2_on/run.model (adam_t=650)
