AGPT CUDA Trainer V2
  mode: train-growth
  model: d=64 heads=4 layers=2 ff=256 vocab=65 seq=16 head_dim=16
  seq_len reconcile: model header says 128, growth max_depth=16 -> effective 16. Overriding.
  corpus: data/input.txt tokens=1115394 full_starts=1115393
  growth: stages=1 epochs_per_stage=10 min_epochs=10 epoch_schedule=linear-ramp scheduled_epochs=10 optimizer=rmsprop schedule=warmup-cosine materializer=incremental-radix estimated_total_unit_steps=650
  growth-frontiers: source=explicit-frontiers divisions=0 train_frac=1.000000 final_frontier=1115393
  config: lr=0.003000 warmup_epochs=0 partition_depth=1 chunk_queries=50000 anc_grad=true
  rope-position: mode=depth
  growth-stage 1/1: frontier_starts=1115393 ingested_starts=1115393 radix_nodes=1607933 edge_chars=9313932 counts=2697121 flat_counts=5525862
  growth-stage-epochs 1/1: epochs=10 min_epochs=10 max_epochs=10 schedule=linear-ramp
  train-growth-stage: epochs=10 units=65 optimizer=rmsprop radix_nodes=1607933 edge_chars=9313932
    stage-epoch 1/10
      unit 1/65 rc=17 chunks=5 trained_queries=248592 mean_loss=4.260991 lr=0.003 step=stateful RMSProp step applied
      unit 2/65 rc=6 chunks=26 trained_queries=1265321 mean_loss=5.072093 lr=0.00299998 step=stateful RMSProp step applied
      unit 3/65 rc=588 chunks=1 trained_queries=19135 mean_loss=6.871884 lr=0.00299993 step=stateful RMSProp step applied
      unit 4/65 rc=987290 chunks=1 trained_queries=16 mean_loss=5.277504 lr=0.00299984 step=stateful RMSProp step applied
      unit 5/65 rc=109979 chunks=1 trained_queries=41 mean_loss=7.520557 lr=0.00299972 step=stateful RMSProp step applied
      unit 6/65 rc=378 chunks=2 trained_queries=57603 mean_loss=4.624879 lr=0.00299956 step=stateful RMSProp step applied
      unit 7/65 rc=54 chunks=4 trained_queries=153896 mean_loss=3.671484 lr=0.00299937 step=stateful RMSProp step applied
      unit 8/65 rc=2061 chunks=1 trained_queries=20361 mean_loss=3.584554 lr=0.00299914 step=stateful RMSProp step applied
      unit 9/65 rc=74 chunks=1 trained_queries=37121 mean_loss=3.350220 lr=0.00299888 step=stateful RMSProp step applied
      unit 10/65 rc=849363 chunks=1 trained_queries=16 mean_loss=5.098505 lr=0.00299858 step=stateful RMSProp step applied
      unit 11/65 rc=16 chunks=2 trained_queries=79335 mean_loss=5.119298 lr=0.00299825 step=stateful RMSProp step applied
      unit 12/65 rc=547 chunks=1 trained_queries=31681 mean_loss=3.224465 lr=0.00299788 step=stateful RMSProp step applied
      unit 13/65 rc=213 chunks=1 trained_queries=16802 mean_loss=3.184670 lr=0.00299748 step=stateful RMSProp step applied
      unit 14/65 rc=78 chunks=2 trained_queries=60358 mean_loss=3.055852 lr=0.00299704 step=stateful RMSProp step applied
      unit 15/65 rc=18 chunks=1 trained_queries=20515 mean_loss=3.035953 lr=0.00299657 step=stateful RMSProp step applied
      unit 16/65 rc=7 chunks=1 trained_queries=24039 mean_loss=3.035150 lr=0.00299606 step=stateful RMSProp step applied
      unit 17/65 rc=6212 chunks=1 trained_queries=13927 mean_loss=3.000564 lr=0.00299552 step=stateful RMSProp step applied
      unit 18/65 rc=3055 chunks=1 trained_queries=39049 mean_loss=2.969719 lr=0.00299494 step=stateful RMSProp step applied
      unit 19/65 rc=1 chunks=1 trained_queries=12371 mean_loss=2.985192 lr=0.00299433 step=stateful RMSProp step applied
      unit 20/65 rc=14727 chunks=1 trained_queries=14425 mean_loss=2.975357 lr=0.00299368 step=stateful RMSProp step applied
      unit 21/65 rc=2977 chunks=1 trained_queries=22209 mean_loss=2.928375 lr=0.002993 step=stateful RMSProp step applied
      unit 22/65 rc=497 chunks=2 trained_queries=85392 mean_loss=2.909491 lr=0.00299228 step=stateful RMSProp step applied
      unit 23/65 rc=14349 chunks=1 trained_queries=2388 mean_loss=3.027397 lr=0.00299153 step=stateful RMSProp step applied
      unit 24/65 rc=61678 chunks=1 trained_queries=6910 mean_loss=2.883673 lr=0.00299074 step=stateful RMSProp step applied
      unit 25/65 rc=416 chunks=1 trained_queries=27536 mean_loss=2.827029 lr=0.00298992 step=stateful RMSProp step applied
      unit 26/65 rc=308 chunks=1 trained_queries=20922 mean_loss=2.818175 lr=0.00298906 step=stateful RMSProp step applied
      unit 27/65 rc=522 chunks=1 trained_queries=33835 mean_loss=2.817452 lr=0.00298817 step=stateful RMSProp step applied
      unit 28/65 rc=611 chunks=1 trained_queries=41580 mean_loss=2.956778 lr=0.00298725 step=stateful RMSProp step applied
      unit 29/65 rc=7882 chunks=1 trained_queries=11281 mean_loss=2.978497 lr=0.00298629 step=stateful RMSProp step applied
      unit 30/65 rc=96207 chunks=1 trained_queries=368 mean_loss=2.842405 lr=0.00298529 step=stateful RMSProp step applied
      unit 31/65 rc=226 chunks=1 trained_queries=33586 mean_loss=2.806635 lr=0.00298426 step=stateful RMSProp step applied
      unit 32/65 rc=85 chunks=1 trained_queries=34526 mean_loss=2.737269 lr=0.00298319 step=stateful RMSProp step applied
      unit 33/65 rc=2669 chunks=2 trained_queries=56078 mean_loss=2.714740 lr=0.0029821 step=stateful RMSProp step applied
      unit 34/65 rc=3061 chunks=1 trained_queries=19413 mean_loss=2.664558 lr=0.00298096 step=stateful RMSProp step applied
      unit 35/65 rc=1714 chunks=1 trained_queries=5304 mean_loss=2.711007 lr=0.00297979 step=stateful RMSProp step applied
      unit 36/65 rc=367 chunks=1 trained_queries=26869 mean_loss=2.679635 lr=0.00297859 step=stateful RMSProp step applied
      unit 37/65 rc=435397 chunks=1 trained_queries=944 mean_loss=2.647300 lr=0.00297735 step=stateful RMSProp step applied
      unit 38/65 rc=141 chunks=1 trained_queries=13312 mean_loss=2.712415 lr=0.00297608 step=stateful RMSProp step applied
      unit 39/65 rc=253455 chunks=1 trained_queries=1500 mean_loss=2.587662 lr=0.00297477 step=stateful RMSProp step applied
      unit 40/65 rc=41 chunks=10 trained_queries=499901 mean_loss=2.855027 lr=0.00297343 step=stateful RMSProp step applied
      unit 41/65 rc=560 chunks=3 trained_queries=103409 mean_loss=2.763230 lr=0.00297206 step=stateful RMSProp step applied
      unit 42/65 rc=36 chunks=3 trained_queries=142219 mean_loss=2.711915 lr=0.00297065 step=stateful RMSProp step applied
      unit 43/65 rc=39 chunks=6 trained_queries=280413 mean_loss=2.704188 lr=0.0029692 step=stateful RMSProp step applied
      unit 44/65 rc=14 chunks=17 trained_queries=823962 mean_loss=2.687805 lr=0.00296772 step=stateful RMSProp step applied
      unit 45/65 rc=21 chunks=3 trained_queries=141231 mean_loss=2.689286 lr=0.00296621 step=stateful RMSProp step applied
      unit 46/65 rc=541 chunks=3 trained_queries=126165 mean_loss=2.667271 lr=0.00296466 step=stateful RMSProp step applied
      unit 47/65 rc=51 chunks=9 trained_queries=429039 mean_loss=2.665426 lr=0.00296308 step=stateful RMSProp step applied
      unit 48/65 rc=2 chunks=9 trained_queries=408105 mean_loss=2.682247 lr=0.00296146 step=stateful RMSProp step applied
      unit 49/65 rc=1057 chunks=1 trained_queries=6093 mean_loss=2.626554 lr=0.00295981 step=stateful RMSProp step applied
      unit 50/65 rc=73 chunks=2 trained_queries=66629 mean_loss=2.650862 lr=0.00295813 step=stateful RMSProp step applied
      unit 51/65 rc=79 chunks=7 trained_queries=308363 mean_loss=2.636242 lr=0.00295641 step=stateful RMSProp step applied
      unit 52/65 rc=63 chunks=4 trained_queries=199126 mean_loss=2.619340 lr=0.00295466 step=stateful RMSProp step applied
      unit 53/65 rc=15 chunks=9 trained_queries=433526 mean_loss=2.612176 lr=0.00295287 step=stateful RMSProp step applied
      unit 54/65 rc=22 chunks=12 trained_queries=579173 mean_loss=2.607263 lr=0.00295105 step=stateful RMSProp step applied
      unit 55/65 rc=32 chunks=3 trained_queries=101120 mean_loss=2.582432 lr=0.0029492 step=stateful RMSProp step applied
      unit 56/65 rc=8258 chunks=1 trained_queries=5491 mean_loss=2.564975 lr=0.00294731 step=stateful RMSProp step applied
      unit 57/65 rc=3 chunks=9 trained_queries=446227 mean_loss=2.603613 lr=0.00294539 step=stateful RMSProp step applied
      unit 58/65 rc=4 chunks=9 trained_queries=441016 mean_loss=2.576310 lr=0.00294344 step=stateful RMSProp step applied
      unit 59/65 rc=5 chunks=12 trained_queries=560432 mean_loss=2.578432 lr=0.00294145 step=stateful RMSProp step applied
      unit 60/65 rc=48 chunks=5 trained_queries=245528 mean_loss=2.576437 lr=0.00293942 step=stateful RMSProp step applied
      unit 61/65 rc=164 chunks=2 trained_queries=71112 mean_loss=2.573280 lr=0.00293737 step=stateful RMSProp step applied
      unit 62/65 rc=28 chunks=4 trained_queries=154732 mean_loss=2.591634 lr=0.00293528 step=stateful RMSProp step applied
      unit 63/65 rc=9576 chunks=1 trained_queries=5479 mean_loss=2.547228 lr=0.00293316 step=stateful RMSProp step applied
      unit 64/65 rc=44 chunks=4 trained_queries=173110 mean_loss=2.577154 lr=0.002931 step=stateful RMSProp step applied
      unit 65/65 rc=13 chunks=1 trained_queries=3774 mean_loss=2.509739 lr=0.00292881 step=stateful RMSProp step applied
    stage-epoch 1 summary trained_queries=9313932 mean_loss=3.103850
    stage-epoch 2/10
      unit 1/65 rc=17 chunks=5 trained_queries=248592 mean_loss=2.525604 lr=0.00292658 step=stateful RMSProp step applied
      unit 2/65 rc=6 chunks=26 trained_queries=1265321 mean_loss=2.573360 lr=0.00292433 step=stateful RMSProp step applied
      unit 3/65 rc=588 chunks=1 trained_queries=19135 mean_loss=2.609172 lr=0.00292204 step=stateful RMSProp step applied
      unit 4/65 rc=987290 chunks=1 trained_queries=16 mean_loss=3.003612 lr=0.00291971 step=stateful RMSProp step applied
      unit 5/65 rc=109979 chunks=1 trained_queries=41 mean_loss=3.453995 lr=0.00291736 step=stateful RMSProp step applied
      unit 6/65 rc=378 chunks=2 trained_queries=57603 mean_loss=3.266826 lr=0.00291497 step=stateful RMSProp step applied
      unit 7/65 rc=54 chunks=4 trained_queries=153896 mean_loss=2.776981 lr=0.00291254 step=stateful RMSProp step applied
      unit 8/65 rc=2061 chunks=1 trained_queries=20361 mean_loss=2.771401 lr=0.00291009 step=stateful RMSProp step applied
      unit 9/65 rc=74 chunks=1 trained_queries=37121 mean_loss=2.703342 lr=0.0029076 step=stateful RMSProp step applied
      unit 10/65 rc=849363 chunks=1 trained_queries=16 mean_loss=3.951172 lr=0.00290508 step=stateful RMSProp step applied
      unit 11/65 rc=16 chunks=2 trained_queries=79335 mean_loss=3.012799 lr=0.00290252 step=stateful RMSProp step applied
      unit 12/65 rc=547 chunks=1 trained_queries=31681 mean_loss=2.654723 lr=0.00289994 step=stateful RMSProp step applied
      unit 13/65 rc=213 chunks=1 trained_queries=16802 mean_loss=2.801562 lr=0.00289732 step=stateful RMSProp step applied
      unit 14/65 rc=78 chunks=2 trained_queries=60358 mean_loss=2.628259 lr=0.00289466 step=stateful RMSProp step applied
      unit 15/65 rc=18 chunks=1 trained_queries=20515 mean_loss=2.596063 lr=0.00289198 step=stateful RMSProp step applied
      unit 16/65 rc=7 chunks=1 trained_queries=24039 mean_loss=2.580169 lr=0.00288926 step=stateful RMSProp step applied
      unit 17/65 rc=6212 chunks=1 trained_queries=13927 mean_loss=2.545586 lr=0.00288651 step=stateful RMSProp step applied
      unit 18/65 rc=3055 chunks=1 trained_queries=39049 mean_loss=2.519371 lr=0.00288373 step=stateful RMSProp step applied
      unit 19/65 rc=1 chunks=1 trained_queries=12371 mean_loss=2.548251 lr=0.00288091 step=stateful RMSProp step applied
      unit 20/65 rc=14727 chunks=1 trained_queries=14425 mean_loss=2.536038 lr=0.00287807 step=stateful RMSProp step applied
      unit 21/65 rc=2977 chunks=1 trained_queries=22209 mean_loss=2.533197 lr=0.00287519 step=stateful RMSProp step applied
      unit 22/65 rc=497 chunks=2 trained_queries=85392 mean_loss=2.508137 lr=0.00287228 step=stateful RMSProp step applied
      unit 23/65 rc=14349 chunks=1 trained_queries=2388 mean_loss=2.606594 lr=0.00286933 step=stateful RMSProp step applied
      unit 24/65 rc=61678 chunks=1 trained_queries=6910 mean_loss=2.494374 lr=0.00286636 step=stateful RMSProp step applied
      unit 25/65 rc=416 chunks=1 trained_queries=27536 mean_loss=2.470406 lr=0.00286335 step=stateful RMSProp step applied
      unit 26/65 rc=308 chunks=1 trained_queries=20922 mean_loss=2.470004 lr=0.00286031 step=stateful RMSProp step applied
      unit 27/65 rc=522 chunks=1 trained_queries=33835 mean_loss=2.441655 lr=0.00285724 step=stateful RMSProp step applied
      unit 28/65 rc=611 chunks=1 trained_queries=41580 mean_loss=2.453823 lr=0.00285414 step=stateful RMSProp step applied
      unit 29/65 rc=7882 chunks=1 trained_queries=11281 mean_loss=2.453573 lr=0.002851 step=stateful RMSProp step applied
      unit 30/65 rc=96207 chunks=1 trained_queries=368 mean_loss=2.464640 lr=0.00284784 step=stateful RMSProp step applied
      unit 31/65 rc=226 chunks=1 trained_queries=33586 mean_loss=2.498174 lr=0.00284464 step=stateful RMSProp step applied
      unit 32/65 rc=85 chunks=1 trained_queries=34526 mean_loss=2.471670 lr=0.00284141 step=stateful RMSProp step applied
      unit 33/65 rc=2669 chunks=2 trained_queries=56078 mean_loss=2.466067 lr=0.00283815 step=stateful RMSProp step applied
      unit 34/65 rc=3061 chunks=1 trained_queries=19413 mean_loss=2.413253 lr=0.00283486 step=stateful RMSProp step applied
      unit 35/65 rc=1714 chunks=1 trained_queries=5304 mean_loss=2.435953 lr=0.00283154 step=stateful RMSProp step applied
      unit 36/65 rc=367 chunks=1 trained_queries=26869 mean_loss=2.448711 lr=0.00282818 step=stateful RMSProp step applied
      unit 37/65 rc=435397 chunks=1 trained_queries=944 mean_loss=2.362788 lr=0.0028248 step=stateful RMSProp step applied
      unit 38/65 rc=141 chunks=1 trained_queries=13312 mean_loss=2.484206 lr=0.00282138 step=stateful RMSProp step applied
      unit 39/65 rc=253455 chunks=1 trained_queries=1500 mean_loss=2.368843 lr=0.00281794 step=stateful RMSProp step applied
      unit 40/65 rc=41 chunks=10 trained_queries=499901 mean_loss=2.596325 lr=0.00281446 step=stateful RMSProp step applied
      unit 41/65 rc=560 chunks=3 trained_queries=103409 mean_loss=2.538053 lr=0.00281095 step=stateful RMSProp step applied
      unit 42/65 rc=36 chunks=3 trained_queries=142219 mean_loss=2.512475 lr=0.00280741 step=stateful RMSProp step applied
      unit 43/65 rc=39 chunks=6 trained_queries=280413 mean_loss=2.504360 lr=0.00280384 step=stateful RMSProp step applied
      unit 44/65 rc=14 chunks=17 trained_queries=823962 mean_loss=2.492947 lr=0.00280024 step=stateful RMSProp step applied
      unit 45/65 rc=21 chunks=3 trained_queries=141231 mean_loss=2.503388 lr=0.00279662 step=stateful RMSProp step applied
      unit 46/65 rc=541 chunks=3 trained_queries=126165 mean_loss=2.481748 lr=0.00279295 step=stateful RMSProp step applied
      unit 47/65 rc=51 chunks=9 trained_queries=429039 mean_loss=2.485355 lr=0.00278926 step=stateful RMSProp step applied
      unit 48/65 rc=2 chunks=9 trained_queries=408105 mean_loss=2.494807 lr=0.00278554 step=stateful RMSProp step applied
      unit 49/65 rc=1057 chunks=1 trained_queries=6093 mean_loss=2.437530 lr=0.00278179 step=stateful RMSProp step applied
      unit 50/65 rc=73 chunks=2 trained_queries=66629 mean_loss=2.493931 lr=0.00277801 step=stateful RMSProp step applied
      unit 51/65 rc=79 chunks=7 trained_queries=308363 mean_loss=2.509634 lr=0.0027742 step=stateful RMSProp step applied
      unit 52/65 rc=63 chunks=4 trained_queries=199126 mean_loss=2.475739 lr=0.00277036 step=stateful RMSProp step applied
      unit 53/65 rc=15 chunks=9 trained_queries=433526 mean_loss=2.462249 lr=0.00276649 step=stateful RMSProp step applied
      unit 54/65 rc=22 chunks=12 trained_queries=579173 mean_loss=2.453681 lr=0.00276259 step=stateful RMSProp step applied
      unit 55/65 rc=32 chunks=3 trained_queries=101120 mean_loss=2.437207 lr=0.00275866 step=stateful RMSProp step applied
      unit 56/65 rc=8258 chunks=1 trained_queries=5491 mean_loss=2.403363 lr=0.00275471 step=stateful RMSProp step applied
      unit 57/65 rc=3 chunks=9 trained_queries=446227 mean_loss=2.450490 lr=0.00275072 step=stateful RMSProp step applied
      unit 58/65 rc=4 chunks=9 trained_queries=441016 mean_loss=2.442746 lr=0.0027467 step=stateful RMSProp step applied
      unit 59/65 rc=5 chunks=12 trained_queries=560432 mean_loss=2.443327 lr=0.00274265 step=stateful RMSProp step applied
      unit 60/65 rc=48 chunks=5 trained_queries=245528 mean_loss=2.438909 lr=0.00273858 step=stateful RMSProp step applied
      unit 61/65 rc=164 chunks=2 trained_queries=71112 mean_loss=2.437128 lr=0.00273448 step=stateful RMSProp step applied
      unit 62/65 rc=28 chunks=4 trained_queries=154732 mean_loss=2.432486 lr=0.00273034 step=stateful RMSProp step applied
      unit 63/65 rc=9576 chunks=1 trained_queries=5479 mean_loss=2.405694 lr=0.00272618 step=stateful RMSProp step applied
      unit 64/65 rc=44 chunks=4 trained_queries=173110 mean_loss=2.464281 lr=0.00272199 step=stateful RMSProp step applied
      unit 65/65 rc=13 chunks=1 trained_queries=3774 mean_loss=2.378832 lr=0.00271777 step=stateful RMSProp step applied
    stage-epoch 2 summary trained_queries=9313932 mean_loss=2.513427
    stage-epoch 3/10
      unit 1/65 rc=17 chunks=5 trained_queries=248592 mean_loss=2.439781 lr=0.00271353 step=stateful RMSProp step applied
      unit 2/65 rc=6 chunks=26 trained_queries=1265321 mean_loss=2.466895 lr=0.00270925 step=stateful RMSProp step applied
      unit 3/65 rc=588 chunks=1 trained_queries=19135 mean_loss=2.454453 lr=0.00270495 step=stateful RMSProp step applied
      unit 4/65 rc=987290 chunks=1 trained_queries=16 mean_loss=2.367114 lr=0.00270061 step=stateful RMSProp step applied
      unit 5/65 rc=109979 chunks=1 trained_queries=41 mean_loss=2.817673 lr=0.00269625 step=stateful RMSProp step applied
      unit 6/65 rc=378 chunks=2 trained_queries=57603 mean_loss=2.956567 lr=0.00269187 step=stateful RMSProp step applied
      unit 7/65 rc=54 chunks=4 trained_queries=153896 mean_loss=2.642312 lr=0.00268745 step=stateful RMSProp step applied
      unit 8/65 rc=2061 chunks=1 trained_queries=20361 mean_loss=2.611727 lr=0.00268301 step=stateful RMSProp step applied
      unit 9/65 rc=74 chunks=1 trained_queries=37121 mean_loss=2.523746 lr=0.00267854 step=stateful RMSProp step applied
      unit 10/65 rc=849363 chunks=1 trained_queries=16 mean_loss=2.899361 lr=0.00267404 step=stateful RMSProp step applied
      unit 11/65 rc=16 chunks=2 trained_queries=79335 mean_loss=2.571771 lr=0.00266951 step=stateful RMSProp step applied
      unit 12/65 rc=547 chunks=1 trained_queries=31681 mean_loss=2.461260 lr=0.00266496 step=stateful RMSProp step applied
      unit 13/65 rc=213 chunks=1 trained_queries=16802 mean_loss=2.607429 lr=0.00266038 step=stateful RMSProp step applied
      unit 14/65 rc=78 chunks=2 trained_queries=60358 mean_loss=2.470886 lr=0.00265577 step=stateful RMSProp step applied
      unit 15/65 rc=18 chunks=1 trained_queries=20515 mean_loss=2.446681 lr=0.00265114 step=stateful RMSProp step applied
      unit 16/65 rc=7 chunks=1 trained_queries=24039 mean_loss=2.419638 lr=0.00264647 step=stateful RMSProp step applied
      unit 17/65 rc=6212 chunks=1 trained_queries=13927 mean_loss=2.403719 lr=0.00264179 step=stateful RMSProp step applied
      unit 18/65 rc=3055 chunks=1 trained_queries=39049 mean_loss=2.377753 lr=0.00263707 step=stateful RMSProp step applied
      unit 19/65 rc=1 chunks=1 trained_queries=12371 mean_loss=2.410207 lr=0.00263233 step=stateful RMSProp step applied
      unit 20/65 rc=14727 chunks=1 trained_queries=14425 mean_loss=2.405422 lr=0.00262756 step=stateful RMSProp step applied
      unit 21/65 rc=2977 chunks=1 trained_queries=22209 mean_loss=2.408238 lr=0.00262277 step=stateful RMSProp step applied
      unit 22/65 rc=497 chunks=2 trained_queries=85392 mean_loss=2.388387 lr=0.00261795 step=stateful RMSProp step applied
      unit 23/65 rc=14349 chunks=1 trained_queries=2388 mean_loss=2.484014 lr=0.0026131 step=stateful RMSProp step applied
      unit 24/65 rc=61678 chunks=1 trained_queries=6910 mean_loss=2.367550 lr=0.00260823 step=stateful RMSProp step applied
      unit 25/65 rc=416 chunks=1 trained_queries=27536 mean_loss=2.347290 lr=0.00260333 step=stateful RMSProp step applied
      unit 26/65 rc=308 chunks=1 trained_queries=20922 mean_loss=2.358181 lr=0.0025984 step=stateful RMSProp step applied
      unit 27/65 rc=522 chunks=1 trained_queries=33835 mean_loss=2.324600 lr=0.00259345 step=stateful RMSProp step applied
      unit 28/65 rc=611 chunks=1 trained_queries=41580 mean_loss=2.349118 lr=0.00258848 step=stateful RMSProp step applied
      unit 29/65 rc=7882 chunks=1 trained_queries=11281 mean_loss=2.344547 lr=0.00258348 step=stateful RMSProp step applied
      unit 30/65 rc=96207 chunks=1 trained_queries=368 mean_loss=2.397467 lr=0.00257845 step=stateful RMSProp step applied
      unit 31/65 rc=226 chunks=1 trained_queries=33586 mean_loss=2.389291 lr=0.0025734 step=stateful RMSProp step applied
      unit 32/65 rc=85 chunks=1 trained_queries=34526 mean_loss=2.363788 lr=0.00256832 step=stateful RMSProp step applied
      unit 33/65 rc=2669 chunks=2 trained_queries=56078 mean_loss=2.364326 lr=0.00256322 step=stateful RMSProp step applied
      unit 34/65 rc=3061 chunks=1 trained_queries=19413 mean_loss=2.315957 lr=0.00255809 step=stateful RMSProp step applied
      unit 35/65 rc=1714 chunks=1 trained_queries=5304 mean_loss=2.332346 lr=0.00255294 step=stateful RMSProp step applied
      unit 36/65 rc=367 chunks=1 trained_queries=26869 mean_loss=2.354198 lr=0.00254777 step=stateful RMSProp step applied
      unit 37/65 rc=435397 chunks=1 trained_queries=944 mean_loss=2.237479 lr=0.00254257 step=stateful RMSProp step applied
      unit 38/65 rc=141 chunks=1 trained_queries=13312 mean_loss=2.359128 lr=0.00253734 step=stateful RMSProp step applied
      unit 39/65 rc=253455 chunks=1 trained_queries=1500 mean_loss=2.246466 lr=0.00253209 step=stateful RMSProp step applied
      unit 40/65 rc=41 chunks=10 trained_queries=499901 mean_loss=2.471881 lr=0.00252682 step=stateful RMSProp step applied
      unit 41/65 rc=560 chunks=3 trained_queries=103409 mean_loss=2.434694 lr=0.00252152 step=stateful RMSProp step applied
      unit 42/65 rc=36 chunks=3 trained_queries=142219 mean_loss=2.400197 lr=0.0025162 step=stateful RMSProp step applied
      unit 43/65 rc=39 chunks=6 trained_queries=280413 mean_loss=2.400379 lr=0.00251086 step=stateful RMSProp step applied
      unit 44/65 rc=14 chunks=17 trained_queries=823962 mean_loss=2.388348 lr=0.00250549 step=stateful RMSProp step applied
      unit 45/65 rc=21 chunks=3 trained_queries=141231 mean_loss=2.403124 lr=0.0025001 step=stateful RMSProp step applied
      unit 46/65 rc=541 chunks=3 trained_queries=126165 mean_loss=2.381200 lr=0.00249468 step=stateful RMSProp step applied
      unit 47/65 rc=51 chunks=9 trained_queries=429039 mean_loss=2.387564 lr=0.00248925 step=stateful RMSProp step applied
      unit 48/65 rc=2 chunks=9 trained_queries=408105 mean_loss=2.384481 lr=0.00248378 step=stateful RMSProp step applied
      unit 49/65 rc=1057 chunks=1 trained_queries=6093 mean_loss=2.321446 lr=0.0024783 step=stateful RMSProp step applied
      unit 50/65 rc=73 chunks=2 trained_queries=66629 mean_loss=2.372753 lr=0.00247279 step=stateful RMSProp step applied
      unit 51/65 rc=79 chunks=7 trained_queries=308363 mean_loss=2.369722 lr=0.00246726 step=stateful RMSProp step applied
      unit 52/65 rc=63 chunks=4 trained_queries=199126 mean_loss=2.363723 lr=0.00246171 step=stateful RMSProp step applied
      unit 53/65 rc=15 chunks=9 trained_queries=433526 mean_loss=2.365403 lr=0.00245614 step=stateful RMSProp step applied
      unit 54/65 rc=22 chunks=12 trained_queries=579173 mean_loss=2.367412 lr=0.00245054 step=stateful RMSProp step applied
      unit 55/65 rc=32 chunks=3 trained_queries=101120 mean_loss=2.347032 lr=0.00244492 step=stateful RMSProp step applied
      unit 56/65 rc=8258 chunks=1 trained_queries=5491 mean_loss=2.304888 lr=0.00243928 step=stateful RMSProp step applied
      unit 57/65 rc=3 chunks=9 trained_queries=446227 mean_loss=2.352724 lr=0.00243361 step=stateful RMSProp step applied
      unit 58/65 rc=4 chunks=9 trained_queries=441016 mean_loss=2.349434 lr=0.00242793 step=stateful RMSProp step applied
      unit 59/65 rc=5 chunks=12 trained_queries=560432 mean_loss=2.351079 lr=0.00242222 step=stateful RMSProp step applied
      unit 60/65 rc=48 chunks=5 trained_queries=245528 mean_loss=2.348385 lr=0.00241649 step=stateful RMSProp step applied
      unit 61/65 rc=164 chunks=2 trained_queries=71112 mean_loss=2.338658 lr=0.00241074 step=stateful RMSProp step applied
      unit 62/65 rc=28 chunks=4 trained_queries=154732 mean_loss=2.345811 lr=0.00240497 step=stateful RMSProp step applied
      unit 63/65 rc=9576 chunks=1 trained_queries=5479 mean_loss=2.309721 lr=0.00239918 step=stateful RMSProp step applied
      unit 64/65 rc=44 chunks=4 trained_queries=173110 mean_loss=2.359299 lr=0.00239337 step=stateful RMSProp step applied
      unit 65/65 rc=13 chunks=1 trained_queries=3774 mean_loss=2.276434 lr=0.00238753 step=stateful RMSProp step applied
    stage-epoch 3 summary trained_queries=9313932 mean_loss=2.403801
    stage-epoch 4/10
      unit 1/65 rc=17 chunks=5 trained_queries=248592 mean_loss=2.337173 lr=0.00238168 step=stateful RMSProp step applied
      unit 2/65 rc=6 chunks=26 trained_queries=1265321 mean_loss=2.357082 lr=0.0023758 step=stateful RMSProp step applied
      unit 3/65 rc=588 chunks=1 trained_queries=19135 mean_loss=2.373746 lr=0.00236991 step=stateful RMSProp step applied
      unit 4/65 rc=987290 chunks=1 trained_queries=16 mean_loss=1.993585 lr=0.00236399 step=stateful RMSProp step applied
      unit 5/65 rc=109979 chunks=1 trained_queries=41 mean_loss=2.597365 lr=0.00235805 step=stateful RMSProp step applied
      unit 6/65 rc=378 chunks=2 trained_queries=57603 mean_loss=2.845694 lr=0.0023521 step=stateful RMSProp step applied
      unit 7/65 rc=54 chunks=4 trained_queries=153896 mean_loss=2.598280 lr=0.00234612 step=stateful RMSProp step applied
      unit 8/65 rc=2061 chunks=1 trained_queries=20361 mean_loss=2.528751 lr=0.00234012 step=stateful RMSProp step applied
      unit 9/65 rc=74 chunks=1 trained_queries=37121 mean_loss=2.463775 lr=0.00233411 step=stateful RMSProp step applied
      unit 10/65 rc=849363 chunks=1 trained_queries=16 mean_loss=2.575283 lr=0.00232807 step=stateful RMSProp step applied
      unit 11/65 rc=16 chunks=2 trained_queries=79335 mean_loss=2.525616 lr=0.00232202 step=stateful RMSProp step applied
      unit 12/65 rc=547 chunks=1 trained_queries=31681 mean_loss=2.416397 lr=0.00231594 step=stateful RMSProp step applied
      unit 13/65 rc=213 chunks=1 trained_queries=16802 mean_loss=2.592049 lr=0.00230985 step=stateful RMSProp step applied
      unit 14/65 rc=78 chunks=2 trained_queries=60358 mean_loss=2.426161 lr=0.00230374 step=stateful RMSProp step applied
      unit 15/65 rc=18 chunks=1 trained_queries=20515 mean_loss=2.391630 lr=0.00229761 step=stateful RMSProp step applied
      unit 16/65 rc=7 chunks=1 trained_queries=24039 mean_loss=2.374092 lr=0.00229146 step=stateful RMSProp step applied
      unit 17/65 rc=6212 chunks=1 trained_queries=13927 mean_loss=2.364647 lr=0.00228529 step=stateful RMSProp step applied
      unit 18/65 rc=3055 chunks=1 trained_queries=39049 mean_loss=2.346307 lr=0.00227911 step=stateful RMSProp step applied
      unit 19/65 rc=1 chunks=1 trained_queries=12371 mean_loss=2.362865 lr=0.0022729 step=stateful RMSProp step applied
      unit 20/65 rc=14727 chunks=1 trained_queries=14425 mean_loss=2.361850 lr=0.00226668 step=stateful RMSProp step applied
      unit 21/65 rc=2977 chunks=1 trained_queries=22209 mean_loss=2.373019 lr=0.00226044 step=stateful RMSProp step applied
      unit 22/65 rc=497 chunks=2 trained_queries=85392 mean_loss=2.338085 lr=0.00225418 step=stateful RMSProp step applied
      unit 23/65 rc=14349 chunks=1 trained_queries=2388 mean_loss=2.450443 lr=0.00224791 step=stateful RMSProp step applied
      unit 24/65 rc=61678 chunks=1 trained_queries=6910 mean_loss=2.331002 lr=0.00224161 step=stateful RMSProp step applied
      unit 25/65 rc=416 chunks=1 trained_queries=27536 mean_loss=2.309666 lr=0.0022353 step=stateful RMSProp step applied
      unit 26/65 rc=308 chunks=1 trained_queries=20922 mean_loss=2.319652 lr=0.00222898 step=stateful RMSProp step applied
      unit 27/65 rc=522 chunks=1 trained_queries=33835 mean_loss=2.279246 lr=0.00222263 step=stateful RMSProp step applied
      unit 28/65 rc=611 chunks=1 trained_queries=41580 mean_loss=2.305377 lr=0.00221627 step=stateful RMSProp step applied
      unit 29/65 rc=7882 chunks=1 trained_queries=11281 mean_loss=2.301289 lr=0.00220989 step=stateful RMSProp step applied
      unit 30/65 rc=96207 chunks=1 trained_queries=368 mean_loss=2.307798 lr=0.0022035 step=stateful RMSProp step applied
      unit 31/65 rc=226 chunks=1 trained_queries=33586 mean_loss=2.336661 lr=0.00219708 step=stateful RMSProp step applied
      unit 32/65 rc=85 chunks=1 trained_queries=34526 mean_loss=2.315101 lr=0.00219066 step=stateful RMSProp step applied
      unit 33/65 rc=2669 chunks=2 trained_queries=56078 mean_loss=2.320074 lr=0.00218421 step=stateful RMSProp step applied
      unit 34/65 rc=3061 chunks=1 trained_queries=19413 mean_loss=2.271424 lr=0.00217775 step=stateful RMSProp step applied
      unit 35/65 rc=1714 chunks=1 trained_queries=5304 mean_loss=2.295334 lr=0.00217128 step=stateful RMSProp step applied
      unit 36/65 rc=367 chunks=1 trained_queries=26869 mean_loss=2.306446 lr=0.00216479 step=stateful RMSProp step applied
      unit 37/65 rc=435397 chunks=1 trained_queries=944 mean_loss=2.193180 lr=0.00215828 step=stateful RMSProp step applied
      unit 38/65 rc=141 chunks=1 trained_queries=13312 mean_loss=2.310654 lr=0.00215176 step=stateful RMSProp step applied
      unit 39/65 rc=253455 chunks=1 trained_queries=1500 mean_loss=2.211423 lr=0.00214522 step=stateful RMSProp step applied
      unit 40/65 rc=41 chunks=10 trained_queries=499901 mean_loss=2.420713 lr=0.00213867 step=stateful RMSProp step applied
      unit 41/65 rc=560 chunks=3 trained_queries=103409 mean_loss=2.392781 lr=0.0021321 step=stateful RMSProp step applied
      unit 42/65 rc=36 chunks=3 trained_queries=142219 mean_loss=2.362546 lr=0.00212552 step=stateful RMSProp step applied
      unit 43/65 rc=39 chunks=6 trained_queries=280413 mean_loss=2.366391 lr=0.00211892 step=stateful RMSProp step applied
      unit 44/65 rc=14 chunks=17 trained_queries=823962 mean_loss=2.356390 lr=0.00211231 step=stateful RMSProp step applied
      unit 45/65 rc=21 chunks=3 trained_queries=141231 mean_loss=2.369509 lr=0.00210569 step=stateful RMSProp step applied
      unit 46/65 rc=541 chunks=3 trained_queries=126165 mean_loss=2.344250 lr=0.00209905 step=stateful RMSProp step applied
      unit 47/65 rc=51 chunks=9 trained_queries=429039 mean_loss=2.349269 lr=0.00209239 step=stateful RMSProp step applied
      unit 48/65 rc=2 chunks=9 trained_queries=408105 mean_loss=2.351309 lr=0.00208573 step=stateful RMSProp step applied
      unit 49/65 rc=1057 chunks=1 trained_queries=6093 mean_loss=2.288217 lr=0.00207904 step=stateful RMSProp step applied
      unit 50/65 rc=73 chunks=2 trained_queries=66629 mean_loss=2.340040 lr=0.00207235 step=stateful RMSProp step applied
      unit 51/65 rc=79 chunks=7 trained_queries=308363 mean_loss=2.333467 lr=0.00206564 step=stateful RMSProp step applied
      unit 52/65 rc=63 chunks=4 trained_queries=199126 mean_loss=2.330993 lr=0.00205892 step=stateful RMSProp step applied
      unit 53/65 rc=15 chunks=9 trained_queries=433526 mean_loss=2.332779 lr=0.00205219 step=stateful RMSProp step applied
      unit 54/65 rc=22 chunks=12 trained_queries=579173 mean_loss=2.330896 lr=0.00204544 step=stateful RMSProp step applied
      unit 55/65 rc=32 chunks=3 trained_queries=101120 mean_loss=2.317448 lr=0.00203868 step=stateful RMSProp step applied
      unit 56/65 rc=8258 chunks=1 trained_queries=5491 mean_loss=2.267038 lr=0.00203191 step=stateful RMSProp step applied
      unit 57/65 rc=3 chunks=9 trained_queries=446227 mean_loss=2.320411 lr=0.00202512 step=stateful RMSProp step applied
      unit 58/65 rc=4 chunks=9 trained_queries=441016 mean_loss=2.320665 lr=0.00201833 step=stateful RMSProp step applied
      unit 59/65 rc=5 chunks=12 trained_queries=560432 mean_loss=2.323720 lr=0.00201152 step=stateful RMSProp step applied
      unit 60/65 rc=48 chunks=5 trained_queries=245528 mean_loss=2.321075 lr=0.00200469 step=stateful RMSProp step applied
      unit 61/65 rc=164 chunks=2 trained_queries=71112 mean_loss=2.311600 lr=0.00199786 step=stateful RMSProp step applied
      unit 62/65 rc=28 chunks=4 trained_queries=154732 mean_loss=2.309132 lr=0.00199102 step=stateful RMSProp step applied
      unit 63/65 rc=9576 chunks=1 trained_queries=5479 mean_loss=2.285733 lr=0.00198416 step=stateful RMSProp step applied
      unit 64/65 rc=44 chunks=4 trained_queries=173110 mean_loss=2.321288 lr=0.00197729 step=stateful RMSProp step applied
      unit 65/65 rc=13 chunks=1 trained_queries=3774 mean_loss=2.236646 lr=0.00197042 step=stateful RMSProp step applied
    stage-epoch 4 summary trained_queries=9313932 mean_loss=2.355575
    stage-epoch 5/10
      unit 1/65 rc=17 chunks=5 trained_queries=248592 mean_loss=2.297603 lr=0.00196353 step=stateful RMSProp step applied
      unit 2/65 rc=6 chunks=26 trained_queries=1265321 mean_loss=2.322725 lr=0.00195662 step=stateful RMSProp step applied
      unit 3/65 rc=588 chunks=1 trained_queries=19135 mean_loss=2.342763 lr=0.00194971 step=stateful RMSProp step applied
      unit 4/65 rc=987290 chunks=1 trained_queries=16 mean_loss=1.767099 lr=0.00194279 step=stateful RMSProp step applied
      unit 5/65 rc=109979 chunks=1 trained_queries=41 mean_loss=2.267709 lr=0.00193586 step=stateful RMSProp step applied
      unit 6/65 rc=378 chunks=2 trained_queries=57603 mean_loss=2.592967 lr=0.00192892 step=stateful RMSProp step applied
      unit 7/65 rc=54 chunks=4 trained_queries=153896 mean_loss=2.428201 lr=0.00192197 step=stateful RMSProp step applied
      unit 8/65 rc=2061 chunks=1 trained_queries=20361 mean_loss=2.438619 lr=0.001915 step=stateful RMSProp step applied
      unit 9/65 rc=74 chunks=1 trained_queries=37121 mean_loss=2.378380 lr=0.00190803 step=stateful RMSProp step applied
      unit 10/65 rc=849363 chunks=1 trained_queries=16 mean_loss=2.187351 lr=0.00190105 step=stateful RMSProp step applied
      unit 11/65 rc=16 chunks=2 trained_queries=79335 mean_loss=2.377563 lr=0.00189406 step=stateful RMSProp step applied
      unit 12/65 rc=547 chunks=1 trained_queries=31681 mean_loss=2.325359 lr=0.00188706 step=stateful RMSProp step applied
      unit 13/65 rc=213 chunks=1 trained_queries=16802 mean_loss=2.462830 lr=0.00188005 step=stateful RMSProp step applied
      unit 14/65 rc=78 chunks=2 trained_queries=60358 mean_loss=2.349220 lr=0.00187303 step=stateful RMSProp step applied
      unit 15/65 rc=18 chunks=1 trained_queries=20515 mean_loss=2.318271 lr=0.00186601 step=stateful RMSProp step applied
      unit 16/65 rc=7 chunks=1 trained_queries=24039 mean_loss=2.294377 lr=0.00185897 step=stateful RMSProp step applied
      unit 17/65 rc=6212 chunks=1 trained_queries=13927 mean_loss=2.298616 lr=0.00185193 step=stateful RMSProp step applied
      unit 18/65 rc=3055 chunks=1 trained_queries=39049 mean_loss=2.263027 lr=0.00184488 step=stateful RMSProp step applied
      unit 19/65 rc=1 chunks=1 trained_queries=12371 mean_loss=2.300360 lr=0.00183782 step=stateful RMSProp step applied
      unit 20/65 rc=14727 chunks=1 trained_queries=14425 mean_loss=2.295572 lr=0.00183075 step=stateful RMSProp step applied
      unit 21/65 rc=2977 chunks=1 trained_queries=22209 mean_loss=2.303253 lr=0.00182368 step=stateful RMSProp step applied
      unit 22/65 rc=497 chunks=2 trained_queries=85392 mean_loss=2.277258 lr=0.00181659 step=stateful RMSProp step applied
      unit 23/65 rc=14349 chunks=1 trained_queries=2388 mean_loss=2.389116 lr=0.0018095 step=stateful RMSProp step applied
      unit 24/65 rc=61678 chunks=1 trained_queries=6910 mean_loss=2.260815 lr=0.00180241 step=stateful RMSProp step applied
      unit 25/65 rc=416 chunks=1 trained_queries=27536 mean_loss=2.242164 lr=0.0017953 step=stateful RMSProp step applied
      unit 26/65 rc=308 chunks=1 trained_queries=20922 mean_loss=2.262177 lr=0.00178819 step=stateful RMSProp step applied
      unit 27/65 rc=522 chunks=1 trained_queries=33835 mean_loss=2.221339 lr=0.00178107 step=stateful RMSProp step applied
      unit 28/65 rc=611 chunks=1 trained_queries=41580 mean_loss=2.250993 lr=0.00177395 step=stateful RMSProp step applied
      unit 29/65 rc=7882 chunks=1 trained_queries=11281 mean_loss=2.248834 lr=0.00176682 step=stateful RMSProp step applied
      unit 30/65 rc=96207 chunks=1 trained_queries=368 mean_loss=2.262670 lr=0.00175968 step=stateful RMSProp step applied
      unit 31/65 rc=226 chunks=1 trained_queries=33586 mean_loss=2.265681 lr=0.00175254 step=stateful RMSProp step applied
      unit 32/65 rc=85 chunks=1 trained_queries=34526 mean_loss=2.264849 lr=0.00174539 step=stateful RMSProp step applied
      unit 33/65 rc=2669 chunks=2 trained_queries=56078 mean_loss=2.275199 lr=0.00173823 step=stateful RMSProp step applied
      unit 34/65 rc=3061 chunks=1 trained_queries=19413 mean_loss=2.219944 lr=0.00173107 step=stateful RMSProp step applied
      unit 35/65 rc=1714 chunks=1 trained_queries=5304 mean_loss=2.241261 lr=0.0017239 step=stateful RMSProp step applied
      unit 36/65 rc=367 chunks=1 trained_queries=26869 mean_loss=2.262886 lr=0.00171673 step=stateful RMSProp step applied
      unit 37/65 rc=435397 chunks=1 trained_queries=944 mean_loss=2.145767 lr=0.00170956 step=stateful RMSProp step applied
      unit 38/65 rc=141 chunks=1 trained_queries=13312 mean_loss=2.264788 lr=0.00170238 step=stateful RMSProp step applied
      unit 39/65 rc=253455 chunks=1 trained_queries=1500 mean_loss=2.153213 lr=0.00169519 step=stateful RMSProp step applied
      unit 40/65 rc=41 chunks=10 trained_queries=499901 mean_loss=2.360687 lr=0.001688 step=stateful RMSProp step applied
      unit 41/65 rc=560 chunks=3 trained_queries=103409 mean_loss=2.340058 lr=0.0016808 step=stateful RMSProp step applied
      unit 42/65 rc=36 chunks=3 trained_queries=142219 mean_loss=2.314660 lr=0.00167361 step=stateful RMSProp step applied
      unit 43/65 rc=39 chunks=6 trained_queries=280413 mean_loss=2.319348 lr=0.0016664 step=stateful RMSProp step applied
      unit 44/65 rc=14 chunks=17 trained_queries=823962 mean_loss=2.311303 lr=0.0016592 step=stateful RMSProp step applied
      unit 45/65 rc=21 chunks=3 trained_queries=141231 mean_loss=2.325867 lr=0.00165199 step=stateful RMSProp step applied
      unit 46/65 rc=541 chunks=3 trained_queries=126165 mean_loss=2.303276 lr=0.00164477 step=stateful RMSProp step applied
      unit 47/65 rc=51 chunks=9 trained_queries=429039 mean_loss=2.307329 lr=0.00163755 step=stateful RMSProp step applied
      unit 48/65 rc=2 chunks=9 trained_queries=408105 mean_loss=2.309494 lr=0.00163033 step=stateful RMSProp step applied
      unit 49/65 rc=1057 chunks=1 trained_queries=6093 mean_loss=2.238968 lr=0.00162311 step=stateful RMSProp step applied
      unit 50/65 rc=73 chunks=2 trained_queries=66629 mean_loss=2.296294 lr=0.00161588 step=stateful RMSProp step applied
      unit 51/65 rc=79 chunks=7 trained_queries=308363 mean_loss=2.293806 lr=0.00160865 step=stateful RMSProp step applied
      unit 52/65 rc=63 chunks=4 trained_queries=199126 mean_loss=2.289681 lr=0.00160142 step=stateful RMSProp step applied
      unit 53/65 rc=15 chunks=9 trained_queries=433526 mean_loss=2.294497 lr=0.00159419 step=stateful RMSProp step applied
      unit 54/65 rc=22 chunks=12 trained_queries=579173 mean_loss=2.293953 lr=0.00158695 step=stateful RMSProp step applied
      unit 55/65 rc=32 chunks=3 trained_queries=101120 mean_loss=2.277742 lr=0.00157971 step=stateful RMSProp step applied
      unit 56/65 rc=8258 chunks=1 trained_queries=5491 mean_loss=2.226939 lr=0.00157247 step=stateful RMSProp step applied
      unit 57/65 rc=3 chunks=9 trained_queries=446227 mean_loss=2.283680 lr=0.00156523 step=stateful RMSProp step applied
      unit 58/65 rc=4 chunks=9 trained_queries=441016 mean_loss=2.284530 lr=0.00155798 step=stateful RMSProp step applied
      unit 59/65 rc=5 chunks=12 trained_queries=560432 mean_loss=2.288915 lr=0.00155074 step=stateful RMSProp step applied
      unit 60/65 rc=48 chunks=5 trained_queries=245528 mean_loss=2.286277 lr=0.00154349 step=stateful RMSProp step applied
      unit 61/65 rc=164 chunks=2 trained_queries=71112 mean_loss=2.276475 lr=0.00153625 step=stateful RMSProp step applied
      unit 62/65 rc=28 chunks=4 trained_queries=154732 mean_loss=2.275777 lr=0.001529 step=stateful RMSProp step applied
      unit 63/65 rc=9576 chunks=1 trained_queries=5479 mean_loss=2.259379 lr=0.00152175 step=stateful RMSProp step applied
      unit 64/65 rc=44 chunks=4 trained_queries=173110 mean_loss=2.286515 lr=0.0015145 step=stateful RMSProp step applied
      unit 65/65 rc=13 chunks=1 trained_queries=3774 mean_loss=2.199328 lr=0.00150725 step=stateful RMSProp step applied
    stage-epoch 5 summary trained_queries=9313932 mean_loss=2.308895
    stage-epoch 6/10
      unit 1/65 rc=17 chunks=5 trained_queries=248592 mean_loss=2.260639 lr=0.0015 step=stateful RMSProp step applied
      unit 2/65 rc=6 chunks=26 trained_queries=1265321 mean_loss=2.285865 lr=0.00149275 step=stateful RMSProp step applied
      unit 3/65 rc=588 chunks=1 trained_queries=19135 mean_loss=2.304856 lr=0.0014855 step=stateful RMSProp step applied
      unit 4/65 rc=987290 chunks=1 trained_queries=16 mean_loss=1.566183 lr=0.00147825 step=stateful RMSProp step applied
      unit 5/65 rc=109979 chunks=1 trained_queries=41 mean_loss=2.065238 lr=0.001471 step=stateful RMSProp step applied
      unit 6/65 rc=378 chunks=2 trained_queries=57603 mean_loss=2.457048 lr=0.00146375 step=stateful RMSProp step applied
      unit 7/65 rc=54 chunks=4 trained_queries=153896 mean_loss=2.339614 lr=0.00145651 step=stateful RMSProp step applied
      unit 8/65 rc=2061 chunks=1 trained_queries=20361 mean_loss=2.361570 lr=0.00144926 step=stateful RMSProp step applied
      unit 9/65 rc=74 chunks=1 trained_queries=37121 mean_loss=2.297896 lr=0.00144202 step=stateful RMSProp step applied
      unit 10/65 rc=849363 chunks=1 trained_queries=16 mean_loss=1.516040 lr=0.00143477 step=stateful RMSProp step applied
      unit 11/65 rc=16 chunks=2 trained_queries=79335 mean_loss=2.329520 lr=0.00142753 step=stateful RMSProp step applied
      unit 12/65 rc=547 chunks=1 trained_queries=31681 mean_loss=2.281487 lr=0.00142029 step=stateful RMSProp step applied
      unit 13/65 rc=213 chunks=1 trained_queries=16802 mean_loss=2.392802 lr=0.00141305 step=stateful RMSProp step applied
      unit 14/65 rc=78 chunks=2 trained_queries=60358 mean_loss=2.312064 lr=0.00140581 step=stateful RMSProp step applied
      unit 15/65 rc=18 chunks=1 trained_queries=20515 mean_loss=2.279740 lr=0.00139858 step=stateful RMSProp step applied
      unit 16/65 rc=7 chunks=1 trained_queries=24039 mean_loss=2.251019 lr=0.00139135 step=stateful RMSProp step applied
      unit 17/65 rc=6212 chunks=1 trained_queries=13927 mean_loss=2.257417 lr=0.00138412 step=stateful RMSProp step applied
      unit 18/65 rc=3055 chunks=1 trained_queries=39049 mean_loss=2.232834 lr=0.00137689 step=stateful RMSProp step applied
      unit 19/65 rc=1 chunks=1 trained_queries=12371 mean_loss=2.261806 lr=0.00136967 step=stateful RMSProp step applied
      unit 20/65 rc=14727 chunks=1 trained_queries=14425 mean_loss=2.258695 lr=0.00136245 step=stateful RMSProp step applied
      unit 21/65 rc=2977 chunks=1 trained_queries=22209 mean_loss=2.268466 lr=0.00135523 step=stateful RMSProp step applied
      unit 22/65 rc=497 chunks=2 trained_queries=85392 mean_loss=2.243197 lr=0.00134801 step=stateful RMSProp step applied
      unit 23/65 rc=14349 chunks=1 trained_queries=2388 mean_loss=2.364892 lr=0.0013408 step=stateful RMSProp step applied
      unit 24/65 rc=61678 chunks=1 trained_queries=6910 mean_loss=2.226405 lr=0.0013336 step=stateful RMSProp step applied
      unit 25/65 rc=416 chunks=1 trained_queries=27536 mean_loss=2.203290 lr=0.00132639 step=stateful RMSProp step applied
      unit 26/65 rc=308 chunks=1 trained_queries=20922 mean_loss=2.229662 lr=0.00131919 step=stateful RMSProp step applied
      unit 27/65 rc=522 chunks=1 trained_queries=33835 mean_loss=2.187041 lr=0.001312 step=stateful RMSProp step applied
      unit 28/65 rc=611 chunks=1 trained_queries=41580 mean_loss=2.222047 lr=0.00130481 step=stateful RMSProp step applied
      unit 29/65 rc=7882 chunks=1 trained_queries=11281 mean_loss=2.216194 lr=0.00129762 step=stateful RMSProp step applied
      unit 30/65 rc=96207 chunks=1 trained_queries=368 mean_loss=2.223214 lr=0.00129044 step=stateful RMSProp step applied
      unit 31/65 rc=226 chunks=1 trained_queries=33586 mean_loss=2.233586 lr=0.00128327 step=stateful RMSProp step applied
      unit 32/65 rc=85 chunks=1 trained_queries=34526 mean_loss=2.234283 lr=0.0012761 step=stateful RMSProp step applied
      unit 33/65 rc=2669 chunks=2 trained_queries=56078 mean_loss=2.242551 lr=0.00126893 step=stateful RMSProp step applied
      unit 34/65 rc=3061 chunks=1 trained_queries=19413 mean_loss=2.193032 lr=0.00126177 step=stateful RMSProp step applied
      unit 35/65 rc=1714 chunks=1 trained_queries=5304 mean_loss=2.207881 lr=0.00125461 step=stateful RMSProp step applied
      unit 36/65 rc=367 chunks=1 trained_queries=26869 mean_loss=2.228763 lr=0.00124746 step=stateful RMSProp step applied
      unit 37/65 rc=435397 chunks=1 trained_queries=944 mean_loss=2.095810 lr=0.00124032 step=stateful RMSProp step applied
      unit 38/65 rc=141 chunks=1 trained_queries=13312 mean_loss=2.220043 lr=0.00123318 step=stateful RMSProp step applied
      unit 39/65 rc=253455 chunks=1 trained_queries=1500 mean_loss=2.112528 lr=0.00122605 step=stateful RMSProp step applied
      unit 40/65 rc=41 chunks=10 trained_queries=499901 mean_loss=2.323277 lr=0.00121893 step=stateful RMSProp step applied
      unit 41/65 rc=560 chunks=3 trained_queries=103409 mean_loss=2.309023 lr=0.00121181 step=stateful RMSProp step applied
      unit 42/65 rc=36 chunks=3 trained_queries=142219 mean_loss=2.285413 lr=0.0012047 step=stateful RMSProp step applied
      unit 43/65 rc=39 chunks=6 trained_queries=280413 mean_loss=2.293028 lr=0.00119759 step=stateful RMSProp step applied
      unit 44/65 rc=14 chunks=17 trained_queries=823962 mean_loss=2.283935 lr=0.0011905 step=stateful RMSProp step applied
      unit 45/65 rc=21 chunks=3 trained_queries=141231 mean_loss=2.301346 lr=0.00118341 step=stateful RMSProp step applied
      unit 46/65 rc=541 chunks=3 trained_queries=126165 mean_loss=2.278036 lr=0.00117632 step=stateful RMSProp step applied
      unit 47/65 rc=51 chunks=9 trained_queries=429039 mean_loss=2.282916 lr=0.00116925 step=stateful RMSProp step applied
      unit 48/65 rc=2 chunks=9 trained_queries=408105 mean_loss=2.285761 lr=0.00116218 step=stateful RMSProp step applied
      unit 49/65 rc=1057 chunks=1 trained_queries=6093 mean_loss=2.213238 lr=0.00115512 step=stateful RMSProp step applied
      unit 50/65 rc=73 chunks=2 trained_queries=66629 mean_loss=2.272121 lr=0.00114807 step=stateful RMSProp step applied
      unit 51/65 rc=79 chunks=7 trained_queries=308363 mean_loss=2.271114 lr=0.00114103 step=stateful RMSProp step applied
      unit 52/65 rc=63 chunks=4 trained_queries=199126 mean_loss=2.267932 lr=0.00113399 step=stateful RMSProp step applied
      unit 53/65 rc=15 chunks=9 trained_queries=433526 mean_loss=2.272176 lr=0.00112697 step=stateful RMSProp step applied
      unit 54/65 rc=22 chunks=12 trained_queries=579173 mean_loss=2.271334 lr=0.00111995 step=stateful RMSProp step applied
      unit 55/65 rc=32 chunks=3 trained_queries=101120 mean_loss=2.255740 lr=0.00111294 step=stateful RMSProp step applied
      unit 56/65 rc=8258 chunks=1 trained_queries=5491 mean_loss=2.201718 lr=0.00110594 step=stateful RMSProp step applied
      unit 57/65 rc=3 chunks=9 trained_queries=446227 mean_loss=2.261993 lr=0.00109895 step=stateful RMSProp step applied
      unit 58/65 rc=4 chunks=9 trained_queries=441016 mean_loss=2.264440 lr=0.00109197 step=stateful RMSProp step applied
      unit 59/65 rc=5 chunks=12 trained_queries=560432 mean_loss=2.269448 lr=0.001085 step=stateful RMSProp step applied
      unit 60/65 rc=48 chunks=5 trained_queries=245528 mean_loss=2.265834 lr=0.00107803 step=stateful RMSProp step applied
      unit 61/65 rc=164 chunks=2 trained_queries=71112 mean_loss=2.255969 lr=0.00107108 step=stateful RMSProp step applied
      unit 62/65 rc=28 chunks=4 trained_queries=154732 mean_loss=2.256300 lr=0.00106414 step=stateful RMSProp step applied
      unit 63/65 rc=9576 chunks=1 trained_queries=5479 mean_loss=2.238919 lr=0.00105721 step=stateful RMSProp step applied
      unit 64/65 rc=44 chunks=4 trained_queries=173110 mean_loss=2.268112 lr=0.00105029 step=stateful RMSProp step applied
      unit 65/65 rc=13 chunks=1 trained_queries=3774 mean_loss=2.175570 lr=0.00104337 step=stateful RMSProp step applied
    stage-epoch 6 summary trained_queries=9313932 mean_loss=2.279483
    stage-epoch 7/10
      unit 1/65 rc=17 chunks=5 trained_queries=248592 mean_loss=2.235839 lr=0.00103647 step=stateful RMSProp step applied
      unit 2/65 rc=6 chunks=26 trained_queries=1265321 mean_loss=2.266711 lr=0.00102958 step=stateful RMSProp step applied
      unit 3/65 rc=588 chunks=1 trained_queries=19135 mean_loss=2.281660 lr=0.00102271 step=stateful RMSProp step applied
      unit 4/65 rc=987290 chunks=1 trained_queries=16 mean_loss=1.358481 lr=0.00101584 step=stateful RMSProp step applied
      unit 5/65 rc=109979 chunks=1 trained_queries=41 mean_loss=1.893165 lr=0.00100898 step=stateful RMSProp step applied
      unit 6/65 rc=378 chunks=2 trained_queries=57603 mean_loss=2.386900 lr=0.00100214 step=stateful RMSProp step applied
      unit 7/65 rc=54 chunks=4 trained_queries=153896 mean_loss=2.303283 lr=0.000995305 step=stateful RMSProp step applied
      unit 8/65 rc=2061 chunks=1 trained_queries=20361 mean_loss=2.335599 lr=0.000988484 step=stateful RMSProp step applied
      unit 9/65 rc=74 chunks=1 trained_queries=37121 mean_loss=2.268794 lr=0.000981675 step=stateful RMSProp step applied
      unit 10/65 rc=849363 chunks=1 trained_queries=16 mean_loss=1.125380 lr=0.000974877 step=stateful RMSProp step applied
      unit 11/65 rc=16 chunks=2 trained_queries=79335 mean_loss=2.225044 lr=0.000968093 step=stateful RMSProp step applied
      unit 12/65 rc=547 chunks=1 trained_queries=31681 mean_loss=2.227725 lr=0.00096132 step=stateful RMSProp step applied
      unit 13/65 rc=213 chunks=1 trained_queries=16802 mean_loss=2.301318 lr=0.00095456 step=stateful RMSProp step applied
      unit 14/65 rc=78 chunks=2 trained_queries=60358 mean_loss=2.255381 lr=0.000947813 step=stateful RMSProp step applied
      unit 15/65 rc=18 chunks=1 trained_queries=20515 mean_loss=2.229957 lr=0.000941079 step=stateful RMSProp step applied
      unit 16/65 rc=7 chunks=1 trained_queries=24039 mean_loss=2.190589 lr=0.000934358 step=stateful RMSProp step applied
      unit 17/65 rc=6212 chunks=1 trained_queries=13927 mean_loss=2.207285 lr=0.00092765 step=stateful RMSProp step applied
      unit 18/65 rc=3055 chunks=1 trained_queries=39049 mean_loss=2.175019 lr=0.000920955 step=stateful RMSProp step applied
      unit 19/65 rc=1 chunks=1 trained_queries=12371 mean_loss=2.215166 lr=0.000914274 step=stateful RMSProp step applied
      unit 20/65 rc=14727 chunks=1 trained_queries=14425 mean_loss=2.210054 lr=0.000907607 step=stateful RMSProp step applied
      unit 21/65 rc=2977 chunks=1 trained_queries=22209 mean_loss=2.231111 lr=0.000900953 step=stateful RMSProp step applied
      unit 22/65 rc=497 chunks=2 trained_queries=85392 mean_loss=2.205474 lr=0.000894313 step=stateful RMSProp step applied
      unit 23/65 rc=14349 chunks=1 trained_queries=2388 mean_loss=2.321855 lr=0.000887688 step=stateful RMSProp step applied
      unit 24/65 rc=61678 chunks=1 trained_queries=6910 mean_loss=2.192271 lr=0.000881077 step=stateful RMSProp step applied
      unit 25/65 rc=416 chunks=1 trained_queries=27536 mean_loss=2.168831 lr=0.00087448 step=stateful RMSProp step applied
      unit 26/65 rc=308 chunks=1 trained_queries=20922 mean_loss=2.198776 lr=0.000867898 step=stateful RMSProp step applied
      unit 27/65 rc=522 chunks=1 trained_queries=33835 mean_loss=2.156210 lr=0.000861331 step=stateful RMSProp step applied
      unit 28/65 rc=611 chunks=1 trained_queries=41580 mean_loss=2.194494 lr=0.000854779 step=stateful RMSProp step applied
      unit 29/65 rc=7882 chunks=1 trained_queries=11281 mean_loss=2.178928 lr=0.000848242 step=stateful RMSProp step applied
      unit 30/65 rc=96207 chunks=1 trained_queries=368 mean_loss=2.177605 lr=0.000841719 step=stateful RMSProp step applied
      unit 31/65 rc=226 chunks=1 trained_queries=33586 mean_loss=2.187890 lr=0.000835213 step=stateful RMSProp step applied
      unit 32/65 rc=85 chunks=1 trained_queries=34526 mean_loss=2.200405 lr=0.000828721 step=stateful RMSProp step applied
      unit 33/65 rc=2669 chunks=2 trained_queries=56078 mean_loss=2.213905 lr=0.000822246 step=stateful RMSProp step applied
      unit 34/65 rc=3061 chunks=1 trained_queries=19413 mean_loss=2.161612 lr=0.000815786 step=stateful RMSProp step applied
      unit 35/65 rc=1714 chunks=1 trained_queries=5304 mean_loss=2.175152 lr=0.000809343 step=stateful RMSProp step applied
      unit 36/65 rc=367 chunks=1 trained_queries=26869 mean_loss=2.201422 lr=0.000802915 step=stateful RMSProp step applied
      unit 37/65 rc=435397 chunks=1 trained_queries=944 mean_loss=2.072383 lr=0.000796504 step=stateful RMSProp step applied
      unit 38/65 rc=141 chunks=1 trained_queries=13312 mean_loss=2.185618 lr=0.000790109 step=stateful RMSProp step applied
      unit 39/65 rc=253455 chunks=1 trained_queries=1500 mean_loss=2.077813 lr=0.000783731 step=stateful RMSProp step applied
      unit 40/65 rc=41 chunks=10 trained_queries=499901 mean_loss=2.284782 lr=0.000777369 step=stateful RMSProp step applied
      unit 41/65 rc=560 chunks=3 trained_queries=103409 mean_loss=2.276177 lr=0.000771025 step=stateful RMSProp step applied
      unit 42/65 rc=36 chunks=3 trained_queries=142219 mean_loss=2.254635 lr=0.000764697 step=stateful RMSProp step applied
      unit 43/65 rc=39 chunks=6 trained_queries=280413 mean_loss=2.265054 lr=0.000758387 step=stateful RMSProp step applied
      unit 44/65 rc=14 chunks=17 trained_queries=823962 mean_loss=2.256569 lr=0.000752094 step=stateful RMSProp step applied
      unit 45/65 rc=21 chunks=3 trained_queries=141231 mean_loss=2.275481 lr=0.000745818 step=stateful RMSProp step applied
      unit 46/65 rc=541 chunks=3 trained_queries=126165 mean_loss=2.251591 lr=0.00073956 step=stateful RMSProp step applied
      unit 47/65 rc=51 chunks=9 trained_queries=429039 mean_loss=2.258813 lr=0.00073332 step=stateful RMSProp step applied
      unit 48/65 rc=2 chunks=9 trained_queries=408105 mean_loss=2.260516 lr=0.000727098 step=stateful RMSProp step applied
      unit 49/65 rc=1057 chunks=1 trained_queries=6093 mean_loss=2.185019 lr=0.000720894 step=stateful RMSProp step applied
      unit 50/65 rc=73 chunks=2 trained_queries=66629 mean_loss=2.248341 lr=0.000714707 step=stateful RMSProp step applied
      unit 51/65 rc=79 chunks=7 trained_queries=308363 mean_loss=2.246569 lr=0.00070854 step=stateful RMSProp step applied
      unit 52/65 rc=63 chunks=4 trained_queries=199126 mean_loss=2.243770 lr=0.00070239 step=stateful RMSProp step applied
      unit 53/65 rc=15 chunks=9 trained_queries=433526 mean_loss=2.249562 lr=0.00069626 step=stateful RMSProp step applied
      unit 54/65 rc=22 chunks=12 trained_queries=579173 mean_loss=2.247907 lr=0.000690148 step=stateful RMSProp step applied
      unit 55/65 rc=32 chunks=3 trained_queries=101120 mean_loss=2.233523 lr=0.000684055 step=stateful RMSProp step applied
      unit 56/65 rc=8258 chunks=1 trained_queries=5491 mean_loss=2.175101 lr=0.000677981 step=stateful RMSProp step applied
      unit 57/65 rc=3 chunks=9 trained_queries=446227 mean_loss=2.238930 lr=0.000671927 step=stateful RMSProp step applied
      unit 58/65 rc=4 chunks=9 trained_queries=441016 mean_loss=2.242631 lr=0.000665891 step=stateful RMSProp step applied
      unit 59/65 rc=5 chunks=12 trained_queries=560432 mean_loss=2.248067 lr=0.000659876 step=stateful RMSProp step applied
      unit 60/65 rc=48 chunks=5 trained_queries=245528 mean_loss=2.244577 lr=0.000653879 step=stateful RMSProp step applied
      unit 61/65 rc=164 chunks=2 trained_queries=71112 mean_loss=2.234480 lr=0.000647903 step=stateful RMSProp step applied
      unit 62/65 rc=28 chunks=4 trained_queries=154732 mean_loss=2.234473 lr=0.000641946 step=stateful RMSProp step applied
      unit 63/65 rc=9576 chunks=1 trained_queries=5479 mean_loss=2.213230 lr=0.00063601 step=stateful RMSProp step applied
      unit 64/65 rc=44 chunks=4 trained_queries=173110 mean_loss=2.245342 lr=0.000630093 step=stateful RMSProp step applied
      unit 65/65 rc=13 chunks=1 trained_queries=3774 mean_loss=2.149135 lr=0.000624198 step=stateful RMSProp step applied
    stage-epoch 7 summary trained_queries=9313932 mean_loss=2.252655
    stage-epoch 8/10
      unit 1/65 rc=17 chunks=5 trained_queries=248592 mean_loss=2.212697 lr=0.000618322 step=stateful RMSProp step applied
      unit 2/65 rc=6 chunks=26 trained_queries=1265321 mean_loss=2.245974 lr=0.000612467 step=stateful RMSProp step applied
      unit 3/65 rc=588 chunks=1 trained_queries=19135 mean_loss=2.262712 lr=0.000606633 step=stateful RMSProp step applied
      unit 4/65 rc=987290 chunks=1 trained_queries=16 mean_loss=1.234630 lr=0.000600819 step=stateful RMSProp step applied
      unit 5/65 rc=109979 chunks=1 trained_queries=41 mean_loss=1.764159 lr=0.000595027 step=stateful RMSProp step applied
      unit 6/65 rc=378 chunks=2 trained_queries=57603 mean_loss=2.296078 lr=0.000589256 step=stateful RMSProp step applied
      unit 7/65 rc=54 chunks=4 trained_queries=153896 mean_loss=2.248598 lr=0.000583506 step=stateful RMSProp step applied
      unit 8/65 rc=2061 chunks=1 trained_queries=20361 mean_loss=2.293134 lr=0.000577778 step=stateful RMSProp step applied
      unit 9/65 rc=74 chunks=1 trained_queries=37121 mean_loss=2.240067 lr=0.000572071 step=stateful RMSProp step applied
      unit 10/65 rc=849363 chunks=1 trained_queries=16 mean_loss=0.866045 lr=0.000566386 step=stateful RMSProp step applied
      unit 11/65 rc=16 chunks=2 trained_queries=79335 mean_loss=2.176707 lr=0.000560722 step=stateful RMSProp step applied
      unit 12/65 rc=547 chunks=1 trained_queries=31681 mean_loss=2.192976 lr=0.000555081 step=stateful RMSProp step applied
      unit 13/65 rc=213 chunks=1 trained_queries=16802 mean_loss=2.237877 lr=0.000549461 step=stateful RMSProp step applied
      unit 14/65 rc=78 chunks=2 trained_queries=60358 mean_loss=2.218490 lr=0.000543864 step=stateful RMSProp step applied
      unit 15/65 rc=18 chunks=1 trained_queries=20515 mean_loss=2.198353 lr=0.000538289 step=stateful RMSProp step applied
      unit 16/65 rc=7 chunks=1 trained_queries=24039 mean_loss=2.159719 lr=0.000532736 step=stateful RMSProp step applied
      unit 17/65 rc=6212 chunks=1 trained_queries=13927 mean_loss=2.177515 lr=0.000527207 step=stateful RMSProp step applied
      unit 18/65 rc=3055 chunks=1 trained_queries=39049 mean_loss=2.143090 lr=0.0005217 step=stateful RMSProp step applied
      unit 19/65 rc=1 chunks=1 trained_queries=12371 mean_loss=2.190352 lr=0.000516215 step=stateful RMSProp step applied
      unit 20/65 rc=14727 chunks=1 trained_queries=14425 mean_loss=2.186735 lr=0.000510754 step=stateful RMSProp step applied
      unit 21/65 rc=2977 chunks=1 trained_queries=22209 mean_loss=2.205231 lr=0.000505316 step=stateful RMSProp step applied
      unit 22/65 rc=497 chunks=2 trained_queries=85392 mean_loss=2.179141 lr=0.000499901 step=stateful RMSProp step applied
      unit 23/65 rc=14349 chunks=1 trained_queries=2388 mean_loss=2.295299 lr=0.000494509 step=stateful RMSProp step applied
      unit 24/65 rc=61678 chunks=1 trained_queries=6910 mean_loss=2.160817 lr=0.000489141 step=stateful RMSProp step applied
      unit 25/65 rc=416 chunks=1 trained_queries=27536 mean_loss=2.144055 lr=0.000483797 step=stateful RMSProp step applied
      unit 26/65 rc=308 chunks=1 trained_queries=20922 mean_loss=2.176836 lr=0.000478476 step=stateful RMSProp step applied
      unit 27/65 rc=522 chunks=1 trained_queries=33835 mean_loss=2.133423 lr=0.000473179 step=stateful RMSProp step applied
      unit 28/65 rc=611 chunks=1 trained_queries=41580 mean_loss=2.176181 lr=0.000467906 step=stateful RMSProp step applied
      unit 29/65 rc=7882 chunks=1 trained_queries=11281 mean_loss=2.160242 lr=0.000462658 step=stateful RMSProp step applied
      unit 30/65 rc=96207 chunks=1 trained_queries=368 mean_loss=2.141042 lr=0.000457433 step=stateful RMSProp step applied
      unit 31/65 rc=226 chunks=1 trained_queries=33586 mean_loss=2.159273 lr=0.000452233 step=stateful RMSProp step applied
      unit 32/65 rc=85 chunks=1 trained_queries=34526 mean_loss=2.181128 lr=0.000447057 step=stateful RMSProp step applied
      unit 33/65 rc=2669 chunks=2 trained_queries=56078 mean_loss=2.194559 lr=0.000441906 step=stateful RMSProp step applied
      unit 34/65 rc=3061 chunks=1 trained_queries=19413 mean_loss=2.144162 lr=0.000436779 step=stateful RMSProp step applied
      unit 35/65 rc=1714 chunks=1 trained_queries=5304 mean_loss=2.156431 lr=0.000431678 step=stateful RMSProp step applied
      unit 36/65 rc=367 chunks=1 trained_queries=26869 mean_loss=2.183431 lr=0.000426602 step=stateful RMSProp step applied
      unit 37/65 rc=435397 chunks=1 trained_queries=944 mean_loss=2.041664 lr=0.00042155 step=stateful RMSProp step applied
      unit 38/65 rc=141 chunks=1 trained_queries=13312 mean_loss=2.165371 lr=0.000416524 step=stateful RMSProp step applied
      unit 39/65 rc=253455 chunks=1 trained_queries=1500 mean_loss=2.052248 lr=0.000411523 step=stateful RMSProp step applied
      unit 40/65 rc=41 chunks=10 trained_queries=499901 mean_loss=2.254947 lr=0.000406547 step=stateful RMSProp step applied
      unit 41/65 rc=560 chunks=3 trained_queries=103409 mean_loss=2.251597 lr=0.000401597 step=stateful RMSProp step applied
      unit 42/65 rc=36 chunks=3 trained_queries=142219 mean_loss=2.231687 lr=0.000396673 step=stateful RMSProp step applied
      unit 43/65 rc=39 chunks=6 trained_queries=280413 mean_loss=2.244434 lr=0.000391774 step=stateful RMSProp step applied
      unit 44/65 rc=14 chunks=17 trained_queries=823962 mean_loss=2.236751 lr=0.000386901 step=stateful RMSProp step applied
      unit 45/65 rc=21 chunks=3 trained_queries=141231 mean_loss=2.256908 lr=0.000382054 step=stateful RMSProp step applied
      unit 46/65 rc=541 chunks=3 trained_queries=126165 mean_loss=2.233429 lr=0.000377234 step=stateful RMSProp step applied
      unit 47/65 rc=51 chunks=9 trained_queries=429039 mean_loss=2.242493 lr=0.000372439 step=stateful RMSProp step applied
      unit 48/65 rc=2 chunks=9 trained_queries=408105 mean_loss=2.243539 lr=0.000367671 step=stateful RMSProp step applied
      unit 49/65 rc=1057 chunks=1 trained_queries=6093 mean_loss=2.166244 lr=0.00036293 step=stateful RMSProp step applied
      unit 50/65 rc=73 chunks=2 trained_queries=66629 mean_loss=2.231872 lr=0.000358215 step=stateful RMSProp step applied
      unit 51/65 rc=79 chunks=7 trained_queries=308363 mean_loss=2.231414 lr=0.000353526 step=stateful RMSProp step applied
      unit 52/65 rc=63 chunks=4 trained_queries=199126 mean_loss=2.228642 lr=0.000348865 step=stateful RMSProp step applied
      unit 53/65 rc=15 chunks=9 trained_queries=433526 mean_loss=2.235785 lr=0.00034423 step=stateful RMSProp step applied
      unit 54/65 rc=22 chunks=12 trained_queries=579173 mean_loss=2.234197 lr=0.000339622 step=stateful RMSProp step applied
      unit 55/65 rc=32 chunks=3 trained_queries=101120 mean_loss=2.220043 lr=0.000335042 step=stateful RMSProp step applied
      unit 56/65 rc=8258 chunks=1 trained_queries=5491 mean_loss=2.162283 lr=0.000330488 step=stateful RMSProp step applied
      unit 57/65 rc=3 chunks=9 trained_queries=446227 mean_loss=2.225284 lr=0.000325962 step=stateful RMSProp step applied
      unit 58/65 rc=4 chunks=9 trained_queries=441016 mean_loss=2.229446 lr=0.000321464 step=stateful RMSProp step applied
      unit 59/65 rc=5 chunks=12 trained_queries=560432 mean_loss=2.235840 lr=0.000316993 step=stateful RMSProp step applied
      unit 60/65 rc=48 chunks=5 trained_queries=245528 mean_loss=2.231778 lr=0.000312549 step=stateful RMSProp step applied
      unit 61/65 rc=164 chunks=2 trained_queries=71112 mean_loss=2.222969 lr=0.000308133 step=stateful RMSProp step applied
      unit 62/65 rc=28 chunks=4 trained_queries=154732 mean_loss=2.222541 lr=0.000303746 step=stateful RMSProp step applied
      unit 63/65 rc=9576 chunks=1 trained_queries=5479 mean_loss=2.200284 lr=0.000299386 step=stateful RMSProp step applied
      unit 64/65 rc=44 chunks=4 trained_queries=173110 mean_loss=2.232222 lr=0.000295054 step=stateful RMSProp step applied
      unit 65/65 rc=13 chunks=1 trained_queries=3774 mean_loss=2.138940 lr=0.00029075 step=stateful RMSProp step applied
    stage-epoch 8 summary trained_queries=9313932 mean_loss=2.233039
    stage-epoch 9/10
      unit 1/65 rc=17 chunks=5 trained_queries=248592 mean_loss=2.197299 lr=0.000286474 step=stateful RMSProp step applied
      unit 2/65 rc=6 chunks=26 trained_queries=1265321 mean_loss=2.234485 lr=0.000282227 step=stateful RMSProp step applied
      unit 3/65 rc=588 chunks=1 trained_queries=19135 mean_loss=2.247121 lr=0.000278009 step=stateful RMSProp step applied
      unit 4/65 rc=987290 chunks=1 trained_queries=16 mean_loss=1.126122 lr=0.000273818 step=stateful RMSProp step applied
      unit 5/65 rc=109979 chunks=1 trained_queries=41 mean_loss=1.690580 lr=0.000269657 step=stateful RMSProp step applied
      unit 6/65 rc=378 chunks=2 trained_queries=57603 mean_loss=2.266116 lr=0.000265524 step=stateful RMSProp step applied
      unit 7/65 rc=54 chunks=4 trained_queries=153896 mean_loss=2.225177 lr=0.00026142 step=stateful RMSProp step applied
      unit 8/65 rc=2061 chunks=1 trained_queries=20361 mean_loss=2.272297 lr=0.000257345 step=stateful RMSProp step applied
      unit 9/65 rc=74 chunks=1 trained_queries=37121 mean_loss=2.213566 lr=0.000253299 step=stateful RMSProp step applied
      unit 10/65 rc=849363 chunks=1 trained_queries=16 mean_loss=0.733400 lr=0.000249282 step=stateful RMSProp step applied
      unit 11/65 rc=16 chunks=2 trained_queries=79335 mean_loss=2.159753 lr=0.000245295 step=stateful RMSProp step applied
      unit 12/65 rc=547 chunks=1 trained_queries=31681 mean_loss=2.175989 lr=0.000241336 step=stateful RMSProp step applied
      unit 13/65 rc=213 chunks=1 trained_queries=16802 mean_loss=2.216367 lr=0.000237408 step=stateful RMSProp step applied
      unit 14/65 rc=78 chunks=2 trained_queries=60358 mean_loss=2.202471 lr=0.000233508 step=stateful RMSProp step applied
      unit 15/65 rc=18 chunks=1 trained_queries=20515 mean_loss=2.183180 lr=0.000229638 step=stateful RMSProp step applied
      unit 16/65 rc=7 chunks=1 trained_queries=24039 mean_loss=2.142665 lr=0.000225798 step=stateful RMSProp step applied
      unit 17/65 rc=6212 chunks=1 trained_queries=13927 mean_loss=2.163078 lr=0.000221988 step=stateful RMSProp step applied
      unit 18/65 rc=3055 chunks=1 trained_queries=39049 mean_loss=2.128287 lr=0.000218207 step=stateful RMSProp step applied
      unit 19/65 rc=1 chunks=1 trained_queries=12371 mean_loss=2.176965 lr=0.000214456 step=stateful RMSProp step applied
      unit 20/65 rc=14727 chunks=1 trained_queries=14425 mean_loss=2.171655 lr=0.000210736 step=stateful RMSProp step applied
      unit 21/65 rc=2977 chunks=1 trained_queries=22209 mean_loss=2.194294 lr=0.000207045 step=stateful RMSProp step applied
      unit 22/65 rc=497 chunks=2 trained_queries=85392 mean_loss=2.167192 lr=0.000203385 step=stateful RMSProp step applied
      unit 23/65 rc=14349 chunks=1 trained_queries=2388 mean_loss=2.274750 lr=0.000199755 step=stateful RMSProp step applied
      unit 24/65 rc=61678 chunks=1 trained_queries=6910 mean_loss=2.148541 lr=0.000196156 step=stateful RMSProp step applied
      unit 25/65 rc=416 chunks=1 trained_queries=27536 mean_loss=2.132594 lr=0.000192586 step=stateful RMSProp step applied
      unit 26/65 rc=308 chunks=1 trained_queries=20922 mean_loss=2.166647 lr=0.000189048 step=stateful RMSProp step applied
      unit 27/65 rc=522 chunks=1 trained_queries=33835 mean_loss=2.123972 lr=0.00018554 step=stateful RMSProp step applied
      unit 28/65 rc=611 chunks=1 trained_queries=41580 mean_loss=2.168114 lr=0.000182063 step=stateful RMSProp step applied
      unit 29/65 rc=7882 chunks=1 trained_queries=11281 mean_loss=2.148480 lr=0.000178616 step=stateful RMSProp step applied
      unit 30/65 rc=96207 chunks=1 trained_queries=368 mean_loss=2.106849 lr=0.000175201 step=stateful RMSProp step applied
      unit 31/65 rc=226 chunks=1 trained_queries=33586 mean_loss=2.147792 lr=0.000171816 step=stateful RMSProp step applied
      unit 32/65 rc=85 chunks=1 trained_queries=34526 mean_loss=2.171075 lr=0.000168462 step=stateful RMSProp step applied
      unit 33/65 rc=2669 chunks=2 trained_queries=56078 mean_loss=2.185368 lr=0.00016514 step=stateful RMSProp step applied
      unit 34/65 rc=3061 chunks=1 trained_queries=19413 mean_loss=2.135283 lr=0.000161848 step=stateful RMSProp step applied
      unit 35/65 rc=1714 chunks=1 trained_queries=5304 mean_loss=2.143573 lr=0.000158588 step=stateful RMSProp step applied
      unit 36/65 rc=367 chunks=1 trained_queries=26869 mean_loss=2.174453 lr=0.00015536 step=stateful RMSProp step applied
      unit 37/65 rc=435397 chunks=1 trained_queries=944 mean_loss=2.022517 lr=0.000152162 step=stateful RMSProp step applied
      unit 38/65 rc=141 chunks=1 trained_queries=13312 mean_loss=2.155525 lr=0.000148996 step=stateful RMSProp step applied
      unit 39/65 rc=253455 chunks=1 trained_queries=1500 mean_loss=2.047270 lr=0.000145862 step=stateful RMSProp step applied
      unit 40/65 rc=41 chunks=10 trained_queries=499901 mean_loss=2.239115 lr=0.000142759 step=stateful RMSProp step applied
      unit 41/65 rc=560 chunks=3 trained_queries=103409 mean_loss=2.238213 lr=0.000139688 step=stateful RMSProp step applied
      unit 42/65 rc=36 chunks=3 trained_queries=142219 mean_loss=2.219994 lr=0.000136649 step=stateful RMSProp step applied
      unit 43/65 rc=39 chunks=6 trained_queries=280413 mean_loss=2.233961 lr=0.000133642 step=stateful RMSProp step applied
      unit 44/65 rc=14 chunks=17 trained_queries=823962 mean_loss=2.227363 lr=0.000130666 step=stateful RMSProp step applied
      unit 45/65 rc=21 chunks=3 trained_queries=141231 mean_loss=2.248228 lr=0.000127723 step=stateful RMSProp step applied
      unit 46/65 rc=541 chunks=3 trained_queries=126165 mean_loss=2.225377 lr=0.000124812 step=stateful RMSProp step applied
      unit 47/65 rc=51 chunks=9 trained_queries=429039 mean_loss=2.235526 lr=0.000121933 step=stateful RMSProp step applied
      unit 48/65 rc=2 chunks=9 trained_queries=408105 mean_loss=2.236621 lr=0.000119085 step=stateful RMSProp step applied
      unit 49/65 rc=1057 chunks=1 trained_queries=6093 mean_loss=2.157857 lr=0.000116271 step=stateful RMSProp step applied
      unit 50/65 rc=73 chunks=2 trained_queries=66629 mean_loss=2.225498 lr=0.000113488 step=stateful RMSProp step applied
      unit 51/65 rc=79 chunks=7 trained_queries=308363 mean_loss=2.226061 lr=0.000110738 step=stateful RMSProp step applied
      unit 52/65 rc=63 chunks=4 trained_queries=199126 mean_loss=2.223396 lr=0.00010802 step=stateful RMSProp step applied
      unit 53/65 rc=15 chunks=9 trained_queries=433526 mean_loss=2.230999 lr=0.000105335 step=stateful RMSProp step applied
      unit 54/65 rc=22 chunks=12 trained_queries=579173 mean_loss=2.229664 lr=0.000102683 step=stateful RMSProp step applied
      unit 55/65 rc=32 chunks=3 trained_queries=101120 mean_loss=2.216251 lr=0.000100063 step=stateful RMSProp step applied
      unit 56/65 rc=8258 chunks=1 trained_queries=5491 mean_loss=2.159780 lr=9.74757e-05 step=stateful RMSProp step applied
      unit 57/65 rc=3 chunks=9 trained_queries=446227 mean_loss=2.221581 lr=9.49212e-05 step=stateful RMSProp step applied
      unit 58/65 rc=4 chunks=9 trained_queries=441016 mean_loss=2.226050 lr=9.23995e-05 step=stateful RMSProp step applied
      unit 59/65 rc=5 chunks=12 trained_queries=560432 mean_loss=2.232854 lr=8.99108e-05 step=stateful RMSProp step applied
      unit 60/65 rc=48 chunks=5 trained_queries=245528 mean_loss=2.228689 lr=8.74549e-05 step=stateful RMSProp step applied
      unit 61/65 rc=164 chunks=2 trained_queries=71112 mean_loss=2.219811 lr=8.50322e-05 step=stateful RMSProp step applied
      unit 62/65 rc=28 chunks=4 trained_queries=154732 mean_loss=2.220156 lr=8.26424e-05 step=stateful RMSProp step applied
      unit 63/65 rc=9576 chunks=1 trained_queries=5479 mean_loss=2.198099 lr=8.02859e-05 step=stateful RMSProp step applied
      unit 64/65 rc=44 chunks=4 trained_queries=173110 mean_loss=2.229181 lr=7.79624e-05 step=stateful RMSProp step applied
      unit 65/65 rc=13 chunks=1 trained_queries=3774 mean_loss=2.130696 lr=7.56722e-05 step=stateful RMSProp step applied
    stage-epoch 9 summary trained_queries=9313932 mean_loss=2.224469
    stage-epoch 10/10
      unit 1/65 rc=17 chunks=5 trained_queries=248592 mean_loss=2.190460 lr=7.34153e-05 step=stateful RMSProp step applied
      unit 2/65 rc=6 chunks=26 trained_queries=1265321 mean_loss=2.232715 lr=7.11915e-05 step=stateful RMSProp step applied
      unit 3/65 rc=588 chunks=1 trained_queries=19135 mean_loss=2.241150 lr=6.90013e-05 step=stateful RMSProp step applied
      unit 4/65 rc=987290 chunks=1 trained_queries=16 mean_loss=1.053585 lr=6.68444e-05 step=stateful RMSProp step applied
      unit 5/65 rc=109979 chunks=1 trained_queries=41 mean_loss=1.627153 lr=6.4721e-05 step=stateful RMSProp step applied
      unit 6/65 rc=378 chunks=2 trained_queries=57603 mean_loss=2.256966 lr=6.26312e-05 step=stateful RMSProp step applied
      unit 7/65 rc=54 chunks=4 trained_queries=153896 mean_loss=2.215922 lr=6.0575e-05 step=stateful RMSProp step applied
      unit 8/65 rc=2061 chunks=1 trained_queries=20361 mean_loss=2.264549 lr=5.85524e-05 step=stateful RMSProp step applied
      unit 9/65 rc=74 chunks=1 trained_queries=37121 mean_loss=2.201821 lr=5.65634e-05 step=stateful RMSProp step applied
      unit 10/65 rc=849363 chunks=1 trained_queries=16 mean_loss=0.676918 lr=5.46082e-05 step=stateful RMSProp step applied
      unit 11/65 rc=16 chunks=2 trained_queries=79335 mean_loss=2.151721 lr=5.26867e-05 step=stateful RMSProp step applied
      unit 12/65 rc=547 chunks=1 trained_queries=31681 mean_loss=2.169670 lr=5.07989e-05 step=stateful RMSProp step applied
      unit 13/65 rc=213 chunks=1 trained_queries=16802 mean_loss=2.207335 lr=4.89451e-05 step=stateful RMSProp step applied
      unit 14/65 rc=78 chunks=2 trained_queries=60358 mean_loss=2.192834 lr=4.71252e-05 step=stateful RMSProp step applied
      unit 15/65 rc=18 chunks=1 trained_queries=20515 mean_loss=2.175274 lr=4.53392e-05 step=stateful RMSProp step applied
      unit 16/65 rc=7 chunks=1 trained_queries=24039 mean_loss=2.135237 lr=4.35872e-05 step=stateful RMSProp step applied
      unit 17/65 rc=6212 chunks=1 trained_queries=13927 mean_loss=2.155432 lr=4.18693e-05 step=stateful RMSProp step applied
      unit 18/65 rc=3055 chunks=1 trained_queries=39049 mean_loss=2.120206 lr=4.01854e-05 step=stateful RMSProp step applied
      unit 19/65 rc=1 chunks=1 trained_queries=12371 mean_loss=2.170019 lr=3.85356e-05 step=stateful RMSProp step applied
      unit 20/65 rc=14727 chunks=1 trained_queries=14425 mean_loss=2.165343 lr=3.69199e-05 step=stateful RMSProp step applied
      unit 21/65 rc=2977 chunks=1 trained_queries=22209 mean_loss=2.188588 lr=3.53384e-05 step=stateful RMSProp step applied
      unit 22/65 rc=497 chunks=2 trained_queries=85392 mean_loss=2.162603 lr=3.3791e-05 step=stateful RMSProp step applied
      unit 23/65 rc=14349 chunks=1 trained_queries=2388 mean_loss=2.269774 lr=3.2278e-05 step=stateful RMSProp step applied
      unit 24/65 rc=61678 chunks=1 trained_queries=6910 mean_loss=2.142487 lr=3.07993e-05 step=stateful RMSProp step applied
      unit 25/65 rc=416 chunks=1 trained_queries=27536 mean_loss=2.129345 lr=2.93549e-05 step=stateful RMSProp step applied
      unit 26/65 rc=308 chunks=1 trained_queries=20922 mean_loss=2.163299 lr=2.79448e-05 step=stateful RMSProp step applied
      unit 27/65 rc=522 chunks=1 trained_queries=33835 mean_loss=2.122177 lr=2.65692e-05 step=stateful RMSProp step applied
      unit 28/65 rc=611 chunks=1 trained_queries=41580 mean_loss=2.166391 lr=2.52279e-05 step=stateful RMSProp step applied
      unit 29/65 rc=7882 chunks=1 trained_queries=11281 mean_loss=2.146429 lr=2.3921e-05 step=stateful RMSProp step applied
      unit 30/65 rc=96207 chunks=1 trained_queries=368 mean_loss=2.095302 lr=2.26487e-05 step=stateful RMSProp step applied
      unit 31/65 rc=226 chunks=1 trained_queries=33586 mean_loss=2.146334 lr=2.14109e-05 step=stateful RMSProp step applied
      unit 32/65 rc=85 chunks=1 trained_queries=34526 mean_loss=2.168824 lr=2.02075e-05 step=stateful RMSProp step applied
      unit 33/65 rc=2669 chunks=2 trained_queries=56078 mean_loss=2.182358 lr=1.90389e-05 step=stateful RMSProp step applied
      unit 34/65 rc=3061 chunks=1 trained_queries=19413 mean_loss=2.135423 lr=1.79047e-05 step=stateful RMSProp step applied
      unit 35/65 rc=1714 chunks=1 trained_queries=5304 mean_loss=2.141167 lr=1.68053e-05 step=stateful RMSProp step applied
      unit 36/65 rc=367 chunks=1 trained_queries=26869 mean_loss=2.171395 lr=1.57404e-05 step=stateful RMSProp step applied
      unit 37/65 rc=435397 chunks=1 trained_queries=944 mean_loss=2.019540 lr=1.47102e-05 step=stateful RMSProp step applied
      unit 38/65 rc=141 chunks=1 trained_queries=13312 mean_loss=2.155564 lr=1.37148e-05 step=stateful RMSProp step applied
      unit 39/65 rc=253455 chunks=1 trained_queries=1500 mean_loss=2.047345 lr=1.2754e-05 step=stateful RMSProp step applied
      unit 40/65 rc=41 chunks=10 trained_queries=499901 mean_loss=2.232484 lr=1.18279e-05 step=stateful RMSProp step applied
      unit 41/65 rc=560 chunks=3 trained_queries=103409 mean_loss=2.231634 lr=1.09367e-05 step=stateful RMSProp step applied
      unit 42/65 rc=36 chunks=3 trained_queries=142219 mean_loss=2.214422 lr=1.00802e-05 step=stateful RMSProp step applied
      unit 43/65 rc=39 chunks=6 trained_queries=280413 mean_loss=2.229231 lr=9.25854e-06 step=stateful RMSProp step applied
      unit 44/65 rc=14 chunks=17 trained_queries=823962 mean_loss=2.223148 lr=8.47167e-06 step=stateful RMSProp step applied
      unit 45/65 rc=21 chunks=3 trained_queries=141231 mean_loss=2.244302 lr=7.71967e-06 step=stateful RMSProp step applied
      unit 46/65 rc=541 chunks=3 trained_queries=126165 mean_loss=2.221806 lr=7.00253e-06 step=stateful RMSProp step applied
      unit 47/65 rc=51 chunks=9 trained_queries=429039 mean_loss=2.232629 lr=6.32027e-06 step=stateful RMSProp step applied
      unit 48/65 rc=2 chunks=9 trained_queries=408105 mean_loss=2.234321 lr=5.67287e-06 step=stateful RMSProp step applied
      unit 49/65 rc=1057 chunks=1 trained_queries=6093 mean_loss=2.154960 lr=5.06043e-06 step=stateful RMSProp step applied
      unit 50/65 rc=73 chunks=2 trained_queries=66629 mean_loss=2.222914 lr=4.48287e-06 step=stateful RMSProp step applied
      unit 51/65 rc=79 chunks=7 trained_queries=308363 mean_loss=2.224374 lr=3.94025e-06 step=stateful RMSProp step applied
      unit 52/65 rc=63 chunks=4 trained_queries=199126 mean_loss=2.221992 lr=3.4326e-06 step=stateful RMSProp step applied
      unit 53/65 rc=15 chunks=9 trained_queries=433526 mean_loss=2.229978 lr=2.95991e-06 step=stateful RMSProp step applied
      unit 54/65 rc=22 chunks=12 trained_queries=579173 mean_loss=2.228656 lr=2.52217e-06 step=stateful RMSProp step applied
      unit 55/65 rc=32 chunks=3 trained_queries=101120 mean_loss=2.215458 lr=2.11939e-06 step=stateful RMSProp step applied
      unit 56/65 rc=8258 chunks=1 trained_queries=5491 mean_loss=2.157958 lr=1.75166e-06 step=stateful RMSProp step applied
      unit 57/65 rc=3 chunks=9 trained_queries=446227 mean_loss=2.221295 lr=1.41889e-06 step=stateful RMSProp step applied
      unit 58/65 rc=4 chunks=9 trained_queries=441016 mean_loss=2.226040 lr=1.12116e-06 step=stateful RMSProp step applied
      unit 59/65 rc=5 chunks=12 trained_queries=560432 mean_loss=2.233009 lr=8.58396e-07 step=stateful RMSProp step applied
      unit 60/65 rc=48 chunks=5 trained_queries=245528 mean_loss=2.229322 lr=6.30677e-07 step=stateful RMSProp step applied
      unit 61/65 rc=164 chunks=2 trained_queries=71112 mean_loss=2.219834 lr=4.38005e-07 step=stateful RMSProp step applied
      unit 62/65 rc=28 chunks=4 trained_queries=154732 mean_loss=2.220547 lr=2.80291e-07 step=stateful RMSProp step applied
      unit 63/65 rc=9576 chunks=1 trained_queries=5479 mean_loss=2.198590 lr=1.57714e-07 step=stateful RMSProp step applied
      unit 64/65 rc=44 chunks=4 trained_queries=173110 mean_loss=2.229926 lr=7.00951e-08 step=stateful RMSProp step applied
      unit 65/65 rc=13 chunks=1 trained_queries=3774 mean_loss=2.130609 lr=1.75238e-08 step=stateful RMSProp step applied
    stage-epoch 10 summary trained_queries=9313932 mean_loss=2.221788
  train-growth-stage-timing: plan=0.207s setup=0.413s train=62.388s copy_back=0.001s cleanup=0.027s total=63.035s
  growth-stage-timing 1/1: ingest=2.996s materialize=0.000s train_stage=63.036s free_radix=0.000s total=66.032s
  train-growth: saved final weights to rnd/shake-small-baseline/20260526T030907-d64l2-d16-10ep/checkpoint.model
  train-growth: completed stages=1 optimizer_steps=650
