AGPT CUDA Training Engine
  Model: d=64 heads=4 layers=2 ff=256 vocab=65 seq=128 head_dim=16
  Loaded 108481 weight floats (423.8 KB)
  No optimizer state in checkpoint; starting cold
Loading radix trie from /tmp/shake_baseline_d16_radix...
  Radix trie: 1607928 nodes, 9313896 total edge chars, 17 endpoint depths
  Radix loaded: 2697118 counts entries, 12276596 ancestor char entries
  d_split: 1062377/1607928 nodes have a mass=1 ancestor (mean depth 9.21)
  lr-schedule: warmup-cosine (peak=0.003, warmup_epochs=1)
  optimizer: rmsprop (lr=0.003)
  curriculum: flat (d=max each epoch)
  max edge_len: 16, max ancestor chars: 15, max KV per node: 31, max endpoint depth: 16
  mass=1 compaction: 8275783 / 9313896 chars are mass=1 (88.9%); cache holds 1038113 positions
  loop points: 18684 (mass>1 leaves; 3.4% of 545550 mass>1 nodes)
  KV cache: 531.5 MB unified memory (bf16 compact)
  GPU memory: 2851.3 MB used, 5335.5 MB free, 8186.8 MB total
  65 root-child subtrees: sizes min=1 max=246583 avg=24737.3 (total=1607927 radix nodes)
Epoch 1: loss=0.061774  (6.37 sec, 65 subtrees, 225 chunks, 9313896 nodes)
  residual top-10 (subtree_mass × max(avg_loss − 0.062, 0)):
    rc   rootID   mass      avg_loss     score 
    1    50944    1479765   0.0828       31080.4
    0    1        297533    0.1027       12172.9
    43   660187   735168    0.0684       4844.5
    6    309644   167551    0.0706       1486.1
    8    341198   57485     0.0868       1440.1
    44   798168   118584    0.0725       1274.6
    40   574911   82726     0.0709       758.4 
    10   349444   84126     0.0681       533.1 
    5    300532   44208     0.0732       506.8 
    13   372685   55068     0.0700       451.5 
    top-10: 36.3% of mass, 94.5% of excess-loss
Epoch 2: loss=0.064099  (6.14 sec, 65 subtrees, 225 chunks, 9313896 nodes)
  residual top-10 (subtree_mass × max(avg_loss − 0.064, 0)):
    rc   rootID   mass      avg_loss     score 
    1    50944    1479765   0.1180       79733.6
    6    309644   167551    0.0827       3123.4
    8    341198   57485     0.0945       1746.7
    5    300532   44208     0.0897       1133.3
    10   349444   84126     0.0751       921.7 
    13   372685   55068     0.0745       570.3 
    2    297527   13758     0.1048       559.4 
    17   395702   37639     0.0746       395.7 
    12   369639   16107     0.0867       364.5 
    15   387980   25230     0.0760       301.2 
    top-10: 23.0% of mass, 98.0% of excess-loss
Epoch 3: loss=0.057567  (5.98 sec, 65 subtrees, 225 chunks, 9313896 nodes)
  residual top-10 (subtree_mass × max(avg_loss − 0.058, 0)):
    rc   rootID   mass      avg_loss     score 
    1    50944    1479765   0.0750       25747.6
    6    309644   167551    0.0822       4128.4
    8    341198   57485     0.0884       1774.9
    10   349444   84126     0.0739       1370.3
    5    300532   44208     0.0838       1159.3
    21   413181   87608     0.0664       772.9 
    13   372685   55068     0.0715       769.7 
    17   395702   37639     0.0716       527.1 
    2    297527   13758     0.0945       507.5 
    15   387980   25230     0.0728       383.7 
    top-10: 23.9% of mass, 90.2% of excess-loss
Epoch 4: loss=0.050024  (5.97 sec, 65 subtrees, 225 chunks, 9313896 nodes)
  residual top-10 (subtree_mass × max(avg_loss − 0.050, 0)):
    rc   rootID   mass      avg_loss     score 
    1    50944    1479765   0.0543       6253.9
    6    309644   167551    0.0597       1626.3
    0    1        297533    0.0553       1563.8
    8    341198   57485     0.0646       837.3 
    5    300532   44208     0.0643       629.0 
    2    297527   13758     0.0704       280.2 
    13   372685   55068     0.0540       218.3 
    10   349444   84126     0.0526       218.2 
    17   395702   37639     0.0557       212.6 
    12   369639   16107     0.0605       169.3 
    top-10: 26.2% of mass, 88.7% of excess-loss
Epoch 5: loss=0.048002  (5.99 sec, 65 subtrees, 225 chunks, 9313896 nodes)
  residual top-10 (subtree_mass × max(avg_loss − 0.048, 0)):
    rc   rootID   mass      avg_loss     score 
    1    50944    1479765   0.0510       4419.1
    0    1        297533    0.0525       1349.0
    8    341198   57485     0.0595       663.3 
    6    309644   167551    0.0514       567.6 
    5    300532   44208     0.0523       188.2 
    17   395702   37639     0.0528       180.1 
    13   372685   55068     0.0509       161.4 
    12   369639   16107     0.0570       145.1 
    15   387980   25230     0.0532       131.3 
    30   457660   31233     0.0522       130.9 
    top-10: 25.7% of mass, 85.1% of excess-loss
Epoch 6: loss=0.046490  (5.99 sec, 65 subtrees, 225 chunks, 9313896 nodes)
  residual top-10 (subtree_mass × max(avg_loss − 0.046, 0)):
    rc   rootID   mass      avg_loss     score 
    1    50944    1479765   0.0487       3255.0
    0    1        297533    0.0508       1296.8
    8    341198   57485     0.0566       580.8 
    6    309644   167551    0.0479       229.8 
    17   395702   37639     0.0505       151.8 
    12   369639   16107     0.0546       130.6 
    13   372685   55068     0.0488       129.3 
    30   457660   31233     0.0504       122.9 
    15   387980   25230     0.0512       117.7 
    33   480616   21503     0.0512       102.3 
    top-10: 25.5% of mass, 84.0% of excess-loss
Epoch 7: loss=0.045590  (5.97 sec, 65 subtrees, 225 chunks, 9313896 nodes)
  residual top-10 (subtree_mass × max(avg_loss − 0.046, 0)):
    rc   rootID   mass      avg_loss     score 
    1    50944    1479765   0.0474       2669.4
    0    1        297533    0.0495       1167.7
    8    341198   57485     0.0550       540.2 
    6    309644   167551    0.0465       148.7 
    17   395702   37639     0.0494       142.2 
    12   369639   16107     0.0533       124.3 
    30   457660   31233     0.0495       120.6 
    13   372685   55068     0.0478       119.7 
    15   387980   25230     0.0500       112.2 
    33   480616   21503     0.0503       100.6 
    top-10: 25.5% of mass, 82.6% of excess-loss
Epoch 8: loss=0.044996  (5.99 sec, 65 subtrees, 225 chunks, 9313896 nodes)
  residual top-10 (subtree_mass × max(avg_loss − 0.045, 0)):
    rc   rootID   mass      avg_loss     score 
    1    50944    1479765   0.0462       1846.2
    0    1        297533    0.0487       1092.2
    8    341198   57485     0.0539       512.1 
    17   395702   37639     0.0486       135.8 
    12   369639   16107     0.0525       121.0 
    30   457660   31233     0.0488       120.0 
    13   372685   55068     0.0470       111.6 
    15   387980   25230     0.0493       108.4 
    33   480616   21503     0.0497       101.1 
    27   447521   35333     0.0475       89.6  
    top-10: 23.9% of mass, 81.4% of excess-loss
Epoch 9: loss=0.044748  (5.97 sec, 65 subtrees, 225 chunks, 9313896 nodes)
  residual top-10 (subtree_mass × max(avg_loss − 0.045, 0)):
    rc   rootID   mass      avg_loss     score 
    1    50944    1479765   0.0457       1481.7
    0    1        297533    0.0482       1012.6
    8    341198   57485     0.0534       498.9 
    17   395702   37639     0.0483       132.1 
    30   457660   31233     0.0485       118.0 
    12   369639   16107     0.0520       117.5 
    13   372685   55068     0.0467       108.5 
    15   387980   25230     0.0490       106.3 
    33   480616   21503     0.0494       101.1 
    27   447521   35333     0.0473       89.6  
    top-10: 23.9% of mass, 80.0% of excess-loss
Epoch 10: loss=0.044675  (6.00 sec, 65 subtrees, 225 chunks, 9313896 nodes)
  residual top-10 (subtree_mass × max(avg_loss − 0.045, 0)):
    rc   rootID   mass      avg_loss     score 
    1    50944    1479765   0.0456       1310.4
    0    1        297533    0.0479       963.1 
    8    341198   57485     0.0533       496.3 
    17   395702   37639     0.0482       130.8 
    30   457660   31233     0.0484       117.8 
    12   369639   16107     0.0519       116.8 
    13   372685   55068     0.0466       108.4 
    15   387980   25230     0.0489       106.3 
    33   480616   21503     0.0494       102.2 
    27   447521   35333     0.0473       91.6  
    top-10: 23.9% of mass, 79.0% of excess-loss
Saved to rnd/depth-weight/matrix/branching-log_weight_s3/run.model
Done.
  Appended optimizer state to rnd/depth-weight/matrix/branching-log_weight_s3/run.model (adam_t=650)
