AGPT CUDA Training Engine
  Model: d=64 heads=4 layers=2 ff=256 vocab=65 seq=128 head_dim=16
  Loaded 108481 weight floats (423.8 KB)
  No optimizer state in checkpoint; starting cold
Loading radix trie from /tmp/gutenberg_5m_baseline_d16_radix...
  Radix trie: 7073694 nodes, 34623339 total edge chars, 17 endpoint depths
  Radix loaded: 11884367 counts entries, 63118178 ancestor char entries
  d_split: 4570307/7073694 nodes have a mass=1 ancestor (mean depth 10.48)
  lr-schedule: warmup-cosine (peak=0.003, warmup_epochs=1)
  optimizer: rmsprop (lr=0.003)
  curriculum: flat (d=max each epoch)
  max edge_len: 15, max ancestor chars: 15, max KV per node: 30, max endpoint depth: 16
  mass=1 compaction: 29783005 / 34623339 chars are mass=1 (86.0%); cache holds 4840334 positions
  loop points: 160826 (mass>1 leaves; 6.4% of 2503386 mass>1 nodes)
  KV cache: 2478.3 MB unified memory (bf16 compact)
  GPU memory: 3105.0 MB used, 5081.8 MB free, 8186.8 MB total
  65 root-child subtrees: sizes min=3 max=1116592 avg=108826.0 (total=7073693 radix nodes)
Epoch 1: loss=3.589040  (21.71 sec, 65 subtrees, 730 chunks, 34623339 nodes)
  residual top-10 (subtree_mass × max(avg_loss − 3.589, 0)):
    rc   rootID   mass      avg_loss     score 
    1    138709   8244278   4.4396       7012584.5
    43   2546378  4367096   4.9451       5922246.3
    0    1        824077    5.1728       1305148.4
    40   2098840  473230    5.3738       844610.2
    41   2178351  766679    4.5199       713708.9
    42   2302712  1539203   4.0427       698253.0
    44   3229301  724285    4.2963       512287.0
    5    1263676  342947    3.8699       96335.2
    45   3347168  678815    3.6912       69337.0
    2    1255301  46307     4.0222       20059.0
    top-10: 39.5% of mass, 100.0% of excess-loss
Epoch 2: loss=2.581523  (21.53 sec, 65 subtrees, 730 chunks, 34623339 nodes)
  residual top-10 (subtree_mass × max(avg_loss − 2.582, 0)):
    rc   rootID   mass      avg_loss     score 
    58   6141841  3228512   2.9714       1258786.8
    59   6621526  905338    3.2663       619933.5
    61   6828350  809921    2.7766       157998.6
    57   5794595  2162522   2.6298       104412.0
    54   5381749  526964    2.7750       101967.0
    1    138709   8244278   2.5932       96434.4
    60   6774952  316779    2.8686       90951.5
    5    1263676  342947    2.7725       65497.0
    63   6960510  648078    2.6510       45039.4
    44   3229301  724285    2.6235       30404.1
    top-10: 39.3% of mass, 97.1% of excess-loss
Epoch 3: loss=2.416733  (21.51 sec, 65 subtrees, 730 chunks, 34623339 nodes)
  residual top-10 (subtree_mass × max(avg_loss − 2.417, 0)):
    rc   rootID   mass      avg_loss     score 
    1    138709   8244278   2.5303       935900.4
    0    1        824077    2.5711       127244.8
    39   1660971  2741100   2.4431       72175.1
    6    1317879  754528    2.5123       72130.9
    5    1263676  342947    2.6017       63419.1
    8    1439897  392288    2.4976       31738.8
    17   1549239  26766     2.8648       11992.7
    2    1255301  46307     2.6492       10766.4
    32   1636047  78207     2.5511       10508.9
    21   1567603  178953    2.4733       10115.3
    top-10: 29.9% of mass, 93.8% of excess-loss
Epoch 4: loss=2.338326  (21.51 sec, 65 subtrees, 730 chunks, 34623339 nodes)
  residual top-10 (subtree_mass × max(avg_loss − 2.338, 0)):
    rc   rootID   mass      avg_loss     score 
    59   6621526  905338    2.6406       273679.0
    58   6141841  3228512   2.3887       162735.9
    5    1263676  342947    2.4597       41617.0
    44   3229301  724285    2.3891       36809.4
    54   5381749  526964    2.3964       30586.6
    1    138709   8244278   2.3419       29800.4
    6    1317879  754528    2.3656       20592.1
    8    1439897  392288    2.3850       18327.2
    60   6774952  316779    2.3788       12813.1
    17   1549239  26766     2.8141       12735.8
    top-10: 33.9% of mass, 87.1% of excess-loss
Epoch 5: loss=2.290862  (21.50 sec, 65 subtrees, 730 chunks, 34623339 nodes)
  residual top-10 (subtree_mass × max(avg_loss − 2.291, 0)):
    rc   rootID   mass      avg_loss     score 
    59   6621526  905338    2.5409       226409.6
    58   6141841  3228512   2.3563       211403.4
    1    138709   8244278   2.3010       83331.9
    5    1263676  342947    2.3949       35696.4
    54   5381749  526964    2.3468       29492.2
    6    1317879  754528    2.3275       27628.7
    8    1439897  392288    2.3409       19636.3
    17   1549239  26766     2.7554       12432.8
    44   3229301  724285    2.3075       12019.9
    32   1636047  78207     2.4101       9326.1
    top-10: 33.4% of mass, 87.3% of excess-loss
Epoch 6: loss=2.233089  (21.49 sec, 65 subtrees, 730 chunks, 34623339 nodes)
  residual top-10 (subtree_mass × max(avg_loss − 2.233, 0)):
    rc   rootID   mass      avg_loss     score 
    1    138709   8244278   2.2611       230968.1
    6    1317879  754528    2.2818       36734.5
    5    1263676  342947    2.3270       32194.0
    8    1439897  392288    2.3028       27354.3
    39   1660971  2741100   2.2418       23747.6
    17   1549239  26766     2.7065       12672.6
    44   3229301  724285    2.2495       11888.4
    32   1636047  78207     2.3702       10722.2
    13   1520469  67330     2.3832       10107.8
    0    1        824077    2.2452       9998.1
    top-10: 31.1% of mass, 81.3% of excess-loss
Epoch 7: loss=2.198637  (21.51 sec, 65 subtrees, 730 chunks, 34623339 nodes)
  residual top-10 (subtree_mass × max(avg_loss − 2.199, 0)):
    rc   rootID   mass      avg_loss     score 
    1    138709   8244278   2.2117       107983.7
    6    1317879  754528    2.2363       28434.0
    5    1263676  342947    2.2775       27057.2
    8    1439897  392288    2.2618       24796.9
    17   1549239  26766     2.6523       12141.6
    47   3809957  2279927   2.2033       10652.9
    32   1636047  78207     2.3333       10530.8
    39   1660971  2741100   2.2024       10244.8
    13   1520469  67330     2.3425       9685.8
    59   6621526  905338    2.2081       8591.9
    top-10: 34.7% of mass, 73.6% of excess-loss
Epoch 8: loss=2.178358  (21.51 sec, 65 subtrees, 730 chunks, 34623339 nodes)
  residual top-10 (subtree_mass × max(avg_loss − 2.178, 0)):
    rc   rootID   mass      avg_loss     score 
    1    138709   8244278   2.1881       79977.7
    6    1317879  754528    2.2127       25913.3
    8    1439897  392288    2.2375       23189.3
    5    1263676  342947    2.2425       21997.5
    47   3809957  2279927   2.1851       15422.8
    17   1549239  26766     2.6274       12018.2
    32   1636047  78207     2.3167       10819.2
    13   1520469  67330     2.3199       9528.4
    39   1660971  2741100   2.1816       8889.6
    15   1539367  34390     2.3921       7351.5
    top-10: 32.8% of mass, 73.3% of excess-loss
Epoch 9: loss=2.168315  (21.51 sec, 65 subtrees, 730 chunks, 34623339 nodes)
  residual top-10 (subtree_mass × max(avg_loss − 2.168, 0)):
    rc   rootID   mass      avg_loss     score 
    1    138709   8244278   2.1732       40074.4
    6    1317879  754528    2.1986       22885.8
    8    1439897  392288    2.2233       21559.1
    5    1263676  342947    2.2220       18417.1
    47   3809957  2279927   2.1761       17787.8
    17   1549239  26766     2.6166       11998.3
    32   1636047  78207     2.3093       11026.9
    13   1520469  67330     2.3076       9379.7
    28   1618406  47896     2.3211       7315.9
    15   1539367  34390     2.3806       7301.7
    top-10: 26.9% of mass, 70.3% of excess-loss
Epoch 10: loss=2.165600  (21.50 sec, 65 subtrees, 730 chunks, 34623339 nodes)
  residual top-10 (subtree_mass × max(avg_loss − 2.166, 0)):
    rc   rootID   mass      avg_loss     score 
    6    1317879  754528    2.1944       21748.2
    8    1439897  392288    2.2185       20750.0
    1    138709   8244278   2.1679       19260.6
    47   3809957  2279927   2.1739       18952.9
    5    1263676  342947    2.2167       17519.8
    17   1549239  26766     2.6124       11958.2
    32   1636047  78207     2.3084       11164.5
    13   1520469  67330     2.3039       9312.5
    28   1618406  47896     2.3203       7407.3
    15   1539367  34390     2.3770       7271.2
    top-10: 26.9% of mass, 67.3% of excess-loss
Saved to rnd/per-fire-norm/raw-no-scale/gutenberg/seed3_off/run.model
Done.
  Appended optimizer state to rnd/per-fire-norm/raw-no-scale/gutenberg/seed3_off/run.model (adam_t=650)
