AGPT CUDA Training Engine
  Model: d=64 heads=4 layers=2 ff=256 vocab=65 seq=32 head_dim=16
  Loaded 108481 weight floats (423.8 KB)
  No optimizer state in checkpoint; starting cold
Loading radix trie from /tmp/shake_baseline_d16_radix...
  Radix trie: 1607928 nodes, 9313896 total edge chars, 17 endpoint depths
  Radix loaded: 2697118 counts entries, 12276596 ancestor char entries
  d_split: 1062377/1607928 nodes have a mass=1 ancestor (mean depth 9.21)
  lr-schedule: warmup-cosine (peak=0.003, warmup_epochs=1)
  optimizer: rmsprop (lr=0.003)
  entropy lambda: 1.000 (branching-endpoint icing enabled)
  mass weighting: log (head-of-edge count restores corpus-frequency exposure)
  curriculum: flat (d=max each epoch)
  max edge_len: 16, max ancestor chars: 15, max KV per node: 31, max endpoint depth: 16
  mass=1 compaction: 8275783 / 9313896 chars are mass=1 (88.9%); cache holds 1038113 positions
  loop points: 18684 (mass>1 leaves; 3.4% of 545550 mass>1 nodes)
  KV cache: 531.5 MB unified memory (bf16 compact)
  GPU memory: 2851.0 MB used, 5335.8 MB free, 8186.8 MB total
  65 root-child subtrees: sizes min=1 max=246583 avg=24737.3 (total=1607927 radix nodes)
Epoch 1: loss=3.575098  (6.26 sec, 65 subtrees, 225 chunks, 9313896 nodes)
  residual top-10 (subtree_mass × max(avg_loss − 3.575, 0)):
    rc   rootID   mass      avg_loss     score 
    1    50944    1479765   4.4491       1293283.2
    0    1        297533    5.1393       465396.9
    42   614321   234101    4.7694       279582.2
    41   591555   114034    5.7669       249940.8
    43   660187   735168    3.8196       179770.9
    40   574911   82726     5.2613       139489.4
    44   798168   118584    4.1005       62302.5
    54   1241689  76537     3.9253       26802.5
    6    309644   167551    3.7009       21084.0
    5    300532   44208     3.8690       12990.9
    top-10: 39.0% of mass, 98.7% of excess-loss
Epoch 2: loss=2.582607  (5.66 sec, 65 subtrees, 225 chunks, 9313896 nodes)
  residual top-10 (subtree_mass × max(avg_loss − 2.583, 0)):
    rc   rootID   mass      avg_loss     score 
    1    50944    1479765   2.6854       152053.9
    59   1500853  192300    3.1218       103679.0
    6    309644   167551    2.8763       49211.8
    0    1        297533    2.6710       26310.6
    5    300532   44208     3.1067       23171.1
    2    297527   13758     4.2428       22840.4
    8    341198   57485     2.9612       21763.4
    58   1402652  543420    2.6162       18229.3
    10   349444   84126     2.7434       13526.2
    44   798168   118584    2.6831       11914.4
    top-10: 34.9% of mass, 89.8% of excess-loss
Epoch 3: loss=2.412593  (5.64 sec, 65 subtrees, 225 chunks, 9313896 nodes)
  residual top-10 (subtree_mass × max(avg_loss − 2.413, 0)):
    rc   rootID   mass      avg_loss     score 
    1    50944    1479765   2.4524       58924.5
    59   1500853  192300    2.6985       54987.3
    6    309644   167551    2.5476       22621.7
    0    1        297533    2.4713       17467.4
    5    300532   44208     2.7255       13834.4
    10   349444   84126     2.5672       13003.1
    8    341198   57485     2.6298       12487.5
    2    297527   13758     3.0815       9203.4
    44   798168   118584    2.4779       7749.6
    39   493671   419607    2.4302       7404.0
    top-10: 33.4% of mass, 85.7% of excess-loss
Epoch 4: loss=2.340612  (5.63 sec, 65 subtrees, 225 chunks, 9313896 nodes)
  residual top-10 (subtree_mass × max(avg_loss − 2.341, 0)):
    rc   rootID   mass      avg_loss     score 
    59   1500853  192300    2.7503       78789.2
    6    309644   167551    2.4651       20865.0
    5    300532   44208     2.6264       12636.0
    54   1241689  76537     2.4960       11896.1
    10   349444   84126     2.4600       10042.2
    2    297527   13758     2.9481       8358.0
    8    341198   57485     2.4770       7840.0
    44   798168   118584    2.4038       7495.2
    60   1539801  58095     2.4565       6729.6
    0    1        297533    2.3572       4933.1
    top-10: 12.9% of mass, 87.2% of excess-loss
Epoch 5: loss=2.287816  (5.64 sec, 65 subtrees, 225 chunks, 9313896 nodes)
  residual top-10 (subtree_mass × max(avg_loss − 2.288, 0)):
    rc   rootID   mass      avg_loss     score 
    59   1500853  192300    2.8052       99492.5
    58   1402652  543420    2.3610       39767.6
    54   1241689  76537     2.6366       26693.0
    6    309644   167551    2.3754       14674.0
    5    300532   44208     2.5181       10180.7
    44   798168   118584    2.3601       8576.6
    60   1539801  58095     2.4168       7492.6
    2    297527   13758     2.6957       5612.1
    8    341198   57485     2.3728       4882.5
    0    1        297533    2.3008       3866.8
    top-10: 18.3% of mass, 95.3% of excess-loss
Epoch 6: loss=2.257846  (5.67 sec, 65 subtrees, 225 chunks, 9313896 nodes)
  residual top-10 (subtree_mass × max(avg_loss − 2.258, 0)):
    rc   rootID   mass      avg_loss     score 
    59   1500853  192300    3.0376       149953.5
    58   1402652  543420    2.3531       51781.3
    54   1241689  76537     2.5668       23645.3
    60   1539801  58095     2.5065       14444.4
    6    309644   167551    2.3403       13814.3
    44   798168   118584    2.3701       13309.5
    5    300532   44208     2.4689       9328.8
    61   1551260  134045    2.3064       6502.1
    8    341198   57485     2.3329       4313.0
    10   349444   84126     2.3079       4208.9
    top-10: 17.2% of mass, 96.3% of excess-loss
Epoch 7: loss=2.205803  (5.66 sec, 65 subtrees, 225 chunks, 9313896 nodes)
  residual top-10 (subtree_mass × max(avg_loss − 2.206, 0)):
    rc   rootID   mass      avg_loss     score 
    59   1500853  192300    2.8092       116039.6
    58   1402652  543420    2.2841       42529.8
    6    309644   167551    2.2890       13936.7
    44   798168   118584    2.2875       9684.8
    60   1539801  58095     2.3661       9310.4
    54   1241689  76537     2.3154       8387.1
    5    300532   44208     2.3955       8386.8
    0    1        297533    2.2309       7454.8
    61   1551260  134045    2.2534       6386.0
    8    341198   57485     2.3030       5589.7
    top-10: 19.7% of mass, 94.9% of excess-loss
Epoch 8: loss=2.169950  (5.67 sec, 65 subtrees, 225 chunks, 9313896 nodes)
  residual top-10 (subtree_mass × max(avg_loss − 2.170, 0)):
    rc   rootID   mass      avg_loss     score 
    59   1500853  192300    2.6635       94902.3
    58   1402652  543420    2.2257       30318.4
    6    309644   167551    2.2548       14224.7
    44   798168   118584    2.2751       12465.2
    10   349444   84126     2.3125       11988.8
    54   1241689  76537     2.2994       9910.4
    5    300532   44208     2.3675       8734.5
    60   1539801  58095     2.3135       8339.7
    0    1        297533    2.1916       6453.8
    8    341198   57485     2.2587       5100.6
    top-10: 19.1% of mass, 89.5% of excess-loss
Epoch 9: loss=2.183022  (5.67 sec, 65 subtrees, 225 chunks, 9313896 nodes)
  residual top-10 (subtree_mass × max(avg_loss − 2.183, 0)):
    rc   rootID   mass      avg_loss     score 
    59   1500853  192300    2.6465       89131.5
    54   1241689  76537     2.9457       58374.1
    56   1258453  358000    2.3324       53472.9
    58   1402652  543420    2.2610       42353.5
    44   798168   118584    2.4933       36791.7
    60   1539801  58095     2.2981       6684.1
    5    300532   44208     2.3267       6352.5
    6    309644   167551    2.2177       5803.6
    61   1551260  134045    2.2223       5271.7
    2    297527   13758     2.4961       4307.2
    top-10: 19.8% of mass, 97.1% of excess-loss
Epoch 10: loss=2.152436  (5.68 sec, 65 subtrees, 225 chunks, 9313896 nodes)
  residual top-10 (subtree_mass × max(avg_loss − 2.152, 0)):
    rc   rootID   mass      avg_loss     score 
    59   1500853  192300    3.1079       183743.4
    58   1402652  543420    2.3597       112646.6
    61   1551260  134045    2.2942       18999.0
    60   1539801  58095     2.4538       17507.0
    6    309644   167551    2.2091       9493.7
    63   1577668  160299    2.2066       8686.8
    5    300532   44208     2.2959       6341.9
    54   1241689  76537     2.2326       6135.6
    10   349444   84126     2.2018       4156.4
    12   369639   16107     2.3122       2574.0
    top-10: 17.2% of mass, 97.4% of excess-loss
Epoch 11: loss=2.097805  (5.83 sec, 65 subtrees, 225 chunks, 9313896 nodes)
  residual top-10 (subtree_mass × max(avg_loss − 2.098, 0)):
    rc   rootID   mass      avg_loss     score 
    1    50944    1479765   2.1419       65200.2
    59   1500853  192300    2.3617       50739.3
    0    1        297533    2.1667       20511.6
    6    309644   167551    2.2065       18214.0
    5    300532   44208     2.2832       8197.1
    10   349444   84126     2.1758       6561.7
    39   493671   419607    2.1130       6386.7
    8    341198   57485     2.1772       4566.3
    13   372685   55068     2.1714       4051.3
    44   798168   118584    2.1277       3543.2
    top-10: 33.9% of mass, 90.7% of excess-loss
Epoch 12: loss=2.069967  (5.87 sec, 65 subtrees, 225 chunks, 9313896 nodes)
  residual top-10 (subtree_mass × max(avg_loss − 2.070, 0)):
    rc   rootID   mass      avg_loss     score 
    59   1500853  192300    2.5030       83279.7
    58   1402652  543420    2.1175       25822.7
    54   1241689  76537     2.3519       21579.9
    6    309644   167551    2.1463       12788.4
    56   1258453  358000    2.1035       12009.9
    44   798168   118584    2.1476       9200.8
    5    300532   44208     2.2525       8070.2
    60   1539801  58095     2.1344       3744.0
    2    297527   13758     2.3242       3497.4
    8    341198   57485     2.1145       2561.6
    top-10: 19.0% of mass, 95.9% of excess-loss
Epoch 13: loss=2.043562  (5.63 sec, 65 subtrees, 225 chunks, 9313896 nodes)
  residual top-10 (subtree_mass × max(avg_loss − 2.044, 0)):
    rc   rootID   mass      avg_loss     score 
    59   1500853  192300    2.6059       108144.1
    58   1402652  543420    2.0848       22434.9
    60   1539801  58095     2.3234       16258.0
    54   1241689  76537     2.2459       15482.5
    6    309644   167551    2.1258       13777.7
    61   1551260  134045    2.1243       10829.0
    5    300532   44208     2.2243       7989.2
    44   798168   118584    2.0736       3559.1
    40   574911   82726     2.0823       3201.2
    2    297527   13758     2.2716       3136.9
    top-10: 16.6% of mass, 96.6% of excess-loss
Epoch 14: loss=2.027485  (5.62 sec, 65 subtrees, 225 chunks, 9313896 nodes)
  residual top-10 (subtree_mass × max(avg_loss − 2.027, 0)):
    rc   rootID   mass      avg_loss     score 
    59   1500853  192300    2.5626       102899.3
    60   1539801  58095     2.3766       20279.8
    58   1402652  543420    2.0633       19448.8
    54   1241689  76537     2.2057       13639.5
    6    309644   167551    2.1045       12906.5
    61   1551260  134045    2.0950       9049.4
    5    300532   44208     2.2039       7797.7
    44   798168   118584    2.0556       3334.1
    63   1577668  160299    2.0482       3324.7
    2    297527   13758     2.2590       3185.0
    top-10: 17.5% of mass, 94.7% of excess-loss
Epoch 15: loss=2.018410  (5.62 sec, 65 subtrees, 225 chunks, 9313896 nodes)
  residual top-10 (subtree_mass × max(avg_loss − 2.018, 0)):
    rc   rootID   mass      avg_loss     score 
    59   1500853  192300    2.4480       82615.8
    6    309644   167551    2.1704       25461.4
    54   1241689  76537     2.2063       14380.7
    5    300532   44208     2.3130       13023.7
    60   1539801  58095     2.1512       7715.3
    0    1        297533    2.0401       6442.3
    1    50944    1479765   2.0220       5313.8
    8    341198   57485     2.1076       5124.8
    61   1551260  134045    2.0533       4678.1
    44   798168   118584    2.0555       4399.3
    top-10: 30.5% of mass, 87.3% of excess-loss
Epoch 16: loss=1.986274  (5.62 sec, 65 subtrees, 225 chunks, 9313896 nodes)
  residual top-10 (subtree_mass × max(avg_loss − 1.986, 0)):
    rc   rootID   mass      avg_loss     score 
    59   1500853  192300    2.6965       136576.4
    60   1539801  58095     2.3298       19959.7
    61   1551260  134045    2.1206       18002.0
    6    309644   167551    2.0669       13506.7
    58   1402652  543420    2.0110       13440.8
    5    300532   44208     2.1649       7897.7
    63   1577668  160299    2.0281       6700.3
    54   1241689  76537     2.0269       3106.1
    40   574911   82726     2.0228       3019.9
    44   798168   118584    2.0116       3003.4
    top-10: 18.4% of mass, 96.8% of excess-loss
Epoch 17: loss=1.995164  (5.62 sec, 65 subtrees, 225 chunks, 9313896 nodes)
  residual top-10 (subtree_mass × max(avg_loss − 1.995, 0)):
    rc   rootID   mass      avg_loss     score 
    59   1500853  192300    2.8879       171670.6
    58   1402652  543420    2.1025       58347.1
    61   1551260  134045    2.1298       18043.8
    60   1539801  58095     2.3048       17991.1
    6    309644   167551    2.0679       12191.5
    5    300532   44208     2.1726       7845.6
    63   1577668  160299    2.0316       5843.7
    54   1241689  76537     2.0555       4617.5
    0    1        297533    2.0075       3656.2
    2    297527   13758     2.1663       2354.1
    top-10: 19.6% of mass, 98.4% of excess-loss
Epoch 18: loss=1.967204  (5.62 sec, 65 subtrees, 225 chunks, 9313896 nodes)
  residual top-10 (subtree_mass × max(avg_loss − 1.967, 0)):
    rc   rootID   mass      avg_loss     score 
    59   1500853  192300    2.4994       102346.5
    6    309644   167551    2.1569       31777.3
    5    300532   44208     2.2614       13004.2
    60   1539801  58095     2.1376       9900.1
    0    1        297533    1.9996       9628.8
    1    50944    1479765   1.9736       9418.2
    61   1551260  134045    2.0115       5942.0
    10   349444   84126     2.0212       4543.7
    58   1402652  543420    1.9749       4156.4
    54   1241689  76537     2.0144       3609.2
    top-10: 35.8% of mass, 91.2% of excess-loss
Epoch 19: loss=1.957767  (5.62 sec, 65 subtrees, 225 chunks, 9313896 nodes)
  residual top-10 (subtree_mass × max(avg_loss − 1.958, 0)):
    rc   rootID   mass      avg_loss     score 
    59   1500853  192300    2.8602       173545.1
    58   1402652  543420    2.0351       42002.5
    61   1551260  134045    2.1755       29191.1
    60   1539801  58095     2.4235       27054.0
    63   1577668  160299    2.0445       13900.3
    6    309644   167551    2.0230       10922.6
    5    300532   44208     2.1093       6699.5
    2    297527   13758     2.1064       2044.5
    44   798168   118584    1.9744       1977.4
    54   1241689  76537     1.9766       1440.8
    top-10: 17.5% of mass, 99.3% of excess-loss
Epoch 20: loss=1.924849  (5.62 sec, 65 subtrees, 225 chunks, 9313896 nodes)
  residual top-10 (subtree_mass × max(avg_loss − 1.925, 0)):
    rc   rootID   mass      avg_loss     score 
    1    50944    1479765   1.9690       65402.6
    59   1500853  192300    2.0881       31388.2
    0    1        297533    2.0011       22673.8
    6    309644   167551    2.0394       19195.2
    60   1539801  58095     2.0798       8999.2
    5    300532   44208     2.1158       8442.4
    44   798168   118584    1.9744       5881.1
    61   1551260  134045    1.9618       4951.4
    40   574911   82726     1.9593       2852.3
    2    297527   13758     2.0905       2279.4
    top-10: 30.1% of mass, 93.5% of excess-loss
Epoch 21: loss=1.914040  (5.62 sec, 65 subtrees, 225 chunks, 9313896 nodes)
  residual top-10 (subtree_mass × max(avg_loss − 1.914, 0)):
    rc   rootID   mass      avg_loss     score 
    59   1500853  192300    2.2722       68881.3
    6    309644   167551    2.0237       18365.4
    60   1539801  58095     2.1890       15972.3
    61   1551260  134045    2.0191       14078.5
    5    300532   44208     2.1246       9308.1
    44   798168   118584    1.9749       7213.8
    0    1        297533    1.9266       3735.5
    40   574911   82726     1.9545       3346.5
    63   1577668  160299    1.9335       3115.5
    2    297527   13758     2.1321       2999.8
    top-10: 14.8% of mass, 94.7% of excess-loss
Epoch 22: loss=1.905096  (5.63 sec, 65 subtrees, 225 chunks, 9313896 nodes)
  residual top-10 (subtree_mass × max(avg_loss − 1.905, 0)):
    rc   rootID   mass      avg_loss     score 
    59   1500853  192300    2.4405       102964.7
    61   1551260  134045    2.0207       15499.6
    6    309644   167551    1.9933       14782.2
    54   1241689  76537     2.0710       12701.5
    60   1539801  58095     2.1234       12679.6
    58   1402652  543420    1.9254       11022.1
    5    300532   44208     2.0986       8555.9
    63   1577668  160299    1.9296       3930.3
    44   798168   118584    1.9367       3753.0
    2    297527   13758     2.1159       2900.0
    top-10: 17.5% of mass, 96.5% of excess-loss
Epoch 23: loss=1.871122  (5.63 sec, 65 subtrees, 225 chunks, 9313896 nodes)
  residual top-10 (subtree_mass × max(avg_loss − 1.871, 0)):
    rc   rootID   mass      avg_loss     score 
    59   1500853  192300    2.0835       40839.8
    6    309644   167551    1.9668       16032.4
    1    50944    1479765   1.8816       15550.0
    0    1        297533    1.9019       9155.1
    5    300532   44208     2.0581       8267.1
    54   1241689  76537     1.9619       6944.6
    58   1402652  543420    1.8831       6492.5
    44   798168   118584    1.9088       4465.2
    40   574911   82726     1.9113       3325.1
    2    297527   13758     2.0309       2197.6
    top-10: 35.1% of mass, 92.6% of excess-loss
Epoch 24: loss=1.872814  (5.67 sec, 65 subtrees, 225 chunks, 9313896 nodes)
  residual top-10 (subtree_mass × max(avg_loss − 1.873, 0)):
    rc   rootID   mass      avg_loss     score 
    59   1500853  192300    2.4843       117597.0
    58   1402652  543420    1.9162       23569.4
    54   1241689  76537     2.0798       15841.8
    60   1539801  58095     2.1320       15056.8
    6    309644   167551    1.9540       13601.2
    61   1551260  134045    1.9376       8688.5
    5    300532   44208     2.0482       7754.6
    44   798168   118584    1.9034       3632.1
    2    297527   13758     2.0504       2443.1
    63   1577668  160299    1.8871       2292.6
    top-10: 17.5% of mass, 98.7% of excess-loss
Epoch 25: loss=1.848551  (5.69 sec, 65 subtrees, 225 chunks, 9313896 nodes)
  residual top-10 (subtree_mass × max(avg_loss − 1.849, 0)):
    rc   rootID   mass      avg_loss     score 
    59   1500853  192300    2.1456       57122.2
    6    309644   167551    1.9399       15299.9
    1    50944    1479765   1.8553       10004.7
    60   1539801  58095     1.9834       7831.9
    5    300532   44208     2.0137       7300.7
    58   1402652  543420    1.8600       6244.4
    0    1        297533    1.8687       5996.3
    61   1551260  134045    1.8848       4858.6
    54   1241689  76537     1.9085       4587.3
    44   798168   118584    1.8816       3922.2
    top-10: 36.2% of mass, 93.2% of excess-loss
Epoch 26: loss=1.829696  (5.67 sec, 65 subtrees, 225 chunks, 9313896 nodes)
  residual top-10 (subtree_mass × max(avg_loss − 1.830, 0)):
    rc   rootID   mass      avg_loss     score 
    59   1500853  192300    2.0217       36920.2
    6    309644   167551    1.9234       15701.2
    5    300532   44208     2.0010       7574.2
    63   1577668  160299    1.8765       7501.0
    61   1551260  134045    1.8814       6928.4
    54   1241689  76537     1.9009       5450.3
    44   798168   118584    1.8737       5223.6
    60   1539801  58095     1.9164       5036.8
    40   574911   82726     1.8729       3575.0
    39   493671   419607    1.8356       2465.3
    top-10: 16.9% of mass, 89.7% of excess-loss
Epoch 27: loss=1.830565  (5.63 sec, 65 subtrees, 225 chunks, 9313896 nodes)
  residual top-10 (subtree_mass × max(avg_loss − 1.831, 0)):
    rc   rootID   mass      avg_loss     score 
    59   1500853  192300    1.9731       27412.8
    6    309644   167551    1.9255       15898.8
    5    300532   44208     2.0003       7502.3
    44   798168   118584    1.8882       6833.3
    1    50944    1479765   1.8346       5994.5
    0    1        297533    1.8506       5952.8
    54   1241689  76537     1.8877       4371.4
    60   1539801  58095     1.8980       3917.2
    40   574911   82726     1.8760       3762.7
    2    297527   13758     2.0288       2727.8
    top-10: 29.4% of mass, 89.2% of excess-loss
Epoch 28: loss=1.824371  (5.63 sec, 65 subtrees, 225 chunks, 9313896 nodes)
  residual top-10 (subtree_mass × max(avg_loss − 1.824, 0)):
    rc   rootID   mass      avg_loss     score 
    59   1500853  192300    2.1919       70679.2
    6    309644   167551    1.9154       15247.0
    60   1539801  58095     1.9730       8636.2
    5    300532   44208     2.0040       7943.2
    54   1241689  76537     1.9048       6154.3
    44   798168   118584    1.8675       5119.6
    40   574911   82726     1.8761       4278.4
    61   1551260  134045    1.8553       4146.3
    58   1402652  543420    1.8307       3458.1
    2    297527   13758     2.0097       2549.2
    top-10: 16.6% of mass, 96.7% of excess-loss
Epoch 29: loss=1.811999  (5.67 sec, 65 subtrees, 225 chunks, 9313896 nodes)
  residual top-10 (subtree_mass × max(avg_loss − 1.812, 0)):
    rc   rootID   mass      avg_loss     score 
    6    309644   167551    1.9642       25496.0
    59   1500853  192300    1.9300       22692.7
    5    300532   44208     2.0580       10876.6
    39   493671   419607    1.8307       7842.3
    44   798168   118584    1.8670       6525.1
    60   1539801  58095     1.9072       5530.9
    40   574911   82726     1.8678       4613.6
    61   1551260  134045    1.8356       3159.6
    13   372685   55068     1.8614       2718.9
    10   349444   84126     1.8329       1758.5
    top-10: 15.8% of mass, 87.3% of excess-loss
Epoch 30: loss=1.792193  (5.66 sec, 65 subtrees, 225 chunks, 9313896 nodes)
  residual top-10 (subtree_mass × max(avg_loss − 1.792, 0)):
    rc   rootID   mass      avg_loss     score 
    59   1500853  192300    1.8895       18720.7
    6    309644   167551    1.8964       17453.8
    5    300532   44208     1.9723       7962.3
    1    50944    1479765   1.7962       5927.5
    44   798168   118584    1.8374       5364.5
    39   493671   419607    1.8035       4751.9
    40   574911   82726     1.8478       4600.5
    60   1539801  58095     1.8528       3519.0
    54   1241689  76537     1.8257       2565.3
    0    1        297533    1.7998       2255.7
    top-10: 34.2% of mass, 86.1% of excess-loss
Epoch 31: loss=1.780838  (5.64 sec, 65 subtrees, 225 chunks, 9313896 nodes)
  residual top-10 (subtree_mass × max(avg_loss − 1.781, 0)):
    rc   rootID   mass      avg_loss     score 
    6    309644   167551    1.8767       16064.5
    59   1500853  192300    1.8561       14472.0
    5    300532   44208     1.9409       7074.0
    44   798168   118584    1.8337       6274.1
    1    50944    1479765   1.7847       5781.3
    39   493671   419607    1.7920       4696.9
    40   574911   82726     1.8326       4278.2
    60   1539801  58095     1.8326       3008.3
    46   840714   415269    1.7878       2910.0
    54   1241689  76537     1.8141       2542.3
    top-10: 35.5% of mass, 84.8% of excess-loss
Epoch 32: loss=1.772443  (5.66 sec, 65 subtrees, 225 chunks, 9313896 nodes)
  residual top-10 (subtree_mass × max(avg_loss − 1.772, 0)):
    rc   rootID   mass      avg_loss     score 
    6    309644   167551    1.8812       18214.7
    59   1500853  192300    1.8216       9461.1
    5    300532   44208     1.9534       8001.3
    44   798168   118584    1.8250       6235.4
    39   493671   419607    1.7851       5294.5
    1    50944    1479765   1.7758       5006.7
    40   574911   82726     1.8251       4354.9
    46   840714   415269    1.7816       3792.0
    54   1241689  76537     1.8024       2291.3
    60   1539801  58095     1.8054       1912.0
    top-10: 35.5% of mass, 85.0% of excess-loss
Epoch 33: loss=1.769029  (5.64 sec, 65 subtrees, 225 chunks, 9313896 nodes)
  residual top-10 (subtree_mass × max(avg_loss − 1.769, 0)):
    rc   rootID   mass      avg_loss     score 
    59   1500853  192300    1.9009       25364.5
    6    309644   167551    1.8532       14109.0
    60   1539801  58095     1.8779       6322.3
    5    300532   44208     1.9084       6160.2
    44   798168   118584    1.8080       4622.7
    61   1551260  134045    1.8029       4539.6
    40   574911   82726     1.8173       3996.0
    39   493671   419607    1.7766       3165.2
    58   1402652  543420    1.7739       2622.6
    54   1241689  76537     1.7977       2195.2
    top-10: 21.4% of mass, 87.4% of excess-loss
Epoch 34: loss=1.758719  (5.65 sec, 65 subtrees, 225 chunks, 9313896 nodes)
  residual top-10 (subtree_mass × max(avg_loss − 1.759, 0)):
    rc   rootID   mass      avg_loss     score 
    6    309644   167551    1.8483       15001.9
    1    50944    1479765   1.7665       11482.5
    59   1500853  192300    1.8013       8187.0
    5    300532   44208     1.9026       6362.3
    44   798168   118584    1.8016       5088.9
    39   493671   419607    1.7703       4880.3
    46   840714   415269    1.7684       4027.7
    40   574911   82726     1.8063       3933.7
    0    1        297533    1.7672       2530.1
    54   1241689  76537     1.7837       1915.5
    top-10: 38.3% of mass, 84.7% of excess-loss
Epoch 35: loss=1.750172  (5.62 sec, 65 subtrees, 225 chunks, 9313896 nodes)
  residual top-10 (subtree_mass × max(avg_loss − 1.750, 0)):
    rc   rootID   mass      avg_loss     score 
    6    309644   167551    1.8317       13660.2
    1    50944    1479765   1.7563       8996.0
    5    300532   44208     1.8825       5850.3
    39   493671   419607    1.7626       5195.2
    44   798168   118584    1.7930       5081.1
    46   840714   415269    1.7624       5057.8
    40   574911   82726     1.7995       4082.2
    59   1500853  192300    1.7669       3214.0
    54   1241689  76537     1.7819       2424.6
    41   591555   114034    1.7657       1770.4
    top-10: 36.2% of mass, 82.5% of excess-loss
Epoch 36: loss=1.746822  (5.67 sec, 65 subtrees, 225 chunks, 9313896 nodes)
  residual top-10 (subtree_mass × max(avg_loss − 1.747, 0)):
    rc   rootID   mass      avg_loss     score 
    6    309644   167551    1.8408       15741.4
    5    300532   44208     1.8966       6619.3
    59   1500853  192300    1.7799       6369.2
    1    50944    1479765   1.7502       5045.7
    46   840714   415269    1.7587       4939.8
    39   493671   419607    1.7586       4934.3
    44   798168   118584    1.7877       4844.9
    40   574911   82726     1.7945       3946.7
    54   1241689  76537     1.7692       1715.3
    41   591555   114034    1.7618       1712.7
    top-10: 36.2% of mass, 83.4% of excess-loss
Epoch 37: loss=1.740161  (5.70 sec, 65 subtrees, 225 chunks, 9313896 nodes)
  residual top-10 (subtree_mass × max(avg_loss − 1.740, 0)):
    rc   rootID   mass      avg_loss     score 
    6    309644   167551    1.8177       12994.0
    1    50944    1479765   1.7458       8311.0
    46   840714   415269    1.7537       5613.0
    5    300532   44208     1.8579       5204.9
    39   493671   419607    1.7521       5024.8
    44   798168   118584    1.7802       4753.6
    40   574911   82726     1.7886       4004.7
    59   1500853  192300    1.7574       3316.9
    41   591555   114034    1.7563       1839.6
    54   1241689  76537     1.7625       1711.5
    top-10: 36.2% of mass, 82.4% of excess-loss
Epoch 38: loss=1.735879  (5.75 sec, 65 subtrees, 225 chunks, 9313896 nodes)
  residual top-10 (subtree_mass × max(avg_loss − 1.736, 0)):
    rc   rootID   mass      avg_loss     score 
    6    309644   167551    1.8103       12463.8
    1    50944    1479765   1.7411       7687.3
    46   840714   415269    1.7498       5786.7
    5    300532   44208     1.8480       4958.0
    39   493671   419607    1.7472       4745.9
    44   798168   118584    1.7756       4713.5
    40   574911   82726     1.7828       3879.9
    59   1500853  192300    1.7486       2447.8
    41   591555   114034    1.7527       1923.8
    54   1241689  76537     1.7585       1734.5
    top-10: 36.2% of mass, 81.3% of excess-loss
Epoch 39: loss=1.732084  (5.83 sec, 65 subtrees, 225 chunks, 9313896 nodes)
  residual top-10 (subtree_mass × max(avg_loss − 1.732, 0)):
    rc   rootID   mass      avg_loss     score 
    6    309644   167551    1.8035       11971.3
    1    50944    1479765   1.7375       8009.9
    46   840714   415269    1.7469       6161.2
    44   798168   118584    1.7713       4655.4
    5    300532   44208     1.8363       4605.5
    39   493671   419607    1.7427       4447.2
    40   574911   82726     1.7792       3897.8
    41   591555   114034    1.7498       2022.3
    54   1241689  76537     1.7546       1720.3
    59   1500853  192300    1.7402       1558.8
    top-10: 36.2% of mass, 80.8% of excess-loss
Epoch 40: loss=1.730510  (5.76 sec, 65 subtrees, 225 chunks, 9313896 nodes)
  residual top-10 (subtree_mass × max(avg_loss − 1.731, 0)):
    rc   rootID   mass      avg_loss     score 
    6    309644   167551    1.8134       13882.5
    46   840714   415269    1.7454       6165.3
    1    50944    1479765   1.7342       5475.5
    5    300532   44208     1.8499       5279.5
    39   493671   419607    1.7413       4519.3
    44   798168   118584    1.7684       4489.2
    40   574911   82726     1.7772       3865.3
    41   591555   114034    1.7479       1983.7
    54   1241689  76537     1.7524       1678.3
    13   372685   55068     1.7601       1631.3
    top-10: 34.6% of mass, 81.5% of excess-loss
Epoch 41: loss=1.726680  (5.80 sec, 65 subtrees, 225 chunks, 9313896 nodes)
  residual top-10 (subtree_mass × max(avg_loss − 1.727, 0)):
    rc   rootID   mass      avg_loss     score 
    6    309644   167551    1.7894       10508.5
    1    50944    1479765   1.7320       7922.2
    46   840714   415269    1.7424       6507.4
    44   798168   118584    1.7640       4422.9
    5    300532   44208     1.8144       3878.8
    40   574911   82726     1.7730       3830.1
    39   493671   419607    1.7350       3508.6
    41   591555   114034    1.7445       2035.1
    54   1241689  76537     1.7500       1786.9
    42   614321   234101    1.7331       1498.6
    top-10: 36.7% of mass, 79.6% of excess-loss
Epoch 42: loss=1.724377  (5.76 sec, 65 subtrees, 225 chunks, 9313896 nodes)
  residual top-10 (subtree_mass × max(avg_loss − 1.724, 0)):
    rc   rootID   mass      avg_loss     score 
    6    309644   167551    1.7835       9910.7
    1    50944    1479765   1.7295       7509.3
    46   840714   415269    1.7402       6582.6
    44   798168   118584    1.7619       4452.6
    40   574911   82726     1.7702       3793.2
    5    300532   44208     1.8049       3558.4
    39   493671   419607    1.7317       3092.3
    41   591555   114034    1.7422       2030.3
    54   1241689  76537     1.7477       1787.5
    42   614321   234101    1.7312       1607.3
    top-10: 36.7% of mass, 78.8% of excess-loss
Epoch 43: loss=1.722660  (5.71 sec, 65 subtrees, 225 chunks, 9313896 nodes)
  residual top-10 (subtree_mass × max(avg_loss − 1.723, 0)):
    rc   rootID   mass      avg_loss     score 
    6    309644   167551    1.7776       9197.7
    1    50944    1479765   1.7278       7619.0
    46   840714   415269    1.7390       6774.5
    44   798168   118584    1.7598       4405.3
    40   574911   82726     1.7689       3826.0
    5    300532   44208     1.7970       3287.5
    39   493671   419607    1.7286       2481.6
    41   591555   114034    1.7406       2048.7
    54   1241689  76537     1.7461       1797.8
    42   614321   234101    1.7295       1603.2
    top-10: 36.7% of mass, 78.0% of excess-loss
Epoch 44: loss=1.721347  (5.73 sec, 65 subtrees, 225 chunks, 9313896 nodes)
  residual top-10 (subtree_mass × max(avg_loss − 1.721, 0)):
    rc   rootID   mass      avg_loss     score 
    6    309644   167551    1.7732       8689.7
    1    50944    1479765   1.7264       7465.4
    46   840714   415269    1.7378       6851.6
    44   798168   118584    1.7585       4400.1
    40   574911   82726     1.7669       3771.6
    5    300532   44208     1.7923       3135.8
    41   591555   114034    1.7393       2044.3
    39   493671   419607    1.7261       1997.2
    54   1241689  76537     1.7457       1866.3
    42   614321   234101    1.7282       1610.0
    top-10: 36.7% of mass, 77.4% of excess-loss
Epoch 45: loss=1.720249  (5.76 sec, 65 subtrees, 225 chunks, 9313896 nodes)
  residual top-10 (subtree_mass × max(avg_loss − 1.720, 0)):
    rc   rootID   mass      avg_loss     score 
    6    309644   167551    1.7688       8141.1
    1    50944    1479765   1.7253       7429.8
    46   840714   415269    1.7370       6951.6
    44   798168   118584    1.7575       4421.2
    40   574911   82726     1.7659       3772.5
    5    300532   44208     1.7885       3017.2
    41   591555   114034    1.7383       2058.5
    54   1241689  76537     1.7453       1914.0
    61   1551260  134045    1.7321       1589.5
    32   470512   50448     1.7511       1556.0
    top-10: 31.2% of mass, 76.5% of excess-loss
Epoch 46: loss=1.719480  (5.88 sec, 65 subtrees, 225 chunks, 9313896 nodes)
  residual top-10 (subtree_mass × max(avg_loss − 1.719, 0)):
    rc   rootID   mass      avg_loss     score 
    6    309644   167551    1.7665       7870.3
    1    50944    1479765   1.7247       7661.3
    46   840714   415269    1.7364       7017.0
    44   798168   118584    1.7569       4435.1
    40   574911   82726     1.7650       3763.2
    5    300532   44208     1.7861       2946.2
    41   591555   114034    1.7370       1999.3
    54   1241689  76537     1.7448       1940.4
    61   1551260  134045    1.7314       1592.2
    32   470512   50448     1.7505       1562.9
    top-10: 31.2% of mass, 76.4% of excess-loss
Epoch 47: loss=1.718957  (5.85 sec, 65 subtrees, 225 chunks, 9313896 nodes)
  residual top-10 (subtree_mass × max(avg_loss − 1.719, 0)):
    rc   rootID   mass      avg_loss     score 
    1    50944    1479765   1.7242       7745.6
    6    309644   167551    1.7642       7576.0
    46   840714   415269    1.7359       7025.7
    44   798168   118584    1.7568       4486.1
    40   574911   82726     1.7632       3663.2
    5    300532   44208     1.7845       2896.0
    41   591555   114034    1.7369       2047.1
    54   1241689  76537     1.7445       1957.4
    61   1551260  134045    1.7309       1604.6
    32   470512   50448     1.7502       1576.7
    top-10: 31.2% of mass, 76.7% of excess-loss
Epoch 48: loss=1.718655  (5.88 sec, 65 subtrees, 225 chunks, 9313896 nodes)
  residual top-10 (subtree_mass × max(avg_loss − 1.719, 0)):
    rc   rootID   mass      avg_loss     score 
    1    50944    1479765   1.7238       7603.8
    6    309644   167551    1.7632       7466.4
    46   840714   415269    1.7359       7140.9
    44   798168   118584    1.7560       4424.1
    40   574911   82726     1.7624       3621.5
    5    300532   44208     1.7849       2927.3
    54   1241689  76537     1.7460       2090.5
    41   591555   114034    1.7357       1943.3
    61   1551260  134045    1.7310       1649.8
    32   470512   50448     1.7508       1619.9
    top-10: 31.2% of mass, 76.7% of excess-loss
Epoch 49: loss=1.718473  (5.89 sec, 65 subtrees, 225 chunks, 9313896 nodes)
  residual top-10 (subtree_mass × max(avg_loss − 1.718, 0)):
    rc   rootID   mass      avg_loss     score 
    1    50944    1479765   1.7239       8012.1
    6    309644   167551    1.7632       7494.7
    46   840714   415269    1.7353       6985.2
    44   798168   118584    1.7558       4429.3
    40   574911   82726     1.7625       3643.1
    5    300532   44208     1.7833       2864.8
    54   1241689  76537     1.7446       1996.7
    41   591555   114034    1.7347       1854.9
    61   1551260  134045    1.7315       1741.9
    32   470512   50448     1.7505       1615.8
    top-10: 31.2% of mass, 76.0% of excess-loss
Epoch 50: loss=1.718353  (5.89 sec, 65 subtrees, 225 chunks, 9313896 nodes)
  residual top-10 (subtree_mass × max(avg_loss − 1.718, 0)):
    rc   rootID   mass      avg_loss     score 
    1    50944    1479765   1.7240       8355.7
    6    309644   167551    1.7625       7392.8
    46   840714   415269    1.7355       7105.0
    44   798168   118584    1.7554       4394.5
    40   574911   82726     1.7618       3593.2
    5    300532   44208     1.7846       2927.1
    54   1241689  76537     1.7443       1982.5
    41   591555   114034    1.7348       1871.1
    61   1551260  134045    1.7312       1726.8
    32   470512   50448     1.7508       1636.9
    top-10: 31.2% of mass, 76.4% of excess-loss
Saved to /home/trans/Projects/agpt/rnd/per-rc-adam-v1/models/baseline_seed100.model
Done.
  Appended optimizer state to /home/trans/Projects/agpt/rnd/per-rc-adam-v1/models/baseline_seed100.model (adam_t=3250)
