WARNING: --per-rc-adam: per-rc Adam/RMSprop state is NOT persisted across runs.
         Streaming/multi-stage training will start each invocation cold.
AGPT CUDA Training Engine
  Model: d=64 heads=4 layers=2 ff=256 vocab=65 seq=32 head_dim=16
  Loaded 108481 weight floats (423.8 KB)
  No optimizer state in checkpoint; starting cold
Loading radix trie from /tmp/shake_baseline_d16_radix...
  Radix trie: 1607928 nodes, 9313896 total edge chars, 17 endpoint depths
  Radix loaded: 2697118 counts entries, 12276596 ancestor char entries
  d_split: 1062377/1607928 nodes have a mass=1 ancestor (mean depth 9.21)
  lr-schedule: warmup-cosine (peak=0.003, warmup_epochs=1)
  optimizer: rmsprop (lr=0.003)
  entropy lambda: 1.000 (branching-endpoint icing enabled)
  mass weighting: log (head-of-edge count restores corpus-frequency exposure)
  curriculum: flat (d=max each epoch)
  max edge_len: 16, max ancestor chars: 15, max KV per node: 31, max endpoint depth: 16
  mass=1 compaction: 8275783 / 9313896 chars are mass=1 (88.9%); cache holds 1038113 positions
  loop points: 18684 (mass>1 leaves; 3.4% of 545550 mass>1 nodes)
  KV cache: 531.5 MB unified memory (bf16 compact)
  GPU memory: 2851.0 MB used, 5335.8 MB free, 8186.8 MB total
  65 root-child subtrees: sizes min=1 max=246583 avg=24737.3 (total=1607927 radix nodes)
  per-rc-adam: 65 buckets x 108481 params = 28.2 MB per moment buffer
Epoch 1: loss=3.506285  (6.09 sec, 65 subtrees, 225 chunks, 9313896 nodes)
  residual top-10 (subtree_mass × max(avg_loss − 3.506, 0)):
    rc   rootID   mass      avg_loss     score 
    1    50944    1479765   4.4491       1395128.3
    0    1        297533    5.1395       485946.5
    8    341198   57485     4.7566       71871.6
    6    309644   167551    3.8708       61075.4
    10   349444   84126     4.1553       54596.1
    5    300532   44208     4.2581       33236.5
    13   372685   55068     3.8585       19393.2
    40   574911   82726     3.6575       12507.7
    2    297527   13758     4.1733       9177.2
    7    338414   10559     4.2048       7376.1
    top-10: 26.7% of mass, 98.7% of excess-loss
Epoch 2: loss=2.782790  (5.87 sec, 65 subtrees, 225 chunks, 9313896 nodes)
  residual top-10 (subtree_mass × max(avg_loss − 2.783, 0)):
    rc   rootID   mass      avg_loss     score 
    0    1        297533    3.4220       190187.2
    39   493671   419607    2.8882       44237.8
    1    50944    1479765   2.8114       42271.6
    10   349444   84126     3.2439       38789.1
    42   614321   234101    2.8626       18673.3
    30   457660   31233     3.1301       10848.0
    41   591555   114034    2.8752       10535.4
    32   470512   50448     2.9467       8269.5
    40   574911   82726     2.8527       5782.2
    12   369639   16107     3.0738       4687.4
    top-10: 32.7% of mass, 95.9% of excess-loss
Epoch 3: loss=2.569722  (5.84 sec, 65 subtrees, 225 chunks, 9313896 nodes)
  residual top-10 (subtree_mass × max(avg_loss − 2.570, 0)):
    rc   rootID   mass      avg_loss     score 
    0    1        297533    2.7150       43231.2
    39   493671   419607    2.6664       40559.0
    42   614321   234101    2.6327       14749.2
    46   840714   415269    2.6050       14635.9
    8    341198   57485     2.6616       5280.5
    45   821318   94570     2.6162       4392.8
    5    300532   44208     2.6673       4313.4
    47   915694   343840    2.5809       3826.8
    44   798168   118584    2.6011       3719.1
    32   470512   50448     2.6296       3021.0
    top-10: 24.1% of mass, 89.4% of excess-loss
Epoch 4: loss=2.509017  (5.85 sec, 65 subtrees, 225 chunks, 9313896 nodes)
  residual top-10 (subtree_mass × max(avg_loss − 2.509, 0)):
    rc   rootID   mass      avg_loss     score 
    39   493671   419607    2.5771       28575.7
    0    1        297533    2.6012       27418.7
    47   915694   343840    2.5507       14317.0
    46   840714   415269    2.5433       14234.7
    53   1145421  504725    2.5291       10152.3
    42   614321   234101    2.5447       8345.0
    44   798168   118584    2.5544       5385.0
    5    300532   44208     2.6054       4262.2
    51   1041804  166461    2.5317       3776.4
    8    341198   57485     2.5727       3659.8
    top-10: 30.3% of mass, 89.8% of excess-loss
Epoch 5: loss=2.475209  (5.85 sec, 65 subtrees, 225 chunks, 9313896 nodes)
  residual top-10 (subtree_mass × max(avg_loss − 2.475, 0)):
    rc   rootID   mass      avg_loss     score 
    39   493671   419607    2.5467       30005.2
    0    1        297533    2.5629       26101.9
    46   840714   415269    2.5208       18914.0
    58   1402652  543420    2.4962       11417.0
    42   614321   234101    2.5136       8989.2
    40   574911   82726     2.5411       5453.0
    50   993056   244544    2.4945       4719.0
    5    300532   44208     2.5736       4350.3
    51   1041804  166461    2.4988       3930.5
    52   1074317  367799    2.4846       3454.8
    top-10: 32.7% of mass, 87.8% of excess-loss
Epoch 6: loss=2.423542  (5.85 sec, 65 subtrees, 225 chunks, 9313896 nodes)
  residual top-10 (subtree_mass × max(avg_loss − 2.424, 0)):
    rc   rootID   mass      avg_loss     score 
    39   493671   419607    2.4929       29096.7
    43   660187   735168    2.4388       11207.3
    42   614321   234101    2.4691       10668.8
    0    1        297533    2.4473       7063.1
    44   798168   118584    2.4820       6933.0
    5    300532   44208     2.5643       6223.4
    46   840714   415269    2.4380       5998.1
    45   821318   94570     2.4743       4801.3
    59   1500853  192300    2.4483       4765.0
    52   1074317  367799    2.4339       3800.3
    top-10: 34.0% of mass, 85.6% of excess-loss
Epoch 7: loss=2.385196  (5.85 sec, 65 subtrees, 225 chunks, 9313896 nodes)
  residual top-10 (subtree_mass × max(avg_loss − 2.385, 0)):
    rc   rootID   mass      avg_loss     score 
    39   493671   419607    2.4425       24053.3
    52   1074317  367799    2.4120       9864.2
    53   1145421  504725    2.4042       9587.8
    46   840714   415269    2.4035       7603.4
    10   349444   84126     2.4597       6268.9
    44   798168   118584    2.4330       5665.3
    5    300532   44208     2.5081       5432.5
    0    1        297533    2.4029       5281.7
    45   821318   94570     2.4285       4092.9
    47   915694   343840    2.3967       3960.1
    top-10: 31.3% of mass, 76.8% of excess-loss
Epoch 8: loss=2.358289  (5.84 sec, 65 subtrees, 225 chunks, 9313896 nodes)
  residual top-10 (subtree_mass × max(avg_loss − 2.358, 0)):
    rc   rootID   mass      avg_loss     score 
    58   1402652  543420    2.3978       21457.2
    39   493671   419607    2.4082       20942.3
    46   840714   415269    2.3916       13840.5
    47   915694   343840    2.3976       13517.2
    42   614321   234101    2.3886       7105.6
    0    1        297533    2.3778       5803.9
    5    300532   44208     2.4706       4963.2
    50   993056   244544    2.3776       4722.4
    40   574911   82726     2.4001       3457.4
    44   798168   118584    2.3780       2336.8
    top-10: 31.9% of mass, 92.0% of excess-loss
Epoch 9: loss=2.315306  (5.85 sec, 65 subtrees, 225 chunks, 9313896 nodes)
  residual top-10 (subtree_mass × max(avg_loss − 2.315, 0)):
    rc   rootID   mass      avg_loss     score 
    39   493671   419607    2.3631       20035.8
    0    1        297533    2.3494       10152.6
    42   614321   234101    2.3472       7470.9
    44   798168   118584    2.3700       6485.8
    58   1402652  543420    2.3266       6147.9
    5    300532   44208     2.4454       5753.2
    51   1041804  166461    2.3416       4380.9
    32   470512   50448     2.3754       3031.6
    40   574911   82726     2.3421       2217.5
    41   591555   114034    2.3325       1958.4
    top-10: 24.1% of mass, 85.6% of excess-loss
Epoch 10: loss=2.287822  (5.82 sec, 65 subtrees, 225 chunks, 9313896 nodes)
  residual top-10 (subtree_mass × max(avg_loss − 2.288, 0)):
    rc   rootID   mass      avg_loss     score 
    58   1402652  543420    2.3207       17851.6
    39   493671   419607    2.3115       9929.5
    52   1074317  367799    2.3030       5596.2
    5    300532   44208     2.4112       5455.6
    44   798168   118584    2.3239       4273.2
    63   1577668  160299    2.3139       4184.3
    50   993056   244544    2.3015       3347.9
    42   614321   234101    2.3020       3319.8
    59   1500853  192300    2.3045       3206.6
    47   915694   343840    2.2969       3113.2
    top-10: 31.0% of mass, 76.5% of excess-loss
Epoch 11: loss=2.280905  (5.84 sec, 65 subtrees, 225 chunks, 9313896 nodes)
  residual top-10 (subtree_mass × max(avg_loss − 2.281, 0)):
    rc   rootID   mass      avg_loss     score 
    58   1402652  543420    2.3172       19735.2
    39   493671   419607    2.3101       12234.4
    44   798168   118584    2.3757       11245.1
    42   614321   234101    2.3250       10332.3
    43   660187   735168    2.2940       9660.0
    46   840714   415269    2.2928       4928.6
    5    300532   44208     2.3813       4436.7
    45   821318   94570     2.3242       4093.5
    50   993056   244544    2.2962       3749.9
    52   1074317  367799    2.2908       3629.2
    top-10: 37.4% of mass, 83.9% of excess-loss
Epoch 12: loss=2.247979  (5.84 sec, 65 subtrees, 225 chunks, 9313896 nodes)
  residual top-10 (subtree_mass × max(avg_loss − 2.248, 0)):
    rc   rootID   mass      avg_loss     score 
    39   493671   419607    2.3053       24063.9
    58   1402652  543420    2.2734       13787.9
    0    1        297533    2.2720       7144.7
    44   798168   118584    2.3031       6539.4
    42   614321   234101    2.2758       6516.8
    5    300532   44208     2.3693       5361.6
    41   591555   114034    2.2819       3867.6
    46   840714   415269    2.2569       3688.6
    40   574911   82726     2.2902       3491.6
    63   1577668  160299    2.2686       3311.8
    top-10: 28.3% of mass, 85.2% of excess-loss
Epoch 13: loss=2.228241  (5.85 sec, 65 subtrees, 225 chunks, 9313896 nodes)
  residual top-10 (subtree_mass × max(avg_loss − 2.228, 0)):
    rc   rootID   mass      avg_loss     score 
    39   493671   419607    2.2769       20415.1
    58   1402652  543420    2.2461       9713.9
    50   993056   244544    2.2535       6170.7
    52   1074317  367799    2.2442       5855.3
    5    300532   44208     2.3450       5163.5
    40   574911   82726     2.2887       5003.4
    41   591555   114034    2.2667       4388.7
    44   798168   118584    2.2647       4319.5
    42   614321   234101    2.2446       3825.4
    0    1        297533    2.2375       2741.2
    top-10: 28.7% of mass, 86.4% of excess-loss
Epoch 14: loss=2.214833  (5.85 sec, 65 subtrees, 225 chunks, 9313896 nodes)
  residual top-10 (subtree_mass × max(avg_loss − 2.215, 0)):
    rc   rootID   mass      avg_loss     score 
    39   493671   419607    2.2693       22835.4
    46   840714   415269    2.2400       10466.4
    0    1        297533    2.2489       10128.2
    58   1402652  543420    2.2275       6878.4
    47   915694   343840    2.2336       6457.8
    42   614321   234101    2.2395       5767.7
    40   574911   82726     2.2842       5735.2
    44   798168   118584    2.2602       5381.4
    5    300532   44208     2.3207       4679.0
    41   591555   114034    2.2494       3945.8
    top-10: 30.4% of mass, 89.4% of excess-loss
Epoch 15: loss=2.186134  (5.84 sec, 65 subtrees, 225 chunks, 9313896 nodes)
  residual top-10 (subtree_mass × max(avg_loss − 2.186, 0)):
    rc   rootID   mass      avg_loss     score 
    39   493671   419607    2.2335       19867.5
    44   798168   118584    2.2466       7170.8
    42   614321   234101    2.2109       5807.8
    63   1577668  160299    2.2222       5784.2
    5    300532   44208     2.3009       5072.7
    6    309644   167551    2.2130       4498.3
    46   840714   415269    2.1941       3293.5
    40   574911   82726     2.2213       2913.0
    32   470512   50448     2.2216       1791.2
    45   821318   94570     2.2042       1704.6
    top-10: 20.8% of mass, 88.4% of excess-loss
Epoch 16: loss=2.178901  (5.85 sec, 65 subtrees, 225 chunks, 9313896 nodes)
  residual top-10 (subtree_mass × max(avg_loss − 2.179, 0)):
    rc   rootID   mass      avg_loss     score 
    39   493671   419607    2.2271       20229.9
    47   915694   343840    2.2097       10606.0
    44   798168   118584    2.2435       7665.2
    42   614321   234101    2.2106       7428.0
    46   840714   415269    2.1957       6993.9
    5    300532   44208     2.2816       4541.5
    50   993056   244544    2.1951       3966.6
    40   574911   82726     2.2155       3031.4
    6    309644   167551    2.1948       2656.0
    41   591555   114034    2.1977       2142.1
    top-10: 25.4% of mass, 92.1% of excess-loss
Epoch 17: loss=2.168911  (5.84 sec, 65 subtrees, 225 chunks, 9313896 nodes)
  residual top-10 (subtree_mass × max(avg_loss − 2.169, 0)):
    rc   rootID   mass      avg_loss     score 
    39   493671   419607    2.2118       17984.4
    58   1402652  543420    2.2016       17786.3
    47   915694   343840    2.2149       15811.8
    46   840714   415269    2.2052       15078.7
    44   798168   118584    2.2134       5272.5
    5    300532   44208     2.2644       4222.6
    57   1329804  377747    2.1773       3167.4
    45   821318   94570     2.1923       2212.7
    6    309644   167551    2.1816       2118.1
    40   574911   82726     2.1933       2018.1
    top-10: 30.3% of mass, 92.3% of excess-loss
Epoch 18: loss=2.156208  (5.83 sec, 65 subtrees, 225 chunks, 9313896 nodes)
  residual top-10 (subtree_mass × max(avg_loss − 2.156, 0)):
    rc   rootID   mass      avg_loss     score 
    39   493671   419607    2.2061       20940.0
    58   1402652  543420    2.1708       7931.2
    42   614321   234101    2.1866       7111.7
    52   1074317  367799    2.1749       6886.6
    44   798168   118584    2.2096       6334.8
    5    300532   44208     2.2558       4403.4
    40   574911   82726     2.2071       4210.3
    61   1551260  134045    2.1833       3629.0
    41   591555   114034    2.1877       3596.7
    53   1145421  504725    2.1632       3524.7
    top-10: 29.8% of mass, 86.0% of excess-loss
Epoch 19: loss=2.147845  (5.83 sec, 65 subtrees, 225 chunks, 9313896 nodes)
  residual top-10 (subtree_mass × max(avg_loss − 2.148, 0)):
    rc   rootID   mass      avg_loss     score 
    39   493671   419607    2.2145       27963.7
    46   840714   415269    2.1689       8727.9
    52   1074317  367799    2.1622       5292.5
    44   798168   118584    2.1911       5135.0
    47   915694   343840    2.1616       4724.9
    51   1041804  166461    2.1760       4686.2
    5    300532   44208     2.2484       4445.5
    40   574911   82726     2.1992       4251.3
    6    309644   167551    2.1660       3042.9
    53   1145421  504725    2.1530       2577.5
    top-10: 30.6% of mass, 87.9% of excess-loss
Epoch 20: loss=2.137591  (5.84 sec, 65 subtrees, 225 chunks, 9313896 nodes)
  residual top-10 (subtree_mass × max(avg_loss − 2.138, 0)):
    rc   rootID   mass      avg_loss     score 
    39   493671   419607    2.2001       26235.4
    46   840714   415269    2.1644       11153.6
    43   660187   735168    2.1508       9675.4
    42   614321   234101    2.1743       8597.9
    44   798168   118584    2.2098       8564.3
    47   915694   343840    2.1576       6868.5
    5    300532   44208     2.2446       4731.3
    40   574911   82726     2.1930       4586.3
    41   591555   114034    2.1691       3589.4
    6    309644   167551    2.1552       2948.3
    top-10: 31.1% of mass, 91.7% of excess-loss
Epoch 21: loss=2.120140  (5.84 sec, 65 subtrees, 225 chunks, 9313896 nodes)
  residual top-10 (subtree_mass × max(avg_loss − 2.120, 0)):
    rc   rootID   mass      avg_loss     score 
    39   493671   419607    2.1839       26749.4
    5    300532   44208     2.2565       6030.1
    6    309644   167551    2.1548       5810.7
    44   798168   118584    2.1664       5487.8
    58   1402652  543420    2.1274       3959.1
    50   993056   244544    2.1343       3465.1
    40   574911   82726     2.1620       3461.4
    52   1074317  367799    2.1290       3244.0
    42   614321   234101    2.1297       2246.6
    41   591555   114034    2.1356       1767.7
    top-10: 27.2% of mass, 96.3% of excess-loss
Epoch 22: loss=2.096025  (5.83 sec, 65 subtrees, 225 chunks, 9313896 nodes)
  residual top-10 (subtree_mass × max(avg_loss − 2.096, 0)):
    rc   rootID   mass      avg_loss     score 
    39   493671   419607    2.1392       18113.4
    53   1145421  504725    2.1098       6955.4
    44   798168   118584    2.1543       6914.5
    52   1074317  367799    2.1113       5616.8
    5    300532   44208     2.2069       4900.4
    46   840714   415269    2.1077       4855.4
    42   614321   234101    2.1135       4089.1
    58   1402652  543420    2.1030       3766.9
    6    309644   167551    2.1163       3394.1
    40   574911   82726     2.1346       3188.2
    top-10: 33.7% of mass, 86.0% of excess-loss
Epoch 23: loss=2.076155  (5.84 sec, 65 subtrees, 225 chunks, 9313896 nodes)
  residual top-10 (subtree_mass × max(avg_loss − 2.076, 0)):
    rc   rootID   mass      avg_loss     score 
    39   493671   419607    2.1364       25267.7
    44   798168   118584    2.1220       5434.7
    5    300532   44208     2.1816       4662.6
    6    309644   167551    2.1023       4376.6
    58   1402652  543420    2.0840       4258.1
    46   840714   415269    2.0860       4091.0
    50   993056   244544    2.0916       3778.4
    40   574911   82726     2.1154       3248.6
    52   1074317  367799    2.0845       3080.0
    63   1577668  160299    2.0944       2926.5
    top-10: 29.8% of mass, 88.7% of excess-loss
Epoch 24: loss=2.065931  (5.85 sec, 65 subtrees, 225 chunks, 9313896 nodes)
  residual top-10 (subtree_mass × max(avg_loss − 2.066, 0)):
    rc   rootID   mass      avg_loss     score 
    39   493671   419607    2.1241       24408.9
    46   840714   415269    2.0853       8044.8
    58   1402652  543420    2.0786       6901.2
    44   798168   118584    2.1211       6547.7
    47   915694   343840    2.0812       5235.8
    5    300532   44208     2.1697       4588.7
    6    309644   167551    2.0901       4050.4
    40   574911   82726     2.1079       3469.2
    63   1577668  160299    2.0796       2184.3
    0    1        297533    2.0722       1874.3
    top-10: 30.2% of mass, 91.8% of excess-loss
Epoch 25: loss=2.048700  (5.84 sec, 65 subtrees, 225 chunks, 9313896 nodes)
  residual top-10 (subtree_mass × max(avg_loss − 2.049, 0)):
    rc   rootID   mass      avg_loss     score 
    39   493671   419607    2.0956       19691.2
    46   840714   415269    2.0684       8163.0
    47   915694   343840    2.0709       7618.2
    44   798168   118584    2.1095       7208.2
    5    300532   44208     2.1529       4607.5
    58   1402652  543420    2.0570       4507.6
    6    309644   167551    2.0756       4499.0
    40   574911   82726     2.0850       3002.7
    0    1        297533    2.0561       2211.2
    42   614321   234101    2.0547       1407.7
    top-10: 31.0% of mass, 92.3% of excess-loss
Epoch 26: loss=2.030257  (5.85 sec, 65 subtrees, 225 chunks, 9313896 nodes)
  residual top-10 (subtree_mass × max(avg_loss − 2.030, 0)):
    rc   rootID   mass      avg_loss     score 
    39   493671   419607    2.0804       21039.2
    46   840714   415269    2.0466       6792.1
    6    309644   167551    2.0666       6092.4
    44   798168   118584    2.0752       5333.5
    5    300532   44208     2.1362       4682.3
    40   574911   82726     2.0726       3499.9
    47   915694   343840    2.0372       2393.8
    1    50944    1479765   2.0314       1645.3
    0    1        297533    2.0345       1256.1
    61   1551260  134045    2.0390       1168.5
    top-10: 40.7% of mass, 90.8% of excess-loss
Epoch 27: loss=2.015964  (5.85 sec, 65 subtrees, 225 chunks, 9313896 nodes)
  residual top-10 (subtree_mass × max(avg_loss − 2.016, 0)):
    rc   rootID   mass      avg_loss     score 
    39   493671   419607    2.0651       20604.3
    46   840714   415269    2.0447       11944.0
    47   915694   343840    2.0376       7431.6
    44   798168   118584    2.0732       6781.8
    6    309644   167551    2.0493       5586.8
    5    300532   44208     2.1204       4615.2
    40   574911   82726     2.0606       3690.6
    42   614321   234101    2.0294       3140.6
    1    50944    1479765   2.0176       2346.9
    45   821318   94570     2.0298       1310.6
    top-10: 39.5% of mass, 95.0% of excess-loss
Epoch 28: loss=2.007291  (5.85 sec, 65 subtrees, 225 chunks, 9313896 nodes)
  residual top-10 (subtree_mass × max(avg_loss − 2.007, 0)):
    rc   rootID   mass      avg_loss     score 
    39   493671   419607    2.0541       19639.0
    46   840714   415269    2.0268       8101.6
    44   798168   118584    2.0632       6632.7
    58   1402652  543420    2.0193       6541.5
    6    309644   167551    2.0391       5327.3
    5    300532   44208     2.1072       4417.5
    47   915694   343840    2.0181       3713.2
    40   574911   82726     2.0501       3539.9
    63   1577668  160299    2.0216       2287.5
    42   614321   234101    2.0153       1871.6
    top-10: 29.4% of mass, 90.4% of excess-loss
Epoch 29: loss=1.994012  (5.83 sec, 65 subtrees, 225 chunks, 9313896 nodes)
  residual top-10 (subtree_mass × max(avg_loss − 1.994, 0)):
    rc   rootID   mass      avg_loss     score 
    1    50944    1479765   2.0107       24732.4
    39   493671   419607    2.0449       21372.0
    6    309644   167551    2.0442       8406.1
    0    1        297533    2.0109       5014.4
    5    300532   44208     2.1049       4904.3
    44   798168   118584    2.0287       4115.5
    52   1074317  367799    2.0044       3818.1
    40   574911   82726     2.0400       3804.1
    46   840714   415269    2.0029       3688.8
    63   1577668  160299    2.0044       1670.0
    top-10: 41.3% of mass, 97.8% of excess-loss
Epoch 30: loss=1.981072  (5.84 sec, 65 subtrees, 225 chunks, 9313896 nodes)
  residual top-10 (subtree_mass × max(avg_loss − 1.981, 0)):
    rc   rootID   mass      avg_loss     score 
    39   493671   419607    2.0368       23385.8
    1    50944    1479765   1.9867       8386.7
    6    309644   167551    2.0206       6625.3
    44   798168   118584    2.0328       6135.7
    46   840714   415269    1.9956       6043.3
    5    300532   44208     2.0851       4597.5
    40   574911   82726     2.0354       4496.1
    42   614321   234101    1.9933       2864.8
    47   915694   343840    1.9877       2277.6
    63   1577668  160299    1.9931       1929.6
    top-10: 40.3% of mass, 96.0% of excess-loss
Epoch 31: loss=1.972570  (5.82 sec, 65 subtrees, 225 chunks, 9313896 nodes)
  residual top-10 (subtree_mass × max(avg_loss − 1.973, 0)):
    rc   rootID   mass      avg_loss     score 
    39   493671   419607    2.0209       20276.4
    1    50944    1479765   1.9794       10066.5
    6    309644   167551    2.0107       6392.1
    46   840714   415269    1.9873       6135.8
    44   798168   118584    2.0160       5145.2
    5    300532   44208     2.0718       4385.2
    40   574911   82726     2.0220       4089.9
    58   1402652  543420    1.9790       3515.6
    63   1577668  160299    1.9859       2142.5
    42   614321   234101    1.9812       2029.6
    top-10: 42.6% of mass, 90.2% of excess-loss
Epoch 32: loss=1.971050  (5.85 sec, 65 subtrees, 225 chunks, 9313896 nodes)
  residual top-10 (subtree_mass × max(avg_loss − 1.971, 0)):
    rc   rootID   mass      avg_loss     score 
    39   493671   419607    2.0255       22839.8
    46   840714   415269    1.9861       6262.2
    6    309644   167551    2.0040       5512.4
    44   798168   118584    2.0130       4974.7
    40   574911   82726     2.0267       4605.7
    1    50944    1479765   1.9739       4247.6
    5    300532   44208     2.0619       4016.5
    58   1402652  543420    1.9762       2789.9
    63   1577668  160299    1.9862       2429.9
    57   1329804  377747    1.9772       2341.0
    top-10: 44.3% of mass, 87.9% of excess-loss
Epoch 33: loss=1.960711  (5.83 sec, 65 subtrees, 225 chunks, 9313896 nodes)
  residual top-10 (subtree_mass × max(avg_loss − 1.961, 0)):
    rc   rootID   mass      avg_loss     score 
    39   493671   419607    2.0117       21412.5
    1    50944    1479765   1.9741       19779.5
    6    309644   167551    2.0049       7407.8
    46   840714   415269    1.9767       6655.2
    44   798168   118584    2.0030       5020.0
    40   574911   82726     2.0212       5000.0
    5    300532   44208     2.0543       4137.1
    42   614321   234101    1.9735       2998.5
    63   1577668  160299    1.9718       1772.4
    41   591555   114034    1.9699       1049.6
    top-10: 37.6% of mass, 97.2% of excess-loss
Epoch 34: loss=1.951691  (5.86 sec, 65 subtrees, 225 chunks, 9313896 nodes)
  residual top-10 (subtree_mass × max(avg_loss − 1.952, 0)):
    rc   rootID   mass      avg_loss     score 
    1    50944    1479765   1.9663       21603.8
    39   493671   419607    1.9961       18619.3
    6    309644   167551    1.9944       7151.1
    46   840714   415269    1.9669       6320.4
    44   798168   118584    1.9954       5183.9
    40   574911   82726     2.0087       4715.3
    5    300532   44208     2.0449       4121.1
    42   614321   234101    1.9616       2324.2
    63   1577668  160299    1.9648       2105.4
    41   591555   114034    1.9608       1034.8
    top-10: 37.6% of mass, 96.4% of excess-loss
Epoch 35: loss=1.945133  (5.83 sec, 65 subtrees, 225 chunks, 9313896 nodes)
  residual top-10 (subtree_mass × max(avg_loss − 1.945, 0)):
    rc   rootID   mass      avg_loss     score 
    39   493671   419607    1.9902       18929.3
    1    50944    1479765   1.9561       16293.3
    46   840714   415269    1.9625       7198.0
    6    309644   167551    1.9879       7165.6
    44   798168   118584    1.9886       5156.2
    40   574911   82726     2.0042       4882.3
    5    300532   44208     2.0339       3925.8
    42   614321   234101    1.9571       2794.4
    63   1577668  160299    1.9599       2362.3
    41   591555   114034    1.9556       1198.5
    top-10: 37.6% of mass, 94.2% of excess-loss
Epoch 36: loss=1.939299  (5.85 sec, 65 subtrees, 225 chunks, 9313896 nodes)
  residual top-10 (subtree_mass × max(avg_loss − 1.939, 0)):
    rc   rootID   mass      avg_loss     score 
    39   493671   419607    1.9824       18094.5
    1    50944    1479765   1.9505       16566.1
    46   840714   415269    1.9559       6914.5
    6    309644   167551    1.9804       6887.8
    44   798168   118584    1.9838       5272.2
    40   574911   82726     2.0008       5085.2
    5    300532   44208     2.0269       3871.5
    42   614321   234101    1.9505       2632.4
    63   1577668  160299    1.9541       2367.6
    41   591555   114034    1.9506       1283.6
    top-10: 37.6% of mass, 93.3% of excess-loss
Epoch 37: loss=1.936663  (5.84 sec, 65 subtrees, 225 chunks, 9313896 nodes)
  residual top-10 (subtree_mass × max(avg_loss − 1.937, 0)):
    rc   rootID   mass      avg_loss     score 
    39   493671   419607    1.9781       17385.4
    1    50944    1479765   1.9456       13174.9
    46   840714   415269    1.9543       7316.7
    6    309644   167551    1.9769       6745.7
    44   798168   118584    1.9817       5345.6
    40   574911   82726     1.9978       5054.3
    5    300532   44208     2.0208       3720.9
    42   614321   234101    1.9499       3103.5
    63   1577668  160299    1.9501       2160.5
    41   591555   114034    1.9488       1382.4
    top-10: 37.6% of mass, 91.1% of excess-loss
Epoch 38: loss=1.932785  (5.85 sec, 65 subtrees, 225 chunks, 9313896 nodes)
  residual top-10 (subtree_mass × max(avg_loss − 1.933, 0)):
    rc   rootID   mass      avg_loss     score 
    39   493671   419607    1.9718       16372.6
    1    50944    1479765   1.9431       15200.0
    46   840714   415269    1.9507       7440.1
    6    309644   167551    1.9733       6789.2
    44   798168   118584    1.9782       5389.3
    40   574911   82726     1.9952       5166.3
    5    300532   44208     2.0151       3640.9
    42   614321   234101    1.9463       3157.4
    63   1577668  160299    1.9463       2171.4
    47   915694   343840    1.9370       1445.5
    top-10: 40.3% of mass, 91.6% of excess-loss
Epoch 39: loss=1.928905  (5.84 sec, 65 subtrees, 225 chunks, 9313896 nodes)
  residual top-10 (subtree_mass × max(avg_loss − 1.929, 0)):
    rc   rootID   mass      avg_loss     score 
    1    50944    1479765   1.9390       15001.5
    39   493671   419607    1.9644       14894.3
    46   840714   415269    1.9471       7575.4
    6    309644   167551    1.9689       6693.5
    44   798168   118584    1.9744       5395.5
    40   574911   82726     1.9916       5189.6
    5    300532   44208     2.0104       3603.0
    42   614321   234101    1.9433       3375.4
    63   1577668  160299    1.9433       2313.6
    41   591555   114034    1.9441       1730.3
    top-10: 37.6% of mass, 89.7% of excess-loss
Epoch 40: loss=1.926191  (5.83 sec, 65 subtrees, 225 chunks, 9313896 nodes)
  residual top-10 (subtree_mass × max(avg_loss − 1.926, 0)):
    rc   rootID   mass      avg_loss     score 
    1    50944    1479765   1.9361       14730.8
    39   493671   419607    1.9587       13651.7
    46   840714   415269    1.9442       7491.0
    6    309644   167551    1.9651       6522.1
    44   798168   118584    1.9720       5427.3
    40   574911   82726     1.9900       5282.1
    5    300532   44208     2.0043       3454.3
    42   614321   234101    1.9405       3351.3
    63   1577668  160299    1.9401       2223.2
    58   1402652  543420    1.9299       2029.0
    top-10: 42.6% of mass, 88.3% of excess-loss
Epoch 41: loss=1.923876  (5.83 sec, 65 subtrees, 225 chunks, 9313896 nodes)
  residual top-10 (subtree_mass × max(avg_loss − 1.924, 0)):
    rc   rootID   mass      avg_loss     score 
    1    50944    1479765   1.9330       13539.1
    39   493671   419607    1.9548       12966.2
    46   840714   415269    1.9428       7849.3
    6    309644   167551    1.9620       6386.0
    44   798168   118584    1.9708       5559.2
    40   574911   82726     1.9873       5246.7
    42   614321   234101    1.9402       3820.8
    5    300532   44208     1.9996       3348.0
    63   1577668  160299    1.9387       2380.1
    58   1402652  543420    1.9277       2082.8
    top-10: 42.6% of mass, 88.1% of excess-loss
Epoch 42: loss=1.921446  (5.84 sec, 65 subtrees, 225 chunks, 9313896 nodes)
  residual top-10 (subtree_mass × max(avg_loss − 1.921, 0)):
    rc   rootID   mass      avg_loss     score 
    1    50944    1479765   1.9307       13732.4
    39   493671   419607    1.9495       11755.3
    46   840714   415269    1.9409       8072.4
    6    309644   167551    1.9583       6167.1
    44   798168   118584    1.9690       5644.1
    40   574911   82726     1.9835       5135.2
    42   614321   234101    1.9384       3972.0
    5    300532   44208     1.9961       3298.9
    63   1577668  160299    1.9350       2177.7
    58   1402652  543420    1.9253       2113.0
    top-10: 42.6% of mass, 86.8% of excess-loss
Epoch 43: loss=1.919819  (5.84 sec, 65 subtrees, 225 chunks, 9313896 nodes)
  residual top-10 (subtree_mass × max(avg_loss − 1.920, 0)):
    rc   rootID   mass      avg_loss     score 
    1    50944    1479765   1.9285       12777.1
    39   493671   419607    1.9443       10283.2
    46   840714   415269    1.9401       8435.3
    6    309644   167551    1.9571       6243.4
    44   798168   118584    1.9675       5651.0
    40   574911   82726     1.9817       5115.2
    42   614321   234101    1.9372       4064.6
    5    300532   44208     1.9929       3229.9
    58   1402652  543420    1.9245       2566.9
    63   1577668  160299    1.9348       2395.0
    top-10: 42.6% of mass, 85.9% of excess-loss
Epoch 44: loss=1.918949  (5.83 sec, 65 subtrees, 225 chunks, 9313896 nodes)
  residual top-10 (subtree_mass × max(avg_loss − 1.919, 0)):
    rc   rootID   mass      avg_loss     score 
    1    50944    1479765   1.9275       12674.6
    39   493671   419607    1.9403       8946.0
    46   840714   415269    1.9399       8693.3
    6    309644   167551    1.9552       6069.5
    44   798168   118584    1.9674       5743.4
    40   574911   82726     1.9786       4933.6
    42   614321   234101    1.9362       4032.0
    5    300532   44208     1.9910       3187.1
    58   1402652  543420    1.9241       2809.8
    63   1577668  160299    1.9336       2342.9
    top-10: 42.6% of mass, 84.9% of excess-loss
Epoch 45: loss=1.918432  (5.84 sec, 65 subtrees, 225 chunks, 9313896 nodes)
  residual top-10 (subtree_mass × max(avg_loss − 1.918, 0)):
    rc   rootID   mass      avg_loss     score 
    1    50944    1479765   1.9268       12377.4
    46   840714   415269    1.9402       9052.3
    39   493671   419607    1.9364       7533.4
    44   798168   118584    1.9688       5977.9
    6    309644   167551    1.9539       5938.5
    40   574911   82726     1.9763       4789.4
    42   614321   234101    1.9358       4054.6
    5    300532   44208     1.9904       3181.7
    58   1402652  543420    1.9239       2986.2
    47   915694   343840    1.9249       2218.1
    top-10: 44.8% of mass, 84.2% of excess-loss
Epoch 46: loss=1.918120  (5.82 sec, 65 subtrees, 225 chunks, 9313896 nodes)
  residual top-10 (subtree_mass × max(avg_loss − 1.918, 0)):
    rc   rootID   mass      avg_loss     score 
    1    50944    1479765   1.9268       12794.8
    46   840714   415269    1.9407       9379.8
    39   493671   419607    1.9325       6043.2
    44   798168   118584    1.9688       6004.7
    6    309644   167551    1.9525       5758.9
    40   574911   82726     1.9725       4497.6
    42   614321   234101    1.9344       3815.1
    58   1402652  543420    1.9243       3383.2
    5    300532   44208     1.9890       3132.9
    47   915694   343840    1.9255       2531.3
    top-10: 44.8% of mass, 83.4% of excess-loss
Epoch 47: loss=1.917734  (5.85 sec, 65 subtrees, 225 chunks, 9313896 nodes)
  residual top-10 (subtree_mass × max(avg_loss − 1.918, 0)):
    rc   rootID   mass      avg_loss     score 
    1    50944    1479765   1.9266       13082.8
    46   840714   415269    1.9409       9623.3
    44   798168   118584    1.9677       5927.1
    6    309644   167551    1.9527       5864.3
    39   493671   419607    1.9286       4574.0
    40   574911   82726     1.9677       4132.6
    58   1402652  543420    1.9250       3942.4
    42   614321   234101    1.9324       3440.8
    5    300532   44208     1.9899       3188.8
    47   915694   343840    1.9253       2616.8
    top-10: 44.8% of mass, 82.0% of excess-loss
Epoch 48: loss=1.917284  (5.82 sec, 65 subtrees, 225 chunks, 9313896 nodes)
  residual top-10 (subtree_mass × max(avg_loss − 1.917, 0)):
    rc   rootID   mass      avg_loss     score 
    1    50944    1479765   1.9272       14705.0
    46   840714   415269    1.9399       9408.5
    44   798168   118584    1.9662       5796.7
    6    309644   167551    1.9511       5658.7
    58   1402652  543420    1.9256       4542.5
    40   574911   82726     1.9638       3846.8
    5    300532   44208     1.9893       3185.8
    42   614321   234101    1.9305       3094.3
    39   493671   419607    1.9244       2982.0
    47   915694   343840    1.9249       2619.5
    top-10: 44.8% of mass, 80.4% of excess-loss
Epoch 49: loss=1.916728  (5.85 sec, 65 subtrees, 225 chunks, 9313896 nodes)
  residual top-10 (subtree_mass × max(avg_loss − 1.917, 0)):
    rc   rootID   mass      avg_loss     score 
    1    50944    1479765   1.9284       17333.2
    46   840714   415269    1.9384       9014.4
    6    309644   167551    1.9505       5657.1
    44   798168   118584    1.9629       5470.6
    58   1402652  543420    1.9262       5126.9
    40   574911   82726     1.9606       3628.7
    5    300532   44208     1.9911       3289.4
    63   1577668  160299    1.9338       2729.5
    42   614321   234101    1.9277       2559.8
    47   915694   343840    1.9238       2426.0
    top-10: 41.8% of mass, 80.7% of excess-loss
Epoch 50: loss=1.916573  (5.82 sec, 65 subtrees, 225 chunks, 9313896 nodes)
  residual top-10 (subtree_mass × max(avg_loss − 1.917, 0)):
    rc   rootID   mass      avg_loss     score 
    1    50944    1479765   1.9296       19246.0
    46   840714   415269    1.9379       8862.4
    6    309644   167551    1.9502       5630.0
    44   798168   118584    1.9622       5410.8
    58   1402652  543420    1.9262       5255.5
    40   574911   82726     1.9593       3537.3
    5    300532   44208     1.9924       3351.3
    63   1577668  160299    1.9340       2786.0
    42   614321   234101    1.9276       2572.5
    47   915694   343840    1.9230       2197.0
    top-10: 41.8% of mass, 81.6% of excess-loss
Saved to /home/trans/Projects/agpt/rnd/per-rc-adam-v1/models/per_rc_seed100.model
Done.
  Appended optimizer state to /home/trans/Projects/agpt/rnd/per-rc-adam-v1/models/per_rc_seed100.model (adam_t=3250)
