AGPT CUDA Trainer V2
  mode: train-epoch
  model: d=64 heads=4 layers=2 ff=256 vocab=65 seq=128 head_dim=16
  trie: 1607928 radix nodes, 9313896 edge chars, 17 endpoint depths
  config: epochs=10 lr=0.003000 schedule=warmup-cosine warmup_epochs=1 partition_depth=1 chunk_queries=50000 accumulate=false
  cache contract: K=post-RoPE compact_slot_indexed=true
  pd=1 plan: 65 root-child training units, 1607927 node-visits, 9313896 query positions,
             1038113 compact chars, ~225 chunks/epoch at chunk_queries=50000
  largest-by-query unit: rc=50944 nodes=246583 queries=1265315 compact_chars=158106 depth=16 est_chunks=26
  largest-by-compact unit: rc=50944 nodes=246583 queries=1265315 compact_chars=158106 depth=16 est_chunks=26
  largest unit chunk preview:
    chunk 0: node_range=[0,38234) nodes=38234 queries=50000 compact_chars=50000
    chunk 1: node_range=[38234,66960) nodes=28726 queries=50000 compact_chars=50000
    chunk 2: node_range=[66960,81941) nodes=14981 queries=49997 compact_chars=41664
  first chunk metadata: N=38234 T_q=50000 T_kv=264906 T_anc=214906 max_kv_len=9
  runtime contract:
    cache: compact_chars=1038113 layers=2 d_model=64 total=531.5 MB (post-RoPE K, managed=true)
    chunk: query_cap=50000 node_cap=38234 kv_cap=285545 max_kv_len=16 total=1050.3 MB
    params+grads: 0.9 MB  optimizer: 0.9 MB  combined-estimate: 1583.5 MB
  runtime objects: instantiated successfully
  chunk upload: first chunk uploaded successfully
  train-epoch: epochs=10 units=65 accumulate=true optimizer=stateful RMSProp
  train-epoch: epoch 1/10
    unit 1/65 rc=1 chunks=5 trained_queries=248592 mean_loss=5.035825 lr=4.61538e-05 step=stateful RMSProp step applied
    unit 2/65 rc=50944 chunks=26 trained_queries=1265315 mean_loss=4.456812 lr=9.23077e-05 step=stateful RMSProp step applied
    unit 3/65 rc=297527 chunks=1 trained_queries=19135 mean_loss=3.880267 lr=0.000138462 step=stateful RMSProp step applied
    unit 4/65 rc=300526 chunks=1 trained_queries=16 mean_loss=3.400507 lr=0.000184615 step=stateful RMSProp step applied
    unit 5/65 rc=300527 chunks=1 trained_queries=41 mean_loss=4.483435 lr=0.000230769 step=stateful RMSProp step applied
    unit 6/65 rc=300532 chunks=2 trained_queries=57603 mean_loss=3.896527 lr=0.000276923 step=stateful RMSProp step applied
    unit 7/65 rc=309644 chunks=4 trained_queries=153896 mean_loss=3.653192 lr=0.000323077 step=stateful RMSProp step applied
    unit 8/65 rc=338414 chunks=1 trained_queries=20361 mean_loss=3.777784 lr=0.000369231 step=stateful RMSProp step applied
    unit 9/65 rc=341198 chunks=1 trained_queries=37121 mean_loss=3.517593 lr=0.000415385 step=stateful RMSProp step applied
    unit 10/65 rc=349443 chunks=1 trained_queries=16 mean_loss=4.731475 lr=0.000461538 step=stateful RMSProp step applied
    unit 11/65 rc=349444 chunks=2 trained_queries=79335 mean_loss=3.572293 lr=0.000507692 step=stateful RMSProp step applied
    unit 12/65 rc=364300 chunks=1 trained_queries=31681 mean_loss=3.379167 lr=0.000553846 step=stateful RMSProp step applied
    unit 13/65 rc=369639 chunks=1 trained_queries=16802 mean_loss=3.475149 lr=0.0006 step=stateful RMSProp step applied
    unit 14/65 rc=372685 chunks=2 trained_queries=60358 mean_loss=3.345960 lr=0.000646154 step=stateful RMSProp step applied
    unit 15/65 rc=384066 chunks=1 trained_queries=20515 mean_loss=3.312088 lr=0.000692308 step=stateful RMSProp step applied
    unit 16/65 rc=387980 chunks=1 trained_queries=24039 mean_loss=3.330430 lr=0.000738462 step=stateful RMSProp step applied
    unit 17/65 rc=393192 chunks=1 trained_queries=13927 mean_loss=3.257639 lr=0.000784615 step=stateful RMSProp step applied
    unit 18/65 rc=395702 chunks=1 trained_queries=39049 mean_loss=3.240343 lr=0.000830769 step=stateful RMSProp step applied
    unit 19/65 rc=403670 chunks=1 trained_queries=12371 mean_loss=3.277015 lr=0.000876923 step=stateful RMSProp step applied
    unit 20/65 rc=406003 chunks=1 trained_queries=14425 mean_loss=3.293015 lr=0.000923077 step=stateful RMSProp step applied
    unit 21/65 rc=409004 chunks=1 trained_queries=22209 mean_loss=3.204343 lr=0.000969231 step=stateful RMSProp step applied
    unit 22/65 rc=413181 chunks=2 trained_queries=85392 mean_loss=3.217302 lr=0.00101538 step=stateful RMSProp step applied
    unit 23/65 rc=429612 chunks=1 trained_queries=2388 mean_loss=3.372097 lr=0.00106154 step=stateful RMSProp step applied
    unit 24/65 rc=430059 chunks=1 trained_queries=6910 mean_loss=3.223806 lr=0.00110769 step=stateful RMSProp step applied
    unit 25/65 rc=431468 chunks=1 trained_queries=27536 mean_loss=3.232064 lr=0.00115385 step=stateful RMSProp step applied
    unit 26/65 rc=436920 chunks=1 trained_queries=20922 mean_loss=3.242766 lr=0.0012 step=stateful RMSProp step applied
    unit 27/65 rc=440946 chunks=1 trained_queries=33835 mean_loss=3.158701 lr=0.00124615 step=stateful RMSProp step applied
    unit 28/65 rc=447521 chunks=1 trained_queries=41580 mean_loss=3.177686 lr=0.00129231 step=stateful RMSProp step applied
    unit 29/65 rc=455318 chunks=1 trained_queries=11281 mean_loss=3.301902 lr=0.00133846 step=stateful RMSProp step applied
    unit 30/65 rc=457596 chunks=1 trained_queries=368 mean_loss=3.274270 lr=0.00138462 step=stateful RMSProp step applied
    unit 31/65 rc=457660 chunks=1 trained_queries=33586 mean_loss=3.216899 lr=0.00143077 step=stateful RMSProp step applied
    unit 32/65 rc=464280 chunks=1 trained_queries=34526 mean_loss=3.216169 lr=0.00147692 step=stateful RMSProp step applied
    unit 33/65 rc=470512 chunks=2 trained_queries=56078 mean_loss=3.069967 lr=0.00152308 step=stateful RMSProp step applied
    unit 34/65 rc=480616 chunks=1 trained_queries=19413 mean_loss=3.302342 lr=0.00156923 step=stateful RMSProp step applied
    unit 35/65 rc=484674 chunks=1 trained_queries=5304 mean_loss=3.377198 lr=0.00161538 step=stateful RMSProp step applied
    unit 36/65 rc=485758 chunks=1 trained_queries=26869 mean_loss=3.139848 lr=0.00166154 step=stateful RMSProp step applied
    unit 37/65 rc=490864 chunks=1 trained_queries=944 mean_loss=3.094825 lr=0.00170769 step=stateful RMSProp step applied
    unit 38/65 rc=491028 chunks=1 trained_queries=13312 mean_loss=3.153918 lr=0.00175385 step=stateful RMSProp step applied
    unit 39/65 rc=493390 chunks=1 trained_queries=1500 mean_loss=3.012104 lr=0.0018 step=stateful RMSProp step applied
    unit 40/65 rc=493671 chunks=10 trained_queries=499895 mean_loss=3.365059 lr=0.00184615 step=stateful RMSProp step applied
    unit 41/65 rc=574911 chunks=3 trained_queries=103409 mean_loss=8.072551 lr=0.00189231 step=stateful RMSProp step applied
    unit 42/65 rc=591555 chunks=3 trained_queries=142219 mean_loss=5.408473 lr=0.00193846 step=stateful RMSProp step applied
    unit 43/65 rc=614321 chunks=6 trained_queries=280413 mean_loss=4.217604 lr=0.00198462 step=stateful RMSProp step applied
    unit 44/65 rc=660187 chunks=17 trained_queries=823962 mean_loss=4.127705 lr=0.00203077 step=stateful RMSProp step applied
    unit 45/65 rc=798168 chunks=3 trained_queries=141231 mean_loss=4.427053 lr=0.00207692 step=stateful RMSProp step applied
    unit 46/65 rc=821318 chunks=3 trained_queries=126165 mean_loss=3.716552 lr=0.00212308 step=stateful RMSProp step applied
    unit 47/65 rc=840714 chunks=9 trained_queries=429033 mean_loss=3.490329 lr=0.00216923 step=stateful RMSProp step applied
    unit 48/65 rc=915694 chunks=9 trained_queries=408105 mean_loss=3.439581 lr=0.00221538 step=stateful RMSProp step applied
    unit 49/65 rc=981868 chunks=1 trained_queries=6093 mean_loss=3.643161 lr=0.00226154 step=stateful RMSProp step applied
    unit 50/65 rc=982783 chunks=2 trained_queries=66629 mean_loss=3.435154 lr=0.00230769 step=stateful RMSProp step applied
    unit 51/65 rc=993056 chunks=7 trained_queries=308363 mean_loss=3.325154 lr=0.00235385 step=stateful RMSProp step applied
    unit 52/65 rc=1041804 chunks=4 trained_queries=199126 mean_loss=3.260196 lr=0.0024 step=stateful RMSProp step applied
    unit 53/65 rc=1074317 chunks=9 trained_queries=433526 mean_loss=3.201805 lr=0.00244615 step=stateful RMSProp step applied
    unit 54/65 rc=1145421 chunks=12 trained_queries=579167 mean_loss=3.200436 lr=0.00249231 step=stateful RMSProp step applied
    unit 55/65 rc=1241689 chunks=3 trained_queries=101120 mean_loss=3.322725 lr=0.00253846 step=stateful RMSProp step applied
    unit 56/65 rc=1257579 chunks=1 trained_queries=5491 mean_loss=3.284814 lr=0.00258462 step=stateful RMSProp step applied
    unit 57/65 rc=1258453 chunks=9 trained_queries=446222 mean_loss=3.189336 lr=0.00263077 step=stateful RMSProp step applied
    unit 58/65 rc=1329804 chunks=9 trained_queries=441016 mean_loss=3.650553 lr=0.00267692 step=stateful RMSProp step applied
    unit 59/65 rc=1402652 chunks=12 trained_queries=560431 mean_loss=4.146064 lr=0.00272308 step=stateful RMSProp step applied
    unit 60/65 rc=1500853 chunks=5 trained_queries=245522 mean_loss=3.973503 lr=0.00276923 step=stateful RMSProp step applied
    unit 61/65 rc=1539801 chunks=2 trained_queries=71112 mean_loss=3.400585 lr=0.00281538 step=stateful RMSProp step applied
    unit 62/65 rc=1551260 chunks=4 trained_queries=154732 mean_loss=3.277821 lr=0.00286154 step=stateful RMSProp step applied
    unit 63/65 rc=1576860 chunks=1 trained_queries=5479 mean_loss=3.212130 lr=0.00290769 step=stateful RMSProp step applied
    unit 64/65 rc=1577668 chunks=4 trained_queries=173110 mean_loss=3.177804 lr=0.00295385 step=stateful RMSProp step applied
    unit 65/65 rc=1607401 chunks=1 trained_queries=3774 mean_loss=3.133533 lr=0.003 step=stateful RMSProp step applied
  train-epoch: epoch 1 summary trained_queries=9313896 mean_loss=3.809738
  train-epoch: epoch 2/10
    unit 1/65 rc=1 chunks=5 trained_queries=248592 mean_loss=2.996260 lr=0.003 step=stateful RMSProp step applied
    unit 2/65 rc=50944 chunks=26 trained_queries=1265315 mean_loss=3.105895 lr=0.00299998 step=stateful RMSProp step applied
    unit 3/65 rc=297527 chunks=1 trained_queries=19135 mean_loss=3.443493 lr=0.00299991 step=stateful RMSProp step applied
    unit 4/65 rc=300526 chunks=1 trained_queries=16 mean_loss=3.415877 lr=0.00299981 step=stateful RMSProp step applied
    unit 5/65 rc=300527 chunks=1 trained_queries=41 mean_loss=3.683079 lr=0.00299965 step=stateful RMSProp step applied
    unit 6/65 rc=300532 chunks=2 trained_queries=57603 mean_loss=3.224850 lr=0.00299946 step=stateful RMSProp step applied
    unit 7/65 rc=309644 chunks=4 trained_queries=153896 mean_loss=3.039257 lr=0.00299922 step=stateful RMSProp step applied
    unit 8/65 rc=338414 chunks=1 trained_queries=20361 mean_loss=3.159708 lr=0.00299894 step=stateful RMSProp step applied
    unit 9/65 rc=341198 chunks=1 trained_queries=37121 mean_loss=3.042124 lr=0.00299862 step=stateful RMSProp step applied
    unit 10/65 rc=349443 chunks=1 trained_queries=16 mean_loss=4.765303 lr=0.00299825 step=stateful RMSProp step applied
    unit 11/65 rc=349444 chunks=2 trained_queries=79335 mean_loss=3.029321 lr=0.00299784 step=stateful RMSProp step applied
    unit 12/65 rc=364300 chunks=1 trained_queries=31681 mean_loss=2.937172 lr=0.00299738 step=stateful RMSProp step applied
    unit 13/65 rc=369639 chunks=1 trained_queries=16802 mean_loss=3.077296 lr=0.00299689 step=stateful RMSProp step applied
    unit 14/65 rc=372685 chunks=2 trained_queries=60358 mean_loss=2.967724 lr=0.00299635 step=stateful RMSProp step applied
    unit 15/65 rc=384066 chunks=1 trained_queries=20515 mean_loss=2.965411 lr=0.00299576 step=stateful RMSProp step applied
    unit 16/65 rc=387980 chunks=1 trained_queries=24039 mean_loss=2.994740 lr=0.00299514 step=stateful RMSProp step applied
    unit 17/65 rc=393192 chunks=1 trained_queries=13927 mean_loss=2.946977 lr=0.00299447 step=stateful RMSProp step applied
    unit 18/65 rc=395702 chunks=1 trained_queries=39049 mean_loss=2.940977 lr=0.00299375 step=stateful RMSProp step applied
    unit 19/65 rc=403670 chunks=1 trained_queries=12371 mean_loss=2.954501 lr=0.002993 step=stateful RMSProp step applied
    unit 20/65 rc=406003 chunks=1 trained_queries=14425 mean_loss=2.983880 lr=0.0029922 step=stateful RMSProp step applied
    unit 21/65 rc=409004 chunks=1 trained_queries=22209 mean_loss=2.948294 lr=0.00299136 step=stateful RMSProp step applied
    unit 22/65 rc=413181 chunks=2 trained_queries=85392 mean_loss=2.907144 lr=0.00299047 step=stateful RMSProp step applied
    unit 23/65 rc=429612 chunks=1 trained_queries=2388 mean_loss=3.112672 lr=0.00298954 step=stateful RMSProp step applied
    unit 24/65 rc=430059 chunks=1 trained_queries=6910 mean_loss=2.934376 lr=0.00298857 step=stateful RMSProp step applied
    unit 25/65 rc=431468 chunks=1 trained_queries=27536 mean_loss=2.920190 lr=0.00298756 step=stateful RMSProp step applied
    unit 26/65 rc=436920 chunks=1 trained_queries=20922 mean_loss=2.911792 lr=0.0029865 step=stateful RMSProp step applied
    unit 27/65 rc=440946 chunks=1 trained_queries=33835 mean_loss=2.886600 lr=0.0029854 step=stateful RMSProp step applied
    unit 28/65 rc=447521 chunks=1 trained_queries=41580 mean_loss=2.901899 lr=0.00298426 step=stateful RMSProp step applied
    unit 29/65 rc=455318 chunks=1 trained_queries=11281 mean_loss=2.957624 lr=0.00298307 step=stateful RMSProp step applied
    unit 30/65 rc=457596 chunks=1 trained_queries=368 mean_loss=2.976317 lr=0.00298185 step=stateful RMSProp step applied
    unit 31/65 rc=457660 chunks=1 trained_queries=33586 mean_loss=2.903887 lr=0.00298058 step=stateful RMSProp step applied
    unit 32/65 rc=464280 chunks=1 trained_queries=34526 mean_loss=2.886590 lr=0.00297926 step=stateful RMSProp step applied
    unit 33/65 rc=470512 chunks=2 trained_queries=56078 mean_loss=2.851243 lr=0.00297791 step=stateful RMSProp step applied
    unit 34/65 rc=480616 chunks=1 trained_queries=19413 mean_loss=2.848370 lr=0.00297651 step=stateful RMSProp step applied
    unit 35/65 rc=484674 chunks=1 trained_queries=5304 mean_loss=2.928271 lr=0.00297507 step=stateful RMSProp step applied
    unit 36/65 rc=485758 chunks=1 trained_queries=26869 mean_loss=2.845724 lr=0.00297358 step=stateful RMSProp step applied
    unit 37/65 rc=490864 chunks=1 trained_queries=944 mean_loss=2.864344 lr=0.00297206 step=stateful RMSProp step applied
    unit 38/65 rc=491028 chunks=1 trained_queries=13312 mean_loss=2.883220 lr=0.00297049 step=stateful RMSProp step applied
    unit 39/65 rc=493390 chunks=1 trained_queries=1500 mean_loss=2.768049 lr=0.00296887 step=stateful RMSProp step applied
    unit 40/65 rc=493671 chunks=10 trained_queries=499895 mean_loss=3.008945 lr=0.00296722 step=stateful RMSProp step applied
    unit 41/65 rc=574911 chunks=3 trained_queries=103409 mean_loss=3.020685 lr=0.00296553 step=stateful RMSProp step applied
    unit 42/65 rc=591555 chunks=3 trained_queries=142219 mean_loss=2.924920 lr=0.00296379 step=stateful RMSProp step applied
    unit 43/65 rc=614321 chunks=6 trained_queries=280413 mean_loss=2.901434 lr=0.00296201 step=stateful RMSProp step applied
    unit 44/65 rc=660187 chunks=17 trained_queries=823962 mean_loss=2.857404 lr=0.00296018 step=stateful RMSProp step applied
    unit 45/65 rc=798168 chunks=3 trained_queries=141231 mean_loss=2.892603 lr=0.00295832 step=stateful RMSProp step applied
    unit 46/65 rc=821318 chunks=3 trained_queries=126165 mean_loss=2.863809 lr=0.00295641 step=stateful RMSProp step applied
    unit 47/65 rc=840714 chunks=9 trained_queries=429033 mean_loss=2.807366 lr=0.00295446 step=stateful RMSProp step applied
    unit 48/65 rc=915694 chunks=9 trained_queries=408105 mean_loss=2.850404 lr=0.00295247 step=stateful RMSProp step applied
    unit 49/65 rc=981868 chunks=1 trained_queries=6093 mean_loss=3.100968 lr=0.00295044 step=stateful RMSProp step applied
    unit 50/65 rc=982783 chunks=2 trained_queries=66629 mean_loss=2.929396 lr=0.00294837 step=stateful RMSProp step applied
    unit 51/65 rc=993056 chunks=7 trained_queries=308363 mean_loss=2.812116 lr=0.00294625 step=stateful RMSProp step applied
    unit 52/65 rc=1041804 chunks=4 trained_queries=199126 mean_loss=2.827312 lr=0.00294409 step=stateful RMSProp step applied
    unit 53/65 rc=1074317 chunks=9 trained_queries=433526 mean_loss=2.769093 lr=0.00294189 step=stateful RMSProp step applied
    unit 54/65 rc=1145421 chunks=12 trained_queries=579167 mean_loss=2.796476 lr=0.00293965 step=stateful RMSProp step applied
    unit 55/65 rc=1241689 chunks=3 trained_queries=101120 mean_loss=3.165203 lr=0.00293737 step=stateful RMSProp step applied
    unit 56/65 rc=1257579 chunks=1 trained_queries=5491 mean_loss=2.944623 lr=0.00293504 step=stateful RMSProp step applied
    unit 57/65 rc=1258453 chunks=9 trained_queries=446222 mean_loss=2.784328 lr=0.00293268 step=stateful RMSProp step applied
    unit 58/65 rc=1329804 chunks=9 trained_queries=441016 mean_loss=2.845284 lr=0.00293027 step=stateful RMSProp step applied
    unit 59/65 rc=1402652 chunks=12 trained_queries=560431 mean_loss=3.093650 lr=0.00292782 step=stateful RMSProp step applied
    unit 60/65 rc=1500853 chunks=5 trained_queries=245522 mean_loss=3.120034 lr=0.00292533 step=stateful RMSProp step applied
    unit 61/65 rc=1539801 chunks=2 trained_queries=71112 mean_loss=2.874580 lr=0.0029228 step=stateful RMSProp step applied
    unit 62/65 rc=1551260 chunks=4 trained_queries=154732 mean_loss=2.810008 lr=0.00292023 step=stateful RMSProp step applied
    unit 63/65 rc=1576860 chunks=1 trained_queries=5479 mean_loss=2.804193 lr=0.00291762 step=stateful RMSProp step applied
    unit 64/65 rc=1577668 chunks=4 trained_queries=173110 mean_loss=2.777470 lr=0.00291497 step=stateful RMSProp step applied
    unit 65/65 rc=1607401 chunks=1 trained_queries=3774 mean_loss=2.790845 lr=0.00291227 step=stateful RMSProp step applied
  train-epoch: epoch 2 summary trained_queries=9313896 mean_loss=2.927988
  train-epoch: epoch 3/10
    unit 1/65 rc=1 chunks=5 trained_queries=248592 mean_loss=2.711413 lr=0.00290954 step=stateful RMSProp step applied
    unit 2/65 rc=50944 chunks=26 trained_queries=1265315 mean_loss=2.726210 lr=0.00290676 step=stateful RMSProp step applied
    unit 3/65 rc=297527 chunks=1 trained_queries=19135 mean_loss=3.459975 lr=0.00290395 step=stateful RMSProp step applied
    unit 4/65 rc=300526 chunks=1 trained_queries=16 mean_loss=3.052942 lr=0.00290109 step=stateful RMSProp step applied
    unit 5/65 rc=300527 chunks=1 trained_queries=41 mean_loss=2.887940 lr=0.00289819 step=stateful RMSProp step applied
    unit 6/65 rc=300532 chunks=2 trained_queries=57603 mean_loss=2.866325 lr=0.00289526 step=stateful RMSProp step applied
    unit 7/65 rc=309644 chunks=4 trained_queries=153896 mean_loss=2.711727 lr=0.00289228 step=stateful RMSProp step applied
    unit 8/65 rc=338414 chunks=1 trained_queries=20361 mean_loss=2.834736 lr=0.00288926 step=stateful RMSProp step applied
    unit 9/65 rc=341198 chunks=1 trained_queries=37121 mean_loss=2.815435 lr=0.0028862 step=stateful RMSProp step applied
    unit 10/65 rc=349443 chunks=1 trained_queries=16 mean_loss=4.549938 lr=0.00288311 step=stateful RMSProp step applied
    unit 11/65 rc=349444 chunks=2 trained_queries=79335 mean_loss=2.838156 lr=0.00287997 step=stateful RMSProp step applied
    unit 12/65 rc=364300 chunks=1 trained_queries=31681 mean_loss=2.702555 lr=0.00287679 step=stateful RMSProp step applied
    unit 13/65 rc=369639 chunks=1 trained_queries=16802 mean_loss=2.818120 lr=0.00287357 step=stateful RMSProp step applied
    unit 14/65 rc=372685 chunks=2 trained_queries=60358 mean_loss=2.731146 lr=0.00287032 step=stateful RMSProp step applied
    unit 15/65 rc=384066 chunks=1 trained_queries=20515 mean_loss=2.732041 lr=0.00286702 step=stateful RMSProp step applied
    unit 16/65 rc=387980 chunks=1 trained_queries=24039 mean_loss=2.740200 lr=0.00286369 step=stateful RMSProp step applied
    unit 17/65 rc=393192 chunks=1 trained_queries=13927 mean_loss=2.714931 lr=0.00286031 step=stateful RMSProp step applied
    unit 18/65 rc=395702 chunks=1 trained_queries=39049 mean_loss=2.685896 lr=0.0028569 step=stateful RMSProp step applied
    unit 19/65 rc=403670 chunks=1 trained_queries=12371 mean_loss=2.710646 lr=0.00285344 step=stateful RMSProp step applied
    unit 20/65 rc=406003 chunks=1 trained_queries=14425 mean_loss=2.721901 lr=0.00284995 step=stateful RMSProp step applied
    unit 21/65 rc=409004 chunks=1 trained_queries=22209 mean_loss=2.717875 lr=0.00284642 step=stateful RMSProp step applied
    unit 22/65 rc=413181 chunks=2 trained_queries=85392 mean_loss=2.656383 lr=0.00284285 step=stateful RMSProp step applied
    unit 23/65 rc=429612 chunks=1 trained_queries=2388 mean_loss=2.797032 lr=0.00283924 step=stateful RMSProp step applied
    unit 24/65 rc=430059 chunks=1 trained_queries=6910 mean_loss=2.697191 lr=0.00283559 step=stateful RMSProp step applied
    unit 25/65 rc=431468 chunks=1 trained_queries=27536 mean_loss=2.683214 lr=0.00283191 step=stateful RMSProp step applied
    unit 26/65 rc=436920 chunks=1 trained_queries=20922 mean_loss=2.674481 lr=0.00282818 step=stateful RMSProp step applied
    unit 27/65 rc=440946 chunks=1 trained_queries=33835 mean_loss=2.644431 lr=0.00282442 step=stateful RMSProp step applied
    unit 28/65 rc=447521 chunks=1 trained_queries=41580 mean_loss=2.662140 lr=0.00282062 step=stateful RMSProp step applied
    unit 29/65 rc=455318 chunks=1 trained_queries=11281 mean_loss=2.674766 lr=0.00281678 step=stateful RMSProp step applied
    unit 30/65 rc=457596 chunks=1 trained_queries=368 mean_loss=2.707800 lr=0.0028129 step=stateful RMSProp step applied
    unit 31/65 rc=457660 chunks=1 trained_queries=33586 mean_loss=2.666176 lr=0.00280899 step=stateful RMSProp step applied
    unit 32/65 rc=464280 chunks=1 trained_queries=34526 mean_loss=2.653051 lr=0.00280504 step=stateful RMSProp step applied
    unit 33/65 rc=470512 chunks=2 trained_queries=56078 mean_loss=2.645579 lr=0.00280105 step=stateful RMSProp step applied
    unit 34/65 rc=480616 chunks=1 trained_queries=19413 mean_loss=2.605913 lr=0.00279702 step=stateful RMSProp step applied
    unit 35/65 rc=484674 chunks=1 trained_queries=5304 mean_loss=2.666707 lr=0.00279295 step=stateful RMSProp step applied
    unit 36/65 rc=485758 chunks=1 trained_queries=26869 mean_loss=2.645613 lr=0.00278885 step=stateful RMSProp step applied
    unit 37/65 rc=490864 chunks=1 trained_queries=944 mean_loss=2.626245 lr=0.00278471 step=stateful RMSProp step applied
    unit 38/65 rc=491028 chunks=1 trained_queries=13312 mean_loss=2.658073 lr=0.00278054 step=stateful RMSProp step applied
    unit 39/65 rc=493390 chunks=1 trained_queries=1500 mean_loss=2.546535 lr=0.00277632 step=stateful RMSProp step applied
    unit 40/65 rc=493671 chunks=10 trained_queries=499895 mean_loss=2.695019 lr=0.00277207 step=stateful RMSProp step applied
    unit 41/65 rc=574911 chunks=3 trained_queries=103409 mean_loss=2.712119 lr=0.00276778 step=stateful RMSProp step applied
    unit 42/65 rc=591555 chunks=3 trained_queries=142219 mean_loss=2.633064 lr=0.00276346 step=stateful RMSProp step applied
    unit 43/65 rc=614321 chunks=6 trained_queries=280413 mean_loss=2.616000 lr=0.0027591 step=stateful RMSProp step applied
    unit 44/65 rc=660187 chunks=17 trained_queries=823962 mean_loss=2.589855 lr=0.00275471 step=stateful RMSProp step applied
    unit 45/65 rc=798168 chunks=3 trained_queries=141231 mean_loss=2.897946 lr=0.00275027 step=stateful RMSProp step applied
    unit 46/65 rc=821318 chunks=3 trained_queries=126165 mean_loss=2.722616 lr=0.0027458 step=stateful RMSProp step applied
    unit 47/65 rc=840714 chunks=9 trained_queries=429033 mean_loss=2.595412 lr=0.0027413 step=stateful RMSProp step applied
    unit 48/65 rc=915694 chunks=9 trained_queries=408105 mean_loss=2.604240 lr=0.00273676 step=stateful RMSProp step applied
    unit 49/65 rc=981868 chunks=1 trained_queries=6093 mean_loss=2.694753 lr=0.00273218 step=stateful RMSProp step applied
    unit 50/65 rc=982783 chunks=2 trained_queries=66629 mean_loss=2.665273 lr=0.00272757 step=stateful RMSProp step applied
    unit 51/65 rc=993056 chunks=7 trained_queries=308363 mean_loss=2.568070 lr=0.00272293 step=stateful RMSProp step applied
    unit 52/65 rc=1041804 chunks=4 trained_queries=199126 mean_loss=2.564290 lr=0.00271824 step=stateful RMSProp step applied
    unit 53/65 rc=1074317 chunks=9 trained_queries=433526 mean_loss=2.535993 lr=0.00271353 step=stateful RMSProp step applied
    unit 54/65 rc=1145421 chunks=12 trained_queries=579167 mean_loss=2.541240 lr=0.00270877 step=stateful RMSProp step applied
    unit 55/65 rc=1241689 chunks=3 trained_queries=101120 mean_loss=2.786188 lr=0.00270399 step=stateful RMSProp step applied
    unit 56/65 rc=1257579 chunks=1 trained_queries=5491 mean_loss=2.683183 lr=0.00269916 step=stateful RMSProp step applied
    unit 57/65 rc=1258453 chunks=9 trained_queries=446222 mean_loss=2.526777 lr=0.00269431 step=stateful RMSProp step applied
    unit 58/65 rc=1329804 chunks=9 trained_queries=441016 mean_loss=2.517659 lr=0.00268942 step=stateful RMSProp step applied
    unit 59/65 rc=1402652 chunks=12 trained_queries=560431 mean_loss=2.582865 lr=0.00268449 step=stateful RMSProp step applied
    unit 60/65 rc=1500853 chunks=5 trained_queries=245522 mean_loss=2.847197 lr=0.00267953 step=stateful RMSProp step applied
    unit 61/65 rc=1539801 chunks=2 trained_queries=71112 mean_loss=2.617083 lr=0.00267454 step=stateful RMSProp step applied
    unit 62/65 rc=1551260 chunks=4 trained_queries=154732 mean_loss=2.536136 lr=0.00266951 step=stateful RMSProp step applied
    unit 63/65 rc=1576860 chunks=1 trained_queries=5479 mean_loss=2.549928 lr=0.00266445 step=stateful RMSProp step applied
    unit 64/65 rc=1577668 chunks=4 trained_queries=173110 mean_loss=2.511360 lr=0.00265936 step=stateful RMSProp step applied
    unit 65/65 rc=1607401 chunks=1 trained_queries=3774 mean_loss=2.510692 lr=0.00265423 step=stateful RMSProp step applied
  train-epoch: epoch 3 summary trained_queries=9313896 mean_loss=2.636902
  train-epoch: epoch 4/10
    unit 1/65 rc=1 chunks=5 trained_queries=248592 mean_loss=2.470766 lr=0.00264907 step=stateful RMSProp step applied
    unit 2/65 rc=50944 chunks=26 trained_queries=1265315 mean_loss=2.480504 lr=0.00264387 step=stateful RMSProp step applied
    unit 3/65 rc=297527 chunks=1 trained_queries=19135 mean_loss=3.275380 lr=0.00263864 step=stateful RMSProp step applied
    unit 4/65 rc=300526 chunks=1 trained_queries=16 mean_loss=2.951180 lr=0.00263338 step=stateful RMSProp step applied
    unit 5/65 rc=300527 chunks=1 trained_queries=41 mean_loss=2.876887 lr=0.00262809 step=stateful RMSProp step applied
    unit 6/65 rc=300532 chunks=2 trained_queries=57603 mean_loss=2.894907 lr=0.00262277 step=stateful RMSProp step applied
    unit 7/65 rc=309644 chunks=4 trained_queries=153896 mean_loss=2.557355 lr=0.00261741 step=stateful RMSProp step applied
    unit 8/65 rc=338414 chunks=1 trained_queries=20361 mean_loss=2.684037 lr=0.00261202 step=stateful RMSProp step applied
    unit 9/65 rc=341198 chunks=1 trained_queries=37121 mean_loss=2.647442 lr=0.0026066 step=stateful RMSProp step applied
    unit 10/65 rc=349443 chunks=1 trained_queries=16 mean_loss=3.554632 lr=0.00260114 step=stateful RMSProp step applied
    unit 11/65 rc=349444 chunks=2 trained_queries=79335 mean_loss=2.709523 lr=0.00259566 step=stateful RMSProp step applied
    unit 12/65 rc=364300 chunks=1 trained_queries=31681 mean_loss=2.552523 lr=0.00259014 step=stateful RMSProp step applied
    unit 13/65 rc=369639 chunks=1 trained_queries=16802 mean_loss=2.616224 lr=0.00258459 step=stateful RMSProp step applied
    unit 14/65 rc=372685 chunks=2 trained_queries=60358 mean_loss=2.536897 lr=0.00257901 step=stateful RMSProp step applied
    unit 15/65 rc=384066 chunks=1 trained_queries=20515 mean_loss=2.558210 lr=0.0025734 step=stateful RMSProp step applied
    unit 16/65 rc=387980 chunks=1 trained_queries=24039 mean_loss=2.528302 lr=0.00256776 step=stateful RMSProp step applied
    unit 17/65 rc=393192 chunks=1 trained_queries=13927 mean_loss=2.520614 lr=0.00256208 step=stateful RMSProp step applied
    unit 18/65 rc=395702 chunks=1 trained_queries=39049 mean_loss=2.472702 lr=0.00255638 step=stateful RMSProp step applied
    unit 19/65 rc=403670 chunks=1 trained_queries=12371 mean_loss=2.534752 lr=0.00255065 step=stateful RMSProp step applied
    unit 20/65 rc=406003 chunks=1 trained_queries=14425 mean_loss=2.531249 lr=0.00254488 step=stateful RMSProp step applied
    unit 21/65 rc=409004 chunks=1 trained_queries=22209 mean_loss=2.529202 lr=0.00253909 step=stateful RMSProp step applied
    unit 22/65 rc=413181 chunks=2 trained_queries=85392 mean_loss=2.457430 lr=0.00253326 step=stateful RMSProp step applied
    unit 23/65 rc=429612 chunks=1 trained_queries=2388 mean_loss=2.615781 lr=0.00252741 step=stateful RMSProp step applied
    unit 24/65 rc=430059 chunks=1 trained_queries=6910 mean_loss=2.486271 lr=0.00252152 step=stateful RMSProp step applied
    unit 25/65 rc=431468 chunks=1 trained_queries=27536 mean_loss=2.449673 lr=0.00251561 step=stateful RMSProp step applied
    unit 26/65 rc=436920 chunks=1 trained_queries=20922 mean_loss=2.480357 lr=0.00250967 step=stateful RMSProp step applied
    unit 27/65 rc=440946 chunks=1 trained_queries=33835 mean_loss=2.441577 lr=0.0025037 step=stateful RMSProp step applied
    unit 28/65 rc=447521 chunks=1 trained_queries=41580 mean_loss=2.472755 lr=0.0024977 step=stateful RMSProp step applied
    unit 29/65 rc=455318 chunks=1 trained_queries=11281 mean_loss=2.463045 lr=0.00249167 step=stateful RMSProp step applied
    unit 30/65 rc=457596 chunks=1 trained_queries=368 mean_loss=2.509927 lr=0.00248561 step=stateful RMSProp step applied
    unit 31/65 rc=457660 chunks=1 trained_queries=33586 mean_loss=2.459245 lr=0.00247952 step=stateful RMSProp step applied
    unit 32/65 rc=464280 chunks=1 trained_queries=34526 mean_loss=2.458267 lr=0.00247341 step=stateful RMSProp step applied
    unit 33/65 rc=470512 chunks=2 trained_queries=56078 mean_loss=2.474978 lr=0.00246726 step=stateful RMSProp step applied
    unit 34/65 rc=480616 chunks=1 trained_queries=19413 mean_loss=2.405132 lr=0.00246109 step=stateful RMSProp step applied
    unit 35/65 rc=484674 chunks=1 trained_queries=5304 mean_loss=2.451286 lr=0.00245489 step=stateful RMSProp step applied
    unit 36/65 rc=485758 chunks=1 trained_queries=26869 mean_loss=2.470749 lr=0.00244867 step=stateful RMSProp step applied
    unit 37/65 rc=490864 chunks=1 trained_queries=944 mean_loss=2.413231 lr=0.00244241 step=stateful RMSProp step applied
    unit 38/65 rc=491028 chunks=1 trained_queries=13312 mean_loss=2.472125 lr=0.00243613 step=stateful RMSProp step applied
    unit 39/65 rc=493390 chunks=1 trained_queries=1500 mean_loss=2.370759 lr=0.00242983 step=stateful RMSProp step applied
    unit 40/65 rc=493671 chunks=10 trained_queries=499895 mean_loss=2.482250 lr=0.00242349 step=stateful RMSProp step applied
    unit 41/65 rc=574911 chunks=3 trained_queries=103409 mean_loss=2.504875 lr=0.00241713 step=stateful RMSProp step applied
    unit 42/65 rc=591555 chunks=3 trained_queries=142219 mean_loss=2.445653 lr=0.00241074 step=stateful RMSProp step applied
    unit 43/65 rc=614321 chunks=6 trained_queries=280413 mean_loss=2.438136 lr=0.00240433 step=stateful RMSProp step applied
    unit 44/65 rc=660187 chunks=17 trained_queries=823962 mean_loss=2.444378 lr=0.00239789 step=stateful RMSProp step applied
    unit 45/65 rc=798168 chunks=3 trained_queries=141231 mean_loss=3.841315 lr=0.00239142 step=stateful RMSProp step applied
    unit 46/65 rc=821318 chunks=3 trained_queries=126165 mean_loss=2.676064 lr=0.00238493 step=stateful RMSProp step applied
    unit 47/65 rc=840714 chunks=9 trained_queries=429033 mean_loss=2.538311 lr=0.00237842 step=stateful RMSProp step applied
    unit 48/65 rc=915694 chunks=9 trained_queries=408105 mean_loss=2.497164 lr=0.00237187 step=stateful RMSProp step applied
    unit 49/65 rc=981868 chunks=1 trained_queries=6093 mean_loss=2.525113 lr=0.00236531 step=stateful RMSProp step applied
    unit 50/65 rc=982783 chunks=2 trained_queries=66629 mean_loss=2.526108 lr=0.00235871 step=stateful RMSProp step applied
    unit 51/65 rc=993056 chunks=7 trained_queries=308363 mean_loss=2.445552 lr=0.0023521 step=stateful RMSProp step applied
    unit 52/65 rc=1041804 chunks=4 trained_queries=199126 mean_loss=2.448074 lr=0.00234546 step=stateful RMSProp step applied
    unit 53/65 rc=1074317 chunks=9 trained_queries=433526 mean_loss=2.429374 lr=0.00233879 step=stateful RMSProp step applied
    unit 54/65 rc=1145421 chunks=12 trained_queries=579167 mean_loss=2.436539 lr=0.0023321 step=stateful RMSProp step applied
    unit 55/65 rc=1241689 chunks=3 trained_queries=101120 mean_loss=2.853510 lr=0.00232538 step=stateful RMSProp step applied
    unit 56/65 rc=1257579 chunks=1 trained_queries=5491 mean_loss=2.632403 lr=0.00231865 step=stateful RMSProp step applied
    unit 57/65 rc=1258453 chunks=9 trained_queries=446222 mean_loss=2.448019 lr=0.00231189 step=stateful RMSProp step applied
    unit 58/65 rc=1329804 chunks=9 trained_queries=441016 mean_loss=2.424350 lr=0.0023051 step=stateful RMSProp step applied
    unit 59/65 rc=1402652 chunks=12 trained_queries=560431 mean_loss=2.445367 lr=0.00229829 step=stateful RMSProp step applied
    unit 60/65 rc=1500853 chunks=5 trained_queries=245522 mean_loss=2.626593 lr=0.00229146 step=stateful RMSProp step applied
    unit 61/65 rc=1539801 chunks=2 trained_queries=71112 mean_loss=2.490865 lr=0.00228461 step=stateful RMSProp step applied
    unit 62/65 rc=1551260 chunks=4 trained_queries=154732 mean_loss=2.417107 lr=0.00227773 step=stateful RMSProp step applied
    unit 63/65 rc=1576860 chunks=1 trained_queries=5479 mean_loss=2.444013 lr=0.00227083 step=stateful RMSProp step applied
    unit 64/65 rc=1577668 chunks=4 trained_queries=173110 mean_loss=2.404607 lr=0.00226391 step=stateful RMSProp step applied
    unit 65/65 rc=1607401 chunks=1 trained_queries=3774 mean_loss=2.403065 lr=0.00225697 step=stateful RMSProp step applied
  train-epoch: epoch 4 summary trained_queries=9313896 mean_loss=2.503980
  train-epoch: epoch 5/10
    unit 1/65 rc=1 chunks=5 trained_queries=248592 mean_loss=2.373934 lr=0.00225 step=stateful RMSProp step applied
    unit 2/65 rc=50944 chunks=26 trained_queries=1265315 mean_loss=2.382286 lr=0.00224301 step=stateful RMSProp step applied
    unit 3/65 rc=297527 chunks=1 trained_queries=19135 mean_loss=2.716630 lr=0.002236 step=stateful RMSProp step applied
    unit 4/65 rc=300526 chunks=1 trained_queries=16 mean_loss=2.617954 lr=0.00222898 step=stateful RMSProp step applied
    unit 5/65 rc=300527 chunks=1 trained_queries=41 mean_loss=2.477832 lr=0.00222192 step=stateful RMSProp step applied
    unit 6/65 rc=300532 chunks=2 trained_queries=57603 mean_loss=2.671275 lr=0.00221485 step=stateful RMSProp step applied
    unit 7/65 rc=309644 chunks=4 trained_queries=153896 mean_loss=2.434121 lr=0.00220776 step=stateful RMSProp step applied
    unit 8/65 rc=338414 chunks=1 trained_queries=20361 mean_loss=2.595493 lr=0.00220065 step=stateful RMSProp step applied
    unit 9/65 rc=341198 chunks=1 trained_queries=37121 mean_loss=2.470752 lr=0.00219352 step=stateful RMSProp step applied
    unit 10/65 rc=349443 chunks=1 trained_queries=16 mean_loss=2.826696 lr=0.00218636 step=stateful RMSProp step applied
    unit 11/65 rc=349444 chunks=2 trained_queries=79335 mean_loss=2.507976 lr=0.00217919 step=stateful RMSProp step applied
    unit 12/65 rc=364300 chunks=1 trained_queries=31681 mean_loss=2.437169 lr=0.002172 step=stateful RMSProp step applied
    unit 13/65 rc=369639 chunks=1 trained_queries=16802 mean_loss=2.484212 lr=0.00216479 step=stateful RMSProp step applied
    unit 14/65 rc=372685 chunks=2 trained_queries=60358 mean_loss=2.422855 lr=0.00215756 step=stateful RMSProp step applied
    unit 15/65 rc=384066 chunks=1 trained_queries=20515 mean_loss=2.425898 lr=0.00215031 step=stateful RMSProp step applied
    unit 16/65 rc=387980 chunks=1 trained_queries=24039 mean_loss=2.405587 lr=0.00214304 step=stateful RMSProp step applied
    unit 17/65 rc=393192 chunks=1 trained_queries=13927 mean_loss=2.418494 lr=0.00213575 step=stateful RMSProp step applied
    unit 18/65 rc=395702 chunks=1 trained_queries=39049 mean_loss=2.352534 lr=0.00212845 step=stateful RMSProp step applied
    unit 19/65 rc=403670 chunks=1 trained_queries=12371 mean_loss=2.432883 lr=0.00212112 step=stateful RMSProp step applied
    unit 20/65 rc=406003 chunks=1 trained_queries=14425 mean_loss=2.408355 lr=0.00211378 step=stateful RMSProp step applied
    unit 21/65 rc=409004 chunks=1 trained_queries=22209 mean_loss=2.411166 lr=0.00210642 step=stateful RMSProp step applied
    unit 22/65 rc=413181 chunks=2 trained_queries=85392 mean_loss=2.349591 lr=0.00209905 step=stateful RMSProp step applied
    unit 23/65 rc=429612 chunks=1 trained_queries=2388 mean_loss=2.497497 lr=0.00209165 step=stateful RMSProp step applied
    unit 24/65 rc=430059 chunks=1 trained_queries=6910 mean_loss=2.370623 lr=0.00208424 step=stateful RMSProp step applied
    unit 25/65 rc=431468 chunks=1 trained_queries=27536 mean_loss=2.339841 lr=0.00207681 step=stateful RMSProp step applied
    unit 26/65 rc=436920 chunks=1 trained_queries=20922 mean_loss=2.374167 lr=0.00206937 step=stateful RMSProp step applied
    unit 27/65 rc=440946 chunks=1 trained_queries=33835 mean_loss=2.332994 lr=0.00206191 step=stateful RMSProp step applied
    unit 28/65 rc=447521 chunks=1 trained_queries=41580 mean_loss=2.382645 lr=0.00205443 step=stateful RMSProp step applied
    unit 29/65 rc=455318 chunks=1 trained_queries=11281 mean_loss=2.341150 lr=0.00204694 step=stateful RMSProp step applied
    unit 30/65 rc=457596 chunks=1 trained_queries=368 mean_loss=2.361214 lr=0.00203943 step=stateful RMSProp step applied
    unit 31/65 rc=457660 chunks=1 trained_queries=33586 mean_loss=2.349833 lr=0.00203191 step=stateful RMSProp step applied
    unit 32/65 rc=464280 chunks=1 trained_queries=34526 mean_loss=2.351274 lr=0.00202437 step=stateful RMSProp step applied
    unit 33/65 rc=470512 chunks=2 trained_queries=56078 mean_loss=2.378570 lr=0.00201681 step=stateful RMSProp step applied
    unit 34/65 rc=480616 chunks=1 trained_queries=19413 mean_loss=2.306614 lr=0.00200924 step=stateful RMSProp step applied
    unit 35/65 rc=484674 chunks=1 trained_queries=5304 mean_loss=2.350746 lr=0.00200166 step=stateful RMSProp step applied
    unit 36/65 rc=485758 chunks=1 trained_queries=26869 mean_loss=2.370966 lr=0.00199406 step=stateful RMSProp step applied
    unit 37/65 rc=490864 chunks=1 trained_queries=944 mean_loss=2.295752 lr=0.00198645 step=stateful RMSProp step applied
    unit 38/65 rc=491028 chunks=1 trained_queries=13312 mean_loss=2.363976 lr=0.00197882 step=stateful RMSProp step applied
    unit 39/65 rc=493390 chunks=1 trained_queries=1500 mean_loss=2.243874 lr=0.00197118 step=stateful RMSProp step applied
    unit 40/65 rc=493671 chunks=10 trained_queries=499895 mean_loss=2.379617 lr=0.00196353 step=stateful RMSProp step applied
    unit 41/65 rc=574911 chunks=3 trained_queries=103409 mean_loss=2.397735 lr=0.00195586 step=stateful RMSProp step applied
    unit 42/65 rc=591555 chunks=3 trained_queries=142219 mean_loss=2.351953 lr=0.00194818 step=stateful RMSProp step applied
    unit 43/65 rc=614321 chunks=6 trained_queries=280413 mean_loss=2.349903 lr=0.00194048 step=stateful RMSProp step applied
    unit 44/65 rc=660187 chunks=17 trained_queries=823962 mean_loss=2.328285 lr=0.00193278 step=stateful RMSProp step applied
    unit 45/65 rc=798168 chunks=3 trained_queries=141231 mean_loss=2.396984 lr=0.00192506 step=stateful RMSProp step applied
    unit 46/65 rc=821318 chunks=3 trained_queries=126165 mean_loss=2.341833 lr=0.00191733 step=stateful RMSProp step applied
    unit 47/65 rc=840714 chunks=9 trained_queries=429033 mean_loss=2.321813 lr=0.00190958 step=stateful RMSProp step applied
    unit 48/65 rc=915694 chunks=9 trained_queries=408105 mean_loss=2.322390 lr=0.00190183 step=stateful RMSProp step applied
    unit 49/65 rc=981868 chunks=1 trained_queries=6093 mean_loss=2.359668 lr=0.00189406 step=stateful RMSProp step applied
    unit 50/65 rc=982783 chunks=2 trained_queries=66629 mean_loss=2.363259 lr=0.00188628 step=stateful RMSProp step applied
    unit 51/65 rc=993056 chunks=7 trained_queries=308363 mean_loss=2.303791 lr=0.00187849 step=stateful RMSProp step applied
    unit 52/65 rc=1041804 chunks=4 trained_queries=199126 mean_loss=2.317919 lr=0.00187069 step=stateful RMSProp step applied
    unit 53/65 rc=1074317 chunks=9 trained_queries=433526 mean_loss=2.307450 lr=0.00186288 step=stateful RMSProp step applied
    unit 54/65 rc=1145421 chunks=12 trained_queries=579167 mean_loss=2.341929 lr=0.00185506 step=stateful RMSProp step applied
    unit 55/65 rc=1241689 chunks=3 trained_queries=101120 mean_loss=2.848171 lr=0.00184723 step=stateful RMSProp step applied
    unit 56/65 rc=1257579 chunks=1 trained_queries=5491 mean_loss=2.460142 lr=0.00183939 step=stateful RMSProp step applied
    unit 57/65 rc=1258453 chunks=9 trained_queries=446222 mean_loss=2.358301 lr=0.00183154 step=stateful RMSProp step applied
    unit 58/65 rc=1329804 chunks=9 trained_queries=441016 mean_loss=2.345575 lr=0.00182368 step=stateful RMSProp step applied
    unit 59/65 rc=1402652 chunks=12 trained_queries=560431 mean_loss=2.389554 lr=0.00181581 step=stateful RMSProp step applied
    unit 60/65 rc=1500853 chunks=5 trained_queries=245522 mean_loss=2.699426 lr=0.00180793 step=stateful RMSProp step applied
    unit 61/65 rc=1539801 chunks=2 trained_queries=71112 mean_loss=2.419204 lr=0.00180004 step=stateful RMSProp step applied
    unit 62/65 rc=1551260 chunks=4 trained_queries=154732 mean_loss=2.351073 lr=0.00179214 step=stateful RMSProp step applied
    unit 63/65 rc=1576860 chunks=1 trained_queries=5479 mean_loss=2.347580 lr=0.00178424 step=stateful RMSProp step applied
    unit 64/65 rc=1577668 chunks=4 trained_queries=173110 mean_loss=2.320622 lr=0.00177632 step=stateful RMSProp step applied
    unit 65/65 rc=1607401 chunks=1 trained_queries=3774 mean_loss=2.302185 lr=0.0017684 step=stateful RMSProp step applied
  train-epoch: epoch 5 summary trained_queries=9313896 mean_loss=2.374547
  train-epoch: epoch 6/10
    unit 1/65 rc=1 chunks=5 trained_queries=248592 mean_loss=2.295984 lr=0.00176047 step=stateful RMSProp step applied
    unit 2/65 rc=50944 chunks=26 trained_queries=1265315 mean_loss=2.300199 lr=0.00175254 step=stateful RMSProp step applied
    unit 3/65 rc=297527 chunks=1 trained_queries=19135 mean_loss=2.468085 lr=0.00174459 step=stateful RMSProp step applied
    unit 4/65 rc=300526 chunks=1 trained_queries=16 mean_loss=2.282335 lr=0.00173664 step=stateful RMSProp step applied
    unit 5/65 rc=300527 chunks=1 trained_queries=41 mean_loss=2.240516 lr=0.00172868 step=stateful RMSProp step applied
    unit 6/65 rc=300532 chunks=2 trained_queries=57603 mean_loss=2.515824 lr=0.00172072 step=stateful RMSProp step applied
    unit 7/65 rc=309644 chunks=4 trained_queries=153896 mean_loss=2.341620 lr=0.00171275 step=stateful RMSProp step applied
    unit 8/65 rc=338414 chunks=1 trained_queries=20361 mean_loss=2.496722 lr=0.00170477 step=stateful RMSProp step applied
    unit 9/65 rc=341198 chunks=1 trained_queries=37121 mean_loss=2.372615 lr=0.00169679 step=stateful RMSProp step applied
    unit 10/65 rc=349443 chunks=1 trained_queries=16 mean_loss=2.011695 lr=0.0016888 step=stateful RMSProp step applied
    unit 11/65 rc=349444 chunks=2 trained_queries=79335 mean_loss=2.333724 lr=0.0016808 step=stateful RMSProp step applied
    unit 12/65 rc=364300 chunks=1 trained_queries=31681 mean_loss=2.328024 lr=0.00167281 step=stateful RMSProp step applied
    unit 13/65 rc=369639 chunks=1 trained_queries=16802 mean_loss=2.406810 lr=0.0016648 step=stateful RMSProp step applied
    unit 14/65 rc=372685 chunks=2 trained_queries=60358 mean_loss=2.333532 lr=0.00165679 step=stateful RMSProp step applied
    unit 15/65 rc=384066 chunks=1 trained_queries=20515 mean_loss=2.323899 lr=0.00164878 step=stateful RMSProp step applied
    unit 16/65 rc=387980 chunks=1 trained_queries=24039 mean_loss=2.305457 lr=0.00164076 step=stateful RMSProp step applied
    unit 17/65 rc=393192 chunks=1 trained_queries=13927 mean_loss=2.322071 lr=0.00163274 step=stateful RMSProp step applied
    unit 18/65 rc=395702 chunks=1 trained_queries=39049 mean_loss=2.255503 lr=0.00162471 step=stateful RMSProp step applied
    unit 19/65 rc=403670 chunks=1 trained_queries=12371 mean_loss=2.318110 lr=0.00161668 step=stateful RMSProp step applied
    unit 20/65 rc=406003 chunks=1 trained_queries=14425 mean_loss=2.302190 lr=0.00160865 step=stateful RMSProp step applied
    unit 21/65 rc=409004 chunks=1 trained_queries=22209 mean_loss=2.312511 lr=0.00160062 step=stateful RMSProp step applied
    unit 22/65 rc=413181 chunks=2 trained_queries=85392 mean_loss=2.261714 lr=0.00159258 step=stateful RMSProp step applied
    unit 23/65 rc=429612 chunks=1 trained_queries=2388 mean_loss=2.428519 lr=0.00158454 step=stateful RMSProp step applied
    unit 24/65 rc=430059 chunks=1 trained_queries=6910 mean_loss=2.271511 lr=0.00157649 step=stateful RMSProp step applied
    unit 25/65 rc=431468 chunks=1 trained_queries=27536 mean_loss=2.257617 lr=0.00156845 step=stateful RMSProp step applied
    unit 26/65 rc=436920 chunks=1 trained_queries=20922 mean_loss=2.277010 lr=0.0015604 step=stateful RMSProp step applied
    unit 27/65 rc=440946 chunks=1 trained_queries=33835 mean_loss=2.231670 lr=0.00155235 step=stateful RMSProp step applied
    unit 28/65 rc=447521 chunks=1 trained_queries=41580 mean_loss=2.294541 lr=0.0015443 step=stateful RMSProp step applied
    unit 29/65 rc=455318 chunks=1 trained_queries=11281 mean_loss=2.259317 lr=0.00153625 step=stateful RMSProp step applied
    unit 30/65 rc=457596 chunks=1 trained_queries=368 mean_loss=2.264770 lr=0.00152819 step=stateful RMSProp step applied
    unit 31/65 rc=457660 chunks=1 trained_queries=33586 mean_loss=2.253869 lr=0.00152014 step=stateful RMSProp step applied
    unit 32/65 rc=464280 chunks=1 trained_queries=34526 mean_loss=2.259722 lr=0.00151208 step=stateful RMSProp step applied
    unit 33/65 rc=470512 chunks=2 trained_queries=56078 mean_loss=2.286073 lr=0.00150403 step=stateful RMSProp step applied
    unit 34/65 rc=480616 chunks=1 trained_queries=19413 mean_loss=2.220289 lr=0.00149597 step=stateful RMSProp step applied
    unit 35/65 rc=484674 chunks=1 trained_queries=5304 mean_loss=2.258880 lr=0.00148792 step=stateful RMSProp step applied
    unit 36/65 rc=485758 chunks=1 trained_queries=26869 mean_loss=2.279705 lr=0.00147986 step=stateful RMSProp step applied
    unit 37/65 rc=490864 chunks=1 trained_queries=944 mean_loss=2.188865 lr=0.00147181 step=stateful RMSProp step applied
    unit 38/65 rc=491028 chunks=1 trained_queries=13312 mean_loss=2.265914 lr=0.00146375 step=stateful RMSProp step applied
    unit 39/65 rc=493390 chunks=1 trained_queries=1500 mean_loss=2.152639 lr=0.0014557 step=stateful RMSProp step applied
    unit 40/65 rc=493671 chunks=10 trained_queries=499895 mean_loss=2.293134 lr=0.00144765 step=stateful RMSProp step applied
    unit 41/65 rc=574911 chunks=3 trained_queries=103409 mean_loss=2.303792 lr=0.0014396 step=stateful RMSProp step applied
    unit 42/65 rc=591555 chunks=3 trained_queries=142219 mean_loss=2.269813 lr=0.00143155 step=stateful RMSProp step applied
    unit 43/65 rc=614321 chunks=6 trained_queries=280413 mean_loss=2.272587 lr=0.00142351 step=stateful RMSProp step applied
    unit 44/65 rc=660187 chunks=17 trained_queries=823962 mean_loss=2.254874 lr=0.00141546 step=stateful RMSProp step applied
    unit 45/65 rc=798168 chunks=3 trained_queries=141231 mean_loss=2.293223 lr=0.00140742 step=stateful RMSProp step applied
    unit 46/65 rc=821318 chunks=3 trained_queries=126165 mean_loss=2.267632 lr=0.00139938 step=stateful RMSProp step applied
    unit 47/65 rc=840714 chunks=9 trained_queries=429033 mean_loss=2.254379 lr=0.00139135 step=stateful RMSProp step applied
    unit 48/65 rc=915694 chunks=9 trained_queries=408105 mean_loss=2.252354 lr=0.00138332 step=stateful RMSProp step applied
    unit 49/65 rc=981868 chunks=1 trained_queries=6093 mean_loss=2.265131 lr=0.00137529 step=stateful RMSProp step applied
    unit 50/65 rc=982783 chunks=2 trained_queries=66629 mean_loss=2.272653 lr=0.00136726 step=stateful RMSProp step applied
    unit 51/65 rc=993056 chunks=7 trained_queries=308363 mean_loss=2.237417 lr=0.00135924 step=stateful RMSProp step applied
    unit 52/65 rc=1041804 chunks=4 trained_queries=199126 mean_loss=2.243954 lr=0.00135122 step=stateful RMSProp step applied
    unit 53/65 rc=1074317 chunks=9 trained_queries=433526 mean_loss=2.240842 lr=0.00134321 step=stateful RMSProp step applied
    unit 54/65 rc=1145421 chunks=12 trained_queries=579167 mean_loss=2.236151 lr=0.0013352 step=stateful RMSProp step applied
    unit 55/65 rc=1241689 chunks=3 trained_queries=101120 mean_loss=2.287664 lr=0.00132719 step=stateful RMSProp step applied
    unit 56/65 rc=1257579 chunks=1 trained_queries=5491 mean_loss=2.288118 lr=0.00131919 step=stateful RMSProp step applied
    unit 57/65 rc=1258453 chunks=9 trained_queries=446222 mean_loss=2.225378 lr=0.0013112 step=stateful RMSProp step applied
    unit 58/65 rc=1329804 chunks=9 trained_queries=441016 mean_loss=2.237677 lr=0.00130321 step=stateful RMSProp step applied
    unit 59/65 rc=1402652 chunks=12 trained_queries=560431 mean_loss=2.296732 lr=0.00129523 step=stateful RMSProp step applied
    unit 60/65 rc=1500853 chunks=5 trained_queries=245522 mean_loss=2.626148 lr=0.00128725 step=stateful RMSProp step applied
    unit 61/65 rc=1539801 chunks=2 trained_queries=71112 mean_loss=2.349676 lr=0.00127928 step=stateful RMSProp step applied
    unit 62/65 rc=1551260 chunks=4 trained_queries=154732 mean_loss=2.271052 lr=0.00127132 step=stateful RMSProp step applied
    unit 63/65 rc=1576860 chunks=1 trained_queries=5479 mean_loss=2.274071 lr=0.00126336 step=stateful RMSProp step applied
    unit 64/65 rc=1577668 chunks=4 trained_queries=173110 mean_loss=2.252419 lr=0.00125541 step=stateful RMSProp step applied
    unit 65/65 rc=1607401 chunks=1 trained_queries=3774 mean_loss=2.235455 lr=0.00124746 step=stateful RMSProp step applied
  train-epoch: epoch 6 summary trained_queries=9313896 mean_loss=2.282357
  train-epoch: epoch 7/10
    unit 1/65 rc=1 chunks=5 trained_queries=248592 mean_loss=2.238393 lr=0.00123953 step=stateful RMSProp step applied
    unit 2/65 rc=50944 chunks=26 trained_queries=1265315 mean_loss=2.240754 lr=0.0012316 step=stateful RMSProp step applied
    unit 3/65 rc=297527 chunks=1 trained_queries=19135 mean_loss=2.360046 lr=0.00122368 step=stateful RMSProp step applied
    unit 4/65 rc=300526 chunks=1 trained_queries=16 mean_loss=1.983006 lr=0.00121576 step=stateful RMSProp step applied
    unit 5/65 rc=300527 chunks=1 trained_queries=41 mean_loss=2.099873 lr=0.00120786 step=stateful RMSProp step applied
    unit 6/65 rc=300532 chunks=2 trained_queries=57603 mean_loss=2.441434 lr=0.00119996 step=stateful RMSProp step applied
    unit 7/65 rc=309644 chunks=4 trained_queries=153896 mean_loss=2.278895 lr=0.00119207 step=stateful RMSProp step applied
    unit 8/65 rc=338414 chunks=1 trained_queries=20361 mean_loss=2.427435 lr=0.00118419 step=stateful RMSProp step applied
    unit 9/65 rc=341198 chunks=1 trained_queries=37121 mean_loss=2.309791 lr=0.00117632 step=stateful RMSProp step applied
    unit 10/65 rc=349443 chunks=1 trained_queries=16 mean_loss=1.484892 lr=0.00116846 step=stateful RMSProp step applied
    unit 11/65 rc=349444 chunks=2 trained_queries=79335 mean_loss=2.256679 lr=0.00116061 step=stateful RMSProp step applied
    unit 12/65 rc=364300 chunks=1 trained_queries=31681 mean_loss=2.258996 lr=0.00115277 step=stateful RMSProp step applied
    unit 13/65 rc=369639 chunks=1 trained_queries=16802 mean_loss=2.314271 lr=0.00114494 step=stateful RMSProp step applied
    unit 14/65 rc=372685 chunks=2 trained_queries=60358 mean_loss=2.267706 lr=0.00113712 step=stateful RMSProp step applied
    unit 15/65 rc=384066 chunks=1 trained_queries=20515 mean_loss=2.251240 lr=0.00112931 step=stateful RMSProp step applied
    unit 16/65 rc=387980 chunks=1 trained_queries=24039 mean_loss=2.233740 lr=0.00112151 step=stateful RMSProp step applied
    unit 17/65 rc=393192 chunks=1 trained_queries=13927 mean_loss=2.255694 lr=0.00111372 step=stateful RMSProp step applied
    unit 18/65 rc=395702 chunks=1 trained_queries=39049 mean_loss=2.193666 lr=0.00110594 step=stateful RMSProp step applied
    unit 19/65 rc=403670 chunks=1 trained_queries=12371 mean_loss=2.247201 lr=0.00109817 step=stateful RMSProp step applied
    unit 20/65 rc=406003 chunks=1 trained_queries=14425 mean_loss=2.230065 lr=0.00109042 step=stateful RMSProp step applied
    unit 21/65 rc=409004 chunks=1 trained_queries=22209 mean_loss=2.251075 lr=0.00108267 step=stateful RMSProp step applied
    unit 22/65 rc=413181 chunks=2 trained_queries=85392 mean_loss=2.204701 lr=0.00107494 step=stateful RMSProp step applied
    unit 23/65 rc=429612 chunks=1 trained_queries=2388 mean_loss=2.376046 lr=0.00106722 step=stateful RMSProp step applied
    unit 24/65 rc=430059 chunks=1 trained_queries=6910 mean_loss=2.204252 lr=0.00105952 step=stateful RMSProp step applied
    unit 25/65 rc=431468 chunks=1 trained_queries=27536 mean_loss=2.195195 lr=0.00105182 step=stateful RMSProp step applied
    unit 26/65 rc=436920 chunks=1 trained_queries=20922 mean_loss=2.220905 lr=0.00104414 step=stateful RMSProp step applied
    unit 27/65 rc=440946 chunks=1 trained_queries=33835 mean_loss=2.168724 lr=0.00103647 step=stateful RMSProp step applied
    unit 28/65 rc=447521 chunks=1 trained_queries=41580 mean_loss=2.235576 lr=0.00102882 step=stateful RMSProp step applied
    unit 29/65 rc=455318 chunks=1 trained_queries=11281 mean_loss=2.211237 lr=0.00102118 step=stateful RMSProp step applied
    unit 30/65 rc=457596 chunks=1 trained_queries=368 mean_loss=2.199751 lr=0.00101355 step=stateful RMSProp step applied
    unit 31/65 rc=457660 chunks=1 trained_queries=33586 mean_loss=2.196772 lr=0.00100594 step=stateful RMSProp step applied
    unit 32/65 rc=464280 chunks=1 trained_queries=34526 mean_loss=2.204353 lr=0.00099834 step=stateful RMSProp step applied
    unit 33/65 rc=470512 chunks=2 trained_queries=56078 mean_loss=2.234907 lr=0.000990756 step=stateful RMSProp step applied
    unit 34/65 rc=480616 chunks=1 trained_queries=19413 mean_loss=2.171800 lr=0.000983187 step=stateful RMSProp step applied
    unit 35/65 rc=484674 chunks=1 trained_queries=5304 mean_loss=2.198838 lr=0.000975632 step=stateful RMSProp step applied
    unit 36/65 rc=485758 chunks=1 trained_queries=26869 mean_loss=2.230000 lr=0.000968093 step=stateful RMSProp step applied
    unit 37/65 rc=490864 chunks=1 trained_queries=944 mean_loss=2.124200 lr=0.000960568 step=stateful RMSProp step applied
    unit 38/65 rc=491028 chunks=1 trained_queries=13312 mean_loss=2.210160 lr=0.00095306 step=stateful RMSProp step applied
    unit 39/65 rc=493390 chunks=1 trained_queries=1500 mean_loss=2.103287 lr=0.000945567 step=stateful RMSProp step applied
    unit 40/65 rc=493671 chunks=10 trained_queries=499895 mean_loss=2.238479 lr=0.00093809 step=stateful RMSProp step applied
    unit 41/65 rc=574911 chunks=3 trained_queries=103409 mean_loss=2.250431 lr=0.000930629 step=stateful RMSProp step applied
    unit 42/65 rc=591555 chunks=3 trained_queries=142219 mean_loss=2.218333 lr=0.000923185 step=stateful RMSProp step applied
    unit 43/65 rc=614321 chunks=6 trained_queries=280413 mean_loss=2.223080 lr=0.000915757 step=stateful RMSProp step applied
    unit 44/65 rc=660187 chunks=17 trained_queries=823962 mean_loss=2.207817 lr=0.000908347 step=stateful RMSProp step applied
    unit 45/65 rc=798168 chunks=3 trained_queries=141231 mean_loss=2.244479 lr=0.000900953 step=stateful RMSProp step applied
    unit 46/65 rc=821318 chunks=3 trained_queries=126165 mean_loss=2.223603 lr=0.000893577 step=stateful RMSProp step applied
    unit 47/65 rc=840714 chunks=9 trained_queries=429033 mean_loss=2.213435 lr=0.000886218 step=stateful RMSProp step applied
    unit 48/65 rc=915694 chunks=9 trained_queries=408105 mean_loss=2.210147 lr=0.000878876 step=stateful RMSProp step applied
    unit 49/65 rc=981868 chunks=1 trained_queries=6093 mean_loss=2.211195 lr=0.000871553 step=stateful RMSProp step applied
    unit 50/65 rc=982783 chunks=2 trained_queries=66629 mean_loss=2.230993 lr=0.000864248 step=stateful RMSProp step applied
    unit 51/65 rc=993056 chunks=7 trained_queries=308363 mean_loss=2.197022 lr=0.000856961 step=stateful RMSProp step applied
    unit 52/65 rc=1041804 chunks=4 trained_queries=199126 mean_loss=2.202577 lr=0.000849693 step=stateful RMSProp step applied
    unit 53/65 rc=1074317 chunks=9 trained_queries=433526 mean_loss=2.203432 lr=0.000842443 step=stateful RMSProp step applied
    unit 54/65 rc=1145421 chunks=12 trained_queries=579167 mean_loss=2.195841 lr=0.000835213 step=stateful RMSProp step applied
    unit 55/65 rc=1241689 chunks=3 trained_queries=101120 mean_loss=2.197158 lr=0.000828001 step=stateful RMSProp step applied
    unit 56/65 rc=1257579 chunks=1 trained_queries=5491 mean_loss=2.240850 lr=0.000820809 step=stateful RMSProp step applied
    unit 57/65 rc=1258453 chunks=9 trained_queries=446222 mean_loss=2.185764 lr=0.000813637 step=stateful RMSProp step applied
    unit 58/65 rc=1329804 chunks=9 trained_queries=441016 mean_loss=2.188658 lr=0.000806484 step=stateful RMSProp step applied
    unit 59/65 rc=1402652 chunks=12 trained_queries=560431 mean_loss=2.195525 lr=0.000799351 step=stateful RMSProp step applied
    unit 60/65 rc=1500853 chunks=5 trained_queries=245522 mean_loss=2.208179 lr=0.000792239 step=stateful RMSProp step applied
    unit 61/65 rc=1539801 chunks=2 trained_queries=71112 mean_loss=2.215431 lr=0.000785147 step=stateful RMSProp step applied
    unit 62/65 rc=1551260 chunks=4 trained_queries=154732 mean_loss=2.197811 lr=0.000778075 step=stateful RMSProp step applied
    unit 63/65 rc=1576860 chunks=1 trained_queries=5479 mean_loss=2.226007 lr=0.000771025 step=stateful RMSProp step applied
    unit 64/65 rc=1577668 chunks=4 trained_queries=173110 mean_loss=2.196827 lr=0.000763995 step=stateful RMSProp step applied
    unit 65/65 rc=1607401 chunks=1 trained_queries=3774 mean_loss=2.181488 lr=0.000756987 step=stateful RMSProp step applied
  train-epoch: epoch 7 summary trained_queries=9313896 mean_loss=2.218038
  train-epoch: epoch 8/10
    unit 1/65 rc=1 chunks=5 trained_queries=248592 mean_loss=2.192234 lr=0.00075 step=stateful RMSProp step applied
    unit 2/65 rc=50944 chunks=26 trained_queries=1265315 mean_loss=2.197309 lr=0.000743034 step=stateful RMSProp step applied
    unit 3/65 rc=297527 chunks=1 trained_queries=19135 mean_loss=2.286156 lr=0.000736091 step=stateful RMSProp step applied
    unit 4/65 rc=300526 chunks=1 trained_queries=16 mean_loss=1.692726 lr=0.00072917 step=stateful RMSProp step applied
    unit 5/65 rc=300527 chunks=1 trained_queries=41 mean_loss=1.836131 lr=0.00072227 step=stateful RMSProp step applied
    unit 6/65 rc=300532 chunks=2 trained_queries=57603 mean_loss=2.342979 lr=0.000715394 step=stateful RMSProp step applied
    unit 7/65 rc=309644 chunks=4 trained_queries=153896 mean_loss=2.219516 lr=0.00070854 step=stateful RMSProp step applied
    unit 8/65 rc=338414 chunks=1 trained_queries=20361 mean_loss=2.368368 lr=0.000701708 step=stateful RMSProp step applied
    unit 9/65 rc=341198 chunks=1 trained_queries=37121 mean_loss=2.243580 lr=0.0006949 step=stateful RMSProp step applied
    unit 10/65 rc=349443 chunks=1 trained_queries=16 mean_loss=0.958998 lr=0.000688115 step=stateful RMSProp step applied
    unit 11/65 rc=349444 chunks=2 trained_queries=79335 mean_loss=2.179558 lr=0.000681353 step=stateful RMSProp step applied
    unit 12/65 rc=364300 chunks=1 trained_queries=31681 mean_loss=2.194744 lr=0.000674615 step=stateful RMSProp step applied
    unit 13/65 rc=369639 chunks=1 trained_queries=16802 mean_loss=2.236522 lr=0.000667901 step=stateful RMSProp step applied
    unit 14/65 rc=372685 chunks=2 trained_queries=60358 mean_loss=2.214396 lr=0.000661211 step=stateful RMSProp step applied
    unit 15/65 rc=384066 chunks=1 trained_queries=20515 mean_loss=2.198978 lr=0.000654545 step=stateful RMSProp step applied
    unit 16/65 rc=387980 chunks=1 trained_queries=24039 mean_loss=2.182093 lr=0.000647903 step=stateful RMSProp step applied
    unit 17/65 rc=393192 chunks=1 trained_queries=13927 mean_loss=2.200241 lr=0.000641286 step=stateful RMSProp step applied
    unit 18/65 rc=395702 chunks=1 trained_queries=39049 mean_loss=2.148645 lr=0.000634693 step=stateful RMSProp step applied
    unit 19/65 rc=403670 chunks=1 trained_queries=12371 mean_loss=2.195368 lr=0.000628126 step=stateful RMSProp step applied
    unit 20/65 rc=406003 chunks=1 trained_queries=14425 mean_loss=2.182329 lr=0.000621584 step=stateful RMSProp step applied
    unit 21/65 rc=409004 chunks=1 trained_queries=22209 mean_loss=2.205721 lr=0.000615067 step=stateful RMSProp step applied
    unit 22/65 rc=413181 chunks=2 trained_queries=85392 mean_loss=2.160098 lr=0.000608575 step=stateful RMSProp step applied
    unit 23/65 rc=429612 chunks=1 trained_queries=2388 mean_loss=2.328380 lr=0.00060211 step=stateful RMSProp step applied
    unit 24/65 rc=430059 chunks=1 trained_queries=6910 mean_loss=2.164941 lr=0.00059567 step=stateful RMSProp step applied
    unit 25/65 rc=431468 chunks=1 trained_queries=27536 mean_loss=2.154536 lr=0.000589256 step=stateful RMSProp step applied
    unit 26/65 rc=436920 chunks=1 trained_queries=20922 mean_loss=2.178191 lr=0.000582869 step=stateful RMSProp step applied
    unit 27/65 rc=440946 chunks=1 trained_queries=33835 mean_loss=2.126148 lr=0.000576508 step=stateful RMSProp step applied
    unit 28/65 rc=447521 chunks=1 trained_queries=41580 mean_loss=2.199157 lr=0.000570173 step=stateful RMSProp step applied
    unit 29/65 rc=455318 chunks=1 trained_queries=11281 mean_loss=2.173412 lr=0.000563866 step=stateful RMSProp step applied
    unit 30/65 rc=457596 chunks=1 trained_queries=368 mean_loss=2.142664 lr=0.000557585 step=stateful RMSProp step applied
    unit 31/65 rc=457660 chunks=1 trained_queries=33586 mean_loss=2.154929 lr=0.000551332 step=stateful RMSProp step applied
    unit 32/65 rc=464280 chunks=1 trained_queries=34526 mean_loss=2.164350 lr=0.000545106 step=stateful RMSProp step applied
    unit 33/65 rc=470512 chunks=2 trained_queries=56078 mean_loss=2.195998 lr=0.000538907 step=stateful RMSProp step applied
    unit 34/65 rc=480616 chunks=1 trained_queries=19413 mean_loss=2.138871 lr=0.000532736 step=stateful RMSProp step applied
    unit 35/65 rc=484674 chunks=1 trained_queries=5304 mean_loss=2.163528 lr=0.000526594 step=stateful RMSProp step applied
    unit 36/65 rc=485758 chunks=1 trained_queries=26869 mean_loss=2.194194 lr=0.000520479 step=stateful RMSProp step applied
    unit 37/65 rc=490864 chunks=1 trained_queries=944 mean_loss=2.086909 lr=0.000514392 step=stateful RMSProp step applied
    unit 38/65 rc=491028 chunks=1 trained_queries=13312 mean_loss=2.170435 lr=0.000508334 step=stateful RMSProp step applied
    unit 39/65 rc=493390 chunks=1 trained_queries=1500 mean_loss=2.056938 lr=0.000502305 step=stateful RMSProp step applied
    unit 40/65 rc=493671 chunks=10 trained_queries=499895 mean_loss=2.193108 lr=0.000496304 step=stateful RMSProp step applied
    unit 41/65 rc=574911 chunks=3 trained_queries=103409 mean_loss=2.210060 lr=0.000490332 step=stateful RMSProp step applied
    unit 42/65 rc=591555 chunks=3 trained_queries=142219 mean_loss=2.180474 lr=0.00048439 step=stateful RMSProp step applied
    unit 43/65 rc=614321 chunks=6 trained_queries=280413 mean_loss=2.187976 lr=0.000478476 step=stateful RMSProp step applied
    unit 44/65 rc=660187 chunks=17 trained_queries=823962 mean_loss=2.175355 lr=0.000472592 step=stateful RMSProp step applied
    unit 45/65 rc=798168 chunks=3 trained_queries=141231 mean_loss=2.211981 lr=0.000466738 step=stateful RMSProp step applied
    unit 46/65 rc=821318 chunks=3 trained_queries=126165 mean_loss=2.191147 lr=0.000460913 step=stateful RMSProp step applied
    unit 47/65 rc=840714 chunks=9 trained_queries=429033 mean_loss=2.184841 lr=0.000455119 step=stateful RMSProp step applied
    unit 48/65 rc=915694 chunks=9 trained_queries=408105 mean_loss=2.181726 lr=0.000449354 step=stateful RMSProp step applied
    unit 49/65 rc=981868 chunks=1 trained_queries=6093 mean_loss=2.175929 lr=0.00044362 step=stateful RMSProp step applied
    unit 50/65 rc=982783 chunks=2 trained_queries=66629 mean_loss=2.199802 lr=0.000437917 step=stateful RMSProp step applied
    unit 51/65 rc=993056 chunks=7 trained_queries=308363 mean_loss=2.169622 lr=0.000432244 step=stateful RMSProp step applied
    unit 52/65 rc=1041804 chunks=4 trained_queries=199126 mean_loss=2.174991 lr=0.000426602 step=stateful RMSProp step applied
    unit 53/65 rc=1074317 chunks=9 trained_queries=433526 mean_loss=2.177985 lr=0.00042099 step=stateful RMSProp step applied
    unit 54/65 rc=1145421 chunks=12 trained_queries=579167 mean_loss=2.170987 lr=0.00041541 step=stateful RMSProp step applied
    unit 55/65 rc=1241689 chunks=3 trained_queries=101120 mean_loss=2.169946 lr=0.000409861 step=stateful RMSProp step applied
    unit 56/65 rc=1257579 chunks=1 trained_queries=5491 mean_loss=2.220552 lr=0.000404344 step=stateful RMSProp step applied
    unit 57/65 rc=1258453 chunks=9 trained_queries=446222 mean_loss=2.161736 lr=0.000398858 step=stateful RMSProp step applied
    unit 58/65 rc=1329804 chunks=9 trained_queries=441016 mean_loss=2.165629 lr=0.000393404 step=stateful RMSProp step applied
    unit 59/65 rc=1402652 chunks=12 trained_queries=560431 mean_loss=2.172659 lr=0.000387982 step=stateful RMSProp step applied
    unit 60/65 rc=1500853 chunks=5 trained_queries=245522 mean_loss=2.171530 lr=0.000382592 step=stateful RMSProp step applied
    unit 61/65 rc=1539801 chunks=2 trained_queries=71112 mean_loss=2.194047 lr=0.000377234 step=stateful RMSProp step applied
    unit 62/65 rc=1551260 chunks=4 trained_queries=154732 mean_loss=2.177629 lr=0.000371908 step=stateful RMSProp step applied
    unit 63/65 rc=1576860 chunks=1 trained_queries=5479 mean_loss=2.201075 lr=0.000366615 step=stateful RMSProp step applied
    unit 64/65 rc=1577668 chunks=4 trained_queries=173110 mean_loss=2.176935 lr=0.000361355 step=stateful RMSProp step applied
    unit 65/65 rc=1607401 chunks=1 trained_queries=3774 mean_loss=2.157814 lr=0.000356128 step=stateful RMSProp step applied
  train-epoch: epoch 8 summary trained_queries=9313896 mean_loss=2.183668
  train-epoch: epoch 9/10
    unit 1/65 rc=1 chunks=5 trained_queries=248592 mean_loss=2.174081 lr=0.000350933 step=stateful RMSProp step applied
    unit 2/65 rc=50944 chunks=26 trained_queries=1265315 mean_loss=2.178959 lr=0.000345772 step=stateful RMSProp step applied
    unit 3/65 rc=297527 chunks=1 trained_queries=19135 mean_loss=2.240257 lr=0.000340644 step=stateful RMSProp step applied
    unit 4/65 rc=300526 chunks=1 trained_queries=16 mean_loss=1.446923 lr=0.000335549 step=stateful RMSProp step applied
    unit 5/65 rc=300527 chunks=1 trained_queries=41 mean_loss=1.709716 lr=0.000330488 step=stateful RMSProp step applied
    unit 6/65 rc=300532 chunks=2 trained_queries=57603 mean_loss=2.295998 lr=0.000325461 step=stateful RMSProp step applied
    unit 7/65 rc=309644 chunks=4 trained_queries=153896 mean_loss=2.188072 lr=0.000320468 step=stateful RMSProp step applied
    unit 8/65 rc=338414 chunks=1 trained_queries=20361 mean_loss=2.328654 lr=0.000315508 step=stateful RMSProp step applied
    unit 9/65 rc=341198 chunks=1 trained_queries=37121 mean_loss=2.209777 lr=0.000310583 step=stateful RMSProp step applied
    unit 10/65 rc=349443 chunks=1 trained_queries=16 mean_loss=0.781868 lr=0.000305692 step=stateful RMSProp step applied
    unit 11/65 rc=349444 chunks=2 trained_queries=79335 mean_loss=2.148404 lr=0.000300836 step=stateful RMSProp step applied
    unit 12/65 rc=364300 chunks=1 trained_queries=31681 mean_loss=2.167574 lr=0.000296014 step=stateful RMSProp step applied
    unit 13/65 rc=369639 chunks=1 trained_queries=16802 mean_loss=2.204217 lr=0.000291227 step=stateful RMSProp step applied
    unit 14/65 rc=372685 chunks=2 trained_queries=60358 mean_loss=2.189707 lr=0.000286474 step=stateful RMSProp step applied
    unit 15/65 rc=384066 chunks=1 trained_queries=20515 mean_loss=2.173266 lr=0.000281757 step=stateful RMSProp step applied
    unit 16/65 rc=387980 chunks=1 trained_queries=24039 mean_loss=2.158439 lr=0.000277075 step=stateful RMSProp step applied
    unit 17/65 rc=393192 chunks=1 trained_queries=13927 mean_loss=2.177435 lr=0.000272428 step=stateful RMSProp step applied
    unit 18/65 rc=395702 chunks=1 trained_queries=39049 mean_loss=2.128282 lr=0.000267817 step=stateful RMSProp step applied
    unit 19/65 rc=403670 chunks=1 trained_queries=12371 mean_loss=2.173661 lr=0.000263241 step=stateful RMSProp step applied
    unit 20/65 rc=406003 chunks=1 trained_queries=14425 mean_loss=2.161676 lr=0.0002587 step=stateful RMSProp step applied
    unit 21/65 rc=409004 chunks=1 trained_queries=22209 mean_loss=2.186519 lr=0.000254196 step=stateful RMSProp step applied
    unit 22/65 rc=413181 chunks=2 trained_queries=85392 mean_loss=2.141464 lr=0.000249727 step=stateful RMSProp step applied
    unit 23/65 rc=429612 chunks=1 trained_queries=2388 mean_loss=2.305214 lr=0.000245295 step=stateful RMSProp step applied
    unit 24/65 rc=430059 chunks=1 trained_queries=6910 mean_loss=2.146543 lr=0.000240898 step=stateful RMSProp step applied
    unit 25/65 rc=431468 chunks=1 trained_queries=27536 mean_loss=2.137421 lr=0.000236538 step=stateful RMSProp step applied
    unit 26/65 rc=436920 chunks=1 trained_queries=20922 mean_loss=2.159996 lr=0.000232215 step=stateful RMSProp step applied
    unit 27/65 rc=440946 chunks=1 trained_queries=33835 mean_loss=2.111394 lr=0.000227928 step=stateful RMSProp step applied
    unit 28/65 rc=447521 chunks=1 trained_queries=41580 mean_loss=2.188239 lr=0.000223677 step=stateful RMSProp step applied
    unit 29/65 rc=455318 chunks=1 trained_queries=11281 mean_loss=2.162354 lr=0.000219464 step=stateful RMSProp step applied
    unit 30/65 rc=457596 chunks=1 trained_queries=368 mean_loss=2.120801 lr=0.000215287 step=stateful RMSProp step applied
    unit 31/65 rc=457660 chunks=1 trained_queries=33586 mean_loss=2.141183 lr=0.000211148 step=stateful RMSProp step applied
    unit 32/65 rc=464280 chunks=1 trained_queries=34526 mean_loss=2.148955 lr=0.000207045 step=stateful RMSProp step applied
    unit 33/65 rc=470512 chunks=2 trained_queries=56078 mean_loss=2.180255 lr=0.00020298 step=stateful RMSProp step applied
    unit 34/65 rc=480616 chunks=1 trained_queries=19413 mean_loss=2.127576 lr=0.000198953 step=stateful RMSProp step applied
    unit 35/65 rc=484674 chunks=1 trained_queries=5304 mean_loss=2.150107 lr=0.000194963 step=stateful RMSProp step applied
    unit 36/65 rc=485758 chunks=1 trained_queries=26869 mean_loss=2.183905 lr=0.00019101 step=stateful RMSProp step applied
    unit 37/65 rc=490864 chunks=1 trained_queries=944 mean_loss=2.062214 lr=0.000187095 step=stateful RMSProp step applied
    unit 38/65 rc=491028 chunks=1 trained_queries=13312 mean_loss=2.158107 lr=0.000183218 step=stateful RMSProp step applied
    unit 39/65 rc=493390 chunks=1 trained_queries=1500 mean_loss=2.048855 lr=0.000179379 step=stateful RMSProp step applied
    unit 40/65 rc=493671 chunks=10 trained_queries=499895 mean_loss=2.170270 lr=0.000175579 step=stateful RMSProp step applied
    unit 41/65 rc=574911 chunks=3 trained_queries=103409 mean_loss=2.193226 lr=0.000171816 step=stateful RMSProp step applied
    unit 42/65 rc=591555 chunks=3 trained_queries=142219 mean_loss=2.164917 lr=0.000168092 step=stateful RMSProp step applied
    unit 43/65 rc=614321 chunks=6 trained_queries=280413 mean_loss=2.171919 lr=0.000164406 step=stateful RMSProp step applied
    unit 44/65 rc=660187 chunks=17 trained_queries=823962 mean_loss=2.160459 lr=0.000160758 step=stateful RMSProp step applied
    unit 45/65 rc=798168 chunks=3 trained_queries=141231 mean_loss=2.198283 lr=0.000157149 step=stateful RMSProp step applied
    unit 46/65 rc=821318 chunks=3 trained_queries=126165 mean_loss=2.177792 lr=0.000153579 step=stateful RMSProp step applied
    unit 47/65 rc=840714 chunks=9 trained_queries=429033 mean_loss=2.172575 lr=0.000150048 step=stateful RMSProp step applied
    unit 48/65 rc=915694 chunks=9 trained_queries=408105 mean_loss=2.169790 lr=0.000146556 step=stateful RMSProp step applied
    unit 49/65 rc=981868 chunks=1 trained_queries=6093 mean_loss=2.163223 lr=0.000143103 step=stateful RMSProp step applied
    unit 50/65 rc=982783 chunks=2 trained_queries=66629 mean_loss=2.188112 lr=0.000139688 step=stateful RMSProp step applied
    unit 51/65 rc=993056 chunks=7 trained_queries=308363 mean_loss=2.158253 lr=0.000136314 step=stateful RMSProp step applied
    unit 52/65 rc=1041804 chunks=4 trained_queries=199126 mean_loss=2.163743 lr=0.000132978 step=stateful RMSProp step applied
    unit 53/65 rc=1074317 chunks=9 trained_queries=433526 mean_loss=2.167608 lr=0.000129682 step=stateful RMSProp step applied
    unit 54/65 rc=1145421 chunks=12 trained_queries=579167 mean_loss=2.161286 lr=0.000126425 step=stateful RMSProp step applied
    unit 55/65 rc=1241689 chunks=3 trained_queries=101120 mean_loss=2.160317 lr=0.000123208 step=stateful RMSProp step applied
    unit 56/65 rc=1257579 chunks=1 trained_queries=5491 mean_loss=2.207861 lr=0.000120031 step=stateful RMSProp step applied
    unit 57/65 rc=1258453 chunks=9 trained_queries=446222 mean_loss=2.152737 lr=0.000116893 step=stateful RMSProp step applied
    unit 58/65 rc=1329804 chunks=9 trained_queries=441016 mean_loss=2.157750 lr=0.000113796 step=stateful RMSProp step applied
    unit 59/65 rc=1402652 chunks=12 trained_queries=560431 mean_loss=2.165609 lr=0.000110738 step=stateful RMSProp step applied
    unit 60/65 rc=1500853 chunks=5 trained_queries=245522 mean_loss=2.164688 lr=0.00010772 step=stateful RMSProp step applied
    unit 61/65 rc=1539801 chunks=2 trained_queries=71112 mean_loss=2.186308 lr=0.000104743 step=stateful RMSProp step applied
    unit 62/65 rc=1551260 chunks=4 trained_queries=154732 mean_loss=2.170945 lr=0.000101806 step=stateful RMSProp step applied
    unit 63/65 rc=1576860 chunks=1 trained_queries=5479 mean_loss=2.197284 lr=9.8909e-05 step=stateful RMSProp step applied
    unit 64/65 rc=1577668 chunks=4 trained_queries=173110 mean_loss=2.170135 lr=9.60524e-05 step=stateful RMSProp step applied
    unit 65/65 rc=1607401 chunks=1 trained_queries=3774 mean_loss=2.146219 lr=9.32364e-05 step=stateful RMSProp step applied
  train-epoch: epoch 9 summary trained_queries=9313896 mean_loss=2.169413
  train-epoch: epoch 10/10
    unit 1/65 rc=1 chunks=5 trained_queries=248592 mean_loss=2.166374 lr=9.0461e-05 step=stateful RMSProp step applied
    unit 2/65 rc=50944 chunks=26 trained_queries=1265315 mean_loss=2.173348 lr=8.77263e-05 step=stateful RMSProp step applied
    unit 3/65 rc=297527 chunks=1 trained_queries=19135 mean_loss=2.225767 lr=8.50322e-05 step=stateful RMSProp step applied
    unit 4/65 rc=300526 chunks=1 trained_queries=16 mean_loss=1.333412 lr=8.2379e-05 step=stateful RMSProp step applied
    unit 5/65 rc=300527 chunks=1 trained_queries=41 mean_loss=1.637316 lr=7.97668e-05 step=stateful RMSProp step applied
    unit 6/65 rc=300532 chunks=2 trained_queries=57603 mean_loss=2.278681 lr=7.71953e-05 step=stateful RMSProp step applied
    unit 7/65 rc=309644 chunks=4 trained_queries=153896 mean_loss=2.177304 lr=7.4665e-05 step=stateful RMSProp step applied
    unit 8/65 rc=338414 chunks=1 trained_queries=20361 mean_loss=2.312389 lr=7.21757e-05 step=stateful RMSProp step applied
    unit 9/65 rc=341198 chunks=1 trained_queries=37121 mean_loss=2.194352 lr=6.97277e-05 step=stateful RMSProp step applied
    unit 10/65 rc=349443 chunks=1 trained_queries=16 mean_loss=0.700698 lr=6.73208e-05 step=stateful RMSProp step applied
    unit 11/65 rc=349444 chunks=2 trained_queries=79335 mean_loss=2.136068 lr=6.49553e-05 step=stateful RMSProp step applied
    unit 12/65 rc=364300 chunks=1 trained_queries=31681 mean_loss=2.154899 lr=6.26312e-05 step=stateful RMSProp step applied
    unit 13/65 rc=369639 chunks=1 trained_queries=16802 mean_loss=2.188031 lr=6.03485e-05 step=stateful RMSProp step applied
    unit 14/65 rc=372685 chunks=2 trained_queries=60358 mean_loss=2.178341 lr=5.81075e-05 step=stateful RMSProp step applied
    unit 15/65 rc=384066 chunks=1 trained_queries=20515 mean_loss=2.161291 lr=5.59079e-05 step=stateful RMSProp step applied
    unit 16/65 rc=387980 chunks=1 trained_queries=24039 mean_loss=2.146429 lr=5.375e-05 step=stateful RMSProp step applied
    unit 17/65 rc=393192 chunks=1 trained_queries=13927 mean_loss=2.167576 lr=5.16337e-05 step=stateful RMSProp step applied
    unit 18/65 rc=395702 chunks=1 trained_queries=39049 mean_loss=2.121123 lr=4.95594e-05 step=stateful RMSProp step applied
    unit 19/65 rc=403670 chunks=1 trained_queries=12371 mean_loss=2.165806 lr=4.75267e-05 step=stateful RMSProp step applied
    unit 20/65 rc=406003 chunks=1 trained_queries=14425 mean_loss=2.155821 lr=4.5536e-05 step=stateful RMSProp step applied
    unit 21/65 rc=409004 chunks=1 trained_queries=22209 mean_loss=2.181310 lr=4.35872e-05 step=stateful RMSProp step applied
    unit 22/65 rc=413181 chunks=2 trained_queries=85392 mean_loss=2.136092 lr=4.16805e-05 step=stateful RMSProp step applied
    unit 23/65 rc=429612 chunks=1 trained_queries=2388 mean_loss=2.295363 lr=3.98158e-05 step=stateful RMSProp step applied
    unit 24/65 rc=430059 chunks=1 trained_queries=6910 mean_loss=2.141088 lr=3.79931e-05 step=stateful RMSProp step applied
    unit 25/65 rc=431468 chunks=1 trained_queries=27536 mean_loss=2.133407 lr=3.62128e-05 step=stateful RMSProp step applied
    unit 26/65 rc=436920 chunks=1 trained_queries=20922 mean_loss=2.156650 lr=3.44745e-05 step=stateful RMSProp step applied
    unit 27/65 rc=440946 chunks=1 trained_queries=33835 mean_loss=2.108752 lr=3.27786e-05 step=stateful RMSProp step applied
    unit 28/65 rc=447521 chunks=1 trained_queries=41580 mean_loss=2.188805 lr=3.1125e-05 step=stateful RMSProp step applied
    unit 29/65 rc=455318 chunks=1 trained_queries=11281 mean_loss=2.159827 lr=2.95137e-05 step=stateful RMSProp step applied
    unit 30/65 rc=457596 chunks=1 trained_queries=368 mean_loss=2.113999 lr=2.79448e-05 step=stateful RMSProp step applied
    unit 31/65 rc=457660 chunks=1 trained_queries=33586 mean_loss=2.141398 lr=2.64183e-05 step=stateful RMSProp step applied
    unit 32/65 rc=464280 chunks=1 trained_queries=34526 mean_loss=2.145967 lr=2.49344e-05 step=stateful RMSProp step applied
    unit 33/65 rc=470512 chunks=2 trained_queries=56078 mean_loss=2.177268 lr=2.3493e-05 step=stateful RMSProp step applied
    unit 34/65 rc=480616 chunks=1 trained_queries=19413 mean_loss=2.128392 lr=2.20942e-05 step=stateful RMSProp step applied
    unit 35/65 rc=484674 chunks=1 trained_queries=5304 mean_loss=2.151840 lr=2.0738e-05 step=stateful RMSProp step applied
    unit 36/65 rc=485758 chunks=1 trained_queries=26869 mean_loss=2.185108 lr=1.94246e-05 step=stateful RMSProp step applied
    unit 37/65 rc=490864 chunks=1 trained_queries=944 mean_loss=2.062696 lr=1.81538e-05 step=stateful RMSProp step applied
    unit 38/65 rc=491028 chunks=1 trained_queries=13312 mean_loss=2.160441 lr=1.69257e-05 step=stateful RMSProp step applied
    unit 39/65 rc=493390 chunks=1 trained_queries=1500 mean_loss=2.054850 lr=1.57404e-05 step=stateful RMSProp step applied
    unit 40/65 rc=493671 chunks=10 trained_queries=499895 mean_loss=2.161006 lr=1.45978e-05 step=stateful RMSProp step applied
    unit 41/65 rc=574911 chunks=3 trained_queries=103409 mean_loss=2.186518 lr=1.34982e-05 step=stateful RMSProp step applied
    unit 42/65 rc=591555 chunks=3 trained_queries=142219 mean_loss=2.158517 lr=1.24414e-05 step=stateful RMSProp step applied
    unit 43/65 rc=614321 chunks=6 trained_queries=280413 mean_loss=2.165727 lr=1.14276e-05 step=stateful RMSProp step applied
    unit 44/65 rc=660187 chunks=17 trained_queries=823962 mean_loss=2.154762 lr=1.04566e-05 step=stateful RMSProp step applied
    unit 45/65 rc=798168 chunks=3 trained_queries=141231 mean_loss=2.193924 lr=9.52855e-06 step=stateful RMSProp step applied
    unit 46/65 rc=821318 chunks=3 trained_queries=126165 mean_loss=2.174236 lr=8.64351e-06 step=stateful RMSProp step applied
    unit 47/65 rc=840714 chunks=9 trained_queries=429033 mean_loss=2.168807 lr=7.80147e-06 step=stateful RMSProp step applied
    unit 48/65 rc=915694 chunks=9 trained_queries=408105 mean_loss=2.166635 lr=7.00253e-06 step=stateful RMSProp step applied
    unit 49/65 rc=981868 chunks=1 trained_queries=6093 mean_loss=2.160851 lr=6.2466e-06 step=stateful RMSProp step applied
    unit 50/65 rc=982783 chunks=2 trained_queries=66629 mean_loss=2.185687 lr=5.53376e-06 step=stateful RMSProp step applied
    unit 51/65 rc=993056 chunks=7 trained_queries=308363 mean_loss=2.155569 lr=4.86401e-06 step=stateful RMSProp step applied
    unit 52/65 rc=1041804 chunks=4 trained_queries=199126 mean_loss=2.161577 lr=4.23744e-06 step=stateful RMSProp step applied
    unit 53/65 rc=1074317 chunks=9 trained_queries=433526 mean_loss=2.165363 lr=3.65388e-06 step=stateful RMSProp step applied
    unit 54/65 rc=1145421 chunks=12 trained_queries=579167 mean_loss=2.159313 lr=3.1136e-06 step=stateful RMSProp step applied
    unit 55/65 rc=1241689 chunks=3 trained_queries=101120 mean_loss=2.159272 lr=2.61641e-06 step=stateful RMSProp step applied
    unit 56/65 rc=1257579 chunks=1 trained_queries=5491 mean_loss=2.209909 lr=2.1624e-06 step=stateful RMSProp step applied
    unit 57/65 rc=1258453 chunks=9 trained_queries=446222 mean_loss=2.151649 lr=1.75166e-06 step=stateful RMSProp step applied
    unit 58/65 rc=1329804 chunks=9 trained_queries=441016 mean_loss=2.156727 lr=1.38411e-06 step=stateful RMSProp step applied
    unit 59/65 rc=1402652 chunks=12 trained_queries=560431 mean_loss=2.164938 lr=1.05974e-06 step=stateful RMSProp step applied
    unit 60/65 rc=1500853 chunks=5 trained_queries=245522 mean_loss=2.164584 lr=7.78556e-07 step=stateful RMSProp step applied
    unit 61/65 rc=1539801 chunks=2 trained_queries=71112 mean_loss=2.186278 lr=5.40733e-07 step=stateful RMSProp step applied
    unit 62/65 rc=1551260 chunks=4 trained_queries=154732 mean_loss=2.170296 lr=3.46094e-07 step=stateful RMSProp step applied
    unit 63/65 rc=1576860 chunks=1 trained_queries=5479 mean_loss=2.197870 lr=1.94639e-07 step=stateful RMSProp step applied
    unit 64/65 rc=1577668 chunks=4 trained_queries=173110 mean_loss=2.169752 lr=8.65459e-08 step=stateful RMSProp step applied
    unit 65/65 rc=1607401 chunks=1 trained_queries=3774 mean_loss=2.145283 lr=2.16365e-08 step=stateful RMSProp step applied
  train-epoch: epoch 10 summary trained_queries=9313896 mean_loss=2.165205
  train-epoch: saving final weights to rnd/v2-compare/v2-run.model
  train-epoch: saved final weights to rnd/v2-compare/v2-run.model
  chunk upload: freed successfully
  runtime objects: freed successfully
  status: v2 currently validates file formats, plans baseline pd=1 execution,
          and exercises the full-depth chunk upload/cache/forward/loss path,
          plus output-head/final-LN backward, train-epoch/train-small accumulation, and one-step SGD/RMSProp/multi-step/save-reload sanity modes when requested.
