AGPT CUDA Training Engine
  Model: d=64 heads=4 layers=2 ff=256 vocab=65 seq=128 head_dim=16
  Loaded 108481 weight floats (423.8 KB)
  No optimizer state in checkpoint; starting cold
Loading radix trie from /tmp/shake_baseline_d16_radix...
  Radix trie: 1607928 nodes, 9313896 total edge chars, 17 endpoint depths
  Radix loaded: 2697118 counts entries, 12276596 ancestor char entries
  d_split: 1062377/1607928 nodes have a mass=1 ancestor (mean depth 9.21)
  lr-schedule: warmup-cosine (peak=0.003, warmup_epochs=1)
  optimizer: rmsprop (lr=0.003)
  mass weighting: ? (head-of-edge count restores corpus-frequency exposure)
  curriculum: flat (d=max each epoch)
  max edge_len: 16, max ancestor chars: 15, max KV per node: 31, max endpoint depth: 16
  mass=1 compaction: 8275783 / 9313896 chars are mass=1 (88.9%); cache holds 1038113 positions
  loop points: 18684 (mass>1 leaves; 3.4% of 545550 mass>1 nodes)
  KV cache: 531.5 MB unified memory (bf16 compact)
  GPU memory: 2851.3 MB used, 5335.5 MB free, 8186.8 MB total
  65 root-child subtrees: sizes min=1 max=246583 avg=24737.3 (total=1607927 radix nodes)
Epoch 1: loss=1.406878  (5.83 sec, 65 subtrees, 225 chunks, 9313896 nodes)
  residual top-10 (subtree_mass × max(avg_loss − 1.407, 0)):
    rc   rootID   mass      avg_loss     score 
    1    50944    1479765   2.0076       888896.4
    0    1        297533    2.3210       271971.0
    6    309644   167551    1.5939       31332.7
    5    300532   44208     1.9537       24175.8
    2    297527   13758     1.8382       5934.2
    10   349444   84126     1.4662       4989.3
    8    341198   57485     1.4818       4306.4
    7    338414   10559     1.6718       2797.7
    11   364300   27722     1.4905       2319.3
    13   372685   55068     1.4234       909.6 
    top-10: 26.0% of mass, 99.9% of excess-loss
Epoch 2: loss=1.158009  (5.53 sec, 65 subtrees, 225 chunks, 9313896 nodes)
  residual top-10 (subtree_mass × max(avg_loss − 1.158, 0)):
    rc   rootID   mass      avg_loss     score 
    6    309644   167551    1.5602       67395.8
    1    50944    1479765   1.1900       47358.8
    5    300532   44208     2.1129       42212.3
    39   493671   419607    1.1886       12835.0
    8    341198   57485     1.2799       7008.0
    10   349444   84126     1.2272       5818.8
    7    338414   10559     1.5043       3656.6
    13   372685   55068     1.2111       2924.5
    11   364300   27722     1.2366       2179.9
    45   821318   94570     1.1760       1700.4
    top-10: 28.4% of mass, 98.3% of excess-loss
Epoch 3: loss=1.094295  (5.53 sec, 65 subtrees, 225 chunks, 9313896 nodes)
  residual top-10 (subtree_mass × max(avg_loss − 1.094, 0)):
    rc   rootID   mass      avg_loss     score 
    6    309644   167551    1.3128       36616.5
    5    300532   44208     1.6887       26275.3
    39   493671   419607    1.1375       18121.5
    1    50944    1479765   1.1028       12559.1
    8    341198   57485     1.1661       4127.1
    10   349444   84126     1.1377       3651.8
    42   614321   234101    1.1038       2221.1
    7    338414   10559     1.2929       2096.6
    13   372685   55068     1.1268       1791.9
    40   574911   82726     1.1114       1413.9
    top-10: 30.6% of mass, 97.8% of excess-loss
Epoch 4: loss=1.060952  (5.54 sec, 65 subtrees, 225 chunks, 9313896 nodes)
  residual top-10 (subtree_mass × max(avg_loss − 1.061, 0)):
    rc   rootID   mass      avg_loss     score 
    6    309644   167551    1.2105       25061.8
    5    300532   44208     1.4972       19284.9
    39   493671   419607    1.1045       18274.9
    1    50944    1479765   1.0633       3489.4
    8    341198   57485     1.1137       3031.6
    10   349444   84126     1.0808       1671.1
    7    338414   10559     1.2049       1520.3
    42   614321   234101    1.0673       1489.3
    40   574911   82726     1.0767       1304.1
    44   798168   118584    1.0691       962.0 
    top-10: 31.4% of mass, 95.8% of excess-loss
Epoch 5: loss=1.032841  (5.54 sec, 65 subtrees, 225 chunks, 9313896 nodes)
  residual top-10 (subtree_mass × max(avg_loss − 1.033, 0)):
    rc   rootID   mass      avg_loss     score 
    6    309644   167551    1.1441       18645.3
    39   493671   419607    1.0745       17482.2
    5    300532   44208     1.3419       13661.9
    42   614321   234101    1.0398       1625.5
    40   574911   82726     1.0520       1582.2
    47   915694   343840    1.0368       1351.3
    44   798168   118584    1.0436       1277.7
    7    338414   10559     1.1462       1197.0
    41   591555   114034    1.0393       739.1 
    11   364300   27722     1.0539       582.7 
    top-10: 18.2% of mass, 98.6% of excess-loss
Epoch 6: loss=1.012042  (5.54 sec, 65 subtrees, 225 chunks, 9313896 nodes)
  residual top-10 (subtree_mass × max(avg_loss − 1.012, 0)):
    rc   rootID   mass      avg_loss     score 
    6    309644   167551    1.0951       13923.5
    39   493671   419607    1.0435       13185.4
    5    300532   44208     1.2438       10246.3
    1    50944    1479765   1.0157       5344.0
    47   915694   343840    1.0168       1648.6
    42   614321   234101    1.0185       1513.8
    44   798168   118584    1.0241       1435.3
    40   574911   82726     1.0274       1268.3
    7    338414   10559     1.1081       1014.7
    41   591555   114034    1.0175       623.3 
    top-10: 35.1% of mass, 97.3% of excess-loss
Epoch 7: loss=0.994743  (5.55 sec, 65 subtrees, 225 chunks, 9313896 nodes)
  residual top-10 (subtree_mass × max(avg_loss − 0.995, 0)):
    rc   rootID   mass      avg_loss     score 
    39   493671   419607    1.0240       12267.6
    6    309644   167551    1.0333       6464.6
    5    300532   44208     1.1135       5249.5
    47   915694   343840    1.0040       3181.8
    42   614321   234101    1.0049       2383.8
    43   660187   735168    0.9977       2164.9
    46   840714   415269    0.9995       1968.9
    44   798168   118584    1.0111       1941.7
    40   574911   82726     1.0127       1482.1
    52   1074317  367799    0.9983       1303.0
    top-10: 34.1% of mass, 91.9% of excess-loss
Epoch 8: loss=0.983686  (5.55 sec, 65 subtrees, 225 chunks, 9313896 nodes)
  residual top-10 (subtree_mass × max(avg_loss − 0.984, 0)):
    rc   rootID   mass      avg_loss     score 
    39   493671   419607    1.0076       10030.4
    47   915694   343840    0.9952       3952.0
    6    309644   167551    1.0030       3229.5
    5    300532   44208     1.0536       3090.5
    46   840714   415269    0.9906       2889.6
    43   660187   735168    0.9874       2761.8
    52   1074317  367799    0.9906       2554.7
    42   614321   234101    0.9942       2469.8
    44   798168   118584    1.0015       2115.8
    40   574911   82726     1.0001       1361.1
    top-10: 34.1% of mass, 83.0% of excess-loss
Epoch 9: loss=0.978787  (5.55 sec, 65 subtrees, 225 chunks, 9313896 nodes)
  residual top-10 (subtree_mass × max(avg_loss − 0.979, 0)):
    rc   rootID   mass      avg_loss     score 
    39   493671   419607    0.9964       7388.4
    47   915694   343840    0.9920       4548.4
    46   840714   415269    0.9876       3647.3
    52   1074317  367799    0.9885       3570.3
    43   660187   735168    0.9832       3240.7
    42   614321   234101    0.9894       2479.7
    53   1145421  504725    0.9836       2435.9
    58   1402652  543420    0.9831       2319.4
    44   798168   118584    0.9979       2262.8
    57   1329804  377747    0.9842       2062.5
    top-10: 47.2% of mass, 74.3% of excess-loss
Epoch 10: loss=0.977069  (5.56 sec, 65 subtrees, 225 chunks, 9313896 nodes)
  residual top-10 (subtree_mass × max(avg_loss − 0.977, 0)):
    rc   rootID   mass      avg_loss     score 
    39   493671   419607    0.9895       5206.9
    47   915694   343840    0.9907       4684.5
    52   1074317  367799    0.9882       4088.7
    46   840714   415269    0.9859       3686.9
    58   1402652  543420    0.9837       3613.4
    53   1145421  504725    0.9833       3143.1
    57   1329804  377747    0.9846       2842.7
    43   660187   735168    0.9805       2488.8
    44   798168   118584    0.9952       2146.8
    50   993056   244544    0.9857       2119.6
    top-10: 47.3% of mass, 73.2% of excess-loss
Saved to rnd/depth-weight/matrix/mass-inv-linear_events_s2/run.model
Done.
  Appended optimizer state to rnd/depth-weight/matrix/mass-inv-linear_events_s2/run.model (adam_t=650)
