AGPT CUDA Training Engine
  Model: d=64 heads=4 layers=2 ff=256 vocab=65 seq=128 head_dim=16
  Loaded 108481 weight floats (423.8 KB)
  No optimizer state in checkpoint; starting cold
Loading radix trie from /tmp/shake_baseline_d16_radix...
  Radix trie: 1607928 nodes, 9313896 total edge chars, 17 endpoint depths
  Radix loaded: 2697118 counts entries, 12276596 ancestor char entries
  d_split: 1062377/1607928 nodes have a mass=1 ancestor (mean depth 9.21)
  lr-schedule: warmup-cosine (peak=0.003, warmup_epochs=1)
  optimizer: rmsprop (lr=0.003)
  curriculum: flat (d=max each epoch)
  max edge_len: 16, max ancestor chars: 15, max KV per node: 31, max endpoint depth: 16
  mass=1 compaction: 8275783 / 9313896 chars are mass=1 (88.9%); cache holds 1038113 positions
  loop points: 18684 (mass>1 leaves; 3.4% of 545550 mass>1 nodes)
  KV cache: 531.5 MB unified memory (bf16 compact)
  GPU memory: 8045.0 MB used, 141.8 MB free, 8186.8 MB total
  65 root-child subtrees: sizes min=1 max=246583 avg=24737.3 (total=1607927 radix nodes)
Epoch 1: loss=0.061049  (14.91 sec, 65 subtrees, 225 chunks, 9313896 nodes)
  residual top-10 (subtree_mass × max(avg_loss − 0.061, 0)):
    rc   rootID   mass      avg_loss     score 
    1    50944    1479765   0.0799       27833.1
    0    1        297533    0.1016       12053.6
    44   798168   118584    0.0856       2908.5
    8    341198   57485     0.0870       1489.4
    6    309644   167551    0.0680       1157.0
    40   574911   82726     0.0747       1133.2
    10   349444   84126     0.0705       798.1 
    45   821318   94570     0.0676       618.7 
    13   372685   55068     0.0693       452.6 
    17   395702   37639     0.0731       452.4 
    top-10: 28.8% of mass, 93.3% of excess-loss
Epoch 2: loss=0.060941  (16.19 sec, 65 subtrees, 225 chunks, 9313896 nodes)
  residual top-10 (subtree_mass × max(avg_loss − 0.061, 0)):
    rc   rootID   mass      avg_loss     score 
    1    50944    1479765   0.0872       38815.9
    6    309644   167551    0.0924       5266.3
    8    341198   57485     0.1041       2478.3
    10   349444   84126     0.0834       1891.6
    5    300532   44208     0.0997       1713.6
    13   372685   55068     0.0817       1142.6
    21   413181   87608     0.0725       1014.5
    2    297527   13758     0.1236       861.6 
    17   395702   37639     0.0811       758.7 
    15   387980   25230     0.0830       555.5 
    top-10: 23.9% of mass, 92.1% of excess-loss
Epoch 3: loss=0.063737  (12.57 sec, 65 subtrees, 225 chunks, 9313896 nodes)
  residual top-10 (subtree_mass × max(avg_loss − 0.064, 0)):
    rc   rootID   mass      avg_loss     score 
    1    50944    1479765   0.0814       26173.2
    6    309644   167551    0.0847       3517.6
    8    341198   57485     0.0940       1740.3
    39   493671   419607    0.0679       1735.4
    10   349444   84126     0.0808       1435.0
    21   413181   87608     0.0761       1079.9
    5    300532   44208     0.0857       971.8 
    13   372685   55068     0.0799       892.3 
    17   395702   37639     0.0818       681.5 
    15   387980   25230     0.0826       475.1 
    top-10: 28.6% of mass, 85.4% of excess-loss
Epoch 4: loss=0.052430  (12.76 sec, 65 subtrees, 225 chunks, 9313896 nodes)
  residual top-10 (subtree_mass × max(avg_loss − 0.052, 0)):
    rc   rootID   mass      avg_loss     score 
    1    50944    1479765   0.0616       13548.9
    6    309644   167551    0.0625       1688.3
    0    1        297533    0.0576       1542.3
    8    341198   57485     0.0689       947.1 
    10   349444   84126     0.0592       573.7 
    5    300532   44208     0.0621       425.6 
    21   413181   87608     0.0570       399.9 
    13   372685   55068     0.0597       398.3 
    17   395702   37639     0.0611       326.8 
    15   387980   25230     0.0617       234.2 
    top-10: 27.2% of mass, 87.7% of excess-loss
Epoch 5: loss=0.047284  (12.96 sec, 65 subtrees, 225 chunks, 9313896 nodes)
  residual top-10 (subtree_mass × max(avg_loss − 0.047, 0)):
    rc   rootID   mass      avg_loss     score 
    1    50944    1479765   0.0502       4381.3
    0    1        297533    0.0527       1597.4
    8    341198   57485     0.0583       630.8 
    6    309644   167551    0.0498       415.5 
    17   395702   37639     0.0518       170.3 
    13   372685   55068     0.0499       144.1 
    15   387980   25230     0.0527       135.8 
    12   369639   16107     0.0554       130.2 
    30   457660   31233     0.0510       115.5 
    21   413181   87608     0.0486       114.1 
    top-10: 26.2% of mass, 85.5% of excess-loss
Epoch 6: loss=0.045917  (13.18 sec, 65 subtrees, 225 chunks, 9313896 nodes)
  residual top-10 (subtree_mass × max(avg_loss − 0.046, 0)):
    rc   rootID   mass      avg_loss     score 
    1    50944    1479765   0.0481       3176.7
    0    1        297533    0.0501       1238.2
    8    341198   57485     0.0556       555.0 
    6    309644   167551    0.0474       241.3 
    17   395702   37639     0.0499       151.4 
    13   372685   55068     0.0481       121.7 
    15   387980   25230     0.0507       120.2 
    12   369639   16107     0.0532       117.7 
    30   457660   31233     0.0496       113.6 
    33   480616   21503     0.0508       105.4 
    top-10: 25.5% of mass, 83.5% of excess-loss
Epoch 7: loss=0.045131  (12.67 sec, 65 subtrees, 225 chunks, 9313896 nodes)
  residual top-10 (subtree_mass × max(avg_loss − 0.045, 0)):
    rc   rootID   mass      avg_loss     score 
    1    50944    1479765   0.0467       2394.5
    0    1        297533    0.0490       1149.4
    8    341198   57485     0.0538       498.7 
    17   395702   37639     0.0488       137.6 
    6    309644   167551    0.0459       135.2 
    13   372685   55068     0.0472       112.6 
    15   387980   25230     0.0496       111.6 
    12   369639   16107     0.0518       107.9 
    30   457660   31233     0.0485       103.9 
    33   480616   21503     0.0498       101.0 
    top-10: 25.5% of mass, 82.1% of excess-loss
Epoch 8: loss=0.044709  (12.66 sec, 65 subtrees, 225 chunks, 9313896 nodes)
  residual top-10 (subtree_mass × max(avg_loss − 0.045, 0)):
    rc   rootID   mass      avg_loss     score 
    1    50944    1479765   0.0460       1982.2
    0    1        297533    0.0483       1081.0
    8    341198   57485     0.0530       478.5 
    17   395702   37639     0.0482       133.3 
    15   387980   25230     0.0490       108.7 
    13   372685   55068     0.0466       106.9 
    12   369639   16107     0.0512       104.0 
    30   457660   31233     0.0480       101.5 
    33   480616   21503     0.0494       100.4 
    6    309644   167551    0.0452       83.0  
    top-10: 25.5% of mass, 80.8% of excess-loss
Epoch 9: loss=0.044528  (12.79 sec, 65 subtrees, 225 chunks, 9313896 nodes)
  residual top-10 (subtree_mass × max(avg_loss − 0.045, 0)):
    rc   rootID   mass      avg_loss     score 
    1    50944    1479765   0.0457       1677.4
    0    1        297533    0.0480       1026.1
    8    341198   57485     0.0527       468.0 
    17   395702   37639     0.0480       129.9 
    15   387980   25230     0.0487       104.9 
    13   372685   55068     0.0464       103.9 
    12   369639   16107     0.0509       103.4 
    33   480616   21503     0.0492       101.5 
    30   457660   31233     0.0478       101.1 
    21   413181   87608     0.0455       81.5  
    top-10: 24.5% of mass, 79.6% of excess-loss
Epoch 10: loss=0.044477  (12.85 sec, 65 subtrees, 225 chunks, 9313896 nodes)
  residual top-10 (subtree_mass × max(avg_loss − 0.044, 0)):
    rc   rootID   mass      avg_loss     score 
    1    50944    1479765   0.0455       1543.8
    0    1        297533    0.0478       989.3 
    8    341198   57485     0.0526       464.3 
    17   395702   37639     0.0479       128.3 
    15   387980   25230     0.0486       104.3 
    13   372685   55068     0.0464       104.0 
    33   480616   21503     0.0492       102.0 
    12   369639   16107     0.0508       101.6 
    30   457660   31233     0.0477       100.6 
    21   413181   87608     0.0454       80.3  
    top-10: 24.5% of mass, 78.8% of excess-loss
Saved to rnd/depth-weight/matrix/branching-linear_weight_s2/run.model
Done.
  Appended optimizer state to rnd/depth-weight/matrix/branching-linear_weight_s2/run.model (adam_t=650)
