AGPT CUDA Training Engine
  Model: d=64 heads=4 layers=2 ff=256 vocab=65 seq=128 head_dim=16
  Loaded 108481 weight floats (423.8 KB)
  No optimizer state in checkpoint; starting cold
Loading radix trie from /tmp/shake_baseline_d16_radix...
  Radix trie: 1607928 nodes, 9313896 total edge chars, 17 endpoint depths
  Radix loaded: 2697118 counts entries, 12276596 ancestor char entries
  d_split: 1062377/1607928 nodes have a mass=1 ancestor (mean depth 9.21)
  lr-schedule: warmup-cosine (peak=0.003, warmup_epochs=1)
  optimizer: rmsprop (lr=0.003)
  curriculum: flat (d=max each epoch)
  max edge_len: 16, max ancestor chars: 15, max KV per node: 31, max endpoint depth: 16
  mass=1 compaction: 8275783 / 9313896 chars are mass=1 (88.9%); cache holds 1038113 positions
  loop points: 18684 (mass>1 leaves; 3.4% of 545550 mass>1 nodes)
  KV cache: 531.5 MB unified memory (bf16 compact)
  GPU memory: 2851.3 MB used, 5335.5 MB free, 8186.8 MB total
  65 root-child subtrees: sizes min=1 max=246583 avg=24737.3 (total=1607927 radix nodes)
Epoch 1: loss=3.374804  (6.44 sec, 65 subtrees, 225 chunks, 9313896 nodes)
  residual top-10 (subtree_mass × max(avg_loss − 3.375, 0)):
    rc   rootID   mass      avg_loss     score 
    1    50944    1479765   4.2022       1224416.9
    0    1        297533    4.9501       468700.5
    43   660187   735168    3.8436       344622.3
    40   574911   82726     5.6230       185987.9
    41   591555   114034    4.4608       123836.9
    44   798168   118584    4.0547       80628.5
    47   915694   343840    3.5972       76485.0
    42   614321   234101    3.6401       62106.6
    5    300532   44208     3.7587       16972.3
    49   982783   50950     3.5961       11273.0
    top-10: 40.7% of mass, 98.9% of excess-loss
Epoch 2: loss=2.503874  (6.12 sec, 65 subtrees, 225 chunks, 9313896 nodes)
  residual top-10 (subtree_mass × max(avg_loss − 2.504, 0)):
    rc   rootID   mass      avg_loss     score 
    58   1402652  543420    2.6898       101038.8
    1    50944    1479765   2.5504       68837.0
    6    309644   167551    2.8006       49720.8
    5    300532   44208     3.2155       31461.7
    54   1241689  76537     2.8862       29265.5
    59   1500853  192300    2.6518       28446.6
    44   798168   118584    2.7087       24285.8
    2    297527   13758     4.0106       20729.7
    57   1329804  377747    2.5533       18652.3
    8    341198   57485     2.8146       17863.3
    top-10: 35.7% of mass, 95.2% of excess-loss
Epoch 3: loss=2.331989  (5.92 sec, 65 subtrees, 225 chunks, 9313896 nodes)
  residual top-10 (subtree_mass × max(avg_loss − 2.332, 0)):
    rc   rootID   mass      avg_loss     score 
    59   1500853  192300    2.8704       103543.9
    1    50944    1479765   2.3703       56619.5
    58   1402652  543420    2.3851       28860.7
    6    309644   167551    2.4356       17354.9
    0    1        297533    2.3700       11313.7
    5    300532   44208     2.5601       10083.2
    8    341198   57485     2.5001       9664.9
    60   1539801  58095     2.4911       9245.2
    61   1551260  134045    2.3765       5972.0
    2    297527   13758     2.7455       5688.9
    top-10: 34.8% of mass, 98.1% of excess-loss
Epoch 4: loss=2.254955  (6.08 sec, 65 subtrees, 225 chunks, 9313896 nodes)
  residual top-10 (subtree_mass × max(avg_loss − 2.255, 0)):
    rc   rootID   mass      avg_loss     score 
    1    50944    1479765   2.2949       59178.8
    59   1500853  192300    2.3822       24465.4
    6    309644   167551    2.3766       20389.5
    0    1        297533    2.3119       16935.2
    5    300532   44208     2.5397       12586.3
    8    341198   57485     2.4628       11946.5
    2    297527   13758     2.7688       7069.8
    58   1402652  543420    2.2636       4697.1
    39   493671   419607    2.2658       4531.4
    13   372685   55068     2.2964       2281.8
    top-10: 38.0% of mass, 96.3% of excess-loss
Epoch 5: loss=2.191325  (6.12 sec, 65 subtrees, 225 chunks, 9313896 nodes)
  residual top-10 (subtree_mass × max(avg_loss − 2.191, 0)):
    rc   rootID   mass      avg_loss     score 
    59   1500853  192300    2.3771       35726.5
    1    50944    1479765   2.2109       28899.9
    6    309644   167551    2.2919       16846.2
    0    1        297533    2.2300       11517.6
    8    341198   57485     2.3527       9278.8
    5    300532   44208     2.3992       9188.8
    2    297527   13758     2.5580       5044.6
    58   1402652  543420    2.2000       4702.7
    44   798168   118584    2.2074       1910.6
    12   369639   16107     2.2892       1576.0
    top-10: 34.1% of mass, 95.7% of excess-loss
Epoch 6: loss=2.152467  (6.13 sec, 65 subtrees, 225 chunks, 9313896 nodes)
  residual top-10 (subtree_mass × max(avg_loss − 2.152, 0)):
    rc   rootID   mass      avg_loss     score 
    1    50944    1479765   2.1755       34034.1
    6    309644   167551    2.2635       18610.4
    0    1        297533    2.1994       13958.4
    5    300532   44208     2.3655       9417.0
    59   1500853  192300    2.1968       8528.7
    8    341198   57485     2.2987       8404.7
    39   493671   419607    2.1687       6816.3
    2    297527   13758     2.5211       5072.0
    13   372685   55068     2.1964       2419.2
    12   369639   16107     2.2427       1452.9
    top-10: 31.9% of mass, 94.3% of excess-loss
Epoch 7: loss=2.108578  (6.06 sec, 65 subtrees, 225 chunks, 9313896 nodes)
  residual top-10 (subtree_mass × max(avg_loss − 2.109, 0)):
    rc   rootID   mass      avg_loss     score 
    1    50944    1479765   2.1216       19245.1
    0    1        297533    2.1482       11776.9
    6    309644   167551    2.1626       9058.3
    8    341198   57485     2.2314       7061.0
    39   493671   419607    2.1195       4599.7
    5    300532   44208     2.2004       4059.8
    2    297527   13758     2.3022       2663.5
    13   372685   55068     2.1527       2431.2
    12   369639   16107     2.1939       1374.7
    44   798168   118584    2.1187       1202.7
    top-10: 31.1% of mass, 90.0% of excess-loss
Epoch 8: loss=2.086212  (6.12 sec, 65 subtrees, 225 chunks, 9313896 nodes)
  residual top-10 (subtree_mass × max(avg_loss − 2.086, 0)):
    rc   rootID   mass      avg_loss     score 
    0    1        297533    2.1218       10581.5
    1    50944    1479765   2.0928       9773.1
    8    341198   57485     2.1771       5223.4
    6    309644   167551    2.1155       4913.4
    39   493671   419607    2.0925       2652.5
    5    300532   44208     2.1419       2463.3
    46   840714   415269    2.0913       2117.5
    13   372685   55068     2.1227       2009.9
    2    297527   13758     2.1991       1553.1
    44   798168   118584    2.0964       1208.5
    top-10: 35.7% of mass, 87.1% of excess-loss
Epoch 9: loss=2.075495  (6.09 sec, 65 subtrees, 225 chunks, 9313896 nodes)
  residual top-10 (subtree_mass × max(avg_loss − 2.075, 0)):
    rc   rootID   mass      avg_loss     score 
    0    1        297533    2.1064       9206.2
    8    341198   57485     2.1396       3686.4
    46   840714   415269    2.0825       2904.2
    1    50944    1479765   2.0774       2775.1
    6    309644   167551    2.0886       2192.4
    13   372685   55068     2.1071       1742.4
    5    300532   44208     2.1121       1619.9
    44   798168   118584    2.0862       1273.4
    52   1074317  367799    2.0789       1241.5
    39   493671   419607    2.0784       1231.1
    top-10: 39.8% of mass, 77.3% of excess-loss
Epoch 10: loss=2.072599  (6.08 sec, 65 subtrees, 225 chunks, 9313896 nodes)
  residual top-10 (subtree_mass × max(avg_loss − 2.073, 0)):
    rc   rootID   mass      avg_loss     score 
    0    1        297533    2.0992       7919.4
    8    341198   57485     2.1287       3224.4
    46   840714   415269    2.0799       3033.3
    58   1402652  543420    2.0758       1754.2
    13   372685   55068     2.1024       1641.7
    6    309644   167551    2.0822       1602.1
    52   1074317  367799    2.0767       1504.1
    5    300532   44208     2.1066       1502.3
    44   798168   118584    2.0834       1280.7
    27   447521   35333     2.1081       1254.6
    top-10: 24.5% of mass, 76.9% of excess-loss
Saved to rnd/depth-weight/matrix/branching-inv-linear_none_s2/run.model
Done.
  Appended optimizer state to rnd/depth-weight/matrix/branching-inv-linear_none_s2/run.model (adam_t=650)
