AGPT CUDA Training Engine
  Model: d=64 heads=4 layers=2 ff=256 vocab=65 seq=128 head_dim=16
  Loaded 108481 weight floats (423.8 KB)
  No optimizer state in checkpoint; starting cold
Loading radix trie from /tmp/shake_baseline_d16_radix...
  Radix trie: 1607928 nodes, 9313896 total edge chars, 17 endpoint depths
  Radix loaded: 2697118 counts entries, 12276596 ancestor char entries
  d_split: 1062377/1607928 nodes have a mass=1 ancestor (mean depth 9.21)
  lr-schedule: warmup-cosine (peak=0.003, warmup_epochs=1)
  optimizer: rmsprop (lr=0.003)
  curriculum: flat (d=max each epoch)
  max edge_len: 16, max ancestor chars: 15, max KV per node: 31, max endpoint depth: 16
  mass=1 compaction: 8275783 / 9313896 chars are mass=1 (88.9%); cache holds 1038113 positions
  loop points: 18684 (mass>1 leaves; 3.4% of 545550 mass>1 nodes)
  KV cache: 531.5 MB unified memory (bf16 compact)
  GPU memory: 2851.3 MB used, 5335.5 MB free, 8186.8 MB total
  65 root-child subtrees: sizes min=1 max=246583 avg=24737.3 (total=1607927 radix nodes)
Epoch 1: loss=2.987207  (6.21 sec, 65 subtrees, 225 chunks, 9313896 nodes)
  residual top-10 (subtree_mass × max(avg_loss − 2.987, 0)):
    rc   rootID   mass      avg_loss     score 
    1    50944    1479765   4.2796       1912449.8
    0    1        297533    5.0475       613011.3
    10   349444   84126     3.8501       72590.3
    6    309644   167551    3.4062       70199.1
    5    300532   44208     4.1047       49401.2
    8    341198   57485     3.3580       21313.9
    2    297527   13758     3.9671       13481.7
    30   457660   31233     3.2773       9061.6
    7    338414   10559     3.5258       5686.7
    12   369639   16107     3.2760       4652.0
    top-10: 25.6% of mass, 99.5% of excess-loss
Epoch 2: loss=2.545625  (6.03 sec, 65 subtrees, 225 chunks, 9313896 nodes)
  residual top-10 (subtree_mass × max(avg_loss − 2.546, 0)):
    rc   rootID   mass      avg_loss     score 
    1    50944    1479765   2.7458       296141.8
    10   349444   84126     4.6989       181149.7
    6    309644   167551    3.1397       99543.3
    5    300532   44208     4.1204       69616.3
    8    341198   57485     2.8488       17426.7
    11   364300   27722     3.1362       16372.6
    0    1        297533    2.5962       15059.7
    39   493671   419607    2.5793       14114.7
    13   372685   55068     2.7966       13818.0
    12   369639   16107     3.0603       8289.8
    top-10: 30.8% of mass, 96.3% of excess-loss
Epoch 3: loss=2.357655  (6.03 sec, 65 subtrees, 225 chunks, 9313896 nodes)
  residual top-10 (subtree_mass × max(avg_loss − 2.358, 0)):
    rc   rootID   mass      avg_loss     score 
    6    309644   167551    2.6752       53208.6
    1    50944    1479765   2.3885       45670.7
    5    300532   44208     3.2252       38351.2
    39   493671   419607    2.4438       36162.3
    10   349444   84126     2.7521       33181.7
    8    341198   57485     2.5408       10530.7
    13   372685   55068     2.4656       5943.2
    12   369639   16107     2.7155       5763.3
    0    1        297533    2.3769       5736.1
    11   364300   27722     2.4717       3161.4
    top-10: 30.8% of mass, 94.9% of excess-loss
Epoch 4: loss=2.284571  (6.02 sec, 65 subtrees, 225 chunks, 9313896 nodes)
  residual top-10 (subtree_mass × max(avg_loss − 2.285, 0)):
    rc   rootID   mass      avg_loss     score 
    39   493671   419607    2.3726       36939.9
    6    309644   167551    2.4967       35539.8
    1    50944    1479765   2.3044       29275.8
    5    300532   44208     2.9268       28392.5
    10   349444   84126     2.4900       17283.9
    8    341198   57485     2.4218       7887.9
    12   369639   16107     2.5797       4754.0
    13   372685   55068     2.3527       3754.5
    40   574911   82726     2.3227       3150.5
    11   364300   27722     2.3598       2084.6
    top-10: 28.3% of mass, 96.4% of excess-loss
Epoch 5: loss=2.237600  (5.95 sec, 65 subtrees, 225 chunks, 9313896 nodes)
  residual top-10 (subtree_mass × max(avg_loss − 2.238, 0)):
    rc   rootID   mass      avg_loss     score 
    39   493671   419607    2.3168       33222.3
    6    309644   167551    2.3852       24728.1
    5    300532   44208     2.7239       21496.8
    10   349444   84126     2.4097       14481.3
    1    50944    1479765   2.2423       6898.1
    8    341198   57485     2.3298       5302.3
    12   369639   16107     2.4937       4124.3
    40   574911   82726     2.2803       3530.3
    13   372685   55068     2.2999       3433.2
    11   364300   27722     2.3087       1971.2
    top-10: 28.3% of mass, 94.3% of excess-loss
Epoch 6: loss=2.190401  (5.79 sec, 65 subtrees, 225 chunks, 9313896 nodes)
  residual top-10 (subtree_mass × max(avg_loss − 2.190, 0)):
    rc   rootID   mass      avg_loss     score 
    39   493671   419607    2.2530       26255.9
    1    50944    1479765   2.2045       20850.2
    6    309644   167551    2.2931       17212.9
    5    300532   44208     2.5071       14002.7
    8    341198   57485     2.2722       4699.6
    40   574911   82726     2.2270       3024.9
    46   840714   415269    2.1967       2610.8
    10   349444   84126     2.2182       2338.7
    42   614321   234101    2.1993       2089.4
    44   798168   118584    2.2080       2082.4
    top-10: 36.1% of mass, 94.4% of excess-loss
Epoch 7: loss=2.157718  (5.63 sec, 65 subtrees, 225 chunks, 9313896 nodes)
  residual top-10 (subtree_mass × max(avg_loss − 2.158, 0)):
    rc   rootID   mass      avg_loss     score 
    39   493671   419607    2.2130       23203.0
    1    50944    1479765   2.1708       19324.8
    6    309644   167551    2.2158       9735.9
    5    300532   44208     2.3421       8152.0
    46   840714   415269    2.1686       4525.6
    40   574911   82726     2.1939       2990.9
    44   798168   118584    2.1806       2709.1
    42   614321   234101    2.1691       2668.3
    47   915694   343840    2.1653       2624.1
    8    341198   57485     2.1950       2142.0
    top-10: 39.1% of mass, 95.6% of excess-loss
Epoch 8: loss=2.135942  (5.60 sec, 65 subtrees, 225 chunks, 9313896 nodes)
  residual top-10 (subtree_mass × max(avg_loss − 2.136, 0)):
    rc   rootID   mass      avg_loss     score 
    1    50944    1479765   2.1478       17613.9
    39   493671   419607    2.1749       16348.3
    46   840714   415269    2.1524       6854.8
    6    309644   167551    2.1663       5090.4
    5    300532   44208     2.2492       5008.9
    47   915694   343840    2.1478       4090.9
    44   798168   118584    2.1625       3155.0
    42   614321   234101    2.1474       2676.2
    40   574911   82726     2.1665       2527.3
    43   660187   735168    2.1383       1707.1
    top-10: 47.0% of mass, 93.9% of excess-loss
Epoch 9: loss=2.125837  (5.59 sec, 65 subtrees, 225 chunks, 9313896 nodes)
  residual top-10 (subtree_mass × max(avg_loss − 2.126, 0)):
    rc   rootID   mass      avg_loss     score 
    1    50944    1479765   2.1359       14828.1
    39   493671   419607    2.1490       9726.5
    46   840714   415269    2.1467       8655.4
    47   915694   343840    2.1417       5458.3
    58   1402652  543420    2.1350       4983.7
    44   798168   118584    2.1545       3401.6
    5    300532   44208     2.1824       2502.8
    42   614321   234101    2.1352       2192.2
    52   1074317  367799    2.1317       2139.7
    53   1145421  504725    2.1298       2006.4
    top-10: 52.0% of mass, 87.3% of excess-loss
Epoch 10: loss=2.121884  (5.60 sec, 65 subtrees, 225 chunks, 9313896 nodes)
  residual top-10 (subtree_mass × max(avg_loss − 2.122, 0)):
    rc   rootID   mass      avg_loss     score 
    1    50944    1479765   2.1342       18194.1
    46   840714   415269    2.1423       8462.7
    58   1402652  543420    2.1363       7813.8
    47   915694   343840    2.1377       5443.9
    39   493671   419607    2.1334       4820.6
    53   1145421  504725    2.1290       3580.0
    52   1074317  367799    2.1305       3176.2
    44   798168   118584    2.1480       3095.7
    57   1329804  377747    2.1289       2669.2
    5    300532   44208     2.1659       1945.0
    top-10: 53.7% of mass, 88.1% of excess-loss
Saved to rnd/depth-weight/matrix/off_weight_s2/run.model
Done.
  Appended optimizer state to rnd/depth-weight/matrix/off_weight_s2/run.model (adam_t=650)
