AGPT CUDA Training Engine
  Model: d=64 heads=4 layers=2 ff=256 vocab=65 seq=128 head_dim=16
  Loaded 108481 weight floats (423.8 KB)
  No optimizer state in checkpoint; starting cold
Loading radix trie from /tmp/shake_baseline_d16_radix...
  Radix trie: 1607928 nodes, 9313896 total edge chars, 17 endpoint depths
  Radix loaded: 2697118 counts entries, 12276596 ancestor char entries
  d_split: 1062377/1607928 nodes have a mass=1 ancestor (mean depth 9.21)
  lr-schedule: warmup-cosine (peak=0.003, warmup_epochs=1)
  optimizer: rmsprop (lr=0.003)
  curriculum: flat (d=max each epoch)
  max edge_len: 16, max ancestor chars: 15, max KV per node: 31, max endpoint depth: 16
  mass=1 compaction: 8275783 / 9313896 chars are mass=1 (88.9%); cache holds 1038113 positions
  loop points: 18684 (mass>1 leaves; 3.4% of 545550 mass>1 nodes)
  KV cache: 531.5 MB unified memory (bf16 compact)
  GPU memory: 2851.3 MB used, 5335.5 MB free, 8186.8 MB total
  65 root-child subtrees: sizes min=1 max=246583 avg=24737.3 (total=1607927 radix nodes)
Epoch 1: loss=3.772454  (5.86 sec, 65 subtrees, 225 chunks, 9313896 nodes)
  residual top-10 (subtree_mass × max(avg_loss − 3.772, 0)):
    rc   rootID   mass      avg_loss     score 
    1    50944    1479765   4.7051       1380090.4
    0    1        297533    5.6822       568218.7
    40   574911   82726     6.4045       217735.3
    44   798168   118584    5.1821       167164.6
    43   660187   735168    3.9910       160655.5
    41   591555   114034    5.0111       141251.3
    46   840714   415269    3.9416       70231.1
    42   614321   234101    4.0096       55508.5
    45   821318   94570     4.2942       49343.0
    8    341198   57485     4.1248       20257.1
    top-10: 42.2% of mass, 98.3% of excess-loss
Epoch 2: loss=2.798915  (5.51 sec, 65 subtrees, 225 chunks, 9313896 nodes)
  residual top-10 (subtree_mass × max(avg_loss − 2.799, 0)):
    rc   rootID   mass      avg_loss     score 
    1    50944    1479765   2.8745       111881.7
    6    309644   167551    3.1606       60607.4
    59   1500853  192300    3.0904       56059.7
    58   1402652  543420    2.8968       53185.0
    54   1241689  76537     3.3558       42622.2
    5    300532   44208     3.6354       36981.1
    0    1        297533    2.9179       35392.7
    8    341198   57485     3.3203       29974.2
    2    297527   13758     4.7791       27243.6
    12   369639   16107     3.1285       5309.2
    top-10: 33.6% of mass, 94.1% of excess-loss
Epoch 3: loss=2.597465  (5.53 sec, 65 subtrees, 225 chunks, 9313896 nodes)
  residual top-10 (subtree_mass × max(avg_loss − 2.597, 0)):
    rc   rootID   mass      avg_loss     score 
    1    50944    1479765   2.6614       94650.5
    59   1500853  192300    2.9555       68843.0
    58   1402652  543420    2.6784       43956.9
    0    1        297533    2.7215       36899.6
    6    309644   167551    2.7529       26046.5
    8    341198   57485     2.9567       20650.3
    5    300532   44208     2.8841       12673.7
    2    297527   13758     3.1755       7952.1
    12   369639   16107     2.8441       3972.9
    13   372685   55068     2.6563       3237.5
    top-10: 33.3% of mass, 94.7% of excess-loss
Epoch 4: loss=2.522353  (5.53 sec, 65 subtrees, 225 chunks, 9313896 nodes)
  residual top-10 (subtree_mass × max(avg_loss − 2.522, 0)):
    rc   rootID   mass      avg_loss     score 
    1    50944    1479765   2.5799       85202.3
    59   1500853  192300    2.7698       47582.9
    0    1        297533    2.6319       32596.3
    8    341198   57485     2.8576       19269.2
    58   1402652  543420    2.5576       19154.8
    6    309644   167551    2.6365       19124.4
    5    300532   44208     2.7181       8652.4
    2    297527   13758     2.9866       6387.4
    54   1241689  76537     2.5772       4195.2
    12   369639   16107     2.7587       3806.4
    top-10: 33.6% of mass, 93.1% of excess-loss
Epoch 5: loss=2.461619  (5.54 sec, 65 subtrees, 225 chunks, 9313896 nodes)
  residual top-10 (subtree_mass × max(avg_loss − 2.462, 0)):
    rc   rootID   mass      avg_loss     score 
    1    50944    1479765   2.5077       68177.4
    0    1        297533    2.5669       31321.1
    6    309644   167551    2.6056       24131.1
    8    341198   57485     2.7778       18174.4
    59   1500853  192300    2.5411       15290.8
    5    300532   44208     2.6539       8501.7
    2    297527   13758     2.8351       5138.7
    10   349444   84126     2.5078       3888.8
    13   372685   55068     2.5242       3443.7
    12   369639   16107     2.6691       3341.7
    top-10: 28.0% of mass, 89.0% of excess-loss
Epoch 6: loss=2.408720  (5.54 sec, 65 subtrees, 225 chunks, 9313896 nodes)
  residual top-10 (subtree_mass × max(avg_loss − 2.409, 0)):
    rc   rootID   mass      avg_loss     score 
    1    50944    1479765   2.4545       67783.2
    0    1        297533    2.5185       32667.2
    8    341198   57485     2.6618       14548.6
    6    309644   167551    2.4930       14119.9
    5    300532   44208     2.5005       4055.9
    13   372685   55068     2.4720       3487.3
    10   349444   84126     2.4491       3399.1
    12   369639   16107     2.5944       2991.0
    2    297527   13758     2.6074       2732.9
    15   387980   25230     2.4901       2053.7
    top-10: 26.1% of mass, 86.5% of excess-loss
Epoch 7: loss=2.373649  (5.54 sec, 65 subtrees, 225 chunks, 9313896 nodes)
  residual top-10 (subtree_mass × max(avg_loss − 2.374, 0)):
    rc   rootID   mass      avg_loss     score 
    1    50944    1479765   2.4154       61843.9
    0    1        297533    2.4858       33366.4
    6    309644   167551    2.4563       13847.4
    8    341198   57485     2.5991       12958.4
    10   349444   84126     2.4214       4021.1
    13   372685   55068     2.4425       3791.2
    5    300532   44208     2.4561       3643.7
    12   369639   16107     2.5439       2742.2
    2    297527   13758     2.5321       2179.5
    32   470512   50448     2.4154       2106.8
    top-10: 26.4% of mass, 84.6% of excess-loss
Epoch 8: loss=2.347896  (5.55 sec, 65 subtrees, 225 chunks, 9313896 nodes)
  residual top-10 (subtree_mass × max(avg_loss − 2.348, 0)):
    rc   rootID   mass      avg_loss     score 
    1    50944    1479765   2.3849       54779.1
    0    1        297533    2.4549       31826.4
    8    341198   57485     2.5391       10990.0
    6    309644   167551    2.4028       9191.6
    13   372685   55068     2.4107       3460.3
    10   349444   84126     2.3843       3062.7
    12   369639   16107     2.5003       2454.8
    46   840714   415269    2.3533       2260.3
    27   447521   35333     2.4083       2134.4
    32   470512   50448     2.3897       2107.2
    top-10: 30.9% of mass, 82.2% of excess-loss
Epoch 9: loss=2.335955  (5.54 sec, 65 subtrees, 225 chunks, 9313896 nodes)
  residual top-10 (subtree_mass × max(avg_loss − 2.336, 0)):
    rc   rootID   mass      avg_loss     score 
    1    50944    1479765   2.3674       46556.9
    0    1        297533    2.4375       30214.9
    8    341198   57485     2.5154       10315.2
    6    309644   167551    2.3791       7225.6
    13   372685   55068     2.3951       3254.5
    46   840714   415269    2.3429       2868.5
    10   349444   84126     2.3671       2620.6
    27   447521   35333     2.4015       2315.3
    12   369639   16107     2.4769       2270.6
    32   470512   50448     2.3808       2260.7
    top-10: 30.9% of mass, 79.9% of excess-loss
Epoch 10: loss=2.332470  (5.55 sec, 65 subtrees, 225 chunks, 9313896 nodes)
  residual top-10 (subtree_mass × max(avg_loss − 2.332, 0)):
    rc   rootID   mass      avg_loss     score 
    1    50944    1479765   2.3612       42579.0
    0    1        297533    2.4299       28999.4
    8    341198   57485     2.5023       9760.1
    6    309644   167551    2.3688       6088.9
    13   372685   55068     2.3891       3119.7
    46   840714   415269    2.3400       3111.3
    27   447521   35333     2.4020       2455.1
    32   470512   50448     2.3790       2345.6
    10   349444   84126     2.3600       2312.2
    12   369639   16107     2.4708       2228.4
    top-10: 30.9% of mass, 77.7% of excess-loss
Saved to rnd/depth-weight/matrix/entropy-up_none_s2/run.model
Done.
  Appended optimizer state to rnd/depth-weight/matrix/entropy-up_none_s2/run.model (adam_t=650)
