AGPT CUDA Training Engine
  Model: d=64 heads=4 layers=2 ff=256 vocab=65 seq=128 head_dim=16
  Loaded 108481 weight floats (423.8 KB)
  No optimizer state in checkpoint; starting cold
Loading radix trie from /tmp/shake_baseline_d16_radix...
  Radix trie: 1607928 nodes, 9313896 total edge chars, 17 endpoint depths
  Radix loaded: 2697118 counts entries, 12276596 ancestor char entries
  d_split: 1062377/1607928 nodes have a mass=1 ancestor (mean depth 9.21)
  lr-schedule: warmup-cosine (peak=0.003, warmup_epochs=1)
  optimizer: rmsprop (lr=0.003)
  curriculum: flat (d=max each epoch)
  max edge_len: 16, max ancestor chars: 15, max KV per node: 31, max endpoint depth: 16
  mass=1 compaction: 8275783 / 9313896 chars are mass=1 (88.9%); cache holds 1038113 positions
  loop points: 18684 (mass>1 leaves; 3.4% of 545550 mass>1 nodes)
  KV cache: 531.5 MB unified memory (bf16 compact)
  GPU memory: 3090.0 MB used, 82003.8 MB free, 85093.8 MB total
  65 root-child subtrees: sizes min=1 max=246583 avg=24737.3 (total=1607927 radix nodes)
Epoch 1: loss=3.234757  (2.15 sec, 65 subtrees, 225 chunks, 9313896 nodes)
  residual top-10 (subtree_mass × max(avg_loss − 3.235, 0)):
    rc   rootID   mass      avg_loss     score 
    1    50944    1479765   4.8443       2381763.8
    0    1        297533    5.2280       593065.6
    6    309644   167551    3.9237       115432.0
    10   349444   84126     3.8046       47937.2
    5    300532   44208     4.2037       42835.2
    8    341198   57485     3.7441       29280.4
    2    297527   13758     4.6112       18936.8
    13   372685   55068     3.3898       8539.9
    7    338414   10559     3.9381       7426.2
    11   364300   27722     3.4852       6943.5
    top-10: 26.0% of mass, 99.7% of excess-loss
Epoch 2: loss=2.511582  (2.03 sec, 65 subtrees, 225 chunks, 9313896 nodes)
  residual top-10 (subtree_mass × max(avg_loss − 2.512, 0)):
    rc   rootID   mass      avg_loss     score 
    1    50944    1479765   2.7170       303926.4
    10   349444   84126     3.7031       100233.6
    6    309644   167551    2.8995       65000.7
    5    300532   44208     3.3510       37110.0
    0    1        297533    2.6354       36826.4
    8    341198   57485     2.8277       18172.8
    39   493671   419607    2.5516       16809.3
    13   372685   55068     2.6255       6271.4
    11   364300   27722     2.7235       5875.8
    12   369639   16107     2.7854       4409.7
    top-10: 30.8% of mass, 98.1% of excess-loss
Epoch 3: loss=2.355790  (2.03 sec, 65 subtrees, 225 chunks, 9313896 nodes)
  residual top-10 (subtree_mass × max(avg_loss − 2.356, 0)):
    rc   rootID   mass      avg_loss     score 
    1    50944    1479765   2.4239       100814.0
    6    309644   167551    2.6597       50925.7
    5    300532   44208     3.1689       35946.5
    39   493671   419607    2.4155       25033.9
    10   349444   84126     2.5021       12305.2
    0    1        297533    2.3886       9772.3
    8    341198   57485     2.5236       9645.7
    12   369639   16107     2.5400       2967.6
    7    338414   10559     2.6288       2883.2
    13   372685   55068     2.4076       2852.8
    top-10: 30.6% of mass, 96.9% of excess-loss
Epoch 4: loss=2.279304  (2.02 sec, 65 subtrees, 225 chunks, 9313896 nodes)
  residual top-10 (subtree_mass × max(avg_loss − 2.279, 0)):
    rc   rootID   mass      avg_loss     score 
    1    50944    1479765   2.3218       62867.2
    6    309644   167551    2.4418       27225.9
    5    300532   44208     2.8260       24168.6
    10   349444   84126     2.5651       24043.3
    39   493671   419607    2.3365       24003.3
    8    341198   57485     2.3770       5617.3
    0    1        297533    2.2961       4995.7
    12   369639   16107     2.5101       3717.3
    13   372685   55068     2.3438       3551.7
    11   364300   27722     2.3613       2273.8
    top-10: 30.8% of mass, 96.0% of excess-loss
Epoch 5: loss=2.208064  (2.02 sec, 65 subtrees, 225 chunks, 9313896 nodes)
  residual top-10 (subtree_mass × max(avg_loss − 2.208, 0)):
    rc   rootID   mass      avg_loss     score 
    1    50944    1479765   2.2584       74554.9
    6    309644   167551    2.3535       24372.7
    39   493671   419607    2.2651       23916.6
    5    300532   44208     2.6479       19443.0
    10   349444   84126     2.4206       17878.8
    0    1        297533    2.2262       5387.6
    8    341198   57485     2.2826       4286.8
    12   369639   16107     2.3556       2376.9
    13   372685   55068     2.2450       2035.8
    44   798168   118584    2.2234       1817.1
    top-10: 31.9% of mass, 95.9% of excess-loss
Epoch 6: loss=2.149178  (2.02 sec, 65 subtrees, 225 chunks, 9313896 nodes)
  residual top-10 (subtree_mass × max(avg_loss − 2.149, 0)):
    rc   rootID   mass      avg_loss     score 
    1    50944    1479765   2.1720       33804.9
    39   493671   419607    2.2084       24850.5
    6    309644   167551    2.2792       21780.8
    5    300532   44208     2.5117       16028.0
    10   349444   84126     2.2107       5177.2
    46   840714   415269    2.1582       3751.0
    8    341198   57485     2.2090       3437.0
    44   798168   118584    2.1710       2591.7
    40   574911   82726     2.1771       2309.0
    12   369639   16107     2.2607       1796.2
    top-10: 33.6% of mass, 95.2% of excess-loss
Epoch 7: loss=2.104151  (2.02 sec, 65 subtrees, 225 chunks, 9313896 nodes)
  residual top-10 (subtree_mass × max(avg_loss − 2.104, 0)):
    rc   rootID   mass      avg_loss     score 
    1    50944    1479765   2.1272       34142.0
    39   493671   419607    2.1552       21430.2
    6    309644   167551    2.2097       17686.3
    5    300532   44208     2.3982       12998.4
    46   840714   415269    2.1139       4033.9
    44   798168   118584    2.1304       3117.7
    40   574911   82726     2.1347       2524.3
    42   614321   234101    2.1136       2209.6
    8    341198   57485     2.1322       1612.3
    7    338414   10559     2.2230       1254.6
    top-10: 35.2% of mass, 98.0% of excess-loss
Epoch 8: loss=2.074013  (2.02 sec, 65 subtrees, 225 chunks, 9313896 nodes)
  residual top-10 (subtree_mass × max(avg_loss − 2.074, 0)):
    rc   rootID   mass      avg_loss     score 
    1    50944    1479765   2.0991       37143.3
    39   493671   419607    2.1143       16895.5
    6    309644   167551    2.1192       7577.3
    5    300532   44208     2.2322       6993.6
    46   840714   415269    2.0869       5345.3
    44   798168   118584    2.1040       3555.5
    42   614321   234101    2.0859       2774.4
    47   915694   343840    2.0816       2622.8
    40   574911   82726     2.1039       2475.9
    7    338414   10559     2.1555       860.1 
    top-10: 38.6% of mass, 99.3% of excess-loss
Epoch 9: loss=2.057190  (2.02 sec, 65 subtrees, 225 chunks, 9313896 nodes)
  residual top-10 (subtree_mass × max(avg_loss − 2.057, 0)):
    rc   rootID   mass      avg_loss     score 
    1    50944    1479765   2.0741       25079.1
    39   493671   419607    2.0842       11353.6
    46   840714   415269    2.0745       7181.4
    58   1402652  543420    2.0661       4825.3
    47   915694   343840    2.0702       4489.4
    44   798168   118584    2.0903       3929.1
    5    300532   44208     2.1441       3840.3
    42   614321   234101    2.0700       2994.8
    6    309644   167551    2.0724       2551.8
    40   574911   82726     2.0835       2178.0
    top-10: 44.8% of mass, 91.3% of excess-loss
Epoch 10: loss=2.051625  (2.02 sec, 65 subtrees, 225 chunks, 9313896 nodes)
  residual top-10 (subtree_mass × max(avg_loss − 2.052, 0)):
    rc   rootID   mass      avg_loss     score 
    1    50944    1479765   2.0679       24098.7
    58   1402652  543420    2.0679       8859.0
    46   840714   415269    2.0698       7567.7
    39   493671   419607    2.0648       5528.9
    47   915694   343840    2.0663       5046.1
    52   1074317  367799    2.0621       3853.5
    44   798168   118584    2.0838       3816.5
    53   1145421  504725    2.0585       3482.1
    57   1329804  377747    2.0590       2780.3
    5    300532   44208     2.1037       2301.9
    top-10: 53.7% of mass, 88.6% of excess-loss
Saved to rnd/beta2-diagnostic/b0.99_e10_s3/run.model
Done.
  Appended optimizer state to rnd/beta2-diagnostic/b0.99_e10_s3/run.model (adam_t=650)
