AGPT CUDA Training Engine
  Model: d=64 heads=4 layers=2 ff=256 vocab=65 seq=128 head_dim=16
  Loaded 108481 weight floats (423.8 KB)
  No optimizer state in checkpoint; starting cold
Loading radix trie from /tmp/shake_baseline_d16_radix...
  Radix trie: 1607928 nodes, 9313896 total edge chars, 17 endpoint depths
  Radix loaded: 2697118 counts entries, 12276596 ancestor char entries
  d_split: 1062377/1607928 nodes have a mass=1 ancestor (mean depth 9.21)
  lr-schedule: warmup-cosine (peak=0.003, warmup_epochs=1)
  optimizer: rmsprop (lr=0.003)
  mass weighting: ? (head-of-edge count restores corpus-frequency exposure)
  curriculum: flat (d=max each epoch)
  max edge_len: 16, max ancestor chars: 15, max KV per node: 31, max endpoint depth: 16
  mass=1 compaction: 8275783 / 9313896 chars are mass=1 (88.9%); cache holds 1038113 positions
  loop points: 18684 (mass>1 leaves; 3.4% of 545550 mass>1 nodes)
  KV cache: 531.5 MB unified memory (bf16 compact)
  GPU memory: 2851.3 MB used, 5335.5 MB free, 8186.8 MB total
  65 root-child subtrees: sizes min=1 max=246583 avg=24737.3 (total=1607927 radix nodes)
Epoch 1: loss=1.168384  (6.34 sec, 65 subtrees, 225 chunks, 9313896 nodes)
  residual top-10 (subtree_mass × max(avg_loss − 1.168, 0)):
    rc   rootID   mass      avg_loss     score 
    1    50944    1479765   1.2702       150637.5
    39   493671   419607    1.2249       23719.4
    5    300532   44208     1.2561       3878.1
    6    309644   167551    1.1817       2236.4
    40   574911   82726     1.1821       1130.9
    2    297527   13758     1.2434       1031.9
    7    338414   10559     1.2541       905.0 
    30   457660   31233     1.1847       510.3 
    44   798168   118584    1.1713       347.3 
    45   821318   94570     1.1708       226.0 
    top-10: 28.6% of mass, 100.0% of excess-loss
Epoch 2: loss=1.134181  (5.81 sec, 65 subtrees, 225 chunks, 9313896 nodes)
  residual top-10 (subtree_mass × max(avg_loss − 1.134, 0)):
    rc   rootID   mass      avg_loss     score 
    6    309644   167551    1.3429       34966.9
    5    300532   44208     1.7354       26580.8
    39   493671   419607    1.1938       25016.0
    1    50944    1479765   1.1491       22136.9
    10   349444   84126     1.2324       8266.4
    8    341198   57485     1.2510       6713.3
    7    338414   10559     1.3684       2472.9
    11   364300   27722     1.2112       2133.8
    13   372685   55068     1.1719       2079.1
    40   574911   82726     1.1552       1740.8
    top-10: 28.2% of mass, 98.9% of excess-loss
Epoch 3: loss=1.100797  (5.61 sec, 65 subtrees, 225 chunks, 9313896 nodes)
  residual top-10 (subtree_mass × max(avg_loss − 1.101, 0)):
    rc   rootID   mass      avg_loss     score 
    6    309644   167551    1.3030       33874.1
    5    300532   44208     1.6236       23113.4
    39   493671   419607    1.1468       19297.9
    8    341198   57485     1.1691       3927.8
    10   349444   84126     1.1392       3234.6
    7    338414   10559     1.2995       2098.1
    40   574911   82726     1.1192       1521.9
    11   364300   27722     1.1417       1133.2
    13   372685   55068     1.1188       989.2 
    44   798168   118584    1.1056       571.5 
    top-10: 12.4% of mass, 99.1% of excess-loss
Epoch 4: loss=1.070592  (5.62 sec, 65 subtrees, 225 chunks, 9313896 nodes)
  residual top-10 (subtree_mass × max(avg_loss − 1.071, 0)):
    rc   rootID   mass      avg_loss     score 
    39   493671   419607    1.1145       18417.6
    6    309644   167551    1.1802       18373.1
    5    300532   44208     1.4516       16841.7
    1    50944    1479765   1.0785       11752.3
    40   574911   82726     1.0913       1711.3
    7    338414   10559     1.1800       1155.5
    42   614321   234101    1.0748       995.9 
    44   798168   118584    1.0777       846.7 
    58   1402652  543420    1.0718       664.8 
    41   591555   114034    1.0748       481.5 
    top-10: 37.4% of mass, 99.6% of excess-loss
Epoch 5: loss=1.044067  (5.64 sec, 65 subtrees, 225 chunks, 9313896 nodes)
  residual top-10 (subtree_mass × max(avg_loss − 1.044, 0)):
    rc   rootID   mass      avg_loss     score 
    39   493671   419607    1.0818       15847.7
    6    309644   167551    1.1168       12192.5
    5    300532   44208     1.2896       10856.2
    1    50944    1479765   1.0458       2609.4
    43   660187   735168    1.0473       2351.2
    42   614321   234101    1.0523       1938.1
    40   574911   82726     1.0663       1838.3
    44   798168   118584    1.0578       1625.1
    47   915694   343840    1.0483       1448.9
    7    338414   10559     1.1319       927.0 
    top-10: 42.3% of mass, 96.9% of excess-loss
Epoch 6: loss=1.028945  (5.68 sec, 65 subtrees, 225 chunks, 9313896 nodes)
  residual top-10 (subtree_mass × max(avg_loss − 1.029, 0)):
    rc   rootID   mass      avg_loss     score 
    39   493671   419607    1.0619       13835.0
    6    309644   167551    1.1026       12340.7
    5    300532   44208     1.2172       8323.9
    43   660187   735168    1.0336       3415.5
    47   915694   343840    1.0351       2099.8
    42   614321   234101    1.0371       1911.8
    44   798168   118584    1.0450       1902.4
    40   574911   82726     1.0509       1819.5
    7    338414   10559     1.1267       1032.6
    41   591555   114034    1.0353       720.9 
    top-10: 26.4% of mass, 95.9% of excess-loss
Epoch 7: loss=1.012121  (5.64 sec, 65 subtrees, 225 chunks, 9313896 nodes)
  residual top-10 (subtree_mass × max(avg_loss − 1.012, 0)):
    rc   rootID   mass      avg_loss     score 
    39   493671   419607    1.0402       11797.7
    6    309644   167551    1.0389       4485.6
    5    300532   44208     1.1112       4381.9
    43   660187   735168    1.0180       4298.8
    47   915694   343840    1.0212       3105.0
    42   614321   234101    1.0221       2333.0
    44   798168   118584    1.0303       2161.0
    40   574911   82726     1.0338       1792.0
    46   840714   415269    1.0164       1787.9
    50   993056   244544    1.0162       994.1 
    top-10: 32.6% of mass, 91.2% of excess-loss
Epoch 8: loss=1.003073  (5.68 sec, 65 subtrees, 225 chunks, 9313896 nodes)
  residual top-10 (subtree_mass × max(avg_loss − 1.003, 0)):
    rc   rootID   mass      avg_loss     score 
    39   493671   419607    1.0244       8964.8
    43   660187   735168    1.0093       4614.4
    47   915694   343840    1.0141       3779.6
    46   840714   415269    1.0092       2528.0
    42   614321   234101    1.0133       2394.6
    5    300532   44208     1.0564       2358.9
    44   798168   118584    1.0225       2304.9
    52   1074317  367799    1.0086       2017.9
    53   1145421  504725    1.0065       1721.3
    40   574911   82726     1.0233       1673.6
    top-10: 38.0% of mass, 76.0% of excess-loss
Epoch 9: loss=0.999889  (5.82 sec, 65 subtrees, 225 chunks, 9313896 nodes)
  residual top-10 (subtree_mass × max(avg_loss − 1.000, 0)):
    rc   rootID   mass      avg_loss     score 
    39   493671   419607    1.0159       6710.8
    43   660187   735168    1.0067       5003.0
    47   915694   343840    1.0126       4359.8
    46   840714   415269    1.0077       3262.0
    52   1074317  367799    1.0075       2782.7
    53   1145421  504725    1.0053       2754.4
    58   1402652  543420    1.0044       2456.6
    42   614321   234101    1.0102       2419.5
    44   798168   118584    1.0203       2415.0
    57   1329804  377747    1.0061       2332.9
    top-10: 47.2% of mass, 73.9% of excess-loss
Epoch 10: loss=0.998483  (5.73 sec, 65 subtrees, 225 chunks, 9313896 nodes)
  residual top-10 (subtree_mass × max(avg_loss − 0.998, 0)):
    rc   rootID   mass      avg_loss     score 
    39   493671   419607    1.0099       4803.0
    47   915694   343840    1.0111       4337.9
    43   660187   735168    1.0038       3872.2
    58   1402652  543420    1.0051       3579.9
    53   1145421  504725    1.0053       3432.8
    46   840714   415269    1.0062       3190.5
    52   1074317  367799    1.0071       3174.8
    57   1329804  377747    1.0065       3022.1
    44   798168   118584    1.0177       2282.1
    50   993056   244544    1.0078       2269.1
    top-10: 47.3% of mass, 72.3% of excess-loss
Saved to rnd/depth-weight/shakespeare/seed1_mass-inv-linear/run.model
Done.
  Appended optimizer state to rnd/depth-weight/shakespeare/seed1_mass-inv-linear/run.model (adam_t=650)
