AGPT CUDA Training Engine
  Model: d=64 heads=4 layers=2 ff=256 vocab=65 seq=128 head_dim=16
  Loaded 108481 weight floats (423.8 KB)
  No optimizer state in checkpoint; starting cold
Loading radix trie from /tmp/shake_baseline_d16_radix...
  Radix trie: 1607928 nodes, 9313896 total edge chars, 17 endpoint depths
  Radix loaded: 2697118 counts entries, 12276596 ancestor char entries
  d_split: 1062377/1607928 nodes have a mass=1 ancestor (mean depth 9.21)
  lr-schedule: warmup-cosine (peak=0.003, warmup_epochs=1)
  optimizer: rmsprop (lr=0.003)
  curriculum: flat (d=max each epoch)
  max edge_len: 16, max ancestor chars: 15, max KV per node: 31, max endpoint depth: 16
  mass=1 compaction: 8275783 / 9313896 chars are mass=1 (88.9%); cache holds 1038113 positions
  loop points: 18684 (mass>1 leaves; 3.4% of 545550 mass>1 nodes)
  KV cache: 531.5 MB unified memory (bf16 compact)
  GPU memory: 2851.3 MB used, 5335.5 MB free, 8186.8 MB total
  65 root-child subtrees: sizes min=1 max=246583 avg=24737.3 (total=1607927 radix nodes)
Epoch 1: loss=1.164235  (5.65 sec, 65 subtrees, 225 chunks, 9313896 nodes)
  residual top-10 (subtree_mass × max(avg_loss − 1.164, 0)):
    rc   rootID   mass      avg_loss     score 
    1    50944    1479765   1.6361       698249.5
    0    1        297533    1.9461       232636.0
    10   349444   84126     1.5106       29136.2
    6    309644   167551    1.2962       22104.2
    5    300532   44208     1.6313       20646.5
    8    341198   57485     1.2989       7743.2
    2    297527   13758     1.5890       5843.8
    7    338414   10559     1.4356       2865.4
    12   369639   16107     1.2882       1996.7
    11   364300   27722     1.2241       1660.9
    top-10: 25.6% of mass, 99.6% of excess-loss
Epoch 2: loss=0.988819  (5.55 sec, 65 subtrees, 225 chunks, 9313896 nodes)
  residual top-10 (subtree_mass × max(avg_loss − 0.989, 0)):
    rc   rootID   mass      avg_loss     score 
    10   349444   84126     1.6044       51782.4
    6    309644   167551    1.2639       46093.1
    5    300532   44208     1.7314       32827.3
    39   493671   419607    1.0208       13422.3
    8    341198   57485     1.1794       10957.0
    13   372685   55068     1.0962       5915.4
    11   364300   27722     1.1870       5495.2
    12   369639   16107     1.2251       3805.5
    7    338414   10559     1.2849       3125.9
    1    50944    1479765   0.9907       2741.7
    top-10: 27.5% of mass, 92.6% of excess-loss
Epoch 3: loss=0.938896  (5.55 sec, 65 subtrees, 225 chunks, 9313896 nodes)
  residual top-10 (subtree_mass × max(avg_loss − 0.939, 0)):
    rc   rootID   mass      avg_loss     score 
    6    309644   167551    1.0827       24088.4
    5    300532   44208     1.3868       19801.2
    39   493671   419607    0.9774       16141.3
    10   349444   84126     1.0479       9171.8
    8    341198   57485     1.0231       4841.8
    12   369639   16107     1.1115       2780.3
    13   372685   55068     0.9812       2330.6
    40   574911   82726     0.9613       1856.1
    7    338414   10559     1.1113       1820.5
    11   364300   27722     0.9863       1315.4
    top-10: 11.2% of mass, 92.5% of excess-loss
Epoch 4: loss=0.916886  (5.55 sec, 65 subtrees, 225 chunks, 9313896 nodes)
  residual top-10 (subtree_mass × max(avg_loss − 0.917, 0)):
    rc   rootID   mass      avg_loss     score 
    6    309644   167551    1.0825       27753.1
    5    300532   44208     1.3704       20049.4
    10   349444   84126     1.1435       19067.6
    39   493671   419607    0.9455       12011.7
    8    341198   57485     0.9737       3265.3
    12   369639   16107     1.0490       2127.7
    11   364300   27722     0.9910       2054.0
    7    338414   10559     1.0706       1622.5
    13   372685   55068     0.9463       1621.8
    40   574911   82726     0.9340       1412.8
    top-10: 11.2% of mass, 95.6% of excess-loss
Epoch 5: loss=0.886495  (5.56 sec, 65 subtrees, 225 chunks, 9313896 nodes)
  residual top-10 (subtree_mass × max(avg_loss − 0.886, 0)):
    rc   rootID   mass      avg_loss     score 
    39   493671   419607    0.9147       11846.9
    5    300532   44208     1.0776       8448.8
    6    309644   167551    0.9339       7936.5
    10   349444   84126     0.9252       3254.2
    8    341198   57485     0.9210       1981.4
    40   574911   82726     0.9074       1733.0
    42   614321   234101    0.8927       1452.1
    44   798168   118584    0.8984       1407.5
    12   369639   16107     0.9731       1394.4
    7    338414   10559     0.9967       1163.7
    top-10: 14.4% of mass, 89.8% of excess-loss
Epoch 6: loss=0.868496  (5.57 sec, 65 subtrees, 225 chunks, 9313896 nodes)
  residual top-10 (subtree_mass × max(avg_loss − 0.868, 0)):
    rc   rootID   mass      avg_loss     score 
    39   493671   419607    0.8921       9920.1
    5    300532   44208     1.0132       6395.2
    6    309644   167551    0.9044       6018.6
    42   614321   234101    0.8757       1685.2
    40   574911   82726     0.8886       1666.8
    47   915694   343840    0.8731       1578.3
    8    341198   57485     0.8921       1355.9
    44   798168   118584    0.8798       1344.3
    10   349444   84126     0.8842       1323.4
    41   591555   114034    0.8786       1149.3
    top-10: 19.4% of mass, 85.4% of excess-loss
Epoch 7: loss=0.856111  (5.57 sec, 65 subtrees, 225 chunks, 9313896 nodes)
  residual top-10 (subtree_mass × max(avg_loss − 0.856, 0)):
    rc   rootID   mass      avg_loss     score 
    39   493671   419607    0.8750       7908.7
    5    300532   44208     0.9573       4472.9
    6    309644   167551    0.8775       3587.3
    47   915694   343840    0.8624       2148.9
    42   614321   234101    0.8633       1689.7
    44   798168   118584    0.8690       1533.8
    40   574911   82726     0.8739       1473.5
    52   1074317  367799    0.8597       1315.8
    45   821318   94570     0.8696       1274.7
    41   591555   114034    0.8665       1189.1
    top-10: 23.1% of mass, 81.7% of excess-loss
Epoch 8: loss=0.849298  (5.56 sec, 65 subtrees, 225 chunks, 9313896 nodes)
  residual top-10 (subtree_mass × max(avg_loss − 0.849, 0)):
    rc   rootID   mass      avg_loss     score 
    39   493671   419607    0.8647       6453.2
    47   915694   343840    0.8577       2885.1
    5    300532   44208     0.9108       2718.1
    52   1074317  367799    0.8553       2203.0
    42   614321   234101    0.8575       1922.4
    44   798168   118584    0.8642       1768.3
    43   660187   735168    0.8517       1729.2
    50   993056   244544    0.8553       1457.1
    45   821318   94570     0.8644       1425.1
    40   574911   82726     0.8661       1393.4
    top-10: 31.2% of mass, 72.0% of excess-loss
Epoch 9: loss=0.845688  (5.57 sec, 65 subtrees, 225 chunks, 9313896 nodes)
  residual top-10 (subtree_mass × max(avg_loss − 0.846, 0)):
    rc   rootID   mass      avg_loss     score 
    39   493671   419607    0.8565       4528.1
    47   915694   343840    0.8551       3250.7
    52   1074317  367799    0.8534       2828.2
    53   1145421  504725    0.8500       2185.6
    59   1500853  192300    0.8554       1860.4
    44   798168   118584    0.8614       1859.7
    43   660187   735168    0.8482       1852.6
    50   993056   244544    0.8532       1835.9
    42   614321   234101    0.8532       1765.5
    56   1258453  358000    0.8503       1655.6
    top-10: 40.9% of mass, 67.6% of excess-loss
Epoch 10: loss=0.844343  (5.57 sec, 65 subtrees, 225 chunks, 9313896 nodes)
  residual top-10 (subtree_mass × max(avg_loss − 0.844, 0)):
    rc   rootID   mass      avg_loss     score 
    47   915694   343840    0.8539       3294.9
    39   493671   419607    0.8520       3228.1
    52   1074317  367799    0.8530       3167.9
    53   1145421  504725    0.8497       2696.2
    59   1500853  192300    0.8558       2207.9
    56   1258453  358000    0.8505       2194.6
    50   993056   244544    0.8525       1998.9
    44   798168   118584    0.8591       1749.9
    57   1329804  377747    0.8486       1611.1
    45   821318   94570     0.8600       1477.4
    top-10: 35.1% of mass, 66.6% of excess-loss
Saved to rnd/depth-weight/matrix/depth-inv-log_events_s2/run.model
Done.
  Appended optimizer state to rnd/depth-weight/matrix/depth-inv-log_events_s2/run.model (adam_t=650)
