AGPT CUDA Training Engine
  Model: d=64 heads=4 layers=2 ff=256 vocab=65 seq=128 head_dim=16
  Loaded 108481 weight floats (423.8 KB)
  No optimizer state in checkpoint; starting cold
Loading radix trie from /tmp/shake_baseline_d16_radix...
  Radix trie: 1607928 nodes, 9313896 total edge chars, 17 endpoint depths
  Radix loaded: 2697118 counts entries, 12276596 ancestor char entries
  d_split: 1062377/1607928 nodes have a mass=1 ancestor (mean depth 9.21)
  lr-schedule: warmup-cosine (peak=0.003, warmup_epochs=1)
  optimizer: rmsprop (lr=0.003)
  mass weighting: ? (head-of-edge count restores corpus-frequency exposure)
  curriculum: flat (d=max each epoch)
  max edge_len: 16, max ancestor chars: 15, max KV per node: 31, max endpoint depth: 16
  mass=1 compaction: 8275783 / 9313896 chars are mass=1 (88.9%); cache holds 1038113 positions
  loop points: 18684 (mass>1 leaves; 3.4% of 545550 mass>1 nodes)
  KV cache: 531.5 MB unified memory (bf16 compact)
  GPU memory: 2851.3 MB used, 5335.5 MB free, 8186.8 MB total
  65 root-child subtrees: sizes min=1 max=246583 avg=24737.3 (total=1607927 radix nodes)
Epoch 1: loss=1.177235  (5.82 sec, 65 subtrees, 225 chunks, 9313896 nodes)
  residual top-10 (subtree_mass × max(avg_loss − 1.177, 0)):
    rc   rootID   mass      avg_loss     score 
    1    50944    1479765   1.2702       137592.0
    44   798168   118584    1.4076       27319.4
    39   493671   419607    1.2274       21061.5
    40   574911   82726     1.2593       6787.0
    5    300532   44208     1.2653       3893.4
    59   1500853  192300    1.1927       2982.1
    45   821318   94570     1.1996       2119.3
    7    338414   10559     1.2841       1128.6
    6    309644   167551    1.1835       1044.5
    2    297527   13758     1.2437       913.7 
    top-10: 30.5% of mass, 99.6% of excess-loss
Epoch 2: loss=1.372231  (5.52 sec, 65 subtrees, 225 chunks, 9313896 nodes)
  residual top-10 (subtree_mass × max(avg_loss − 1.372, 0)):
    rc   rootID   mass      avg_loss     score 
    1    50944    1479765   2.0096       943158.9
    6    309644   167551    1.9331       93979.5
    5    300532   44208     2.4327       46883.2
    2    297527   13758     2.6653       17790.0
    10   349444   84126     1.5241       12776.9
    8    341198   57485     1.5518       10320.6
    7    338414   10559     1.7321       3799.4
    13   372685   55068     1.4048       1793.3
    11   364300   27722     1.4350       1740.5
    12   369639   16107     1.3971       400.0 
    top-10: 22.8% of mass, 100.0% of excess-loss
Epoch 3: loss=1.251140  (5.53 sec, 65 subtrees, 225 chunks, 9313896 nodes)
  residual top-10 (subtree_mass × max(avg_loss − 1.251, 0)):
    rc   rootID   mass      avg_loss     score 
    1    50944    1479765   1.5032       372918.2
    6    309644   167551    1.5842       55805.5
    5    300532   44208     1.7519       22135.7
    2    297527   13758     1.8275       7930.2
    10   349444   84126     1.3413       7583.7
    39   493671   419607    1.2685       7302.5
    8    341198   57485     1.3290       4475.1
    13   372685   55068     1.3083       3150.3
    7    338414   10559     1.4453       2050.3
    11   364300   27722     1.3236       2007.8
    top-10: 27.4% of mass, 99.8% of excess-loss
Epoch 4: loss=1.190985  (5.53 sec, 65 subtrees, 225 chunks, 9313896 nodes)
  residual top-10 (subtree_mass × max(avg_loss − 1.191, 0)):
    rc   rootID   mass      avg_loss     score 
    1    50944    1479765   1.2556       95656.8
    6    309644   167551    1.5855       66093.4
    5    300532   44208     1.7369       24133.3
    10   349444   84126     1.3436       12836.4
    39   493671   419607    1.2141       9681.2
    2    297527   13758     1.8671       9301.6
    8    341198   57485     1.3443       8815.8
    13   372685   55068     1.3021       6121.1
    11   364300   27722     1.3480       4352.2
    21   413181   87608     1.2251       2987.3
    top-10: 28.3% of mass, 95.9% of excess-loss
Epoch 5: loss=1.131042  (5.54 sec, 65 subtrees, 225 chunks, 9313896 nodes)
  residual top-10 (subtree_mass × max(avg_loss − 1.131, 0)):
    rc   rootID   mass      avg_loss     score 
    1    50944    1479765   1.1635       48028.6
    6    309644   167551    1.1910       10039.0
    5    300532   44208     1.2577       5597.5
    39   493671   419607    1.1413       4303.2
    2    297527   13758     1.2723       1943.4
    44   798168   118584    1.1386       892.3 
    7    338414   10559     1.1873       593.7 
    47   915694   343840    1.1328       589.7 
    40   574911   82726     1.1357       385.8 
    45   821318   94570     1.1328       165.7 
    top-10: 32.3% of mass, 99.9% of excess-loss
Epoch 6: loss=1.107848  (5.54 sec, 65 subtrees, 225 chunks, 9313896 nodes)
  residual top-10 (subtree_mass × max(avg_loss − 1.108, 0)):
    rc   rootID   mass      avg_loss     score 
    1    50944    1479765   1.1225       21659.5
    39   493671   419607    1.1204       5272.7
    47   915694   343840    1.1157       2706.0
    43   660187   735168    1.1100       1559.5
    44   798168   118584    1.1210       1555.3
    5    300532   44208     1.1428       1544.3
    52   1074317  367799    1.1113       1256.1
    42   614321   234101    1.1130       1199.6
    50   993056   244544    1.1121       1046.7
    53   1145421  504725    1.1097       955.1 
    top-10: 52.2% of mass, 90.3% of excess-loss
Epoch 7: loss=1.096553  (5.53 sec, 65 subtrees, 225 chunks, 9313896 nodes)
  residual top-10 (subtree_mass × max(avg_loss − 1.097, 0)):
    rc   rootID   mass      avg_loss     score 
    1    50944    1479765   1.1030       9550.5
    39   493671   419607    1.1105       5847.4
    43   660187   735168    1.1012       3425.9
    47   915694   343840    1.1055       3065.9
    52   1074317  367799    1.1015       1819.5
    42   614321   234101    1.1042       1800.3
    44   798168   118584    1.1115       1767.4
    53   1145421  504725    1.0998       1647.3
    5    300532   44208     1.1286       1415.5
    50   993056   244544    1.1020       1336.6
    top-10: 52.2% of mass, 84.8% of excess-loss
Epoch 8: loss=1.089333  (5.54 sec, 65 subtrees, 225 chunks, 9313896 nodes)
  residual top-10 (subtree_mass × max(avg_loss − 1.089, 0)):
    rc   rootID   mass      avg_loss     score 
    1    50944    1479765   1.0941       7121.7
    39   493671   419607    1.1012       4978.8
    47   915694   343840    1.0994       3450.8
    43   660187   735168    1.0927       2454.1
    53   1145421  504725    1.0941       2425.2
    52   1074317  367799    1.0958       2385.9
    44   798168   118584    1.1046       1811.2
    50   993056   244544    1.0962       1680.2
    42   614321   234101    1.0961       1588.8
    56   1258453  358000    1.0935       1503.4
    top-10: 55.9% of mass, 77.2% of excess-loss
Epoch 9: loss=1.084488  (5.54 sec, 65 subtrees, 225 chunks, 9313896 nodes)
  residual top-10 (subtree_mass × max(avg_loss − 1.084, 0)):
    rc   rootID   mass      avg_loss     score 
    39   493671   419607    1.0962       4930.7
    47   915694   343840    1.0963       4061.5
    53   1145421  504725    1.0914       3511.6
    43   660187   735168    1.0890       3290.9
    52   1074317  367799    1.0930       3125.6
    56   1258453  358000    1.0910       2339.1
    50   993056   244544    1.0934       2182.3
    58   1402652  543420    1.0883       2049.4
    44   798168   118584    1.1011       1975.0
    59   1500853  192300    1.0946       1946.4
    top-10: 44.5% of mass, 72.4% of excess-loss
Epoch 10: loss=1.083400  (5.55 sec, 65 subtrees, 225 chunks, 9313896 nodes)
  residual top-10 (subtree_mass × max(avg_loss − 1.083, 0)):
    rc   rootID   mass      avg_loss     score 
    39   493671   419607    1.0950       4850.3
    47   915694   343840    1.0957       4225.1
    53   1145421  504725    1.0910       3837.4
    43   660187   735168    1.0880       3385.6
    52   1074317  367799    1.0924       3323.3
    56   1258453  358000    1.0906       2563.3
    58   1402652  543420    1.0879       2450.0
    50   993056   244544    1.0928       2303.5
    59   1500853  192300    1.0943       2100.5
    44   798168   118584    1.1002       1986.3
    top-10: 44.5% of mass, 72.0% of excess-loss
Saved to rnd/depth-weight/matrix/mass-inv-linear_weight_s1/run.model
Done.
  Appended optimizer state to rnd/depth-weight/matrix/mass-inv-linear_weight_s1/run.model (adam_t=650)
