AGPT CUDA Training Engine
  Model: d=64 heads=4 layers=2 ff=256 vocab=65 seq=128 head_dim=16
  Loaded 108481 weight floats (423.8 KB)
  No optimizer state in checkpoint; starting cold
Loading radix trie from /tmp/gutenberg_5m_baseline_d16_radix...
  Radix trie: 7073694 nodes, 34623339 total edge chars, 17 endpoint depths
  Radix loaded: 11884367 counts entries, 63118178 ancestor char entries
  d_split: 4570307/7073694 nodes have a mass=1 ancestor (mean depth 10.48)
  lr-schedule: warmup-cosine (peak=0.003, warmup_epochs=1)
  optimizer: rmsprop (lr=0.003)
  curriculum: flat (d=max each epoch)
  max edge_len: 15, max ancestor chars: 15, max KV per node: 30, max endpoint depth: 16
  mass=1 compaction: 29783005 / 34623339 chars are mass=1 (86.0%); cache holds 4840334 positions
  loop points: 160826 (mass>1 leaves; 6.4% of 2503386 mass>1 nodes)
  KV cache: 2478.3 MB unified memory (bf16 compact)
  GPU memory: 3105.0 MB used, 5081.8 MB free, 8186.8 MB total
  65 root-child subtrees: sizes min=3 max=1116592 avg=108826.0 (total=7073693 radix nodes)
Epoch 1: loss=2.648770  (22.19 sec, 65 subtrees, 730 chunks, 34623339 nodes)
  residual top-10 (subtree_mass × max(avg_loss − 2.649, 0)):
    rc   rootID   mass      avg_loss     score 
    43   2546378  4367096   3.1101       2014863.9
    42   2302712  1539203   3.0891       677809.5
    40   2098840  473230    3.8932       588912.5
    44   3229301  724285    3.3981       542749.0
    41   2178351  766679    3.3182       513268.7
    54   5381749  526964    2.9855       177465.1
    45   3347168  678815    2.8218       117454.7
    56   5475765  1903021   2.6716       43430.3
    53   4965123  2594188   2.6595       27791.9
    17   1549239  26766     2.8929       6533.5
    top-10: 29.8% of mass, 99.9% of excess-loss
Epoch 2: loss=2.406962  (21.77 sec, 65 subtrees, 730 chunks, 34623339 nodes)
  residual top-10 (subtree_mass × max(avg_loss − 2.407, 0)):
    rc   rootID   mass      avg_loss     score 
    44   3229301  724285    2.9319       380185.6
    59   6621526  905338    2.5723       149677.2
    47   3809957  2279927   2.4540       107222.6
    54   5381749  526964    2.5289       64234.3
    45   3347168  678815    2.4822       51105.9
    46   3463254  2317775   2.4235       38236.1
    5    1263676  342947    2.5147       36944.0
    49   4172773  263541    2.4826       19929.8
    8    1439897  392288    2.4506       17111.3
    56   5475765  1903021   2.4142       13700.7
    top-10: 22.7% of mass, 90.5% of excess-loss
Epoch 3: loss=2.324528  (22.12 sec, 65 subtrees, 730 chunks, 34623339 nodes)
  residual top-10 (subtree_mass × max(avg_loss − 2.325, 0)):
    rc   rootID   mass      avg_loss     score 
    59   6621526  905338    2.5116       169392.3
    44   3229301  724285    2.5169       139315.3
    47   3809957  2279927   2.3734       111424.1
    8    1439897  392288    2.4371       44143.2
    5    1263676  342947    2.4319       36809.2
    45   3347168  678815    2.3640       26775.3
    46   3463254  2317775   2.3356       25639.6
    50   4218803  1289869   2.3434       24396.1
    49   4172773  263541    2.4100       22514.9
    6    1317879  754528    2.3467       16703.0
    top-10: 21.8% of mass, 84.5% of excess-loss
Epoch 4: loss=2.273766  (22.14 sec, 65 subtrees, 730 chunks, 34623339 nodes)
  residual top-10 (subtree_mass × max(avg_loss − 2.274, 0)):
    rc   rootID   mass      avg_loss     score 
    53   4965123  2594188   2.3394       170329.4
    58   6141841  3228512   2.3187       145172.9
    59   6621526  905338    2.3810       97042.0
    56   5475765  1903021   2.3203       88599.6
    54   5381749  526964    2.4264       80419.9
    5    1263676  342947    2.3830       37451.6
    8    1439897  392288    2.3299       22005.6
    6    1317879  754528    2.2982       18410.1
    17   1549239  26766     2.7575       12947.6
    2    1255301  46307     2.4755       9339.5
    top-10: 23.5% of mass, 88.2% of excess-loss
Epoch 5: loss=2.219596  (22.14 sec, 65 subtrees, 730 chunks, 34623339 nodes)
  residual top-10 (subtree_mass × max(avg_loss − 2.220, 0)):
    rc   rootID   mass      avg_loss     score 
    54   5381749  526964    2.5203       158464.1
    1    138709   8244278   2.2312       95771.0
    53   4965123  2594188   2.2428       60089.8
    56   5475765  1903021   2.2416       41923.7
    5    1263676  342947    2.3404       41444.6
    49   4172773  263541    2.3661       38613.8
    6    1317879  754528    2.2536       25647.3
    8    1439897  392288    2.2721       20601.7
    59   6621526  905338    2.2363       15156.5
    17   1549239  26766     2.7140       13232.7
    top-10: 35.0% of mass, 83.4% of excess-loss
Epoch 6: loss=2.164626  (22.12 sec, 65 subtrees, 730 chunks, 34623339 nodes)
  residual top-10 (subtree_mass × max(avg_loss − 2.165, 0)):
    rc   rootID   mass      avg_loss     score 
    59   6621526  905338    2.3019       124279.0
    1    138709   8244278   2.1784       113964.4
    58   6141841  3228512   2.1843       63624.2
    5    1263676  342947    2.2657       34669.4
    6    1317879  754528    2.2030       28944.5
    8    1439897  392288    2.2255       23891.4
    17   1549239  26766     2.6379       12668.5
    32   1636047  78207     2.2995       10551.1
    13   1520469  67330     2.3143       10080.8
    2    1255301  46307     2.3336       7823.1
    top-10: 30.9% of mass, 84.6% of excess-loss
Epoch 7: loss=2.126805  (22.13 sec, 65 subtrees, 730 chunks, 34623339 nodes)
  residual top-10 (subtree_mass × max(avg_loss − 2.127, 0)):
    rc   rootID   mass      avg_loss     score 
    1    138709   8244278   2.1416       121912.0
    6    1317879  754528    2.1655       29223.0
    5    1263676  342947    2.2100       28544.2
    8    1439897  392288    2.1893       24507.3
    17   1549239  26766     2.6077       12871.1
    47   3809957  2279927   2.1319       11698.4
    32   1636047  78207     2.2731       11438.8
    44   3229301  724285    2.1424       11301.5
    13   1520469  67330     2.2817       10429.0
    15   1539367  34390     2.3641       8159.9
    top-10: 28.4% of mass, 75.4% of excess-loss
Epoch 8: loss=2.107914  (22.17 sec, 65 subtrees, 730 chunks, 34623339 nodes)
  residual top-10 (subtree_mass × max(avg_loss − 2.108, 0)):
    rc   rootID   mass      avg_loss     score 
    1    138709   8244278   2.1160       66433.8
    6    1317879  754528    2.1438       27070.6
    5    1263676  342947    2.1827       25651.3
    8    1439897  392288    2.1649       22371.0
    47   3809957  2279927   2.1137       13118.8
    17   1549239  26766     2.5850       12769.4
    32   1636047  78207     2.2570       11658.8
    13   1520469  67330     2.2605       10275.8
    15   1539367  34390     2.3443       8127.9
    28   1618406  47896     2.2769       8095.1
    top-10: 26.9% of mass, 72.8% of excess-loss
Epoch 9: loss=2.099439  (22.13 sec, 65 subtrees, 730 chunks, 34623339 nodes)
  residual top-10 (subtree_mass × max(avg_loss − 2.099, 0)):
    rc   rootID   mass      avg_loss     score 
    1    138709   8244278   2.1049       44644.4
    6    1317879  754528    2.1303       23297.7
    5    1263676  342947    2.1654       22611.4
    8    1439897  392288    2.1539       21378.3
    47   3809957  2279927   2.1061       15280.9
    17   1549239  26766     2.5748       12723.5
    32   1636047  78207     2.2510       11856.2
    13   1520469  67330     2.2503       10154.2
    28   1618406  47896     2.2710       8218.0
    15   1539367  34390     2.3354       8114.2
    top-10: 26.9% of mass, 70.6% of excess-loss
Epoch 10: loss=2.096931  (22.10 sec, 65 subtrees, 730 chunks, 34623339 nodes)
  residual top-10 (subtree_mass × max(avg_loss − 2.097, 0)):
    rc   rootID   mass      avg_loss     score 
    1    138709   8244278   2.0997       22549.7
    6    1317879  754528    2.1256       21597.1
    8    1439897  392288    2.1502       20911.0
    5    1263676  342947    2.1567       20513.4
    47   3809957  2279927   2.1042       16636.6
    17   1549239  26766     2.5713       12696.0
    32   1636047  78207     2.2507       12026.5
    13   1520469  67330     2.2474       10130.4
    28   1618406  47896     2.2708       8328.3
    15   1539367  34390     2.3318       8076.2
    top-10: 26.9% of mass, 67.2% of excess-loss
Saved to rnd/per-fire-norm/raw-no-scale/gutenberg/seed1_off/run.model
Done.
  Appended optimizer state to rnd/per-fire-norm/raw-no-scale/gutenberg/seed1_off/run.model (adam_t=650)
