INFO: --anc-grad: per-subtree descendant→ancestor gradient flow enabled (Wk/Wv get full gradient instead of own-edge-only)
AGPT CUDA Training Engine
  Model: d=64 heads=4 layers=2 ff=256 vocab=65 seq=128 head_dim=16
  Loaded 108481 weight floats (423.8 KB)
  No optimizer state in checkpoint; starting cold
Loading radix trie from /tmp/gutenberg_5m_baseline_d16_radix...
  Radix trie: 7073694 nodes, 34623339 total edge chars, 17 endpoint depths
  Radix loaded: 11884367 counts entries, 63118178 ancestor char entries
  d_split: 4570307/7073694 nodes have a mass=1 ancestor (mean depth 10.48)
  lr-schedule: warmup-cosine (peak=0.003, warmup_epochs=1)
  optimizer: rmsprop (lr=0.003)
  curriculum: flat (d=max each epoch)
  max edge_len: 15, max ancestor chars: 15, max KV per node: 30, max endpoint depth: 16
  mass=1 compaction: 29783005 / 34623339 chars are mass=1 (86.0%); cache holds 4840334 positions
  loop points: 160826 (mass>1 leaves; 6.4% of 2503386 mass>1 nodes)
  KV cache: 2478.3 MB unified memory (bf16 compact)
  GPU memory: 3104.8 MB used, 5082.1 MB free, 8186.8 MB total
  65 root-child subtrees: sizes min=3 max=1116592 avg=108826.0 (total=7073693 radix nodes)
  anc-grad: max_n_subtree_compact_chars=785090, 2 layers x 3 buffers x 200.98 MB + 19.36 MB lookup = 1237.82 MB total
Epoch 1: loss=3.567033  (22.59 sec, 65 subtrees, 730 chunks, 34623339 nodes)
  residual top-10 (subtree_mass × max(avg_loss − 3.567, 0)):
    rc   rootID   mass      avg_loss     score 
    1    138709   8244278   4.4474       7258088.9
    43   2546378  4367096   4.5905       4469554.9
    40   2098840  473230    7.7564       1982548.9
    0    1        824077    5.1728       1323274.1
    41   2178351  766679    5.2623       1299717.8
    44   3229301  724285    4.7633       866450.9
    42   2302712  1539203   3.9149       535379.2
    5    1263676  342947    3.8052       81676.6
    45   3347168  678815    3.6494       55892.1
    2    1255301  46307     4.0171       20841.8
    top-10: 39.5% of mass, 100.0% of excess-loss
Epoch 2: loss=2.536923  (22.35 sec, 65 subtrees, 730 chunks, 34623339 nodes)
  residual top-10 (subtree_mass × max(avg_loss − 2.537, 0)):
    rc   rootID   mass      avg_loss     score 
    44   3229301  724285    3.2848       541702.2
    1    138709   8244278   2.5932       463879.5
    59   6621526  905338    2.8467       280484.1
    45   3347168  678815    2.6636       86019.7
    58   6141841  3228512   2.5586       69938.8
    5    1263676  342947    2.6495       38625.0
    0    1        824077    2.5783       34129.9
    8    1439897  392288    2.5666       11644.6
    17   1549239  26766     2.9589       11294.2
    2    1255301  46307     2.7743       10990.8
    top-10: 33.8% of mass, 94.8% of excess-loss
Epoch 3: loss=2.419554  (22.35 sec, 65 subtrees, 730 chunks, 34623339 nodes)
  residual top-10 (subtree_mass × max(avg_loss − 2.420, 0)):
    rc   rootID   mass      avg_loss     score 
    59   6621526  905338    2.8053       349261.8
    58   6141841  3228512   2.5110       295240.1
    54   5381749  526964    2.8058       203546.6
    44   3229301  724285    2.5457       91381.0
    5    1263676  342947    2.5569       47090.1
    56   5475765  1903021   2.4293       18473.2
    6    1317879  754528    2.4387       14418.3
    2    1255301  46307     2.6545       10877.6
    17   1549239  26766     2.7776       9583.6
    8    1439897  392288    2.4398       7934.9
    top-10: 19.4% of mass, 94.4% of excess-loss
Epoch 4: loss=2.320429  (22.36 sec, 65 subtrees, 730 chunks, 34623339 nodes)
  residual top-10 (subtree_mass × max(avg_loss − 2.320, 0)):
    rc   rootID   mass      avg_loss     score 
    58   6141841  3228512   2.4212       325283.4
    59   6621526  905338    2.5883       242534.9
    1    138709   8244278   2.3442       195651.3
    54   5381749  526964    2.6204       158080.4
    5    1263676  342947    2.4063       29447.3
    6    1317879  754528    2.3439       17702.5
    8    1439897  392288    2.3563       14070.7
    0    1        824077    2.3322       9714.1
    17   1549239  26766     2.6782       9576.6
    2    1255301  46307     2.4840       7575.8
    top-10: 33.5% of mass, 93.5% of excess-loss
Epoch 5: loss=2.248106  (22.37 sec, 65 subtrees, 730 chunks, 34623339 nodes)
  residual top-10 (subtree_mass × max(avg_loss − 2.248, 0)):
    rc   rootID   mass      avg_loss     score 
    54   5381749  526964    2.6682       221366.9
    1    138709   8244278   2.2695       176311.3
    58   6141841  3228512   2.2846       117667.7
    59   6621526  905338    2.3667       107379.0
    56   5475765  1903021   2.2687       39197.7
    5    1263676  342947    2.3323       28868.4
    6    1317879  754528    2.2749       20201.2
    8    1439897  392288    2.2912       16897.3
    57   5794595  2162522   2.2531       10810.6
    17   1549239  26766     2.5857       9035.1
    top-10: 40.6% of mass, 89.9% of excess-loss
Epoch 6: loss=2.163805  (22.36 sec, 65 subtrees, 730 chunks, 34623339 nodes)
  residual top-10 (subtree_mass × max(avg_loss − 2.164, 0)):
    rc   rootID   mass      avg_loss     score 
    1    138709   8244278   2.1924       235701.1
    59   6621526  905338    2.2216       52354.6
    6    1317879  754528    2.2124       36636.7
    5    1263676  342947    2.2588       32590.4
    39   1660971  2741100   2.1753       31555.1
    8    1439897  392288    2.2226       23082.3
    44   3229301  724285    2.1870       16787.4
    17   1549239  26766     2.5210       9559.8
    13   1520469  67330     2.2978       9018.8
    32   1636047  78207     2.2788       8990.6
    top-10: 31.3% of mass, 83.8% of excess-loss
Epoch 7: loss=2.110322  (22.35 sec, 65 subtrees, 730 chunks, 34623339 nodes)
  residual top-10 (subtree_mass × max(avg_loss − 2.110, 0)):
    rc   rootID   mass      avg_loss     score 
    1    138709   8244278   2.1334       190193.3
    6    1317879  754528    2.1584       36247.7
    39   1660971  2741100   2.1223       32815.8
    5    1263676  342947    2.2026       31658.2
    8    1439897  392288    2.1673       22366.2
    59   6621526  905338    2.1270       15071.7
    44   3229301  724285    2.1257       11119.8
    32   1636047  78207     2.2305       9395.7
    17   1549239  26766     2.4550       9226.1
    13   1520469  67330     2.2439       8994.3
    top-10: 31.3% of mass, 82.9% of excess-loss
Epoch 8: loss=2.075601  (22.35 sec, 65 subtrees, 730 chunks, 34623339 nodes)
  residual top-10 (subtree_mass × max(avg_loss − 2.076, 0)):
    rc   rootID   mass      avg_loss     score 
    1    138709   8244278   2.0913       129278.0
    6    1317879  754528    2.1174       31564.2
    5    1263676  342947    2.1520       26194.0
    39   1660971  2741100   2.0848       25148.1
    8    1439897  392288    2.1288       20855.5
    32   1636047  78207     2.2001       9736.1
    17   1549239  26766     2.4191       9195.4
    13   1520469  67330     2.2070       8847.2
    47   3809957  2279927   2.0791       7959.0
    28   1618406  47896     2.2149       6670.5
    top-10: 32.9% of mass, 79.9% of excess-loss
Epoch 9: loss=2.060644  (22.36 sec, 65 subtrees, 730 chunks, 34623339 nodes)
  residual top-10 (subtree_mass × max(avg_loss − 2.061, 0)):
    rc   rootID   mass      avg_loss     score 
    1    138709   8244278   2.0694       72350.9
    6    1317879  754528    2.0963       26879.6
    5    1263676  342947    2.1221       21073.0
    8    1439897  392288    2.1089       18940.7
    47   3809957  2279927   2.0655       11086.8
    32   1636047  78207     2.1877       9933.7
    39   1660971  2741100   2.0641       9468.9
    17   1549239  26766     2.4005       9095.7
    13   1520469  67330     2.1883       8595.2
    28   1618406  47896     2.1994       6648.0
    top-10: 32.9% of mass, 74.2% of excess-loss
Epoch 10: loss=2.056450  (22.36 sec, 65 subtrees, 730 chunks, 34623339 nodes)
  residual top-10 (subtree_mass × max(avg_loss − 2.056, 0)):
    rc   rootID   mass      avg_loss     score 
    1    138709   8244278   2.0618       43705.5
    6    1317879  754528    2.0895       24936.0
    5    1263676  342947    2.1126       19269.7
    8    1439897  392288    2.1020       17867.4
    47   3809957  2279927   2.0621       12823.2
    32   1636047  78207     2.1866       10176.7
    17   1549239  26766     2.3930       9008.1
    13   1520469  67330     2.1815       8421.4
    28   1618406  47896     2.1977       6763.2
    44   3229301  724285    2.0642       5603.6
    top-10: 28.4% of mass, 71.4% of excess-loss
Saved to rnd/anc-grad/v2-fix-gutenberg/seed3_on/run.model
Done.
  Appended optimizer state to rnd/anc-grad/v2-fix-gutenberg/seed3_on/run.model (adam_t=650)
