AGPT CUDA Training Engine
  Model: d=64 heads=4 layers=2 ff=256 vocab=65 seq=128 head_dim=16
  Loaded 108481 weight floats (423.8 KB)
  No optimizer state in checkpoint; starting cold
Loading radix trie from /tmp/shake_baseline_d16_radix...
  Radix trie: 1607928 nodes, 9313896 total edge chars, 17 endpoint depths
  Radix loaded: 2697118 counts entries, 12276596 ancestor char entries
  d_split: 1062377/1607928 nodes have a mass=1 ancestor (mean depth 9.21)
  lr-schedule: warmup-cosine (peak=0.003, warmup_epochs=1)
  optimizer: rmsprop (lr=0.003)
  curriculum: flat (d=max each epoch)
  max edge_len: 16, max ancestor chars: 15, max KV per node: 31, max endpoint depth: 16
  mass=1 compaction: 8275783 / 9313896 chars are mass=1 (88.9%); cache holds 1038113 positions
  loop points: 18684 (mass>1 leaves; 3.4% of 545550 mass>1 nodes)
  KV cache: 531.5 MB unified memory (bf16 compact)
  GPU memory: 2851.3 MB used, 5335.5 MB free, 8186.8 MB total
  65 root-child subtrees: sizes min=1 max=246583 avg=24737.3 (total=1607927 radix nodes)
Epoch 1: loss=3.340674  (6.44 sec, 65 subtrees, 225 chunks, 9313896 nodes)
  residual top-10 (subtree_mass × max(avg_loss − 3.341, 0)):
    rc   rootID   mass      avg_loss     score 
    1    50944    1479765   4.4154       1590402.8
    0    1        297533    5.1272       531553.2
    43   660187   735168    3.7859       327305.0
    44   798168   118584    3.9831       76182.6
    6    309644   167551    3.7741       72614.5
    40   574911   82726     4.0030       54789.8
    5    300532   44208     4.0400       30916.1
    8    341198   57485     3.7590       24047.1
    10   349444   84126     3.5843       20492.3
    41   591555   114034    3.5097       19272.5
    top-10: 37.0% of mass, 97.7% of excess-loss
Epoch 2: loss=3.565860  (6.33 sec, 65 subtrees, 225 chunks, 9313896 nodes)
  residual top-10 (subtree_mass × max(avg_loss − 3.566, 0)):
    rc   rootID   mass      avg_loss     score 
    1    50944    1479765   7.1952       5370605.6
    6    309644   167551    4.3091       124523.0
    5    300532   44208     4.8416       56396.0
    10   349444   84126     3.8608       24812.8
    8    341198   57485     3.9727       23385.7
    2    297527   13758     5.0136       19918.4
    13   372685   55068     3.6944       7077.3
    7    338414   10559     4.1214       5866.0
    12   369639   16107     3.8353       4339.9
    11   364300   27722     3.7018       3767.2
    top-10: 22.8% of mass, 99.9% of excess-loss
Epoch 3: loss=2.992806  (6.22 sec, 65 subtrees, 225 chunks, 9313896 nodes)
  residual top-10 (subtree_mass × max(avg_loss − 2.993, 0)):
    rc   rootID   mass      avg_loss     score 
    1    50944    1479765   3.5394       808887.0
    6    309644   167551    4.4704       247569.3
    5    300532   44208     4.7828       79133.7
    10   349444   84126     3.9037       76629.6
    8    341198   57485     4.0605       61373.6
    39   493671   419607    3.1030       46238.6
    13   372685   55068     3.6589       36681.7
    21   413181   87608     3.3762       33587.0
    2    297527   13758     5.1123       29159.5
    11   364300   27722     3.7091       19857.0
    top-10: 28.3% of mass, 91.3% of excess-loss
Epoch 4: loss=2.766317  (6.25 sec, 65 subtrees, 225 chunks, 9313896 nodes)
  residual top-10 (subtree_mass × max(avg_loss − 2.766, 0)):
    rc   rootID   mass      avg_loss     score 
    1    50944    1479765   3.0300       390234.9
    6    309644   167551    3.7753       169057.8
    5    300532   44208     4.1720       62142.7
    10   349444   84126     3.1871       35400.9
    8    341198   57485     3.3145       31512.4
    2    297527   13758     4.5449       24469.9
    39   493671   419607    2.8090       17903.4
    13   372685   55068     3.0524       15756.6
    21   413181   87608     2.8608       8275.8
    11   364300   27722     3.0587       8106.2
    top-10: 28.3% of mass, 94.5% of excess-loss
Epoch 5: loss=2.576147  (6.13 sec, 65 subtrees, 225 chunks, 9313896 nodes)
  residual top-10 (subtree_mass × max(avg_loss − 2.576, 0)):
    rc   rootID   mass      avg_loss     score 
    1    50944    1479765   2.7300       227705.9
    6    309644   167551    2.8297       42489.4
    5    300532   44208     2.9871       18169.6
    8    341198   57485     2.7027       7276.7
    2    297527   13758     3.0308       6254.7
    39   493671   419607    2.5891       5434.4
    10   349444   84126     2.6317       4672.0
    13   372685   55068     2.6227       2561.0
    12   369639   16107     2.6710       1528.3
    7    338414   10559     2.7201       1520.3
    top-10: 27.3% of mass, 99.5% of excess-loss
Epoch 6: loss=2.496634  (6.08 sec, 65 subtrees, 225 chunks, 9313896 nodes)
  residual top-10 (subtree_mass × max(avg_loss − 2.497, 0)):
    rc   rootID   mass      avg_loss     score 
    1    50944    1479765   2.5746       115412.9
    6    309644   167551    2.5249       4739.6
    39   493671   419607    2.5071       4383.2
    5    300532   44208     2.5830       3816.1
    8    341198   57485     2.5234       1539.9
    2    297527   13758     2.5964       1372.0
    44   798168   118584    2.5029       739.5 
    7    338414   10559     2.5598       666.7 
    12   369639   16107     2.5223       414.1 
    22   429612   1823      2.5585       112.7 
    top-10: 27.1% of mass, 100.0% of excess-loss
Epoch 7: loss=2.453101  (5.99 sec, 65 subtrees, 225 chunks, 9313896 nodes)
  residual top-10 (subtree_mass × max(avg_loss − 2.453, 0)):
    rc   rootID   mass      avg_loss     score 
    1    50944    1479765   2.4996       68808.5
    39   493671   419607    2.4671       5883.2
    5    300532   44208     2.5149       2732.8
    47   915694   343840    2.4579       1635.4
    44   798168   118584    2.4657       1491.6
    42   614321   234101    2.4583       1218.1
    2    297527   13758     2.5171       879.9 
    7    338414   10559     2.5086       586.3 
    40   574911   82726     2.4588       468.6 
    12   369639   16107     2.4643       179.7 
    top-10: 32.1% of mass, 99.6% of excess-loss
Epoch 8: loss=2.426183  (5.93 sec, 65 subtrees, 225 chunks, 9313896 nodes)
  residual top-10 (subtree_mass × max(avg_loss − 2.426, 0)):
    rc   rootID   mass      avg_loss     score 
    1    50944    1479765   2.4540       41228.9
    39   493671   419607    2.4378       4889.2
    47   915694   343840    2.4355       3210.5
    44   798168   118584    2.4434       2041.9
    5    300532   44208     2.4682       1859.4
    42   614321   234101    2.4332       1633.4
    53   1145421  504725    2.4293       1550.4
    59   1500853  192300    2.4308       886.3 
    2    297527   13758     2.4680       574.7 
    7    338414   10559     2.4773       539.5 
    top-10: 39.1% of mass, 98.4% of excess-loss
Epoch 9: loss=2.413418  (6.13 sec, 65 subtrees, 225 chunks, 9313896 nodes)
  residual top-10 (subtree_mass × max(avg_loss − 2.413, 0)):
    rc   rootID   mass      avg_loss     score 
    1    50944    1479765   2.4298       24200.5
    39   493671   419607    2.4244       4610.2
    47   915694   343840    2.4253       4074.9
    53   1145421  504725    2.4198       3213.3
    44   798168   118584    2.4328       2297.5
    58   1402652  543420    2.4171       1994.6
    42   614321   234101    2.4211       1792.6
    59   1500853  192300    2.4227       1789.1
    5    300532   44208     2.4469       1478.1
    52   1074317  367799    2.4163       1067.5
    top-10: 49.4% of mass, 90.0% of excess-loss
Epoch 10: loss=2.409533  (6.10 sec, 65 subtrees, 225 chunks, 9313896 nodes)
  residual top-10 (subtree_mass × max(avg_loss − 2.410, 0)):
    rc   rootID   mass      avg_loss     score 
    1    50944    1479765   2.4200       15496.8
    47   915694   343840    2.4228       4568.3
    39   493671   419607    2.4202       4466.9
    53   1145421  504725    2.4179       4211.1
    58   1402652  543420    2.4154       3184.1
    44   798168   118584    2.4301       2440.0
    59   1500853  192300    2.4211       2228.3
    42   614321   234101    2.4174       1843.3
    52   1074317  367799    2.4141       1691.7
    5    300532   44208     2.4414       1407.4
    top-10: 49.4% of mass, 84.6% of excess-loss
Saved to rnd/depth-weight/matrix/branching-inv-linear_weight_s3/run.model
Done.
  Appended optimizer state to rnd/depth-weight/matrix/branching-inv-linear_weight_s3/run.model (adam_t=650)
