AGPT CUDA Training Engine
  Model: d=64 heads=4 layers=2 ff=256 vocab=65 seq=128 head_dim=16
  Loaded 108481 weight floats (423.8 KB)
  No optimizer state in checkpoint; starting cold
Loading radix trie from /tmp/gutenberg_5m_baseline_d16_radix...
  Radix trie: 7073694 nodes, 34623339 total edge chars, 17 endpoint depths
  Radix loaded: 11884367 counts entries, 63118178 ancestor char entries
  d_split: 4570307/7073694 nodes have a mass=1 ancestor (mean depth 10.48)
  lr-schedule: warmup-cosine (peak=0.003, warmup_epochs=1)
  optimizer: rmsprop (lr=0.003)
  curriculum: flat (d=max each epoch)
  max edge_len: 15, max ancestor chars: 15, max KV per node: 30, max endpoint depth: 16
  mass=1 compaction: 29783005 / 34623339 chars are mass=1 (86.0%); cache holds 4840334 positions
  loop points: 160826 (mass>1 leaves; 6.4% of 2503386 mass>1 nodes)
  KV cache: 2478.3 MB unified memory (bf16 compact)
  GPU memory: 3105.0 MB used, 5081.8 MB free, 8186.8 MB total
  65 root-child subtrees: sizes min=3 max=1116592 avg=108826.0 (total=7073693 radix nodes)
Epoch 1: loss=3.367378  (21.69 sec, 65 subtrees, 730 chunks, 34623339 nodes)
  residual top-10 (subtree_mass × max(avg_loss − 3.367, 0)):
    rc   rootID   mass      avg_loss     score 
    1    138709   8244278   4.2257       7076598.0
    43   2546378  4367096   3.8018       1897314.6
    0    1        824077    4.9894       1336685.4
    41   2178351  766679    4.8068       1103575.8
    40   2098840  473230    5.5980       1055618.7
    44   3229301  724285    4.4341       772620.6
    45   3347168  678815    3.5214       104565.2
    5    1263676  342947    3.6392       93210.4
    42   2302712  1539203   3.4218       83819.9
    49   4172773  263541    3.5127       38289.1
    top-10: 40.0% of mass, 99.6% of excess-loss
Epoch 2: loss=2.543768  (21.52 sec, 65 subtrees, 730 chunks, 34623339 nodes)
  residual top-10 (subtree_mass × max(avg_loss − 2.544, 0)):
    rc   rootID   mass      avg_loss     score 
    58   6141841  3228512   2.6878       464972.8
    59   6621526  905338    2.8552       281985.9
    1    138709   8244278   2.5743       251791.4
    54   5381749  526964    2.9665       222748.0
    49   4172773  263541    2.7803       62336.6
    5    1263676  342947    2.7110       57349.1
    44   3229301  724285    2.6124       49697.6
    6    1317879  754528    2.5818       28702.2
    0    1        824077    2.5683       20218.8
    2    1255301  46307     2.9422       18448.2
    top-10: 34.8% of mass, 94.4% of excess-loss
Epoch 3: loss=2.385081  (21.50 sec, 65 subtrees, 730 chunks, 34623339 nodes)
  residual top-10 (subtree_mass × max(avg_loss − 2.385, 0)):
    rc   rootID   mass      avg_loss     score 
    59   6621526  905338    2.8853       452888.0
    1    138709   8244278   2.4079       187751.5
    44   3229301  724285    2.4979       81698.1
    54   5381749  526964    2.5075       64526.4
    58   6141841  3228512   2.4019       54190.2
    5    1263676  342947    2.5385       52630.4
    6    1317879  754528    2.4520       50526.2
    60   6774952  316779    2.4751       28511.0
    8    1439897  392288    2.4469       24247.5
    61   6828350  809921    2.4091       19459.8
    top-10: 35.6% of mass, 89.6% of excess-loss
Epoch 4: loss=2.301543  (21.51 sec, 65 subtrees, 730 chunks, 34623339 nodes)
  residual top-10 (subtree_mass × max(avg_loss − 2.302, 0)):
    rc   rootID   mass      avg_loss     score 
    59   6621526  905338    2.5841       255845.0
    54   5381749  526964    2.6272       171587.1
    1    138709   8244278   2.3218       167306.7
    58   6141841  3228512   2.3298       91284.4
    56   5475765  1903021   2.3453       83283.4
    53   4965123  2594188   2.3195       46676.5
    5    1263676  342947    2.4338       45369.3
    6    1317879  754528    2.3462       33678.7
    8    1439897  392288    2.3488       18521.8
    2    1255301  46307     2.5204       10133.8
    top-10: 41.5% of mass, 92.2% of excess-loss
Epoch 5: loss=2.223118  (21.49 sec, 65 subtrees, 730 chunks, 34623339 nodes)
  residual top-10 (subtree_mass × max(avg_loss − 2.223, 0)):
    rc   rootID   mass      avg_loss     score 
    1    138709   8244278   2.2397       136594.0
    47   3809957  2279927   2.2798       129312.3
    59   6621526  905338    2.3518       116491.5
    50   4218803  1289869   2.2702       60666.4
    49   4172773  263541    2.3656       37563.1
    5    1263676  342947    2.3200       33219.1
    6    1317879  754528    2.2564       25096.4
    8    1439897  392288    2.2702       18463.9
    44   3229301  724285    2.2412       13106.6
    17   1549239  26766     2.5546       8873.8
    top-10: 33.4% of mass, 88.8% of excess-loss
Epoch 6: loss=2.162719  (21.50 sec, 65 subtrees, 730 chunks, 34623339 nodes)
  residual top-10 (subtree_mass × max(avg_loss − 2.163, 0)):
    rc   rootID   mass      avg_loss     score 
    1    138709   8244278   2.1823       161255.4
    59   6621526  905338    2.2086       41508.8
    5    1263676  342947    2.2661       35466.3
    6    1317879  754528    2.2073       33648.4
    39   1660971  2741100   2.1714       23919.4
    8    1439897  392288    2.2192       22163.4
    17   1549239  26766     2.4945       8881.8
    32   1636047  78207     2.2723       8566.2
    2    1255301  46307     2.3335       7907.6
    13   1520469  67330     2.2771       7700.4
    top-10: 29.8% of mass, 83.9% of excess-loss
Epoch 7: loss=2.128743  (21.50 sec, 65 subtrees, 730 chunks, 34623339 nodes)
  residual top-10 (subtree_mass × max(avg_loss − 2.129, 0)):
    rc   rootID   mass      avg_loss     score 
    1    138709   8244278   2.1420       109295.8
    6    1317879  754528    2.1709       31802.5
    5    1263676  342947    2.2123       28645.5
    39   1660971  2741100   2.1383       26208.2
    8    1439897  392288    2.1847       21960.3
    44   3229301  724285    2.1579       21126.1
    47   3809957  2279927   2.1343       12761.9
    17   1549239  26766     2.4648       8995.5
    32   1636047  78207     2.2426       8902.7
    13   1520469  67330     2.2449       7820.6
    top-10: 34.3% of mass, 77.9% of excess-loss
Epoch 8: loss=2.105101  (21.49 sec, 65 subtrees, 730 chunks, 34623339 nodes)
  residual top-10 (subtree_mass × max(avg_loss − 2.105, 0)):
    rc   rootID   mass      avg_loss     score 
    1    138709   8244278   2.1152       83220.2
    6    1317879  754528    2.1453       30316.9
    5    1263676  342947    2.1726       23154.0
    39   1660971  2741100   2.1129       21387.2
    8    1439897  392288    2.1592       21209.8
    47   3809957  2279927   2.1092       9433.9
    32   1636047  78207     2.2233       9240.5
    17   1549239  26766     2.4402       8969.4
    13   1520469  67330     2.2214       7833.1
    15   1539367  34390     2.3009       6733.7
    top-10: 32.8% of mass, 77.7% of excess-loss
Epoch 9: loss=2.095336  (21.62 sec, 65 subtrees, 730 chunks, 34623339 nodes)
  residual top-10 (subtree_mass × max(avg_loss − 2.095, 0)):
    rc   rootID   mass      avg_loss     score 
    1    138709   8244278   2.0998       36977.4
    6    1317879  754528    2.1307       26684.3
    5    1263676  342947    2.1526       19653.8
    8    1439897  392288    2.1453       19612.2
    47   3809957  2279927   2.1006       12037.1
    32   1636047  78207     2.2153       9381.1
    17   1549239  26766     2.4315       8998.7
    13   1520469  67330     2.2094       7676.7
    39   1660971  2741100   2.0981       7643.1
    15   1539367  34390     2.2908       6722.5
    top-10: 32.8% of mass, 71.0% of excess-loss
Epoch 10: loss=2.092737  (21.91 sec, 65 subtrees, 730 chunks, 34623339 nodes)
  residual top-10 (subtree_mass × max(avg_loss − 2.093, 0)):
    rc   rootID   mass      avg_loss     score 
    6    1317879  754528    2.1260       25084.2
    1    138709   8244278   2.0951       19606.0
    8    1439897  392288    2.1409       18912.2
    5    1263676  342947    2.1460       18265.4
    47   3809957  2279927   2.0986       13383.8
    32   1636047  78207     2.2150       9559.7
    17   1549239  26766     2.4279       8971.7
    13   1520469  67330     2.2054       7584.4
    15   1539367  34390     2.2866       6668.5
    28   1618406  47896     2.2144       5826.8
    top-10: 26.9% of mass, 68.7% of excess-loss
Saved to rnd/anc-grad/v2-fix-gutenberg/seed2_off/run.model
Done.
  Appended optimizer state to rnd/anc-grad/v2-fix-gutenberg/seed2_off/run.model (adam_t=650)
