AGPT CUDA Training Engine
  Model: d=64 heads=4 layers=2 ff=256 vocab=65 seq=128 head_dim=16
  Loaded 108481 weight floats (423.8 KB)
  No optimizer state in checkpoint; starting cold
Loading radix trie from /tmp/shake_baseline_d16_radix...
  Radix trie: 1607928 nodes, 9313896 total edge chars, 17 endpoint depths
  Radix loaded: 2697118 counts entries, 12276596 ancestor char entries
  d_split: 1062377/1607928 nodes have a mass=1 ancestor (mean depth 9.21)
  lr-schedule: warmup-cosine (peak=0.003, warmup_epochs=1)
  optimizer: rmsprop (lr=0.003)
  mass weighting: ? (head-of-edge count restores corpus-frequency exposure)
  curriculum: flat (d=max each epoch)
  max edge_len: 16, max ancestor chars: 15, max KV per node: 31, max endpoint depth: 16
  mass=1 compaction: 8275783 / 9313896 chars are mass=1 (88.9%); cache holds 1038113 positions
  loop points: 18684 (mass>1 leaves; 3.4% of 545550 mass>1 nodes)
  KV cache: 531.5 MB unified memory (bf16 compact)
  GPU memory: 2851.3 MB used, 5335.5 MB free, 8186.8 MB total
  65 root-child subtrees: sizes min=1 max=246583 avg=24737.3 (total=1607927 radix nodes)
Epoch 1: loss=2.658910  (6.14 sec, 65 subtrees, 225 chunks, 9313896 nodes)
  residual top-10 (subtree_mass × max(avg_loss − 2.659, 0)):
    rc   rootID   mass      avg_loss     score 
    1    50944    1479765   3.9264       1875628.2
    0    1        297533    4.5088       550404.9
    6    309644   167551    2.9733       52671.3
    5    300532   44208     3.3133       28929.6
    10   349444   84126     2.9121       21297.8
    2    297527   13758     3.6488       13619.6
    8    341198   57485     2.8090       8625.5
    13   372685   55068     2.7537       5219.0
    7    338414   10559     3.0774       4419.2
    21   413181   87608     2.7012       3705.0
    top-10: 26.7% of mass, 99.6% of excess-loss
Epoch 2: loss=2.191924  (6.02 sec, 65 subtrees, 225 chunks, 9313896 nodes)
  residual top-10 (subtree_mass × max(avg_loss − 2.192, 0)):
    rc   rootID   mass      avg_loss     score 
    1    50944    1479765   2.3989       306208.8
    6    309644   167551    2.8681       113295.4
    5    300532   44208     3.8477       73198.7
    0    1        297533    2.3524       47752.2
    10   349444   84126     2.5158       27247.9
    39   493671   419607    2.2508       24696.6
    8    341198   57485     2.4552       15132.3
    7    338414   10559     2.7235       5612.5
    13   372685   55068     2.2878       5280.2
    11   364300   27722     2.3543       4500.4
    top-10: 30.7% of mass, 99.2% of excess-loss
Epoch 3: loss=2.059573  (5.67 sec, 65 subtrees, 225 chunks, 9313896 nodes)
  residual top-10 (subtree_mass × max(avg_loss − 2.060, 0)):
    rc   rootID   mass      avg_loss     score 
    6    309644   167551    2.4335       62656.5
    5    300532   44208     3.1020       46082.2
    1    50944    1479765   2.0892       43797.1
    39   493671   419607    2.1385       33121.8
    10   349444   84126     2.2343       14695.5
    8    341198   57485     2.1998       8062.8
    40   574911   82726     2.0992       3279.9
    7    338414   10559     2.3517       3084.6
    13   372685   55068     2.1042       2459.1
    11   364300   27722     2.1347       2083.0
    top-10: 28.2% of mass, 99.0% of excess-loss
Epoch 4: loss=1.994089  (5.94 sec, 65 subtrees, 225 chunks, 9313896 nodes)
  residual top-10 (subtree_mass × max(avg_loss − 1.994, 0)):
    rc   rootID   mass      avg_loss     score 
    6    309644   167551    2.2119       36495.5
    39   493671   419607    2.0722       32758.8
    5    300532   44208     2.6765       30168.5
    10   349444   84126     2.0846       7611.4
    8    341198   57485     2.0970       5918.5
    1    50944    1479765   1.9963       3252.0
    40   574911   82726     2.0300       2968.2
    7    338414   10559     2.2093       2272.7
    13   372685   55068     2.0278       1854.4
    44   798168   118584    2.0076       1606.0
    top-10: 29.3% of mass, 97.2% of excess-loss
Epoch 5: loss=1.941959  (5.94 sec, 65 subtrees, 225 chunks, 9313896 nodes)
  residual top-10 (subtree_mass × max(avg_loss − 1.942, 0)):
    rc   rootID   mass      avg_loss     score 
    39   493671   419607    2.0176       31739.5
    6    309644   167551    2.0837       23741.2
    5    300532   44208     2.4512       22513.8
    1    50944    1479765   1.9485       9748.9
    10   349444   84126     2.0078       5539.2
    40   574911   82726     1.9769       2888.5
    44   798168   118584    1.9658       2823.0
    42   614321   234101    1.9512       2172.4
    47   915694   343840    1.9473       1821.9
    7    338414   10559     2.1062       1734.7
    top-10: 34.7% of mass, 96.1% of excess-loss
Epoch 6: loss=1.905602  (5.84 sec, 65 subtrees, 225 chunks, 9313896 nodes)
  residual top-10 (subtree_mass × max(avg_loss − 1.906, 0)):
    rc   rootID   mass      avg_loss     score 
    39   493671   419607    1.9746       28949.9
    6    309644   167551    2.0229       19655.2
    5    300532   44208     2.2728       16232.0
    42   614321   234101    1.9197       3289.0
    40   574911   82726     1.9438       3159.2
    44   798168   118584    1.9313       3044.2
    47   915694   343840    1.9139       2838.4
    1    50944    1479765   1.9070       2102.0
    10   349444   84126     1.9272       1817.1
    7    338414   10559     2.0599       1629.3
    top-10: 34.7% of mass, 92.1% of excess-loss
Epoch 7: loss=1.870005  (5.87 sec, 65 subtrees, 225 chunks, 9313896 nodes)
  residual top-10 (subtree_mass × max(avg_loss − 1.870, 0)):
    rc   rootID   mass      avg_loss     score 
    39   493671   419607    1.9232       22330.2
    1    50944    1479765   1.8796       14202.1
    6    309644   167551    1.9332       10589.2
    5    300532   44208     2.0677       8740.0
    47   915694   343840    1.8809       3743.1
    44   798168   118584    1.8996       3513.2
    42   614321   234101    1.8844       3381.1
    43   660187   735168    1.8745       3299.4
    40   574911   82726     1.9060       2980.0
    46   840714   415269    1.8760       2510.3
    top-10: 47.0% of mass, 93.8% of excess-loss
Epoch 8: loss=1.851530  (5.86 sec, 65 subtrees, 225 chunks, 9313896 nodes)
  residual top-10 (subtree_mass × max(avg_loss − 1.852, 0)):
    rc   rootID   mass      avg_loss     score 
    39   493671   419607    1.8911       16620.4
    6    309644   167551    1.9093       9682.9
    5    300532   44208     2.0298       7879.9
    47   915694   343840    1.8674       5447.4
    46   840714   415269    1.8626       4616.0
    43   660187   735168    1.8574       4330.0
    44   798168   118584    1.8845       3905.5
    42   614321   234101    1.8671       3640.3
    40   574911   82726     1.8830       2602.2
    52   1074317  367799    1.8580       2387.3
    top-10: 34.1% of mass, 89.5% of excess-loss
Epoch 9: loss=1.839020  (5.85 sec, 65 subtrees, 225 chunks, 9313896 nodes)
  residual top-10 (subtree_mass × max(avg_loss − 1.839, 0)):
    rc   rootID   mass      avg_loss     score 
    39   493671   419607    1.8655       11130.8
    47   915694   343840    1.8586       6729.5
    1    50944    1479765   1.8434       6530.3
    46   840714   415269    1.8529       5765.2
    58   1402652  543420    1.8477       4703.0
    43   660187   735168    1.8453       4649.2
    52   1074317  367799    1.8509       4380.0
    44   798168   118584    1.8742       4174.6
    53   1145421  504725    1.8470       4015.2
    42   614321   234101    1.8538       3468.2
    top-10: 60.0% of mass, 76.5% of excess-loss
Epoch 10: loss=1.834753  (5.88 sec, 65 subtrees, 225 chunks, 9313896 nodes)
  residual top-10 (subtree_mass × max(avg_loss − 1.835, 0)):
    rc   rootID   mass      avg_loss     score 
    58   1402652  543420    1.8486       7521.9
    39   493671   419607    1.8517       7102.1
    47   915694   343840    1.8554       7098.8
    1    50944    1479765   1.8391       6366.9
    46   840714   415269    1.8493       6024.9
    53   1145421  504725    1.8463       5825.2
    52   1074317  367799    1.8500       5597.7
    57   1329804  377747    1.8459       4217.8
    50   993056   244544    1.8518       4158.5
    44   798168   118584    1.8686       4018.2
    top-10: 56.0% of mass, 75.2% of excess-loss
Saved to rnd/depth-weight/shakespeare/seed3_mass-inv-log/run.model
Done.
  Appended optimizer state to rnd/depth-weight/shakespeare/seed3_mass-inv-log/run.model (adam_t=650)
