AGPT CUDA Training Engine
  Model: d=64 heads=4 layers=2 ff=256 vocab=65 seq=128 head_dim=16
  Loaded 108481 weight floats (423.8 KB)
Loading radix trie from /home/trans/agpt-tries/gutenberg_5m_d32_radix_corpus...
  Radix trie: 7539820 nodes, 113838759 total edge chars, 33 endpoint depths
  Radix loaded: 12528697 counts entries, 71685716 ancestor char entries
  optimizer: rmsprop (lr=0.003)
  entropy lambda: 1.000 (branching-endpoint icing enabled)
  lightning: l4-path (SGD-equivalent), 10000 samples/super-epoch, p_stop=0.30, seed=0x5c115e1
           (stochastic per-sample optimizer steps; accumulate forced off)
  curriculum: flat (d=max each epoch)
  max edge_len: 31, max ancestor chars: 31, max KV per node: 62, max endpoint depth: 32
  mass=1 compaction: 108515875 / 113838759 chars are mass=1 (95.3%); cache holds 5322884 positions
  loop points: 4462 (mass>1 leaves; 0.2% of 2556027 mass>1 nodes)
  KV cache: 2725.3 MB unified memory (bf16 compact)
  GPU memory: 5342.4 MB used, 2844.5 MB free, 8186.8 MB total
  65 root-child subtrees: sizes min=3 max=1240260 avg=115997.2 (total=7539819 radix nodes)
  lightning: built adjacency (7539819 child edges total; root has 65 children)
Epoch 1: loss=2.729721  (6.81 sec, 10000 subtrees, 10000 chunks, 320000 nodes)
  residual top-10 (subtree_mass × max(avg_loss − 2.730, 0)):
    rc   rootID   mass      avg_loss     score 
    6    149117   894235    5.3408       2334940.4
    3794 149117   841407    5.3650       2217321.7
    3170 149117   933466    5.0371       2153866.5
    1574 149117   886907    5.0487       2056720.3
    2703 149117   925656    4.6405       1768714.4
    6429 2772912  619125    5.5410       1740534.1
    3    5318063  324346    8.0426       1723196.2
    6500 149117   903878    4.5727       1665854.6
    7468 149117   847960    4.6751       1649640.4
    3403 149117   917388    4.5120       1634997.2
    top-10: 0.2% of mass, 4.3% of excess-loss
  lightning depth histogram (sample endpoint depth): d32:10000  mean_size=9  mass[min=799 mean=376255 max=1112949]
Saved to /home/trans/agpt-tries/g5m_l4_10k_const.model
Done.
