Vocab source: data/input.txt → 65 unique chars
Test file: data/input.txt (1115394 bytes)
Model loaded: /tmp/det_run_1.model (d_model=64, n_layers=2, vocab=65, seq_len=128)
Tokens: 1115394
  204/4096 (125.1/s, ETA 31s)
  408/4096 (138.6/s, ETA 27s)
  612/4096 (138.0/s, ETA 25s)
  816/4096 (138.1/s, ETA 24s)
  1020/4096 (138.8/s, ETA 22s)
  1224/4096 (139.1/s, ETA 21s)
  1428/4096 (137.1/s, ETA 19s)
  1632/4096 (139.1/s, ETA 18s)
  1836/4096 (141.2/s, ETA 16s)
  2040/4096 (142.0/s, ETA 14s)
  2244/4096 (141.6/s, ETA 13s)
  2448/4096 (141.3/s, ETA 12s)
  2652/4096 (142.5/s, ETA 10s)
  2856/4096 (142.5/s, ETA 9s)
  3060/4096 (143.2/s, ETA 7s)
  3264/4096 (142.6/s, ETA 6s)
  3468/4096 (142.4/s, ETA 4s)
  3672/4096 (142.3/s, ETA 3s)
  3876/4096 (143.0/s, ETA 2s)
  4080/4096 (142.1/s, ETA 0s)

Positions scored:  4096
Mean per-token NLL: 2.655249 nats
Perplexity:         14.2285
Bits per character: 3.8307 bpc
Elapsed:            28.8s (142.1 pos/sec)
