INFO: --anc-grad: per-subtree descendant→ancestor gradient flow enabled (Wk/Wv get full gradient instead of own-edge-only)
AGPT CUDA Training Engine
  Model: d=64 heads=4 layers=2 ff=256 vocab=65 seq=128 head_dim=16
  Loaded 108481 weight floats (423.8 KB)
  No optimizer state in checkpoint; starting cold
Loading radix trie from /tmp/gutenberg_5m_baseline_d16_radix...
  Radix trie: 7073694 nodes, 34623339 total edge chars, 17 endpoint depths
  Radix loaded: 11884367 counts entries, 63118178 ancestor char entries
  d_split: 4570307/7073694 nodes have a mass=1 ancestor (mean depth 10.48)
  lr-schedule: warmup-cosine (peak=0.003, warmup_epochs=1)
  optimizer: rmsprop (lr=0.003)
  curriculum: flat (d=max each epoch)
  max edge_len: 15, max ancestor chars: 15, max KV per node: 30, max endpoint depth: 16
  mass=1 compaction: 29783005 / 34623339 chars are mass=1 (86.0%); cache holds 4840334 positions
  loop points: 160826 (mass>1 leaves; 6.4% of 2503386 mass>1 nodes)
  KV cache: 2478.3 MB unified memory (bf16 compact)
  GPU memory: 3105.0 MB used, 5081.8 MB free, 8186.8 MB total
  65 root-child subtrees: sizes min=3 max=1116592 avg=108826.0 (total=7073693 radix nodes)
  anc-grad: max_n_subtree_compact_chars=785090, 2 layers x 3 buffers x 200.98 MB + 19.36 MB lookup = 1237.82 MB total
Epoch 1: loss=3.523329  (22.85 sec, 65 subtrees, 730 chunks, 34623339 nodes)
  residual top-10 (subtree_mass × max(avg_loss − 3.523, 0)):
    rc   rootID   mass      avg_loss     score 
    1    138709   8244278   4.4474       7618655.9
    43   2546378  4367096   4.5319       4404520.3
    40   2098840  473230    7.8965       2069511.2
    0    1        824077    5.1728       1359286.3
    41   2178351  766679    5.1945       1281222.8
    44   3229301  724285    4.9347       1022263.8
    42   2302712  1539203   3.9514       658962.4
    45   3347168  678815    3.6683       98400.6
    5    1263676  342947    3.8015       95392.3
    6    1317879  754528    3.5622       29303.3
    top-10: 41.1% of mass, 99.8% of excess-loss
Epoch 2: loss=2.554405  (22.78 sec, 65 subtrees, 730 chunks, 34623339 nodes)
  residual top-10 (subtree_mass × max(avg_loss − 2.554, 0)):
    rc   rootID   mass      avg_loss     score 
    58   6141841  3228512   2.7187       530534.9
    1    138709   8244278   2.6012       386186.2
    44   3229301  724285    2.9514       287542.3
    59   6621526  905338    2.7991       221526.9
    54   5381749  526964    2.8876       175559.2
    45   3347168  678815    2.6429       60092.7
    5    1263676  342947    2.6777       42275.7
    0    1        824077    2.5856       25707.5
    49   4172773  263541    2.6096       14537.5
    2    1255301  46307     2.7890       10864.4
    top-10: 34.6% of mass, 95.9% of excess-loss
Epoch 3: loss=2.383909  (22.48 sec, 65 subtrees, 730 chunks, 34623339 nodes)
  residual top-10 (subtree_mass × max(avg_loss − 2.384, 0)):
    rc   rootID   mass      avg_loss     score 
    59   6621526  905338    2.7755       354529.5
    1    138709   8244278   2.4090       206928.7
    58   6141841  3228512   2.4282       142869.7
    54   5381749  526964    2.6087       118435.4
    44   3229301  724285    2.4796       69286.9
    5    1263676  342947    2.5067       42094.5
    49   4172773  263541    2.4703       22775.5
    6    1317879  754528    2.4073       17666.5
    60   6774952  316779    2.4301       14640.5
    8    1439897  392288    2.4198       14083.1
    top-10: 34.4% of mass, 92.1% of excess-loss
Epoch 4: loss=2.305522  (22.50 sec, 65 subtrees, 730 chunks, 34623339 nodes)
  residual top-10 (subtree_mass × max(avg_loss − 2.306, 0)):
    rc   rootID   mass      avg_loss     score 
    54   5381749  526964    2.9277       327889.2
    58   6141841  3228512   2.3761       227805.3
    57   5794595  2162522   2.4005       205401.4
    59   6621526  905338    2.5100       185142.2
    56   5475765  1903021   2.3856       152363.4
    44   3229301  724285    2.3847       57334.9
    5    1263676  342947    2.4076       35009.4
    6    1317879  754528    2.3208       11554.4
    8    1439897  392288    2.3288       9125.5
    2    1255301  46307     2.5002       9016.7
    top-10: 24.1% of mass, 95.3% of excess-loss
Epoch 5: loss=2.215125  (22.81 sec, 65 subtrees, 730 chunks, 34623339 nodes)
  residual top-10 (subtree_mass × max(avg_loss − 2.215, 0)):
    rc   rootID   mass      avg_loss     score 
    1    138709   8244278   2.2464       257894.3
    59   6621526  905338    2.4857       244924.9
    54   5381749  526964    2.3333       62291.5
    5    1263676  342947    2.3187       35527.2
    58   6141841  3228512   2.2261       35349.1
    6    1317879  754528    2.2564       31144.3
    8    1439897  392288    2.2706       21759.6
    44   3229301  724285    2.2357       14873.1
    39   1660971  2741100   2.2188       10053.7
    0    1        824077    2.2268       9582.5
    top-10: 41.0% of mass, 88.5% of excess-loss
Epoch 6: loss=2.141659  (22.73 sec, 65 subtrees, 730 chunks, 34623339 nodes)
  residual top-10 (subtree_mass × max(avg_loss − 2.142, 0)):
    rc   rootID   mass      avg_loss     score 
    1    138709   8244278   2.1697       231120.1
    59   6621526  905338    2.2293       79317.1
    5    1263676  342947    2.2579       39879.3
    6    1317879  754528    2.1885       35364.6
    8    1439897  392288    2.2008       23215.2
    39   1660971  2741100   2.1497       22073.5
    49   4172773  263541    2.1844       11271.1
    17   1549239  26766     2.4937       9423.7
    32   1636047  78207     2.2621       9422.1
    13   1520469  67330     2.2706       8682.8
    top-10: 30.3% of mass, 85.1% of excess-loss
Epoch 7: loss=2.094373  (23.12 sec, 65 subtrees, 730 chunks, 34623339 nodes)
  residual top-10 (subtree_mass × max(avg_loss − 2.094, 0)):
    rc   rootID   mass      avg_loss     score 
    1    138709   8244278   2.1134       157215.1
    6    1317879  754528    2.1455       38570.0
    5    1263676  342947    2.2053       38045.9
    39   1660971  2741100   2.1049       28745.4
    8    1439897  392288    2.1550       23790.3
    32   1636047  78207     2.2238       10120.5
    17   1549239  26766     2.4413       9286.7
    13   1520469  67330     2.2257       8840.0
    44   3229301  724285    2.1059       8368.6
    2    1255301  46307     2.2587       7609.9
    top-10: 29.4% of mass, 83.0% of excess-loss
Epoch 8: loss=2.067536  (22.56 sec, 65 subtrees, 730 chunks, 34623339 nodes)
  residual top-10 (subtree_mass × max(avg_loss − 2.068, 0)):
    rc   rootID   mass      avg_loss     score 
    1    138709   8244278   2.0791       95044.9
    6    1317879  754528    2.1087       31067.6
    5    1263676  342947    2.1517       28875.4
    8    1439897  392288    2.1252       22621.3
    39   1660971  2741100   2.0740       17740.1
    32   1636047  78207     2.1964       10077.2
    17   1549239  26766     2.4113       9200.8
    13   1520469  67330     2.1994       8877.4
    47   3809957  2279927   2.0708       7381.5
    15   1539367  34390     2.2631       6725.7
    top-10: 32.8% of mass, 76.8% of excess-loss
Epoch 9: loss=2.055403  (22.66 sec, 65 subtrees, 730 chunks, 34623339 nodes)
  residual top-10 (subtree_mass × max(avg_loss − 2.055, 0)):
    rc   rootID   mass      avg_loss     score 
    1    138709   8244278   2.0620       54233.1
    6    1317879  754528    2.0910       26838.3
    5    1263676  342947    2.1234       23325.8
    8    1439897  392288    2.1081       20678.9
    32   1636047  78207     2.1861       10221.9
    17   1549239  26766     2.3983       9179.2
    47   3809957  2279927   2.0593       8924.3
    13   1520469  67330     2.1854       8754.3
    15   1539367  34390     2.2505       6711.0
    28   1618406  47896     2.1837       6146.2
    top-10: 26.9% of mass, 71.8% of excess-loss
Epoch 10: loss=2.051948  (22.70 sec, 65 subtrees, 730 chunks, 34623339 nodes)
  residual top-10 (subtree_mass × max(avg_loss − 2.052, 0)):
    rc   rootID   mass      avg_loss     score 
    1    138709   8244278   2.0559       32191.2
    6    1317879  754528    2.0849       24891.9
    5    1263676  342947    2.1148       21562.9
    8    1439897  392288    2.1026       19880.6
    32   1636047  78207     2.1845       10363.9
    47   3809957  2279927   2.0565       10277.9
    17   1549239  26766     2.3909       9072.8
    13   1520469  67330     2.1800       8619.9
    15   1539367  34390     2.2461       6677.4
    28   1618406  47896     2.1823       6242.3
    top-10: 26.9% of mass, 69.3% of excess-loss
Saved to rnd/per-fire-norm/exp1-ln-emb-rescaled/gutenberg/seed3_on/run.model
Done.
  Appended optimizer state to rnd/per-fire-norm/exp1-ln-emb-rescaled/gutenberg/seed3_on/run.model (adam_t=650)
