AGPT CUDA Training Engine
  Model: d=64 heads=4 layers=2 ff=256 vocab=65 seq=128 head_dim=16
  Loaded 108481 weight floats (423.8 KB)
  No optimizer state in checkpoint; starting cold
Loading radix trie from /tmp/gutenberg_5m_baseline_d16_radix...
  Radix trie: 7073694 nodes, 34623339 total edge chars, 17 endpoint depths
  Radix loaded: 11884367 counts entries, 63118178 ancestor char entries
  d_split: 4570307/7073694 nodes have a mass=1 ancestor (mean depth 10.48)
  lr-schedule: warmup-cosine (peak=0.003, warmup_epochs=1)
  optimizer: rmsprop (lr=0.003)
  curriculum: flat (d=max each epoch)
  max edge_len: 15, max ancestor chars: 15, max KV per node: 30, max endpoint depth: 16
  mass=1 compaction: 29783005 / 34623339 chars are mass=1 (86.0%); cache holds 4840334 positions
  loop points: 160826 (mass>1 leaves; 6.4% of 2503386 mass>1 nodes)
  KV cache: 2478.3 MB unified memory (bf16 compact)
  GPU memory: 3105.0 MB used, 5081.8 MB free, 8186.8 MB total
  65 root-child subtrees: sizes min=3 max=1116592 avg=108826.0 (total=7073693 radix nodes)
Epoch 1: loss=0.055577  (21.76 sec, 65 subtrees, 730 chunks, 34623339 nodes)
  residual top-10 (subtree_mass × max(avg_loss − 0.056, 0)):
    rc   rootID   mass      avg_loss     score 
    1    138709   8244278   0.0862       252337.4
    0    1        824077    0.0980       34982.3
    6    1317879  754528    0.0649       7001.4
    5    1263676  342947    0.0693       4693.4
    8    1439897  392288    0.0624       2681.8
    2    1255301  46307     0.0760       944.3 
    39   1660971  2741100   0.0557       424.4 
    21   1567603  178953    0.0577       378.1 
    25   1602731  57242     0.0609       303.4 
    7    1422321  79638     0.0590       275.1 
    top-10: 30.0% of mass, 99.4% of excess-loss
Epoch 2: loss=0.046132  (21.56 sec, 65 subtrees, 730 chunks, 34623339 nodes)
  residual top-10 (subtree_mass × max(avg_loss − 0.046, 0)):
    rc   rootID   mass      avg_loss     score 
    1    138709   8244278   0.0486       20634.1
    6    1317879  754528    0.0673       15982.2
    5    1263676  342947    0.0767       10491.0
    8    1439897  392288    0.0559       3834.6
    39   1660971  2741100   0.0470       2284.0
    7    1422321  79638     0.0603       1127.7
    0    1        824077    0.0474       1065.5
    21   1567603  178953    0.0485       425.1 
    13   1520469  67330     0.0518       379.9 
    25   1602731  57242     0.0524       361.3 
    top-10: 30.0% of mass, 95.9% of excess-loss
Epoch 3: loss=0.043447  (21.59 sec, 65 subtrees, 730 chunks, 34623339 nodes)
  residual top-10 (subtree_mass × max(avg_loss − 0.043, 0)):
    rc   rootID   mass      avg_loss     score 
    1    138709   8244278   0.0451       13545.8
    6    1317879  754528    0.0522       6596.9
    5    1263676  342947    0.0606       5880.2
    39   1660971  2741100   0.0448       3803.1
    8    1439897  392288    0.0489       2139.0
    46   3463254  2317775   0.0437       673.0 
    25   1602731  57242     0.0495       346.0 
    21   1567603  178953    0.0452       320.7 
    0    1        824077    0.0438       266.9 
    13   1520469  67330     0.0471       245.1 
    top-10: 34.9% of mass, 94.3% of excess-loss
Epoch 4: loss=0.042132  (21.60 sec, 65 subtrees, 730 chunks, 34623339 nodes)
  residual top-10 (subtree_mass × max(avg_loss − 0.042, 0)):
    rc   rootID   mass      avg_loss     score 
    1    138709   8244278   0.0437       13067.6
    6    1317879  754528    0.0478       4264.6
    5    1263676  342947    0.0542       4142.0
    39   1660971  2741100   0.0434       3515.8
    8    1439897  392288    0.0460       1515.7
    46   3463254  2317775   0.0424       707.8 
    25   1602731  57242     0.0476       312.3 
    0    1        824077    0.0425       307.0 
    21   1567603  178953    0.0433       205.2 
    13   1520469  67330     0.0449       184.1 
    top-10: 34.9% of mass, 94.7% of excess-loss
Epoch 5: loss=0.041117  (21.59 sec, 65 subtrees, 730 chunks, 34623339 nodes)
  residual top-10 (subtree_mass × max(avg_loss − 0.041, 0)):
    rc   rootID   mass      avg_loss     score 
    1    138709   8244278   0.0427       13011.5
    5    1263676  342947    0.0533       4186.2
    6    1317879  754528    0.0464       4021.3
    39   1660971  2741100   0.0421       2665.2
    8    1439897  392288    0.0448       1445.0
    46   3463254  2317775   0.0413       384.4 
    25   1602731  57242     0.0466       316.5 
    21   1567603  178953    0.0421       177.6 
    0    1        824077    0.0413       172.1 
    15   1539367  34390     0.0457       156.9 
    top-10: 34.9% of mass, 95.4% of excess-loss
Epoch 6: loss=0.040233  (21.61 sec, 65 subtrees, 730 chunks, 34623339 nodes)
  residual top-10 (subtree_mass × max(avg_loss − 0.040, 0)):
    rc   rootID   mass      avg_loss     score 
    1    138709   8244278   0.0419       13547.0
    6    1317879  754528    0.0438       2678.1
    5    1263676  342947    0.0474       2467.2
    39   1660971  2741100   0.0407       1292.8
    8    1439897  392288    0.0432       1147.1
    46   3463254  2317775   0.0405       574.7 
    0    1        824077    0.0406       327.1 
    25   1602731  57242     0.0456       308.4 
    28   1618406  47896     0.0434       149.3 
    15   1539367  34390     0.0445       147.4 
    top-10: 34.6% of mass, 95.5% of excess-loss
Epoch 7: loss=0.039687  (21.61 sec, 65 subtrees, 730 chunks, 34623339 nodes)
  residual top-10 (subtree_mass × max(avg_loss − 0.040, 0)):
    rc   rootID   mass      avg_loss     score 
    1    138709   8244278   0.0411       11953.0
    6    1317879  754528    0.0430       2517.9
    5    1263676  342947    0.0454       1946.5
    8    1439897  392288    0.0421       952.6 
    46   3463254  2317775   0.0400       729.5 
    39   1660971  2741100   0.0399       705.1 
    25   1602731  57242     0.0449       299.7 
    58   6141841  3228512   0.0397       157.9 
    28   1618406  47896     0.0427       144.8 
    15   1539367  34390     0.0438       141.5 
    top-10: 39.8% of mass, 95.2% of excess-loss
Epoch 8: loss=0.039431  (21.64 sec, 65 subtrees, 730 chunks, 34623339 nodes)
  residual top-10 (subtree_mass × max(avg_loss − 0.039, 0)):
    rc   rootID   mass      avg_loss     score 
    1    138709   8244278   0.0408       11109.8
    6    1317879  754528    0.0422       2102.5
    5    1263676  342947    0.0433       1340.8
    46   3463254  2317775   0.0398       873.1 
    8    1439897  392288    0.0415       808.5 
    58   6141841  3228512   0.0396       511.9 
    25   1602731  57242     0.0446       296.3 
    39   1660971  2741100   0.0395       247.8 
    28   1618406  47896     0.0424       143.0 
    15   1539367  34390     0.0433       134.7 
    top-10: 39.8% of mass, 95.1% of excess-loss
Epoch 9: loss=0.039246  (21.62 sec, 65 subtrees, 730 chunks, 34623339 nodes)
  residual top-10 (subtree_mass × max(avg_loss − 0.039, 0)):
    rc   rootID   mass      avg_loss     score 
    1    138709   8244278   0.0406       11487.5
    6    1317879  754528    0.0411       1426.5
    46   3463254  2317775   0.0397       977.6 
    58   6141841  3228512   0.0395       862.3 
    8    1439897  392288    0.0409       636.6 
    5    1263676  342947    0.0410       589.8 
    25   1602731  57242     0.0443       289.0 
    28   1618406  47896     0.0421       137.6 
    32   1636047  78207     0.0409       132.3 
    15   1539367  34390     0.0429       127.1 
    top-10: 34.0% of mass, 96.1% of excess-loss
Epoch 10: loss=0.039185  (21.62 sec, 65 subtrees, 730 chunks, 34623339 nodes)
  residual top-10 (subtree_mass × max(avg_loss − 0.039, 0)):
    rc   rootID   mass      avg_loss     score 
    1    138709   8244278   0.0406       11522.6
    6    1317879  754528    0.0407       1152.7
    58   6141841  3228512   0.0395       1131.9
    46   3463254  2317775   0.0396       1002.2
    8    1439897  392288    0.0406       560.8 
    5    1263676  342947    0.0404       406.7 
    25   1602731  57242     0.0442       287.6 
    28   1618406  47896     0.0421       138.7 
    32   1636047  78207     0.0409       131.2 
    15   1539367  34390     0.0427       119.6 
    top-10: 34.0% of mass, 96.2% of excess-loss
Saved to rnd/depth-weight/matrix-gutenberg/branching-linear_events_s3/run.model
Done.
  Appended optimizer state to rnd/depth-weight/matrix-gutenberg/branching-linear_events_s3/run.model (adam_t=650)
