INFO: --anc-grad: per-subtree descendant→ancestor gradient flow enabled (Wk/Wv get full gradient instead of own-edge-only)
AGPT CUDA Training Engine
  Model: d=64 heads=4 layers=2 ff=256 vocab=65 seq=128 head_dim=16
  Loaded 108481 weight floats (423.8 KB)
  No optimizer state in checkpoint; starting cold
Loading radix trie from /tmp/gutenberg_5m_baseline_d16_radix...
  Radix trie: 7073694 nodes, 34623339 total edge chars, 17 endpoint depths
  Radix loaded: 11884367 counts entries, 63118178 ancestor char entries
  d_split: 4570307/7073694 nodes have a mass=1 ancestor (mean depth 10.48)
  lr-schedule: warmup-cosine (peak=0.003, warmup_epochs=1)
  optimizer: rmsprop (lr=0.003)
  curriculum: flat (d=max each epoch)
  max edge_len: 15, max ancestor chars: 15, max KV per node: 30, max endpoint depth: 16
  mass=1 compaction: 29783005 / 34623339 chars are mass=1 (86.0%); cache holds 4840334 positions
  loop points: 160826 (mass>1 leaves; 6.4% of 2503386 mass>1 nodes)
  KV cache: 2478.3 MB unified memory (bf16 compact)
  GPU memory: 3105.0 MB used, 5081.8 MB free, 8186.8 MB total
  65 root-child subtrees: sizes min=3 max=1116592 avg=108826.0 (total=7073693 radix nodes)
  anc-grad: max_n_subtree_compact_chars=785090, 2 layers x 3 buffers x 200.98 MB + 19.36 MB lookup = 1237.82 MB total
Epoch 1: loss=2.936742  (22.50 sec, 65 subtrees, 730 chunks, 34623339 nodes)
  residual top-10 (subtree_mass × max(avg_loss − 2.937, 0)):
    rc   rootID   mass      avg_loss     score 
    1    138709   8244278   4.2226       10600832.1
    0    1        824077    4.9894       1691531.2
    6    1317879  754528    3.4317       373466.7
    5    1263676  342947    3.8966       329173.7
    8    1439897  392288    3.1965       101915.7
    2    1255301  46307     3.8725       43331.3
    7    1422321  79638     3.3389       32030.4
    39   1660971  2741100   2.9473       29001.5
    13   1520469  67330     3.1392       13632.3
    11   1500886  77582     3.0863       11602.9
    top-10: 29.8% of mass, 99.6% of excess-loss
Epoch 2: loss=2.437074  (22.25 sec, 65 subtrees, 730 chunks, 34623339 nodes)
  residual top-10 (subtree_mass × max(avg_loss − 2.437, 0)):
    rc   rootID   mass      avg_loss     score 
    1    138709   8244278   2.5578       995590.9
    5    1263676  342947    3.7950       465679.6
    6    1317879  754528    3.0138       435172.3
    39   1660971  2741100   2.5609       339480.1
    8    1439897  392288    2.7933       139736.7
    0    1        824077    2.5212       69288.5
    7    1422321  79638     2.8365       31805.9
    11   1500886  77582     2.6813       18946.3
    13   1520469  67330     2.7151       18718.7
    12   1513476  42580     2.7593       13718.9
    top-10: 29.8% of mass, 96.3% of excess-loss
Epoch 3: loss=2.305483  (22.21 sec, 65 subtrees, 730 chunks, 34623339 nodes)
  residual top-10 (subtree_mass × max(avg_loss − 2.305, 0)):
    rc   rootID   mass      avg_loss     score 
    6    1317879  754528    2.8662       423110.4
    5    1263676  342947    3.3569       360580.7
    39   1660971  2741100   2.3974       251902.1
    1    138709   8244278   2.3217       133798.1
    8    1439897  392288    2.5822       108549.3
    7    1422321  79638     2.6201       25054.0
    13   1520469  67330     2.4959       12820.0
    11   1500886  77582     2.4700       12765.9
    21   1567603  178953    2.3689       11353.9
    12   1513476  42580     2.5244       9322.4
    top-10: 28.3% of mass, 94.5% of excess-loss
Epoch 4: loss=2.202031  (22.22 sec, 65 subtrees, 730 chunks, 34623339 nodes)
  residual top-10 (subtree_mass × max(avg_loss − 2.202, 0)):
    rc   rootID   mass      avg_loss     score 
    39   1660971  2741100   2.3453       392577.7
    1    138709   8244278   2.2437       343763.6
    6    1317879  754528    2.5365       252339.1
    5    1263676  342947    2.8178       211166.3
    8    1439897  392288    2.3526       59072.9
    40   2098840  473230    2.2732       33672.8
    7    1422321  79638     2.4572       20321.1
    0    1        824077    2.2185       13584.0
    13   1520469  67330     2.3175       7775.4
    2    1255301  46307     2.3297       5911.1
    top-10: 30.6% of mass, 96.3% of excess-loss
Epoch 5: loss=2.114513  (22.21 sec, 65 subtrees, 730 chunks, 34623339 nodes)
  residual top-10 (subtree_mass × max(avg_loss − 2.115, 0)):
    rc   rootID   mass      avg_loss     score 
    39   1660971  2741100   2.2288       313183.3
    1    138709   8244278   2.1390       201839.4
    6    1317879  754528    2.3247       158575.6
    5    1263676  342947    2.5736       157454.8
    8    1439897  392288    2.2287       44801.4
    40   2098840  473230    2.1420       13025.4
    7    1422321  79638     2.2642       11920.4
    0    1        824077    2.1230       7021.9
    13   1520469  67330     2.2132       6645.6
    2    1255301  46307     2.2288       5292.1
    top-10: 30.6% of mass, 95.6% of excess-loss
Epoch 6: loss=2.054909  (22.23 sec, 65 subtrees, 730 chunks, 34623339 nodes)
  residual top-10 (subtree_mass × max(avg_loss − 2.055, 0)):
    rc   rootID   mass      avg_loss     score 
    1    138709   8244278   2.0830       231289.0
    6    1317879  754528    2.2911       178235.8
    5    1263676  342947    2.5739       177989.4
    39   1660971  2741100   2.1164       168593.9
    8    1439897  392288    2.1725       46124.9
    7    1422321  79638     2.2207       13203.5
    0    1        824077    2.0633       6881.7
    13   1520469  67330     2.1522       6548.3
    2    1255301  46307     2.1653       5112.6
    32   1636047  78207     2.1092       4243.5
    top-10: 29.8% of mass, 95.7% of excess-loss
Epoch 7: loss=2.016894  (22.23 sec, 65 subtrees, 730 chunks, 34623339 nodes)
  residual top-10 (subtree_mass × max(avg_loss − 2.017, 0)):
    rc   rootID   mass      avg_loss     score 
    6    1317879  754528    2.2495       175483.0
    5    1263676  342947    2.4254       140106.9
    39   1660971  2741100   2.0553       105238.9
    1    138709   8244278   2.0232       51681.0
    8    1439897  392288    2.1131       37759.1
    7    1422321  79638     2.1673       11981.7
    13   1520469  67330     2.0973       5415.0
    44   3229301  724285    2.0236       4843.7
    2    1255301  46307     2.1163       4604.9
    32   1636047  78207     2.0697       4130.5
    top-10: 29.6% of mass, 94.9% of excess-loss
Epoch 8: loss=1.993878  (22.20 sec, 65 subtrees, 730 chunks, 34623339 nodes)
  residual top-10 (subtree_mass × max(avg_loss − 1.994, 0)):
    rc   rootID   mass      avg_loss     score 
    6    1317879  754528    2.1008       80642.1
    5    1263676  342947    2.1925       68130.1
    39   1660971  2741100   2.0179       65721.2
    47   3809957  2279927   2.0042       23423.3
    8    1439897  392288    2.0473       20937.3
    1    138709   8244278   1.9957       14834.0
    44   3229301  724285    2.0091       11027.8
    7    1422321  79638     2.0915       7772.7
    2    1255301  46307     2.0884       4379.1
    13   1520469  67330     2.0544       4072.4
    top-10: 34.4% of mass, 92.6% of excess-loss
Epoch 9: loss=1.980146  (22.23 sec, 65 subtrees, 730 chunks, 34623339 nodes)
  residual top-10 (subtree_mass × max(avg_loss − 1.980, 0)):
    rc   rootID   mass      avg_loss     score 
    6    1317879  754528    2.0328       39743.2
    39   1660971  2741100   1.9914       30781.9
    47   3809957  2279927   1.9926       28282.0
    1    138709   8244278   1.9834       26868.0
    5    1263676  342947    2.0401       20552.7
    44   3229301  724285    1.9961       11534.7
    8    1439897  392288    2.0084       11101.7
    7    1422321  79638     2.0463       5271.3
    2    1255301  46307     2.0716       4233.5
    32   1636047  78207     2.0306       3948.6
    top-10: 34.4% of mass, 88.6% of excess-loss
Epoch 10: loss=1.976591  (22.24 sec, 65 subtrees, 730 chunks, 34623339 nodes)
  residual top-10 (subtree_mass × max(avg_loss − 1.977, 0)):
    rc   rootID   mass      avg_loss     score 
    47   3809957  2279927   1.9905       31731.4
    1    138709   8244278   1.9796       25126.8
    6    1317879  754528    2.0053       21649.1
    58   6141841  3228512   1.9810       14132.0
    39   1660971  2741100   1.9816       13831.1
    44   3229301  724285    1.9923       11359.5
    52   4575546  2450327   1.9811       11026.8
    5    1263676  342947    2.0040       9396.0
    8    1439897  392288    1.9930       6445.2
    7    1422321  79638     2.0296       4218.6
    top-10: 46.6% of mass, 83.1% of excess-loss
Saved to rnd/per-fire-norm/gutenberg/seed2_on/run.model
Done.
  Appended optimizer state to rnd/per-fire-norm/gutenberg/seed2_on/run.model (adam_t=650)
