AGPT CUDA Training Engine
  Model: d=64 heads=4 layers=2 ff=256 vocab=65 seq=128 head_dim=16
  Loaded 108481 weight floats (423.8 KB)
  No optimizer state in checkpoint; starting cold
Loading radix trie from /tmp/shake_baseline_d16_radix...
  Radix trie: 1607928 nodes, 9313896 total edge chars, 17 endpoint depths
  Radix loaded: 2697118 counts entries, 12276596 ancestor char entries
  d_split: 1062377/1607928 nodes have a mass=1 ancestor (mean depth 9.21)
  lr-schedule: warmup-cosine (peak=0.003, warmup_epochs=1)
  optimizer: rmsprop (lr=0.003)
  mass weighting: ? (head-of-edge count restores corpus-frequency exposure)
  curriculum: flat (d=max each epoch)
  max edge_len: 16, max ancestor chars: 15, max KV per node: 31, max endpoint depth: 16
  mass=1 compaction: 8275783 / 9313896 chars are mass=1 (88.9%); cache holds 1038113 positions
  loop points: 18684 (mass>1 leaves; 3.4% of 545550 mass>1 nodes)
  KV cache: 531.5 MB unified memory (bf16 compact)
  GPU memory: 2851.3 MB used, 5335.5 MB free, 8186.8 MB total
  65 root-child subtrees: sizes min=1 max=246583 avg=24737.3 (total=1607927 radix nodes)
Epoch 1: loss=1.622333  (5.95 sec, 65 subtrees, 225 chunks, 9313896 nodes)
  residual top-10 (subtree_mass × max(avg_loss − 1.622, 0)):
    rc   rootID   mass      avg_loss     score 
    1    50944    1479765   2.0075       570020.0
    43   660187   735168    1.9350       229847.6
    0    1        297533    2.3209       207860.8
    40   574911   82726     2.6667       86394.1
    41   591555   114034    2.1321       58128.1
    44   798168   118584    1.9969       44416.6
    42   614321   234101    1.7763       36052.9
    5    300532   44208     1.8154       8535.3
    49   982783   50950     1.7390       5944.9
    45   821318   94570     1.6561       3194.7
    top-10: 37.8% of mass, 99.5% of excess-loss
Epoch 2: loss=1.193470  (5.52 sec, 65 subtrees, 225 chunks, 9313896 nodes)
  residual top-10 (subtree_mass × max(avg_loss − 1.193, 0)):
    rc   rootID   mass      avg_loss     score 
    58   1402652  543420    1.2690       41053.8
    44   798168   118584    1.5229       39066.4
    59   1500853  192300    1.3901       37809.9
    1    50944    1479765   1.2110       25927.9
    6    309644   167551    1.2803       14550.6
    5    300532   44208     1.3888       8634.2
    2    297527   13758     1.4998       4215.1
    54   1241689  76537     1.2359       3251.1
    45   821318   94570     1.2206       2569.0
    60   1539801  58095     1.2256       1867.0
    top-10: 32.4% of mass, 99.2% of excess-loss
Epoch 3: loss=1.119892  (5.53 sec, 65 subtrees, 225 chunks, 9313896 nodes)
  residual top-10 (subtree_mass × max(avg_loss − 1.120, 0)):
    rc   rootID   mass      avg_loss     score 
    59   1500853  192300    1.3227       39005.4
    58   1402652  543420    1.1509       16833.4
    1    50944    1479765   1.1265       9763.8
    6    309644   167551    1.1646       7498.2
    5    300532   44208     1.2476       5645.5
    60   1539801  58095     1.2073       5077.7
    61   1551260  134045    1.1418       2942.8
    2    297527   13758     1.3225       2787.6
    39   493671   419607    1.1262       2646.9
    54   1241689  76537     1.1506       2351.4
    top-10: 36.4% of mass, 98.6% of excess-loss
Epoch 4: loss=1.083455  (5.53 sec, 65 subtrees, 225 chunks, 9313896 nodes)
  residual top-10 (subtree_mass × max(avg_loss − 1.083, 0)):
    rc   rootID   mass      avg_loss     score 
    59   1500853  192300    1.2183       25935.0
    58   1402652  543420    1.1051       11775.6
    1    50944    1479765   1.0907       10764.9
    6    309644   167551    1.1317       8086.9
    5    300532   44208     1.2030       5283.1
    39   493671   419607    1.0920       3567.3
    2    297527   13758     1.2658       2508.7
    44   798168   118584    1.0963       1526.5
    60   1539801  58095     1.1048       1240.9
    7    338414   10559     1.1398       594.9 
    top-10: 35.4% of mass, 98.5% of excess-loss
Epoch 5: loss=1.052566  (5.54 sec, 65 subtrees, 225 chunks, 9313896 nodes)
  residual top-10 (subtree_mass × max(avg_loss − 1.053, 0)):
    rc   rootID   mass      avg_loss     score 
    59   1500853  192300    1.0936       7897.9
    6    309644   167551    1.0969       7420.7
    1    50944    1479765   1.0567       6122.2
    5    300532   44208     1.1598       4739.7
    39   493671   419607    1.0638       4721.5
    2    297527   13758     1.2255       2379.1
    44   798168   118584    1.0687       1918.5
    61   1551260  134045    1.0640       1533.9
    60   1539801  58095     1.0783       1492.4
    7    338414   10559     1.1091       596.9 
    top-10: 30.7% of mass, 94.2% of excess-loss
Epoch 6: loss=1.031775  (5.55 sec, 65 subtrees, 225 chunks, 9313896 nodes)
  residual top-10 (subtree_mass × max(avg_loss − 1.032, 0)):
    rc   rootID   mass      avg_loss     score 
    6    309644   167551    1.0704       6473.4
    39   493671   419607    1.0454       5697.7
    1    50944    1479765   1.0348       4523.3
    5    300532   44208     1.1155       3700.0
    59   1500853  192300    1.0470       2933.6
    2    297527   13758     1.1574       1728.1
    44   798168   118584    1.0457       1657.1
    47   915694   343840    1.0359       1427.2
    45   821318   94570     1.0468       1423.4
    42   614321   234101    1.0367       1146.0
    top-10: 36.2% of mass, 95.7% of excess-loss
Epoch 7: loss=1.014617  (5.55 sec, 65 subtrees, 225 chunks, 9313896 nodes)
  residual top-10 (subtree_mass × max(avg_loss − 1.015, 0)):
    rc   rootID   mass      avg_loss     score 
    39   493671   419607    1.0268       5110.4
    6    309644   167551    1.0414       4488.0
    5    300532   44208     1.0761       2717.3
    47   915694   343840    1.0207       2079.2
    44   798168   118584    1.0280       1584.8
    42   614321   234101    1.0205       1376.0
    2    297527   13758     1.1074       1276.9
    59   1500853  192300    1.0199       1015.6
    52   1074317  367799    1.0170       867.3 
    40   574911   82726     1.0228       674.6 
    top-10: 23.1% of mass, 87.9% of excess-loss
Epoch 8: loss=1.003917  (5.55 sec, 65 subtrees, 225 chunks, 9313896 nodes)
  residual top-10 (subtree_mass × max(avg_loss − 1.004, 0)):
    rc   rootID   mass      avg_loss     score 
    39   493671   419607    1.0146       4467.5
    47   915694   343840    1.0116       2630.7
    52   1074317  367799    1.0090       1870.5
    44   798168   118584    1.0175       1616.4
    42   614321   234101    1.0104       1507.8
    6    309644   167551    1.0120       1356.5
    46   840714   415269    1.0072       1355.7
    5    300532   44208     1.0338       1320.3
    43   660187   735168    1.0055       1187.8
    50   993056   244544    1.0082       1059.4
    top-10: 35.9% of mass, 80.8% of excess-loss
Epoch 9: loss=0.999109  (5.56 sec, 65 subtrees, 225 chunks, 9313896 nodes)
  residual top-10 (subtree_mass × max(avg_loss − 0.999, 0)):
    rc   rootID   mass      avg_loss     score 
    39   493671   419607    1.0083       3854.4
    47   915694   343840    1.0074       2841.8
    52   1074317  367799    1.0055       2356.8
    46   840714   415269    1.0032       1699.3
    44   798168   118584    1.0132       1665.6
    42   614321   234101    1.0054       1475.6
    50   993056   244544    1.0045       1320.4
    43   660187   735168    1.0009       1308.3
    53   1145421  504725    1.0016       1266.4
    59   1500853  192300    1.0045       1040.7
    top-10: 41.6% of mass, 74.0% of excess-loss
Epoch 10: loss=0.997610  (5.56 sec, 65 subtrees, 225 chunks, 9313896 nodes)
  residual top-10 (subtree_mass × max(avg_loss − 0.998, 0)):
    rc   rootID   mass      avg_loss     score 
    39   493671   419607    1.0057       3380.8
    47   915694   343840    1.0064       3009.8
    52   1074317  367799    1.0046       2573.0
    46   840714   415269    1.0020       1803.1
    44   798168   118584    1.0115       1642.6
    53   1145421  504725    1.0008       1611.0
    58   1402652  543420    1.0005       1579.4
    50   993056   244544    1.0034       1423.0
    42   614321   234101    1.0037       1418.3
    59   1500853  192300    1.0043       1287.9
    top-10: 39.4% of mass, 72.2% of excess-loss
Saved to rnd/depth-weight/matrix/mass-inv-linear_none_s2/run.model
Done.
  Appended optimizer state to rnd/depth-weight/matrix/mass-inv-linear_none_s2/run.model (adam_t=650)
